
=== NEW RUN ===
episodes=8000, shaping=True, goal_reward=10000.0, gamma=0.99
gamma_shaping=1.0, shaping_formula=gamma_shaping*Phi(next)-Phi(state)
ground_unbiased_learner=False
eval_interval=500, eval_episodes=1000, eval_seed=100000
inter_level_shaping=False, inter_level_formula=gamma*Phi(next)-Phi(state)
task_type=ltlf, task=F(wp1 & X(F(wp2 & X(F(g1)))))
regions={wp1: {'center': [-0.75, 1.0625], 'radius': 0.1}, wp2: {'center': [0, 0.8125], 'radius': 0.1}, g1: {'center': [0.75, 1.0625], 'radius': 0.1}}
dfa_states=[1, 2, 3, 4], pre_trace=1, accepting=[4], failure=[]

[Episode 1/8000 | last 1]
success rate                : 0.0% (cumulative 0.0%)
failure rate                : 0.0% (cumulative 0.0%)
completed cycles / episode  : 0.000
synthetic task reward       : 0.000
shaping reward              : -189.247
learning reward             : -189.247
episode length              : 119.0
abstract changes / episode  : 5.0
same abstract-state steps   : 95.8%
same-state shaping / episode: 0.000
changed-state shaping / ep. : -189.247
terminal shaping / episode  : 0.000
DFA transitions / episode   : 0.00
DFA transitions in window   : none
epsilon (next episode)       : 0.99960
replay buffer                : 119 samples [1: 100.0%, 2: 0.0%, 3: 0.0%, 4: 0.0%]
DFA state visits in window   : 1: 120, 2: 0, 3: 0, 4: 0
DFA state visits cumulative  : 1: 120, 2: 0, 3: 0, 4: 0
DFA state entries in window  : 1: 1, 2: 0, 3: 0, 4: 0
DFA state entries cumulative : 1: 1, 2: 0, 3: 0, 4: 0
transitions cumulative       : none
accepted directly from s0    : 0
Gym endings cumulative       : terminated=1, truncated=0

[Episode 100/8000 | last 100]
success rate                : 0.0% (cumulative 0.0%)
failure rate                : 0.0% (cumulative 0.0%)
completed cycles / episode  : 0.000
synthetic task reward       : 0.000
shaping reward              : -214.395
learning reward             : -214.395
episode length              : 91.0
abstract changes / episode  : 5.7
same abstract-state steps   : 93.7%
same-state shaping / episode: 0.000
changed-state shaping / ep. : -214.395
terminal shaping / episode  : 0.000
DFA transitions / episode   : 0.06
DFA transitions in window   : 1->2: 6
epsilon (next episode)       : 0.96078
replay buffer                : 9095 samples [1: 98.4%, 2: 1.6%, 3: 0.0%, 4: 0.0%]
DFA state visits in window   : 1: 9040, 2: 155, 3: 0, 4: 0
DFA state visits cumulative  : 1: 9040, 2: 155, 3: 0, 4: 0
DFA state entries in window  : 1: 100, 2: 6, 3: 0, 4: 0
DFA state entries cumulative : 1: 100, 2: 6, 3: 0, 4: 0
transitions cumulative       : 1->2: 6
accepted directly from s0    : 0
Gym endings cumulative       : terminated=100, truncated=0

[Episode 200/8000 | last 100]
success rate                : 0.0% (cumulative 0.0%)
failure rate                : 0.0% (cumulative 0.0%)
completed cycles / episode  : 0.000
synthetic task reward       : 0.000
shaping reward              : -223.934
learning reward             : -223.934
episode length              : 96.2
abstract changes / episode  : 5.9
same abstract-state steps   : 93.8%
same-state shaping / episode: 0.000
changed-state shaping / ep. : -223.934
terminal shaping / episode  : -1.892
DFA transitions / episode   : 0.01
DFA transitions in window   : 1->2: 1
epsilon (next episode)       : 0.92310
replay buffer                : 18712 samples [1: 99.1%, 2: 0.9%, 3: 0.0%, 4: 0.0%]
DFA state visits in window   : 1: 9695, 2: 22, 3: 0, 4: 0
DFA state visits cumulative  : 1: 18735, 2: 177, 3: 0, 4: 0
DFA state entries in window  : 1: 100, 2: 1, 3: 0, 4: 0
DFA state entries cumulative : 1: 200, 2: 7, 3: 0, 4: 0
transitions cumulative       : 1->2: 7
accepted directly from s0    : 0
Gym endings cumulative       : terminated=200, truncated=0

[Episode 300/8000 | last 100]
success rate                : 0.0% (cumulative 0.0%)
failure rate                : 0.0% (cumulative 0.0%)
completed cycles / episode  : 0.000
synthetic task reward       : 0.000
shaping reward              : -230.629
learning reward             : -230.629
episode length              : 98.7
abstract changes / episode  : 5.8
same abstract-state steps   : 94.1%
same-state shaping / episode: 0.000
changed-state shaping / ep. : -230.629
terminal shaping / episode  : -0.941
DFA transitions / episode   : 0.02
DFA transitions in window   : 1->2: 2
epsilon (next episode)       : 0.88690
replay buffer                : 28586 samples [1: 99.2%, 2: 0.8%, 3: 0.0%, 4: 0.0%]
DFA state visits in window   : 1: 9922, 2: 52, 3: 0, 4: 0
DFA state visits cumulative  : 1: 28657, 2: 229, 3: 0, 4: 0
DFA state entries in window  : 1: 100, 2: 2, 3: 0, 4: 0
DFA state entries cumulative : 1: 300, 2: 9, 3: 0, 4: 0
transitions cumulative       : 1->2: 9
accepted directly from s0    : 0
Gym endings cumulative       : terminated=300, truncated=0

[Episode 400/8000 | last 100]
success rate                : 0.0% (cumulative 0.0%)
failure rate                : 0.0% (cumulative 0.0%)
completed cycles / episode  : 0.000
synthetic task reward       : 0.000
shaping reward              : -220.340
learning reward             : -220.340
episode length              : 109.3
abstract changes / episode  : 6.1
same abstract-state steps   : 94.5%
same-state shaping / episode: 0.000
changed-state shaping / ep. : -220.340
terminal shaping / episode  : 0.000
DFA transitions / episode   : 0.06
DFA transitions in window   : 1->2: 6
epsilon (next episode)       : 0.85212
replay buffer                : 39512 samples [1: 99.1%, 2: 0.9%, 3: 0.0%, 4: 0.0%]
DFA state visits in window   : 1: 10877, 2: 149, 3: 0, 4: 0
DFA state visits cumulative  : 1: 39534, 2: 378, 3: 0, 4: 0
DFA state entries in window  : 1: 100, 2: 6, 3: 0, 4: 0
DFA state entries cumulative : 1: 400, 2: 15, 3: 0, 4: 0
transitions cumulative       : 1->2: 15
accepted directly from s0    : 0
Gym endings cumulative       : terminated=399, truncated=1

[Episode 500/8000 | last 100]
success rate                : 0.0% (cumulative 0.0%)
failure rate                : 0.0% (cumulative 0.0%)
completed cycles / episode  : 0.000
synthetic task reward       : 0.000
shaping reward              : -212.598
learning reward             : -212.598
episode length              : 103.7
abstract changes / episode  : 6.0
same abstract-state steps   : 94.2%
same-state shaping / episode: 0.000
changed-state shaping / ep. : -212.598
terminal shaping / episode  : 0.000
DFA transitions / episode   : 0.03
DFA transitions in window   : 1->2: 3
epsilon (next episode)       : 0.81870
replay buffer                : 49880 samples [1: 99.1%, 2: 0.9%, 3: 0.0%, 4: 0.0%]
DFA state visits in window   : 1: 10372, 2: 96, 3: 0, 4: 0
DFA state visits cumulative  : 1: 49906, 2: 474, 3: 0, 4: 0
DFA state entries in window  : 1: 100, 2: 3, 3: 0, 4: 0
DFA state entries cumulative : 1: 500, 2: 18, 3: 0, 4: 0
transitions cumulative       : 1->2: 18
accepted directly from s0    : 0
Gym endings cumulative       : terminated=499, truncated=1

Starting autonomous greedy evaluation at episode 500 (1000 fixed-seed episodes)...
[Greedy evaluation at episode 500 | 1000 fixed-seed episodes]
success=0.0%, failure=0.0%, task reward=0.000, length=147.6
DFA transitions: 1->2: 506
Best policy updated from autonomous greedy evaluation at episode 500.

[Episode 600/8000 | last 100]
success rate                : 0.0% (cumulative 0.0%)
failure rate                : 0.0% (cumulative 0.0%)
completed cycles / episode  : 0.000
synthetic task reward       : 0.000
shaping reward              : -217.334
learning reward             : -217.334
episode length              : 105.3
abstract changes / episode  : 5.9
same abstract-state steps   : 94.4%
same-state shaping / episode: 0.000
changed-state shaping / ep. : -217.334
terminal shaping / episode  : -0.941
DFA transitions / episode   : 0.05
DFA transitions in window   : 1->2: 5
epsilon (next episode)       : 0.78659
replay buffer                : 60413 samples [1: 99.0%, 2: 1.0%, 3: 0.0%, 4: 0.0%]
DFA state visits in window   : 1: 10497, 2: 136, 3: 0, 4: 0
DFA state visits cumulative  : 1: 60403, 2: 610, 3: 0, 4: 0
DFA state entries in window  : 1: 100, 2: 5, 3: 0, 4: 0
DFA state entries cumulative : 1: 600, 2: 23, 3: 0, 4: 0
transitions cumulative       : 1->2: 23
accepted directly from s0    : 0
Gym endings cumulative       : terminated=599, truncated=1

[Episode 700/8000 | last 100]
success rate                : 0.0% (cumulative 0.0%)
failure rate                : 0.0% (cumulative 0.0%)
completed cycles / episode  : 0.000
synthetic task reward       : 0.000
shaping reward              : -225.028
learning reward             : -225.028
episode length              : 108.1
abstract changes / episode  : 6.0
same abstract-state steps   : 94.4%
same-state shaping / episode: 0.000
changed-state shaping / ep. : -225.028
terminal shaping / episode  : 0.000
DFA transitions / episode   : 0.04
DFA transitions in window   : 1->2: 4
epsilon (next episode)       : 0.75574
replay buffer                : 71222 samples [1: 99.0%, 2: 1.0%, 3: 0.0%, 4: 0.0%]
DFA state visits in window   : 1: 10807, 2: 102, 3: 0, 4: 0
DFA state visits cumulative  : 1: 71210, 2: 712, 3: 0, 4: 0
DFA state entries in window  : 1: 100, 2: 4, 3: 0, 4: 0
DFA state entries cumulative : 1: 700, 2: 27, 3: 0, 4: 0
transitions cumulative       : 1->2: 27
accepted directly from s0    : 0
Gym endings cumulative       : terminated=699, truncated=1

[Episode 800/8000 | last 100]
success rate                : 0.0% (cumulative 0.0%)
failure rate                : 0.0% (cumulative 0.0%)
completed cycles / episode  : 0.000
synthetic task reward       : 0.000
shaping reward              : -216.498
learning reward             : -216.498
episode length              : 104.8
abstract changes / episode  : 6.0
same abstract-state steps   : 94.3%
same-state shaping / episode: 0.000
changed-state shaping / ep. : -216.498
terminal shaping / episode  : 0.000
DFA transitions / episode   : 0.03
DFA transitions in window   : 1->2: 3
epsilon (next episode)       : 0.72610
replay buffer                : 81706 samples [1: 99.1%, 2: 0.9%, 3: 0.0%, 4: 0.0%]
DFA state visits in window   : 1: 10501, 2: 83, 3: 0, 4: 0
DFA state visits cumulative  : 1: 81711, 2: 795, 3: 0, 4: 0
DFA state entries in window  : 1: 100, 2: 3, 3: 0, 4: 0
DFA state entries cumulative : 1: 800, 2: 30, 3: 0, 4: 0
transitions cumulative       : 1->2: 30
accepted directly from s0    : 0
Gym endings cumulative       : terminated=799, truncated=1

[Episode 900/8000 | last 100]
success rate                : 0.0% (cumulative 0.0%)
failure rate                : 0.0% (cumulative 0.0%)
completed cycles / episode  : 0.000
synthetic task reward       : 0.000
shaping reward              : -194.710
learning reward             : -194.710
episode length              : 104.7
abstract changes / episode  : 6.0
same abstract-state steps   : 94.3%
same-state shaping / episode: 0.000
changed-state shaping / ep. : -194.710
terminal shaping / episode  : -0.951
DFA transitions / episode   : 0.10
DFA transitions in window   : 1->2: 10
epsilon (next episode)       : 0.69763
replay buffer                : 92172 samples [1: 98.9%, 2: 1.1%, 3: 0.0%, 4: 0.0%]
DFA state visits in window   : 1: 10322, 2: 244, 3: 0, 4: 0
DFA state visits cumulative  : 1: 92033, 2: 1039, 3: 0, 4: 0
DFA state entries in window  : 1: 100, 2: 10, 3: 0, 4: 0
DFA state entries cumulative : 1: 900, 2: 40, 3: 0, 4: 0
transitions cumulative       : 1->2: 40
accepted directly from s0    : 0
Gym endings cumulative       : terminated=899, truncated=1

[Episode 1000/8000 | last 100]
success rate                : 0.0% (cumulative 0.0%)
failure rate                : 0.0% (cumulative 0.0%)
completed cycles / episode  : 0.000
synthetic task reward       : 0.000
shaping reward              : -188.928
learning reward             : -188.928
episode length              : 106.6
abstract changes / episode  : 6.1
same abstract-state steps   : 94.3%
same-state shaping / episode: 0.000
changed-state shaping / ep. : -188.928
terminal shaping / episode  : -1.883
DFA transitions / episode   : 0.07
DFA transitions in window   : 1->2: 7
epsilon (next episode)       : 0.67027
replay buffer                : 102829 samples [1: 98.9%, 2: 1.1%, 3: 0.0%, 4: 0.0%]
DFA state visits in window   : 1: 10617, 2: 140, 3: 0, 4: 0
DFA state visits cumulative  : 1: 102650, 2: 1179, 3: 0, 4: 0
DFA state entries in window  : 1: 100, 2: 7, 3: 0, 4: 0
DFA state entries cumulative : 1: 1000, 2: 47, 3: 0, 4: 0
transitions cumulative       : 1->2: 47
accepted directly from s0    : 0
Gym endings cumulative       : terminated=999, truncated=1

Starting autonomous greedy evaluation at episode 1000 (1000 fixed-seed episodes)...
[Greedy evaluation at episode 1000 | 1000 fixed-seed episodes]
success=0.0%, failure=0.0%, task reward=0.000, length=99.6
DFA transitions: 1->2: 719
Best policy updated from autonomous greedy evaluation at episode 1000.

[Episode 1100/8000 | last 100]
success rate                : 0.0% (cumulative 0.0%)
failure rate                : 0.0% (cumulative 0.0%)
completed cycles / episode  : 0.000
synthetic task reward       : 0.000
shaping reward              : -201.253
learning reward             : -201.253
episode length              : 107.8
abstract changes / episode  : 6.2
same abstract-state steps   : 94.2%
same-state shaping / episode: 0.000
changed-state shaping / ep. : -201.253
terminal shaping / episode  : -4.707
DFA transitions / episode   : 0.04
DFA transitions in window   : 1->2: 4
epsilon (next episode)       : 0.64398
replay buffer                : 113609 samples [1: 98.9%, 2: 1.1%, 3: 0.0%, 4: 0.0%]
DFA state visits in window   : 1: 10792, 2: 88, 3: 0, 4: 0
DFA state visits cumulative  : 1: 113442, 2: 1267, 3: 0, 4: 0
DFA state entries in window  : 1: 100, 2: 4, 3: 0, 4: 0
DFA state entries cumulative : 1: 1100, 2: 51, 3: 0, 4: 0
transitions cumulative       : 1->2: 51
accepted directly from s0    : 0
Gym endings cumulative       : terminated=1099, truncated=1

[Episode 1200/8000 | last 100]
success rate                : 0.0% (cumulative 0.0%)
failure rate                : 0.0% (cumulative 0.0%)
completed cycles / episode  : 0.000
synthetic task reward       : 0.000
shaping reward              : -208.937
learning reward             : -208.937
episode length              : 114.4
abstract changes / episode  : 6.4
same abstract-state steps   : 94.4%
same-state shaping / episode: 0.000
changed-state shaping / ep. : -208.937
terminal shaping / episode  : -0.941
DFA transitions / episode   : 0.02
DFA transitions in window   : 1->2: 2
epsilon (next episode)       : 0.61872
replay buffer                : 125050 samples [1: 99.0%, 2: 1.0%, 3: 0.0%, 4: 0.0%]
DFA state visits in window   : 1: 11504, 2: 37, 3: 0, 4: 0
DFA state visits cumulative  : 1: 124946, 2: 1304, 3: 0, 4: 0
DFA state entries in window  : 1: 100, 2: 2, 3: 0, 4: 0
DFA state entries cumulative : 1: 1200, 2: 53, 3: 0, 4: 0
transitions cumulative       : 1->2: 53
accepted directly from s0    : 0
Gym endings cumulative       : terminated=1199, truncated=1

[Episode 1300/8000 | last 100]
success rate                : 0.0% (cumulative 0.0%)
failure rate                : 0.0% (cumulative 0.0%)
completed cycles / episode  : 0.000
synthetic task reward       : 0.000
shaping reward              : -224.923
learning reward             : -224.923
episode length              : 126.8
abstract changes / episode  : 6.1
same abstract-state steps   : 95.2%
same-state shaping / episode: 0.000
changed-state shaping / ep. : -224.923
terminal shaping / episode  : 0.000
DFA transitions / episode   : 0.00
DFA transitions in window   : none
epsilon (next episode)       : 0.59446
replay buffer                : 137729 samples [1: 99.1%, 2: 0.9%, 3: 0.0%, 4: 0.0%]
DFA state visits in window   : 1: 12779, 2: 0, 3: 0, 4: 0
DFA state visits cumulative  : 1: 137725, 2: 1304, 3: 0, 4: 0
DFA state entries in window  : 1: 100, 2: 0, 3: 0, 4: 0
DFA state entries cumulative : 1: 1300, 2: 53, 3: 0, 4: 0
transitions cumulative       : 1->2: 53
accepted directly from s0    : 0
Gym endings cumulative       : terminated=1298, truncated=2

[Episode 1400/8000 | last 100]
success rate                : 0.0% (cumulative 0.0%)
failure rate                : 0.0% (cumulative 0.0%)
completed cycles / episode  : 0.000
synthetic task reward       : 0.000
shaping reward              : -222.973
learning reward             : -222.973
episode length              : 136.8
abstract changes / episode  : 6.4
same abstract-state steps   : 95.3%
same-state shaping / episode: 0.000
changed-state shaping / ep. : -222.973
terminal shaping / episode  : 0.000
DFA transitions / episode   : 0.01
DFA transitions in window   : 1->2: 1
epsilon (next episode)       : 0.57115
replay buffer                : 151414 samples [1: 99.1%, 2: 0.9%, 3: 0.0%, 4: 0.0%]
DFA state visits in window   : 1: 13720, 2: 65, 3: 0, 4: 0
DFA state visits cumulative  : 1: 151445, 2: 1369, 3: 0, 4: 0
DFA state entries in window  : 1: 100, 2: 1, 3: 0, 4: 0
DFA state entries cumulative : 1: 1400, 2: 54, 3: 0, 4: 0
transitions cumulative       : 1->2: 54
accepted directly from s0    : 0
Gym endings cumulative       : terminated=1398, truncated=2

[Episode 1500/8000 | last 100]
success rate                : 0.0% (cumulative 0.0%)
failure rate                : 0.0% (cumulative 0.0%)
completed cycles / episode  : 0.000
synthetic task reward       : 0.000
shaping reward              : -224.087
learning reward             : -224.087
episode length              : 145.0
abstract changes / episode  : 6.7
same abstract-state steps   : 95.4%
same-state shaping / episode: 0.000
changed-state shaping / ep. : -224.087
terminal shaping / episode  : 0.000
DFA transitions / episode   : 0.00
DFA transitions in window   : none
epsilon (next episode)       : 0.54875
replay buffer                : 165915 samples [1: 99.2%, 2: 0.8%, 3: 0.0%, 4: 0.0%]
DFA state visits in window   : 1: 14601, 2: 0, 3: 0, 4: 0
DFA state visits cumulative  : 1: 166046, 2: 1369, 3: 0, 4: 0
DFA state entries in window  : 1: 100, 2: 0, 3: 0, 4: 0
DFA state entries cumulative : 1: 1500, 2: 54, 3: 0, 4: 0
transitions cumulative       : 1->2: 54
accepted directly from s0    : 0
Gym endings cumulative       : terminated=1498, truncated=2

Starting autonomous greedy evaluation at episode 1500 (1000 fixed-seed episodes)...
[Greedy evaluation at episode 1500 | 1000 fixed-seed episodes]
success=0.0%, failure=0.0%, task reward=0.000, length=156.5
DFA transitions: 1->2: 32

[Episode 1600/8000 | last 100]
success rate                : 0.0% (cumulative 0.0%)
failure rate                : 0.0% (cumulative 0.0%)
completed cycles / episode  : 0.000
synthetic task reward       : 0.000
shaping reward              : -208.832
learning reward             : -208.832
episode length              : 162.3
abstract changes / episode  : 6.8
same abstract-state steps   : 95.8%
same-state shaping / episode: 0.000
changed-state shaping / ep. : -208.832
terminal shaping / episode  : 0.000
DFA transitions / episode   : 0.01
DFA transitions in window   : 1->2: 1
epsilon (next episode)       : 0.52722
replay buffer                : 182146 samples [1: 99.3%, 2: 0.7%, 3: 0.0%, 4: 0.0%]
DFA state visits in window   : 1: 16312, 2: 19, 3: 0, 4: 0
DFA state visits cumulative  : 1: 182358, 2: 1388, 3: 0, 4: 0
DFA state entries in window  : 1: 100, 2: 1, 3: 0, 4: 0
DFA state entries cumulative : 1: 1600, 2: 55, 3: 0, 4: 0
transitions cumulative       : 1->2: 55
accepted directly from s0    : 0
Gym endings cumulative       : terminated=1598, truncated=2

[Episode 1700/8000 | last 100]
success rate                : 0.0% (cumulative 0.0%)
failure rate                : 0.0% (cumulative 0.0%)
completed cycles / episode  : 0.000
synthetic task reward       : 0.000
shaping reward              : -115.756
learning reward             : -115.756
episode length              : 153.5
abstract changes / episode  : 5.4
same abstract-state steps   : 96.5%
same-state shaping / episode: 0.000
changed-state shaping / ep. : -115.756
terminal shaping / episode  : 0.000
DFA transitions / episode   : 0.08
DFA transitions in window   : 1->2: 8
epsilon (next episode)       : 0.50655
replay buffer                : 197497 samples [1: 99.2%, 2: 0.8%, 3: 0.0%, 4: 0.0%]
DFA state visits in window   : 1: 15291, 2: 160, 3: 0, 4: 0
DFA state visits cumulative  : 1: 197649, 2: 1548, 3: 0, 4: 0
DFA state entries in window  : 1: 100, 2: 8, 3: 0, 4: 0
DFA state entries cumulative : 1: 1700, 2: 63, 3: 0, 4: 0
transitions cumulative       : 1->2: 63
accepted directly from s0    : 0
Gym endings cumulative       : terminated=1698, truncated=2

[Episode 1800/8000 | last 100]
success rate                : 0.0% (cumulative 0.0%)
failure rate                : 0.0% (cumulative 0.0%)
completed cycles / episode  : 0.000
synthetic task reward       : 0.000
shaping reward              : -114.691
learning reward             : -114.691
episode length              : 156.9
abstract changes / episode  : 5.3
same abstract-state steps   : 96.6%
same-state shaping / episode: 0.000
changed-state shaping / ep. : -114.691
terminal shaping / episode  : 0.000
DFA transitions / episode   : 0.06
DFA transitions in window   : 1->2: 6
epsilon (next episode)       : 0.48668
replay buffer                : 213186 samples [1: 99.2%, 2: 0.8%, 3: 0.0%, 4: 0.0%]
DFA state visits in window   : 1: 15663, 2: 126, 3: 0, 4: 0
DFA state visits cumulative  : 1: 213312, 2: 1674, 3: 0, 4: 0
DFA state entries in window  : 1: 100, 2: 6, 3: 0, 4: 0
DFA state entries cumulative : 1: 1800, 2: 69, 3: 0, 4: 0
transitions cumulative       : 1->2: 69
accepted directly from s0    : 0
Gym endings cumulative       : terminated=1798, truncated=2

[Episode 1900/8000 | last 100]
success rate                : 0.0% (cumulative 0.0%)
failure rate                : 0.0% (cumulative 0.0%)
completed cycles / episode  : 0.000
synthetic task reward       : 0.000
shaping reward              : -148.937
learning reward             : -148.937
episode length              : 232.5
abstract changes / episode  : 6.8
same abstract-state steps   : 97.1%
same-state shaping / episode: 0.000
changed-state shaping / ep. : -148.937
terminal shaping / episode  : 0.000
DFA transitions / episode   : 0.06
DFA transitions in window   : 1->2: 6
epsilon (next episode)       : 0.46760
replay buffer                : 236437 samples [1: 99.2%, 2: 0.8%, 3: 0.0%, 4: 0.0%]
DFA state visits in window   : 1: 23100, 2: 251, 3: 0, 4: 0
DFA state visits cumulative  : 1: 236412, 2: 1925, 3: 0, 4: 0
DFA state entries in window  : 1: 100, 2: 6, 3: 0, 4: 0
DFA state entries cumulative : 1: 1900, 2: 75, 3: 0, 4: 0
transitions cumulative       : 1->2: 75
accepted directly from s0    : 0
Gym endings cumulative       : terminated=1898, truncated=2

[Episode 2000/8000 | last 100]
success rate                : 0.0% (cumulative 0.0%)
failure rate                : 0.0% (cumulative 0.0%)
completed cycles / episode  : 0.000
synthetic task reward       : 0.000
shaping reward              : -220.206
learning reward             : -220.206
episode length              : 355.1
abstract changes / episode  : 9.1
same abstract-state steps   : 97.4%
same-state shaping / episode: 0.000
changed-state shaping / ep. : -220.206
terminal shaping / episode  : 0.000
DFA transitions / episode   : 0.00
DFA transitions in window   : none
epsilon (next episode)       : 0.44926
replay buffer                : 271944 samples [1: 99.3%, 2: 0.7%, 3: 0.0%, 4: 0.0%]
DFA state visits in window   : 1: 35607, 2: 0, 3: 0, 4: 0
DFA state visits cumulative  : 1: 272019, 2: 1925, 3: 0, 4: 0
DFA state entries in window  : 1: 100, 2: 0, 3: 0, 4: 0
DFA state entries cumulative : 1: 2000, 2: 75, 3: 0, 4: 0
transitions cumulative       : 1->2: 75
accepted directly from s0    : 0
Gym endings cumulative       : terminated=1993, truncated=7

Starting autonomous greedy evaluation at episode 2000 (1000 fixed-seed episodes)...
[Greedy evaluation at episode 2000 | 1000 fixed-seed episodes]
success=0.0%, failure=0.0%, task reward=0.000, length=848.7
DFA transitions: none

[Episode 2100/8000 | last 100]
success rate                : 0.0% (cumulative 0.0%)
failure rate                : 0.0% (cumulative 0.0%)
completed cycles / episode  : 0.000
synthetic task reward       : 0.000
shaping reward              : -225.941
learning reward             : -225.941
episode length              : 304.9
abstract changes / episode  : 9.0
same abstract-state steps   : 97.0%
same-state shaping / episode: 0.000
changed-state shaping / ep. : -225.941
terminal shaping / episode  : 0.000
DFA transitions / episode   : 0.01
DFA transitions in window   : 1->2: 1
epsilon (next episode)       : 0.43164
replay buffer                : 300000 samples [1: 99.3%, 2: 0.7%, 3: 0.0%, 4: 0.0%]
DFA state visits in window   : 1: 30475, 2: 117, 3: 0, 4: 0
DFA state visits cumulative  : 1: 302494, 2: 2042, 3: 0, 4: 0
DFA state entries in window  : 1: 100, 2: 1, 3: 0, 4: 0
DFA state entries cumulative : 1: 2100, 2: 76, 3: 0, 4: 0
transitions cumulative       : 1->2: 76
accepted directly from s0    : 0
Gym endings cumulative       : terminated=2089, truncated=11

[Episode 2200/8000 | last 100]
success rate                : 0.0% (cumulative 0.0%)
failure rate                : 0.0% (cumulative 0.0%)
completed cycles / episode  : 0.000
synthetic task reward       : 0.000
shaping reward              : -176.459
learning reward             : -176.459
episode length              : 387.2
abstract changes / episode  : 10.0
same abstract-state steps   : 97.4%
same-state shaping / episode: 0.000
changed-state shaping / ep. : -176.459
terminal shaping / episode  : 0.000
DFA transitions / episode   : 0.11
DFA transitions in window   : 1->2: 10, 2->3: 1
epsilon (next episode)       : 0.41471
replay buffer                : 300000 samples [1: 98.9%, 2: 0.9%, 3: 0.1%, 4: 0.0%]
DFA state visits in window   : 1: 37237, 2: 1145, 3: 437, 4: 0
DFA state visits cumulative  : 1: 339731, 2: 3187, 3: 437, 4: 0
DFA state entries in window  : 1: 100, 2: 10, 3: 1, 4: 0
DFA state entries cumulative : 1: 2200, 2: 86, 3: 1, 4: 0
transitions cumulative       : 1->2: 86, 2->3: 1
accepted directly from s0    : 0
Gym endings cumulative       : terminated=2178, truncated=22

[Episode 2300/8000 | last 100]
success rate                : 0.0% (cumulative 0.0%)
failure rate                : 0.0% (cumulative 0.0%)
completed cycles / episode  : 0.000
synthetic task reward       : 0.000
shaping reward              : -165.056
learning reward             : -165.056
episode length              : 432.3
abstract changes / episode  : 10.6
same abstract-state steps   : 97.6%
same-state shaping / episode: 0.000
changed-state shaping / ep. : -165.056
terminal shaping / episode  : 0.000
DFA transitions / episode   : 0.08
DFA transitions in window   : 1->2: 7, 2->3: 1
epsilon (next episode)       : 0.39845
replay buffer                : 300000 samples [1: 98.7%, 2: 1.0%, 3: 0.4%, 4: 0.0%]
DFA state visits in window   : 1: 41989, 2: 672, 3: 669, 4: 0
DFA state visits cumulative  : 1: 381720, 2: 3859, 3: 1106, 4: 0
DFA state entries in window  : 1: 100, 2: 7, 3: 1, 4: 0
DFA state entries cumulative : 1: 2300, 2: 93, 3: 2, 4: 0
transitions cumulative       : 1->2: 93, 2->3: 2
accepted directly from s0    : 0
Gym endings cumulative       : terminated=2270, truncated=30

[Episode 2400/8000 | last 100]
success rate                : 0.0% (cumulative 0.0%)
failure rate                : 0.0% (cumulative 0.0%)
completed cycles / episode  : 0.000
synthetic task reward       : 0.000
shaping reward              : -107.062
learning reward             : -107.062
episode length              : 386.8
abstract changes / episode  : 10.1
same abstract-state steps   : 97.4%
same-state shaping / episode: 0.000
changed-state shaping / ep. : -107.062
terminal shaping / episode  : -0.961
DFA transitions / episode   : 0.12
DFA transitions in window   : 1->2: 9, 2->3: 3
epsilon (next episode)       : 0.38282
replay buffer                : 300000 samples [1: 97.8%, 2: 1.5%, 3: 0.7%, 4: 0.0%]
DFA state visits in window   : 1: 35846, 2: 2060, 3: 875, 4: 0
DFA state visits cumulative  : 1: 417566, 2: 5919, 3: 1981, 4: 0
DFA state entries in window  : 1: 100, 2: 9, 3: 3, 4: 0
DFA state entries cumulative : 1: 2400, 2: 102, 3: 5, 4: 0
transitions cumulative       : 1->2: 102, 2->3: 5
accepted directly from s0    : 0
Gym endings cumulative       : terminated=2364, truncated=36

[Episode 2500/8000 | last 100]
success rate                : 0.0% (cumulative 0.0%)
failure rate                : 0.0% (cumulative 0.0%)
completed cycles / episode  : 0.000
synthetic task reward       : 0.000
shaping reward              : -191.809
learning reward             : -191.809
episode length              : 365.7
abstract changes / episode  : 11.3
same abstract-state steps   : 96.9%
same-state shaping / episode: 0.000
changed-state shaping / ep. : -191.809
terminal shaping / episode  : 0.000
DFA transitions / episode   : 0.03
DFA transitions in window   : 1->2: 2, 2->3: 1
epsilon (next episode)       : 0.36781
replay buffer                : 300000 samples [1: 97.6%, 2: 1.7%, 3: 0.7%, 4: 0.0%]
DFA state visits in window   : 1: 35833, 2: 634, 3: 204, 4: 0
DFA state visits cumulative  : 1: 453399, 2: 6553, 3: 2185, 4: 0
DFA state entries in window  : 1: 100, 2: 2, 3: 1, 4: 0
DFA state entries cumulative : 1: 2500, 2: 104, 3: 6, 4: 0
transitions cumulative       : 1->2: 104, 2->3: 6
accepted directly from s0    : 0
Gym endings cumulative       : terminated=2456, truncated=44

Starting autonomous greedy evaluation at episode 2500 (1000 fixed-seed episodes)...
[Greedy evaluation at episode 2500 | 1000 fixed-seed episodes]
success=0.0%, failure=0.0%, task reward=0.000, length=536.3
DFA transitions: 1->2: 192

[Episode 2600/8000 | last 100]
success rate                : 0.0% (cumulative 0.0%)
failure rate                : 0.0% (cumulative 0.0%)
completed cycles / episode  : 0.000
synthetic task reward       : 0.000
shaping reward              : -73.604
learning reward             : -73.604
episode length              : 410.3
abstract changes / episode  : 9.6
same abstract-state steps   : 97.7%
same-state shaping / episode: 0.000
changed-state shaping / ep. : -73.604
terminal shaping / episode  : 0.010
DFA transitions / episode   : 0.16
DFA transitions in window   : 1->2: 14, 2->3: 2
epsilon (next episode)       : 0.35338
replay buffer                : 300000 samples [1: 96.2%, 2: 2.9%, 3: 0.9%, 4: 0.0%]
DFA state visits in window   : 1: 36776, 2: 3725, 3: 630, 4: 0
DFA state visits cumulative  : 1: 490175, 2: 10278, 3: 2815, 4: 0
DFA state entries in window  : 1: 100, 2: 14, 3: 2, 4: 0
DFA state entries cumulative : 1: 2600, 2: 118, 3: 8, 4: 0
transitions cumulative       : 1->2: 118, 2->3: 8
accepted directly from s0    : 0
Gym endings cumulative       : terminated=2546, truncated=54

[Episode 2700/8000 | last 100]
success rate                : 1.0% (cumulative 0.0%)
failure rate                : 0.0% (cumulative 0.0%)
completed cycles / episode  : 0.000
synthetic task reward       : 100.000
shaping reward              : -121.182
learning reward             : -21.182
episode length              : 333.6
abstract changes / episode  : 11.2
same abstract-state steps   : 96.6%
same-state shaping / episode: 0.000
changed-state shaping / ep. : -121.182
terminal shaping / episode  : 0.039
DFA transitions / episode   : 0.22
DFA transitions in window   : 1->2: 15, 2->3: 6, 3->4: 1
epsilon (next episode)       : 0.33952
replay buffer                : 300000 samples [1: 95.1%, 2: 3.5%, 3: 1.4%, 4: 0.0%]
DFA state visits in window   : 1: 29925, 2: 2107, 3: 1432, 4: 1
DFA state visits cumulative  : 1: 520100, 2: 12385, 3: 4247, 4: 1
DFA state entries in window  : 1: 100, 2: 15, 3: 6, 4: 1
DFA state entries cumulative : 1: 2700, 2: 133, 3: 14, 4: 1
transitions cumulative       : 1->2: 133, 2->3: 14, 3->4: 1
accepted directly from s0    : 0
Gym endings cumulative       : terminated=2644, truncated=55

[Episode 2800/8000 | last 100]
success rate                : 0.0% (cumulative 0.0%)
failure rate                : 0.0% (cumulative 0.0%)
completed cycles / episode  : 0.000
synthetic task reward       : 0.000
shaping reward              : -88.071
learning reward             : -88.071
episode length              : 354.2
abstract changes / episode  : 11.0
same abstract-state steps   : 96.9%
same-state shaping / episode: 0.000
changed-state shaping / ep. : -88.071
terminal shaping / episode  : 0.000
DFA transitions / episode   : 0.09
DFA transitions in window   : 1->2: 9
epsilon (next episode)       : 0.32621
replay buffer                : 300000 samples [1: 94.5%, 2: 4.1%, 3: 1.4%, 4: 0.0%]
DFA state visits in window   : 1: 33657, 2: 1862, 3: 0, 4: 0
DFA state visits cumulative  : 1: 553757, 2: 14247, 3: 4247, 4: 1
DFA state entries in window  : 1: 100, 2: 9, 3: 0, 4: 0
DFA state entries cumulative : 1: 2800, 2: 142, 3: 14, 4: 1
transitions cumulative       : 1->2: 142, 2->3: 14, 3->4: 1
accepted directly from s0    : 0
Gym endings cumulative       : terminated=2740, truncated=59

[Episode 2900/8000 | last 100]
success rate                : 1.0% (cumulative 0.1%)
failure rate                : 0.0% (cumulative 0.0%)
completed cycles / episode  : 0.000
synthetic task reward       : 100.000
shaping reward              : -125.034
learning reward             : -25.034
episode length              : 318.4
abstract changes / episode  : 11.4
same abstract-state steps   : 96.4%
same-state shaping / episode: 0.000
changed-state shaping / ep. : -125.034
terminal shaping / episode  : 0.059
DFA transitions / episode   : 0.18
DFA transitions in window   : 1->2: 14, 2->3: 3, 3->4: 1
epsilon (next episode)       : 0.31341
replay buffer                : 300000 samples [1: 93.2%, 2: 5.3%, 3: 1.5%, 4: 0.0%]
DFA state visits in window   : 1: 27973, 2: 3657, 3: 306, 4: 1
DFA state visits cumulative  : 1: 581730, 2: 17904, 3: 4553, 4: 2
DFA state entries in window  : 1: 100, 2: 14, 3: 3, 4: 1
DFA state entries cumulative : 1: 2900, 2: 156, 3: 17, 4: 2
transitions cumulative       : 1->2: 156, 2->3: 17, 3->4: 2
accepted directly from s0    : 0
Gym endings cumulative       : terminated=2836, truncated=62

[Episode 3000/8000 | last 100]
success rate                : 0.0% (cumulative 0.1%)
failure rate                : 0.0% (cumulative 0.0%)
completed cycles / episode  : 0.000
synthetic task reward       : 0.000
shaping reward              : -166.151
learning reward             : -166.151
episode length              : 306.9
abstract changes / episode  : 11.3
same abstract-state steps   : 96.3%
same-state shaping / episode: 0.000
changed-state shaping / ep. : -166.151
terminal shaping / episode  : 0.961
DFA transitions / episode   : 0.08
DFA transitions in window   : 1->2: 8
epsilon (next episode)       : 0.30112
replay buffer                : 300000 samples [1: 93.2%, 2: 5.4%, 3: 1.4%, 4: 0.0%]
DFA state visits in window   : 1: 29800, 2: 994, 3: 0, 4: 0
DFA state visits cumulative  : 1: 611530, 2: 18898, 3: 4553, 4: 2
DFA state entries in window  : 1: 100, 2: 8, 3: 0, 4: 0
DFA state entries cumulative : 1: 3000, 2: 164, 3: 17, 4: 2
transitions cumulative       : 1->2: 164, 2->3: 17, 3->4: 2
accepted directly from s0    : 0
Gym endings cumulative       : terminated=2936, truncated=62

Starting autonomous greedy evaluation at episode 3000 (1000 fixed-seed episodes)...
[Greedy evaluation at episode 3000 | 1000 fixed-seed episodes]
success=0.0%, failure=0.0%, task reward=0.000, length=269.6
DFA transitions: 1->2: 4

[Episode 3100/8000 | last 100]
success rate                : 0.0% (cumulative 0.1%)
failure rate                : 0.0% (cumulative 0.0%)
completed cycles / episode  : 0.000
synthetic task reward       : 0.000
shaping reward              : -103.085
learning reward             : -103.085
episode length              : 341.9
abstract changes / episode  : 12.3
same abstract-state steps   : 96.4%
same-state shaping / episode: 0.000
changed-state shaping / ep. : -103.085
terminal shaping / episode  : -0.941
DFA transitions / episode   : 0.24
DFA transitions in window   : 1->2: 23, 2->3: 1
epsilon (next episode)       : 0.28931
replay buffer                : 300000 samples [1: 93.3%, 2: 5.6%, 3: 1.2%, 4: 0.0%]
DFA state visits in window   : 1: 32643, 2: 1611, 3: 33, 4: 0
DFA state visits cumulative  : 1: 644173, 2: 20509, 3: 4586, 4: 2
DFA state entries in window  : 1: 100, 2: 23, 3: 1, 4: 0
DFA state entries cumulative : 1: 3100, 2: 187, 3: 18, 4: 2
transitions cumulative       : 1->2: 187, 2->3: 18, 3->4: 2
accepted directly from s0    : 0
Gym endings cumulative       : terminated=3036, truncated=62

[Episode 3200/8000 | last 100]
success rate                : 1.0% (cumulative 0.1%)
failure rate                : 0.0% (cumulative 0.0%)
completed cycles / episode  : 0.000
synthetic task reward       : 100.000
shaping reward              : -11.001
learning reward             : 88.999
episode length              : 413.1
abstract changes / episode  : 13.8
same abstract-state steps   : 96.7%
same-state shaping / episode: 0.000
changed-state shaping / ep. : -11.001
terminal shaping / episode  : 1.000
DFA transitions / episode   : 0.49
DFA transitions in window   : 1->2: 43, 2->3: 5, 3->4: 1
epsilon (next episode)       : 0.27797
replay buffer                : 300000 samples [1: 90.2%, 2: 8.5%, 3: 1.2%, 4: 0.0%]
DFA state visits in window   : 1: 29913, 2: 10787, 3: 704, 4: 1
DFA state visits cumulative  : 1: 674086, 2: 31296, 3: 5290, 4: 3
DFA state entries in window  : 1: 100, 2: 43, 3: 5, 4: 1
DFA state entries cumulative : 1: 3200, 2: 230, 3: 23, 4: 3
transitions cumulative       : 1->2: 230, 2->3: 23, 3->4: 3
accepted directly from s0    : 0
Gym endings cumulative       : terminated=3122, truncated=75

[Episode 3300/8000 | last 100]
success rate                : 2.0% (cumulative 0.2%)
failure rate                : 0.0% (cumulative 0.0%)
completed cycles / episode  : 0.000
synthetic task reward       : 200.000
shaping reward              : 29.146
learning reward             : 229.146
episode length              : 506.0
abstract changes / episode  : 17.1
same abstract-state steps   : 96.6%
same-state shaping / episode: 0.000
changed-state shaping / ep. : 29.146
terminal shaping / episode  : 2.000
DFA transitions / episode   : 0.67
DFA transitions in window   : 1->2: 50, 2->3: 15, 3->4: 2
epsilon (next episode)       : 0.26706
replay buffer                : 300000 samples [1: 84.0%, 2: 14.1%, 3: 1.9%, 4: 0.0%]
DFA state visits in window   : 1: 30456, 2: 17621, 3: 2624, 4: 2
DFA state visits cumulative  : 1: 704542, 2: 48917, 3: 7914, 4: 5
DFA state entries in window  : 1: 100, 2: 50, 3: 15, 4: 2
DFA state entries cumulative : 1: 3300, 2: 280, 3: 38, 4: 5
transitions cumulative       : 1->2: 280, 2->3: 38, 3->4: 5
accepted directly from s0    : 0
Gym endings cumulative       : terminated=3205, truncated=90

[Episode 3400/8000 | last 100]
success rate                : 2.0% (cumulative 0.2%)
failure rate                : 0.0% (cumulative 0.0%)
completed cycles / episode  : 0.000
synthetic task reward       : 200.000
shaping reward              : -8.148
learning reward             : 191.852
episode length              : 368.3
abstract changes / episode  : 13.8
same abstract-state steps   : 96.3%
same-state shaping / episode: 0.000
changed-state shaping / ep. : -8.148
terminal shaping / episode  : 2.000
DFA transitions / episode   : 0.53
DFA transitions in window   : 1->2: 40, 2->3: 11, 3->4: 2
epsilon (next episode)       : 0.25659
replay buffer                : 300000 samples [1: 81.1%, 2: 16.1%, 3: 2.7%, 4: 0.0%]
DFA state visits in window   : 1: 25155, 2: 8965, 3: 2804, 4: 2
DFA state visits cumulative  : 1: 729697, 2: 57882, 3: 10718, 4: 7
DFA state entries in window  : 1: 100, 2: 40, 3: 11, 4: 2
DFA state entries cumulative : 1: 3400, 2: 320, 3: 49, 4: 7
transitions cumulative       : 1->2: 320, 2->3: 49, 3->4: 7
accepted directly from s0    : 0
Gym endings cumulative       : terminated=3299, truncated=94

[Episode 3500/8000 | last 100]
success rate                : 5.0% (cumulative 0.3%)
failure rate                : 0.0% (cumulative 0.0%)
completed cycles / episode  : 0.000
synthetic task reward       : 500.000
shaping reward              : 45.925
learning reward             : 545.925
episode length              : 438.3
abstract changes / episode  : 14.3
same abstract-state steps   : 96.7%
same-state shaping / episode: 0.000
changed-state shaping / ep. : 45.925
terminal shaping / episode  : 5.000
DFA transitions / episode   : 0.83
DFA transitions in window   : 1->2: 59, 2->3: 19, 3->4: 5
epsilon (next episode)       : 0.24653
replay buffer                : 300000 samples [1: 77.2%, 2: 20.1%, 3: 2.7%, 4: 0.0%]
DFA state visits in window   : 1: 27319, 2: 14975, 3: 1630, 4: 5
DFA state visits cumulative  : 1: 757016, 2: 72857, 3: 12348, 4: 12
DFA state entries in window  : 1: 100, 2: 59, 3: 19, 4: 5
DFA state entries cumulative : 1: 3500, 2: 379, 3: 68, 4: 12
transitions cumulative       : 1->2: 379, 2->3: 68, 3->4: 12
accepted directly from s0    : 0
Gym endings cumulative       : terminated=3386, truncated=102

Starting autonomous greedy evaluation at episode 3500 (1000 fixed-seed episodes)...
[Greedy evaluation at episode 3500 | 1000 fixed-seed episodes]
success=0.1%, failure=0.0%, task reward=10.000, length=358.5
DFA transitions: 1->2: 835, 2->3: 21, 3->4: 1
Best policy updated from autonomous greedy evaluation at episode 3500.

[Episode 3600/8000 | last 100]
success rate                : 4.0% (cumulative 0.4%)
failure rate                : 0.0% (cumulative 0.0%)
completed cycles / episode  : 0.000
synthetic task reward       : 400.000
shaping reward              : 63.402
learning reward             : 463.402
episode length              : 361.1
abstract changes / episode  : 13.1
same abstract-state steps   : 96.4%
same-state shaping / episode: 0.000
changed-state shaping / ep. : 63.402
terminal shaping / episode  : 3.020
DFA transitions / episode   : 0.81
DFA transitions in window   : 1->2: 57, 2->3: 20, 3->4: 4
epsilon (next episode)       : 0.23686
replay buffer                : 300000 samples [1: 73.2%, 2: 23.5%, 3: 3.3%, 4: 0.0%]
DFA state visits in window   : 1: 21301, 2: 12936, 3: 1965, 4: 4
DFA state visits cumulative  : 1: 778317, 2: 85793, 3: 14313, 4: 16
DFA state entries in window  : 1: 100, 2: 57, 3: 20, 4: 4
DFA state entries cumulative : 1: 3600, 2: 436, 3: 88, 4: 16
transitions cumulative       : 1->2: 436, 2->3: 88, 3->4: 16
accepted directly from s0    : 0
Gym endings cumulative       : terminated=3480, truncated=104

[Episode 3700/8000 | last 100]
success rate                : 11.0% (cumulative 0.7%)
failure rate                : 0.0% (cumulative 0.0%)
completed cycles / episode  : 0.000
synthetic task reward       : 1100.000
shaping reward              : 94.750
learning reward             : 1194.750
episode length              : 426.2
abstract changes / episode  : 14.2
same abstract-state steps   : 96.7%
same-state shaping / episode: 0.000
changed-state shaping / ep. : 94.750
terminal shaping / episode  : 10.059
DFA transitions / episode   : 0.93
DFA transitions in window   : 1->2: 57, 2->3: 25, 3->4: 11
epsilon (next episode)       : 0.22757
replay buffer                : 300000 samples [1: 67.3%, 2: 28.1%, 3: 4.6%, 4: 0.0%]
DFA state visits in window   : 1: 21031, 2: 17502, 3: 4173, 4: 11
DFA state visits cumulative  : 1: 799348, 2: 103295, 3: 18486, 4: 27
DFA state entries in window  : 1: 100, 2: 57, 3: 25, 4: 11
DFA state entries cumulative : 1: 3700, 2: 493, 3: 113, 4: 27
transitions cumulative       : 1->2: 493, 2->3: 113, 3->4: 27
accepted directly from s0    : 0
Gym endings cumulative       : terminated=3560, truncated=113

[Episode 3800/8000 | last 100]
success rate                : 19.0% (cumulative 1.2%)
failure rate                : 0.0% (cumulative 0.0%)
completed cycles / episode  : 0.000
synthetic task reward       : 1900.000
shaping reward              : 76.792
learning reward             : 1976.792
episode length              : 398.8
abstract changes / episode  : 14.0
same abstract-state steps   : 96.5%
same-state shaping / episode: 0.000
changed-state shaping / ep. : 76.792
terminal shaping / episode  : 19.000
DFA transitions / episode   : 1.05
DFA transitions in window   : 1->2: 51, 2->3: 35, 3->4: 19
epsilon (next episode)       : 0.21865
replay buffer                : 300000 samples [1: 62.8%, 2: 31.2%, 3: 6.0%, 4: 0.0%]
DFA state visits in window   : 1: 25184, 2: 10491, 3: 4286, 4: 19
DFA state visits cumulative  : 1: 824532, 2: 113786, 3: 22772, 4: 46
DFA state entries in window  : 1: 100, 2: 51, 3: 35, 4: 19
DFA state entries cumulative : 1: 3800, 2: 544, 3: 148, 4: 46
transitions cumulative       : 1->2: 544, 2->3: 148, 3->4: 46
accepted directly from s0    : 0
Gym endings cumulative       : terminated=3639, truncated=115

[Episode 3900/8000 | last 100]
success rate                : 34.0% (cumulative 2.1%)
failure rate                : 0.0% (cumulative 0.0%)
completed cycles / episode  : 0.000
synthetic task reward       : 3400.000
shaping reward              : 171.553
learning reward             : 3571.553
episode length              : 335.2
abstract changes / episode  : 12.7
same abstract-state steps   : 96.2%
same-state shaping / episode: 0.000
changed-state shaping / ep. : 171.553
terminal shaping / episode  : 34.000
DFA transitions / episode   : 1.44
DFA transitions in window   : 1->2: 63, 2->3: 47, 3->4: 34
epsilon (next episode)       : 0.21007
replay buffer                : 300000 samples [1: 60.2%, 2: 32.0%, 3: 7.8%, 4: 0.0%]
DFA state visits in window   : 1: 19777, 2: 8198, 3: 5613, 4: 34
DFA state visits cumulative  : 1: 844309, 2: 121984, 3: 28385, 4: 80
DFA state entries in window  : 1: 100, 2: 63, 3: 47, 4: 34
DFA state entries cumulative : 1: 3900, 2: 607, 3: 195, 4: 80
transitions cumulative       : 1->2: 607, 2->3: 195, 3->4: 80
accepted directly from s0    : 0
Gym endings cumulative       : terminated=3705, truncated=115

[Episode 4000/8000 | last 100]
success rate                : 31.0% (cumulative 2.8%)
failure rate                : 0.0% (cumulative 0.0%)
completed cycles / episode  : 0.000
synthetic task reward       : 3100.000
shaping reward              : 220.993
learning reward             : 3320.993
episode length              : 390.5
abstract changes / episode  : 14.7
same abstract-state steps   : 96.2%
same-state shaping / episode: 0.000
changed-state shaping / ep. : 220.993
terminal shaping / episode  : 31.000
DFA transitions / episode   : 1.63
DFA transitions in window   : 1->2: 76, 2->3: 56, 3->4: 31
epsilon (next episode)       : 0.20183
replay buffer                : 300000 samples [1: 60.1%, 2: 30.7%, 3: 9.3%, 4: 0.0%]
DFA state visits in window   : 1: 22885, 2: 10913, 3: 5319, 4: 31
DFA state visits cumulative  : 1: 867194, 2: 132897, 3: 33704, 4: 111
DFA state entries in window  : 1: 100, 2: 76, 3: 56, 4: 31
DFA state entries cumulative : 1: 4000, 2: 683, 3: 251, 4: 111
transitions cumulative       : 1->2: 683, 2->3: 251, 3->4: 111
accepted directly from s0    : 0
Gym endings cumulative       : terminated=3771, truncated=118

Starting autonomous greedy evaluation at episode 4000 (1000 fixed-seed episodes)...
[Greedy evaluation at episode 4000 | 1000 fixed-seed episodes]
success=85.2%, failure=0.0%, task reward=8520.000, length=317.4
DFA transitions: 1->2: 935, 2->3: 853, 3->4: 852
Best policy updated from autonomous greedy evaluation at episode 4000.

[Episode 4100/8000 | last 100]
success rate                : 48.0% (cumulative 3.9%)
failure rate                : 0.0% (cumulative 0.0%)
completed cycles / episode  : 0.000
synthetic task reward       : 4800.000
shaping reward              : 244.486
learning reward             : 5044.486
episode length              : 340.1
abstract changes / episode  : 13.8
same abstract-state steps   : 96.0%
same-state shaping / episode: 0.000
changed-state shaping / ep. : 244.486
terminal shaping / episode  : 48.000
DFA transitions / episode   : 1.91
DFA transitions in window   : 1->2: 88, 2->3: 55, 3->4: 48
epsilon (next episode)       : 0.19392
replay buffer                : 300000 samples [1: 58.1%, 2: 32.3%, 3: 9.6%, 4: 0.0%]
DFA state visits in window   : 1: 16371, 2: 14200, 3: 3492, 4: 48
DFA state visits cumulative  : 1: 883565, 2: 147097, 3: 37196, 4: 159
DFA state entries in window  : 1: 100, 2: 88, 3: 55, 4: 48
DFA state entries cumulative : 1: 4100, 2: 771, 3: 306, 4: 159
transitions cumulative       : 1->2: 771, 2->3: 306, 3->4: 159
accepted directly from s0    : 0
Gym endings cumulative       : terminated=3821, truncated=120

[Episode 4200/8000 | last 100]
success rate                : 55.0% (cumulative 5.1%)
failure rate                : 0.0% (cumulative 0.0%)
completed cycles / episode  : 0.000
synthetic task reward       : 5500.000
shaping reward              : 270.835
learning reward             : 5770.835
episode length              : 303.4
abstract changes / episode  : 12.7
same abstract-state steps   : 95.8%
same-state shaping / episode: 0.000
changed-state shaping / ep. : 270.835
terminal shaping / episode  : 55.000
DFA transitions / episode   : 1.96
DFA transitions in window   : 1->2: 82, 2->3: 59, 3->4: 55
epsilon (next episode)       : 0.18631
replay buffer                : 300000 samples [1: 56.0%, 2: 34.1%, 3: 9.9%, 4: 0.0%]
DFA state visits in window   : 1: 14312, 2: 12737, 3: 3337, 4: 55
DFA state visits cumulative  : 1: 897877, 2: 159834, 3: 40533, 4: 214
DFA state entries in window  : 1: 100, 2: 82, 3: 59, 4: 55
DFA state entries cumulative : 1: 4200, 2: 853, 3: 365, 4: 214
transitions cumulative       : 1->2: 853, 2->3: 365, 3->4: 214
accepted directly from s0    : 0
Gym endings cumulative       : terminated=3866, truncated=120

[Episode 4300/8000 | last 100]
success rate                : 67.0% (cumulative 6.5%)
failure rate                : 0.0% (cumulative 0.0%)
completed cycles / episode  : 0.000
synthetic task reward       : 6700.000
shaping reward              : 300.818
learning reward             : 7000.818
episode length              : 304.3
abstract changes / episode  : 12.5
same abstract-state steps   : 95.9%
same-state shaping / episode: 0.000
changed-state shaping / ep. : 300.818
terminal shaping / episode  : 67.000
DFA transitions / episode   : 2.22
DFA transitions in window   : 1->2: 87, 2->3: 68, 3->4: 67
epsilon (next episode)       : 0.17900
replay buffer                : 300000 samples [1: 54.7%, 2: 34.7%, 3: 10.7%, 4: 0.0%]
DFA state visits in window   : 1: 13930, 2: 12950, 3: 3579, 4: 67
DFA state visits cumulative  : 1: 911807, 2: 172784, 3: 44112, 4: 281
DFA state entries in window  : 1: 100, 2: 87, 3: 68, 4: 67
DFA state entries cumulative : 1: 4300, 2: 940, 3: 433, 4: 281
transitions cumulative       : 1->2: 940, 2->3: 433, 3->4: 281
accepted directly from s0    : 0
Gym endings cumulative       : terminated=3899, truncated=120

[Episode 4400/8000 | last 100]
success rate                : 59.0% (cumulative 7.7%)
failure rate                : 0.0% (cumulative 0.0%)
completed cycles / episode  : 0.000
synthetic task reward       : 5900.000
shaping reward              : 276.515
learning reward             : 6176.515
episode length              : 314.4
abstract changes / episode  : 11.7
same abstract-state steps   : 96.3%
same-state shaping / episode: 0.000
changed-state shaping / ep. : 276.515
terminal shaping / episode  : 59.000
DFA transitions / episode   : 2.03
DFA transitions in window   : 1->2: 77, 2->3: 67, 3->4: 59
epsilon (next episode)       : 0.17198
replay buffer                : 300000 samples [1: 53.6%, 2: 35.1%, 3: 11.3%, 4: 0.0%]
DFA state visits in window   : 1: 16852, 2: 10881, 3: 3747, 4: 59
DFA state visits cumulative  : 1: 928659, 2: 183665, 3: 47859, 4: 340
DFA state entries in window  : 1: 100, 2: 77, 3: 67, 4: 59
DFA state entries cumulative : 1: 4400, 2: 1017, 3: 500, 4: 340
transitions cumulative       : 1->2: 1017, 2->3: 500, 3->4: 340
accepted directly from s0    : 0
Gym endings cumulative       : terminated=3940, truncated=120

[Episode 4500/8000 | last 100]
success rate                : 56.0% (cumulative 8.8%)
failure rate                : 0.0% (cumulative 0.0%)
completed cycles / episode  : 0.000
synthetic task reward       : 5600.000
shaping reward              : 232.903
learning reward             : 5832.903
episode length              : 277.4
abstract changes / episode  : 11.1
same abstract-state steps   : 96.0%
same-state shaping / episode: 0.000
changed-state shaping / ep. : 232.903
terminal shaping / episode  : 56.000
DFA transitions / episode   : 1.84
DFA transitions in window   : 1->2: 68, 2->3: 60, 3->4: 56
epsilon (next episode)       : 0.16524
replay buffer                : 300000 samples [1: 54.0%, 2: 34.0%, 3: 12.1%, 4: 0.0%]
DFA state visits in window   : 1: 15828, 2: 8833, 3: 3121, 4: 56
DFA state visits cumulative  : 1: 944487, 2: 192498, 3: 50980, 4: 396
DFA state entries in window  : 1: 100, 2: 68, 3: 60, 4: 56
DFA state entries cumulative : 1: 4500, 2: 1085, 3: 560, 4: 396
transitions cumulative       : 1->2: 1085, 2->3: 560, 3->4: 396
accepted directly from s0    : 0
Gym endings cumulative       : terminated=3984, truncated=120

Starting autonomous greedy evaluation at episode 4500 (1000 fixed-seed episodes)...
[Greedy evaluation at episode 4500 | 1000 fixed-seed episodes]
success=49.9%, failure=0.0%, task reward=4990.000, length=284.9
DFA transitions: 1->2: 610, 2->3: 500, 3->4: 499

[Episode 4600/8000 | last 100]
success rate                : 44.0% (cumulative 9.6%)
failure rate                : 0.0% (cumulative 0.0%)
completed cycles / episode  : 0.000
synthetic task reward       : 4400.000
shaping reward              : 181.191
learning reward             : 4581.191
episode length              : 288.4
abstract changes / episode  : 11.0
same abstract-state steps   : 96.2%
same-state shaping / episode: 0.000
changed-state shaping / ep. : 181.191
terminal shaping / episode  : 44.000
DFA transitions / episode   : 1.55
DFA transitions in window   : 1->2: 61, 2->3: 50, 3->4: 44
epsilon (next episode)       : 0.15876
replay buffer                : 300000 samples [1: 55.7%, 2: 32.4%, 3: 11.9%, 4: 0.0%]
DFA state visits in window   : 1: 18880, 2: 7139, 3: 2878, 4: 44
DFA state visits cumulative  : 1: 963367, 2: 199637, 3: 53858, 4: 440
DFA state entries in window  : 1: 100, 2: 61, 3: 50, 4: 44
DFA state entries cumulative : 1: 4600, 2: 1146, 3: 610, 4: 440
transitions cumulative       : 1->2: 1146, 2->3: 610, 3->4: 440
accepted directly from s0    : 0
Gym endings cumulative       : terminated=4040, truncated=120

[Episode 4700/8000 | last 100]
success rate                : 67.0% (cumulative 10.8%)
failure rate                : 0.0% (cumulative 0.0%)
completed cycles / episode  : 0.000
synthetic task reward       : 6700.000
shaping reward              : 296.470
learning reward             : 6996.470
episode length              : 327.6
abstract changes / episode  : 12.8
same abstract-state steps   : 96.1%
same-state shaping / episode: 0.000
changed-state shaping / ep. : 296.470
terminal shaping / episode  : 67.000
DFA transitions / episode   : 2.25
DFA transitions in window   : 1->2: 84, 2->3: 74, 3->4: 67
epsilon (next episode)       : 0.15253
replay buffer                : 300000 samples [1: 54.7%, 2: 32.9%, 3: 12.4%, 4: 0.0%]
DFA state visits in window   : 1: 18618, 2: 9265, 3: 4909, 4: 67
DFA state visits cumulative  : 1: 981985, 2: 208902, 3: 58767, 4: 507
DFA state entries in window  : 1: 100, 2: 84, 3: 74, 4: 67
DFA state entries cumulative : 1: 4700, 2: 1230, 3: 684, 4: 507
transitions cumulative       : 1->2: 1230, 2->3: 684, 3->4: 507
accepted directly from s0    : 0
Gym endings cumulative       : terminated=4072, truncated=121

[Episode 4800/8000 | last 100]
success rate                : 60.0% (cumulative 11.8%)
failure rate                : 0.0% (cumulative 0.0%)
completed cycles / episode  : 0.000
synthetic task reward       : 6000.000
shaping reward              : 253.593
learning reward             : 6253.593
episode length              : 319.1
abstract changes / episode  : 12.9
same abstract-state steps   : 95.9%
same-state shaping / episode: 0.000
changed-state shaping / ep. : 253.593
terminal shaping / episode  : 60.000
DFA transitions / episode   : 2.03
DFA transitions in window   : 1->2: 79, 2->3: 64, 3->4: 60
epsilon (next episode)       : 0.14655
replay buffer                : 300000 samples [1: 54.8%, 2: 33.1%, 3: 12.0%, 4: 0.0%]
DFA state visits in window   : 1: 19534, 2: 9045, 3: 3374, 4: 60
DFA state visits cumulative  : 1: 1001519, 2: 217947, 3: 62141, 4: 567
DFA state entries in window  : 1: 100, 2: 79, 3: 64, 4: 60
DFA state entries cumulative : 1: 4800, 2: 1309, 3: 748, 4: 567
transitions cumulative       : 1->2: 1309, 2->3: 748, 3->4: 567
accepted directly from s0    : 0
Gym endings cumulative       : terminated=4112, truncated=121

[Episode 4900/8000 | last 100]
success rate                : 66.0% (cumulative 12.9%)
failure rate                : 0.0% (cumulative 0.0%)
completed cycles / episode  : 0.000
synthetic task reward       : 6600.000
shaping reward              : 309.911
learning reward             : 6909.911
episode length              : 405.0
abstract changes / episode  : 15.2
same abstract-state steps   : 96.2%
same-state shaping / episode: 0.000
changed-state shaping / ep. : 309.911
terminal shaping / episode  : 66.000
DFA transitions / episode   : 2.25
DFA transitions in window   : 1->2: 84, 2->3: 75, 3->4: 66
epsilon (next episode)       : 0.14080
replay buffer                : 300000 samples [1: 56.8%, 2: 32.2%, 3: 11.1%, 4: 0.0%]
DFA state visits in window   : 1: 29182, 2: 8249, 3: 3104, 4: 66
DFA state visits cumulative  : 1: 1030701, 2: 226196, 3: 65245, 4: 633
DFA state entries in window  : 1: 100, 2: 84, 3: 75, 4: 66
DFA state entries cumulative : 1: 4900, 2: 1393, 3: 823, 4: 633
transitions cumulative       : 1->2: 1393, 2->3: 823, 3->4: 633
accepted directly from s0    : 0
Gym endings cumulative       : terminated=4140, truncated=127

[Episode 5000/8000 | last 100]
success rate                : 53.0% (cumulative 13.7%)
failure rate                : 0.0% (cumulative 0.0%)
completed cycles / episode  : 0.000
synthetic task reward       : 5300.000
shaping reward              : 298.287
learning reward             : 5598.287
episode length              : 321.4
abstract changes / episode  : 13.5
same abstract-state steps   : 95.8%
same-state shaping / episode: 0.000
changed-state shaping / ep. : 298.287
terminal shaping / episode  : 53.000
DFA transitions / episode   : 2.02
DFA transitions in window   : 1->2: 82, 2->3: 67, 3->4: 53
epsilon (next episode)       : 0.13528
replay buffer                : 300000 samples [1: 58.0%, 2: 31.2%, 3: 10.9%, 4: 0.0%]
DFA state visits in window   : 1: 21353, 2: 8079, 3: 2752, 4: 53
DFA state visits cumulative  : 1: 1052054, 2: 234275, 3: 67997, 4: 686
DFA state entries in window  : 1: 100, 2: 82, 3: 67, 4: 53
DFA state entries cumulative : 1: 5000, 2: 1475, 3: 890, 4: 686
transitions cumulative       : 1->2: 1475, 2->3: 890, 3->4: 686
accepted directly from s0    : 0
Gym endings cumulative       : terminated=4186, truncated=128

Starting autonomous greedy evaluation at episode 5000 (1000 fixed-seed episodes)...
[Greedy evaluation at episode 5000 | 1000 fixed-seed episodes]
success=86.6%, failure=0.0%, task reward=8660.000, length=266.0
DFA transitions: 1->2: 962, 2->3: 938, 3->4: 866
Best policy updated from autonomous greedy evaluation at episode 5000.

[Episode 5100/8000 | last 100]
success rate                : 65.0% (cumulative 14.7%)
failure rate                : 0.0% (cumulative 0.0%)
completed cycles / episode  : 0.000
synthetic task reward       : 6500.000
shaping reward              : 329.849
learning reward             : 6829.849
episode length              : 284.3
abstract changes / episode  : 12.4
same abstract-state steps   : 95.6%
same-state shaping / episode: 0.000
changed-state shaping / ep. : 329.849
terminal shaping / episode  : 65.000
DFA transitions / episode   : 2.25
DFA transitions in window   : 1->2: 88, 2->3: 72, 3->4: 65
epsilon (next episode)       : 0.12998
replay buffer                : 300000 samples [1: 59.6%, 2: 29.8%, 3: 10.6%, 4: 0.0%]
DFA state visits in window   : 1: 16598, 2: 9078, 3: 2792, 4: 65
DFA state visits cumulative  : 1: 1068652, 2: 243353, 3: 70789, 4: 751
DFA state entries in window  : 1: 100, 2: 88, 3: 72, 4: 65
DFA state entries cumulative : 1: 5100, 2: 1563, 3: 962, 4: 751
transitions cumulative       : 1->2: 1563, 2->3: 962, 3->4: 751
accepted directly from s0    : 0
Gym endings cumulative       : terminated=4221, truncated=128

[Episode 5200/8000 | last 100]
success rate                : 53.0% (cumulative 15.5%)
failure rate                : 0.0% (cumulative 0.0%)
completed cycles / episode  : 0.000
synthetic task reward       : 5300.000
shaping reward              : 247.921
learning reward             : 5547.921
episode length              : 257.2
abstract changes / episode  : 11.5
same abstract-state steps   : 95.5%
same-state shaping / episode: 0.000
changed-state shaping / ep. : 247.921
terminal shaping / episode  : 53.000
DFA transitions / episode   : 1.90
DFA transitions in window   : 1->2: 82, 2->3: 55, 3->4: 53
epsilon (next episode)       : 0.12488
replay buffer                : 300000 samples [1: 60.5%, 2: 29.2%, 3: 10.3%, 4: 0.0%]
DFA state visits in window   : 1: 15058, 2: 8731, 3: 1978, 4: 53
DFA state visits cumulative  : 1: 1083710, 2: 252084, 3: 72767, 4: 804
DFA state entries in window  : 1: 100, 2: 82, 3: 55, 4: 53
DFA state entries cumulative : 1: 5200, 2: 1645, 3: 1017, 4: 804
transitions cumulative       : 1->2: 1645, 2->3: 1017, 3->4: 804
accepted directly from s0    : 0
Gym endings cumulative       : terminated=4268, truncated=128

[Episode 5300/8000 | last 100]
success rate                : 57.0% (cumulative 16.2%)
failure rate                : 0.0% (cumulative 0.0%)
completed cycles / episode  : 0.000
synthetic task reward       : 5700.000
shaping reward              : 280.093
learning reward             : 5980.093
episode length              : 305.9
abstract changes / episode  : 14.1
same abstract-state steps   : 95.4%
same-state shaping / episode: 0.000
changed-state shaping / ep. : 280.093
terminal shaping / episode  : 56.030
DFA transitions / episode   : 2.12
DFA transitions in window   : 1->2: 88, 2->3: 67, 3->4: 57
epsilon (next episode)       : 0.11998
replay buffer                : 300000 samples [1: 60.9%, 2: 29.0%, 3: 10.1%, 4: 0.0%]
DFA state visits in window   : 1: 16282, 2: 11412, 3: 2939, 4: 57
DFA state visits cumulative  : 1: 1099992, 2: 263496, 3: 75706, 4: 861
DFA state entries in window  : 1: 100, 2: 88, 3: 67, 4: 57
DFA state entries cumulative : 1: 5300, 2: 1733, 3: 1084, 4: 861
transitions cumulative       : 1->2: 1733, 2->3: 1084, 3->4: 861
accepted directly from s0    : 0
Gym endings cumulative       : terminated=4309, truncated=130

[Episode 5400/8000 | last 100]
success rate                : 49.0% (cumulative 16.9%)
failure rate                : 0.0% (cumulative 0.0%)
completed cycles / episode  : 0.000
synthetic task reward       : 4900.000
shaping reward              : 215.002
learning reward             : 5115.002
episode length              : 280.1
abstract changes / episode  : 13.1
same abstract-state steps   : 95.3%
same-state shaping / episode: 0.000
changed-state shaping / ep. : 215.002
terminal shaping / episode  : 49.000
DFA transitions / episode   : 1.81
DFA transitions in window   : 1->2: 81, 2->3: 51, 3->4: 49
epsilon (next episode)       : 0.11528
replay buffer                : 300000 samples [1: 60.9%, 2: 29.4%, 3: 9.6%, 4: 0.0%]
DFA state visits in window   : 1: 15320, 2: 10760, 3: 1986, 4: 49
DFA state visits cumulative  : 1: 1115312, 2: 274256, 3: 77692, 4: 910
DFA state entries in window  : 1: 100, 2: 81, 3: 51, 4: 49
DFA state entries cumulative : 1: 5400, 2: 1814, 3: 1135, 4: 910
transitions cumulative       : 1->2: 1814, 2->3: 1135, 3->4: 910
accepted directly from s0    : 0
Gym endings cumulative       : terminated=4360, truncated=130

[Episode 5500/8000 | last 100]
success rate                : 31.0% (cumulative 17.1%)
failure rate                : 0.0% (cumulative 0.0%)
completed cycles / episode  : 0.000
synthetic task reward       : 3100.000
shaping reward              : 161.647
learning reward             : 3261.647
episode length              : 298.9
abstract changes / episode  : 12.9
same abstract-state steps   : 95.7%
same-state shaping / episode: 0.000
changed-state shaping / ep. : 161.647
terminal shaping / episode  : 30.030
DFA transitions / episode   : 1.42
DFA transitions in window   : 1->2: 77, 2->3: 34, 3->4: 31
epsilon (next episode)       : 0.11075
replay buffer                : 300000 samples [1: 60.4%, 2: 30.4%, 3: 9.2%, 4: 0.0%]
DFA state visits in window   : 1: 16759, 2: 11755, 3: 1449, 4: 31
DFA state visits cumulative  : 1: 1132071, 2: 286011, 3: 79141, 4: 941
DFA state entries in window  : 1: 100, 2: 77, 3: 34, 4: 31
DFA state entries cumulative : 1: 5500, 2: 1891, 3: 1169, 4: 941
transitions cumulative       : 1->2: 1891, 2->3: 1169, 3->4: 941
accepted directly from s0    : 0
Gym endings cumulative       : terminated=4428, truncated=131

Starting autonomous greedy evaluation at episode 5500 (1000 fixed-seed episodes)...
[Greedy evaluation at episode 5500 | 1000 fixed-seed episodes]
success=15.9%, failure=0.0%, task reward=1590.000, length=771.0
DFA transitions: 1->2: 995, 2->3: 170, 3->4: 159

[Episode 5600/8000 | last 100]
success rate                : 80.0% (cumulative 18.2%)
failure rate                : 0.0% (cumulative 0.0%)
completed cycles / episode  : 0.000
synthetic task reward       : 8000.000
shaping reward              : 362.524
learning reward             : 8362.524
episode length              : 306.7
abstract changes / episode  : 13.4
same abstract-state steps   : 95.6%
same-state shaping / episode: 0.000
changed-state shaping / ep. : 362.524
terminal shaping / episode  : 80.000
DFA transitions / episode   : 2.51
DFA transitions in window   : 1->2: 90, 2->3: 81, 3->4: 80
epsilon (next episode)       : 0.10641
replay buffer                : 300000 samples [1: 59.2%, 2: 31.6%, 3: 9.2%, 4: 0.0%]
DFA state visits in window   : 1: 15524, 2: 11319, 3: 3845, 4: 80
DFA state visits cumulative  : 1: 1147595, 2: 297330, 3: 82986, 4: 1021
DFA state entries in window  : 1: 100, 2: 90, 3: 81, 4: 80
DFA state entries cumulative : 1: 5600, 2: 1981, 3: 1250, 4: 1021
transitions cumulative       : 1->2: 1981, 2->3: 1250, 3->4: 1021
accepted directly from s0    : 0
Gym endings cumulative       : terminated=4446, truncated=133

[Episode 5700/8000 | last 100]
success rate                : 71.0% (cumulative 19.2%)
failure rate                : 0.0% (cumulative 0.0%)
completed cycles / episode  : 0.000
synthetic task reward       : 7100.000
shaping reward              : 300.781
learning reward             : 7400.781
episode length              : 265.5
abstract changes / episode  : 12.3
same abstract-state steps   : 95.4%
same-state shaping / episode: 0.000
changed-state shaping / ep. : 300.781
terminal shaping / episode  : 71.000
DFA transitions / episode   : 2.31
DFA transitions in window   : 1->2: 83, 2->3: 77, 3->4: 71
epsilon (next episode)       : 0.10224
replay buffer                : 300000 samples [1: 59.4%, 2: 31.7%, 3: 8.9%, 4: 0.0%]
DFA state visits in window   : 1: 15389, 2: 8181, 3: 3013, 4: 71
DFA state visits cumulative  : 1: 1162984, 2: 305511, 3: 85999, 4: 1092
DFA state entries in window  : 1: 100, 2: 83, 3: 77, 4: 71
DFA state entries cumulative : 1: 5700, 2: 2064, 3: 1327, 4: 1092
transitions cumulative       : 1->2: 2064, 2->3: 1327, 3->4: 1092
accepted directly from s0    : 0
Gym endings cumulative       : terminated=4474, truncated=134

[Episode 5800/8000 | last 100]
success rate                : 63.0% (cumulative 19.9%)
failure rate                : 0.0% (cumulative 0.0%)
completed cycles / episode  : 0.000
synthetic task reward       : 6300.000
shaping reward              : 284.183
learning reward             : 6584.183
episode length              : 235.5
abstract changes / episode  : 10.9
same abstract-state steps   : 95.4%
same-state shaping / episode: 0.000
changed-state shaping / ep. : 284.183
terminal shaping / episode  : 63.000
DFA transitions / episode   : 2.10
DFA transitions in window   : 1->2: 82, 2->3: 65, 3->4: 63
epsilon (next episode)       : 0.09823
replay buffer                : 300000 samples [1: 59.0%, 2: 32.1%, 3: 8.9%, 4: 0.0%]
DFA state visits in window   : 1: 13519, 2: 7665, 3: 2404, 4: 63
DFA state visits cumulative  : 1: 1176503, 2: 313176, 3: 88403, 4: 1155
DFA state entries in window  : 1: 100, 2: 82, 3: 65, 4: 63
DFA state entries cumulative : 1: 5800, 2: 2146, 3: 1392, 4: 1155
transitions cumulative       : 1->2: 2146, 2->3: 1392, 3->4: 1155
accepted directly from s0    : 0
Gym endings cumulative       : terminated=4511, truncated=134

[Episode 5900/8000 | last 100]
success rate                : 83.0% (cumulative 21.0%)
failure rate                : 0.0% (cumulative 0.0%)
completed cycles / episode  : 0.000
synthetic task reward       : 8300.000
shaping reward              : 369.563
learning reward             : 8669.563
episode length              : 281.1
abstract changes / episode  : 12.7
same abstract-state steps   : 95.5%
same-state shaping / episode: 0.000
changed-state shaping / ep. : 369.563
terminal shaping / episode  : 83.000
DFA transitions / episode   : 2.61
DFA transitions in window   : 1->2: 92, 2->3: 86, 3->4: 83
epsilon (next episode)       : 0.09438
replay buffer                : 300000 samples [1: 58.0%, 2: 32.8%, 3: 9.2%, 4: 0.0%]
DFA state visits in window   : 1: 15339, 2: 9356, 3: 3429, 4: 83
DFA state visits cumulative  : 1: 1191842, 2: 322532, 3: 91832, 4: 1238
DFA state entries in window  : 1: 100, 2: 92, 3: 86, 4: 83
DFA state entries cumulative : 1: 5900, 2: 2238, 3: 1478, 4: 1238
transitions cumulative       : 1->2: 2238, 2->3: 1478, 3->4: 1238
accepted directly from s0    : 0
Gym endings cumulative       : terminated=4528, truncated=134

[Episode 6000/8000 | last 100]
success rate                : 72.0% (cumulative 21.8%)
failure rate                : 0.0% (cumulative 0.0%)
completed cycles / episode  : 0.000
synthetic task reward       : 7200.000
shaping reward              : 317.714
learning reward             : 7517.714
episode length              : 273.5
abstract changes / episode  : 12.1
same abstract-state steps   : 95.6%
same-state shaping / episode: 0.000
changed-state shaping / ep. : 317.714
terminal shaping / episode  : 72.000
DFA transitions / episode   : 2.25
DFA transitions in window   : 1->2: 80, 2->3: 73, 3->4: 72
epsilon (next episode)       : 0.09067
replay buffer                : 300000 samples [1: 56.8%, 2: 33.7%, 3: 9.6%, 4: 0.0%]
DFA state visits in window   : 1: 16770, 2: 7771, 3: 2833, 4: 72
DFA state visits cumulative  : 1: 1208612, 2: 330303, 3: 94665, 4: 1310
DFA state entries in window  : 1: 100, 2: 80, 3: 73, 4: 72
DFA state entries cumulative : 1: 6000, 2: 2318, 3: 1551, 4: 1310
transitions cumulative       : 1->2: 2318, 2->3: 1551, 3->4: 1310
accepted directly from s0    : 0
Gym endings cumulative       : terminated=4556, truncated=134

Starting autonomous greedy evaluation at episode 6000 (1000 fixed-seed episodes)...
[Greedy evaluation at episode 6000 | 1000 fixed-seed episodes]
success=94.8%, failure=0.0%, task reward=9480.000, length=283.7
DFA transitions: 1->2: 974, 2->3: 972, 3->4: 948
Best policy updated from autonomous greedy evaluation at episode 6000.

[Episode 6100/8000 | last 100]
success rate                : 69.0% (cumulative 22.6%)
failure rate                : 0.0% (cumulative 0.0%)
completed cycles / episode  : 0.000
synthetic task reward       : 6900.000
shaping reward              : 330.224
learning reward             : 7230.224
episode length              : 251.8
abstract changes / episode  : 12.1
same abstract-state steps   : 95.2%
same-state shaping / episode: 0.000
changed-state shaping / ep. : 330.224
terminal shaping / episode  : 69.000
DFA transitions / episode   : 2.33
DFA transitions in window   : 1->2: 85, 2->3: 79, 3->4: 69
epsilon (next episode)       : 0.08712
replay buffer                : 300000 samples [1: 56.1%, 2: 34.3%, 3: 9.7%, 4: 0.0%]
DFA state visits in window   : 1: 14221, 2: 8184, 3: 2804, 4: 69
DFA state visits cumulative  : 1: 1222833, 2: 338487, 3: 97469, 4: 1379
DFA state entries in window  : 1: 100, 2: 85, 3: 79, 4: 69
DFA state entries cumulative : 1: 6100, 2: 2403, 3: 1630, 4: 1379
transitions cumulative       : 1->2: 2403, 2->3: 1630, 3->4: 1379
accepted directly from s0    : 0
Gym endings cumulative       : terminated=4587, truncated=134

[Episode 6200/8000 | last 100]
success rate                : 68.0% (cumulative 23.3%)
failure rate                : 0.0% (cumulative 0.0%)
completed cycles / episode  : 0.000
synthetic task reward       : 6800.000
shaping reward              : 323.577
learning reward             : 7123.577
episode length              : 291.9
abstract changes / episode  : 12.9
same abstract-state steps   : 95.6%
same-state shaping / episode: 0.000
changed-state shaping / ep. : 323.577
terminal shaping / episode  : 68.000
DFA transitions / episode   : 2.36
DFA transitions in window   : 1->2: 88, 2->3: 80, 3->4: 68
epsilon (next episode)       : 0.08370
replay buffer                : 300000 samples [1: 56.2%, 2: 34.0%, 3: 9.7%, 4: 0.0%]
DFA state visits in window   : 1: 17752, 2: 8563, 3: 2908, 4: 68
DFA state visits cumulative  : 1: 1240585, 2: 347050, 3: 100377, 4: 1447
DFA state entries in window  : 1: 100, 2: 88, 3: 80, 4: 68
DFA state entries cumulative : 1: 6200, 2: 2491, 3: 1710, 4: 1447
transitions cumulative       : 1->2: 2491, 2->3: 1710, 3->4: 1447
accepted directly from s0    : 0
Gym endings cumulative       : terminated=4617, truncated=136

[Episode 6300/8000 | last 100]
success rate                : 72.0% (cumulative 24.1%)
failure rate                : 0.0% (cumulative 0.0%)
completed cycles / episode  : 0.000
synthetic task reward       : 7200.000
shaping reward              : 328.565
learning reward             : 7528.565
episode length              : 266.0
abstract changes / episode  : 13.2
same abstract-state steps   : 95.0%
same-state shaping / episode: 0.000
changed-state shaping / ep. : 328.565
terminal shaping / episode  : 72.000
DFA transitions / episode   : 2.43
DFA transitions in window   : 1->2: 91, 2->3: 80, 3->4: 72
epsilon (next episode)       : 0.08042
replay buffer                : 300000 samples [1: 55.9%, 2: 34.1%, 3: 10.0%, 4: 0.0%]
DFA state visits in window   : 1: 14491, 2: 9102, 3: 3039, 4: 72
DFA state visits cumulative  : 1: 1255076, 2: 356152, 3: 103416, 4: 1519
DFA state entries in window  : 1: 100, 2: 91, 3: 80, 4: 72
DFA state entries cumulative : 1: 6300, 2: 2582, 3: 1790, 4: 1519
transitions cumulative       : 1->2: 2582, 2->3: 1790, 3->4: 1519
accepted directly from s0    : 0
Gym endings cumulative       : terminated=4645, truncated=136

[Episode 6400/8000 | last 100]
success rate                : 81.0% (cumulative 25.0%)
failure rate                : 0.0% (cumulative 0.0%)
completed cycles / episode  : 0.000
synthetic task reward       : 8100.000
shaping reward              : 378.226
learning reward             : 8478.226
episode length              : 257.2
abstract changes / episode  : 12.9
same abstract-state steps   : 95.0%
same-state shaping / episode: 0.000
changed-state shaping / ep. : 378.226
terminal shaping / episode  : 81.961
DFA transitions / episode   : 2.61
DFA transitions in window   : 1->2: 92, 2->3: 88, 3->4: 81
epsilon (next episode)       : 0.07727
replay buffer                : 300000 samples [1: 56.2%, 2: 33.5%, 3: 10.3%, 4: 0.0%]
DFA state visits in window   : 1: 14264, 2: 8348, 3: 3125, 4: 81
DFA state visits cumulative  : 1: 1269340, 2: 364500, 3: 106541, 4: 1600
DFA state entries in window  : 1: 100, 2: 92, 3: 88, 4: 81
DFA state entries cumulative : 1: 6400, 2: 2674, 3: 1878, 4: 1600
transitions cumulative       : 1->2: 2674, 2->3: 1878, 3->4: 1600
accepted directly from s0    : 0
Gym endings cumulative       : terminated=4664, truncated=136

[Episode 6500/8000 | last 100]
success rate                : 72.0% (cumulative 25.7%)
failure rate                : 0.0% (cumulative 0.0%)
completed cycles / episode  : 0.000
synthetic task reward       : 7200.000
shaping reward              : 340.878
learning reward             : 7540.878
episode length              : 266.7
abstract changes / episode  : 12.9
same abstract-state steps   : 95.1%
same-state shaping / episode: 0.000
changed-state shaping / ep. : 340.878
terminal shaping / episode  : 72.000
DFA transitions / episode   : 2.40
DFA transitions in window   : 1->2: 91, 2->3: 77, 3->4: 72
epsilon (next episode)       : 0.07423
replay buffer                : 300000 samples [1: 56.3%, 2: 33.0%, 3: 10.7%, 4: 0.0%]
DFA state visits in window   : 1: 14501, 2: 8815, 3: 3383, 4: 72
DFA state visits cumulative  : 1: 1283841, 2: 373315, 3: 109924, 4: 1672
DFA state entries in window  : 1: 100, 2: 91, 3: 77, 4: 72
DFA state entries cumulative : 1: 6500, 2: 2765, 3: 1955, 4: 1672
transitions cumulative       : 1->2: 2765, 2->3: 1955, 3->4: 1672
accepted directly from s0    : 0
Gym endings cumulative       : terminated=4691, truncated=137

Starting autonomous greedy evaluation at episode 6500 (1000 fixed-seed episodes)...
[Greedy evaluation at episode 6500 | 1000 fixed-seed episodes]
success=85.5%, failure=0.0%, task reward=8550.000, length=249.5
DFA transitions: 1->2: 923, 2->3: 897, 3->4: 855

[Episode 6600/8000 | last 100]
success rate                : 66.0% (cumulative 26.3%)
failure rate                : 0.0% (cumulative 0.0%)
completed cycles / episode  : 0.000
synthetic task reward       : 6600.000
shaping reward              : 296.305
learning reward             : 6896.305
episode length              : 262.2
abstract changes / episode  : 12.8
same abstract-state steps   : 95.1%
same-state shaping / episode: 0.000
changed-state shaping / ep. : 296.305
terminal shaping / episode  : 66.961
DFA transitions / episode   : 2.24
DFA transitions in window   : 1->2: 86, 2->3: 72, 3->4: 66
epsilon (next episode)       : 0.07132
replay buffer                : 300000 samples [1: 56.3%, 2: 32.5%, 3: 11.1%, 4: 0.0%]
DFA state visits in window   : 1: 15095, 2: 8589, 3: 2568, 4: 66
DFA state visits cumulative  : 1: 1298936, 2: 381904, 3: 112492, 4: 1738
DFA state entries in window  : 1: 100, 2: 86, 3: 72, 4: 66
DFA state entries cumulative : 1: 6600, 2: 2851, 3: 2027, 4: 1738
transitions cumulative       : 1->2: 2851, 2->3: 2027, 3->4: 1738
accepted directly from s0    : 0
Gym endings cumulative       : terminated=4725, truncated=137

[Episode 6700/8000 | last 100]
success rate                : 66.0% (cumulative 26.9%)
failure rate                : 0.0% (cumulative 0.0%)
completed cycles / episode  : 0.000
synthetic task reward       : 6600.000
shaping reward              : 332.309
learning reward             : 6932.309
episode length              : 256.1
abstract changes / episode  : 12.8
same abstract-state steps   : 95.0%
same-state shaping / episode: 0.000
changed-state shaping / ep. : 332.309
terminal shaping / episode  : 66.000
DFA transitions / episode   : 2.42
DFA transitions in window   : 1->2: 93, 2->3: 83, 3->4: 66
epsilon (next episode)       : 0.06853
replay buffer                : 300000 samples [1: 56.6%, 2: 32.2%, 3: 11.2%, 4: 0.0%]
DFA state visits in window   : 1: 14230, 2: 8506, 3: 2909, 4: 66
DFA state visits cumulative  : 1: 1313166, 2: 390410, 3: 115401, 4: 1804
DFA state entries in window  : 1: 100, 2: 93, 3: 83, 4: 66
DFA state entries cumulative : 1: 6700, 2: 2944, 3: 2110, 4: 1804
transitions cumulative       : 1->2: 2944, 2->3: 2110, 3->4: 1804
accepted directly from s0    : 0
Gym endings cumulative       : terminated=4759, truncated=137

[Episode 6800/8000 | last 100]
success rate                : 70.0% (cumulative 27.6%)
failure rate                : 0.0% (cumulative 0.0%)
completed cycles / episode  : 0.000
synthetic task reward       : 7000.000
shaping reward              : 314.017
learning reward             : 7314.017
episode length              : 266.3
abstract changes / episode  : 12.6
same abstract-state steps   : 95.3%
same-state shaping / episode: 0.000
changed-state shaping / ep. : 314.017
terminal shaping / episode  : 70.000
DFA transitions / episode   : 2.30
DFA transitions in window   : 1->2: 84, 2->3: 76, 3->4: 70
epsilon (next episode)       : 0.06584
replay buffer                : 300000 samples [1: 57.5%, 2: 31.6%, 3: 11.0%, 4: 0.0%]
DFA state visits in window   : 1: 16324, 2: 7693, 3: 2642, 4: 70
DFA state visits cumulative  : 1: 1329490, 2: 398103, 3: 118043, 4: 1874
DFA state entries in window  : 1: 100, 2: 84, 3: 76, 4: 70
DFA state entries cumulative : 1: 6800, 2: 3028, 3: 2186, 4: 1874
transitions cumulative       : 1->2: 3028, 2->3: 2186, 3->4: 1874
accepted directly from s0    : 0
Gym endings cumulative       : terminated=4789, truncated=137

[Episode 6900/8000 | last 100]
success rate                : 78.0% (cumulative 28.3%)
failure rate                : 0.0% (cumulative 0.0%)
completed cycles / episode  : 0.000
synthetic task reward       : 7800.000
shaping reward              : 341.261
learning reward             : 8141.261
episode length              : 294.1
abstract changes / episode  : 13.8
same abstract-state steps   : 95.3%
same-state shaping / episode: 0.000
changed-state shaping / ep. : 341.261
terminal shaping / episode  : 78.000
DFA transitions / episode   : 2.48
DFA transitions in window   : 1->2: 89, 2->3: 81, 3->4: 78
epsilon (next episode)       : 0.06326
replay buffer                : 300000 samples [1: 57.2%, 2: 31.6%, 3: 11.2%, 4: 0.0%]
DFA state visits in window   : 1: 16908, 2: 8880, 3: 3647, 4: 78
DFA state visits cumulative  : 1: 1346398, 2: 406983, 3: 121690, 4: 1952
DFA state entries in window  : 1: 100, 2: 89, 3: 81, 4: 78
DFA state entries cumulative : 1: 6900, 2: 3117, 3: 2267, 4: 1952
transitions cumulative       : 1->2: 3117, 2->3: 2267, 3->4: 1952
accepted directly from s0    : 0
Gym endings cumulative       : terminated=4811, truncated=137

[Episode 7000/8000 | last 100]
success rate                : 61.0% (cumulative 28.8%)
failure rate                : 0.0% (cumulative 0.0%)
completed cycles / episode  : 0.000
synthetic task reward       : 6100.000
shaping reward              : 289.955
learning reward             : 6389.955
episode length              : 263.7
abstract changes / episode  : 11.7
same abstract-state steps   : 95.6%
same-state shaping / episode: 0.000
changed-state shaping / ep. : 289.955
terminal shaping / episode  : 60.049
DFA transitions / episode   : 2.13
DFA transitions in window   : 1->2: 87, 2->3: 65, 3->4: 61
epsilon (next episode)       : 0.06078
replay buffer                : 300000 samples [1: 57.5%, 2: 31.6%, 3: 10.9%, 4: 0.0%]
DFA state visits in window   : 1: 15177, 2: 8930, 3: 2304, 4: 61
DFA state visits cumulative  : 1: 1361575, 2: 415913, 3: 123994, 4: 2013
DFA state entries in window  : 1: 100, 2: 87, 3: 65, 4: 61
DFA state entries cumulative : 1: 7000, 2: 3204, 3: 2332, 4: 2013
transitions cumulative       : 1->2: 3204, 2->3: 2332, 3->4: 2013
accepted directly from s0    : 0
Gym endings cumulative       : terminated=4850, truncated=137

Starting autonomous greedy evaluation at episode 7000 (1000 fixed-seed episodes)...
[Greedy evaluation at episode 7000 | 1000 fixed-seed episodes]
success=92.7%, failure=0.0%, task reward=9270.000, length=251.6
DFA transitions: 1->2: 996, 2->3: 939, 3->4: 927

[Episode 7100/8000 | last 100]
success rate                : 84.0% (cumulative 29.5%)
failure rate                : 0.0% (cumulative 0.0%)
completed cycles / episode  : 0.000
synthetic task reward       : 8400.000
shaping reward              : 401.438
learning reward             : 8801.438
episode length              : 265.8
abstract changes / episode  : 13.1
same abstract-state steps   : 95.1%
same-state shaping / episode: 0.000
changed-state shaping / ep. : 401.438
terminal shaping / episode  : 83.030
DFA transitions / episode   : 2.71
DFA transitions in window   : 1->2: 99, 2->3: 88, 3->4: 84
epsilon (next episode)       : 0.05839
replay buffer                : 300000 samples [1: 56.7%, 2: 32.3%, 3: 11.0%, 4: 0.0%]
DFA state visits in window   : 1: 14021, 2: 9445, 3: 3130, 4: 84
DFA state visits cumulative  : 1: 1375596, 2: 425358, 3: 127124, 4: 2097
DFA state entries in window  : 1: 100, 2: 99, 3: 88, 4: 84
DFA state entries cumulative : 1: 7100, 2: 3303, 3: 2420, 4: 2097
transitions cumulative       : 1->2: 3303, 2->3: 2420, 3->4: 2097
accepted directly from s0    : 0
Gym endings cumulative       : terminated=4866, truncated=137

[Episode 7200/8000 | last 100]
success rate                : 93.0% (cumulative 30.4%)
failure rate                : 0.0% (cumulative 0.0%)
completed cycles / episode  : 0.000
synthetic task reward       : 9300.000
shaping reward              : 407.859
learning reward             : 9707.859
episode length              : 287.2
abstract changes / episode  : 12.8
same abstract-state steps   : 95.5%
same-state shaping / episode: 0.000
changed-state shaping / ep. : 407.859
terminal shaping / episode  : 93.000
DFA transitions / episode   : 2.81
DFA transitions in window   : 1->2: 95, 2->3: 93, 3->4: 93
epsilon (next episode)       : 0.05610
replay buffer                : 300000 samples [1: 56.7%, 2: 32.1%, 3: 11.1%, 4: 0.0%]
DFA state visits in window   : 1: 16611, 2: 8505, 3: 3611, 4: 93
DFA state visits cumulative  : 1: 1392207, 2: 433863, 3: 130735, 4: 2190
DFA state entries in window  : 1: 100, 2: 95, 3: 93, 4: 93
DFA state entries cumulative : 1: 7200, 2: 3398, 3: 2513, 4: 2190
transitions cumulative       : 1->2: 3398, 2->3: 2513, 3->4: 2190
accepted directly from s0    : 0
Gym endings cumulative       : terminated=4872, truncated=138

[Episode 7300/8000 | last 100]
success rate                : 75.0% (cumulative 31.0%)
failure rate                : 0.0% (cumulative 0.0%)
completed cycles / episode  : 0.000
synthetic task reward       : 7500.000
shaping reward              : 320.870
learning reward             : 7820.870
episode length              : 280.9
abstract changes / episode  : 12.8
same abstract-state steps   : 95.4%
same-state shaping / episode: 0.000
changed-state shaping / ep. : 320.870
terminal shaping / episode  : 75.000
DFA transitions / episode   : 2.36
DFA transitions in window   : 1->2: 86, 2->3: 75, 3->4: 75
epsilon (next episode)       : 0.05390
replay buffer                : 300000 samples [1: 57.0%, 2: 31.8%, 3: 11.2%, 4: 0.0%]
DFA state visits in window   : 1: 17793, 2: 7558, 3: 2760, 4: 75
DFA state visits cumulative  : 1: 1410000, 2: 441421, 3: 133495, 4: 2265
DFA state entries in window  : 1: 100, 2: 86, 3: 75, 4: 75
DFA state entries cumulative : 1: 7300, 2: 3484, 3: 2588, 4: 2265
transitions cumulative       : 1->2: 3484, 2->3: 2588, 3->4: 2265
accepted directly from s0    : 0
Gym endings cumulative       : terminated=4896, truncated=139

[Episode 7400/8000 | last 100]
success rate                : 72.0% (cumulative 31.6%)
failure rate                : 0.0% (cumulative 0.0%)
completed cycles / episode  : 0.000
synthetic task reward       : 7200.000
shaping reward              : 339.772
learning reward             : 7539.772
episode length              : 315.1
abstract changes / episode  : 13.6
same abstract-state steps   : 95.7%
same-state shaping / episode: 0.000
changed-state shaping / ep. : 339.772
terminal shaping / episode  : 72.000
DFA transitions / episode   : 2.39
DFA transitions in window   : 1->2: 93, 2->3: 74, 3->4: 72
epsilon (next episode)       : 0.05179
replay buffer                : 300000 samples [1: 57.6%, 2: 31.6%, 3: 10.9%, 4: 0.0%]
DFA state visits in window   : 1: 18755, 2: 10009, 3: 2773, 4: 72
DFA state visits cumulative  : 1: 1428755, 2: 451430, 3: 136268, 4: 2337
DFA state entries in window  : 1: 100, 2: 93, 3: 74, 4: 72
DFA state entries cumulative : 1: 7400, 2: 3577, 3: 2662, 4: 2337
transitions cumulative       : 1->2: 3577, 2->3: 2662, 3->4: 2337
accepted directly from s0    : 0
Gym endings cumulative       : terminated=4924, truncated=139

[Episode 7500/8000 | last 100]
success rate                : 71.0% (cumulative 32.1%)
failure rate                : 0.0% (cumulative 0.0%)
completed cycles / episode  : 0.000
synthetic task reward       : 7100.000
shaping reward              : 285.099
learning reward             : 7385.099
episode length              : 300.8
abstract changes / episode  : 13.7
same abstract-state steps   : 95.4%
same-state shaping / episode: 0.000
changed-state shaping / ep. : 285.099
terminal shaping / episode  : 71.000
DFA transitions / episode   : 2.24
DFA transitions in window   : 1->2: 82, 2->3: 71, 3->4: 71
epsilon (next episode)       : 0.04976
replay buffer                : 300000 samples [1: 58.5%, 2: 31.0%, 3: 10.5%, 4: 0.0%]
DFA state visits in window   : 1: 19283, 2: 8305, 3: 2523, 4: 71
DFA state visits cumulative  : 1: 1448038, 2: 459735, 3: 138791, 4: 2408
DFA state entries in window  : 1: 100, 2: 82, 3: 71, 4: 71
DFA state entries cumulative : 1: 7500, 2: 3659, 3: 2733, 4: 2408
transitions cumulative       : 1->2: 3659, 2->3: 2733, 3->4: 2408
accepted directly from s0    : 0
Gym endings cumulative       : terminated=4952, truncated=140

Starting autonomous greedy evaluation at episode 7500 (1000 fixed-seed episodes)...
[Greedy evaluation at episode 7500 | 1000 fixed-seed episodes]
success=78.9%, failure=0.0%, task reward=7890.000, length=328.8
DFA transitions: 1->2: 942, 2->3: 792, 3->4: 789

[Episode 7600/8000 | last 100]
success rate                : 73.0% (cumulative 32.6%)
failure rate                : 0.0% (cumulative 0.0%)
completed cycles / episode  : 0.000
synthetic task reward       : 7300.000
shaping reward              : 324.547
learning reward             : 7624.547
episode length              : 282.0
abstract changes / episode  : 13.4
same abstract-state steps   : 95.3%
same-state shaping / episode: 0.000
changed-state shaping / ep. : 324.547
terminal shaping / episode  : 73.000
DFA transitions / episode   : 2.34
DFA transitions in window   : 1->2: 85, 2->3: 76, 3->4: 73
epsilon (next episode)       : 0.04781
replay buffer                : 300000 samples [1: 59.2%, 2: 30.5%, 3: 10.3%, 4: 0.0%]
DFA state visits in window   : 1: 17612, 2: 7854, 3: 2761, 4: 73
DFA state visits cumulative  : 1: 1465650, 2: 467589, 3: 141552, 4: 2481
DFA state entries in window  : 1: 100, 2: 85, 3: 76, 4: 73
DFA state entries cumulative : 1: 7600, 2: 3744, 3: 2809, 4: 2481
transitions cumulative       : 1->2: 3744, 2->3: 2809, 3->4: 2481
accepted directly from s0    : 0
Gym endings cumulative       : terminated=4979, truncated=140

[Episode 7700/8000 | last 100]
success rate                : 76.0% (cumulative 33.2%)
failure rate                : 0.0% (cumulative 0.0%)
completed cycles / episode  : 0.000
synthetic task reward       : 7600.000
shaping reward              : 287.654
learning reward             : 7887.654
episode length              : 243.5
abstract changes / episode  : 11.9
same abstract-state steps   : 95.1%
same-state shaping / episode: 0.000
changed-state shaping / ep. : 287.654
terminal shaping / episode  : 76.000
DFA transitions / episode   : 2.30
DFA transitions in window   : 1->2: 77, 2->3: 77, 3->4: 76
epsilon (next episode)       : 0.04593
replay buffer                : 300000 samples [1: 59.5%, 2: 30.1%, 3: 10.4%, 4: 0.0%]
DFA state visits in window   : 1: 14921, 2: 6783, 3: 2669, 4: 76
DFA state visits cumulative  : 1: 1480571, 2: 474372, 3: 144221, 4: 2557
DFA state entries in window  : 1: 100, 2: 77, 3: 77, 4: 76
DFA state entries cumulative : 1: 7700, 2: 3821, 3: 2886, 4: 2557
transitions cumulative       : 1->2: 3821, 2->3: 2886, 3->4: 2557
accepted directly from s0    : 0
Gym endings cumulative       : terminated=5003, truncated=140

[Episode 7800/8000 | last 100]
success rate                : 84.0% (cumulative 33.9%)
failure rate                : 0.0% (cumulative 0.0%)
completed cycles / episode  : 0.000
synthetic task reward       : 8400.000
shaping reward              : 345.795
learning reward             : 8745.795
episode length              : 301.7
abstract changes / episode  : 13.2
same abstract-state steps   : 95.6%
same-state shaping / episode: 0.000
changed-state shaping / ep. : 345.795
terminal shaping / episode  : 84.000
DFA transitions / episode   : 2.54
DFA transitions in window   : 1->2: 86, 2->3: 84, 3->4: 84
epsilon (next episode)       : 0.04413
replay buffer                : 300000 samples [1: 60.4%, 2: 29.4%, 3: 10.2%, 4: 0.0%]
DFA state visits in window   : 1: 19821, 2: 7537, 3: 2824, 4: 84
DFA state visits cumulative  : 1: 1500392, 2: 481909, 3: 147045, 4: 2641
DFA state entries in window  : 1: 100, 2: 86, 3: 84, 4: 84
DFA state entries cumulative : 1: 7800, 2: 3907, 3: 2970, 4: 2641
transitions cumulative       : 1->2: 3907, 2->3: 2970, 3->4: 2641
accepted directly from s0    : 0
Gym endings cumulative       : terminated=5018, truncated=141

[Episode 7900/8000 | last 100]
success rate                : 89.0% (cumulative 34.6%)
failure rate                : 0.0% (cumulative 0.0%)
completed cycles / episode  : 0.000
synthetic task reward       : 8900.000
shaping reward              : 375.910
learning reward             : 9275.910
episode length              : 304.4
abstract changes / episode  : 14.0
same abstract-state steps   : 95.4%
same-state shaping / episode: 0.000
changed-state shaping / ep. : 375.910
terminal shaping / episode  : 89.000
DFA transitions / episode   : 2.70
DFA transitions in window   : 1->2: 92, 2->3: 89, 3->4: 89
epsilon (next episode)       : 0.04240
replay buffer                : 300000 samples [1: 60.8%, 2: 29.1%, 3: 10.1%, 4: 0.0%]
DFA state visits in window   : 1: 18951, 2: 8132, 3: 3364, 4: 89
DFA state visits cumulative  : 1: 1519343, 2: 490041, 3: 150409, 4: 2730
DFA state entries in window  : 1: 100, 2: 92, 3: 89, 4: 89
DFA state entries cumulative : 1: 7900, 2: 3999, 3: 3059, 4: 2730
transitions cumulative       : 1->2: 3999, 2->3: 3059, 3->4: 2730
accepted directly from s0    : 0
Gym endings cumulative       : terminated=5029, truncated=141

[Episode 8000/8000 | last 100]
success rate                : 82.0% (cumulative 35.1%)
failure rate                : 0.0% (cumulative 0.0%)
completed cycles / episode  : 0.000
synthetic task reward       : 8200.000
shaping reward              : 337.954
learning reward             : 8537.954
episode length              : 310.4
abstract changes / episode  : 14.4
same abstract-state steps   : 95.4%
same-state shaping / episode: 0.000
changed-state shaping / ep. : 337.954
terminal shaping / episode  : 82.000
DFA transitions / episode   : 2.49
DFA transitions in window   : 1->2: 84, 2->3: 83, 3->4: 82
epsilon (next episode)       : 0.04074
replay buffer                : 300000 samples [1: 61.5%, 2: 28.4%, 3: 10.1%, 4: 0.0%]
DFA state visits in window   : 1: 21156, 2: 6680, 3: 3223, 4: 82
DFA state visits cumulative  : 1: 1540499, 2: 496721, 3: 153632, 4: 2812
DFA state entries in window  : 1: 100, 2: 84, 3: 83, 4: 82
DFA state entries cumulative : 1: 8000, 2: 4083, 3: 3142, 4: 2812
transitions cumulative       : 1->2: 4083, 2->3: 3142, 3->4: 2812
accepted directly from s0    : 0
Gym endings cumulative       : terminated=5047, truncated=141

Starting autonomous greedy evaluation at episode 8000 (1000 fixed-seed episodes)...
[Greedy evaluation at episode 8000 | 1000 fixed-seed episodes]
success=41.6%, failure=0.0%, task reward=4160.000, length=292.1
DFA transitions: 1->2: 668, 2->3: 417, 3->4: 416
Last policy saved after episode 8000. Best greedy evaluation: episode 6000, mean task reward=9480.000
