
=== NEW RUN ===
episodes=8000, shaping=False, goal_reward=10000.0, gamma=0.99
gamma_shaping=1.0, shaping_formula=gamma_shaping*Phi(next)-Phi(state)
ground_unbiased_learner=False
eval_interval=500, eval_episodes=1000, eval_seed=100000
inter_level_shaping=False, inter_level_formula=gamma*Phi(next)-Phi(state)
task_type=ltlf, task=F(wp1 & X(F(wp2 & X(F(g1)))))
regions={wp1: {'center': [-0.75, 1.0625], 'radius': 0.1}, wp2: {'center': [0, 0.8125], 'radius': 0.1}, g1: {'center': [0.75, 1.0625], 'radius': 0.1}}
dfa_states=[1, 2, 3, 4], pre_trace=1, accepting=[4], failure=[]

[Episode 1/8000 | last 1]
success rate                : 0.0% (cumulative 0.0%)
failure rate                : 0.0% (cumulative 0.0%)
completed cycles / episode  : 0.000
synthetic task reward       : 0.000
shaping reward              : 0.000
learning reward             : 0.000
episode length              : 89.0
abstract changes / episode  : 22.0
same abstract-state steps   : 75.3%
same-state shaping / episode: 0.000
changed-state shaping / ep. : 0.000
terminal shaping / episode  : 0.000
DFA transitions / episode   : 0.00
DFA transitions in window   : none
epsilon (next episode)       : 0.99960
replay buffer                : 89 samples [1: 100.0%, 2: 0.0%, 3: 0.0%, 4: 0.0%]
DFA state visits in window   : 1: 90, 2: 0, 3: 0, 4: 0
DFA state visits cumulative  : 1: 90, 2: 0, 3: 0, 4: 0
DFA state entries in window  : 1: 1, 2: 0, 3: 0, 4: 0
DFA state entries cumulative : 1: 1, 2: 0, 3: 0, 4: 0
transitions cumulative       : none
accepted directly from s0    : 0
Gym endings cumulative       : terminated=1, truncated=0

[Episode 100/8000 | last 100]
success rate                : 0.0% (cumulative 0.0%)
failure rate                : 0.0% (cumulative 0.0%)
completed cycles / episode  : 0.000
synthetic task reward       : 0.000
shaping reward              : 0.000
learning reward             : 0.000
episode length              : 90.8
abstract changes / episode  : 25.6
same abstract-state steps   : 71.8%
same-state shaping / episode: 0.000
changed-state shaping / ep. : 0.000
terminal shaping / episode  : 0.000
DFA transitions / episode   : 0.03
DFA transitions in window   : 1->2: 3
epsilon (next episode)       : 0.96078
replay buffer                : 9080 samples [1: 99.0%, 2: 1.0%, 3: 0.0%, 4: 0.0%]
DFA state visits in window   : 1: 9085, 2: 95, 3: 0, 4: 0
DFA state visits cumulative  : 1: 9085, 2: 95, 3: 0, 4: 0
DFA state entries in window  : 1: 100, 2: 3, 3: 0, 4: 0
DFA state entries cumulative : 1: 100, 2: 3, 3: 0, 4: 0
transitions cumulative       : 1->2: 3
accepted directly from s0    : 0
Gym endings cumulative       : terminated=100, truncated=0

[Episode 200/8000 | last 100]
success rate                : 0.0% (cumulative 0.0%)
failure rate                : 0.0% (cumulative 0.0%)
completed cycles / episode  : 0.000
synthetic task reward       : 0.000
shaping reward              : 0.000
learning reward             : 0.000
episode length              : 88.0
abstract changes / episode  : 25.4
same abstract-state steps   : 71.1%
same-state shaping / episode: 0.000
changed-state shaping / ep. : 0.000
terminal shaping / episode  : 0.000
DFA transitions / episode   : 0.00
DFA transitions in window   : none
epsilon (next episode)       : 0.92310
replay buffer                : 17875 samples [1: 99.5%, 2: 0.5%, 3: 0.0%, 4: 0.0%]
DFA state visits in window   : 1: 8895, 2: 0, 3: 0, 4: 0
DFA state visits cumulative  : 1: 17980, 2: 95, 3: 0, 4: 0
DFA state entries in window  : 1: 100, 2: 0, 3: 0, 4: 0
DFA state entries cumulative : 1: 200, 2: 3, 3: 0, 4: 0
transitions cumulative       : 1->2: 3
accepted directly from s0    : 0
Gym endings cumulative       : terminated=200, truncated=0

[Episode 300/8000 | last 100]
success rate                : 0.0% (cumulative 0.0%)
failure rate                : 0.0% (cumulative 0.0%)
completed cycles / episode  : 0.000
synthetic task reward       : 0.000
shaping reward              : 0.000
learning reward             : 0.000
episode length              : 100.1
abstract changes / episode  : 26.1
same abstract-state steps   : 74.0%
same-state shaping / episode: 0.000
changed-state shaping / ep. : 0.000
terminal shaping / episode  : 0.000
DFA transitions / episode   : 0.03
DFA transitions in window   : 1->2: 3
epsilon (next episode)       : 0.88690
replay buffer                : 27886 samples [1: 99.3%, 2: 0.7%, 3: 0.0%, 4: 0.0%]
DFA state visits in window   : 1: 10015, 2: 96, 3: 0, 4: 0
DFA state visits cumulative  : 1: 27995, 2: 191, 3: 0, 4: 0
DFA state entries in window  : 1: 100, 2: 3, 3: 0, 4: 0
DFA state entries cumulative : 1: 300, 2: 6, 3: 0, 4: 0
transitions cumulative       : 1->2: 6
accepted directly from s0    : 0
Gym endings cumulative       : terminated=300, truncated=0

[Episode 400/8000 | last 100]
success rate                : 0.0% (cumulative 0.0%)
failure rate                : 0.0% (cumulative 0.0%)
completed cycles / episode  : 0.000
synthetic task reward       : 0.000
shaping reward              : 0.000
learning reward             : 0.000
episode length              : 104.2
abstract changes / episode  : 25.9
same abstract-state steps   : 75.2%
same-state shaping / episode: 0.000
changed-state shaping / ep. : 0.000
terminal shaping / episode  : 0.000
DFA transitions / episode   : 0.01
DFA transitions in window   : 1->2: 1
epsilon (next episode)       : 0.85212
replay buffer                : 38310 samples [1: 99.4%, 2: 0.6%, 3: 0.0%, 4: 0.0%]
DFA state visits in window   : 1: 10482, 2: 42, 3: 0, 4: 0
DFA state visits cumulative  : 1: 38477, 2: 233, 3: 0, 4: 0
DFA state entries in window  : 1: 100, 2: 1, 3: 0, 4: 0
DFA state entries cumulative : 1: 400, 2: 7, 3: 0, 4: 0
transitions cumulative       : 1->2: 7
accepted directly from s0    : 0
Gym endings cumulative       : terminated=400, truncated=0

[Episode 500/8000 | last 100]
success rate                : 0.0% (cumulative 0.0%)
failure rate                : 0.0% (cumulative 0.0%)
completed cycles / episode  : 0.000
synthetic task reward       : 0.000
shaping reward              : 0.000
learning reward             : 0.000
episode length              : 106.3
abstract changes / episode  : 26.2
same abstract-state steps   : 75.4%
same-state shaping / episode: 0.000
changed-state shaping / ep. : 0.000
terminal shaping / episode  : 0.000
DFA transitions / episode   : 0.07
DFA transitions in window   : 1->2: 7
epsilon (next episode)       : 0.81870
replay buffer                : 48937 samples [1: 99.0%, 2: 1.0%, 3: 0.0%, 4: 0.0%]
DFA state visits in window   : 1: 10465, 2: 262, 3: 0, 4: 0
DFA state visits cumulative  : 1: 48942, 2: 495, 3: 0, 4: 0
DFA state entries in window  : 1: 100, 2: 7, 3: 0, 4: 0
DFA state entries cumulative : 1: 500, 2: 14, 3: 0, 4: 0
transitions cumulative       : 1->2: 14
accepted directly from s0    : 0
Gym endings cumulative       : terminated=500, truncated=0

Starting autonomous greedy evaluation at episode 500 (1000 fixed-seed episodes)...
[Greedy evaluation at episode 500 | 1000 fixed-seed episodes]
success=0.0%, failure=0.0%, task reward=0.000, length=127.0
DFA transitions: none
Best policy updated from autonomous greedy evaluation at episode 500.

[Episode 600/8000 | last 100]
success rate                : 0.0% (cumulative 0.0%)
failure rate                : 0.0% (cumulative 0.0%)
completed cycles / episode  : 0.000
synthetic task reward       : 0.000
shaping reward              : 0.000
learning reward             : 0.000
episode length              : 109.4
abstract changes / episode  : 25.1
same abstract-state steps   : 77.1%
same-state shaping / episode: 0.000
changed-state shaping / ep. : 0.000
terminal shaping / episode  : 0.000
DFA transitions / episode   : 0.02
DFA transitions in window   : 1->2: 2
epsilon (next episode)       : 0.78659
replay buffer                : 59877 samples [1: 99.1%, 2: 0.9%, 3: 0.0%, 4: 0.0%]
DFA state visits in window   : 1: 10978, 2: 62, 3: 0, 4: 0
DFA state visits cumulative  : 1: 59920, 2: 557, 3: 0, 4: 0
DFA state entries in window  : 1: 100, 2: 2, 3: 0, 4: 0
DFA state entries cumulative : 1: 600, 2: 16, 3: 0, 4: 0
transitions cumulative       : 1->2: 16
accepted directly from s0    : 0
Gym endings cumulative       : terminated=600, truncated=0

[Episode 700/8000 | last 100]
success rate                : 0.0% (cumulative 0.0%)
failure rate                : 0.0% (cumulative 0.0%)
completed cycles / episode  : 0.000
synthetic task reward       : 0.000
shaping reward              : 0.000
learning reward             : 0.000
episode length              : 118.4
abstract changes / episode  : 26.8
same abstract-state steps   : 77.4%
same-state shaping / episode: 0.000
changed-state shaping / ep. : 0.000
terminal shaping / episode  : 0.000
DFA transitions / episode   : 0.04
DFA transitions in window   : 1->2: 4
epsilon (next episode)       : 0.75574
replay buffer                : 71715 samples [1: 99.1%, 2: 0.9%, 3: 0.0%, 4: 0.0%]
DFA state visits in window   : 1: 11831, 2: 107, 3: 0, 4: 0
DFA state visits cumulative  : 1: 71751, 2: 664, 3: 0, 4: 0
DFA state entries in window  : 1: 100, 2: 4, 3: 0, 4: 0
DFA state entries cumulative : 1: 700, 2: 20, 3: 0, 4: 0
transitions cumulative       : 1->2: 20
accepted directly from s0    : 0
Gym endings cumulative       : terminated=700, truncated=0

[Episode 800/8000 | last 100]
success rate                : 0.0% (cumulative 0.0%)
failure rate                : 0.0% (cumulative 0.0%)
completed cycles / episode  : 0.000
synthetic task reward       : 0.000
shaping reward              : 0.000
learning reward             : 0.000
episode length              : 119.5
abstract changes / episode  : 26.4
same abstract-state steps   : 77.9%
same-state shaping / episode: 0.000
changed-state shaping / ep. : 0.000
terminal shaping / episode  : 0.000
DFA transitions / episode   : 0.00
DFA transitions in window   : none
epsilon (next episode)       : 0.72610
replay buffer                : 83670 samples [1: 99.2%, 2: 0.8%, 3: 0.0%, 4: 0.0%]
DFA state visits in window   : 1: 12055, 2: 0, 3: 0, 4: 0
DFA state visits cumulative  : 1: 83806, 2: 664, 3: 0, 4: 0
DFA state entries in window  : 1: 100, 2: 0, 3: 0, 4: 0
DFA state entries cumulative : 1: 800, 2: 20, 3: 0, 4: 0
transitions cumulative       : 1->2: 20
accepted directly from s0    : 0
Gym endings cumulative       : terminated=800, truncated=0

[Episode 900/8000 | last 100]
success rate                : 0.0% (cumulative 0.0%)
failure rate                : 0.0% (cumulative 0.0%)
completed cycles / episode  : 0.000
synthetic task reward       : 0.000
shaping reward              : 0.000
learning reward             : 0.000
episode length              : 131.5
abstract changes / episode  : 27.1
same abstract-state steps   : 79.4%
same-state shaping / episode: 0.000
changed-state shaping / ep. : 0.000
terminal shaping / episode  : 0.000
DFA transitions / episode   : 0.01
DFA transitions in window   : 1->2: 1
epsilon (next episode)       : 0.69763
replay buffer                : 96817 samples [1: 99.3%, 2: 0.7%, 3: 0.0%, 4: 0.0%]
DFA state visits in window   : 1: 13197, 2: 50, 3: 0, 4: 0
DFA state visits cumulative  : 1: 97003, 2: 714, 3: 0, 4: 0
DFA state entries in window  : 1: 100, 2: 1, 3: 0, 4: 0
DFA state entries cumulative : 1: 900, 2: 21, 3: 0, 4: 0
transitions cumulative       : 1->2: 21
accepted directly from s0    : 0
Gym endings cumulative       : terminated=899, truncated=1

[Episode 1000/8000 | last 100]
success rate                : 0.0% (cumulative 0.0%)
failure rate                : 0.0% (cumulative 0.0%)
completed cycles / episode  : 0.000
synthetic task reward       : 0.000
shaping reward              : 0.000
learning reward             : 0.000
episode length              : 132.4
abstract changes / episode  : 26.5
same abstract-state steps   : 80.0%
same-state shaping / episode: 0.000
changed-state shaping / ep. : 0.000
terminal shaping / episode  : 0.000
DFA transitions / episode   : 0.04
DFA transitions in window   : 1->2: 4
epsilon (next episode)       : 0.67027
replay buffer                : 110054 samples [1: 99.2%, 2: 0.8%, 3: 0.0%, 4: 0.0%]
DFA state visits in window   : 1: 13198, 2: 139, 3: 0, 4: 0
DFA state visits cumulative  : 1: 110201, 2: 853, 3: 0, 4: 0
DFA state entries in window  : 1: 100, 2: 4, 3: 0, 4: 0
DFA state entries cumulative : 1: 1000, 2: 25, 3: 0, 4: 0
transitions cumulative       : 1->2: 25
accepted directly from s0    : 0
Gym endings cumulative       : terminated=999, truncated=1

Starting autonomous greedy evaluation at episode 1000 (1000 fixed-seed episodes)...
[Greedy evaluation at episode 1000 | 1000 fixed-seed episodes]
success=0.0%, failure=0.0%, task reward=0.000, length=168.9
DFA transitions: none

[Episode 1100/8000 | last 100]
success rate                : 0.0% (cumulative 0.0%)
failure rate                : 0.0% (cumulative 0.0%)
completed cycles / episode  : 0.000
synthetic task reward       : 0.000
shaping reward              : 0.000
learning reward             : 0.000
episode length              : 156.0
abstract changes / episode  : 27.7
same abstract-state steps   : 82.2%
same-state shaping / episode: 0.000
changed-state shaping / ep. : 0.000
terminal shaping / episode  : 0.000
DFA transitions / episode   : 0.07
DFA transitions in window   : 1->2: 6, 2->3: 1
epsilon (next episode)       : 0.64398
replay buffer                : 125651 samples [1: 99.0%, 2: 1.0%, 3: 0.0%, 4: 0.0%]
DFA state visits in window   : 1: 15211, 2: 445, 3: 41, 4: 0
DFA state visits cumulative  : 1: 125412, 2: 1298, 3: 41, 4: 0
DFA state entries in window  : 1: 100, 2: 6, 3: 1, 4: 0
DFA state entries cumulative : 1: 1100, 2: 31, 3: 1, 4: 0
transitions cumulative       : 1->2: 31, 2->3: 1
accepted directly from s0    : 0
Gym endings cumulative       : terminated=1099, truncated=1

[Episode 1200/8000 | last 100]
success rate                : 0.0% (cumulative 0.0%)
failure rate                : 0.0% (cumulative 0.0%)
completed cycles / episode  : 0.000
synthetic task reward       : 0.000
shaping reward              : 0.000
learning reward             : 0.000
episode length              : 150.9
abstract changes / episode  : 26.5
same abstract-state steps   : 82.5%
same-state shaping / episode: 0.000
changed-state shaping / ep. : 0.000
terminal shaping / episode  : 0.000
DFA transitions / episode   : 0.02
DFA transitions in window   : 1->2: 2
epsilon (next episode)       : 0.61872
replay buffer                : 140743 samples [1: 99.0%, 2: 1.0%, 3: 0.0%, 4: 0.0%]
DFA state visits in window   : 1: 15052, 2: 140, 3: 0, 4: 0
DFA state visits cumulative  : 1: 140464, 2: 1438, 3: 41, 4: 0
DFA state entries in window  : 1: 100, 2: 2, 3: 0, 4: 0
DFA state entries cumulative : 1: 1200, 2: 33, 3: 1, 4: 0
transitions cumulative       : 1->2: 33, 2->3: 1
accepted directly from s0    : 0
Gym endings cumulative       : terminated=1199, truncated=1

[Episode 1300/8000 | last 100]
success rate                : 0.0% (cumulative 0.0%)
failure rate                : 0.0% (cumulative 0.0%)
completed cycles / episode  : 0.000
synthetic task reward       : 0.000
shaping reward              : 0.000
learning reward             : 0.000
episode length              : 152.3
abstract changes / episode  : 27.1
same abstract-state steps   : 82.2%
same-state shaping / episode: 0.000
changed-state shaping / ep. : 0.000
terminal shaping / episode  : 0.000
DFA transitions / episode   : 0.00
DFA transitions in window   : none
epsilon (next episode)       : 0.59446
replay buffer                : 155974 samples [1: 99.1%, 2: 0.9%, 3: 0.0%, 4: 0.0%]
DFA state visits in window   : 1: 15331, 2: 0, 3: 0, 4: 0
DFA state visits cumulative  : 1: 155795, 2: 1438, 3: 41, 4: 0
DFA state entries in window  : 1: 100, 2: 0, 3: 0, 4: 0
DFA state entries cumulative : 1: 1300, 2: 33, 3: 1, 4: 0
transitions cumulative       : 1->2: 33, 2->3: 1
accepted directly from s0    : 0
Gym endings cumulative       : terminated=1299, truncated=1

[Episode 1400/8000 | last 100]
success rate                : 0.0% (cumulative 0.0%)
failure rate                : 0.0% (cumulative 0.0%)
completed cycles / episode  : 0.000
synthetic task reward       : 0.000
shaping reward              : 0.000
learning reward             : 0.000
episode length              : 125.9
abstract changes / episode  : 26.5
same abstract-state steps   : 78.9%
same-state shaping / episode: 0.000
changed-state shaping / ep. : 0.000
terminal shaping / episode  : 0.000
DFA transitions / episode   : 0.00
DFA transitions in window   : none
epsilon (next episode)       : 0.57115
replay buffer                : 168561 samples [1: 99.1%, 2: 0.8%, 3: 0.0%, 4: 0.0%]
DFA state visits in window   : 1: 12687, 2: 0, 3: 0, 4: 0
DFA state visits cumulative  : 1: 168482, 2: 1438, 3: 41, 4: 0
DFA state entries in window  : 1: 100, 2: 0, 3: 0, 4: 0
DFA state entries cumulative : 1: 1400, 2: 33, 3: 1, 4: 0
transitions cumulative       : 1->2: 33, 2->3: 1
accepted directly from s0    : 0
Gym endings cumulative       : terminated=1399, truncated=1

[Episode 1500/8000 | last 100]
success rate                : 0.0% (cumulative 0.0%)
failure rate                : 0.0% (cumulative 0.0%)
completed cycles / episode  : 0.000
synthetic task reward       : 0.000
shaping reward              : 0.000
learning reward             : 0.000
episode length              : 104.4
abstract changes / episode  : 25.7
same abstract-state steps   : 75.4%
same-state shaping / episode: 0.000
changed-state shaping / ep. : 0.000
terminal shaping / episode  : 0.000
DFA transitions / episode   : 0.00
DFA transitions in window   : none
epsilon (next episode)       : 0.54875
replay buffer                : 179001 samples [1: 99.2%, 2: 0.8%, 3: 0.0%, 4: 0.0%]
DFA state visits in window   : 1: 10540, 2: 0, 3: 0, 4: 0
DFA state visits cumulative  : 1: 179022, 2: 1438, 3: 41, 4: 0
DFA state entries in window  : 1: 100, 2: 0, 3: 0, 4: 0
DFA state entries cumulative : 1: 1500, 2: 33, 3: 1, 4: 0
transitions cumulative       : 1->2: 33, 2->3: 1
accepted directly from s0    : 0
Gym endings cumulative       : terminated=1499, truncated=1

Starting autonomous greedy evaluation at episode 1500 (1000 fixed-seed episodes)...
[Greedy evaluation at episode 1500 | 1000 fixed-seed episodes]
success=0.0%, failure=0.0%, task reward=0.000, length=677.3
DFA transitions: 1->2: 290, 2->3: 39

[Episode 1600/8000 | last 100]
success rate                : 0.0% (cumulative 0.0%)
failure rate                : 0.0% (cumulative 0.0%)
completed cycles / episode  : 0.000
synthetic task reward       : 0.000
shaping reward              : 0.000
learning reward             : 0.000
episode length              : 102.9
abstract changes / episode  : 25.4
same abstract-state steps   : 75.3%
same-state shaping / episode: 0.000
changed-state shaping / ep. : 0.000
terminal shaping / episode  : 0.000
DFA transitions / episode   : 0.00
DFA transitions in window   : none
epsilon (next episode)       : 0.52722
replay buffer                : 189287 samples [1: 99.2%, 2: 0.7%, 3: 0.0%, 4: 0.0%]
DFA state visits in window   : 1: 10386, 2: 0, 3: 0, 4: 0
DFA state visits cumulative  : 1: 189408, 2: 1438, 3: 41, 4: 0
DFA state entries in window  : 1: 100, 2: 0, 3: 0, 4: 0
DFA state entries cumulative : 1: 1600, 2: 33, 3: 1, 4: 0
transitions cumulative       : 1->2: 33, 2->3: 1
accepted directly from s0    : 0
Gym endings cumulative       : terminated=1599, truncated=1

[Episode 1700/8000 | last 100]
success rate                : 0.0% (cumulative 0.0%)
failure rate                : 0.0% (cumulative 0.0%)
completed cycles / episode  : 0.000
synthetic task reward       : 0.000
shaping reward              : 0.000
learning reward             : 0.000
episode length              : 107.8
abstract changes / episode  : 25.7
same abstract-state steps   : 76.2%
same-state shaping / episode: 0.000
changed-state shaping / ep. : 0.000
terminal shaping / episode  : 0.000
DFA transitions / episode   : 0.00
DFA transitions in window   : none
epsilon (next episode)       : 0.50655
replay buffer                : 200068 samples [1: 99.3%, 2: 0.7%, 3: 0.0%, 4: 0.0%]
DFA state visits in window   : 1: 10881, 2: 0, 3: 0, 4: 0
DFA state visits cumulative  : 1: 200289, 2: 1438, 3: 41, 4: 0
DFA state entries in window  : 1: 100, 2: 0, 3: 0, 4: 0
DFA state entries cumulative : 1: 1700, 2: 33, 3: 1, 4: 0
transitions cumulative       : 1->2: 33, 2->3: 1
accepted directly from s0    : 0
Gym endings cumulative       : terminated=1699, truncated=1

[Episode 1800/8000 | last 100]
success rate                : 0.0% (cumulative 0.0%)
failure rate                : 0.0% (cumulative 0.0%)
completed cycles / episode  : 0.000
synthetic task reward       : 0.000
shaping reward              : 0.000
learning reward             : 0.000
episode length              : 117.6
abstract changes / episode  : 26.5
same abstract-state steps   : 77.5%
same-state shaping / episode: 0.000
changed-state shaping / ep. : 0.000
terminal shaping / episode  : 0.000
DFA transitions / episode   : 0.00
DFA transitions in window   : none
epsilon (next episode)       : 0.48668
replay buffer                : 211831 samples [1: 99.3%, 2: 0.7%, 3: 0.0%, 4: 0.0%]
DFA state visits in window   : 1: 11863, 2: 0, 3: 0, 4: 0
DFA state visits cumulative  : 1: 212152, 2: 1438, 3: 41, 4: 0
DFA state entries in window  : 1: 100, 2: 0, 3: 0, 4: 0
DFA state entries cumulative : 1: 1800, 2: 33, 3: 1, 4: 0
transitions cumulative       : 1->2: 33, 2->3: 1
accepted directly from s0    : 0
Gym endings cumulative       : terminated=1799, truncated=1

[Episode 1900/8000 | last 100]
success rate                : 0.0% (cumulative 0.0%)
failure rate                : 0.0% (cumulative 0.0%)
completed cycles / episode  : 0.000
synthetic task reward       : 0.000
shaping reward              : 0.000
learning reward             : 0.000
episode length              : 148.3
abstract changes / episode  : 27.4
same abstract-state steps   : 81.5%
same-state shaping / episode: 0.000
changed-state shaping / ep. : 0.000
terminal shaping / episode  : 0.000
DFA transitions / episode   : 0.00
DFA transitions in window   : none
epsilon (next episode)       : 0.46760
replay buffer                : 226657 samples [1: 99.4%, 2: 0.6%, 3: 0.0%, 4: 0.0%]
DFA state visits in window   : 1: 14926, 2: 0, 3: 0, 4: 0
DFA state visits cumulative  : 1: 227078, 2: 1438, 3: 41, 4: 0
DFA state entries in window  : 1: 100, 2: 0, 3: 0, 4: 0
DFA state entries cumulative : 1: 1900, 2: 33, 3: 1, 4: 0
transitions cumulative       : 1->2: 33, 2->3: 1
accepted directly from s0    : 0
Gym endings cumulative       : terminated=1897, truncated=3

[Episode 2000/8000 | last 100]
success rate                : 0.0% (cumulative 0.0%)
failure rate                : 0.0% (cumulative 0.0%)
completed cycles / episode  : 0.000
synthetic task reward       : 0.000
shaping reward              : 0.000
learning reward             : 0.000
episode length              : 208.5
abstract changes / episode  : 29.8
same abstract-state steps   : 85.7%
same-state shaping / episode: 0.000
changed-state shaping / ep. : 0.000
terminal shaping / episode  : 0.000
DFA transitions / episode   : 0.00
DFA transitions in window   : none
epsilon (next episode)       : 0.44926
replay buffer                : 247506 samples [1: 99.4%, 2: 0.6%, 3: 0.0%, 4: 0.0%]
DFA state visits in window   : 1: 20949, 2: 0, 3: 0, 4: 0
DFA state visits cumulative  : 1: 248027, 2: 1438, 3: 41, 4: 0
DFA state entries in window  : 1: 100, 2: 0, 3: 0, 4: 0
DFA state entries cumulative : 1: 2000, 2: 33, 3: 1, 4: 0
transitions cumulative       : 1->2: 33, 2->3: 1
accepted directly from s0    : 0
Gym endings cumulative       : terminated=1992, truncated=8

Starting autonomous greedy evaluation at episode 2000 (1000 fixed-seed episodes)...
[Greedy evaluation at episode 2000 | 1000 fixed-seed episodes]
success=0.0%, failure=0.0%, task reward=0.000, length=216.1
DFA transitions: none

[Episode 2100/8000 | last 100]
success rate                : 0.0% (cumulative 0.0%)
failure rate                : 0.0% (cumulative 0.0%)
completed cycles / episode  : 0.000
synthetic task reward       : 0.000
shaping reward              : 0.000
learning reward             : 0.000
episode length              : 196.6
abstract changes / episode  : 30.4
same abstract-state steps   : 84.5%
same-state shaping / episode: 0.000
changed-state shaping / ep. : 0.000
terminal shaping / episode  : 0.000
DFA transitions / episode   : 0.04
DFA transitions in window   : 1->2: 4
epsilon (next episode)       : 0.43164
replay buffer                : 267163 samples [1: 99.2%, 2: 0.8%, 3: 0.0%, 4: 0.0%]
DFA state visits in window   : 1: 19084, 2: 673, 3: 0, 4: 0
DFA state visits cumulative  : 1: 267111, 2: 2111, 3: 41, 4: 0
DFA state entries in window  : 1: 100, 2: 4, 3: 0, 4: 0
DFA state entries cumulative : 1: 2100, 2: 37, 3: 1, 4: 0
transitions cumulative       : 1->2: 37, 2->3: 1
accepted directly from s0    : 0
Gym endings cumulative       : terminated=2092, truncated=8

[Episode 2200/8000 | last 100]
success rate                : 0.0% (cumulative 0.0%)
failure rate                : 0.0% (cumulative 0.0%)
completed cycles / episode  : 0.000
synthetic task reward       : 0.000
shaping reward              : 0.000
learning reward             : 0.000
episode length              : 365.0
abstract changes / episode  : 40.8
same abstract-state steps   : 88.8%
same-state shaping / episode: 0.000
changed-state shaping / ep. : 0.000
terminal shaping / episode  : 0.000
DFA transitions / episode   : 0.15
DFA transitions in window   : 1->2: 13, 2->3: 2
epsilon (next episode)       : 0.41471
replay buffer                : 300000 samples [1: 98.4%, 2: 1.5%, 3: 0.1%, 4: 0.0%]
DFA state visits in window   : 1: 33771, 2: 2596, 3: 232, 4: 0
DFA state visits cumulative  : 1: 300882, 2: 4707, 3: 273, 4: 0
DFA state entries in window  : 1: 100, 2: 13, 3: 2, 4: 0
DFA state entries cumulative : 1: 2200, 2: 50, 3: 3, 4: 0
transitions cumulative       : 1->2: 50, 2->3: 3
accepted directly from s0    : 0
Gym endings cumulative       : terminated=2189, truncated=11

[Episode 2300/8000 | last 100]
success rate                : 0.0% (cumulative 0.0%)
failure rate                : 0.0% (cumulative 0.0%)
completed cycles / episode  : 0.000
synthetic task reward       : 0.000
shaping reward              : 0.000
learning reward             : 0.000
episode length              : 448.8
abstract changes / episode  : 46.1
same abstract-state steps   : 89.7%
same-state shaping / episode: 0.000
changed-state shaping / ep. : 0.000
terminal shaping / episode  : 0.000
DFA transitions / episode   : 0.08
DFA transitions in window   : 1->2: 7, 2->3: 1
epsilon (next episode)       : 0.39845
replay buffer                : 300000 samples [1: 97.9%, 2: 2.0%, 3: 0.1%, 4: 0.0%]
DFA state visits in window   : 1: 43183, 2: 1774, 3: 26, 4: 0
DFA state visits cumulative  : 1: 344065, 2: 6481, 3: 299, 4: 0
DFA state entries in window  : 1: 100, 2: 7, 3: 1, 4: 0
DFA state entries cumulative : 1: 2300, 2: 57, 3: 4, 4: 0
transitions cumulative       : 1->2: 57, 2->3: 4
accepted directly from s0    : 0
Gym endings cumulative       : terminated=2281, truncated=19

[Episode 2400/8000 | last 100]
success rate                : 1.0% (cumulative 0.0%)
failure rate                : 0.0% (cumulative 0.0%)
completed cycles / episode  : 0.000
synthetic task reward       : 100.000
shaping reward              : 0.000
learning reward             : 100.000
episode length              : 347.8
abstract changes / episode  : 38.0
same abstract-state steps   : 89.1%
same-state shaping / episode: 0.000
changed-state shaping / ep. : 0.000
terminal shaping / episode  : 0.000
DFA transitions / episode   : 0.08
DFA transitions in window   : 1->2: 6, 2->3: 1, 3->4: 1
epsilon (next episode)       : 0.38282
replay buffer                : 300000 samples [1: 97.7%, 2: 2.2%, 3: 0.1%, 4: 0.0%]
DFA state visits in window   : 1: 33903, 2: 905, 3: 71, 4: 1
DFA state visits cumulative  : 1: 377968, 2: 7386, 3: 370, 4: 1
DFA state entries in window  : 1: 100, 2: 6, 3: 1, 4: 1
DFA state entries cumulative : 1: 2400, 2: 63, 3: 5, 4: 1
transitions cumulative       : 1->2: 63, 2->3: 5, 3->4: 1
accepted directly from s0    : 0
Gym endings cumulative       : terminated=2374, truncated=25

[Episode 2500/8000 | last 100]
success rate                : 0.0% (cumulative 0.0%)
failure rate                : 0.0% (cumulative 0.0%)
completed cycles / episode  : 0.000
synthetic task reward       : 0.000
shaping reward              : 0.000
learning reward             : 0.000
episode length              : 556.8
abstract changes / episode  : 47.9
same abstract-state steps   : 91.4%
same-state shaping / episode: 0.000
changed-state shaping / ep. : 0.000
terminal shaping / episode  : 0.000
DFA transitions / episode   : 0.00
DFA transitions in window   : none
epsilon (next episode)       : 0.36781
replay buffer                : 300000 samples [1: 97.9%, 2: 2.0%, 3: 0.1%, 4: 0.0%]
DFA state visits in window   : 1: 55783, 2: 0, 3: 0, 4: 0
DFA state visits cumulative  : 1: 433751, 2: 7386, 3: 370, 4: 1
DFA state entries in window  : 1: 100, 2: 0, 3: 0, 4: 0
DFA state entries cumulative : 1: 2500, 2: 63, 3: 5, 4: 1
transitions cumulative       : 1->2: 63, 2->3: 5, 3->4: 1
accepted directly from s0    : 0
Gym endings cumulative       : terminated=2456, truncated=43

Starting autonomous greedy evaluation at episode 2500 (1000 fixed-seed episodes)...
[Greedy evaluation at episode 2500 | 1000 fixed-seed episodes]
success=0.0%, failure=0.0%, task reward=0.000, length=986.6
DFA transitions: 1->2: 14

[Episode 2600/8000 | last 100]
success rate                : 0.0% (cumulative 0.0%)
failure rate                : 0.0% (cumulative 0.0%)
completed cycles / episode  : 0.000
synthetic task reward       : 0.000
shaping reward              : 0.000
learning reward             : 0.000
episode length              : 366.5
abstract changes / episode  : 49.1
same abstract-state steps   : 86.6%
same-state shaping / episode: 0.000
changed-state shaping / ep. : 0.000
terminal shaping / episode  : 0.000
DFA transitions / episode   : 0.06
DFA transitions in window   : 1->2: 6
epsilon (next episode)       : 0.35338
replay buffer                : 300000 samples [1: 97.4%, 2: 2.5%, 3: 0.1%, 4: 0.0%]
DFA state visits in window   : 1: 35130, 2: 1616, 3: 0, 4: 0
DFA state visits cumulative  : 1: 468881, 2: 9002, 3: 370, 4: 1
DFA state entries in window  : 1: 100, 2: 6, 3: 0, 4: 0
DFA state entries cumulative : 1: 2600, 2: 69, 3: 5, 4: 1
transitions cumulative       : 1->2: 69, 2->3: 5, 3->4: 1
accepted directly from s0    : 0
Gym endings cumulative       : terminated=2552, truncated=47

[Episode 2700/8000 | last 100]
success rate                : 0.0% (cumulative 0.0%)
failure rate                : 0.0% (cumulative 0.0%)
completed cycles / episode  : 0.000
synthetic task reward       : 0.000
shaping reward              : 0.000
learning reward             : 0.000
episode length              : 242.7
abstract changes / episode  : 31.9
same abstract-state steps   : 86.9%
same-state shaping / episode: 0.000
changed-state shaping / ep. : 0.000
terminal shaping / episode  : 0.000
DFA transitions / episode   : 0.07
DFA transitions in window   : 1->2: 7
epsilon (next episode)       : 0.33952
replay buffer                : 300000 samples [1: 97.1%, 2: 2.8%, 3: 0.1%, 4: 0.0%]
DFA state visits in window   : 1: 23460, 2: 911, 3: 0, 4: 0
DFA state visits cumulative  : 1: 492341, 2: 9913, 3: 370, 4: 1
DFA state entries in window  : 1: 100, 2: 7, 3: 0, 4: 0
DFA state entries cumulative : 1: 2700, 2: 76, 3: 5, 4: 1
transitions cumulative       : 1->2: 76, 2->3: 5, 3->4: 1
accepted directly from s0    : 0
Gym endings cumulative       : terminated=2651, truncated=48

[Episode 2800/8000 | last 100]
success rate                : 0.0% (cumulative 0.0%)
failure rate                : 0.0% (cumulative 0.0%)
completed cycles / episode  : 0.000
synthetic task reward       : 0.000
shaping reward              : 0.000
learning reward             : 0.000
episode length              : 274.6
abstract changes / episode  : 31.9
same abstract-state steps   : 88.4%
same-state shaping / episode: 0.000
changed-state shaping / ep. : 0.000
terminal shaping / episode  : 0.000
DFA transitions / episode   : 0.01
DFA transitions in window   : 1->2: 1
epsilon (next episode)       : 0.32621
replay buffer                : 300000 samples [1: 97.0%, 2: 2.9%, 3: 0.1%, 4: 0.0%]
DFA state visits in window   : 1: 27376, 2: 182, 3: 0, 4: 0
DFA state visits cumulative  : 1: 519717, 2: 10095, 3: 370, 4: 1
DFA state entries in window  : 1: 100, 2: 1, 3: 0, 4: 0
DFA state entries cumulative : 1: 2800, 2: 77, 3: 5, 4: 1
transitions cumulative       : 1->2: 77, 2->3: 5, 3->4: 1
accepted directly from s0    : 0
Gym endings cumulative       : terminated=2750, truncated=49

[Episode 2900/8000 | last 100]
success rate                : 0.0% (cumulative 0.0%)
failure rate                : 0.0% (cumulative 0.0%)
completed cycles / episode  : 0.000
synthetic task reward       : 0.000
shaping reward              : 0.000
learning reward             : 0.000
episode length              : 505.7
abstract changes / episode  : 37.9
same abstract-state steps   : 92.5%
same-state shaping / episode: 0.000
changed-state shaping / ep. : 0.000
terminal shaping / episode  : 0.000
DFA transitions / episode   : 0.06
DFA transitions in window   : 1->2: 6
epsilon (next episode)       : 0.31341
replay buffer                : 300000 samples [1: 97.2%, 2: 2.7%, 3: 0.1%, 4: 0.0%]
DFA state visits in window   : 1: 49245, 2: 1429, 3: 0, 4: 0
DFA state visits cumulative  : 1: 568962, 2: 11524, 3: 370, 4: 1
DFA state entries in window  : 1: 100, 2: 6, 3: 0, 4: 0
DFA state entries cumulative : 1: 2900, 2: 83, 3: 5, 4: 1
transitions cumulative       : 1->2: 83, 2->3: 5, 3->4: 1
accepted directly from s0    : 0
Gym endings cumulative       : terminated=2835, truncated=64

[Episode 3000/8000 | last 100]
success rate                : 0.0% (cumulative 0.0%)
failure rate                : 0.0% (cumulative 0.0%)
completed cycles / episode  : 0.000
synthetic task reward       : 0.000
shaping reward              : 0.000
learning reward             : 0.000
episode length              : 437.4
abstract changes / episode  : 37.8
same abstract-state steps   : 91.4%
same-state shaping / episode: 0.000
changed-state shaping / ep. : 0.000
terminal shaping / episode  : 0.000
DFA transitions / episode   : 0.14
DFA transitions in window   : 1->2: 14
epsilon (next episode)       : 0.30112
replay buffer                : 300000 samples [1: 96.9%, 2: 3.1%, 3: 0.0%, 4: 0.0%]
DFA state visits in window   : 1: 40001, 2: 3834, 3: 0, 4: 0
DFA state visits cumulative  : 1: 608963, 2: 15358, 3: 370, 4: 1
DFA state entries in window  : 1: 100, 2: 14, 3: 0, 4: 0
DFA state entries cumulative : 1: 3000, 2: 97, 3: 5, 4: 1
transitions cumulative       : 1->2: 97, 2->3: 5, 3->4: 1
accepted directly from s0    : 0
Gym endings cumulative       : terminated=2918, truncated=81

Starting autonomous greedy evaluation at episode 3000 (1000 fixed-seed episodes)...
[Greedy evaluation at episode 3000 | 1000 fixed-seed episodes]
success=0.0%, failure=0.0%, task reward=0.000, length=233.9
DFA transitions: 1->2: 42

[Episode 3100/8000 | last 100]
success rate                : 0.0% (cumulative 0.0%)
failure rate                : 0.0% (cumulative 0.0%)
completed cycles / episode  : 0.000
synthetic task reward       : 0.000
shaping reward              : 0.000
learning reward             : 0.000
episode length              : 392.4
abstract changes / episode  : 37.1
same abstract-state steps   : 90.5%
same-state shaping / episode: 0.000
changed-state shaping / ep. : 0.000
terminal shaping / episode  : 0.000
DFA transitions / episode   : 0.43
DFA transitions in window   : 1->2: 35, 2->3: 8
epsilon (next episode)       : 0.28931
replay buffer                : 300000 samples [1: 93.1%, 2: 6.6%, 3: 0.2%, 4: 0.0%]
DFA state visits in window   : 1: 27214, 2: 11390, 3: 738, 4: 0
DFA state visits cumulative  : 1: 636177, 2: 26748, 3: 1108, 4: 1
DFA state entries in window  : 1: 100, 2: 35, 3: 8, 4: 0
DFA state entries cumulative : 1: 3100, 2: 132, 3: 13, 4: 1
transitions cumulative       : 1->2: 132, 2->3: 13, 3->4: 1
accepted directly from s0    : 0
Gym endings cumulative       : terminated=3005, truncated=94

[Episode 3200/8000 | last 100]
success rate                : 1.0% (cumulative 0.1%)
failure rate                : 0.0% (cumulative 0.0%)
completed cycles / episode  : 0.000
synthetic task reward       : 100.000
shaping reward              : 0.000
learning reward             : 100.000
episode length              : 504.4
abstract changes / episode  : 25.9
same abstract-state steps   : 94.9%
same-state shaping / episode: 0.000
changed-state shaping / ep. : 0.000
terminal shaping / episode  : 0.000
DFA transitions / episode   : 0.06
DFA transitions in window   : 1->2: 4, 2->3: 1, 3->4: 1
epsilon (next episode)       : 0.27797
replay buffer                : 300000 samples [1: 93.0%, 2: 6.8%, 3: 0.3%, 4: 0.0%]
DFA state visits in window   : 1: 49460, 2: 988, 3: 90, 4: 1
DFA state visits cumulative  : 1: 685637, 2: 27736, 3: 1198, 4: 2
DFA state entries in window  : 1: 100, 2: 4, 3: 1, 4: 1
DFA state entries cumulative : 1: 3200, 2: 136, 3: 14, 4: 2
transitions cumulative       : 1->2: 136, 2->3: 14, 3->4: 2
accepted directly from s0    : 0
Gym endings cumulative       : terminated=3074, truncated=124

[Episode 3300/8000 | last 100]
success rate                : 0.0% (cumulative 0.1%)
failure rate                : 0.0% (cumulative 0.0%)
completed cycles / episode  : 0.000
synthetic task reward       : 0.000
shaping reward              : 0.000
learning reward             : 0.000
episode length              : 641.6
abstract changes / episode  : 29.1
same abstract-state steps   : 95.5%
same-state shaping / episode: 0.000
changed-state shaping / ep. : 0.000
terminal shaping / episode  : 0.000
DFA transitions / episode   : 0.04
DFA transitions in window   : 1->2: 4
epsilon (next episode)       : 0.26706
replay buffer                : 300000 samples [1: 93.2%, 2: 6.6%, 3: 0.3%, 4: 0.0%]
DFA state visits in window   : 1: 63276, 2: 984, 3: 0, 4: 0
DFA state visits cumulative  : 1: 748913, 2: 28720, 3: 1198, 4: 2
DFA state entries in window  : 1: 100, 2: 4, 3: 0, 4: 0
DFA state entries cumulative : 1: 3300, 2: 140, 3: 14, 4: 2
transitions cumulative       : 1->2: 140, 2->3: 14, 3->4: 2
accepted directly from s0    : 0
Gym endings cumulative       : terminated=3128, truncated=170

[Episode 3400/8000 | last 100]
success rate                : 0.0% (cumulative 0.1%)
failure rate                : 0.0% (cumulative 0.0%)
completed cycles / episode  : 0.000
synthetic task reward       : 0.000
shaping reward              : 0.000
learning reward             : 0.000
episode length              : 170.8
abstract changes / episode  : 30.1
same abstract-state steps   : 82.4%
same-state shaping / episode: 0.000
changed-state shaping / ep. : 0.000
terminal shaping / episode  : 0.000
DFA transitions / episode   : 0.06
DFA transitions in window   : 1->2: 5, 2->3: 1
epsilon (next episode)       : 0.25659
replay buffer                : 300000 samples [1: 93.0%, 2: 6.7%, 3: 0.3%, 4: 0.0%]
DFA state visits in window   : 1: 15822, 2: 1241, 3: 121, 4: 0
DFA state visits cumulative  : 1: 764735, 2: 29961, 3: 1319, 4: 2
DFA state entries in window  : 1: 100, 2: 5, 3: 1, 4: 0
DFA state entries cumulative : 1: 3400, 2: 145, 3: 15, 4: 2
transitions cumulative       : 1->2: 145, 2->3: 15, 3->4: 2
accepted directly from s0    : 0
Gym endings cumulative       : terminated=3227, truncated=171

[Episode 3500/8000 | last 100]
success rate                : 0.0% (cumulative 0.1%)
failure rate                : 0.0% (cumulative 0.0%)
completed cycles / episode  : 0.000
synthetic task reward       : 0.000
shaping reward              : 0.000
learning reward             : 0.000
episode length              : 326.7
abstract changes / episode  : 29.2
same abstract-state steps   : 91.1%
same-state shaping / episode: 0.000
changed-state shaping / ep. : 0.000
terminal shaping / episode  : 0.000
DFA transitions / episode   : 0.05
DFA transitions in window   : 1->2: 5
epsilon (next episode)       : 0.24653
replay buffer                : 300000 samples [1: 92.6%, 2: 7.0%, 3: 0.3%, 4: 0.0%]
DFA state visits in window   : 1: 31422, 2: 1346, 3: 0, 4: 0
DFA state visits cumulative  : 1: 796157, 2: 31307, 3: 1319, 4: 2
DFA state entries in window  : 1: 100, 2: 5, 3: 0, 4: 0
DFA state entries cumulative : 1: 3500, 2: 150, 3: 15, 4: 2
transitions cumulative       : 1->2: 150, 2->3: 15, 3->4: 2
accepted directly from s0    : 0
Gym endings cumulative       : terminated=3318, truncated=180

Starting autonomous greedy evaluation at episode 3500 (1000 fixed-seed episodes)...
[Greedy evaluation at episode 3500 | 1000 fixed-seed episodes]
success=0.0%, failure=0.0%, task reward=0.000, length=216.8
DFA transitions: 1->2: 3

[Episode 3600/8000 | last 100]
success rate                : 0.0% (cumulative 0.1%)
failure rate                : 0.0% (cumulative 0.0%)
completed cycles / episode  : 0.000
synthetic task reward       : 0.000
shaping reward              : 0.000
learning reward             : 0.000
episode length              : 316.1
abstract changes / episode  : 37.1
same abstract-state steps   : 88.3%
same-state shaping / episode: 0.000
changed-state shaping / ep. : 0.000
terminal shaping / episode  : 0.000
DFA transitions / episode   : 0.03
DFA transitions in window   : 1->2: 3
epsilon (next episode)       : 0.23686
replay buffer                : 300000 samples [1: 92.7%, 2: 7.0%, 3: 0.3%, 4: 0.0%]
DFA state visits in window   : 1: 31566, 2: 146, 3: 0, 4: 0
DFA state visits cumulative  : 1: 827723, 2: 31453, 3: 1319, 4: 2
DFA state entries in window  : 1: 100, 2: 3, 3: 0, 4: 0
DFA state entries cumulative : 1: 3600, 2: 153, 3: 15, 4: 2
transitions cumulative       : 1->2: 153, 2->3: 15, 3->4: 2
accepted directly from s0    : 0
Gym endings cumulative       : terminated=3417, truncated=181

[Episode 3700/8000 | last 100]
success rate                : 0.0% (cumulative 0.1%)
failure rate                : 0.0% (cumulative 0.0%)
completed cycles / episode  : 0.000
synthetic task reward       : 0.000
shaping reward              : 0.000
learning reward             : 0.000
episode length              : 200.9
abstract changes / episode  : 26.6
same abstract-state steps   : 86.8%
same-state shaping / episode: 0.000
changed-state shaping / ep. : 0.000
terminal shaping / episode  : 0.000
DFA transitions / episode   : 0.05
DFA transitions in window   : 1->2: 4, 2->3: 1
epsilon (next episode)       : 0.22757
replay buffer                : 300000 samples [1: 93.0%, 2: 6.7%, 3: 0.3%, 4: 0.0%]
DFA state visits in window   : 1: 19860, 2: 310, 3: 22, 4: 0
DFA state visits cumulative  : 1: 847583, 2: 31763, 3: 1341, 4: 2
DFA state entries in window  : 1: 100, 2: 4, 3: 1, 4: 0
DFA state entries cumulative : 1: 3700, 2: 157, 3: 16, 4: 2
transitions cumulative       : 1->2: 157, 2->3: 16, 3->4: 2
accepted directly from s0    : 0
Gym endings cumulative       : terminated=3515, truncated=183

[Episode 3800/8000 | last 100]
success rate                : 0.0% (cumulative 0.1%)
failure rate                : 0.0% (cumulative 0.0%)
completed cycles / episode  : 0.000
synthetic task reward       : 0.000
shaping reward              : 0.000
learning reward             : 0.000
episode length              : 183.8
abstract changes / episode  : 22.3
same abstract-state steps   : 87.9%
same-state shaping / episode: 0.000
changed-state shaping / ep. : 0.000
terminal shaping / episode  : 0.000
DFA transitions / episode   : 0.04
DFA transitions in window   : 1->2: 4
epsilon (next episode)       : 0.21865
replay buffer                : 300000 samples [1: 93.0%, 2: 6.7%, 3: 0.3%, 4: 0.0%]
DFA state visits in window   : 1: 17943, 2: 534, 3: 0, 4: 0
DFA state visits cumulative  : 1: 865526, 2: 32297, 3: 1341, 4: 2
DFA state entries in window  : 1: 100, 2: 4, 3: 0, 4: 0
DFA state entries cumulative : 1: 3800, 2: 161, 3: 16, 4: 2
transitions cumulative       : 1->2: 161, 2->3: 16, 3->4: 2
accepted directly from s0    : 0
Gym endings cumulative       : terminated=3615, truncated=183

[Episode 3900/8000 | last 100]
success rate                : 0.0% (cumulative 0.1%)
failure rate                : 0.0% (cumulative 0.0%)
completed cycles / episode  : 0.000
synthetic task reward       : 0.000
shaping reward              : 0.000
learning reward             : 0.000
episode length              : 143.0
abstract changes / episode  : 23.0
same abstract-state steps   : 83.9%
same-state shaping / episode: 0.000
changed-state shaping / ep. : 0.000
terminal shaping / episode  : 0.000
DFA transitions / episode   : 0.15
DFA transitions in window   : 1->2: 15
epsilon (next episode)       : 0.21007
replay buffer                : 300000 samples [1: 93.0%, 2: 6.7%, 3: 0.3%, 4: 0.0%]
DFA state visits in window   : 1: 13860, 2: 544, 3: 0, 4: 0
DFA state visits cumulative  : 1: 879386, 2: 32841, 3: 1341, 4: 2
DFA state entries in window  : 1: 100, 2: 15, 3: 0, 4: 0
DFA state entries cumulative : 1: 3900, 2: 176, 3: 16, 4: 2
transitions cumulative       : 1->2: 176, 2->3: 16, 3->4: 2
accepted directly from s0    : 0
Gym endings cumulative       : terminated=3715, truncated=183

[Episode 4000/8000 | last 100]
success rate                : 0.0% (cumulative 0.1%)
failure rate                : 0.0% (cumulative 0.0%)
completed cycles / episode  : 0.000
synthetic task reward       : 0.000
shaping reward              : 0.000
learning reward             : 0.000
episode length              : 579.1
abstract changes / episode  : 37.7
same abstract-state steps   : 93.5%
same-state shaping / episode: 0.000
changed-state shaping / ep. : 0.000
terminal shaping / episode  : 0.000
DFA transitions / episode   : 0.28
DFA transitions in window   : 1->2: 28
epsilon (next episode)       : 0.20183
replay buffer                : 300000 samples [1: 94.5%, 2: 5.4%, 3: 0.0%, 4: 0.0%]
DFA state visits in window   : 1: 46825, 2: 11183, 3: 0, 4: 0
DFA state visits cumulative  : 1: 926211, 2: 44024, 3: 1341, 4: 2
DFA state entries in window  : 1: 100, 2: 28, 3: 0, 4: 0
DFA state entries cumulative : 1: 4000, 2: 204, 3: 16, 4: 2
transitions cumulative       : 1->2: 204, 2->3: 16, 3->4: 2
accepted directly from s0    : 0
Gym endings cumulative       : terminated=3787, truncated=211

Starting autonomous greedy evaluation at episode 4000 (1000 fixed-seed episodes)...
[Greedy evaluation at episode 4000 | 1000 fixed-seed episodes]
success=0.0%, failure=0.0%, task reward=0.000, length=852.3
DFA transitions: none

[Episode 4100/8000 | last 100]
success rate                : 0.0% (cumulative 0.0%)
failure rate                : 0.0% (cumulative 0.0%)
completed cycles / episode  : 0.000
synthetic task reward       : 0.000
shaping reward              : 0.000
learning reward             : 0.000
episode length              : 739.1
abstract changes / episode  : 44.2
same abstract-state steps   : 94.0%
same-state shaping / episode: 0.000
changed-state shaping / ep. : 0.000
terminal shaping / episode  : 0.000
DFA transitions / episode   : 0.15
DFA transitions in window   : 1->2: 15
epsilon (next episode)       : 0.19392
replay buffer                : 300000 samples [1: 92.6%, 2: 7.3%, 3: 0.0%, 4: 0.0%]
DFA state visits in window   : 1: 68301, 2: 5708, 3: 0, 4: 0
DFA state visits cumulative  : 1: 994512, 2: 49732, 3: 1341, 4: 2
DFA state entries in window  : 1: 100, 2: 15, 3: 0, 4: 0
DFA state entries cumulative : 1: 4100, 2: 219, 3: 16, 4: 2
transitions cumulative       : 1->2: 219, 2->3: 16, 3->4: 2
accepted directly from s0    : 0
Gym endings cumulative       : terminated=3848, truncated=250

[Episode 4200/8000 | last 100]
success rate                : 0.0% (cumulative 0.0%)
failure rate                : 0.0% (cumulative 0.0%)
completed cycles / episode  : 0.000
synthetic task reward       : 0.000
shaping reward              : 0.000
learning reward             : 0.000
episode length              : 411.9
abstract changes / episode  : 34.2
same abstract-state steps   : 91.7%
same-state shaping / episode: 0.000
changed-state shaping / ep. : 0.000
terminal shaping / episode  : 0.000
DFA transitions / episode   : 0.01
DFA transitions in window   : 1->2: 1
epsilon (next episode)       : 0.18631
replay buffer                : 300000 samples [1: 93.4%, 2: 6.6%, 3: 0.0%, 4: 0.0%]
DFA state visits in window   : 1: 41264, 2: 25, 3: 0, 4: 0
DFA state visits cumulative  : 1: 1035776, 2: 49757, 3: 1341, 4: 2
DFA state entries in window  : 1: 100, 2: 1, 3: 0, 4: 0
DFA state entries cumulative : 1: 4200, 2: 220, 3: 16, 4: 2
transitions cumulative       : 1->2: 220, 2->3: 16, 3->4: 2
accepted directly from s0    : 0
Gym endings cumulative       : terminated=3942, truncated=256

[Episode 4300/8000 | last 100]
success rate                : 0.0% (cumulative 0.0%)
failure rate                : 0.0% (cumulative 0.0%)
completed cycles / episode  : 0.000
synthetic task reward       : 0.000
shaping reward              : 0.000
learning reward             : 0.000
episode length              : 310.9
abstract changes / episode  : 27.0
same abstract-state steps   : 91.3%
same-state shaping / episode: 0.000
changed-state shaping / ep. : 0.000
terminal shaping / episode  : 0.000
DFA transitions / episode   : 0.07
DFA transitions in window   : 1->2: 7
epsilon (next episode)       : 0.17900
replay buffer                : 300000 samples [1: 93.8%, 2: 6.2%, 3: 0.0%, 4: 0.0%]
DFA state visits in window   : 1: 31040, 2: 146, 3: 0, 4: 0
DFA state visits cumulative  : 1: 1066816, 2: 49903, 3: 1341, 4: 2
DFA state entries in window  : 1: 100, 2: 7, 3: 0, 4: 0
DFA state entries cumulative : 1: 4300, 2: 227, 3: 16, 4: 2
transitions cumulative       : 1->2: 227, 2->3: 16, 3->4: 2
accepted directly from s0    : 0
Gym endings cumulative       : terminated=4037, truncated=261

[Episode 4400/8000 | last 100]
success rate                : 0.0% (cumulative 0.0%)
failure rate                : 0.0% (cumulative 0.0%)
completed cycles / episode  : 0.000
synthetic task reward       : 0.000
shaping reward              : 0.000
learning reward             : 0.000
episode length              : 162.3
abstract changes / episode  : 27.1
same abstract-state steps   : 83.3%
same-state shaping / episode: 0.000
changed-state shaping / ep. : 0.000
terminal shaping / episode  : 0.000
DFA transitions / episode   : 0.01
DFA transitions in window   : 1->2: 1
epsilon (next episode)       : 0.17198
replay buffer                : 300000 samples [1: 93.8%, 2: 6.2%, 3: 0.0%, 4: 0.0%]
DFA state visits in window   : 1: 16295, 2: 33, 3: 0, 4: 0
DFA state visits cumulative  : 1: 1083111, 2: 49936, 3: 1341, 4: 2
DFA state entries in window  : 1: 100, 2: 1, 3: 0, 4: 0
DFA state entries cumulative : 1: 4400, 2: 228, 3: 16, 4: 2
transitions cumulative       : 1->2: 228, 2->3: 16, 3->4: 2
accepted directly from s0    : 0
Gym endings cumulative       : terminated=4134, truncated=264

[Episode 4500/8000 | last 100]
success rate                : 0.0% (cumulative 0.0%)
failure rate                : 0.0% (cumulative 0.0%)
completed cycles / episode  : 0.000
synthetic task reward       : 0.000
shaping reward              : 0.000
learning reward             : 0.000
episode length              : 337.2
abstract changes / episode  : 21.5
same abstract-state steps   : 93.6%
same-state shaping / episode: 0.000
changed-state shaping / ep. : 0.000
terminal shaping / episode  : 0.000
DFA transitions / episode   : 0.03
DFA transitions in window   : 1->2: 3
epsilon (next episode)       : 0.16524
replay buffer                : 300000 samples [1: 93.8%, 2: 6.2%, 3: 0.0%, 4: 0.0%]
DFA state visits in window   : 1: 33725, 2: 98, 3: 0, 4: 0
DFA state visits cumulative  : 1: 1116836, 2: 50034, 3: 1341, 4: 2
DFA state entries in window  : 1: 100, 2: 3, 3: 0, 4: 0
DFA state entries cumulative : 1: 4500, 2: 231, 3: 16, 4: 2
transitions cumulative       : 1->2: 231, 2->3: 16, 3->4: 2
accepted directly from s0    : 0
Gym endings cumulative       : terminated=4231, truncated=267

Starting autonomous greedy evaluation at episode 4500 (1000 fixed-seed episodes)...
[Greedy evaluation at episode 4500 | 1000 fixed-seed episodes]
success=0.0%, failure=0.0%, task reward=0.000, length=305.7
DFA transitions: 1->2: 12

[Episode 4600/8000 | last 100]
success rate                : 0.0% (cumulative 0.0%)
failure rate                : 0.0% (cumulative 0.0%)
completed cycles / episode  : 0.000
synthetic task reward       : 0.000
shaping reward              : 0.000
learning reward             : 0.000
episode length              : 511.5
abstract changes / episode  : 22.6
same abstract-state steps   : 95.6%
same-state shaping / episode: 0.000
changed-state shaping / ep. : 0.000
terminal shaping / episode  : 0.000
DFA transitions / episode   : 0.01
DFA transitions in window   : 1->2: 1
epsilon (next episode)       : 0.15876
replay buffer                : 300000 samples [1: 94.0%, 2: 6.0%, 3: 0.0%, 4: 0.0%]
DFA state visits in window   : 1: 50378, 2: 871, 3: 0, 4: 0
DFA state visits cumulative  : 1: 1167214, 2: 50905, 3: 1341, 4: 2
DFA state entries in window  : 1: 100, 2: 1, 3: 0, 4: 0
DFA state entries cumulative : 1: 4600, 2: 232, 3: 16, 4: 2
transitions cumulative       : 1->2: 232, 2->3: 16, 3->4: 2
accepted directly from s0    : 0
Gym endings cumulative       : terminated=4302, truncated=296

[Episode 4700/8000 | last 100]
success rate                : 0.0% (cumulative 0.0%)
failure rate                : 0.0% (cumulative 0.0%)
completed cycles / episode  : 0.000
synthetic task reward       : 0.000
shaping reward              : 0.000
learning reward             : 0.000
episode length              : 96.9
abstract changes / episode  : 26.3
same abstract-state steps   : 72.8%
same-state shaping / episode: 0.000
changed-state shaping / ep. : 0.000
terminal shaping / episode  : 0.000
DFA transitions / episode   : 0.00
DFA transitions in window   : none
epsilon (next episode)       : 0.15253
replay buffer                : 300000 samples [1: 94.1%, 2: 5.9%, 3: 0.0%, 4: 0.0%]
DFA state visits in window   : 1: 9792, 2: 0, 3: 0, 4: 0
DFA state visits cumulative  : 1: 1177006, 2: 50905, 3: 1341, 4: 2
DFA state entries in window  : 1: 100, 2: 0, 3: 0, 4: 0
DFA state entries cumulative : 1: 4700, 2: 232, 3: 16, 4: 2
transitions cumulative       : 1->2: 232, 2->3: 16, 3->4: 2
accepted directly from s0    : 0
Gym endings cumulative       : terminated=4402, truncated=296

[Episode 4800/8000 | last 100]
success rate                : 0.0% (cumulative 0.0%)
failure rate                : 0.0% (cumulative 0.0%)
completed cycles / episode  : 0.000
synthetic task reward       : 0.000
shaping reward              : 0.000
learning reward             : 0.000
episode length              : 139.9
abstract changes / episode  : 22.8
same abstract-state steps   : 83.7%
same-state shaping / episode: 0.000
changed-state shaping / ep. : 0.000
terminal shaping / episode  : 0.000
DFA transitions / episode   : 0.02
DFA transitions in window   : 1->2: 2
epsilon (next episode)       : 0.14655
replay buffer                : 300000 samples [1: 95.2%, 2: 4.8%, 3: 0.0%, 4: 0.0%]
DFA state visits in window   : 1: 14019, 2: 68, 3: 0, 4: 0
DFA state visits cumulative  : 1: 1191025, 2: 50973, 3: 1341, 4: 2
DFA state entries in window  : 1: 100, 2: 2, 3: 0, 4: 0
DFA state entries cumulative : 1: 4800, 2: 234, 3: 16, 4: 2
transitions cumulative       : 1->2: 234, 2->3: 16, 3->4: 2
accepted directly from s0    : 0
Gym endings cumulative       : terminated=4502, truncated=296

[Episode 4900/8000 | last 100]
success rate                : 0.0% (cumulative 0.0%)
failure rate                : 0.0% (cumulative 0.0%)
completed cycles / episode  : 0.000
synthetic task reward       : 0.000
shaping reward              : 0.000
learning reward             : 0.000
episode length              : 229.9
abstract changes / episode  : 24.8
same abstract-state steps   : 89.2%
same-state shaping / episode: 0.000
changed-state shaping / ep. : 0.000
terminal shaping / episode  : 0.000
DFA transitions / episode   : 0.13
DFA transitions in window   : 1->2: 13
epsilon (next episode)       : 0.14080
replay buffer                : 300000 samples [1: 97.1%, 2: 2.9%, 3: 0.0%, 4: 0.0%]
DFA state visits in window   : 1: 21345, 2: 1743, 3: 0, 4: 0
DFA state visits cumulative  : 1: 1212370, 2: 52716, 3: 1341, 4: 2
DFA state entries in window  : 1: 100, 2: 13, 3: 0, 4: 0
DFA state entries cumulative : 1: 4900, 2: 247, 3: 16, 4: 2
transitions cumulative       : 1->2: 247, 2->3: 16, 3->4: 2
accepted directly from s0    : 0
Gym endings cumulative       : terminated=4602, truncated=296

[Episode 5000/8000 | last 100]
success rate                : 0.0% (cumulative 0.0%)
failure rate                : 0.0% (cumulative 0.0%)
completed cycles / episode  : 0.000
synthetic task reward       : 0.000
shaping reward              : 0.000
learning reward             : 0.000
episode length              : 390.7
abstract changes / episode  : 27.3
same abstract-state steps   : 93.0%
same-state shaping / episode: 0.000
changed-state shaping / ep. : 0.000
terminal shaping / episode  : 0.000
DFA transitions / episode   : 0.01
DFA transitions in window   : 1->2: 1
epsilon (next episode)       : 0.13528
replay buffer                : 300000 samples [1: 99.0%, 2: 1.0%, 3: 0.0%, 4: 0.0%]
DFA state visits in window   : 1: 39137, 2: 30, 3: 0, 4: 0
DFA state visits cumulative  : 1: 1251507, 2: 52746, 3: 1341, 4: 2
DFA state entries in window  : 1: 100, 2: 1, 3: 0, 4: 0
DFA state entries cumulative : 1: 5000, 2: 248, 3: 16, 4: 2
transitions cumulative       : 1->2: 248, 2->3: 16, 3->4: 2
accepted directly from s0    : 0
Gym endings cumulative       : terminated=4702, truncated=296

Starting autonomous greedy evaluation at episode 5000 (1000 fixed-seed episodes)...
[Greedy evaluation at episode 5000 | 1000 fixed-seed episodes]
success=0.0%, failure=0.0%, task reward=0.000, length=676.3
DFA transitions: 1->2: 44

[Episode 5100/8000 | last 100]
success rate                : 0.0% (cumulative 0.0%)
failure rate                : 0.0% (cumulative 0.0%)
completed cycles / episode  : 0.000
synthetic task reward       : 0.000
shaping reward              : 0.000
learning reward             : 0.000
episode length              : 382.0
abstract changes / episode  : 38.5
same abstract-state steps   : 89.9%
same-state shaping / episode: 0.000
changed-state shaping / ep. : 0.000
terminal shaping / episode  : 0.000
DFA transitions / episode   : 0.09
DFA transitions in window   : 1->2: 9
epsilon (next episode)       : 0.12998
replay buffer                : 300000 samples [1: 98.9%, 2: 1.1%, 3: 0.0%, 4: 0.0%]
DFA state visits in window   : 1: 37879, 2: 425, 3: 0, 4: 0
DFA state visits cumulative  : 1: 1289386, 2: 53171, 3: 1341, 4: 2
DFA state entries in window  : 1: 100, 2: 9, 3: 0, 4: 0
DFA state entries cumulative : 1: 5100, 2: 257, 3: 16, 4: 2
transitions cumulative       : 1->2: 257, 2->3: 16, 3->4: 2
accepted directly from s0    : 0
Gym endings cumulative       : terminated=4802, truncated=296

[Episode 5200/8000 | last 100]
success rate                : 0.0% (cumulative 0.0%)
failure rate                : 0.0% (cumulative 0.0%)
completed cycles / episode  : 0.000
synthetic task reward       : 0.000
shaping reward              : 0.000
learning reward             : 0.000
episode length              : 345.4
abstract changes / episode  : 34.4
same abstract-state steps   : 90.0%
same-state shaping / episode: 0.000
changed-state shaping / ep. : 0.000
terminal shaping / episode  : 0.000
DFA transitions / episode   : 0.04
DFA transitions in window   : 1->2: 4
epsilon (next episode)       : 0.12488
replay buffer                : 300000 samples [1: 98.7%, 2: 1.3%, 3: 0.0%, 4: 0.0%]
DFA state visits in window   : 1: 34276, 2: 368, 3: 0, 4: 0
DFA state visits cumulative  : 1: 1323662, 2: 53539, 3: 1341, 4: 2
DFA state entries in window  : 1: 100, 2: 4, 3: 0, 4: 0
DFA state entries cumulative : 1: 5200, 2: 261, 3: 16, 4: 2
transitions cumulative       : 1->2: 261, 2->3: 16, 3->4: 2
accepted directly from s0    : 0
Gym endings cumulative       : terminated=4899, truncated=299

[Episode 5300/8000 | last 100]
success rate                : 0.0% (cumulative 0.0%)
failure rate                : 0.0% (cumulative 0.0%)
completed cycles / episode  : 0.000
synthetic task reward       : 0.000
shaping reward              : 0.000
learning reward             : 0.000
episode length              : 254.3
abstract changes / episode  : 30.3
same abstract-state steps   : 88.1%
same-state shaping / episode: 0.000
changed-state shaping / ep. : 0.000
terminal shaping / episode  : 0.000
DFA transitions / episode   : 0.00
DFA transitions in window   : none
epsilon (next episode)       : 0.11998
replay buffer                : 300000 samples [1: 98.8%, 2: 1.2%, 3: 0.0%, 4: 0.0%]
DFA state visits in window   : 1: 25531, 2: 0, 3: 0, 4: 0
DFA state visits cumulative  : 1: 1349193, 2: 53539, 3: 1341, 4: 2
DFA state entries in window  : 1: 100, 2: 0, 3: 0, 4: 0
DFA state entries cumulative : 1: 5300, 2: 261, 3: 16, 4: 2
transitions cumulative       : 1->2: 261, 2->3: 16, 3->4: 2
accepted directly from s0    : 0
Gym endings cumulative       : terminated=4999, truncated=299

[Episode 5400/8000 | last 100]
success rate                : 0.0% (cumulative 0.0%)
failure rate                : 0.0% (cumulative 0.0%)
completed cycles / episode  : 0.000
synthetic task reward       : 0.000
shaping reward              : 0.000
learning reward             : 0.000
episode length              : 363.7
abstract changes / episode  : 29.6
same abstract-state steps   : 91.9%
same-state shaping / episode: 0.000
changed-state shaping / ep. : 0.000
terminal shaping / episode  : 0.000
DFA transitions / episode   : 0.00
DFA transitions in window   : none
epsilon (next episode)       : 0.11528
replay buffer                : 300000 samples [1: 98.8%, 2: 1.2%, 3: 0.0%, 4: 0.0%]
DFA state visits in window   : 1: 36474, 2: 0, 3: 0, 4: 0
DFA state visits cumulative  : 1: 1385667, 2: 53539, 3: 1341, 4: 2
DFA state entries in window  : 1: 100, 2: 0, 3: 0, 4: 0
DFA state entries cumulative : 1: 5400, 2: 261, 3: 16, 4: 2
transitions cumulative       : 1->2: 261, 2->3: 16, 3->4: 2
accepted directly from s0    : 0
Gym endings cumulative       : terminated=5098, truncated=300

[Episode 5500/8000 | last 100]
success rate                : 0.0% (cumulative 0.0%)
failure rate                : 0.0% (cumulative 0.0%)
completed cycles / episode  : 0.000
synthetic task reward       : 0.000
shaping reward              : 0.000
learning reward             : 0.000
episode length              : 424.5
abstract changes / episode  : 30.8
same abstract-state steps   : 92.8%
same-state shaping / episode: 0.000
changed-state shaping / ep. : 0.000
terminal shaping / episode  : 0.000
DFA transitions / episode   : 0.00
DFA transitions in window   : none
epsilon (next episode)       : 0.11075
replay buffer                : 300000 samples [1: 99.1%, 2: 0.9%, 3: 0.0%, 4: 0.0%]
DFA state visits in window   : 1: 42547, 2: 0, 3: 0, 4: 0
DFA state visits cumulative  : 1: 1428214, 2: 53539, 3: 1341, 4: 2
DFA state entries in window  : 1: 100, 2: 0, 3: 0, 4: 0
DFA state entries cumulative : 1: 5500, 2: 261, 3: 16, 4: 2
transitions cumulative       : 1->2: 261, 2->3: 16, 3->4: 2
accepted directly from s0    : 0
Gym endings cumulative       : terminated=5198, truncated=300

Starting autonomous greedy evaluation at episode 5500 (1000 fixed-seed episodes)...
[Greedy evaluation at episode 5500 | 1000 fixed-seed episodes]
success=0.0%, failure=0.0%, task reward=0.000, length=381.8
DFA transitions: none

[Episode 5600/8000 | last 100]
success rate                : 0.0% (cumulative 0.0%)
failure rate                : 0.0% (cumulative 0.0%)
completed cycles / episode  : 0.000
synthetic task reward       : 0.000
shaping reward              : 0.000
learning reward             : 0.000
episode length              : 306.0
abstract changes / episode  : 31.7
same abstract-state steps   : 89.6%
same-state shaping / episode: 0.000
changed-state shaping / ep. : 0.000
terminal shaping / episode  : 0.000
DFA transitions / episode   : 0.03
DFA transitions in window   : 1->2: 3
epsilon (next episode)       : 0.10641
replay buffer                : 300000 samples [1: 99.0%, 2: 1.0%, 3: 0.0%, 4: 0.0%]
DFA state visits in window   : 1: 30339, 2: 364, 3: 0, 4: 0
DFA state visits cumulative  : 1: 1458553, 2: 53903, 3: 1341, 4: 2
DFA state entries in window  : 1: 100, 2: 3, 3: 0, 4: 0
DFA state entries cumulative : 1: 5600, 2: 264, 3: 16, 4: 2
transitions cumulative       : 1->2: 264, 2->3: 16, 3->4: 2
accepted directly from s0    : 0
Gym endings cumulative       : terminated=5298, truncated=300

[Episode 5700/8000 | last 100]
success rate                : 0.0% (cumulative 0.0%)
failure rate                : 0.0% (cumulative 0.0%)
completed cycles / episode  : 0.000
synthetic task reward       : 0.000
shaping reward              : 0.000
learning reward             : 0.000
episode length              : 335.8
abstract changes / episode  : 34.6
same abstract-state steps   : 89.7%
same-state shaping / episode: 0.000
changed-state shaping / ep. : 0.000
terminal shaping / episode  : 0.000
DFA transitions / episode   : 0.15
DFA transitions in window   : 1->2: 15
epsilon (next episode)       : 0.10224
replay buffer                : 300000 samples [1: 97.6%, 2: 2.4%, 3: 0.0%, 4: 0.0%]
DFA state visits in window   : 1: 29366, 2: 4312, 3: 0, 4: 0
DFA state visits cumulative  : 1: 1487919, 2: 58215, 3: 1341, 4: 2
DFA state entries in window  : 1: 100, 2: 15, 3: 0, 4: 0
DFA state entries cumulative : 1: 5700, 2: 279, 3: 16, 4: 2
transitions cumulative       : 1->2: 279, 2->3: 16, 3->4: 2
accepted directly from s0    : 0
Gym endings cumulative       : terminated=5392, truncated=306

[Episode 5800/8000 | last 100]
success rate                : 0.0% (cumulative 0.0%)
failure rate                : 0.0% (cumulative 0.0%)
completed cycles / episode  : 0.000
synthetic task reward       : 0.000
shaping reward              : 0.000
learning reward             : 0.000
episode length              : 345.9
abstract changes / episode  : 28.3
same abstract-state steps   : 91.8%
same-state shaping / episode: 0.000
changed-state shaping / ep. : 0.000
terminal shaping / episode  : 0.000
DFA transitions / episode   : 0.14
DFA transitions in window   : 1->2: 14
epsilon (next episode)       : 0.09823
replay buffer                : 300000 samples [1: 96.1%, 2: 3.9%, 3: 0.0%, 4: 0.0%]
DFA state visits in window   : 1: 28373, 2: 6314, 3: 0, 4: 0
DFA state visits cumulative  : 1: 1516292, 2: 64529, 3: 1341, 4: 2
DFA state entries in window  : 1: 100, 2: 14, 3: 0, 4: 0
DFA state entries cumulative : 1: 5800, 2: 293, 3: 16, 4: 2
transitions cumulative       : 1->2: 293, 2->3: 16, 3->4: 2
accepted directly from s0    : 0
Gym endings cumulative       : terminated=5479, truncated=319

[Episode 5900/8000 | last 100]
success rate                : 0.0% (cumulative 0.0%)
failure rate                : 0.0% (cumulative 0.0%)
completed cycles / episode  : 0.000
synthetic task reward       : 0.000
shaping reward              : 0.000
learning reward             : 0.000
episode length              : 174.5
abstract changes / episode  : 15.0
same abstract-state steps   : 91.4%
same-state shaping / episode: 0.000
changed-state shaping / ep. : 0.000
terminal shaping / episode  : 0.000
DFA transitions / episode   : 0.00
DFA transitions in window   : none
epsilon (next episode)       : 0.09438
replay buffer                : 300000 samples [1: 96.1%, 2: 3.9%, 3: 0.0%, 4: 0.0%]
DFA state visits in window   : 1: 17548, 2: 0, 3: 0, 4: 0
DFA state visits cumulative  : 1: 1533840, 2: 64529, 3: 1341, 4: 2
DFA state entries in window  : 1: 100, 2: 0, 3: 0, 4: 0
DFA state entries cumulative : 1: 5900, 2: 293, 3: 16, 4: 2
transitions cumulative       : 1->2: 293, 2->3: 16, 3->4: 2
accepted directly from s0    : 0
Gym endings cumulative       : terminated=5579, truncated=319

[Episode 6000/8000 | last 100]
success rate                : 0.0% (cumulative 0.0%)
failure rate                : 0.0% (cumulative 0.0%)
completed cycles / episode  : 0.000
synthetic task reward       : 0.000
shaping reward              : 0.000
learning reward             : 0.000
episode length              : 473.7
abstract changes / episode  : 30.8
same abstract-state steps   : 93.5%
same-state shaping / episode: 0.000
changed-state shaping / ep. : 0.000
terminal shaping / episode  : 0.000
DFA transitions / episode   : 0.00
DFA transitions in window   : none
epsilon (next episode)       : 0.09067
replay buffer                : 300000 samples [1: 96.2%, 2: 3.8%, 3: 0.0%, 4: 0.0%]
DFA state visits in window   : 1: 47470, 2: 0, 3: 0, 4: 0
DFA state visits cumulative  : 1: 1581310, 2: 64529, 3: 1341, 4: 2
DFA state entries in window  : 1: 100, 2: 0, 3: 0, 4: 0
DFA state entries cumulative : 1: 6000, 2: 293, 3: 16, 4: 2
transitions cumulative       : 1->2: 293, 2->3: 16, 3->4: 2
accepted directly from s0    : 0
Gym endings cumulative       : terminated=5678, truncated=320

Starting autonomous greedy evaluation at episode 6000 (1000 fixed-seed episodes)...
[Greedy evaluation at episode 6000 | 1000 fixed-seed episodes]
success=0.0%, failure=0.0%, task reward=0.000, length=190.4
DFA transitions: 1->2: 12

[Episode 6100/8000 | last 100]
success rate                : 0.0% (cumulative 0.0%)
failure rate                : 0.0% (cumulative 0.0%)
completed cycles / episode  : 0.000
synthetic task reward       : 0.000
shaping reward              : 0.000
learning reward             : 0.000
episode length              : 305.9
abstract changes / episode  : 28.1
same abstract-state steps   : 90.8%
same-state shaping / episode: 0.000
changed-state shaping / ep. : 0.000
terminal shaping / episode  : 0.000
DFA transitions / episode   : 0.03
DFA transitions in window   : 1->2: 3
epsilon (next episode)       : 0.08712
replay buffer                : 300000 samples [1: 96.3%, 2: 3.7%, 3: 0.0%, 4: 0.0%]
DFA state visits in window   : 1: 30599, 2: 91, 3: 0, 4: 0
DFA state visits cumulative  : 1: 1611909, 2: 64620, 3: 1341, 4: 2
DFA state entries in window  : 1: 100, 2: 3, 3: 0, 4: 0
DFA state entries cumulative : 1: 6100, 2: 296, 3: 16, 4: 2
transitions cumulative       : 1->2: 296, 2->3: 16, 3->4: 2
accepted directly from s0    : 0
Gym endings cumulative       : terminated=5773, truncated=325

[Episode 6200/8000 | last 100]
success rate                : 0.0% (cumulative 0.0%)
failure rate                : 0.0% (cumulative 0.0%)
completed cycles / episode  : 0.000
synthetic task reward       : 0.000
shaping reward              : 0.000
learning reward             : 0.000
episode length              : 194.2
abstract changes / episode  : 18.1
same abstract-state steps   : 90.7%
same-state shaping / episode: 0.000
changed-state shaping / ep. : 0.000
terminal shaping / episode  : 0.000
DFA transitions / episode   : 0.05
DFA transitions in window   : 1->2: 5
epsilon (next episode)       : 0.08370
replay buffer                : 300000 samples [1: 96.3%, 2: 3.7%, 3: 0.0%, 4: 0.0%]
DFA state visits in window   : 1: 19422, 2: 99, 3: 0, 4: 0
DFA state visits cumulative  : 1: 1631331, 2: 64719, 3: 1341, 4: 2
DFA state entries in window  : 1: 100, 2: 5, 3: 0, 4: 0
DFA state entries cumulative : 1: 6200, 2: 301, 3: 16, 4: 2
transitions cumulative       : 1->2: 301, 2->3: 16, 3->4: 2
accepted directly from s0    : 0
Gym endings cumulative       : terminated=5873, truncated=325

[Episode 6300/8000 | last 100]
success rate                : 0.0% (cumulative 0.0%)
failure rate                : 0.0% (cumulative 0.0%)
completed cycles / episode  : 0.000
synthetic task reward       : 0.000
shaping reward              : 0.000
learning reward             : 0.000
episode length              : 330.1
abstract changes / episode  : 31.0
same abstract-state steps   : 90.6%
same-state shaping / episode: 0.000
changed-state shaping / ep. : 0.000
terminal shaping / episode  : 0.000
DFA transitions / episode   : 0.10
DFA transitions in window   : 1->2: 9, 2->3: 1
epsilon (next episode)       : 0.08042
replay buffer                : 300000 samples [1: 95.6%, 2: 4.4%, 3: 0.0%, 4: 0.0%]
DFA state visits in window   : 1: 31100, 2: 1990, 3: 15, 4: 0
DFA state visits cumulative  : 1: 1662431, 2: 66709, 3: 1356, 4: 2
DFA state entries in window  : 1: 100, 2: 9, 3: 1, 4: 0
DFA state entries cumulative : 1: 6300, 2: 310, 3: 17, 4: 2
transitions cumulative       : 1->2: 310, 2->3: 17, 3->4: 2
accepted directly from s0    : 0
Gym endings cumulative       : terminated=5972, truncated=326

[Episode 6400/8000 | last 100]
success rate                : 0.0% (cumulative 0.0%)
failure rate                : 0.0% (cumulative 0.0%)
completed cycles / episode  : 0.000
synthetic task reward       : 0.000
shaping reward              : 0.000
learning reward             : 0.000
episode length              : 362.5
abstract changes / episode  : 30.3
same abstract-state steps   : 91.7%
same-state shaping / episode: 0.000
changed-state shaping / ep. : 0.000
terminal shaping / episode  : 0.000
DFA transitions / episode   : 0.13
DFA transitions in window   : 1->2: 13
epsilon (next episode)       : 0.07727
replay buffer                : 300000 samples [1: 94.9%, 2: 5.1%, 3: 0.0%, 4: 0.0%]
DFA state visits in window   : 1: 34171, 2: 2182, 3: 0, 4: 0
DFA state visits cumulative  : 1: 1696602, 2: 68891, 3: 1356, 4: 2
DFA state entries in window  : 1: 100, 2: 13, 3: 0, 4: 0
DFA state entries cumulative : 1: 6400, 2: 323, 3: 17, 4: 2
transitions cumulative       : 1->2: 323, 2->3: 17, 3->4: 2
accepted directly from s0    : 0
Gym endings cumulative       : terminated=6064, truncated=334

[Episode 6500/8000 | last 100]
success rate                : 0.0% (cumulative 0.0%)
failure rate                : 0.0% (cumulative 0.0%)
completed cycles / episode  : 0.000
synthetic task reward       : 0.000
shaping reward              : 0.000
learning reward             : 0.000
episode length              : 577.1
abstract changes / episode  : 41.9
same abstract-state steps   : 92.7%
same-state shaping / episode: 0.000
changed-state shaping / ep. : 0.000
terminal shaping / episode  : 0.000
DFA transitions / episode   : 0.01
DFA transitions in window   : 1->2: 1
epsilon (next episode)       : 0.07423
replay buffer                : 300000 samples [1: 94.9%, 2: 5.1%, 3: 0.0%, 4: 0.0%]
DFA state visits in window   : 1: 57581, 2: 230, 3: 0, 4: 0
DFA state visits cumulative  : 1: 1754183, 2: 69121, 3: 1356, 4: 2
DFA state entries in window  : 1: 100, 2: 1, 3: 0, 4: 0
DFA state entries cumulative : 1: 6500, 2: 324, 3: 17, 4: 2
transitions cumulative       : 1->2: 324, 2->3: 17, 3->4: 2
accepted directly from s0    : 0
Gym endings cumulative       : terminated=6147, truncated=351

Starting autonomous greedy evaluation at episode 6500 (1000 fixed-seed episodes)...
[Greedy evaluation at episode 6500 | 1000 fixed-seed episodes]
success=0.0%, failure=0.0%, task reward=0.000, length=645.6
DFA transitions: 1->2: 7

[Episode 6600/8000 | last 100]
success rate                : 0.0% (cumulative 0.0%)
failure rate                : 0.0% (cumulative 0.0%)
completed cycles / episode  : 0.000
synthetic task reward       : 0.000
shaping reward              : 0.000
learning reward             : 0.000
episode length              : 269.0
abstract changes / episode  : 31.3
same abstract-state steps   : 88.4%
same-state shaping / episode: 0.000
changed-state shaping / ep. : 0.000
terminal shaping / episode  : 0.000
DFA transitions / episode   : 0.08
DFA transitions in window   : 1->2: 8
epsilon (next episode)       : 0.07132
replay buffer                : 300000 samples [1: 95.5%, 2: 4.5%, 3: 0.0%, 4: 0.0%]
DFA state visits in window   : 1: 23599, 2: 3398, 3: 0, 4: 0
DFA state visits cumulative  : 1: 1777782, 2: 72519, 3: 1356, 4: 2
DFA state entries in window  : 1: 100, 2: 8, 3: 0, 4: 0
DFA state entries cumulative : 1: 6600, 2: 332, 3: 17, 4: 2
transitions cumulative       : 1->2: 332, 2->3: 17, 3->4: 2
accepted directly from s0    : 0
Gym endings cumulative       : terminated=6236, truncated=362

[Episode 6700/8000 | last 100]
success rate                : 0.0% (cumulative 0.0%)
failure rate                : 0.0% (cumulative 0.0%)
completed cycles / episode  : 0.000
synthetic task reward       : 0.000
shaping reward              : 0.000
learning reward             : 0.000
episode length              : 253.2
abstract changes / episode  : 27.8
same abstract-state steps   : 89.0%
same-state shaping / episode: 0.000
changed-state shaping / ep. : 0.000
terminal shaping / episode  : 0.000
DFA transitions / episode   : 0.04
DFA transitions in window   : 1->2: 4
epsilon (next episode)       : 0.06853
replay buffer                : 300000 samples [1: 96.4%, 2: 3.6%, 3: 0.0%, 4: 0.0%]
DFA state visits in window   : 1: 22718, 2: 2705, 3: 0, 4: 0
DFA state visits cumulative  : 1: 1800500, 2: 75224, 3: 1356, 4: 2
DFA state entries in window  : 1: 100, 2: 4, 3: 0, 4: 0
DFA state entries cumulative : 1: 6700, 2: 336, 3: 17, 4: 2
transitions cumulative       : 1->2: 336, 2->3: 17, 3->4: 2
accepted directly from s0    : 0
Gym endings cumulative       : terminated=6332, truncated=366

[Episode 6800/8000 | last 100]
success rate                : 0.0% (cumulative 0.0%)
failure rate                : 0.0% (cumulative 0.0%)
completed cycles / episode  : 0.000
synthetic task reward       : 0.000
shaping reward              : 0.000
learning reward             : 0.000
episode length              : 477.2
abstract changes / episode  : 24.6
same abstract-state steps   : 94.8%
same-state shaping / episode: 0.000
changed-state shaping / ep. : 0.000
terminal shaping / episode  : 0.000
DFA transitions / episode   : 0.02
DFA transitions in window   : 1->2: 2
epsilon (next episode)       : 0.06584
replay buffer                : 300000 samples [1: 96.4%, 2: 3.6%, 3: 0.0%, 4: 0.0%]
DFA state visits in window   : 1: 47567, 2: 251, 3: 0, 4: 0
DFA state visits cumulative  : 1: 1848067, 2: 75475, 3: 1356, 4: 2
DFA state entries in window  : 1: 100, 2: 2, 3: 0, 4: 0
DFA state entries cumulative : 1: 6800, 2: 338, 3: 17, 4: 2
transitions cumulative       : 1->2: 338, 2->3: 17, 3->4: 2
accepted directly from s0    : 0
Gym endings cumulative       : terminated=6420, truncated=378

[Episode 6900/8000 | last 100]
success rate                : 0.0% (cumulative 0.0%)
failure rate                : 0.0% (cumulative 0.0%)
completed cycles / episode  : 0.000
synthetic task reward       : 0.000
shaping reward              : 0.000
learning reward             : 0.000
episode length              : 347.5
abstract changes / episode  : 24.1
same abstract-state steps   : 93.1%
same-state shaping / episode: 0.000
changed-state shaping / ep. : 0.000
terminal shaping / episode  : 0.000
DFA transitions / episode   : 0.06
DFA transitions in window   : 1->2: 5, 2->3: 1
epsilon (next episode)       : 0.06326
replay buffer                : 300000 samples [1: 96.3%, 2: 3.7%, 3: 0.0%, 4: 0.0%]
DFA state visits in window   : 1: 34602, 2: 206, 3: 42, 4: 0
DFA state visits cumulative  : 1: 1882669, 2: 75681, 3: 1398, 4: 2
DFA state entries in window  : 1: 100, 2: 5, 3: 1, 4: 0
DFA state entries cumulative : 1: 6900, 2: 343, 3: 18, 4: 2
transitions cumulative       : 1->2: 343, 2->3: 18, 3->4: 2
accepted directly from s0    : 0
Gym endings cumulative       : terminated=6513, truncated=385

[Episode 7000/8000 | last 100]
success rate                : 0.0% (cumulative 0.0%)
failure rate                : 0.0% (cumulative 0.0%)
completed cycles / episode  : 0.000
synthetic task reward       : 0.000
shaping reward              : 0.000
learning reward             : 0.000
episode length              : 357.9
abstract changes / episode  : 32.3
same abstract-state steps   : 91.0%
same-state shaping / episode: 0.000
changed-state shaping / ep. : 0.000
terminal shaping / episode  : 0.000
DFA transitions / episode   : 0.04
DFA transitions in window   : 1->2: 4
epsilon (next episode)       : 0.06078
replay buffer                : 300000 samples [1: 96.3%, 2: 3.7%, 3: 0.0%, 4: 0.0%]
DFA state visits in window   : 1: 35687, 2: 208, 3: 0, 4: 0
DFA state visits cumulative  : 1: 1918356, 2: 75889, 3: 1398, 4: 2
DFA state entries in window  : 1: 100, 2: 4, 3: 0, 4: 0
DFA state entries cumulative : 1: 7000, 2: 347, 3: 18, 4: 2
transitions cumulative       : 1->2: 347, 2->3: 18, 3->4: 2
accepted directly from s0    : 0
Gym endings cumulative       : terminated=6609, truncated=389

Starting autonomous greedy evaluation at episode 7000 (1000 fixed-seed episodes)...
[Greedy evaluation at episode 7000 | 1000 fixed-seed episodes]
success=0.0%, failure=0.0%, task reward=0.000, length=292.1
DFA transitions: 1->2: 76

[Episode 7100/8000 | last 100]
success rate                : 0.0% (cumulative 0.0%)
failure rate                : 0.0% (cumulative 0.0%)
completed cycles / episode  : 0.000
synthetic task reward       : 0.000
shaping reward              : 0.000
learning reward             : 0.000
episode length              : 276.4
abstract changes / episode  : 26.4
same abstract-state steps   : 90.5%
same-state shaping / episode: 0.000
changed-state shaping / ep. : 0.000
terminal shaping / episode  : 0.000
DFA transitions / episode   : 0.03
DFA transitions in window   : 1->2: 3
epsilon (next episode)       : 0.05839
replay buffer                : 300000 samples [1: 96.9%, 2: 3.1%, 3: 0.0%, 4: 0.0%]
DFA state visits in window   : 1: 27525, 2: 210, 3: 0, 4: 0
DFA state visits cumulative  : 1: 1945881, 2: 76099, 3: 1398, 4: 2
DFA state entries in window  : 1: 100, 2: 3, 3: 0, 4: 0
DFA state entries cumulative : 1: 7100, 2: 350, 3: 18, 4: 2
transitions cumulative       : 1->2: 350, 2->3: 18, 3->4: 2
accepted directly from s0    : 0
Gym endings cumulative       : terminated=6709, truncated=389

[Episode 7200/8000 | last 100]
success rate                : 0.0% (cumulative 0.0%)
failure rate                : 0.0% (cumulative 0.0%)
completed cycles / episode  : 0.000
synthetic task reward       : 0.000
shaping reward              : 0.000
learning reward             : 0.000
episode length              : 80.5
abstract changes / episode  : 24.0
same abstract-state steps   : 70.2%
same-state shaping / episode: 0.000
changed-state shaping / ep. : 0.000
terminal shaping / episode  : 0.000
DFA transitions / episode   : 0.00
DFA transitions in window   : none
epsilon (next episode)       : 0.05610
replay buffer                : 300000 samples [1: 96.9%, 2: 3.1%, 3: 0.0%, 4: 0.0%]
DFA state visits in window   : 1: 8151, 2: 0, 3: 0, 4: 0
DFA state visits cumulative  : 1: 1954032, 2: 76099, 3: 1398, 4: 2
DFA state entries in window  : 1: 100, 2: 0, 3: 0, 4: 0
DFA state entries cumulative : 1: 7200, 2: 350, 3: 18, 4: 2
transitions cumulative       : 1->2: 350, 2->3: 18, 3->4: 2
accepted directly from s0    : 0
Gym endings cumulative       : terminated=6809, truncated=389

[Episode 7300/8000 | last 100]
success rate                : 0.0% (cumulative 0.0%)
failure rate                : 0.0% (cumulative 0.0%)
completed cycles / episode  : 0.000
synthetic task reward       : 0.000
shaping reward              : 0.000
learning reward             : 0.000
episode length              : 241.2
abstract changes / episode  : 25.1
same abstract-state steps   : 89.6%
same-state shaping / episode: 0.000
changed-state shaping / ep. : 0.000
terminal shaping / episode  : 0.000
DFA transitions / episode   : 0.05
DFA transitions in window   : 1->2: 5
epsilon (next episode)       : 0.05390
replay buffer                : 300000 samples [1: 97.5%, 2: 2.5%, 3: 0.0%, 4: 0.0%]
DFA state visits in window   : 1: 24100, 2: 116, 3: 0, 4: 0
DFA state visits cumulative  : 1: 1978132, 2: 76215, 3: 1398, 4: 2
DFA state entries in window  : 1: 100, 2: 5, 3: 0, 4: 0
DFA state entries cumulative : 1: 7300, 2: 355, 3: 18, 4: 2
transitions cumulative       : 1->2: 355, 2->3: 18, 3->4: 2
accepted directly from s0    : 0
Gym endings cumulative       : terminated=6903, truncated=395

[Episode 7400/8000 | last 100]
success rate                : 0.0% (cumulative 0.0%)
failure rate                : 0.0% (cumulative 0.0%)
completed cycles / episode  : 0.000
synthetic task reward       : 0.000
shaping reward              : 0.000
learning reward             : 0.000
episode length              : 301.7
abstract changes / episode  : 22.6
same abstract-state steps   : 92.5%
same-state shaping / episode: 0.000
changed-state shaping / ep. : 0.000
terminal shaping / episode  : 0.000
DFA transitions / episode   : 0.02
DFA transitions in window   : 1->2: 2
epsilon (next episode)       : 0.05179
replay buffer                : 300000 samples [1: 97.6%, 2: 2.4%, 3: 0.0%, 4: 0.0%]
DFA state visits in window   : 1: 30230, 2: 36, 3: 0, 4: 0
DFA state visits cumulative  : 1: 2008362, 2: 76251, 3: 1398, 4: 2
DFA state entries in window  : 1: 100, 2: 2, 3: 0, 4: 0
DFA state entries cumulative : 1: 7400, 2: 357, 3: 18, 4: 2
transitions cumulative       : 1->2: 357, 2->3: 18, 3->4: 2
accepted directly from s0    : 0
Gym endings cumulative       : terminated=7003, truncated=395

[Episode 7500/8000 | last 100]
success rate                : 0.0% (cumulative 0.0%)
failure rate                : 0.0% (cumulative 0.0%)
completed cycles / episode  : 0.000
synthetic task reward       : 0.000
shaping reward              : 0.000
learning reward             : 0.000
episode length              : 269.3
abstract changes / episode  : 23.3
same abstract-state steps   : 91.4%
same-state shaping / episode: 0.000
changed-state shaping / ep. : 0.000
terminal shaping / episode  : 0.000
DFA transitions / episode   : 0.00
DFA transitions in window   : none
epsilon (next episode)       : 0.04976
replay buffer                : 300000 samples [1: 97.6%, 2: 2.4%, 3: 0.0%, 4: 0.0%]
DFA state visits in window   : 1: 27026, 2: 0, 3: 0, 4: 0
DFA state visits cumulative  : 1: 2035388, 2: 76251, 3: 1398, 4: 2
DFA state entries in window  : 1: 100, 2: 0, 3: 0, 4: 0
DFA state entries cumulative : 1: 7500, 2: 357, 3: 18, 4: 2
transitions cumulative       : 1->2: 357, 2->3: 18, 3->4: 2
accepted directly from s0    : 0
Gym endings cumulative       : terminated=7103, truncated=395

Starting autonomous greedy evaluation at episode 7500 (1000 fixed-seed episodes)...
[Greedy evaluation at episode 7500 | 1000 fixed-seed episodes]
success=0.0%, failure=0.0%, task reward=0.000, length=422.4
DFA transitions: 1->2: 1

[Episode 7600/8000 | last 100]
success rate                : 0.0% (cumulative 0.0%)
failure rate                : 0.0% (cumulative 0.0%)
completed cycles / episode  : 0.000
synthetic task reward       : 0.000
shaping reward              : 0.000
learning reward             : 0.000
episode length              : 263.5
abstract changes / episode  : 24.1
same abstract-state steps   : 90.9%
same-state shaping / episode: 0.000
changed-state shaping / ep. : 0.000
terminal shaping / episode  : 0.000
DFA transitions / episode   : 0.02
DFA transitions in window   : 1->2: 2
epsilon (next episode)       : 0.04781
replay buffer                : 300000 samples [1: 97.9%, 2: 2.1%, 3: 0.0%, 4: 0.0%]
DFA state visits in window   : 1: 26413, 2: 35, 3: 0, 4: 0
DFA state visits cumulative  : 1: 2061801, 2: 76286, 3: 1398, 4: 2
DFA state entries in window  : 1: 100, 2: 2, 3: 0, 4: 0
DFA state entries cumulative : 1: 7600, 2: 359, 3: 18, 4: 2
transitions cumulative       : 1->2: 359, 2->3: 18, 3->4: 2
accepted directly from s0    : 0
Gym endings cumulative       : terminated=7203, truncated=395

[Episode 7700/8000 | last 100]
success rate                : 0.0% (cumulative 0.0%)
failure rate                : 0.0% (cumulative 0.0%)
completed cycles / episode  : 0.000
synthetic task reward       : 0.000
shaping reward              : 0.000
learning reward             : 0.000
episode length              : 187.9
abstract changes / episode  : 19.9
same abstract-state steps   : 89.4%
same-state shaping / episode: 0.000
changed-state shaping / ep. : 0.000
terminal shaping / episode  : 0.000
DFA transitions / episode   : 0.02
DFA transitions in window   : 1->2: 2
epsilon (next episode)       : 0.04593
replay buffer                : 300000 samples [1: 99.4%, 2: 0.6%, 3: 0.0%, 4: 0.0%]
DFA state visits in window   : 1: 18868, 2: 25, 3: 0, 4: 0
DFA state visits cumulative  : 1: 2080669, 2: 76311, 3: 1398, 4: 2
DFA state entries in window  : 1: 100, 2: 2, 3: 0, 4: 0
DFA state entries cumulative : 1: 7700, 2: 361, 3: 18, 4: 2
transitions cumulative       : 1->2: 361, 2->3: 18, 3->4: 2
accepted directly from s0    : 0
Gym endings cumulative       : terminated=7303, truncated=395

[Episode 7800/8000 | last 100]
success rate                : 0.0% (cumulative 0.0%)
failure rate                : 0.0% (cumulative 0.0%)
completed cycles / episode  : 0.000
synthetic task reward       : 0.000
shaping reward              : 0.000
learning reward             : 0.000
episode length              : 167.6
abstract changes / episode  : 20.9
same abstract-state steps   : 87.5%
same-state shaping / episode: 0.000
changed-state shaping / ep. : 0.000
terminal shaping / episode  : 0.000
DFA transitions / episode   : 0.05
DFA transitions in window   : 1->2: 5
epsilon (next episode)       : 0.04413
replay buffer                : 300000 samples [1: 99.6%, 2: 0.4%, 3: 0.0%, 4: 0.0%]
DFA state visits in window   : 1: 16766, 2: 89, 3: 0, 4: 0
DFA state visits cumulative  : 1: 2097435, 2: 76400, 3: 1398, 4: 2
DFA state entries in window  : 1: 100, 2: 5, 3: 0, 4: 0
DFA state entries cumulative : 1: 7800, 2: 366, 3: 18, 4: 2
transitions cumulative       : 1->2: 366, 2->3: 18, 3->4: 2
accepted directly from s0    : 0
Gym endings cumulative       : terminated=7401, truncated=397

[Episode 7900/8000 | last 100]
success rate                : 0.0% (cumulative 0.0%)
failure rate                : 0.0% (cumulative 0.0%)
completed cycles / episode  : 0.000
synthetic task reward       : 0.000
shaping reward              : 0.000
learning reward             : 0.000
episode length              : 175.7
abstract changes / episode  : 21.8
same abstract-state steps   : 87.6%
same-state shaping / episode: 0.000
changed-state shaping / ep. : 0.000
terminal shaping / episode  : 0.000
DFA transitions / episode   : 0.02
DFA transitions in window   : 1->2: 2
epsilon (next episode)       : 0.04240
replay buffer                : 300000 samples [1: 99.7%, 2: 0.3%, 3: 0.0%, 4: 0.0%]
DFA state visits in window   : 1: 17646, 2: 21, 3: 0, 4: 0
DFA state visits cumulative  : 1: 2115081, 2: 76421, 3: 1398, 4: 2
DFA state entries in window  : 1: 100, 2: 2, 3: 0, 4: 0
DFA state entries cumulative : 1: 7900, 2: 368, 3: 18, 4: 2
transitions cumulative       : 1->2: 368, 2->3: 18, 3->4: 2
accepted directly from s0    : 0
Gym endings cumulative       : terminated=7501, truncated=397

[Episode 8000/8000 | last 100]
success rate                : 0.0% (cumulative 0.0%)
failure rate                : 0.0% (cumulative 0.0%)
completed cycles / episode  : 0.000
synthetic task reward       : 0.000
shaping reward              : 0.000
learning reward             : 0.000
episode length              : 91.8
abstract changes / episode  : 23.9
same abstract-state steps   : 73.9%
same-state shaping / episode: 0.000
changed-state shaping / ep. : 0.000
terminal shaping / episode  : 0.000
DFA transitions / episode   : 0.02
DFA transitions in window   : 1->2: 2
epsilon (next episode)       : 0.04074
replay buffer                : 300000 samples [1: 99.7%, 2: 0.3%, 3: 0.0%, 4: 0.0%]
DFA state visits in window   : 1: 9243, 2: 33, 3: 0, 4: 0
DFA state visits cumulative  : 1: 2124324, 2: 76454, 3: 1398, 4: 2
DFA state entries in window  : 1: 100, 2: 2, 3: 0, 4: 0
DFA state entries cumulative : 1: 8000, 2: 370, 3: 18, 4: 2
transitions cumulative       : 1->2: 370, 2->3: 18, 3->4: 2
accepted directly from s0    : 0
Gym endings cumulative       : terminated=7601, truncated=397

Starting autonomous greedy evaluation at episode 8000 (1000 fixed-seed episodes)...
[Greedy evaluation at episode 8000 | 1000 fixed-seed episodes]
success=0.0%, failure=0.0%, task reward=0.000, length=71.5
DFA transitions: none
Best policy updated from autonomous greedy evaluation at episode 8000.
Last policy saved after episode 8000. Best greedy evaluation: episode 8000, mean task reward=0.000
