
=== NEW RUN ===
episodes=8000, shaping=True, goal_reward=10000.0, gamma=0.99
gamma_shaping=1.0, shaping_formula=gamma_shaping*Phi(next)-Phi(state)
ground_unbiased_learner=False
eval_interval=500, eval_episodes=1000, eval_seed=100000
inter_level_shaping=False, inter_level_formula=gamma*Phi(next)-Phi(state)
task_type=ltlf, task=F(wp1 & X(F(wp2 & X(F(g1)))))
regions={wp1: {'center': [-0.75, 1.0625], 'radius': 0.1}, wp2: {'center': [0, 0.5], 'radius': 0.1}, g1: {'center': [0.75, 1.0625], 'radius': 0.1}}
dfa_states=[1, 2, 3, 4], pre_trace=1, accepting=[4], failure=[]

[Episode 1/8000 | last 1]
success rate                : 0.0% (cumulative 0.0%)
failure rate                : 0.0% (cumulative 0.0%)
completed cycles / episode  : 0.000
synthetic task reward       : 0.000
shaping reward              : -781.553
learning reward             : -781.553
episode length              : 103.0
abstract changes / episode  : 86.0
same abstract-state steps   : 16.5%
same-state shaping / episode: 0.000
changed-state shaping / ep. : -781.553
terminal shaping / episode  : -9.331
DFA transitions / episode   : 0.00
DFA transitions in window   : none
epsilon (next episode)       : 0.99960
replay buffer                : 103 samples [1: 100.0%, 2: 0.0%, 3: 0.0%, 4: 0.0%]
DFA state visits in window   : 1: 104, 2: 0, 3: 0, 4: 0
DFA state visits cumulative  : 1: 104, 2: 0, 3: 0, 4: 0
DFA state entries in window  : 1: 1, 2: 0, 3: 0, 4: 0
DFA state entries cumulative : 1: 1, 2: 0, 3: 0, 4: 0
transitions cumulative       : none
accepted directly from s0    : 0
Gym endings cumulative       : terminated=1, truncated=0

[Episode 100/8000 | last 100]
success rate                : 0.0% (cumulative 0.0%)
failure rate                : 0.0% (cumulative 0.0%)
completed cycles / episode  : 0.000
synthetic task reward       : 0.000
shaping reward              : -792.089
learning reward             : -792.089
episode length              : 91.8
abstract changes / episode  : 82.5
same abstract-state steps   : 10.1%
same-state shaping / episode: 0.000
changed-state shaping / ep. : -792.089
terminal shaping / episode  : -6.177
DFA transitions / episode   : 0.00
DFA transitions in window   : none
epsilon (next episode)       : 0.96078
replay buffer                : 9180 samples [1: 100.0%, 2: 0.0%, 3: 0.0%, 4: 0.0%]
DFA state visits in window   : 1: 9280, 2: 0, 3: 0, 4: 0
DFA state visits cumulative  : 1: 9280, 2: 0, 3: 0, 4: 0
DFA state entries in window  : 1: 100, 2: 0, 3: 0, 4: 0
DFA state entries cumulative : 1: 100, 2: 0, 3: 0, 4: 0
transitions cumulative       : none
accepted directly from s0    : 0
Gym endings cumulative       : terminated=100, truncated=0

[Episode 200/8000 | last 100]
success rate                : 0.0% (cumulative 0.0%)
failure rate                : 0.0% (cumulative 0.0%)
completed cycles / episode  : 0.000
synthetic task reward       : 0.000
shaping reward              : -739.157
learning reward             : -739.157
episode length              : 99.4
abstract changes / episode  : 82.4
same abstract-state steps   : 17.1%
same-state shaping / episode: 0.000
changed-state shaping / ep. : -739.157
terminal shaping / episode  : -6.861
DFA transitions / episode   : 0.03
DFA transitions in window   : 1->2: 3
epsilon (next episode)       : 0.92310
replay buffer                : 19116 samples [1: 99.7%, 2: 0.3%, 3: 0.0%, 4: 0.0%]
DFA state visits in window   : 1: 9970, 2: 66, 3: 0, 4: 0
DFA state visits cumulative  : 1: 19250, 2: 66, 3: 0, 4: 0
DFA state entries in window  : 1: 100, 2: 3, 3: 0, 4: 0
DFA state entries cumulative : 1: 200, 2: 3, 3: 0, 4: 0
transitions cumulative       : 1->2: 3
accepted directly from s0    : 0
Gym endings cumulative       : terminated=199, truncated=1

[Episode 300/8000 | last 100]
success rate                : 0.0% (cumulative 0.0%)
failure rate                : 0.0% (cumulative 0.0%)
completed cycles / episode  : 0.000
synthetic task reward       : 0.000
shaping reward              : -721.677
learning reward             : -721.677
episode length              : 94.9
abstract changes / episode  : 84.5
same abstract-state steps   : 10.9%
same-state shaping / episode: 0.000
changed-state shaping / ep. : -721.677
terminal shaping / episode  : -6.080
DFA transitions / episode   : 0.02
DFA transitions in window   : 1->2: 2
epsilon (next episode)       : 0.88690
replay buffer                : 28610 samples [1: 99.6%, 2: 0.4%, 3: 0.0%, 4: 0.0%]
DFA state visits in window   : 1: 9552, 2: 42, 3: 0, 4: 0
DFA state visits cumulative  : 1: 28802, 2: 108, 3: 0, 4: 0
DFA state entries in window  : 1: 100, 2: 2, 3: 0, 4: 0
DFA state entries cumulative : 1: 300, 2: 5, 3: 0, 4: 0
transitions cumulative       : 1->2: 5
accepted directly from s0    : 0
Gym endings cumulative       : terminated=299, truncated=1

[Episode 400/8000 | last 100]
success rate                : 0.0% (cumulative 0.0%)
failure rate                : 0.0% (cumulative 0.0%)
completed cycles / episode  : 0.000
synthetic task reward       : 0.000
shaping reward              : -696.622
learning reward             : -696.622
episode length              : 111.5
abstract changes / episode  : 90.4
same abstract-state steps   : 18.9%
same-state shaping / episode: 0.000
changed-state shaping / ep. : -696.622
terminal shaping / episode  : -7.454
DFA transitions / episode   : 0.04
DFA transitions in window   : 1->2: 4
epsilon (next episode)       : 0.85212
replay buffer                : 39763 samples [1: 99.4%, 2: 0.6%, 3: 0.0%, 4: 0.0%]
DFA state visits in window   : 1: 11128, 2: 125, 3: 0, 4: 0
DFA state visits cumulative  : 1: 39930, 2: 233, 3: 0, 4: 0
DFA state entries in window  : 1: 100, 2: 4, 3: 0, 4: 0
DFA state entries cumulative : 1: 400, 2: 9, 3: 0, 4: 0
transitions cumulative       : 1->2: 9
accepted directly from s0    : 0
Gym endings cumulative       : terminated=398, truncated=2

[Episode 500/8000 | last 100]
success rate                : 0.0% (cumulative 0.0%)
failure rate                : 0.0% (cumulative 0.0%)
completed cycles / episode  : 0.000
synthetic task reward       : 0.000
shaping reward              : -700.558
learning reward             : -700.558
episode length              : 102.7
abstract changes / episode  : 89.9
same abstract-state steps   : 12.4%
same-state shaping / episode: 0.000
changed-state shaping / ep. : -700.558
terminal shaping / episode  : -7.549
DFA transitions / episode   : 0.04
DFA transitions in window   : 1->2: 4
epsilon (next episode)       : 0.81870
replay buffer                : 50030 samples [1: 99.3%, 2: 0.7%, 3: 0.0%, 4: 0.0%]
DFA state visits in window   : 1: 10251, 2: 116, 3: 0, 4: 0
DFA state visits cumulative  : 1: 50181, 2: 349, 3: 0, 4: 0
DFA state entries in window  : 1: 100, 2: 4, 3: 0, 4: 0
DFA state entries cumulative : 1: 500, 2: 13, 3: 0, 4: 0
transitions cumulative       : 1->2: 13
accepted directly from s0    : 0
Gym endings cumulative       : terminated=498, truncated=2

Starting autonomous greedy evaluation at episode 500 (1000 fixed-seed episodes)...
[Greedy evaluation at episode 500 | 1000 fixed-seed episodes]
success=0.0%, failure=0.0%, task reward=0.000, length=200.3
DFA transitions: none
Best policy updated from autonomous greedy evaluation at episode 500.

[Episode 600/8000 | last 100]
success rate                : 0.0% (cumulative 0.0%)
failure rate                : 0.0% (cumulative 0.0%)
completed cycles / episode  : 0.000
synthetic task reward       : 0.000
shaping reward              : -673.279
learning reward             : -673.279
episode length              : 103.3
abstract changes / episode  : 92.5
same abstract-state steps   : 10.4%
same-state shaping / episode: 0.000
changed-state shaping / ep. : -673.279
terminal shaping / episode  : -6.698
DFA transitions / episode   : 0.06
DFA transitions in window   : 1->2: 6
epsilon (next episode)       : 0.78659
replay buffer                : 60359 samples [1: 99.2%, 2: 0.8%, 3: 0.0%, 4: 0.0%]
DFA state visits in window   : 1: 10269, 2: 160, 3: 0, 4: 0
DFA state visits cumulative  : 1: 60450, 2: 509, 3: 0, 4: 0
DFA state entries in window  : 1: 100, 2: 6, 3: 0, 4: 0
DFA state entries cumulative : 1: 600, 2: 19, 3: 0, 4: 0
transitions cumulative       : 1->2: 19
accepted directly from s0    : 0
Gym endings cumulative       : terminated=598, truncated=2

[Episode 700/8000 | last 100]
success rate                : 0.0% (cumulative 0.0%)
failure rate                : 0.0% (cumulative 0.0%)
completed cycles / episode  : 0.000
synthetic task reward       : 0.000
shaping reward              : -714.273
learning reward             : -714.273
episode length              : 105.9
abstract changes / episode  : 94.6
same abstract-state steps   : 10.7%
same-state shaping / episode: 0.000
changed-state shaping / ep. : -714.273
terminal shaping / episode  : -8.978
DFA transitions / episode   : 0.00
DFA transitions in window   : none
epsilon (next episode)       : 0.75574
replay buffer                : 70947 samples [1: 99.3%, 2: 0.7%, 3: 0.0%, 4: 0.0%]
DFA state visits in window   : 1: 10688, 2: 0, 3: 0, 4: 0
DFA state visits cumulative  : 1: 71138, 2: 509, 3: 0, 4: 0
DFA state entries in window  : 1: 100, 2: 0, 3: 0, 4: 0
DFA state entries cumulative : 1: 700, 2: 19, 3: 0, 4: 0
transitions cumulative       : 1->2: 19
accepted directly from s0    : 0
Gym endings cumulative       : terminated=698, truncated=2

[Episode 800/8000 | last 100]
success rate                : 0.0% (cumulative 0.0%)
failure rate                : 0.0% (cumulative 0.0%)
completed cycles / episode  : 0.000
synthetic task reward       : 0.000
shaping reward              : -657.703
learning reward             : -657.703
episode length              : 111.1
abstract changes / episode  : 98.2
same abstract-state steps   : 11.7%
same-state shaping / episode: 0.000
changed-state shaping / ep. : -657.703
terminal shaping / episode  : -11.827
DFA transitions / episode   : 0.02
DFA transitions in window   : 1->2: 2
epsilon (next episode)       : 0.72610
replay buffer                : 82061 samples [1: 99.3%, 2: 0.7%, 3: 0.0%, 4: 0.0%]
DFA state visits in window   : 1: 11163, 2: 51, 3: 0, 4: 0
DFA state visits cumulative  : 1: 82301, 2: 560, 3: 0, 4: 0
DFA state entries in window  : 1: 100, 2: 2, 3: 0, 4: 0
DFA state entries cumulative : 1: 800, 2: 21, 3: 0, 4: 0
transitions cumulative       : 1->2: 21
accepted directly from s0    : 0
Gym endings cumulative       : terminated=798, truncated=2

[Episode 900/8000 | last 100]
success rate                : 0.0% (cumulative 0.0%)
failure rate                : 0.0% (cumulative 0.0%)
completed cycles / episode  : 0.000
synthetic task reward       : 0.000
shaping reward              : -636.422
learning reward             : -636.422
episode length              : 111.8
abstract changes / episode  : 99.6
same abstract-state steps   : 10.9%
same-state shaping / episode: 0.000
changed-state shaping / ep. : -636.422
terminal shaping / episode  : -10.340
DFA transitions / episode   : 0.05
DFA transitions in window   : 1->2: 5
epsilon (next episode)       : 0.69763
replay buffer                : 93239 samples [1: 99.3%, 2: 0.7%, 3: 0.0%, 4: 0.0%]
DFA state visits in window   : 1: 11175, 2: 103, 3: 0, 4: 0
DFA state visits cumulative  : 1: 93476, 2: 663, 3: 0, 4: 0
DFA state entries in window  : 1: 100, 2: 5, 3: 0, 4: 0
DFA state entries cumulative : 1: 900, 2: 26, 3: 0, 4: 0
transitions cumulative       : 1->2: 26
accepted directly from s0    : 0
Gym endings cumulative       : terminated=898, truncated=2

[Episode 1000/8000 | last 100]
success rate                : 0.0% (cumulative 0.0%)
failure rate                : 0.0% (cumulative 0.0%)
completed cycles / episode  : 0.000
synthetic task reward       : 0.000
shaping reward              : -641.411
learning reward             : -641.411
episode length              : 119.4
abstract changes / episode  : 100.7
same abstract-state steps   : 15.7%
same-state shaping / episode: 0.000
changed-state shaping / ep. : -641.411
terminal shaping / episode  : -10.239
DFA transitions / episode   : 0.03
DFA transitions in window   : 1->2: 3
epsilon (next episode)       : 0.67027
replay buffer                : 105179 samples [1: 99.3%, 2: 0.7%, 3: 0.0%, 4: 0.0%]
DFA state visits in window   : 1: 11971, 2: 69, 3: 0, 4: 0
DFA state visits cumulative  : 1: 105447, 2: 732, 3: 0, 4: 0
DFA state entries in window  : 1: 100, 2: 3, 3: 0, 4: 0
DFA state entries cumulative : 1: 1000, 2: 29, 3: 0, 4: 0
transitions cumulative       : 1->2: 29
accepted directly from s0    : 0
Gym endings cumulative       : terminated=997, truncated=3

Starting autonomous greedy evaluation at episode 1000 (1000 fixed-seed episodes)...
[Greedy evaluation at episode 1000 | 1000 fixed-seed episodes]
success=0.0%, failure=0.0%, task reward=0.000, length=121.9
DFA transitions: 1->2: 1000
Best policy updated from autonomous greedy evaluation at episode 1000.

[Episode 1100/8000 | last 100]
success rate                : 0.0% (cumulative 0.0%)
failure rate                : 0.0% (cumulative 0.0%)
completed cycles / episode  : 0.000
synthetic task reward       : 0.000
shaping reward              : -601.842
learning reward             : -601.842
episode length              : 105.2
abstract changes / episode  : 95.5
same abstract-state steps   : 9.2%
same-state shaping / episode: 0.000
changed-state shaping / ep. : -601.842
terminal shaping / episode  : -12.369
DFA transitions / episode   : 0.06
DFA transitions in window   : 1->2: 6
epsilon (next episode)       : 0.64398
replay buffer                : 115698 samples [1: 99.3%, 2: 0.7%, 3: 0.0%, 4: 0.0%]
DFA state visits in window   : 1: 10500, 2: 119, 3: 0, 4: 0
DFA state visits cumulative  : 1: 115947, 2: 851, 3: 0, 4: 0
DFA state entries in window  : 1: 100, 2: 6, 3: 0, 4: 0
DFA state entries cumulative : 1: 1100, 2: 35, 3: 0, 4: 0
transitions cumulative       : 1->2: 35
accepted directly from s0    : 0
Gym endings cumulative       : terminated=1097, truncated=3

[Episode 1200/8000 | last 100]
success rate                : 0.0% (cumulative 0.0%)
failure rate                : 0.0% (cumulative 0.0%)
completed cycles / episode  : 0.000
synthetic task reward       : 0.000
shaping reward              : -696.229
learning reward             : -696.229
episode length              : 107.1
abstract changes / episode  : 99.0
same abstract-state steps   : 7.6%
same-state shaping / episode: 0.000
changed-state shaping / ep. : -696.229
terminal shaping / episode  : -10.809
DFA transitions / episode   : 0.00
DFA transitions in window   : none
epsilon (next episode)       : 0.61872
replay buffer                : 126412 samples [1: 99.4%, 2: 0.6%, 3: 0.0%, 4: 0.0%]
DFA state visits in window   : 1: 10814, 2: 0, 3: 0, 4: 0
DFA state visits cumulative  : 1: 126761, 2: 851, 3: 0, 4: 0
DFA state entries in window  : 1: 100, 2: 0, 3: 0, 4: 0
DFA state entries cumulative : 1: 1200, 2: 35, 3: 0, 4: 0
transitions cumulative       : 1->2: 35
accepted directly from s0    : 0
Gym endings cumulative       : terminated=1197, truncated=3

[Episode 1300/8000 | last 100]
success rate                : 0.0% (cumulative 0.0%)
failure rate                : 0.0% (cumulative 0.0%)
completed cycles / episode  : 0.000
synthetic task reward       : 0.000
shaping reward              : -663.074
learning reward             : -663.074
episode length              : 116.8
abstract changes / episode  : 102.8
same abstract-state steps   : 12.0%
same-state shaping / episode: 0.000
changed-state shaping / ep. : -663.074
terminal shaping / episode  : -10.029
DFA transitions / episode   : 0.00
DFA transitions in window   : none
epsilon (next episode)       : 0.59446
replay buffer                : 138092 samples [1: 99.4%, 2: 0.6%, 3: 0.0%, 4: 0.0%]
DFA state visits in window   : 1: 11780, 2: 0, 3: 0, 4: 0
DFA state visits cumulative  : 1: 138541, 2: 851, 3: 0, 4: 0
DFA state entries in window  : 1: 100, 2: 0, 3: 0, 4: 0
DFA state entries cumulative : 1: 1300, 2: 35, 3: 0, 4: 0
transitions cumulative       : 1->2: 35
accepted directly from s0    : 0
Gym endings cumulative       : terminated=1297, truncated=3

[Episode 1400/8000 | last 100]
success rate                : 0.0% (cumulative 0.0%)
failure rate                : 0.0% (cumulative 0.0%)
completed cycles / episode  : 0.000
synthetic task reward       : 0.000
shaping reward              : -590.456
learning reward             : -590.456
episode length              : 133.4
abstract changes / episode  : 111.5
same abstract-state steps   : 16.5%
same-state shaping / episode: 0.000
changed-state shaping / ep. : -590.456
terminal shaping / episode  : -10.537
DFA transitions / episode   : 0.05
DFA transitions in window   : 1->2: 5
epsilon (next episode)       : 0.57115
replay buffer                : 151434 samples [1: 99.4%, 2: 0.6%, 3: 0.0%, 4: 0.0%]
DFA state visits in window   : 1: 13334, 2: 108, 3: 0, 4: 0
DFA state visits cumulative  : 1: 151875, 2: 959, 3: 0, 4: 0
DFA state entries in window  : 1: 100, 2: 5, 3: 0, 4: 0
DFA state entries cumulative : 1: 1400, 2: 40, 3: 0, 4: 0
transitions cumulative       : 1->2: 40
accepted directly from s0    : 0
Gym endings cumulative       : terminated=1396, truncated=4

[Episode 1500/8000 | last 100]
success rate                : 0.0% (cumulative 0.0%)
failure rate                : 0.0% (cumulative 0.0%)
completed cycles / episode  : 0.000
synthetic task reward       : 0.000
shaping reward              : -733.068
learning reward             : -733.068
episode length              : 129.4
abstract changes / episode  : 113.7
same abstract-state steps   : 12.1%
same-state shaping / episode: 0.000
changed-state shaping / ep. : -733.068
terminal shaping / episode  : -5.731
DFA transitions / episode   : 0.00
DFA transitions in window   : none
epsilon (next episode)       : 0.54875
replay buffer                : 164378 samples [1: 99.4%, 2: 0.6%, 3: 0.0%, 4: 0.0%]
DFA state visits in window   : 1: 13044, 2: 0, 3: 0, 4: 0
DFA state visits cumulative  : 1: 164919, 2: 959, 3: 0, 4: 0
DFA state entries in window  : 1: 100, 2: 0, 3: 0, 4: 0
DFA state entries cumulative : 1: 1500, 2: 40, 3: 0, 4: 0
transitions cumulative       : 1->2: 40
accepted directly from s0    : 0
Gym endings cumulative       : terminated=1496, truncated=4

Starting autonomous greedy evaluation at episode 1500 (1000 fixed-seed episodes)...
[Greedy evaluation at episode 1500 | 1000 fixed-seed episodes]
success=0.0%, failure=0.0%, task reward=0.000, length=322.4
DFA transitions: 1->2: 506

[Episode 1600/8000 | last 100]
success rate                : 0.0% (cumulative 0.0%)
failure rate                : 0.0% (cumulative 0.0%)
completed cycles / episode  : 0.000
synthetic task reward       : 0.000
shaping reward              : -761.200
learning reward             : -761.200
episode length              : 170.6
abstract changes / episode  : 130.1
same abstract-state steps   : 23.7%
same-state shaping / episode: 0.000
changed-state shaping / ep. : -761.200
terminal shaping / episode  : -2.636
DFA transitions / episode   : 0.00
DFA transitions in window   : none
epsilon (next episode)       : 0.52722
replay buffer                : 181434 samples [1: 99.5%, 2: 0.5%, 3: 0.0%, 4: 0.0%]
DFA state visits in window   : 1: 17156, 2: 0, 3: 0, 4: 0
DFA state visits cumulative  : 1: 182075, 2: 959, 3: 0, 4: 0
DFA state entries in window  : 1: 100, 2: 0, 3: 0, 4: 0
DFA state entries cumulative : 1: 1600, 2: 40, 3: 0, 4: 0
transitions cumulative       : 1->2: 40
accepted directly from s0    : 0
Gym endings cumulative       : terminated=1595, truncated=5

[Episode 1700/8000 | last 100]
success rate                : 0.0% (cumulative 0.0%)
failure rate                : 0.0% (cumulative 0.0%)
completed cycles / episode  : 0.000
synthetic task reward       : 0.000
shaping reward              : -705.133
learning reward             : -705.133
episode length              : 131.5
abstract changes / episode  : 109.2
same abstract-state steps   : 17.0%
same-state shaping / episode: 0.000
changed-state shaping / ep. : -705.133
terminal shaping / episode  : -4.718
DFA transitions / episode   : 0.00
DFA transitions in window   : none
epsilon (next episode)       : 0.50655
replay buffer                : 194588 samples [1: 99.5%, 2: 0.5%, 3: 0.0%, 4: 0.0%]
DFA state visits in window   : 1: 13254, 2: 0, 3: 0, 4: 0
DFA state visits cumulative  : 1: 195329, 2: 959, 3: 0, 4: 0
DFA state entries in window  : 1: 100, 2: 0, 3: 0, 4: 0
DFA state entries cumulative : 1: 1700, 2: 40, 3: 0, 4: 0
transitions cumulative       : 1->2: 40
accepted directly from s0    : 0
Gym endings cumulative       : terminated=1694, truncated=6

[Episode 1800/8000 | last 100]
success rate                : 0.0% (cumulative 0.0%)
failure rate                : 0.0% (cumulative 0.0%)
completed cycles / episode  : 0.000
synthetic task reward       : 0.000
shaping reward              : -774.058
learning reward             : -774.058
episode length              : 126.8
abstract changes / episode  : 105.7
same abstract-state steps   : 16.7%
same-state shaping / episode: 0.000
changed-state shaping / ep. : -774.058
terminal shaping / episode  : -3.235
DFA transitions / episode   : 0.00
DFA transitions in window   : none
epsilon (next episode)       : 0.48668
replay buffer                : 207272 samples [1: 99.6%, 2: 0.4%, 3: 0.0%, 4: 0.0%]
DFA state visits in window   : 1: 12784, 2: 0, 3: 0, 4: 0
DFA state visits cumulative  : 1: 208113, 2: 959, 3: 0, 4: 0
DFA state entries in window  : 1: 100, 2: 0, 3: 0, 4: 0
DFA state entries cumulative : 1: 1800, 2: 40, 3: 0, 4: 0
transitions cumulative       : 1->2: 40
accepted directly from s0    : 0
Gym endings cumulative       : terminated=1793, truncated=7

[Episode 1900/8000 | last 100]
success rate                : 0.0% (cumulative 0.0%)
failure rate                : 0.0% (cumulative 0.0%)
completed cycles / episode  : 0.000
synthetic task reward       : 0.000
shaping reward              : -575.724
learning reward             : -575.724
episode length              : 151.1
abstract changes / episode  : 118.3
same abstract-state steps   : 21.7%
same-state shaping / episode: 0.000
changed-state shaping / ep. : -575.724
terminal shaping / episode  : -5.724
DFA transitions / episode   : 0.07
DFA transitions in window   : 1->2: 7
epsilon (next episode)       : 0.46760
replay buffer                : 222386 samples [1: 99.5%, 2: 0.5%, 3: 0.0%, 4: 0.0%]
DFA state visits in window   : 1: 15055, 2: 159, 3: 0, 4: 0
DFA state visits cumulative  : 1: 223168, 2: 1118, 3: 0, 4: 0
DFA state entries in window  : 1: 100, 2: 7, 3: 0, 4: 0
DFA state entries cumulative : 1: 1900, 2: 47, 3: 0, 4: 0
transitions cumulative       : 1->2: 47
accepted directly from s0    : 0
Gym endings cumulative       : terminated=1891, truncated=9

[Episode 2000/8000 | last 100]
success rate                : 0.0% (cumulative 0.0%)
failure rate                : 0.0% (cumulative 0.0%)
completed cycles / episode  : 0.000
synthetic task reward       : 0.000
shaping reward              : -224.291
learning reward             : -224.291
episode length              : 125.3
abstract changes / episode  : 100.8
same abstract-state steps   : 19.5%
same-state shaping / episode: 0.000
changed-state shaping / ep. : -224.291
terminal shaping / episode  : -12.187
DFA transitions / episode   : 0.23
DFA transitions in window   : 1->2: 23
epsilon (next episode)       : 0.44926
replay buffer                : 234913 samples [1: 99.3%, 2: 0.7%, 3: 0.0%, 4: 0.0%]
DFA state visits in window   : 1: 12025, 2: 602, 3: 0, 4: 0
DFA state visits cumulative  : 1: 235193, 2: 1720, 3: 0, 4: 0
DFA state entries in window  : 1: 100, 2: 23, 3: 0, 4: 0
DFA state entries cumulative : 1: 2000, 2: 70, 3: 0, 4: 0
transitions cumulative       : 1->2: 70
accepted directly from s0    : 0
Gym endings cumulative       : terminated=1991, truncated=9

Starting autonomous greedy evaluation at episode 2000 (1000 fixed-seed episodes)...
[Greedy evaluation at episode 2000 | 1000 fixed-seed episodes]
success=0.0%, failure=0.0%, task reward=0.000, length=390.9
DFA transitions: 1->2: 198, 2->3: 13

[Episode 2100/8000 | last 100]
success rate                : 0.0% (cumulative 0.0%)
failure rate                : 0.0% (cumulative 0.0%)
completed cycles / episode  : 0.000
synthetic task reward       : 0.000
shaping reward              : -300.725
learning reward             : -300.725
episode length              : 164.3
abstract changes / episode  : 124.1
same abstract-state steps   : 24.5%
same-state shaping / episode: 0.000
changed-state shaping / ep. : -300.725
terminal shaping / episode  : -14.519
DFA transitions / episode   : 0.04
DFA transitions in window   : 1->2: 4
epsilon (next episode)       : 0.43164
replay buffer                : 251346 samples [1: 99.3%, 2: 0.7%, 3: 0.0%, 4: 0.0%]
DFA state visits in window   : 1: 16397, 2: 136, 3: 0, 4: 0
DFA state visits cumulative  : 1: 251590, 2: 1856, 3: 0, 4: 0
DFA state entries in window  : 1: 100, 2: 4, 3: 0, 4: 0
DFA state entries cumulative : 1: 2100, 2: 74, 3: 0, 4: 0
transitions cumulative       : 1->2: 74
accepted directly from s0    : 0
Gym endings cumulative       : terminated=2090, truncated=10

[Episode 2200/8000 | last 100]
success rate                : 0.0% (cumulative 0.0%)
failure rate                : 0.0% (cumulative 0.0%)
completed cycles / episode  : 0.000
synthetic task reward       : 0.000
shaping reward              : -110.353
learning reward             : -110.353
episode length              : 156.0
abstract changes / episode  : 124.5
same abstract-state steps   : 20.2%
same-state shaping / episode: 0.000
changed-state shaping / ep. : -110.353
terminal shaping / episode  : -14.314
DFA transitions / episode   : 0.09
DFA transitions in window   : 1->2: 9
epsilon (next episode)       : 0.41471
replay buffer                : 266950 samples [1: 99.3%, 2: 0.7%, 3: 0.0%, 4: 0.0%]
DFA state visits in window   : 1: 15495, 2: 209, 3: 0, 4: 0
DFA state visits cumulative  : 1: 267085, 2: 2065, 3: 0, 4: 0
DFA state entries in window  : 1: 100, 2: 9, 3: 0, 4: 0
DFA state entries cumulative : 1: 2200, 2: 83, 3: 0, 4: 0
transitions cumulative       : 1->2: 83
accepted directly from s0    : 0
Gym endings cumulative       : terminated=2190, truncated=10

[Episode 2300/8000 | last 100]
success rate                : 0.0% (cumulative 0.0%)
failure rate                : 0.0% (cumulative 0.0%)
completed cycles / episode  : 0.000
synthetic task reward       : 0.000
shaping reward              : 96.509
learning reward             : 96.509
episode length              : 128.3
abstract changes / episode  : 105.4
same abstract-state steps   : 17.8%
same-state shaping / episode: 0.000
changed-state shaping / ep. : 96.509
terminal shaping / episode  : -12.698
DFA transitions / episode   : 0.28
DFA transitions in window   : 1->2: 28
epsilon (next episode)       : 0.39845
replay buffer                : 279783 samples [1: 99.1%, 2: 0.9%, 3: 0.0%, 4: 0.0%]
DFA state visits in window   : 1: 12393, 2: 540, 3: 0, 4: 0
DFA state visits cumulative  : 1: 279478, 2: 2605, 3: 0, 4: 0
DFA state entries in window  : 1: 100, 2: 28, 3: 0, 4: 0
DFA state entries cumulative : 1: 2300, 2: 111, 3: 0, 4: 0
transitions cumulative       : 1->2: 111
accepted directly from s0    : 0
Gym endings cumulative       : terminated=2290, truncated=10

[Episode 2400/8000 | last 100]
success rate                : 0.0% (cumulative 0.0%)
failure rate                : 0.0% (cumulative 0.0%)
completed cycles / episode  : 0.000
synthetic task reward       : 0.000
shaping reward              : 156.481
learning reward             : 156.481
episode length              : 123.6
abstract changes / episode  : 104.9
same abstract-state steps   : 15.2%
same-state shaping / episode: 0.000
changed-state shaping / ep. : 156.481
terminal shaping / episode  : -15.427
DFA transitions / episode   : 0.25
DFA transitions in window   : 1->2: 25
epsilon (next episode)       : 0.38282
replay buffer                : 292146 samples [1: 99.0%, 2: 1.0%, 3: 0.0%, 4: 0.0%]
DFA state visits in window   : 1: 11956, 2: 507, 3: 0, 4: 0
DFA state visits cumulative  : 1: 291434, 2: 3112, 3: 0, 4: 0
DFA state entries in window  : 1: 100, 2: 25, 3: 0, 4: 0
DFA state entries cumulative : 1: 2400, 2: 136, 3: 0, 4: 0
transitions cumulative       : 1->2: 136
accepted directly from s0    : 0
Gym endings cumulative       : terminated=2390, truncated=10

[Episode 2500/8000 | last 100]
success rate                : 0.0% (cumulative 0.0%)
failure rate                : 0.0% (cumulative 0.0%)
completed cycles / episode  : 0.000
synthetic task reward       : 0.000
shaping reward              : 252.291
learning reward             : 252.291
episode length              : 140.8
abstract changes / episode  : 117.2
same abstract-state steps   : 16.7%
same-state shaping / episode: 0.000
changed-state shaping / ep. : 252.291
terminal shaping / episode  : -12.794
DFA transitions / episode   : 0.14
DFA transitions in window   : 1->2: 14
epsilon (next episode)       : 0.36781
replay buffer                : 300000 samples [1: 98.9%, 2: 1.1%, 3: 0.0%, 4: 0.0%]
DFA state visits in window   : 1: 13871, 2: 310, 3: 0, 4: 0
DFA state visits cumulative  : 1: 305305, 2: 3422, 3: 0, 4: 0
DFA state entries in window  : 1: 100, 2: 14, 3: 0, 4: 0
DFA state entries cumulative : 1: 2500, 2: 150, 3: 0, 4: 0
transitions cumulative       : 1->2: 150
accepted directly from s0    : 0
Gym endings cumulative       : terminated=2490, truncated=10

Starting autonomous greedy evaluation at episode 2500 (1000 fixed-seed episodes)...
[Greedy evaluation at episode 2500 | 1000 fixed-seed episodes]
success=0.0%, failure=0.0%, task reward=0.000, length=153.5
DFA transitions: 1->2: 776, 2->3: 1

[Episode 2600/8000 | last 100]
success rate                : 0.0% (cumulative 0.0%)
failure rate                : 0.0% (cumulative 0.0%)
completed cycles / episode  : 0.000
synthetic task reward       : 0.000
shaping reward              : 168.295
learning reward             : 168.295
episode length              : 194.7
abstract changes / episode  : 154.9
same abstract-state steps   : 20.4%
same-state shaping / episode: 0.000
changed-state shaping / ep. : 168.295
terminal shaping / episode  : -9.027
DFA transitions / episode   : 0.23
DFA transitions in window   : 1->2: 23
epsilon (next episode)       : 0.35338
replay buffer                : 300000 samples [1: 98.6%, 2: 1.4%, 3: 0.0%, 4: 0.0%]
DFA state visits in window   : 1: 18492, 2: 1078, 3: 0, 4: 0
DFA state visits cumulative  : 1: 323797, 2: 4500, 3: 0, 4: 0
DFA state entries in window  : 1: 100, 2: 23, 3: 0, 4: 0
DFA state entries cumulative : 1: 2600, 2: 173, 3: 0, 4: 0
transitions cumulative       : 1->2: 173
accepted directly from s0    : 0
Gym endings cumulative       : terminated=2589, truncated=11

[Episode 2700/8000 | last 100]
success rate                : 0.0% (cumulative 0.0%)
failure rate                : 0.0% (cumulative 0.0%)
completed cycles / episode  : 0.000
synthetic task reward       : 0.000
shaping reward              : 308.764
learning reward             : 308.764
episode length              : 160.6
abstract changes / episode  : 131.9
same abstract-state steps   : 17.9%
same-state shaping / episode: 0.000
changed-state shaping / ep. : 308.764
terminal shaping / episode  : -8.412
DFA transitions / episode   : 0.34
DFA transitions in window   : 1->2: 34
epsilon (next episode)       : 0.33952
replay buffer                : 300000 samples [1: 98.3%, 2: 1.7%, 3: 0.0%, 4: 0.0%]
DFA state visits in window   : 1: 15224, 2: 932, 3: 0, 4: 0
DFA state visits cumulative  : 1: 339021, 2: 5432, 3: 0, 4: 0
DFA state entries in window  : 1: 100, 2: 34, 3: 0, 4: 0
DFA state entries cumulative : 1: 2700, 2: 207, 3: 0, 4: 0
transitions cumulative       : 1->2: 207
accepted directly from s0    : 0
Gym endings cumulative       : terminated=2689, truncated=11

[Episode 2800/8000 | last 100]
success rate                : 0.0% (cumulative 0.0%)
failure rate                : 0.0% (cumulative 0.0%)
completed cycles / episode  : 0.000
synthetic task reward       : 0.000
shaping reward              : 265.599
learning reward             : 265.599
episode length              : 148.7
abstract changes / episode  : 123.6
same abstract-state steps   : 16.8%
same-state shaping / episode: 0.000
changed-state shaping / ep. : 265.599
terminal shaping / episode  : -8.285
DFA transitions / episode   : 0.30
DFA transitions in window   : 1->2: 30
epsilon (next episode)       : 0.32621
replay buffer                : 300000 samples [1: 98.1%, 2: 1.9%, 3: 0.0%, 4: 0.0%]
DFA state visits in window   : 1: 14115, 2: 850, 3: 0, 4: 0
DFA state visits cumulative  : 1: 353136, 2: 6282, 3: 0, 4: 0
DFA state entries in window  : 1: 100, 2: 30, 3: 0, 4: 0
DFA state entries cumulative : 1: 2800, 2: 237, 3: 0, 4: 0
transitions cumulative       : 1->2: 237
accepted directly from s0    : 0
Gym endings cumulative       : terminated=2789, truncated=11

[Episode 2900/8000 | last 100]
success rate                : 0.0% (cumulative 0.0%)
failure rate                : 0.0% (cumulative 0.0%)
completed cycles / episode  : 0.000
synthetic task reward       : 0.000
shaping reward              : 398.359
learning reward             : 398.359
episode length              : 225.2
abstract changes / episode  : 163.4
same abstract-state steps   : 27.4%
same-state shaping / episode: 0.000
changed-state shaping / ep. : 398.359
terminal shaping / episode  : -10.287
DFA transitions / episode   : 0.38
DFA transitions in window   : 1->2: 37, 2->3: 1
epsilon (next episode)       : 0.31341
replay buffer                : 300000 samples [1: 97.5%, 2: 2.5%, 3: 0.0%, 4: 0.0%]
DFA state visits in window   : 1: 20633, 2: 1971, 3: 17, 4: 0
DFA state visits cumulative  : 1: 373769, 2: 8253, 3: 17, 4: 0
DFA state entries in window  : 1: 100, 2: 37, 3: 1, 4: 0
DFA state entries cumulative : 1: 2900, 2: 274, 3: 1, 4: 0
transitions cumulative       : 1->2: 274, 2->3: 1
accepted directly from s0    : 0
Gym endings cumulative       : terminated=2889, truncated=11

[Episode 3000/8000 | last 100]
success rate                : 0.0% (cumulative 0.0%)
failure rate                : 0.0% (cumulative 0.0%)
completed cycles / episode  : 0.000
synthetic task reward       : 0.000
shaping reward              : 691.958
learning reward             : 691.958
episode length              : 427.8
abstract changes / episode  : 239.6
same abstract-state steps   : 44.0%
same-state shaping / episode: 0.000
changed-state shaping / ep. : 691.958
terminal shaping / episode  : -7.920
DFA transitions / episode   : 0.54
DFA transitions in window   : 1->2: 44, 2->3: 10
epsilon (next episode)       : 0.30112
replay buffer                : 300000 samples [1: 95.7%, 2: 4.2%, 3: 0.1%, 4: 0.0%]
DFA state visits in window   : 1: 37211, 2: 5435, 3: 231, 4: 0
DFA state visits cumulative  : 1: 410980, 2: 13688, 3: 248, 4: 0
DFA state entries in window  : 1: 100, 2: 44, 3: 10, 4: 0
DFA state entries cumulative : 1: 3000, 2: 318, 3: 11, 4: 0
transitions cumulative       : 1->2: 318, 2->3: 11
accepted directly from s0    : 0
Gym endings cumulative       : terminated=2973, truncated=27

Starting autonomous greedy evaluation at episode 3000 (1000 fixed-seed episodes)...
[Greedy evaluation at episode 3000 | 1000 fixed-seed episodes]
success=0.0%, failure=0.0%, task reward=0.000, length=686.8
DFA transitions: 1->2: 382, 2->3: 6

[Episode 3100/8000 | last 100]
success rate                : 0.0% (cumulative 0.0%)
failure rate                : 0.0% (cumulative 0.0%)
completed cycles / episode  : 0.000
synthetic task reward       : 0.000
shaping reward              : 653.775
learning reward             : 653.775
episode length              : 293.9
abstract changes / episode  : 217.9
same abstract-state steps   : 25.9%
same-state shaping / episode: 0.000
changed-state shaping / ep. : 653.775
terminal shaping / episode  : -16.230
DFA transitions / episode   : 0.62
DFA transitions in window   : 1->2: 49, 2->3: 13
epsilon (next episode)       : 0.28931
replay buffer                : 300000 samples [1: 93.9%, 2: 6.0%, 3: 0.2%, 4: 0.0%]
DFA state visits in window   : 1: 23744, 2: 5444, 3: 305, 4: 0
DFA state visits cumulative  : 1: 434724, 2: 19132, 3: 553, 4: 0
DFA state entries in window  : 1: 100, 2: 49, 3: 13, 4: 0
DFA state entries cumulative : 1: 3100, 2: 367, 3: 24, 4: 0
transitions cumulative       : 1->2: 367, 2->3: 24
accepted directly from s0    : 0
Gym endings cumulative       : terminated=3072, truncated=28

[Episode 3200/8000 | last 100]
success rate                : 0.0% (cumulative 0.0%)
failure rate                : 0.0% (cumulative 0.0%)
completed cycles / episode  : 0.000
synthetic task reward       : 0.000
shaping reward              : 700.258
learning reward             : 700.258
episode length              : 260.4
abstract changes / episode  : 205.4
same abstract-state steps   : 21.1%
same-state shaping / episode: 0.000
changed-state shaping / ep. : 700.258
terminal shaping / episode  : -20.797
DFA transitions / episode   : 0.62
DFA transitions in window   : 1->2: 52, 2->3: 10
epsilon (next episode)       : 0.27797
replay buffer                : 300000 samples [1: 91.3%, 2: 8.4%, 3: 0.3%, 4: 0.0%]
DFA state visits in window   : 1: 18483, 2: 7340, 3: 314, 4: 0
DFA state visits cumulative  : 1: 453207, 2: 26472, 3: 867, 4: 0
DFA state entries in window  : 1: 100, 2: 52, 3: 10, 4: 0
DFA state entries cumulative : 1: 3200, 2: 419, 3: 34, 4: 0
transitions cumulative       : 1->2: 419, 2->3: 34
accepted directly from s0    : 0
Gym endings cumulative       : terminated=3172, truncated=28

[Episode 3300/8000 | last 100]
success rate                : 0.0% (cumulative 0.0%)
failure rate                : 0.0% (cumulative 0.0%)
completed cycles / episode  : 0.000
synthetic task reward       : 0.000
shaping reward              : 691.528
learning reward             : 691.528
episode length              : 312.1
abstract changes / episode  : 243.9
same abstract-state steps   : 21.9%
same-state shaping / episode: 0.000
changed-state shaping / ep. : 691.528
terminal shaping / episode  : -14.214
DFA transitions / episode   : 0.65
DFA transitions in window   : 1->2: 55, 2->3: 10
epsilon (next episode)       : 0.26706
replay buffer                : 300000 samples [1: 88.0%, 2: 11.6%, 3: 0.4%, 4: 0.0%]
DFA state visits in window   : 1: 21380, 2: 9543, 3: 388, 4: 0
DFA state visits cumulative  : 1: 474587, 2: 36015, 3: 1255, 4: 0
DFA state entries in window  : 1: 100, 2: 55, 3: 10, 4: 0
DFA state entries cumulative : 1: 3300, 2: 474, 3: 44, 4: 0
transitions cumulative       : 1->2: 474, 2->3: 44
accepted directly from s0    : 0
Gym endings cumulative       : terminated=3271, truncated=29

[Episode 3400/8000 | last 100]
success rate                : 0.0% (cumulative 0.0%)
failure rate                : 0.0% (cumulative 0.0%)
completed cycles / episode  : 0.000
synthetic task reward       : 0.000
shaping reward              : 980.046
learning reward             : 980.046
episode length              : 500.0
abstract changes / episode  : 359.3
same abstract-state steps   : 28.2%
same-state shaping / episode: 0.000
changed-state shaping / ep. : 980.046
terminal shaping / episode  : -6.596
DFA transitions / episode   : 0.70
DFA transitions in window   : 1->2: 52, 2->3: 18
epsilon (next episode)       : 0.25659
replay buffer                : 300000 samples [1: 82.2%, 2: 16.7%, 3: 1.1%, 4: 0.0%]
DFA state visits in window   : 1: 31531, 2: 16568, 3: 2005, 4: 0
DFA state visits cumulative  : 1: 506118, 2: 52583, 3: 3260, 4: 0
DFA state entries in window  : 1: 100, 2: 52, 3: 18, 4: 0
DFA state entries cumulative : 1: 3400, 2: 526, 3: 62, 4: 0
transitions cumulative       : 1->2: 526, 2->3: 62
accepted directly from s0    : 0
Gym endings cumulative       : terminated=3355, truncated=45

[Episode 3500/8000 | last 100]
success rate                : 6.0% (cumulative 0.2%)
failure rate                : 0.0% (cumulative 0.0%)
completed cycles / episode  : 0.000
synthetic task reward       : 600.000
shaping reward              : 2310.993
learning reward             : 2910.993
episode length              : 504.1
abstract changes / episode  : 359.2
same abstract-state steps   : 28.7%
same-state shaping / episode: 0.000
changed-state shaping / ep. : 2310.993
terminal shaping / episode  : -1.634
DFA transitions / episode   : 1.21
DFA transitions in window   : 1->2: 72, 2->3: 43, 3->4: 6
epsilon (next episode)       : 0.24653
replay buffer                : 300000 samples [1: 74.0%, 2: 21.8%, 3: 4.2%, 4: 0.0%]
DFA state visits in window   : 1: 24380, 2: 16814, 3: 9309, 4: 6
DFA state visits cumulative  : 1: 530498, 2: 69397, 3: 12569, 4: 6
DFA state entries in window  : 1: 100, 2: 72, 3: 43, 4: 6
DFA state entries cumulative : 1: 3500, 2: 598, 3: 105, 4: 6
transitions cumulative       : 1->2: 598, 2->3: 105, 3->4: 6
accepted directly from s0    : 0
Gym endings cumulative       : terminated=3439, truncated=55

Starting autonomous greedy evaluation at episode 3500 (1000 fixed-seed episodes)...
[Greedy evaluation at episode 3500 | 1000 fixed-seed episodes]
success=7.9%, failure=0.0%, task reward=790.000, length=918.4
DFA transitions: 1->2: 1000, 2->3: 410, 3->4: 79
Best policy updated from autonomous greedy evaluation at episode 3500.

[Episode 3600/8000 | last 100]
success rate                : 9.0% (cumulative 0.4%)
failure rate                : 0.0% (cumulative 0.0%)
completed cycles / episode  : 0.000
synthetic task reward       : 900.000
shaping reward              : 2524.932
learning reward             : 3424.932
episode length              : 462.5
abstract changes / episode  : 344.3
same abstract-state steps   : 25.6%
same-state shaping / episode: 0.000
changed-state shaping / ep. : 2524.932
terminal shaping / episode  : 2.237
DFA transitions / episode   : 1.18
DFA transitions in window   : 1->2: 66, 2->3: 43, 3->4: 9
epsilon (next episode)       : 0.23686
replay buffer                : 300000 samples [1: 67.5%, 2: 26.0%, 3: 6.5%, 4: 0.0%]
DFA state visits in window   : 1: 24208, 2: 15165, 3: 6968, 4: 9
DFA state visits cumulative  : 1: 554706, 2: 84562, 3: 19537, 4: 15
DFA state entries in window  : 1: 100, 2: 66, 3: 43, 4: 9
DFA state entries cumulative : 1: 3600, 2: 664, 3: 148, 4: 15
transitions cumulative       : 1->2: 664, 2->3: 148, 3->4: 15
accepted directly from s0    : 0
Gym endings cumulative       : terminated=3525, truncated=60

[Episode 3700/8000 | last 100]
success rate                : 15.0% (cumulative 0.8%)
failure rate                : 0.0% (cumulative 0.0%)
completed cycles / episode  : 0.000
synthetic task reward       : 1500.000
shaping reward              : 4070.883
learning reward             : 5570.883
episode length              : 479.1
abstract changes / episode  : 343.4
same abstract-state steps   : 28.3%
same-state shaping / episode: 0.000
changed-state shaping / ep. : 4070.883
terminal shaping / episode  : -4.059
DFA transitions / episode   : 1.63
DFA transitions in window   : 1->2: 85, 2->3: 63, 3->4: 15
epsilon (next episode)       : 0.22757
replay buffer                : 300000 samples [1: 59.6%, 2: 30.6%, 3: 9.7%, 4: 0.0%]
DFA state visits in window   : 1: 19760, 2: 18384, 3: 9852, 4: 15
DFA state visits cumulative  : 1: 574466, 2: 102946, 3: 29389, 4: 30
DFA state entries in window  : 1: 100, 2: 85, 3: 63, 4: 15
DFA state entries cumulative : 1: 3700, 2: 749, 3: 211, 4: 30
transitions cumulative       : 1->2: 749, 2->3: 211, 3->4: 30
accepted directly from s0    : 0
Gym endings cumulative       : terminated=3605, truncated=65

[Episode 3800/8000 | last 100]
success rate                : 20.0% (cumulative 1.3%)
failure rate                : 0.0% (cumulative 0.0%)
completed cycles / episode  : 0.000
synthetic task reward       : 2000.000
shaping reward              : 4415.471
learning reward             : 6415.471
episode length              : 481.5
abstract changes / episode  : 364.8
same abstract-state steps   : 24.2%
same-state shaping / episode: 0.000
changed-state shaping / ep. : 4415.471
terminal shaping / episode  : 7.760
DFA transitions / episode   : 1.79
DFA transitions in window   : 1->2: 91, 2->3: 68, 3->4: 20
epsilon (next episode)       : 0.21865
replay buffer                : 300000 samples [1: 53.6%, 2: 33.1%, 3: 13.3%, 4: 0.0%]
DFA state visits in window   : 1: 21234, 2: 15639, 3: 11353, 4: 20
DFA state visits cumulative  : 1: 595700, 2: 118585, 3: 40742, 4: 50
DFA state entries in window  : 1: 100, 2: 91, 3: 68, 4: 20
DFA state entries cumulative : 1: 3800, 2: 840, 3: 279, 4: 50
transitions cumulative       : 1->2: 840, 2->3: 279, 3->4: 50
accepted directly from s0    : 0
Gym endings cumulative       : terminated=3683, truncated=67

[Episode 3900/8000 | last 100]
success rate                : 33.0% (cumulative 2.1%)
failure rate                : 0.0% (cumulative 0.0%)
completed cycles / episode  : 0.000
synthetic task reward       : 3300.000
shaping reward              : 4320.748
learning reward             : 7620.748
episode length              : 453.7
abstract changes / episode  : 348.1
same abstract-state steps   : 23.3%
same-state shaping / episode: 0.000
changed-state shaping / ep. : 4320.748
terminal shaping / episode  : 24.834
DFA transitions / episode   : 1.69
DFA transitions in window   : 1->2: 76, 2->3: 60, 3->4: 33
epsilon (next episode)       : 0.21007
replay buffer                : 300000 samples [1: 50.1%, 2: 33.3%, 3: 16.6%, 4: 0.0%]
DFA state visits in window   : 1: 21817, 2: 13330, 3: 10293, 4: 33
DFA state visits cumulative  : 1: 617517, 2: 131915, 3: 51035, 4: 83
DFA state entries in window  : 1: 100, 2: 76, 3: 60, 4: 33
DFA state entries cumulative : 1: 3900, 2: 916, 3: 339, 4: 83
transitions cumulative       : 1->2: 916, 2->3: 339, 3->4: 83
accepted directly from s0    : 0
Gym endings cumulative       : terminated=3747, truncated=70

[Episode 4000/8000 | last 100]
success rate                : 35.0% (cumulative 2.9%)
failure rate                : 0.0% (cumulative 0.0%)
completed cycles / episode  : 0.000
synthetic task reward       : 3500.000
shaping reward              : 4568.770
learning reward             : 8068.770
episode length              : 444.0
abstract changes / episode  : 343.1
same abstract-state steps   : 22.7%
same-state shaping / episode: 0.000
changed-state shaping / ep. : 4568.770
terminal shaping / episode  : 36.525
DFA transitions / episode   : 1.88
DFA transitions in window   : 1->2: 86, 2->3: 67, 3->4: 35
epsilon (next episode)       : 0.20183
replay buffer                : 300000 samples [1: 47.3%, 2: 33.6%, 3: 19.1%, 4: 0.0%]
DFA state visits in window   : 1: 19394, 2: 16224, 3: 8847, 4: 35
DFA state visits cumulative  : 1: 636911, 2: 148139, 3: 59882, 4: 118
DFA state entries in window  : 1: 100, 2: 86, 3: 67, 4: 35
DFA state entries cumulative : 1: 4000, 2: 1002, 3: 406, 4: 118
transitions cumulative       : 1->2: 1002, 2->3: 406, 3->4: 118
accepted directly from s0    : 0
Gym endings cumulative       : terminated=3808, truncated=74

Starting autonomous greedy evaluation at episode 4000 (1000 fixed-seed episodes)...
[Greedy evaluation at episode 4000 | 1000 fixed-seed episodes]
success=61.5%, failure=0.0%, task reward=6150.000, length=812.9
DFA transitions: 1->2: 925, 2->3: 689, 3->4: 615
Best policy updated from autonomous greedy evaluation at episode 4000.

[Episode 4100/8000 | last 100]
success rate                : 42.0% (cumulative 3.9%)
failure rate                : 0.0% (cumulative 0.0%)
completed cycles / episode  : 0.000
synthetic task reward       : 4200.000
shaping reward              : 5982.072
learning reward             : 10182.072
episode length              : 438.4
abstract changes / episode  : 341.4
same abstract-state steps   : 22.1%
same-state shaping / episode: 0.000
changed-state shaping / ep. : 5982.072
terminal shaping / episode  : 40.615
DFA transitions / episode   : 2.15
DFA transitions in window   : 1->2: 93, 2->3: 80, 3->4: 42
epsilon (next episode)       : 0.19392
replay buffer                : 300000 samples [1: 44.9%, 2: 34.0%, 3: 21.2%, 4: 0.0%]
DFA state visits in window   : 1: 18983, 2: 15056, 3: 9864, 4: 42
DFA state visits cumulative  : 1: 655894, 2: 163195, 3: 69746, 4: 160
DFA state entries in window  : 1: 100, 2: 93, 3: 80, 4: 42
DFA state entries cumulative : 1: 4100, 2: 1095, 3: 486, 4: 160
transitions cumulative       : 1->2: 1095, 2->3: 486, 3->4: 160
accepted directly from s0    : 0
Gym endings cumulative       : terminated=3864, truncated=76

[Episode 4200/8000 | last 100]
success rate                : 51.0% (cumulative 5.0%)
failure rate                : 0.0% (cumulative 0.0%)
completed cycles / episode  : 0.000
synthetic task reward       : 5100.000
shaping reward              : 5780.227
learning reward             : 10880.227
episode length              : 354.2
abstract changes / episode  : 276.6
same abstract-state steps   : 21.9%
same-state shaping / episode: 0.000
changed-state shaping / ep. : 5780.227
terminal shaping / episode  : 54.899
DFA transitions / episode   : 2.10
DFA transitions in window   : 1->2: 84, 2->3: 75, 3->4: 51
epsilon (next episode)       : 0.18631
replay buffer                : 300000 samples [1: 44.4%, 2: 34.0%, 3: 21.6%, 4: 0.0%]
DFA state visits in window   : 1: 14971, 2: 11262, 3: 9237, 4: 51
DFA state visits cumulative  : 1: 670865, 2: 174457, 3: 78983, 4: 211
DFA state entries in window  : 1: 100, 2: 84, 3: 75, 4: 51
DFA state entries cumulative : 1: 4200, 2: 1179, 3: 561, 4: 211
transitions cumulative       : 1->2: 1179, 2->3: 561, 3->4: 211
accepted directly from s0    : 0
Gym endings cumulative       : terminated=3913, truncated=76

[Episode 4300/8000 | last 100]
success rate                : 32.0% (cumulative 5.7%)
failure rate                : 0.0% (cumulative 0.0%)
completed cycles / episode  : 0.000
synthetic task reward       : 3200.000
shaping reward              : 4129.352
learning reward             : 7329.352
episode length              : 383.7
abstract changes / episode  : 279.7
same abstract-state steps   : 27.1%
same-state shaping / episode: 0.000
changed-state shaping / ep. : 4129.352
terminal shaping / episode  : 31.337
DFA transitions / episode   : 1.60
DFA transitions in window   : 1->2: 74, 2->3: 54, 3->4: 32
epsilon (next episode)       : 0.17900
replay buffer                : 300000 samples [1: 45.7%, 2: 33.0%, 3: 21.3%, 4: 0.0%]
DFA state visits in window   : 1: 22663, 2: 10158, 3: 5620, 4: 32
DFA state visits cumulative  : 1: 693528, 2: 184615, 3: 84603, 4: 243
DFA state entries in window  : 1: 100, 2: 74, 3: 54, 4: 32
DFA state entries cumulative : 1: 4300, 2: 1253, 3: 615, 4: 243
transitions cumulative       : 1->2: 1253, 2->3: 615, 3->4: 243
accepted directly from s0    : 0
Gym endings cumulative       : terminated=3979, truncated=78

[Episode 4400/8000 | last 100]
success rate                : 47.0% (cumulative 6.6%)
failure rate                : 0.0% (cumulative 0.0%)
completed cycles / episode  : 0.000
synthetic task reward       : 4700.000
shaping reward              : 5397.834
learning reward             : 10097.834
episode length              : 399.2
abstract changes / episode  : 312.1
same abstract-state steps   : 21.8%
same-state shaping / episode: 0.000
changed-state shaping / ep. : 5397.834
terminal shaping / episode  : 50.800
DFA transitions / episode   : 2.03
DFA transitions in window   : 1->2: 85, 2->3: 71, 3->4: 47
epsilon (next episode)       : 0.17198
replay buffer                : 300000 samples [1: 46.5%, 2: 32.4%, 3: 21.1%, 4: 0.0%]
DFA state visits in window   : 1: 18562, 2: 14176, 3: 7231, 4: 47
DFA state visits cumulative  : 1: 712090, 2: 198791, 3: 91834, 4: 290
DFA state entries in window  : 1: 100, 2: 85, 3: 71, 4: 47
DFA state entries cumulative : 1: 4400, 2: 1338, 3: 686, 4: 290
transitions cumulative       : 1->2: 1338, 2->3: 686, 3->4: 290
accepted directly from s0    : 0
Gym endings cumulative       : terminated=4031, truncated=79

[Episode 4500/8000 | last 100]
success rate                : 62.0% (cumulative 7.8%)
failure rate                : 0.0% (cumulative 0.0%)
completed cycles / episode  : 0.000
synthetic task reward       : 6200.000
shaping reward              : 6066.068
learning reward             : 12266.068
episode length              : 358.7
abstract changes / episode  : 276.8
same abstract-state steps   : 22.8%
same-state shaping / episode: 0.000
changed-state shaping / ep. : 6066.068
terminal shaping / episode  : 62.627
DFA transitions / episode   : 2.23
DFA transitions in window   : 1->2: 85, 2->3: 76, 3->4: 62
epsilon (next episode)       : 0.16524
replay buffer                : 300000 samples [1: 46.7%, 2: 32.1%, 3: 21.2%, 4: 0.0%]
DFA state visits in window   : 1: 15894, 2: 11291, 3: 8727, 4: 62
DFA state visits cumulative  : 1: 727984, 2: 210082, 3: 100561, 4: 352
DFA state entries in window  : 1: 100, 2: 85, 3: 76, 4: 62
DFA state entries cumulative : 1: 4500, 2: 1423, 3: 762, 4: 352
transitions cumulative       : 1->2: 1423, 2->3: 762, 3->4: 352
accepted directly from s0    : 0
Gym endings cumulative       : terminated=4069, truncated=79

Starting autonomous greedy evaluation at episode 4500 (1000 fixed-seed episodes)...
[Greedy evaluation at episode 4500 | 1000 fixed-seed episodes]
success=86.2%, failure=0.0%, task reward=8620.000, length=435.2
DFA transitions: 1->2: 877, 2->3: 872, 3->4: 862
Best policy updated from autonomous greedy evaluation at episode 4500.

[Episode 4600/8000 | last 100]
success rate                : 65.0% (cumulative 9.1%)
failure rate                : 0.0% (cumulative 0.0%)
completed cycles / episode  : 0.000
synthetic task reward       : 6500.000
shaping reward              : 6496.859
learning reward             : 12996.859
episode length              : 352.3
abstract changes / episode  : 275.3
same abstract-state steps   : 21.9%
same-state shaping / episode: 0.000
changed-state shaping / ep. : 6496.859
terminal shaping / episode  : 61.761
DFA transitions / episode   : 2.32
DFA transitions in window   : 1->2: 85, 2->3: 82, 3->4: 65
epsilon (next episode)       : 0.15876
replay buffer                : 300000 samples [1: 46.6%, 2: 31.8%, 3: 21.7%, 4: 0.0%]
DFA state visits in window   : 1: 16051, 2: 9605, 3: 9607, 4: 65
DFA state visits cumulative  : 1: 744035, 2: 219687, 3: 110168, 4: 417
DFA state entries in window  : 1: 100, 2: 85, 3: 82, 4: 65
DFA state entries cumulative : 1: 4600, 2: 1508, 3: 844, 4: 417
transitions cumulative       : 1->2: 1508, 2->3: 844, 3->4: 417
accepted directly from s0    : 0
Gym endings cumulative       : terminated=4104, truncated=79

[Episode 4700/8000 | last 100]
success rate                : 82.0% (cumulative 10.6%)
failure rate                : 0.0% (cumulative 0.0%)
completed cycles / episode  : 0.000
synthetic task reward       : 8200.000
shaping reward              : 7345.483
learning reward             : 15545.483
episode length              : 385.1
abstract changes / episode  : 288.6
same abstract-state steps   : 25.1%
same-state shaping / episode: 0.000
changed-state shaping / ep. : 7345.483
terminal shaping / episode  : 83.944
DFA transitions / episode   : 2.65
DFA transitions in window   : 1->2: 92, 2->3: 91, 3->4: 82
epsilon (next episode)       : 0.15253
replay buffer                : 300000 samples [1: 46.0%, 2: 32.1%, 3: 21.9%, 4: 0.0%]
DFA state visits in window   : 1: 16045, 2: 12890, 3: 9590, 4: 82
DFA state visits cumulative  : 1: 760080, 2: 232577, 3: 119758, 4: 499
DFA state entries in window  : 1: 100, 2: 92, 3: 91, 4: 82
DFA state entries cumulative : 1: 4700, 2: 1600, 3: 935, 4: 499
transitions cumulative       : 1->2: 1600, 2->3: 935, 3->4: 499
accepted directly from s0    : 0
Gym endings cumulative       : terminated=4120, truncated=81

[Episode 4800/8000 | last 100]
success rate                : 74.0% (cumulative 11.9%)
failure rate                : 0.0% (cumulative 0.0%)
completed cycles / episode  : 0.000
synthetic task reward       : 7400.000
shaping reward              : 6690.095
learning reward             : 14090.095
episode length              : 354.4
abstract changes / episode  : 271.4
same abstract-state steps   : 23.4%
same-state shaping / episode: 0.000
changed-state shaping / ep. : 6690.095
terminal shaping / episode  : 72.038
DFA transitions / episode   : 2.45
DFA transitions in window   : 1->2: 87, 2->3: 84, 3->4: 74
epsilon (next episode)       : 0.14655
replay buffer                : 300000 samples [1: 45.9%, 2: 31.4%, 3: 22.8%, 4: 0.0%]
DFA state visits in window   : 1: 16100, 2: 10369, 3: 8994, 4: 74
DFA state visits cumulative  : 1: 776180, 2: 242946, 3: 128752, 4: 573
DFA state entries in window  : 1: 100, 2: 87, 3: 84, 4: 74
DFA state entries cumulative : 1: 4800, 2: 1687, 3: 1019, 4: 573
transitions cumulative       : 1->2: 1687, 2->3: 1019, 3->4: 573
accepted directly from s0    : 0
Gym endings cumulative       : terminated=4144, truncated=83

[Episode 4900/8000 | last 100]
success rate                : 78.0% (cumulative 13.3%)
failure rate                : 0.0% (cumulative 0.0%)
completed cycles / episode  : 0.000
synthetic task reward       : 7800.000
shaping reward              : 7003.514
learning reward             : 14803.514
episode length              : 380.0
abstract changes / episode  : 285.9
same abstract-state steps   : 24.8%
same-state shaping / episode: 0.000
changed-state shaping / ep. : 7003.514
terminal shaping / episode  : 77.228
DFA transitions / episode   : 2.58
DFA transitions in window   : 1->2: 95, 2->3: 85, 3->4: 78
epsilon (next episode)       : 0.14080
replay buffer                : 300000 samples [1: 46.2%, 2: 30.7%, 3: 23.0%, 4: 0.0%]
DFA state visits in window   : 1: 17156, 2: 11523, 3: 9346, 4: 78
DFA state visits cumulative  : 1: 793336, 2: 254469, 3: 138098, 4: 651
DFA state entries in window  : 1: 100, 2: 95, 3: 85, 4: 78
DFA state entries cumulative : 1: 4900, 2: 1782, 3: 1104, 4: 651
transitions cumulative       : 1->2: 1782, 2->3: 1104, 3->4: 651
accepted directly from s0    : 0
Gym endings cumulative       : terminated=4165, truncated=84

[Episode 5000/8000 | last 100]
success rate                : 66.0% (cumulative 14.3%)
failure rate                : 0.0% (cumulative 0.0%)
completed cycles / episode  : 0.000
synthetic task reward       : 6600.000
shaping reward              : 7195.373
learning reward             : 13795.373
episode length              : 349.7
abstract changes / episode  : 281.3
same abstract-state steps   : 19.5%
same-state shaping / episode: 0.000
changed-state shaping / ep. : 7195.373
terminal shaping / episode  : 60.016
DFA transitions / episode   : 2.56
DFA transitions in window   : 1->2: 97, 2->3: 93, 3->4: 66
epsilon (next episode)       : 0.13528
replay buffer                : 300000 samples [1: 46.2%, 2: 30.6%, 3: 23.2%, 4: 0.0%]
DFA state visits in window   : 1: 14703, 2: 10645, 3: 9652, 4: 66
DFA state visits cumulative  : 1: 808039, 2: 265114, 3: 147750, 4: 717
DFA state entries in window  : 1: 100, 2: 97, 3: 93, 4: 66
DFA state entries cumulative : 1: 5000, 2: 1879, 3: 1197, 4: 717
transitions cumulative       : 1->2: 1879, 2->3: 1197, 3->4: 717
accepted directly from s0    : 0
Gym endings cumulative       : terminated=4199, truncated=84

Starting autonomous greedy evaluation at episode 5000 (1000 fixed-seed episodes)...
[Greedy evaluation at episode 5000 | 1000 fixed-seed episodes]
success=98.6%, failure=0.0%, task reward=9860.000, length=279.5
DFA transitions: 1->2: 986, 2->3: 986, 3->4: 986
Best policy updated from autonomous greedy evaluation at episode 5000.

[Episode 5100/8000 | last 100]
success rate                : 66.0% (cumulative 15.4%)
failure rate                : 0.0% (cumulative 0.0%)
completed cycles / episode  : 0.000
synthetic task reward       : 6600.000
shaping reward              : 6528.914
learning reward             : 13128.914
episode length              : 343.9
abstract changes / episode  : 276.0
same abstract-state steps   : 19.7%
same-state shaping / episode: 0.000
changed-state shaping / ep. : 6528.914
terminal shaping / episode  : 65.392
DFA transitions / episode   : 2.43
DFA transitions in window   : 1->2: 93, 2->3: 84, 3->4: 66
epsilon (next episode)       : 0.12998
replay buffer                : 300000 samples [1: 44.4%, 2: 31.1%, 3: 24.5%, 4: 0.0%]
DFA state visits in window   : 1: 14233, 2: 10816, 3: 9374, 4: 66
DFA state visits cumulative  : 1: 822272, 2: 275930, 3: 157124, 4: 783
DFA state entries in window  : 1: 100, 2: 93, 3: 84, 4: 66
DFA state entries cumulative : 1: 5100, 2: 1972, 3: 1281, 4: 783
transitions cumulative       : 1->2: 1972, 2->3: 1281, 3->4: 783
accepted directly from s0    : 0
Gym endings cumulative       : terminated=4232, truncated=85

[Episode 5200/8000 | last 100]
success rate                : 68.0% (cumulative 16.4%)
failure rate                : 0.0% (cumulative 0.0%)
completed cycles / episode  : 0.000
synthetic task reward       : 6800.000
shaping reward              : 6375.278
learning reward             : 13175.278
episode length              : 336.3
abstract changes / episode  : 282.7
same abstract-state steps   : 15.9%
same-state shaping / episode: 0.000
changed-state shaping / ep. : 6375.278
terminal shaping / episode  : 67.973
DFA transitions / episode   : 2.31
DFA transitions in window   : 1->2: 82, 2->3: 81, 3->4: 68
epsilon (next episode)       : 0.12488
replay buffer                : 300000 samples [1: 43.3%, 2: 31.3%, 3: 25.4%, 4: 0.0%]
DFA state visits in window   : 1: 14444, 2: 11082, 3: 8136, 4: 68
DFA state visits cumulative  : 1: 836716, 2: 287012, 3: 165260, 4: 851
DFA state entries in window  : 1: 100, 2: 82, 3: 81, 4: 68
DFA state entries cumulative : 1: 5200, 2: 2054, 3: 1362, 4: 851
transitions cumulative       : 1->2: 2054, 2->3: 1362, 3->4: 851
accepted directly from s0    : 0
Gym endings cumulative       : terminated=4264, truncated=85

[Episode 5300/8000 | last 100]
success rate                : 74.0% (cumulative 17.5%)
failure rate                : 0.0% (cumulative 0.0%)
completed cycles / episode  : 0.000
synthetic task reward       : 7400.000
shaping reward              : 7277.833
learning reward             : 14677.833
episode length              : 409.6
abstract changes / episode  : 329.4
same abstract-state steps   : 19.6%
same-state shaping / episode: 0.000
changed-state shaping / ep. : 7277.833
terminal shaping / episode  : 69.122
DFA transitions / episode   : 2.61
DFA transitions in window   : 1->2: 96, 2->3: 91, 3->4: 74
epsilon (next episode)       : 0.11998
replay buffer                : 300000 samples [1: 44.1%, 2: 30.5%, 3: 25.4%, 4: 0.0%]
DFA state visits in window   : 1: 19310, 2: 11776, 3: 9898, 4: 74
DFA state visits cumulative  : 1: 856026, 2: 298788, 3: 175158, 4: 925
DFA state entries in window  : 1: 100, 2: 96, 3: 91, 4: 74
DFA state entries cumulative : 1: 5300, 2: 2150, 3: 1453, 4: 925
transitions cumulative       : 1->2: 2150, 2->3: 1453, 3->4: 925
accepted directly from s0    : 0
Gym endings cumulative       : terminated=4289, truncated=86

[Episode 5400/8000 | last 100]
success rate                : 77.0% (cumulative 18.6%)
failure rate                : 0.0% (cumulative 0.0%)
completed cycles / episode  : 0.000
synthetic task reward       : 7700.000
shaping reward              : 7268.577
learning reward             : 14968.577
episode length              : 416.7
abstract changes / episode  : 335.2
same abstract-state steps   : 19.6%
same-state shaping / episode: 0.000
changed-state shaping / ep. : 7268.577
terminal shaping / episode  : 76.350
DFA transitions / episode   : 2.63
DFA transitions in window   : 1->2: 97, 2->3: 89, 3->4: 77
epsilon (next episode)       : 0.11528
replay buffer                : 300000 samples [1: 44.4%, 2: 31.2%, 3: 24.4%, 4: 0.0%]
DFA state visits in window   : 1: 20186, 2: 13660, 3: 7846, 4: 77
DFA state visits cumulative  : 1: 876212, 2: 312448, 3: 183004, 4: 1002
DFA state entries in window  : 1: 100, 2: 97, 3: 89, 4: 77
DFA state entries cumulative : 1: 5400, 2: 2247, 3: 1542, 4: 1002
transitions cumulative       : 1->2: 2247, 2->3: 1542, 3->4: 1002
accepted directly from s0    : 0
Gym endings cumulative       : terminated=4311, truncated=87

[Episode 5500/8000 | last 100]
success rate                : 82.0% (cumulative 19.7%)
failure rate                : 0.0% (cumulative 0.0%)
completed cycles / episode  : 0.000
synthetic task reward       : 8200.000
shaping reward              : 7399.942
learning reward             : 15599.942
episode length              : 342.6
abstract changes / episode  : 274.1
same abstract-state steps   : 20.0%
same-state shaping / episode: 0.000
changed-state shaping / ep. : 7399.942
terminal shaping / episode  : 78.263
DFA transitions / episode   : 2.68
DFA transitions in window   : 1->2: 95, 2->3: 91, 3->4: 82
epsilon (next episode)       : 0.11075
replay buffer                : 300000 samples [1: 44.9%, 2: 31.0%, 3: 24.0%, 4: 0.0%]
DFA state visits in window   : 1: 16090, 2: 10883, 3: 7300, 4: 82
DFA state visits cumulative  : 1: 892302, 2: 323331, 3: 190304, 4: 1084
DFA state entries in window  : 1: 100, 2: 95, 3: 91, 4: 82
DFA state entries cumulative : 1: 5500, 2: 2342, 3: 1633, 4: 1084
transitions cumulative       : 1->2: 2342, 2->3: 1633, 3->4: 1084
accepted directly from s0    : 0
Gym endings cumulative       : terminated=4329, truncated=87

Starting autonomous greedy evaluation at episode 5500 (1000 fixed-seed episodes)...
[Greedy evaluation at episode 5500 | 1000 fixed-seed episodes]
success=84.3%, failure=0.0%, task reward=8430.000, length=326.7
DFA transitions: 1->2: 918, 2->3: 860, 3->4: 843

[Episode 5600/8000 | last 100]
success rate                : 76.0% (cumulative 20.7%)
failure rate                : 0.0% (cumulative 0.0%)
completed cycles / episode  : 0.000
synthetic task reward       : 7600.000
shaping reward              : 6791.925
learning reward             : 14391.925
episode length              : 354.4
abstract changes / episode  : 286.4
same abstract-state steps   : 19.2%
same-state shaping / episode: 0.000
changed-state shaping / ep. : 6791.925
terminal shaping / episode  : 75.359
DFA transitions / episode   : 2.45
DFA transitions in window   : 1->2: 86, 2->3: 83, 3->4: 76
epsilon (next episode)       : 0.10641
replay buffer                : 300000 samples [1: 45.6%, 2: 31.1%, 3: 23.4%, 4: 0.0%]
DFA state visits in window   : 1: 16858, 2: 11009, 3: 7596, 4: 76
DFA state visits cumulative  : 1: 909160, 2: 334340, 3: 197900, 4: 1160
DFA state entries in window  : 1: 100, 2: 86, 3: 83, 4: 76
DFA state entries cumulative : 1: 5600, 2: 2428, 3: 1716, 4: 1160
transitions cumulative       : 1->2: 2428, 2->3: 1716, 3->4: 1160
accepted directly from s0    : 0
Gym endings cumulative       : terminated=4353, truncated=87

[Episode 5700/8000 | last 100]
success rate                : 67.0% (cumulative 21.5%)
failure rate                : 0.0% (cumulative 0.0%)
completed cycles / episode  : 0.000
synthetic task reward       : 6700.000
shaping reward              : 6134.406
learning reward             : 12834.406
episode length              : 304.8
abstract changes / episode  : 243.1
same abstract-state steps   : 20.2%
same-state shaping / episode: 0.000
changed-state shaping / ep. : 6134.406
terminal shaping / episode  : 62.112
DFA transitions / episode   : 2.28
DFA transitions in window   : 1->2: 84, 2->3: 77, 3->4: 67
epsilon (next episode)       : 0.10224
replay buffer                : 300000 samples [1: 45.4%, 2: 31.5%, 3: 23.1%, 4: 0.0%]
DFA state visits in window   : 1: 14610, 2: 10059, 3: 5845, 4: 67
DFA state visits cumulative  : 1: 923770, 2: 344399, 3: 203745, 4: 1227
DFA state entries in window  : 1: 100, 2: 84, 3: 77, 4: 67
DFA state entries cumulative : 1: 5700, 2: 2512, 3: 1793, 4: 1227
transitions cumulative       : 1->2: 2512, 2->3: 1793, 3->4: 1227
accepted directly from s0    : 0
Gym endings cumulative       : terminated=4385, truncated=88

[Episode 5800/8000 | last 100]
success rate                : 59.0% (cumulative 22.2%)
failure rate                : 0.0% (cumulative 0.0%)
completed cycles / episode  : 0.000
synthetic task reward       : 5900.000
shaping reward              : 5553.098
learning reward             : 11453.098
episode length              : 288.3
abstract changes / episode  : 232.3
same abstract-state steps   : 19.4%
same-state shaping / episode: 0.000
changed-state shaping / ep. : 5553.098
terminal shaping / episode  : 53.616
DFA transitions / episode   : 2.03
DFA transitions in window   : 1->2: 74, 2->3: 70, 3->4: 59
epsilon (next episode)       : 0.09823
replay buffer                : 300000 samples [1: 46.2%, 2: 31.5%, 3: 22.3%, 4: 0.0%]
DFA state visits in window   : 1: 14708, 2: 8797, 3: 5364, 4: 59
DFA state visits cumulative  : 1: 938478, 2: 353196, 3: 209109, 4: 1286
DFA state entries in window  : 1: 100, 2: 74, 3: 70, 4: 59
DFA state entries cumulative : 1: 5800, 2: 2586, 3: 1863, 4: 1286
transitions cumulative       : 1->2: 2586, 2->3: 1863, 3->4: 1286
accepted directly from s0    : 0
Gym endings cumulative       : terminated=4425, truncated=89

[Episode 5900/8000 | last 100]
success rate                : 56.0% (cumulative 22.7%)
failure rate                : 0.0% (cumulative 0.0%)
completed cycles / episode  : 0.000
synthetic task reward       : 5600.000
shaping reward              : 4969.648
learning reward             : 10569.648
episode length              : 320.5
abstract changes / episode  : 256.6
same abstract-state steps   : 19.9%
same-state shaping / episode: 0.000
changed-state shaping / ep. : 4969.648
terminal shaping / episode  : 54.167
DFA transitions / episode   : 1.90
DFA transitions in window   : 1->2: 72, 2->3: 62, 3->4: 56
epsilon (next episode)       : 0.09438
replay buffer                : 300000 samples [1: 47.8%, 2: 31.0%, 3: 21.2%, 4: 0.0%]
DFA state visits in window   : 1: 18202, 2: 8340, 3: 5553, 4: 56
DFA state visits cumulative  : 1: 956680, 2: 361536, 3: 214662, 4: 1342
DFA state entries in window  : 1: 100, 2: 72, 3: 62, 4: 56
DFA state entries cumulative : 1: 5900, 2: 2658, 3: 1925, 4: 1342
transitions cumulative       : 1->2: 2658, 2->3: 1925, 3->4: 1342
accepted directly from s0    : 0
Gym endings cumulative       : terminated=4469, truncated=89

[Episode 6000/8000 | last 100]
success rate                : 59.0% (cumulative 23.4%)
failure rate                : 0.0% (cumulative 0.0%)
completed cycles / episode  : 0.000
synthetic task reward       : 5900.000
shaping reward              : 5842.908
learning reward             : 11742.908
episode length              : 316.8
abstract changes / episode  : 263.8
same abstract-state steps   : 16.7%
same-state shaping / episode: 0.000
changed-state shaping / ep. : 5842.908
terminal shaping / episode  : 54.409
DFA transitions / episode   : 2.14
DFA transitions in window   : 1->2: 82, 2->3: 73, 3->4: 59
epsilon (next episode)       : 0.09067
replay buffer                : 300000 samples [1: 48.7%, 2: 30.9%, 3: 20.4%, 4: 0.0%]
DFA state visits in window   : 1: 15221, 2: 10231, 3: 6273, 4: 59
DFA state visits cumulative  : 1: 971901, 2: 371767, 3: 220935, 4: 1401
DFA state entries in window  : 1: 100, 2: 82, 3: 73, 4: 59
DFA state entries cumulative : 1: 6000, 2: 2740, 3: 1998, 4: 1401
transitions cumulative       : 1->2: 2740, 2->3: 1998, 3->4: 1401
accepted directly from s0    : 0
Gym endings cumulative       : terminated=4510, truncated=89

Starting autonomous greedy evaluation at episode 6000 (1000 fixed-seed episodes)...
[Greedy evaluation at episode 6000 | 1000 fixed-seed episodes]
success=81.5%, failure=0.0%, task reward=8150.000, length=381.6
DFA transitions: 1->2: 844, 2->3: 831, 3->4: 815

[Episode 6100/8000 | last 100]
success rate                : 75.0% (cumulative 24.2%)
failure rate                : 0.0% (cumulative 0.0%)
completed cycles / episode  : 0.000
synthetic task reward       : 7500.000
shaping reward              : 6571.241
learning reward             : 14071.241
episode length              : 322.9
abstract changes / episode  : 260.8
same abstract-state steps   : 19.2%
same-state shaping / episode: 0.000
changed-state shaping / ep. : 6571.241
terminal shaping / episode  : 74.885
DFA transitions / episode   : 2.48
DFA transitions in window   : 1->2: 91, 2->3: 82, 3->4: 75
epsilon (next episode)       : 0.08712
replay buffer                : 300000 samples [1: 48.7%, 2: 30.8%, 3: 20.5%, 4: 0.0%]
DFA state visits in window   : 1: 14599, 2: 10157, 3: 7563, 4: 75
DFA state visits cumulative  : 1: 986500, 2: 381924, 3: 228498, 4: 1476
DFA state entries in window  : 1: 100, 2: 91, 3: 82, 4: 75
DFA state entries cumulative : 1: 6100, 2: 2831, 3: 2080, 4: 1476
transitions cumulative       : 1->2: 2831, 2->3: 2080, 3->4: 1476
accepted directly from s0    : 0
Gym endings cumulative       : terminated=4535, truncated=89

[Episode 6200/8000 | last 100]
success rate                : 76.0% (cumulative 25.0%)
failure rate                : 0.0% (cumulative 0.0%)
completed cycles / episode  : 0.000
synthetic task reward       : 7600.000
shaping reward              : 6907.803
learning reward             : 14507.803
episode length              : 301.9
abstract changes / episode  : 248.1
same abstract-state steps   : 17.8%
same-state shaping / episode: 0.000
changed-state shaping / ep. : 6907.803
terminal shaping / episode  : 71.013
DFA transitions / episode   : 2.53
DFA transitions in window   : 1->2: 93, 2->3: 84, 3->4: 76
epsilon (next episode)       : 0.08370
replay buffer                : 300000 samples [1: 48.3%, 2: 31.5%, 3: 20.3%, 4: 0.0%]
DFA state visits in window   : 1: 13294, 2: 10170, 3: 6754, 4: 76
DFA state visits cumulative  : 1: 999794, 2: 392094, 3: 235252, 4: 1552
DFA state entries in window  : 1: 100, 2: 93, 3: 84, 4: 76
DFA state entries cumulative : 1: 6200, 2: 2924, 3: 2164, 4: 1552
transitions cumulative       : 1->2: 2924, 2->3: 2164, 3->4: 1552
accepted directly from s0    : 0
Gym endings cumulative       : terminated=4559, truncated=89

[Episode 6300/8000 | last 100]
success rate                : 63.0% (cumulative 25.6%)
failure rate                : 0.0% (cumulative 0.0%)
completed cycles / episode  : 0.000
synthetic task reward       : 6300.000
shaping reward              : 5578.274
learning reward             : 11878.274
episode length              : 321.5
abstract changes / episode  : 256.8
same abstract-state steps   : 20.1%
same-state shaping / episode: 0.000
changed-state shaping / ep. : 5578.274
terminal shaping / episode  : 57.785
DFA transitions / episode   : 2.10
DFA transitions in window   : 1->2: 74, 2->3: 73, 3->4: 63
epsilon (next episode)       : 0.08042
replay buffer                : 300000 samples [1: 48.7%, 2: 30.6%, 3: 20.7%, 4: 0.0%]
DFA state visits in window   : 1: 16164, 2: 8302, 3: 7722, 4: 63
DFA state visits cumulative  : 1: 1015958, 2: 400396, 3: 242974, 4: 1615
DFA state entries in window  : 1: 100, 2: 74, 3: 73, 4: 63
DFA state entries cumulative : 1: 6300, 2: 2998, 3: 2237, 4: 1615
transitions cumulative       : 1->2: 2998, 2->3: 2237, 3->4: 1615
accepted directly from s0    : 0
Gym endings cumulative       : terminated=4596, truncated=89

[Episode 6400/8000 | last 100]
success rate                : 79.0% (cumulative 26.5%)
failure rate                : 0.0% (cumulative 0.0%)
completed cycles / episode  : 0.000
synthetic task reward       : 7900.000
shaping reward              : 7147.912
learning reward             : 15047.912
episode length              : 340.5
abstract changes / episode  : 274.8
same abstract-state steps   : 19.3%
same-state shaping / episode: 0.000
changed-state shaping / ep. : 7147.912
terminal shaping / episode  : 78.813
DFA transitions / episode   : 2.65
DFA transitions in window   : 1->2: 96, 2->3: 90, 3->4: 79
epsilon (next episode)       : 0.07727
replay buffer                : 300000 samples [1: 48.0%, 2: 30.9%, 3: 21.2%, 4: 0.0%]
DFA state visits in window   : 1: 13969, 2: 11633, 3: 8473, 4: 79
DFA state visits cumulative  : 1: 1029927, 2: 412029, 3: 251447, 4: 1694
DFA state entries in window  : 1: 100, 2: 96, 3: 90, 4: 79
DFA state entries cumulative : 1: 6400, 2: 3094, 3: 2327, 4: 1694
transitions cumulative       : 1->2: 3094, 2->3: 2327, 3->4: 1694
accepted directly from s0    : 0
Gym endings cumulative       : terminated=4617, truncated=89

[Episode 6500/8000 | last 100]
success rate                : 89.0% (cumulative 27.4%)
failure rate                : 0.0% (cumulative 0.0%)
completed cycles / episode  : 0.000
synthetic task reward       : 8900.000
shaping reward              : 7856.399
learning reward             : 16756.399
episode length              : 323.6
abstract changes / episode  : 261.6
same abstract-state steps   : 19.2%
same-state shaping / episode: 0.000
changed-state shaping / ep. : 7856.399
terminal shaping / episode  : 91.967
DFA transitions / episode   : 2.83
DFA transitions in window   : 1->2: 98, 2->3: 96, 3->4: 89
epsilon (next episode)       : 0.07423
replay buffer                : 300000 samples [1: 47.1%, 2: 31.5%, 3: 21.4%, 4: 0.0%]
DFA state visits in window   : 1: 13684, 2: 11373, 3: 7319, 4: 89
DFA state visits cumulative  : 1: 1043611, 2: 423402, 3: 258766, 4: 1783
DFA state entries in window  : 1: 100, 2: 98, 3: 96, 4: 89
DFA state entries cumulative : 1: 6500, 2: 3192, 3: 2423, 4: 1783
transitions cumulative       : 1->2: 3192, 2->3: 2423, 3->4: 1783
accepted directly from s0    : 0
Gym endings cumulative       : terminated=4628, truncated=89

Starting autonomous greedy evaluation at episode 6500 (1000 fixed-seed episodes)...
[Greedy evaluation at episode 6500 | 1000 fixed-seed episodes]
success=99.9%, failure=0.0%, task reward=9990.000, length=287.0
DFA transitions: 1->2: 1000, 2->3: 999, 3->4: 999
Best policy updated from autonomous greedy evaluation at episode 6500.

[Episode 6600/8000 | last 100]
success rate                : 91.0% (cumulative 28.4%)
failure rate                : 0.0% (cumulative 0.0%)
completed cycles / episode  : 0.000
synthetic task reward       : 9100.000
shaping reward              : 7650.636
learning reward             : 16750.636
episode length              : 321.3
abstract changes / episode  : 259.8
same abstract-state steps   : 19.1%
same-state shaping / episode: 0.000
changed-state shaping / ep. : 7650.636
terminal shaping / episode  : 93.970
DFA transitions / episode   : 2.80
DFA transitions in window   : 1->2: 96, 2->3: 93, 3->4: 91
epsilon (next episode)       : 0.07132
replay buffer                : 300000 samples [1: 47.0%, 2: 31.5%, 3: 21.5%, 4: 0.0%]
DFA state visits in window   : 1: 14227, 2: 11110, 3: 6801, 4: 91
DFA state visits cumulative  : 1: 1057838, 2: 434512, 3: 265567, 4: 1874
DFA state entries in window  : 1: 100, 2: 96, 3: 93, 4: 91
DFA state entries cumulative : 1: 6600, 2: 3288, 3: 2516, 4: 1874
transitions cumulative       : 1->2: 3288, 2->3: 2516, 3->4: 1874
accepted directly from s0    : 0
Gym endings cumulative       : terminated=4637, truncated=89

[Episode 6700/8000 | last 100]
success rate                : 88.0% (cumulative 29.3%)
failure rate                : 0.0% (cumulative 0.0%)
completed cycles / episode  : 0.000
synthetic task reward       : 8800.000
shaping reward              : 7794.805
learning reward             : 16594.805
episode length              : 311.5
abstract changes / episode  : 251.4
same abstract-state steps   : 19.3%
same-state shaping / episode: 0.000
changed-state shaping / ep. : 7794.805
terminal shaping / episode  : 90.518
DFA transitions / episode   : 2.80
DFA transitions in window   : 1->2: 97, 2->3: 95, 3->4: 88
epsilon (next episode)       : 0.06853
replay buffer                : 300000 samples [1: 46.2%, 2: 31.9%, 3: 21.9%, 4: 0.0%]
DFA state visits in window   : 1: 13477, 2: 10774, 3: 6908, 4: 88
DFA state visits cumulative  : 1: 1071315, 2: 445286, 3: 272475, 4: 1962
DFA state entries in window  : 1: 100, 2: 97, 3: 95, 4: 88
DFA state entries cumulative : 1: 6700, 2: 3385, 3: 2611, 4: 1962
transitions cumulative       : 1->2: 3385, 2->3: 2611, 3->4: 1962
accepted directly from s0    : 0
Gym endings cumulative       : terminated=4649, truncated=89

[Episode 6800/8000 | last 100]
success rate                : 82.0% (cumulative 30.1%)
failure rate                : 0.0% (cumulative 0.0%)
completed cycles / episode  : 0.000
synthetic task reward       : 8200.000
shaping reward              : 7725.455
learning reward             : 15925.455
episode length              : 304.8
abstract changes / episode  : 245.4
same abstract-state steps   : 19.5%
same-state shaping / episode: 0.000
changed-state shaping / ep. : 7725.455
terminal shaping / episode  : 80.674
DFA transitions / episode   : 2.75
DFA transitions in window   : 1->2: 97, 2->3: 96, 3->4: 82
epsilon (next episode)       : 0.06584
replay buffer                : 300000 samples [1: 45.2%, 2: 32.3%, 3: 22.5%, 4: 0.0%]
DFA state visits in window   : 1: 13381, 2: 9830, 3: 7283, 4: 82
DFA state visits cumulative  : 1: 1084696, 2: 455116, 3: 279758, 4: 2044
DFA state entries in window  : 1: 100, 2: 97, 3: 96, 4: 82
DFA state entries cumulative : 1: 6800, 2: 3482, 3: 2707, 4: 2044
transitions cumulative       : 1->2: 3482, 2->3: 2707, 3->4: 2044
accepted directly from s0    : 0
Gym endings cumulative       : terminated=4667, truncated=89

[Episode 6900/8000 | last 100]
success rate                : 72.0% (cumulative 30.7%)
failure rate                : 0.0% (cumulative 0.0%)
completed cycles / episode  : 0.000
synthetic task reward       : 7200.000
shaping reward              : 6582.020
learning reward             : 13782.020
episode length              : 301.1
abstract changes / episode  : 235.4
same abstract-state steps   : 21.8%
same-state shaping / episode: 0.000
changed-state shaping / ep. : 6582.020
terminal shaping / episode  : 72.785
DFA transitions / episode   : 2.36
DFA transitions in window   : 1->2: 82, 2->3: 82, 3->4: 72
epsilon (next episode)       : 0.06326
replay buffer                : 300000 samples [1: 44.3%, 2: 32.4%, 3: 23.2%, 4: 0.0%]
DFA state visits in window   : 1: 14302, 2: 8437, 3: 7402, 4: 72
DFA state visits cumulative  : 1: 1098998, 2: 463553, 3: 287160, 4: 2116
DFA state entries in window  : 1: 100, 2: 82, 3: 82, 4: 72
DFA state entries cumulative : 1: 6900, 2: 3564, 3: 2789, 4: 2116
transitions cumulative       : 1->2: 3564, 2->3: 2789, 3->4: 2116
accepted directly from s0    : 0
Gym endings cumulative       : terminated=4694, truncated=90

[Episode 7000/8000 | last 100]
success rate                : 67.0% (cumulative 31.2%)
failure rate                : 0.0% (cumulative 0.0%)
completed cycles / episode  : 0.000
synthetic task reward       : 6700.000
shaping reward              : 5852.652
learning reward             : 12552.652
episode length              : 318.9
abstract changes / episode  : 259.7
same abstract-state steps   : 18.6%
same-state shaping / episode: 0.000
changed-state shaping / ep. : 5852.652
terminal shaping / episode  : 62.659
DFA transitions / episode   : 2.22
DFA transitions in window   : 1->2: 78, 2->3: 77, 3->4: 67
epsilon (next episode)       : 0.06078
replay buffer                : 300000 samples [1: 45.5%, 2: 31.4%, 3: 23.1%, 4: 0.0%]
DFA state visits in window   : 1: 16871, 2: 8142, 3: 6914, 4: 67
DFA state visits cumulative  : 1: 1115869, 2: 471695, 3: 294074, 4: 2183
DFA state entries in window  : 1: 100, 2: 78, 3: 77, 4: 67
DFA state entries cumulative : 1: 7000, 2: 3642, 3: 2866, 4: 2183
transitions cumulative       : 1->2: 3642, 2->3: 2866, 3->4: 2183
accepted directly from s0    : 0
Gym endings cumulative       : terminated=4727, truncated=90

Starting autonomous greedy evaluation at episode 7000 (1000 fixed-seed episodes)...
[Greedy evaluation at episode 7000 | 1000 fixed-seed episodes]
success=43.2%, failure=0.0%, task reward=4320.000, length=415.5
DFA transitions: 1->2: 528, 2->3: 514, 3->4: 432

[Episode 7100/8000 | last 100]
success rate                : 72.0% (cumulative 31.8%)
failure rate                : 0.0% (cumulative 0.0%)
completed cycles / episode  : 0.000
synthetic task reward       : 7200.000
shaping reward              : 6049.706
learning reward             : 13249.706
episode length              : 333.6
abstract changes / episode  : 270.7
same abstract-state steps   : 18.8%
same-state shaping / episode: 0.000
changed-state shaping / ep. : 6049.706
terminal shaping / episode  : 72.159
DFA transitions / episode   : 2.24
DFA transitions in window   : 1->2: 76, 2->3: 76, 3->4: 72
epsilon (next episode)       : 0.05839
replay buffer                : 300000 samples [1: 46.3%, 2: 31.0%, 3: 22.7%, 4: 0.0%]
DFA state visits in window   : 1: 17716, 2: 9348, 3: 6319, 4: 72
DFA state visits cumulative  : 1: 1133585, 2: 481043, 3: 300393, 4: 2255
DFA state entries in window  : 1: 100, 2: 76, 3: 76, 4: 72
DFA state entries cumulative : 1: 7100, 2: 3718, 3: 2942, 4: 2255
transitions cumulative       : 1->2: 3718, 2->3: 2942, 3->4: 2255
accepted directly from s0    : 0
Gym endings cumulative       : terminated=4755, truncated=90

[Episode 7200/8000 | last 100]
success rate                : 78.0% (cumulative 32.4%)
failure rate                : 0.0% (cumulative 0.0%)
completed cycles / episode  : 0.000
synthetic task reward       : 7800.000
shaping reward              : 6882.883
learning reward             : 14682.883
episode length              : 369.3
abstract changes / episode  : 280.9
same abstract-state steps   : 23.9%
same-state shaping / episode: 0.000
changed-state shaping / ep. : 6882.883
terminal shaping / episode  : 77.073
DFA transitions / episode   : 2.52
DFA transitions in window   : 1->2: 90, 2->3: 84, 3->4: 78
epsilon (next episode)       : 0.05610
replay buffer                : 300000 samples [1: 46.4%, 2: 31.5%, 3: 22.1%, 4: 0.0%]
DFA state visits in window   : 1: 17325, 2: 12287, 3: 7344, 4: 78
DFA state visits cumulative  : 1: 1150910, 2: 493330, 3: 307737, 4: 2333
DFA state entries in window  : 1: 100, 2: 90, 3: 84, 4: 78
DFA state entries cumulative : 1: 7200, 2: 3808, 3: 3026, 4: 2333
transitions cumulative       : 1->2: 3808, 2->3: 3026, 3->4: 2333
accepted directly from s0    : 0
Gym endings cumulative       : terminated=4772, truncated=95

[Episode 7300/8000 | last 100]
success rate                : 63.0% (cumulative 32.8%)
failure rate                : 0.0% (cumulative 0.0%)
completed cycles / episode  : 0.000
synthetic task reward       : 6300.000
shaping reward              : 6254.932
learning reward             : 12554.932
episode length              : 403.2
abstract changes / episode  : 315.7
same abstract-state steps   : 21.7%
same-state shaping / episode: 0.000
changed-state shaping / ep. : 6254.932
terminal shaping / episode  : 60.871
DFA transitions / episode   : 2.28
DFA transitions in window   : 1->2: 88, 2->3: 77, 3->4: 63
epsilon (next episode)       : 0.05390
replay buffer                : 300000 samples [1: 47.8%, 2: 31.3%, 3: 20.8%, 4: 0.0%]
DFA state visits in window   : 1: 22409, 2: 12079, 3: 5866, 4: 63
DFA state visits cumulative  : 1: 1173319, 2: 505409, 3: 313603, 4: 2396
DFA state entries in window  : 1: 100, 2: 88, 3: 77, 4: 63
DFA state entries cumulative : 1: 7300, 2: 3896, 3: 3103, 4: 2396
transitions cumulative       : 1->2: 3896, 2->3: 3103, 3->4: 2396
accepted directly from s0    : 0
Gym endings cumulative       : terminated=4805, truncated=99

[Episode 7400/8000 | last 100]
success rate                : 59.0% (cumulative 33.2%)
failure rate                : 0.0% (cumulative 0.0%)
completed cycles / episode  : 0.000
synthetic task reward       : 5900.000
shaping reward              : 5970.005
learning reward             : 11870.005
episode length              : 351.8
abstract changes / episode  : 279.9
same abstract-state steps   : 20.4%
same-state shaping / episode: 0.000
changed-state shaping / ep. : 5970.005
terminal shaping / episode  : 57.916
DFA transitions / episode   : 2.20
DFA transitions in window   : 1->2: 87, 2->3: 74, 3->4: 59
epsilon (next episode)       : 0.05179
replay buffer                : 300000 samples [1: 48.6%, 2: 31.1%, 3: 20.3%, 4: 0.0%]
DFA state visits in window   : 1: 16855, 2: 12048, 3: 6314, 4: 59
DFA state visits cumulative  : 1: 1190174, 2: 517457, 3: 319917, 4: 2455
DFA state entries in window  : 1: 100, 2: 87, 3: 74, 4: 59
DFA state entries cumulative : 1: 7400, 2: 3983, 3: 3177, 4: 2455
transitions cumulative       : 1->2: 3983, 2->3: 3177, 3->4: 2455
accepted directly from s0    : 0
Gym endings cumulative       : terminated=4843, truncated=102

[Episode 7500/8000 | last 100]
success rate                : 82.0% (cumulative 33.8%)
failure rate                : 0.0% (cumulative 0.0%)
completed cycles / episode  : 0.000
synthetic task reward       : 8200.000
shaping reward              : 7692.400
learning reward             : 15892.400
episode length              : 328.8
abstract changes / episode  : 260.7
same abstract-state steps   : 20.7%
same-state shaping / episode: 0.000
changed-state shaping / ep. : 7692.400
terminal shaping / episode  : 82.509
DFA transitions / episode   : 2.75
DFA transitions in window   : 1->2: 97, 2->3: 96, 3->4: 82
epsilon (next episode)       : 0.04976
replay buffer                : 300000 samples [1: 48.5%, 2: 30.7%, 3: 20.8%, 4: 0.0%]
DFA state visits in window   : 1: 14262, 2: 10178, 3: 8462, 4: 82
DFA state visits cumulative  : 1: 1204436, 2: 527635, 3: 328379, 4: 2537
DFA state entries in window  : 1: 100, 2: 97, 3: 96, 4: 82
DFA state entries cumulative : 1: 7500, 2: 4080, 3: 3273, 4: 2537
transitions cumulative       : 1->2: 4080, 2->3: 3273, 3->4: 2537
accepted directly from s0    : 0
Gym endings cumulative       : terminated=4861, truncated=102

Starting autonomous greedy evaluation at episode 7500 (1000 fixed-seed episodes)...
[Greedy evaluation at episode 7500 | 1000 fixed-seed episodes]
success=97.5%, failure=0.0%, task reward=9750.000, length=353.1
DFA transitions: 1->2: 990, 2->3: 987, 3->4: 975

[Episode 7600/8000 | last 100]
success rate                : 83.0% (cumulative 34.5%)
failure rate                : 0.0% (cumulative 0.0%)
completed cycles / episode  : 0.000
synthetic task reward       : 8300.000
shaping reward              : 7274.731
learning reward             : 15574.731
episode length              : 318.7
abstract changes / episode  : 253.9
same abstract-state steps   : 20.3%
same-state shaping / episode: 0.000
changed-state shaping / ep. : 7274.731
terminal shaping / episode  : 85.646
DFA transitions / episode   : 2.66
DFA transitions in window   : 1->2: 94, 2->3: 89, 3->4: 83
epsilon (next episode)       : 0.04781
replay buffer                : 300000 samples [1: 49.2%, 2: 30.0%, 3: 20.8%, 4: 0.0%]
DFA state visits in window   : 1: 16236, 2: 8662, 3: 6990, 4: 83
DFA state visits cumulative  : 1: 1220672, 2: 536297, 3: 335369, 4: 2620
DFA state entries in window  : 1: 100, 2: 94, 3: 89, 4: 83
DFA state entries cumulative : 1: 7600, 2: 4174, 3: 3362, 4: 2620
transitions cumulative       : 1->2: 4174, 2->3: 3362, 3->4: 2620
accepted directly from s0    : 0
Gym endings cumulative       : terminated=4877, truncated=103

[Episode 7700/8000 | last 100]
success rate                : 74.0% (cumulative 35.0%)
failure rate                : 0.0% (cumulative 0.0%)
completed cycles / episode  : 0.000
synthetic task reward       : 7400.000
shaping reward              : 6424.222
learning reward             : 13824.222
episode length              : 318.7
abstract changes / episode  : 261.1
same abstract-state steps   : 18.1%
same-state shaping / episode: 0.000
changed-state shaping / ep. : 6424.222
terminal shaping / episode  : 72.655
DFA transitions / episode   : 2.40
DFA transitions in window   : 1->2: 89, 2->3: 77, 3->4: 74
epsilon (next episode)       : 0.04593
replay buffer                : 300000 samples [1: 49.7%, 2: 30.2%, 3: 20.1%, 4: 0.0%]
DFA state visits in window   : 1: 15037, 2: 11153, 3: 5706, 4: 74
DFA state visits cumulative  : 1: 1235709, 2: 547450, 3: 341075, 4: 2694
DFA state entries in window  : 1: 100, 2: 89, 3: 77, 4: 74
DFA state entries cumulative : 1: 7700, 2: 4263, 3: 3439, 4: 2694
transitions cumulative       : 1->2: 4263, 2->3: 3439, 3->4: 2694
accepted directly from s0    : 0
Gym endings cumulative       : terminated=4903, truncated=103

[Episode 7800/8000 | last 100]
success rate                : 67.0% (cumulative 35.4%)
failure rate                : 0.0% (cumulative 0.0%)
completed cycles / episode  : 0.000
synthetic task reward       : 6700.000
shaping reward              : 6280.218
learning reward             : 12980.218
episode length              : 304.3
abstract changes / episode  : 244.7
same abstract-state steps   : 19.6%
same-state shaping / episode: 0.000
changed-state shaping / ep. : 6280.218
terminal shaping / episode  : 62.426
DFA transitions / episode   : 2.29
DFA transitions in window   : 1->2: 85, 2->3: 77, 3->4: 67
epsilon (next episode)       : 0.04413
replay buffer                : 300000 samples [1: 49.3%, 2: 31.0%, 3: 19.6%, 4: 0.0%]
DFA state visits in window   : 1: 13823, 2: 10778, 3: 5858, 4: 67
DFA state visits cumulative  : 1: 1249532, 2: 558228, 3: 346933, 4: 2761
DFA state entries in window  : 1: 100, 2: 85, 3: 77, 4: 67
DFA state entries cumulative : 1: 7800, 2: 4348, 3: 3516, 4: 2761
transitions cumulative       : 1->2: 4348, 2->3: 3516, 3->4: 2761
accepted directly from s0    : 0
Gym endings cumulative       : terminated=4936, truncated=103

[Episode 7900/8000 | last 100]
success rate                : 78.0% (cumulative 35.9%)
failure rate                : 0.0% (cumulative 0.0%)
completed cycles / episode  : 0.000
synthetic task reward       : 7800.000
shaping reward              : 6629.802
learning reward             : 14429.802
episode length              : 313.1
abstract changes / episode  : 253.8
same abstract-state steps   : 18.9%
same-state shaping / episode: 0.000
changed-state shaping / ep. : 6629.802
terminal shaping / episode  : 77.688
DFA transitions / episode   : 2.42
DFA transitions in window   : 1->2: 84, 2->3: 80, 3->4: 78
epsilon (next episode)       : 0.04240
replay buffer                : 300000 samples [1: 47.6%, 2: 32.9%, 3: 19.6%, 4: 0.0%]
DFA state visits in window   : 1: 12522, 2: 12587, 3: 6226, 4: 78
DFA state visits cumulative  : 1: 1262054, 2: 570815, 3: 353159, 4: 2839
DFA state entries in window  : 1: 100, 2: 84, 3: 80, 4: 78
DFA state entries cumulative : 1: 7900, 2: 4432, 3: 3596, 4: 2839
transitions cumulative       : 1->2: 4432, 2->3: 3596, 3->4: 2839
accepted directly from s0    : 0
Gym endings cumulative       : terminated=4958, truncated=103

[Episode 8000/8000 | last 100]
success rate                : 47.0% (cumulative 36.1%)
failure rate                : 0.0% (cumulative 0.0%)
completed cycles / episode  : 0.000
synthetic task reward       : 4700.000
shaping reward              : 4086.538
learning reward             : 8786.538
episode length              : 210.9
abstract changes / episode  : 170.5
same abstract-state steps   : 19.2%
same-state shaping / episode: 0.000
changed-state shaping / ep. : 4086.538
terminal shaping / episode  : 40.418
DFA transitions / episode   : 1.49
DFA transitions in window   : 1->2: 52, 2->3: 50, 3->4: 47
epsilon (next episode)       : 0.04074
replay buffer                : 300000 samples [1: 48.0%, 2: 32.5%, 3: 19.5%, 4: 0.0%]
DFA state visits in window   : 1: 12225, 2: 4948, 3: 3975, 4: 47
DFA state visits cumulative  : 1: 1274279, 2: 575763, 3: 357134, 4: 2886
DFA state entries in window  : 1: 100, 2: 52, 3: 50, 4: 47
DFA state entries cumulative : 1: 8000, 2: 4484, 3: 3646, 4: 2886
transitions cumulative       : 1->2: 4484, 2->3: 3646, 3->4: 2886
accepted directly from s0    : 0
Gym endings cumulative       : terminated=5011, truncated=103

Starting autonomous greedy evaluation at episode 8000 (1000 fixed-seed episodes)...
[Greedy evaluation at episode 8000 | 1000 fixed-seed episodes]
success=14.8%, failure=0.0%, task reward=1480.000, length=142.8
DFA transitions: 1->2: 151, 2->3: 148, 3->4: 148
Last policy saved after episode 8000. Best greedy evaluation: episode 6500, mean task reward=9990.000
