
=== NEW RUN ===
episodes=8000, shaping=True, goal_reward=10000.0, gamma=0.99
gamma_shaping=1.0, shaping_formula=gamma_shaping*Phi(next)-Phi(state)
ground_unbiased_learner=False
eval_interval=500, eval_episodes=1000, eval_seed=100000
inter_level_shaping=False, inter_level_formula=gamma*Phi(next)-Phi(state)
task_type=ltlf, task=F(wp1 & X(F(wp2 & X(F(g1)))))
regions={wp1: {'center': [-0.75, 1.0625], 'radius': 0.1}, wp2: {'center': [0, 0.5], 'radius': 0.1}, g1: {'center': [0.75, 1.0625], 'radius': 0.1}}
dfa_states=[1, 2, 3, 4], pre_trace=1, accepting=[4], failure=[]

[Episode 1/8000 | last 1]
success rate                : 0.0% (cumulative 0.0%)
failure rate                : 0.0% (cumulative 0.0%)
completed cycles / episode  : 0.000
synthetic task reward       : 0.000
shaping reward              : -808.015
learning reward             : -808.015
episode length              : 107.0
abstract changes / episode  : 86.0
same abstract-state steps   : 19.6%
same-state shaping / episode: 0.000
changed-state shaping / ep. : -808.015
terminal shaping / episode  : 0.000
DFA transitions / episode   : 0.00
DFA transitions in window   : none
epsilon (next episode)       : 0.99960
replay buffer                : 107 samples [1: 100.0%, 2: 0.0%, 3: 0.0%, 4: 0.0%]
DFA state visits in window   : 1: 108, 2: 0, 3: 0, 4: 0
DFA state visits cumulative  : 1: 108, 2: 0, 3: 0, 4: 0
DFA state entries in window  : 1: 1, 2: 0, 3: 0, 4: 0
DFA state entries cumulative : 1: 1, 2: 0, 3: 0, 4: 0
transitions cumulative       : none
accepted directly from s0    : 0
Gym endings cumulative       : terminated=1, truncated=0

[Episode 100/8000 | last 100]
success rate                : 0.0% (cumulative 0.0%)
failure rate                : 0.0% (cumulative 0.0%)
completed cycles / episode  : 0.000
synthetic task reward       : 0.000
shaping reward              : -775.408
learning reward             : -775.408
episode length              : 92.0
abstract changes / episode  : 81.8
same abstract-state steps   : 11.1%
same-state shaping / episode: 0.000
changed-state shaping / ep. : -775.408
terminal shaping / episode  : -5.447
DFA transitions / episode   : 0.01
DFA transitions in window   : 1->2: 1
epsilon (next episode)       : 0.96078
replay buffer                : 9203 samples [1: 99.7%, 2: 0.3%, 3: 0.0%, 4: 0.0%]
DFA state visits in window   : 1: 9277, 2: 26, 3: 0, 4: 0
DFA state visits cumulative  : 1: 9277, 2: 26, 3: 0, 4: 0
DFA state entries in window  : 1: 100, 2: 1, 3: 0, 4: 0
DFA state entries cumulative : 1: 100, 2: 1, 3: 0, 4: 0
transitions cumulative       : 1->2: 1
accepted directly from s0    : 0
Gym endings cumulative       : terminated=100, truncated=0

[Episode 200/8000 | last 100]
success rate                : 0.0% (cumulative 0.0%)
failure rate                : 0.0% (cumulative 0.0%)
completed cycles / episode  : 0.000
synthetic task reward       : 0.000
shaping reward              : -757.646
learning reward             : -757.646
episode length              : 90.4
abstract changes / episode  : 81.6
same abstract-state steps   : 9.8%
same-state shaping / episode: 0.000
changed-state shaping / ep. : -757.646
terminal shaping / episode  : -6.065
DFA transitions / episode   : 0.02
DFA transitions in window   : 1->2: 2
epsilon (next episode)       : 0.92310
replay buffer                : 18243 samples [1: 99.5%, 2: 0.5%, 3: 0.0%, 4: 0.0%]
DFA state visits in window   : 1: 9067, 2: 73, 3: 0, 4: 0
DFA state visits cumulative  : 1: 18344, 2: 99, 3: 0, 4: 0
DFA state entries in window  : 1: 100, 2: 2, 3: 0, 4: 0
DFA state entries cumulative : 1: 200, 2: 3, 3: 0, 4: 0
transitions cumulative       : 1->2: 3
accepted directly from s0    : 0
Gym endings cumulative       : terminated=200, truncated=0

[Episode 300/8000 | last 100]
success rate                : 0.0% (cumulative 0.0%)
failure rate                : 0.0% (cumulative 0.0%)
completed cycles / episode  : 0.000
synthetic task reward       : 0.000
shaping reward              : -724.055
learning reward             : -724.055
episode length              : 98.1
abstract changes / episode  : 86.7
same abstract-state steps   : 11.6%
same-state shaping / episode: 0.000
changed-state shaping / ep. : -724.055
terminal shaping / episode  : -5.617
DFA transitions / episode   : 0.01
DFA transitions in window   : 1->2: 1
epsilon (next episode)       : 0.88690
replay buffer                : 28053 samples [1: 99.6%, 2: 0.4%, 3: 0.0%, 4: 0.0%]
DFA state visits in window   : 1: 9884, 2: 26, 3: 0, 4: 0
DFA state visits cumulative  : 1: 28228, 2: 125, 3: 0, 4: 0
DFA state entries in window  : 1: 100, 2: 1, 3: 0, 4: 0
DFA state entries cumulative : 1: 300, 2: 4, 3: 0, 4: 0
transitions cumulative       : 1->2: 4
accepted directly from s0    : 0
Gym endings cumulative       : terminated=300, truncated=0

[Episode 400/8000 | last 100]
success rate                : 0.0% (cumulative 0.0%)
failure rate                : 0.0% (cumulative 0.0%)
completed cycles / episode  : 0.000
synthetic task reward       : 0.000
shaping reward              : -624.181
learning reward             : -624.181
episode length              : 96.3
abstract changes / episode  : 86.2
same abstract-state steps   : 10.5%
same-state shaping / episode: 0.000
changed-state shaping / ep. : -624.181
terminal shaping / episode  : -4.466
DFA transitions / episode   : 0.04
DFA transitions in window   : 1->2: 4
epsilon (next episode)       : 0.85212
replay buffer                : 37681 samples [1: 99.4%, 2: 0.6%, 3: 0.0%, 4: 0.0%]
DFA state visits in window   : 1: 9616, 2: 112, 3: 0, 4: 0
DFA state visits cumulative  : 1: 37844, 2: 237, 3: 0, 4: 0
DFA state entries in window  : 1: 100, 2: 4, 3: 0, 4: 0
DFA state entries cumulative : 1: 400, 2: 8, 3: 0, 4: 0
transitions cumulative       : 1->2: 8
accepted directly from s0    : 0
Gym endings cumulative       : terminated=400, truncated=0

[Episode 500/8000 | last 100]
success rate                : 0.0% (cumulative 0.0%)
failure rate                : 0.0% (cumulative 0.0%)
completed cycles / episode  : 0.000
synthetic task reward       : 0.000
shaping reward              : -623.013
learning reward             : -623.013
episode length              : 113.5
abstract changes / episode  : 91.0
same abstract-state steps   : 19.8%
same-state shaping / episode: 0.000
changed-state shaping / ep. : -623.013
terminal shaping / episode  : -7.806
DFA transitions / episode   : 0.04
DFA transitions in window   : 1->2: 4
epsilon (next episode)       : 0.81870
replay buffer                : 49028 samples [1: 99.4%, 2: 0.6%, 3: 0.0%, 4: 0.0%]
DFA state visits in window   : 1: 11371, 2: 76, 3: 0, 4: 0
DFA state visits cumulative  : 1: 49215, 2: 313, 3: 0, 4: 0
DFA state entries in window  : 1: 100, 2: 4, 3: 0, 4: 0
DFA state entries cumulative : 1: 500, 2: 12, 3: 0, 4: 0
transitions cumulative       : 1->2: 12
accepted directly from s0    : 0
Gym endings cumulative       : terminated=499, truncated=1

Starting autonomous greedy evaluation at episode 500 (1000 fixed-seed episodes)...
[Greedy evaluation at episode 500 | 1000 fixed-seed episodes]
success=0.0%, failure=0.0%, task reward=0.000, length=166.5
DFA transitions: none
Best policy updated from autonomous greedy evaluation at episode 500.

[Episode 600/8000 | last 100]
success rate                : 0.0% (cumulative 0.0%)
failure rate                : 0.0% (cumulative 0.0%)
completed cycles / episode  : 0.000
synthetic task reward       : 0.000
shaping reward              : -719.676
learning reward             : -719.676
episode length              : 106.8
abstract changes / episode  : 93.2
same abstract-state steps   : 12.8%
same-state shaping / episode: 0.000
changed-state shaping / ep. : -719.676
terminal shaping / episode  : -6.777
DFA transitions / episode   : 0.02
DFA transitions in window   : 1->2: 2
epsilon (next episode)       : 0.78659
replay buffer                : 59713 samples [1: 99.4%, 2: 0.6%, 3: 0.0%, 4: 0.0%]
DFA state visits in window   : 1: 10741, 2: 44, 3: 0, 4: 0
DFA state visits cumulative  : 1: 59956, 2: 357, 3: 0, 4: 0
DFA state entries in window  : 1: 100, 2: 2, 3: 0, 4: 0
DFA state entries cumulative : 1: 600, 2: 14, 3: 0, 4: 0
transitions cumulative       : 1->2: 14
accepted directly from s0    : 0
Gym endings cumulative       : terminated=599, truncated=1

[Episode 700/8000 | last 100]
success rate                : 0.0% (cumulative 0.0%)
failure rate                : 0.0% (cumulative 0.0%)
completed cycles / episode  : 0.000
synthetic task reward       : 0.000
shaping reward              : -671.914
learning reward             : -671.914
episode length              : 123.0
abstract changes / episode  : 99.4
same abstract-state steps   : 19.2%
same-state shaping / episode: 0.000
changed-state shaping / ep. : -671.914
terminal shaping / episode  : -9.714
DFA transitions / episode   : 0.03
DFA transitions in window   : 1->2: 3
epsilon (next episode)       : 0.75574
replay buffer                : 72016 samples [1: 99.4%, 2: 0.6%, 3: 0.0%, 4: 0.0%]
DFA state visits in window   : 1: 12328, 2: 75, 3: 0, 4: 0
DFA state visits cumulative  : 1: 72284, 2: 432, 3: 0, 4: 0
DFA state entries in window  : 1: 100, 2: 3, 3: 0, 4: 0
DFA state entries cumulative : 1: 700, 2: 17, 3: 0, 4: 0
transitions cumulative       : 1->2: 17
accepted directly from s0    : 0
Gym endings cumulative       : terminated=699, truncated=1

[Episode 800/8000 | last 100]
success rate                : 0.0% (cumulative 0.0%)
failure rate                : 0.0% (cumulative 0.0%)
completed cycles / episode  : 0.000
synthetic task reward       : 0.000
shaping reward              : -701.449
learning reward             : -701.449
episode length              : 124.3
abstract changes / episode  : 103.4
same abstract-state steps   : 16.8%
same-state shaping / episode: 0.000
changed-state shaping / ep. : -701.449
terminal shaping / episode  : -7.790
DFA transitions / episode   : 0.01
DFA transitions in window   : 1->2: 1
epsilon (next episode)       : 0.72610
replay buffer                : 84443 samples [1: 99.5%, 2: 0.5%, 3: 0.0%, 4: 0.0%]
DFA state visits in window   : 1: 12494, 2: 33, 3: 0, 4: 0
DFA state visits cumulative  : 1: 84778, 2: 465, 3: 0, 4: 0
DFA state entries in window  : 1: 100, 2: 1, 3: 0, 4: 0
DFA state entries cumulative : 1: 800, 2: 18, 3: 0, 4: 0
transitions cumulative       : 1->2: 18
accepted directly from s0    : 0
Gym endings cumulative       : terminated=799, truncated=1

[Episode 900/8000 | last 100]
success rate                : 0.0% (cumulative 0.0%)
failure rate                : 0.0% (cumulative 0.0%)
completed cycles / episode  : 0.000
synthetic task reward       : 0.000
shaping reward              : -581.626
learning reward             : -581.626
episode length              : 131.9
abstract changes / episode  : 103.5
same abstract-state steps   : 21.5%
same-state shaping / episode: 0.000
changed-state shaping / ep. : -581.626
terminal shaping / episode  : -5.694
DFA transitions / episode   : 0.05
DFA transitions in window   : 1->2: 5
epsilon (next episode)       : 0.69763
replay buffer                : 97638 samples [1: 99.4%, 2: 0.6%, 3: 0.0%, 4: 0.0%]
DFA state visits in window   : 1: 13146, 2: 149, 3: 0, 4: 0
DFA state visits cumulative  : 1: 97924, 2: 614, 3: 0, 4: 0
DFA state entries in window  : 1: 100, 2: 5, 3: 0, 4: 0
DFA state entries cumulative : 1: 900, 2: 23, 3: 0, 4: 0
transitions cumulative       : 1->2: 23
accepted directly from s0    : 0
Gym endings cumulative       : terminated=899, truncated=1

[Episode 1000/8000 | last 100]
success rate                : 0.0% (cumulative 0.0%)
failure rate                : 0.0% (cumulative 0.0%)
completed cycles / episode  : 0.000
synthetic task reward       : 0.000
shaping reward              : -588.147
learning reward             : -588.147
episode length              : 140.4
abstract changes / episode  : 110.3
same abstract-state steps   : 21.5%
same-state shaping / episode: 0.000
changed-state shaping / ep. : -588.147
terminal shaping / episode  : -6.015
DFA transitions / episode   : 0.07
DFA transitions in window   : 1->2: 7
epsilon (next episode)       : 0.67027
replay buffer                : 111676 samples [1: 99.0%, 2: 1.0%, 3: 0.0%, 4: 0.0%]
DFA state visits in window   : 1: 13560, 2: 578, 3: 0, 4: 0
DFA state visits cumulative  : 1: 111484, 2: 1192, 3: 0, 4: 0
DFA state entries in window  : 1: 100, 2: 7, 3: 0, 4: 0
DFA state entries cumulative : 1: 1000, 2: 30, 3: 0, 4: 0
transitions cumulative       : 1->2: 30
accepted directly from s0    : 0
Gym endings cumulative       : terminated=999, truncated=1

Starting autonomous greedy evaluation at episode 1000 (1000 fixed-seed episodes)...
[Greedy evaluation at episode 1000 | 1000 fixed-seed episodes]
success=0.0%, failure=0.0%, task reward=0.000, length=142.2
DFA transitions: none
Best policy updated from autonomous greedy evaluation at episode 1000.

[Episode 1100/8000 | last 100]
success rate                : 0.0% (cumulative 0.0%)
failure rate                : 0.0% (cumulative 0.0%)
completed cycles / episode  : 0.000
synthetic task reward       : 0.000
shaping reward              : -717.936
learning reward             : -717.936
episode length              : 136.4
abstract changes / episode  : 111.8
same abstract-state steps   : 18.0%
same-state shaping / episode: 0.000
changed-state shaping / ep. : -717.936
terminal shaping / episode  : -4.422
DFA transitions / episode   : 0.03
DFA transitions in window   : 1->2: 3
epsilon (next episode)       : 0.64398
replay buffer                : 125318 samples [1: 98.9%, 2: 1.1%, 3: 0.0%, 4: 0.0%]
DFA state visits in window   : 1: 13582, 2: 160, 3: 0, 4: 0
DFA state visits cumulative  : 1: 125066, 2: 1352, 3: 0, 4: 0
DFA state entries in window  : 1: 100, 2: 3, 3: 0, 4: 0
DFA state entries cumulative : 1: 1100, 2: 33, 3: 0, 4: 0
transitions cumulative       : 1->2: 33
accepted directly from s0    : 0
Gym endings cumulative       : terminated=1099, truncated=1

[Episode 1200/8000 | last 100]
success rate                : 0.0% (cumulative 0.0%)
failure rate                : 0.0% (cumulative 0.0%)
completed cycles / episode  : 0.000
synthetic task reward       : 0.000
shaping reward              : -765.310
learning reward             : -765.310
episode length              : 166.5
abstract changes / episode  : 127.7
same abstract-state steps   : 23.3%
same-state shaping / episode: 0.000
changed-state shaping / ep. : -765.310
terminal shaping / episode  : -2.337
DFA transitions / episode   : 0.03
DFA transitions in window   : 1->2: 3
epsilon (next episode)       : 0.61872
replay buffer                : 141965 samples [1: 98.9%, 2: 1.1%, 3: 0.0%, 4: 0.0%]
DFA state visits in window   : 1: 16571, 2: 176, 3: 0, 4: 0
DFA state visits cumulative  : 1: 141637, 2: 1528, 3: 0, 4: 0
DFA state entries in window  : 1: 100, 2: 3, 3: 0, 4: 0
DFA state entries cumulative : 1: 1200, 2: 36, 3: 0, 4: 0
transitions cumulative       : 1->2: 36
accepted directly from s0    : 0
Gym endings cumulative       : terminated=1199, truncated=1

[Episode 1300/8000 | last 100]
success rate                : 0.0% (cumulative 0.0%)
failure rate                : 0.0% (cumulative 0.0%)
completed cycles / episode  : 0.000
synthetic task reward       : 0.000
shaping reward              : -763.218
learning reward             : -763.218
episode length              : 193.5
abstract changes / episode  : 145.9
same abstract-state steps   : 24.6%
same-state shaping / episode: 0.000
changed-state shaping / ep. : -763.218
terminal shaping / episode  : -3.325
DFA transitions / episode   : 0.01
DFA transitions in window   : 1->2: 1
epsilon (next episode)       : 0.59446
replay buffer                : 161313 samples [1: 98.9%, 2: 1.1%, 3: 0.0%, 4: 0.0%]
DFA state visits in window   : 1: 19129, 2: 319, 3: 0, 4: 0
DFA state visits cumulative  : 1: 160766, 2: 1847, 3: 0, 4: 0
DFA state entries in window  : 1: 100, 2: 1, 3: 0, 4: 0
DFA state entries cumulative : 1: 1300, 2: 37, 3: 0, 4: 0
transitions cumulative       : 1->2: 37
accepted directly from s0    : 0
Gym endings cumulative       : terminated=1299, truncated=1

[Episode 1400/8000 | last 100]
success rate                : 0.0% (cumulative 0.0%)
failure rate                : 0.0% (cumulative 0.0%)
completed cycles / episode  : 0.000
synthetic task reward       : 0.000
shaping reward              : -774.774
learning reward             : -774.774
episode length              : 157.1
abstract changes / episode  : 134.7
same abstract-state steps   : 14.3%
same-state shaping / episode: 0.000
changed-state shaping / ep. : -774.774
terminal shaping / episode  : -1.960
DFA transitions / episode   : 0.00
DFA transitions in window   : none
epsilon (next episode)       : 0.57115
replay buffer                : 177025 samples [1: 99.0%, 2: 1.0%, 3: 0.0%, 4: 0.0%]
DFA state visits in window   : 1: 15812, 2: 0, 3: 0, 4: 0
DFA state visits cumulative  : 1: 176578, 2: 1847, 3: 0, 4: 0
DFA state entries in window  : 1: 100, 2: 0, 3: 0, 4: 0
DFA state entries cumulative : 1: 1400, 2: 37, 3: 0, 4: 0
transitions cumulative       : 1->2: 37
accepted directly from s0    : 0
Gym endings cumulative       : terminated=1399, truncated=1

[Episode 1500/8000 | last 100]
success rate                : 0.0% (cumulative 0.0%)
failure rate                : 0.0% (cumulative 0.0%)
completed cycles / episode  : 0.000
synthetic task reward       : 0.000
shaping reward              : -773.776
learning reward             : -773.776
episode length              : 138.7
abstract changes / episode  : 123.3
same abstract-state steps   : 11.1%
same-state shaping / episode: 0.000
changed-state shaping / ep. : -773.776
terminal shaping / episode  : -2.120
DFA transitions / episode   : 0.00
DFA transitions in window   : none
epsilon (next episode)       : 0.54875
replay buffer                : 190898 samples [1: 99.1%, 2: 0.9%, 3: 0.0%, 4: 0.0%]
DFA state visits in window   : 1: 13973, 2: 0, 3: 0, 4: 0
DFA state visits cumulative  : 1: 190551, 2: 1847, 3: 0, 4: 0
DFA state entries in window  : 1: 100, 2: 0, 3: 0, 4: 0
DFA state entries cumulative : 1: 1500, 2: 37, 3: 0, 4: 0
transitions cumulative       : 1->2: 37
accepted directly from s0    : 0
Gym endings cumulative       : terminated=1499, truncated=1

Starting autonomous greedy evaluation at episode 1500 (1000 fixed-seed episodes)...
[Greedy evaluation at episode 1500 | 1000 fixed-seed episodes]
success=0.0%, failure=0.0%, task reward=0.000, length=877.0
DFA transitions: none

[Episode 1600/8000 | last 100]
success rate                : 0.0% (cumulative 0.0%)
failure rate                : 0.0% (cumulative 0.0%)
completed cycles / episode  : 0.000
synthetic task reward       : 0.000
shaping reward              : -786.663
learning reward             : -786.663
episode length              : 120.1
abstract changes / episode  : 108.9
same abstract-state steps   : 9.3%
same-state shaping / episode: 0.000
changed-state shaping / ep. : -786.663
terminal shaping / episode  : -2.334
DFA transitions / episode   : 0.00
DFA transitions in window   : none
epsilon (next episode)       : 0.52722
replay buffer                : 202912 samples [1: 99.1%, 2: 0.9%, 3: 0.0%, 4: 0.0%]
DFA state visits in window   : 1: 12114, 2: 0, 3: 0, 4: 0
DFA state visits cumulative  : 1: 202665, 2: 1847, 3: 0, 4: 0
DFA state entries in window  : 1: 100, 2: 0, 3: 0, 4: 0
DFA state entries cumulative : 1: 1600, 2: 37, 3: 0, 4: 0
transitions cumulative       : 1->2: 37
accepted directly from s0    : 0
Gym endings cumulative       : terminated=1599, truncated=1

[Episode 1700/8000 | last 100]
success rate                : 0.0% (cumulative 0.0%)
failure rate                : 0.0% (cumulative 0.0%)
completed cycles / episode  : 0.000
synthetic task reward       : 0.000
shaping reward              : -763.928
learning reward             : -763.928
episode length              : 135.8
abstract changes / episode  : 118.2
same abstract-state steps   : 13.0%
same-state shaping / episode: 0.000
changed-state shaping / ep. : -763.928
terminal shaping / episode  : -4.476
DFA transitions / episode   : 0.00
DFA transitions in window   : none
epsilon (next episode)       : 0.50655
replay buffer                : 216496 samples [1: 99.2%, 2: 0.8%, 3: 0.0%, 4: 0.0%]
DFA state visits in window   : 1: 13684, 2: 0, 3: 0, 4: 0
DFA state visits cumulative  : 1: 216349, 2: 1847, 3: 0, 4: 0
DFA state entries in window  : 1: 100, 2: 0, 3: 0, 4: 0
DFA state entries cumulative : 1: 1700, 2: 37, 3: 0, 4: 0
transitions cumulative       : 1->2: 37
accepted directly from s0    : 0
Gym endings cumulative       : terminated=1699, truncated=1

[Episode 1800/8000 | last 100]
success rate                : 0.0% (cumulative 0.0%)
failure rate                : 0.0% (cumulative 0.0%)
completed cycles / episode  : 0.000
synthetic task reward       : 0.000
shaping reward              : -789.307
learning reward             : -789.307
episode length              : 197.3
abstract changes / episode  : 120.7
same abstract-state steps   : 38.8%
same-state shaping / episode: 0.000
changed-state shaping / ep. : -789.307
terminal shaping / episode  : -3.051
DFA transitions / episode   : 0.00
DFA transitions in window   : none
epsilon (next episode)       : 0.48668
replay buffer                : 236226 samples [1: 99.2%, 2: 0.8%, 3: 0.0%, 4: 0.0%]
DFA state visits in window   : 1: 19830, 2: 0, 3: 0, 4: 0
DFA state visits cumulative  : 1: 236179, 2: 1847, 3: 0, 4: 0
DFA state entries in window  : 1: 100, 2: 0, 3: 0, 4: 0
DFA state entries cumulative : 1: 1800, 2: 37, 3: 0, 4: 0
transitions cumulative       : 1->2: 37
accepted directly from s0    : 0
Gym endings cumulative       : terminated=1791, truncated=9

[Episode 1900/8000 | last 100]
success rate                : 0.0% (cumulative 0.0%)
failure rate                : 0.0% (cumulative 0.0%)
completed cycles / episode  : 0.000
synthetic task reward       : 0.000
shaping reward              : -783.203
learning reward             : -783.203
episode length              : 253.8
abstract changes / episode  : 140.8
same abstract-state steps   : 44.5%
same-state shaping / episode: 0.000
changed-state shaping / ep. : -783.203
terminal shaping / episode  : -2.816
DFA transitions / episode   : 0.00
DFA transitions in window   : none
epsilon (next episode)       : 0.46760
replay buffer                : 261608 samples [1: 99.3%, 2: 0.7%, 3: 0.0%, 4: 0.0%]
DFA state visits in window   : 1: 25482, 2: 0, 3: 0, 4: 0
DFA state visits cumulative  : 1: 261661, 2: 1847, 3: 0, 4: 0
DFA state entries in window  : 1: 100, 2: 0, 3: 0, 4: 0
DFA state entries cumulative : 1: 1900, 2: 37, 3: 0, 4: 0
transitions cumulative       : 1->2: 37
accepted directly from s0    : 0
Gym endings cumulative       : terminated=1880, truncated=20

[Episode 2000/8000 | last 100]
success rate                : 0.0% (cumulative 0.0%)
failure rate                : 0.0% (cumulative 0.0%)
completed cycles / episode  : 0.000
synthetic task reward       : 0.000
shaping reward              : -798.685
learning reward             : -798.685
episode length              : 287.0
abstract changes / episode  : 159.5
same abstract-state steps   : 44.4%
same-state shaping / episode: 0.000
changed-state shaping / ep. : -798.685
terminal shaping / episode  : -0.498
DFA transitions / episode   : 0.00
DFA transitions in window   : none
epsilon (next episode)       : 0.44926
replay buffer                : 290311 samples [1: 99.4%, 2: 0.6%, 3: 0.0%, 4: 0.0%]
DFA state visits in window   : 1: 28803, 2: 0, 3: 0, 4: 0
DFA state visits cumulative  : 1: 290464, 2: 1847, 3: 0, 4: 0
DFA state entries in window  : 1: 100, 2: 0, 3: 0, 4: 0
DFA state entries cumulative : 1: 2000, 2: 37, 3: 0, 4: 0
transitions cumulative       : 1->2: 37
accepted directly from s0    : 0
Gym endings cumulative       : terminated=1969, truncated=31

Starting autonomous greedy evaluation at episode 2000 (1000 fixed-seed episodes)...
[Greedy evaluation at episode 2000 | 1000 fixed-seed episodes]
success=0.1%, failure=0.0%, task reward=10.000, length=337.5
DFA transitions: 1->2: 395, 2->3: 161, 3->4: 1
Best policy updated from autonomous greedy evaluation at episode 2000.

[Episode 2100/8000 | last 100]
success rate                : 0.0% (cumulative 0.0%)
failure rate                : 0.0% (cumulative 0.0%)
completed cycles / episode  : 0.000
synthetic task reward       : 0.000
shaping reward              : -526.512
learning reward             : -526.512
episode length              : 234.6
abstract changes / episode  : 155.9
same abstract-state steps   : 33.6%
same-state shaping / episode: 0.000
changed-state shaping / ep. : -526.512
terminal shaping / episode  : -1.282
DFA transitions / episode   : 0.09
DFA transitions in window   : 1->2: 9
epsilon (next episode)       : 0.43164
replay buffer                : 300000 samples [1: 99.3%, 2: 0.7%, 3: 0.0%, 4: 0.0%]
DFA state visits in window   : 1: 23072, 2: 486, 3: 0, 4: 0
DFA state visits cumulative  : 1: 313536, 2: 2333, 3: 0, 4: 0
DFA state entries in window  : 1: 100, 2: 9, 3: 0, 4: 0
DFA state entries cumulative : 1: 2100, 2: 46, 3: 0, 4: 0
transitions cumulative       : 1->2: 46
accepted directly from s0    : 0
Gym endings cumulative       : terminated=2064, truncated=36

[Episode 2200/8000 | last 100]
success rate                : 0.0% (cumulative 0.0%)
failure rate                : 0.0% (cumulative 0.0%)
completed cycles / episode  : 0.000
synthetic task reward       : 0.000
shaping reward              : -390.339
learning reward             : -390.339
episode length              : 197.2
abstract changes / episode  : 142.1
same abstract-state steps   : 27.9%
same-state shaping / episode: 0.000
changed-state shaping / ep. : -390.339
terminal shaping / episode  : -1.682
DFA transitions / episode   : 0.06
DFA transitions in window   : 1->2: 6
epsilon (next episode)       : 0.41471
replay buffer                : 300000 samples [1: 99.3%, 2: 0.7%, 3: 0.0%, 4: 0.0%]
DFA state visits in window   : 1: 19697, 2: 125, 3: 0, 4: 0
DFA state visits cumulative  : 1: 333233, 2: 2458, 3: 0, 4: 0
DFA state entries in window  : 1: 100, 2: 6, 3: 0, 4: 0
DFA state entries cumulative : 1: 2200, 2: 52, 3: 0, 4: 0
transitions cumulative       : 1->2: 52
accepted directly from s0    : 0
Gym endings cumulative       : terminated=2163, truncated=37

[Episode 2300/8000 | last 100]
success rate                : 0.0% (cumulative 0.0%)
failure rate                : 0.0% (cumulative 0.0%)
completed cycles / episode  : 0.000
synthetic task reward       : 0.000
shaping reward              : -408.636
learning reward             : -408.636
episode length              : 262.0
abstract changes / episode  : 173.2
same abstract-state steps   : 33.9%
same-state shaping / episode: 0.000
changed-state shaping / ep. : -408.636
terminal shaping / episode  : -2.952
DFA transitions / episode   : 0.06
DFA transitions in window   : 1->2: 5, 2->3: 1
epsilon (next episode)       : 0.39845
replay buffer                : 300000 samples [1: 99.2%, 2: 0.8%, 3: 0.0%, 4: 0.0%]
DFA state visits in window   : 1: 25822, 2: 423, 3: 55, 4: 0
DFA state visits cumulative  : 1: 359055, 2: 2881, 3: 55, 4: 0
DFA state entries in window  : 1: 100, 2: 5, 3: 1, 4: 0
DFA state entries cumulative : 1: 2300, 2: 57, 3: 1, 4: 0
transitions cumulative       : 1->2: 57, 2->3: 1
accepted directly from s0    : 0
Gym endings cumulative       : terminated=2263, truncated=37

[Episode 2400/8000 | last 100]
success rate                : 0.0% (cumulative 0.0%)
failure rate                : 0.0% (cumulative 0.0%)
completed cycles / episode  : 0.000
synthetic task reward       : 0.000
shaping reward              : -380.461
learning reward             : -380.461
episode length              : 330.5
abstract changes / episode  : 208.7
same abstract-state steps   : 36.9%
same-state shaping / episode: 0.000
changed-state shaping / ep. : -380.461
terminal shaping / episode  : -4.403
DFA transitions / episode   : 0.07
DFA transitions in window   : 1->2: 7
epsilon (next episode)       : 0.38282
replay buffer                : 300000 samples [1: 99.0%, 2: 0.9%, 3: 0.0%, 4: 0.0%]
DFA state visits in window   : 1: 32658, 2: 496, 3: 0, 4: 0
DFA state visits cumulative  : 1: 391713, 2: 3377, 3: 55, 4: 0
DFA state entries in window  : 1: 100, 2: 7, 3: 0, 4: 0
DFA state entries cumulative : 1: 2400, 2: 64, 3: 1, 4: 0
transitions cumulative       : 1->2: 64, 2->3: 1
accepted directly from s0    : 0
Gym endings cumulative       : terminated=2363, truncated=37

[Episode 2500/8000 | last 100]
success rate                : 0.0% (cumulative 0.0%)
failure rate                : 0.0% (cumulative 0.0%)
completed cycles / episode  : 0.000
synthetic task reward       : 0.000
shaping reward              : -415.645
learning reward             : -415.645
episode length              : 340.7
abstract changes / episode  : 248.4
same abstract-state steps   : 27.1%
same-state shaping / episode: 0.000
changed-state shaping / ep. : -415.645
terminal shaping / episode  : 1.138
DFA transitions / episode   : 0.06
DFA transitions in window   : 1->2: 5, 2->3: 1
epsilon (next episode)       : 0.36781
replay buffer                : 300000 samples [1: 98.8%, 2: 1.1%, 3: 0.1%, 4: 0.0%]
DFA state visits in window   : 1: 32475, 2: 1392, 3: 299, 4: 0
DFA state visits cumulative  : 1: 424188, 2: 4769, 3: 354, 4: 0
DFA state entries in window  : 1: 100, 2: 5, 3: 1, 4: 0
DFA state entries cumulative : 1: 2500, 2: 69, 3: 2, 4: 0
transitions cumulative       : 1->2: 69, 2->3: 2
accepted directly from s0    : 0
Gym endings cumulative       : terminated=2458, truncated=42

Starting autonomous greedy evaluation at episode 2500 (1000 fixed-seed episodes)...
[Greedy evaluation at episode 2500 | 1000 fixed-seed episodes]
success=0.0%, failure=0.0%, task reward=0.000, length=360.0
DFA transitions: 1->2: 40

[Episode 2600/8000 | last 100]
success rate                : 1.0% (cumulative 0.0%)
failure rate                : 0.0% (cumulative 0.0%)
completed cycles / episode  : 0.000
synthetic task reward       : 100.000
shaping reward              : -313.103
learning reward             : -213.103
episode length              : 317.0
abstract changes / episode  : 216.3
same abstract-state steps   : 31.8%
same-state shaping / episode: 0.000
changed-state shaping / ep. : -313.103
terminal shaping / episode  : -1.908
DFA transitions / episode   : 0.12
DFA transitions in window   : 1->2: 10, 2->3: 1, 3->4: 1
epsilon (next episode)       : 0.35338
replay buffer                : 300000 samples [1: 98.5%, 2: 1.4%, 3: 0.1%, 4: 0.0%]
DFA state visits in window   : 1: 30512, 2: 1195, 3: 90, 4: 1
DFA state visits cumulative  : 1: 454700, 2: 5964, 3: 444, 4: 1
DFA state entries in window  : 1: 100, 2: 10, 3: 1, 4: 1
DFA state entries cumulative : 1: 2600, 2: 79, 3: 3, 4: 1
transitions cumulative       : 1->2: 79, 2->3: 3, 3->4: 1
accepted directly from s0    : 0
Gym endings cumulative       : terminated=2556, truncated=43

[Episode 2700/8000 | last 100]
success rate                : 0.0% (cumulative 0.0%)
failure rate                : 0.0% (cumulative 0.0%)
completed cycles / episode  : 0.000
synthetic task reward       : 0.000
shaping reward              : -228.057
learning reward             : -228.057
episode length              : 244.7
abstract changes / episode  : 166.7
same abstract-state steps   : 31.9%
same-state shaping / episode: 0.000
changed-state shaping / ep. : -228.057
terminal shaping / episode  : -0.808
DFA transitions / episode   : 0.10
DFA transitions in window   : 1->2: 10
epsilon (next episode)       : 0.33952
replay buffer                : 300000 samples [1: 98.4%, 2: 1.5%, 3: 0.1%, 4: 0.0%]
DFA state visits in window   : 1: 24170, 2: 404, 3: 0, 4: 0
DFA state visits cumulative  : 1: 478870, 2: 6368, 3: 444, 4: 1
DFA state entries in window  : 1: 100, 2: 10, 3: 0, 4: 0
DFA state entries cumulative : 1: 2700, 2: 89, 3: 3, 4: 1
transitions cumulative       : 1->2: 89, 2->3: 3, 3->4: 1
accepted directly from s0    : 0
Gym endings cumulative       : terminated=2656, truncated=43

[Episode 2800/8000 | last 100]
success rate                : 0.0% (cumulative 0.0%)
failure rate                : 0.0% (cumulative 0.0%)
completed cycles / episode  : 0.000
synthetic task reward       : 0.000
shaping reward              : -77.122
learning reward             : -77.122
episode length              : 310.1
abstract changes / episode  : 229.4
same abstract-state steps   : 26.0%
same-state shaping / episode: 0.000
changed-state shaping / ep. : -77.122
terminal shaping / episode  : -2.910
DFA transitions / episode   : 0.30
DFA transitions in window   : 1->2: 26, 2->3: 4
epsilon (next episode)       : 0.32621
replay buffer                : 300000 samples [1: 96.6%, 2: 3.0%, 3: 0.4%, 4: 0.0%]
DFA state visits in window   : 1: 25896, 2: 4586, 3: 628, 4: 0
DFA state visits cumulative  : 1: 504766, 2: 10954, 3: 1072, 4: 1
DFA state entries in window  : 1: 100, 2: 26, 3: 4, 4: 0
DFA state entries cumulative : 1: 2800, 2: 115, 3: 7, 4: 1
transitions cumulative       : 1->2: 115, 2->3: 7, 3->4: 1
accepted directly from s0    : 0
Gym endings cumulative       : terminated=2754, truncated=45

[Episode 2900/8000 | last 100]
success rate                : 0.0% (cumulative 0.0%)
failure rate                : 0.0% (cumulative 0.0%)
completed cycles / episode  : 0.000
synthetic task reward       : 0.000
shaping reward              : 644.550
learning reward             : 644.550
episode length              : 621.8
abstract changes / episode  : 376.8
same abstract-state steps   : 39.4%
same-state shaping / episode: 0.000
changed-state shaping / ep. : 644.550
terminal shaping / episode  : -2.659
DFA transitions / episode   : 0.53
DFA transitions in window   : 1->2: 46, 2->3: 7
epsilon (next episode)       : 0.31341
replay buffer                : 300000 samples [1: 92.2%, 2: 7.1%, 3: 0.7%, 4: 0.0%]
DFA state visits in window   : 1: 49069, 2: 12300, 3: 907, 4: 0
DFA state visits cumulative  : 1: 553835, 2: 23254, 3: 1979, 4: 1
DFA state entries in window  : 1: 100, 2: 46, 3: 7, 4: 0
DFA state entries cumulative : 1: 2900, 2: 161, 3: 14, 4: 1
transitions cumulative       : 1->2: 161, 2->3: 14, 3->4: 1
accepted directly from s0    : 0
Gym endings cumulative       : terminated=2824, truncated=75

[Episode 3000/8000 | last 100]
success rate                : 8.0% (cumulative 0.3%)
failure rate                : 0.0% (cumulative 0.0%)
completed cycles / episode  : 0.000
synthetic task reward       : 800.000
shaping reward              : 2898.341
learning reward             : 3698.341
episode length              : 576.6
abstract changes / episode  : 356.2
same abstract-state steps   : 38.2%
same-state shaping / episode: 0.000
changed-state shaping / ep. : 2898.341
terminal shaping / episode  : 3.291
DFA transitions / episode   : 1.24
DFA transitions in window   : 1->2: 75, 2->3: 41, 3->4: 8
epsilon (next episode)       : 0.30112
replay buffer                : 300000 samples [1: 83.0%, 2: 14.3%, 3: 2.7%, 4: 0.0%]
DFA state visits in window   : 1: 29307, 2: 22280, 3: 6164, 4: 8
DFA state visits cumulative  : 1: 583142, 2: 45534, 3: 8143, 4: 9
DFA state entries in window  : 1: 100, 2: 75, 3: 41, 4: 8
DFA state entries cumulative : 1: 3000, 2: 236, 3: 55, 4: 9
transitions cumulative       : 1->2: 236, 2->3: 55, 3->4: 9
accepted directly from s0    : 0
Gym endings cumulative       : terminated=2900, truncated=91

Starting autonomous greedy evaluation at episode 3000 (1000 fixed-seed episodes)...
[Greedy evaluation at episode 3000 | 1000 fixed-seed episodes]
success=0.0%, failure=0.0%, task reward=0.000, length=715.8
DFA transitions: 1->2: 723, 2->3: 4

[Episode 3100/8000 | last 100]
success rate                : 10.0% (cumulative 0.6%)
failure rate                : 0.0% (cumulative 0.0%)
completed cycles / episode  : 0.000
synthetic task reward       : 1000.000
shaping reward              : 3090.278
learning reward             : 4090.278
episode length              : 512.6
abstract changes / episode  : 320.8
same abstract-state steps   : 37.4%
same-state shaping / episode: 0.000
changed-state shaping / ep. : 3090.278
terminal shaping / episode  : 1.829
DFA transitions / episode   : 1.26
DFA transitions in window   : 1->2: 71, 2->3: 45, 3->4: 10
epsilon (next episode)       : 0.28931
replay buffer                : 300000 samples [1: 73.3%, 2: 22.0%, 3: 4.7%, 4: 0.0%]
DFA state visits in window   : 1: 21281, 2: 23987, 3: 6083, 4: 10
DFA state visits cumulative  : 1: 604423, 2: 69521, 3: 14226, 4: 19
DFA state entries in window  : 1: 100, 2: 71, 3: 45, 4: 10
DFA state entries cumulative : 1: 3100, 2: 307, 3: 100, 4: 19
transitions cumulative       : 1->2: 307, 2->3: 100, 3->4: 19
accepted directly from s0    : 0
Gym endings cumulative       : terminated=2975, truncated=106

[Episode 3200/8000 | last 100]
success rate                : 16.0% (cumulative 1.1%)
failure rate                : 0.0% (cumulative 0.0%)
completed cycles / episode  : 0.000
synthetic task reward       : 1600.000
shaping reward              : 3572.462
learning reward             : 5172.462
episode length              : 534.5
abstract changes / episode  : 340.3
same abstract-state steps   : 36.3%
same-state shaping / episode: 0.000
changed-state shaping / ep. : 3572.462
terminal shaping / episode  : 17.793
DFA transitions / episode   : 1.38
DFA transitions in window   : 1->2: 70, 2->3: 52, 3->4: 16
epsilon (next episode)       : 0.27797
replay buffer                : 300000 samples [1: 64.4%, 2: 27.3%, 3: 8.3%, 4: 0.0%]
DFA state visits in window   : 1: 24692, 2: 17646, 3: 11193, 4: 16
DFA state visits cumulative  : 1: 629115, 2: 87167, 3: 25419, 4: 35
DFA state entries in window  : 1: 100, 2: 70, 3: 52, 4: 16
DFA state entries cumulative : 1: 3200, 2: 377, 3: 152, 4: 35
transitions cumulative       : 1->2: 377, 2->3: 152, 3->4: 35
accepted directly from s0    : 0
Gym endings cumulative       : terminated=3047, truncated=118

[Episode 3300/8000 | last 100]
success rate                : 37.0% (cumulative 2.2%)
failure rate                : 0.0% (cumulative 0.0%)
completed cycles / episode  : 0.000
synthetic task reward       : 3700.000
shaping reward              : 4259.728
learning reward             : 7959.728
episode length              : 470.3
abstract changes / episode  : 312.1
same abstract-state steps   : 33.6%
same-state shaping / episode: 0.000
changed-state shaping / ep. : 4259.728
terminal shaping / episode  : 37.932
DFA transitions / episode   : 1.68
DFA transitions in window   : 1->2: 72, 2->3: 59, 3->4: 37
epsilon (next episode)       : 0.26706
replay buffer                : 300000 samples [1: 56.6%, 2: 31.6%, 3: 11.8%, 4: 0.0%]
DFA state visits in window   : 1: 21915, 2: 14477, 3: 10702, 4: 37
DFA state visits cumulative  : 1: 651030, 2: 101644, 3: 36121, 4: 72
DFA state entries in window  : 1: 100, 2: 72, 3: 59, 4: 37
DFA state entries cumulative : 1: 3300, 2: 449, 3: 211, 4: 72
transitions cumulative       : 1->2: 449, 2->3: 211, 3->4: 72
accepted directly from s0    : 0
Gym endings cumulative       : terminated=3105, truncated=123

[Episode 3400/8000 | last 100]
success rate                : 26.0% (cumulative 2.9%)
failure rate                : 0.0% (cumulative 0.0%)
completed cycles / episode  : 0.000
synthetic task reward       : 2600.000
shaping reward              : 2610.582
learning reward             : 5210.582
episode length              : 303.0
abstract changes / episode  : 223.9
same abstract-state steps   : 26.1%
same-state shaping / episode: 0.000
changed-state shaping / ep. : 2610.582
terminal shaping / episode  : 21.053
DFA transitions / episode   : 1.14
DFA transitions in window   : 1->2: 56, 2->3: 32, 3->4: 26
epsilon (next episode)       : 0.25659
replay buffer                : 300000 samples [1: 53.7%, 2: 32.8%, 3: 13.5%, 4: 0.0%]
DFA state visits in window   : 1: 16897, 2: 8005, 3: 5469, 4: 26
DFA state visits cumulative  : 1: 667927, 2: 109649, 3: 41590, 4: 98
DFA state entries in window  : 1: 100, 2: 56, 3: 32, 4: 26
DFA state entries cumulative : 1: 3400, 2: 505, 3: 243, 4: 98
transitions cumulative       : 1->2: 505, 2->3: 243, 3->4: 98
accepted directly from s0    : 0
Gym endings cumulative       : terminated=3177, truncated=125

[Episode 3500/8000 | last 100]
success rate                : 36.0% (cumulative 3.8%)
failure rate                : 0.0% (cumulative 0.0%)
completed cycles / episode  : 0.000
synthetic task reward       : 3600.000
shaping reward              : 3423.613
learning reward             : 7023.613
episode length              : 326.9
abstract changes / episode  : 241.2
same abstract-state steps   : 26.2%
same-state shaping / episode: 0.000
changed-state shaping / ep. : 3423.613
terminal shaping / episode  : 33.726
DFA transitions / episode   : 1.35
DFA transitions in window   : 1->2: 57, 2->3: 42, 3->4: 36
epsilon (next episode)       : 0.24653
replay buffer                : 300000 samples [1: 51.0%, 2: 33.6%, 3: 15.4%, 4: 0.0%]
DFA state visits in window   : 1: 17425, 2: 8979, 3: 6347, 4: 36
DFA state visits cumulative  : 1: 685352, 2: 118628, 3: 47937, 4: 134
DFA state entries in window  : 1: 100, 2: 57, 3: 42, 4: 36
DFA state entries cumulative : 1: 3500, 2: 562, 3: 285, 4: 134
transitions cumulative       : 1->2: 562, 2->3: 285, 3->4: 134
accepted directly from s0    : 0
Gym endings cumulative       : terminated=3241, truncated=125

Starting autonomous greedy evaluation at episode 3500 (1000 fixed-seed episodes)...
[Greedy evaluation at episode 3500 | 1000 fixed-seed episodes]
success=74.0%, failure=0.0%, task reward=7400.000, length=537.7
DFA transitions: 1->2: 828, 2->3: 754, 3->4: 740
Best policy updated from autonomous greedy evaluation at episode 3500.

[Episode 3600/8000 | last 100]
success rate                : 35.0% (cumulative 4.7%)
failure rate                : 0.0% (cumulative 0.0%)
completed cycles / episode  : 0.000
synthetic task reward       : 3500.000
shaping reward              : 3594.452
learning reward             : 7094.452
episode length              : 397.2
abstract changes / episode  : 295.1
same abstract-state steps   : 25.7%
same-state shaping / episode: 0.000
changed-state shaping / ep. : 3594.452
terminal shaping / episode  : 35.901
DFA transitions / episode   : 1.52
DFA transitions in window   : 1->2: 73, 2->3: 44, 3->4: 35
epsilon (next episode)       : 0.23686
replay buffer                : 300000 samples [1: 49.0%, 2: 34.4%, 3: 16.7%, 4: 0.0%]
DFA state visits in window   : 1: 21277, 2: 12821, 3: 5686, 4: 35
DFA state visits cumulative  : 1: 706629, 2: 131449, 3: 53623, 4: 169
DFA state entries in window  : 1: 100, 2: 73, 3: 44, 4: 35
DFA state entries cumulative : 1: 3600, 2: 635, 3: 329, 4: 169
transitions cumulative       : 1->2: 635, 2->3: 329, 3->4: 169
accepted directly from s0    : 0
Gym endings cumulative       : terminated=3305, truncated=126

[Episode 3700/8000 | last 100]
success rate                : 50.0% (cumulative 5.9%)
failure rate                : 0.0% (cumulative 0.0%)
completed cycles / episode  : 0.000
synthetic task reward       : 5000.000
shaping reward              : 4913.156
learning reward             : 9913.156
episode length              : 424.1
abstract changes / episode  : 313.7
same abstract-state steps   : 26.0%
same-state shaping / episode: 0.000
changed-state shaping / ep. : 4913.156
terminal shaping / episode  : 49.551
DFA transitions / episode   : 1.92
DFA transitions in window   : 1->2: 80, 2->3: 62, 3->4: 50
epsilon (next episode)       : 0.22757
replay buffer                : 300000 samples [1: 48.9%, 2: 33.2%, 3: 17.9%, 4: 0.0%]
DFA state visits in window   : 1: 20785, 2: 13492, 3: 8179, 4: 50
DFA state visits cumulative  : 1: 727414, 2: 144941, 3: 61802, 4: 219
DFA state entries in window  : 1: 100, 2: 80, 3: 62, 4: 50
DFA state entries cumulative : 1: 3700, 2: 715, 3: 391, 4: 219
transitions cumulative       : 1->2: 715, 2->3: 391, 3->4: 219
accepted directly from s0    : 0
Gym endings cumulative       : terminated=3355, truncated=126

[Episode 3800/8000 | last 100]
success rate                : 43.0% (cumulative 6.9%)
failure rate                : 0.0% (cumulative 0.0%)
completed cycles / episode  : 0.000
synthetic task reward       : 4300.000
shaping reward              : 4063.489
learning reward             : 8363.489
episode length              : 419.6
abstract changes / episode  : 304.0
same abstract-state steps   : 27.5%
same-state shaping / episode: 0.000
changed-state shaping / ep. : 4063.489
terminal shaping / episode  : 40.952
DFA transitions / episode   : 1.63
DFA transitions in window   : 1->2: 70, 2->3: 50, 3->4: 43
epsilon (next episode)       : 0.21865
replay buffer                : 300000 samples [1: 49.8%, 2: 31.9%, 3: 18.3%, 4: 0.0%]
DFA state visits in window   : 1: 22917, 2: 13182, 3: 5918, 4: 43
DFA state visits cumulative  : 1: 750331, 2: 158123, 3: 67720, 4: 262
DFA state entries in window  : 1: 100, 2: 70, 3: 50, 4: 43
DFA state entries cumulative : 1: 3800, 2: 785, 3: 441, 4: 262
transitions cumulative       : 1->2: 785, 2->3: 441, 3->4: 262
accepted directly from s0    : 0
Gym endings cumulative       : terminated=3411, truncated=127

[Episode 3900/8000 | last 100]
success rate                : 56.0% (cumulative 8.2%)
failure rate                : 0.0% (cumulative 0.0%)
completed cycles / episode  : 0.000
synthetic task reward       : 5600.000
shaping reward              : 5106.156
learning reward             : 10706.156
episode length              : 433.4
abstract changes / episode  : 312.1
same abstract-state steps   : 28.0%
same-state shaping / episode: 0.000
changed-state shaping / ep. : 5106.156
terminal shaping / episode  : 56.045
DFA transitions / episode   : 1.96
DFA transitions in window   : 1->2: 76, 2->3: 64, 3->4: 56
epsilon (next episode)       : 0.21007
replay buffer                : 300000 samples [1: 51.4%, 2: 30.2%, 3: 18.4%, 4: 0.0%]
DFA state visits in window   : 1: 23058, 2: 12250, 3: 8075, 4: 56
DFA state visits cumulative  : 1: 773389, 2: 170373, 3: 75795, 4: 318
DFA state entries in window  : 1: 100, 2: 76, 3: 64, 4: 56
DFA state entries cumulative : 1: 3900, 2: 861, 3: 505, 4: 318
transitions cumulative       : 1->2: 861, 2->3: 505, 3->4: 318
accepted directly from s0    : 0
Gym endings cumulative       : terminated=3452, truncated=130

[Episode 4000/8000 | last 100]
success rate                : 59.0% (cumulative 9.4%)
failure rate                : 0.0% (cumulative 0.0%)
completed cycles / episode  : 0.000
synthetic task reward       : 5900.000
shaping reward              : 5671.845
learning reward             : 11571.845
episode length              : 424.0
abstract changes / episode  : 308.2
same abstract-state steps   : 27.3%
same-state shaping / episode: 0.000
changed-state shaping / ep. : 5671.845
terminal shaping / episode  : 54.987
DFA transitions / episode   : 2.14
DFA transitions in window   : 1->2: 85, 2->3: 70, 3->4: 59
epsilon (next episode)       : 0.20183
replay buffer                : 300000 samples [1: 50.9%, 2: 30.8%, 3: 18.3%, 4: 0.0%]
DFA state visits in window   : 1: 17901, 2: 15828, 3: 8713, 4: 59
DFA state visits cumulative  : 1: 791290, 2: 186201, 3: 84508, 4: 377
DFA state entries in window  : 1: 100, 2: 85, 3: 70, 4: 59
DFA state entries cumulative : 1: 4000, 2: 946, 3: 575, 4: 377
transitions cumulative       : 1->2: 946, 2->3: 575, 3->4: 377
accepted directly from s0    : 0
Gym endings cumulative       : terminated=3492, truncated=131

Starting autonomous greedy evaluation at episode 4000 (1000 fixed-seed episodes)...
[Greedy evaluation at episode 4000 | 1000 fixed-seed episodes]
success=84.6%, failure=0.0%, task reward=8460.000, length=385.8
DFA transitions: 1->2: 867, 2->3: 847, 3->4: 846
Best policy updated from autonomous greedy evaluation at episode 4000.

[Episode 4100/8000 | last 100]
success rate                : 66.0% (cumulative 10.8%)
failure rate                : 0.0% (cumulative 0.0%)
completed cycles / episode  : 0.000
synthetic task reward       : 6600.000
shaping reward              : 6085.933
learning reward             : 12685.933
episode length              : 435.0
abstract changes / episode  : 329.1
same abstract-state steps   : 24.3%
same-state shaping / episode: 0.000
changed-state shaping / ep. : 6085.933
terminal shaping / episode  : 64.773
DFA transitions / episode   : 2.23
DFA transitions in window   : 1->2: 84, 2->3: 73, 3->4: 66
epsilon (next episode)       : 0.19392
replay buffer                : 300000 samples [1: 49.6%, 2: 32.0%, 3: 18.3%, 4: 0.0%]
DFA state visits in window   : 1: 17357, 2: 16501, 3: 9675, 4: 66
DFA state visits cumulative  : 1: 808647, 2: 202702, 3: 94183, 4: 443
DFA state entries in window  : 1: 100, 2: 84, 3: 73, 4: 66
DFA state entries cumulative : 1: 4100, 2: 1030, 3: 648, 4: 443
transitions cumulative       : 1->2: 1030, 2->3: 648, 3->4: 443
accepted directly from s0    : 0
Gym endings cumulative       : terminated=3523, truncated=134

[Episode 4200/8000 | last 100]
success rate                : 79.0% (cumulative 12.4%)
failure rate                : 0.0% (cumulative 0.0%)
completed cycles / episode  : 0.000
synthetic task reward       : 7900.000
shaping reward              : 6889.072
learning reward             : 14789.072
episode length              : 425.6
abstract changes / episode  : 325.0
same abstract-state steps   : 23.6%
same-state shaping / episode: 0.000
changed-state shaping / ep. : 6889.072
terminal shaping / episode  : 78.176
DFA transitions / episode   : 2.52
DFA transitions in window   : 1->2: 89, 2->3: 84, 3->4: 79
epsilon (next episode)       : 0.18631
replay buffer                : 300000 samples [1: 47.3%, 2: 33.7%, 3: 19.0%, 4: 0.0%]
DFA state visits in window   : 1: 16742, 2: 15749, 3: 10088, 4: 79
DFA state visits cumulative  : 1: 825389, 2: 218451, 3: 104271, 4: 522
DFA state entries in window  : 1: 100, 2: 89, 3: 84, 4: 79
DFA state entries cumulative : 1: 4200, 2: 1119, 3: 732, 4: 522
transitions cumulative       : 1->2: 1119, 2->3: 732, 3->4: 522
accepted directly from s0    : 0
Gym endings cumulative       : terminated=3544, truncated=134

[Episode 4300/8000 | last 100]
success rate                : 68.0% (cumulative 13.7%)
failure rate                : 0.0% (cumulative 0.0%)
completed cycles / episode  : 0.000
synthetic task reward       : 6800.000
shaping reward              : 6298.683
learning reward             : 13098.683
episode length              : 407.9
abstract changes / episode  : 312.2
same abstract-state steps   : 23.4%
same-state shaping / episode: 0.000
changed-state shaping / ep. : 6298.683
terminal shaping / episode  : 66.216
DFA transitions / episode   : 2.30
DFA transitions in window   : 1->2: 84, 2->3: 78, 3->4: 68
epsilon (next episode)       : 0.17900
replay buffer                : 300000 samples [1: 46.1%, 2: 34.1%, 3: 19.9%, 4: 0.0%]
DFA state visits in window   : 1: 18165, 2: 14044, 3: 8611, 4: 68
DFA state visits cumulative  : 1: 843554, 2: 232495, 3: 112882, 4: 590
DFA state entries in window  : 1: 100, 2: 84, 3: 78, 4: 68
DFA state entries cumulative : 1: 4300, 2: 1203, 3: 810, 4: 590
transitions cumulative       : 1->2: 1203, 2->3: 810, 3->4: 590
accepted directly from s0    : 0
Gym endings cumulative       : terminated=3576, truncated=134

[Episode 4400/8000 | last 100]
success rate                : 71.0% (cumulative 15.0%)
failure rate                : 0.0% (cumulative 0.0%)
completed cycles / episode  : 0.000
synthetic task reward       : 7100.000
shaping reward              : 6442.670
learning reward             : 13542.670
episode length              : 398.9
abstract changes / episode  : 302.7
same abstract-state steps   : 24.1%
same-state shaping / episode: 0.000
changed-state shaping / ep. : 6442.670
terminal shaping / episode  : 69.425
DFA transitions / episode   : 2.34
DFA transitions in window   : 1->2: 84, 2->3: 79, 3->4: 71
epsilon (next episode)       : 0.17198
replay buffer                : 300000 samples [1: 45.6%, 2: 34.4%, 3: 20.0%, 4: 0.0%]
DFA state visits in window   : 1: 17646, 2: 13891, 3: 8386, 4: 71
DFA state visits cumulative  : 1: 861200, 2: 246386, 3: 121268, 4: 661
DFA state entries in window  : 1: 100, 2: 84, 3: 79, 4: 71
DFA state entries cumulative : 1: 4400, 2: 1287, 3: 889, 4: 661
transitions cumulative       : 1->2: 1287, 2->3: 889, 3->4: 661
accepted directly from s0    : 0
Gym endings cumulative       : terminated=3603, truncated=136

[Episode 4500/8000 | last 100]
success rate                : 73.0% (cumulative 16.3%)
failure rate                : 0.0% (cumulative 0.0%)
completed cycles / episode  : 0.000
synthetic task reward       : 7300.000
shaping reward              : 6537.100
learning reward             : 13837.100
episode length              : 380.9
abstract changes / episode  : 291.2
same abstract-state steps   : 23.5%
same-state shaping / episode: 0.000
changed-state shaping / ep. : 6537.100
terminal shaping / episode  : 71.925
DFA transitions / episode   : 2.47
DFA transitions in window   : 1->2: 89, 2->3: 85, 3->4: 73
epsilon (next episode)       : 0.16524
replay buffer                : 300000 samples [1: 43.2%, 2: 35.0%, 3: 21.8%, 4: 0.0%]
DFA state visits in window   : 1: 14038, 2: 13719, 3: 10355, 4: 73
DFA state visits cumulative  : 1: 875238, 2: 260105, 3: 131623, 4: 734
DFA state entries in window  : 1: 100, 2: 89, 3: 85, 4: 73
DFA state entries cumulative : 1: 4500, 2: 1376, 3: 974, 4: 734
transitions cumulative       : 1->2: 1376, 2->3: 974, 3->4: 734
accepted directly from s0    : 0
Gym endings cumulative       : terminated=3628, truncated=138

Starting autonomous greedy evaluation at episode 4500 (1000 fixed-seed episodes)...
[Greedy evaluation at episode 4500 | 1000 fixed-seed episodes]
success=2.1%, failure=0.0%, task reward=210.000, length=814.5
DFA transitions: 1->2: 777, 2->3: 29, 3->4: 21

[Episode 4600/8000 | last 100]
success rate                : 30.0% (cumulative 16.6%)
failure rate                : 0.0% (cumulative 0.0%)
completed cycles / episode  : 0.000
synthetic task reward       : 3000.000
shaping reward              : 2796.698
learning reward             : 5796.698
episode length              : 231.2
abstract changes / episode  : 179.8
same abstract-state steps   : 22.2%
same-state shaping / episode: 0.000
changed-state shaping / ep. : 2796.698
terminal shaping / episode  : 21.376
DFA transitions / episode   : 1.28
DFA transitions in window   : 1->2: 65, 2->3: 33, 3->4: 30
epsilon (next episode)       : 0.15876
replay buffer                : 300000 samples [1: 43.5%, 2: 34.7%, 3: 21.8%, 4: 0.0%]
DFA state visits in window   : 1: 13467, 2: 5306, 3: 4417, 4: 30
DFA state visits cumulative  : 1: 888705, 2: 265411, 3: 136040, 4: 764
DFA state entries in window  : 1: 100, 2: 65, 3: 33, 4: 30
DFA state entries cumulative : 1: 4600, 2: 1441, 3: 1007, 4: 764
transitions cumulative       : 1->2: 1441, 2->3: 1007, 3->4: 764
accepted directly from s0    : 0
Gym endings cumulative       : terminated=3698, truncated=138

[Episode 4700/8000 | last 100]
success rate                : 2.0% (cumulative 16.3%)
failure rate                : 0.0% (cumulative 0.0%)
completed cycles / episode  : 0.000
synthetic task reward       : 200.000
shaping reward              : 486.406
learning reward             : 686.406
episode length              : 434.6
abstract changes / episode  : 210.3
same abstract-state steps   : 51.6%
same-state shaping / episode: 0.000
changed-state shaping / ep. : 486.406
terminal shaping / episode  : 0.002
DFA transitions / episode   : 0.12
DFA transitions in window   : 1->2: 8, 2->3: 2, 3->4: 2
epsilon (next episode)       : 0.15253
replay buffer                : 300000 samples [1: 50.6%, 2: 30.1%, 3: 19.3%, 4: 0.0%]
DFA state visits in window   : 1: 42940, 2: 458, 3: 158, 4: 2
DFA state visits cumulative  : 1: 931645, 2: 265869, 3: 136198, 4: 766
DFA state entries in window  : 1: 100, 2: 8, 3: 2, 4: 2
DFA state entries cumulative : 1: 4700, 2: 1449, 3: 1009, 4: 766
transitions cumulative       : 1->2: 1449, 2->3: 1009, 3->4: 766
accepted directly from s0    : 0
Gym endings cumulative       : terminated=3769, truncated=165

[Episode 4800/8000 | last 100]
success rate                : 57.0% (cumulative 17.1%)
failure rate                : 0.0% (cumulative 0.0%)
completed cycles / episode  : 0.000
synthetic task reward       : 5700.000
shaping reward              : 5374.890
learning reward             : 11074.890
episode length              : 403.6
abstract changes / episode  : 278.4
same abstract-state steps   : 31.0%
same-state shaping / episode: 0.000
changed-state shaping / ep. : 5374.890
terminal shaping / episode  : 54.447
DFA transitions / episode   : 1.94
DFA transitions in window   : 1->2: 74, 2->3: 63, 3->4: 57
epsilon (next episode)       : 0.14655
replay buffer                : 300000 samples [1: 53.6%, 2: 28.2%, 3: 18.2%, 4: 0.0%]
DFA state visits in window   : 1: 25643, 2: 9448, 3: 5307, 4: 57
DFA state visits cumulative  : 1: 957288, 2: 275317, 3: 141505, 4: 823
DFA state entries in window  : 1: 100, 2: 74, 3: 63, 4: 57
DFA state entries cumulative : 1: 4800, 2: 1523, 3: 1072, 4: 823
transitions cumulative       : 1->2: 1523, 2->3: 1072, 3->4: 823
accepted directly from s0    : 0
Gym endings cumulative       : terminated=3805, truncated=172

[Episode 4900/8000 | last 100]
success rate                : 77.0% (cumulative 18.4%)
failure rate                : 0.0% (cumulative 0.0%)
completed cycles / episode  : 0.000
synthetic task reward       : 7700.000
shaping reward              : 6800.611
learning reward             : 14500.611
episode length              : 392.2
abstract changes / episode  : 298.4
same abstract-state steps   : 23.9%
same-state shaping / episode: 0.000
changed-state shaping / ep. : 6800.611
terminal shaping / episode  : 73.966
DFA transitions / episode   : 2.50
DFA transitions in window   : 1->2: 90, 2->3: 83, 3->4: 77
epsilon (next episode)       : 0.14080
replay buffer                : 300000 samples [1: 54.6%, 2: 27.8%, 3: 17.6%, 4: 0.0%]
DFA state visits in window   : 1: 18058, 2: 14122, 3: 7060, 4: 77
DFA state visits cumulative  : 1: 975346, 2: 289439, 3: 148565, 4: 900
DFA state entries in window  : 1: 100, 2: 90, 3: 83, 4: 77
DFA state entries cumulative : 1: 4900, 2: 1613, 3: 1155, 4: 900
transitions cumulative       : 1->2: 1613, 2->3: 1155, 3->4: 900
accepted directly from s0    : 0
Gym endings cumulative       : terminated=3827, truncated=173

[Episode 5000/8000 | last 100]
success rate                : 64.0% (cumulative 19.3%)
failure rate                : 0.0% (cumulative 0.0%)
completed cycles / episode  : 0.000
synthetic task reward       : 6400.000
shaping reward              : 6316.251
learning reward             : 12716.251
episode length              : 341.4
abstract changes / episode  : 276.4
same abstract-state steps   : 19.1%
same-state shaping / episode: 0.000
changed-state shaping / ep. : 6316.251
terminal shaping / episode  : 62.683
DFA transitions / episode   : 2.29
DFA transitions in window   : 1->2: 87, 2->3: 78, 3->4: 64
epsilon (next episode)       : 0.13528
replay buffer                : 300000 samples [1: 55.2%, 2: 28.0%, 3: 16.9%, 4: 0.0%]
DFA state visits in window   : 1: 15469, 2: 12672, 3: 6036, 4: 64
DFA state visits cumulative  : 1: 990815, 2: 302111, 3: 154601, 4: 964
DFA state entries in window  : 1: 100, 2: 87, 3: 78, 4: 64
DFA state entries cumulative : 1: 5000, 2: 1700, 3: 1233, 4: 964
transitions cumulative       : 1->2: 1700, 2->3: 1233, 3->4: 964
accepted directly from s0    : 0
Gym endings cumulative       : terminated=3863, truncated=173

Starting autonomous greedy evaluation at episode 5000 (1000 fixed-seed episodes)...
[Greedy evaluation at episode 5000 | 1000 fixed-seed episodes]
success=86.8%, failure=0.0%, task reward=8680.000, length=382.0
DFA transitions: 1->2: 886, 2->3: 870, 3->4: 868
Best policy updated from autonomous greedy evaluation at episode 5000.

[Episode 5100/8000 | last 100]
success rate                : 61.0% (cumulative 20.1%)
failure rate                : 0.0% (cumulative 0.0%)
completed cycles / episode  : 0.000
synthetic task reward       : 6100.000
shaping reward              : 5685.669
learning reward             : 11785.669
episode length              : 300.2
abstract changes / episode  : 241.7
same abstract-state steps   : 19.5%
same-state shaping / episode: 0.000
changed-state shaping / ep. : 5685.669
terminal shaping / episode  : 58.594
DFA transitions / episode   : 2.07
DFA transitions in window   : 1->2: 75, 2->3: 71, 3->4: 61
epsilon (next episode)       : 0.12998
replay buffer                : 300000 samples [1: 55.7%, 2: 27.7%, 3: 16.6%, 4: 0.0%]
DFA state visits in window   : 1: 15005, 2: 9523, 3: 5527, 4: 61
DFA state visits cumulative  : 1: 1005820, 2: 311634, 3: 160128, 4: 1025
DFA state entries in window  : 1: 100, 2: 75, 3: 71, 4: 61
DFA state entries cumulative : 1: 5100, 2: 1775, 3: 1304, 4: 1025
transitions cumulative       : 1->2: 1775, 2->3: 1304, 3->4: 1025
accepted directly from s0    : 0
Gym endings cumulative       : terminated=3902, truncated=173

[Episode 5200/8000 | last 100]
success rate                : 68.0% (cumulative 21.0%)
failure rate                : 0.0% (cumulative 0.0%)
completed cycles / episode  : 0.000
synthetic task reward       : 6800.000
shaping reward              : 6412.050
learning reward             : 13212.050
episode length              : 321.4
abstract changes / episode  : 256.5
same abstract-state steps   : 20.2%
same-state shaping / episode: 0.000
changed-state shaping / ep. : 6412.050
terminal shaping / episode  : 63.593
DFA transitions / episode   : 2.30
DFA transitions in window   : 1->2: 82, 2->3: 80, 3->4: 68
epsilon (next episode)       : 0.12488
replay buffer                : 300000 samples [1: 56.2%, 2: 27.7%, 3: 16.2%, 4: 0.0%]
DFA state visits in window   : 1: 16634, 2: 9844, 3: 5692, 4: 68
DFA state visits cumulative  : 1: 1022454, 2: 321478, 3: 165820, 4: 1093
DFA state entries in window  : 1: 100, 2: 82, 3: 80, 4: 68
DFA state entries cumulative : 1: 5200, 2: 1857, 3: 1384, 4: 1093
transitions cumulative       : 1->2: 1857, 2->3: 1384, 3->4: 1093
accepted directly from s0    : 0
Gym endings cumulative       : terminated=3934, truncated=173

[Episode 5300/8000 | last 100]
success rate                : 64.0% (cumulative 21.8%)
failure rate                : 0.0% (cumulative 0.0%)
completed cycles / episode  : 0.000
synthetic task reward       : 6400.000
shaping reward              : 6177.157
learning reward             : 12577.157
episode length              : 334.1
abstract changes / episode  : 253.0
same abstract-state steps   : 24.3%
same-state shaping / episode: 0.000
changed-state shaping / ep. : 6177.157
terminal shaping / episode  : 65.644
DFA transitions / episode   : 2.21
DFA transitions in window   : 1->2: 79, 2->3: 78, 3->4: 64
epsilon (next episode)       : 0.11998
replay buffer                : 300000 samples [1: 57.7%, 2: 26.4%, 3: 15.9%, 4: 0.0%]
DFA state visits in window   : 1: 16917, 2: 9025, 3: 7504, 4: 64
DFA state visits cumulative  : 1: 1039371, 2: 330503, 3: 173324, 4: 1157
DFA state entries in window  : 1: 100, 2: 79, 3: 78, 4: 64
DFA state entries cumulative : 1: 5300, 2: 1936, 3: 1462, 4: 1157
transitions cumulative       : 1->2: 1936, 2->3: 1462, 3->4: 1157
accepted directly from s0    : 0
Gym endings cumulative       : terminated=3968, truncated=175

[Episode 5400/8000 | last 100]
success rate                : 70.0% (cumulative 22.7%)
failure rate                : 0.0% (cumulative 0.0%)
completed cycles / episode  : 0.000
synthetic task reward       : 7000.000
shaping reward              : 6102.547
learning reward             : 13102.547
episode length              : 410.3
abstract changes / episode  : 299.0
same abstract-state steps   : 27.1%
same-state shaping / episode: 0.000
changed-state shaping / ep. : 6102.547
terminal shaping / episode  : 68.373
DFA transitions / episode   : 2.28
DFA transitions in window   : 1->2: 83, 2->3: 75, 3->4: 70
epsilon (next episode)       : 0.11528
replay buffer                : 300000 samples [1: 57.6%, 2: 27.4%, 3: 15.0%, 4: 0.0%]
DFA state visits in window   : 1: 17394, 2: 16123, 3: 7547, 4: 70
DFA state visits cumulative  : 1: 1056765, 2: 346626, 3: 180871, 4: 1227
DFA state entries in window  : 1: 100, 2: 83, 3: 75, 4: 70
DFA state entries cumulative : 1: 5400, 2: 2019, 3: 1537, 4: 1227
transitions cumulative       : 1->2: 2019, 2->3: 1537, 3->4: 1227
accepted directly from s0    : 0
Gym endings cumulative       : terminated=3993, truncated=180

[Episode 5500/8000 | last 100]
success rate                : 63.0% (cumulative 23.5%)
failure rate                : 0.0% (cumulative 0.0%)
completed cycles / episode  : 0.000
synthetic task reward       : 6300.000
shaping reward              : 6046.616
learning reward             : 12346.616
episode length              : 364.3
abstract changes / episode  : 281.1
same abstract-state steps   : 22.8%
same-state shaping / episode: 0.000
changed-state shaping / ep. : 6046.616
terminal shaping / episode  : 60.218
DFA transitions / episode   : 2.34
DFA transitions in window   : 1->2: 94, 2->3: 77, 3->4: 63
epsilon (next episode)       : 0.11075
replay buffer                : 300000 samples [1: 51.2%, 2: 30.9%, 3: 17.9%, 4: 0.0%]
DFA state visits in window   : 1: 15638, 2: 11797, 3: 9028, 4: 63
DFA state visits cumulative  : 1: 1072403, 2: 358423, 3: 189899, 4: 1290
DFA state entries in window  : 1: 100, 2: 94, 3: 77, 4: 63
DFA state entries cumulative : 1: 5500, 2: 2113, 3: 1614, 4: 1290
transitions cumulative       : 1->2: 2113, 2->3: 1614, 3->4: 1290
accepted directly from s0    : 0
Gym endings cumulative       : terminated=4028, truncated=182

Starting autonomous greedy evaluation at episode 5500 (1000 fixed-seed episodes)...
[Greedy evaluation at episode 5500 | 1000 fixed-seed episodes]
success=20.3%, failure=0.0%, task reward=2030.000, length=425.4
DFA transitions: 1->2: 871, 2->3: 234, 3->4: 203

[Episode 5600/8000 | last 100]
success rate                : 58.0% (cumulative 24.1%)
failure rate                : 0.0% (cumulative 0.0%)
completed cycles / episode  : 0.000
synthetic task reward       : 5800.000
shaping reward              : 5372.541
learning reward             : 11172.541
episode length              : 363.9
abstract changes / episode  : 293.9
same abstract-state steps   : 19.2%
same-state shaping / episode: 0.000
changed-state shaping / ep. : 5372.541
terminal shaping / episode  : 50.968
DFA transitions / episode   : 2.11
DFA transitions in window   : 1->2: 86, 2->3: 67, 3->4: 58
epsilon (next episode)       : 0.10641
replay buffer                : 300000 samples [1: 47.4%, 2: 33.9%, 3: 18.7%, 4: 0.0%]
DFA state visits in window   : 1: 17428, 2: 13905, 3: 5094, 4: 58
DFA state visits cumulative  : 1: 1089831, 2: 372328, 3: 194993, 4: 1348
DFA state entries in window  : 1: 100, 2: 86, 3: 67, 4: 58
DFA state entries cumulative : 1: 5600, 2: 2199, 3: 1681, 4: 1348
transitions cumulative       : 1->2: 2199, 2->3: 1681, 3->4: 1348
accepted directly from s0    : 0
Gym endings cumulative       : terminated=4069, truncated=183

[Episode 5700/8000 | last 100]
success rate                : 54.0% (cumulative 24.6%)
failure rate                : 0.0% (cumulative 0.0%)
completed cycles / episode  : 0.000
synthetic task reward       : 5400.000
shaping reward              : 4643.486
learning reward             : 10043.486
episode length              : 325.1
abstract changes / episode  : 263.1
same abstract-state steps   : 19.1%
same-state shaping / episode: 0.000
changed-state shaping / ep. : 4643.486
terminal shaping / episode  : 50.847
DFA transitions / episode   : 1.86
DFA transitions in window   : 1->2: 73, 2->3: 59, 3->4: 54
epsilon (next episode)       : 0.10224
replay buffer                : 300000 samples [1: 47.6%, 2: 33.8%, 3: 18.6%, 4: 0.0%]
DFA state visits in window   : 1: 17378, 2: 10000, 3: 5173, 4: 54
DFA state visits cumulative  : 1: 1107209, 2: 382328, 3: 200166, 4: 1402
DFA state entries in window  : 1: 100, 2: 73, 3: 59, 4: 54
DFA state entries cumulative : 1: 5700, 2: 2272, 3: 1740, 4: 1402
transitions cumulative       : 1->2: 2272, 2->3: 1740, 3->4: 1402
accepted directly from s0    : 0
Gym endings cumulative       : terminated=4114, truncated=184

[Episode 5800/8000 | last 100]
success rate                : 77.0% (cumulative 25.5%)
failure rate                : 0.0% (cumulative 0.0%)
completed cycles / episode  : 0.000
synthetic task reward       : 7700.000
shaping reward              : 6546.123
learning reward             : 14246.123
episode length              : 333.3
abstract changes / episode  : 263.4
same abstract-state steps   : 21.0%
same-state shaping / episode: 0.000
changed-state shaping / ep. : 6546.123
terminal shaping / episode  : 78.560
DFA transitions / episode   : 2.42
DFA transitions in window   : 1->2: 85, 2->3: 80, 3->4: 77
epsilon (next episode)       : 0.09823
replay buffer                : 300000 samples [1: 48.0%, 2: 33.5%, 3: 18.6%, 4: 0.0%]
DFA state visits in window   : 1: 16220, 2: 11571, 3: 5561, 4: 77
DFA state visits cumulative  : 1: 1123429, 2: 393899, 3: 205727, 4: 1479
DFA state entries in window  : 1: 100, 2: 85, 3: 80, 4: 77
DFA state entries cumulative : 1: 5800, 2: 2357, 3: 1820, 4: 1479
transitions cumulative       : 1->2: 2357, 2->3: 1820, 3->4: 1479
accepted directly from s0    : 0
Gym endings cumulative       : terminated=4136, truncated=185

[Episode 5900/8000 | last 100]
success rate                : 59.0% (cumulative 26.1%)
failure rate                : 0.0% (cumulative 0.0%)
completed cycles / episode  : 0.000
synthetic task reward       : 5900.000
shaping reward              : 5318.634
learning reward             : 11218.634
episode length              : 441.7
abstract changes / episode  : 290.4
same abstract-state steps   : 34.3%
same-state shaping / episode: 0.000
changed-state shaping / ep. : 5318.634
terminal shaping / episode  : 60.771
DFA transitions / episode   : 1.94
DFA transitions in window   : 1->2: 72, 2->3: 63, 3->4: 59
epsilon (next episode)       : 0.09438
replay buffer                : 300000 samples [1: 51.4%, 2: 31.1%, 3: 17.5%, 4: 0.0%]
DFA state visits in window   : 1: 31643, 2: 7581, 3: 4983, 4: 59
DFA state visits cumulative  : 1: 1155072, 2: 401480, 3: 210710, 4: 1538
DFA state entries in window  : 1: 100, 2: 72, 3: 63, 4: 59
DFA state entries cumulative : 1: 5900, 2: 2429, 3: 1883, 4: 1538
transitions cumulative       : 1->2: 2429, 2->3: 1883, 3->4: 1538
accepted directly from s0    : 0
Gym endings cumulative       : terminated=4168, truncated=194

[Episode 6000/8000 | last 100]
success rate                : 60.0% (cumulative 26.6%)
failure rate                : 0.0% (cumulative 0.0%)
completed cycles / episode  : 0.000
synthetic task reward       : 6000.000
shaping reward              : 5394.154
learning reward             : 11394.154
episode length              : 379.9
abstract changes / episode  : 295.9
same abstract-state steps   : 22.1%
same-state shaping / episode: 0.000
changed-state shaping / ep. : 5394.154
terminal shaping / episode  : 58.179
DFA transitions / episode   : 2.02
DFA transitions in window   : 1->2: 77, 2->3: 65, 3->4: 60
epsilon (next episode)       : 0.09067
replay buffer                : 300000 samples [1: 52.1%, 2: 30.4%, 3: 17.5%, 4: 0.0%]
DFA state visits in window   : 1: 21259, 2: 9765, 3: 7008, 4: 60
DFA state visits cumulative  : 1: 1176331, 2: 411245, 3: 217718, 4: 1598
DFA state entries in window  : 1: 100, 2: 77, 3: 65, 4: 60
DFA state entries cumulative : 1: 6000, 2: 2506, 3: 1948, 4: 1598
transitions cumulative       : 1->2: 2506, 2->3: 1948, 3->4: 1598
accepted directly from s0    : 0
Gym endings cumulative       : terminated=4204, truncated=198

Starting autonomous greedy evaluation at episode 6000 (1000 fixed-seed episodes)...
[Greedy evaluation at episode 6000 | 1000 fixed-seed episodes]
success=6.5%, failure=0.0%, task reward=650.000, length=790.0
DFA transitions: 1->2: 66, 2->3: 66, 3->4: 65

[Episode 6100/8000 | last 100]
success rate                : 67.0% (cumulative 27.3%)
failure rate                : 0.0% (cumulative 0.0%)
completed cycles / episode  : 0.000
synthetic task reward       : 6700.000
shaping reward              : 5881.656
learning reward             : 12581.656
episode length              : 336.2
abstract changes / episode  : 257.3
same abstract-state steps   : 23.4%
same-state shaping / episode: 0.000
changed-state shaping / ep. : 5881.656
terminal shaping / episode  : 65.695
DFA transitions / episode   : 2.15
DFA transitions in window   : 1->2: 76, 2->3: 72, 3->4: 67
epsilon (next episode)       : 0.08712
replay buffer                : 300000 samples [1: 52.6%, 2: 30.2%, 3: 17.2%, 4: 0.0%]
DFA state visits in window   : 1: 18176, 2: 9009, 3: 6464, 4: 67
DFA state visits cumulative  : 1: 1194507, 2: 420254, 3: 224182, 4: 1665
DFA state entries in window  : 1: 100, 2: 76, 3: 72, 4: 67
DFA state entries cumulative : 1: 6100, 2: 2582, 3: 2020, 4: 1665
transitions cumulative       : 1->2: 2582, 2->3: 2020, 3->4: 1665
accepted directly from s0    : 0
Gym endings cumulative       : terminated=4236, truncated=199

[Episode 6200/8000 | last 100]
success rate                : 47.0% (cumulative 27.6%)
failure rate                : 0.0% (cumulative 0.0%)
completed cycles / episode  : 0.000
synthetic task reward       : 4700.000
shaping reward              : 4540.135
learning reward             : 9240.135
episode length              : 279.8
abstract changes / episode  : 210.7
same abstract-state steps   : 24.7%
same-state shaping / episode: 0.000
changed-state shaping / ep. : 4540.135
terminal shaping / episode  : 49.463
DFA transitions / episode   : 1.70
DFA transitions in window   : 1->2: 68, 2->3: 55, 3->4: 47
epsilon (next episode)       : 0.08370
replay buffer                : 300000 samples [1: 54.2%, 2: 28.8%, 3: 17.0%, 4: 0.0%]
DFA state visits in window   : 1: 16371, 2: 6904, 3: 4753, 4: 47
DFA state visits cumulative  : 1: 1210878, 2: 427158, 3: 228935, 4: 1712
DFA state entries in window  : 1: 100, 2: 68, 3: 55, 4: 47
DFA state entries cumulative : 1: 6200, 2: 2650, 3: 2075, 4: 1712
transitions cumulative       : 1->2: 2650, 2->3: 2075, 3->4: 1712
accepted directly from s0    : 0
Gym endings cumulative       : terminated=4287, truncated=201

[Episode 6300/8000 | last 100]
success rate                : 55.0% (cumulative 28.0%)
failure rate                : 0.0% (cumulative 0.0%)
completed cycles / episode  : 0.000
synthetic task reward       : 5500.000
shaping reward              : 5583.426
learning reward             : 11083.426
episode length              : 356.1
abstract changes / episode  : 265.0
same abstract-state steps   : 25.6%
same-state shaping / episode: 0.000
changed-state shaping / ep. : 5583.426
terminal shaping / episode  : 52.663
DFA transitions / episode   : 2.11
DFA transitions in window   : 1->2: 80, 2->3: 76, 3->4: 55
epsilon (next episode)       : 0.08042
replay buffer                : 300000 samples [1: 55.2%, 2: 27.6%, 3: 17.1%, 4: 0.0%]
DFA state visits in window   : 1: 19847, 2: 7991, 3: 7812, 4: 55
DFA state visits cumulative  : 1: 1230725, 2: 435149, 3: 236747, 4: 1767
DFA state entries in window  : 1: 100, 2: 80, 3: 76, 4: 55
DFA state entries cumulative : 1: 6300, 2: 2730, 3: 2151, 4: 1767
transitions cumulative       : 1->2: 2730, 2->3: 2151, 3->4: 1767
accepted directly from s0    : 0
Gym endings cumulative       : terminated=4332, truncated=201

[Episode 6400/8000 | last 100]
success rate                : 59.0% (cumulative 28.5%)
failure rate                : 0.0% (cumulative 0.0%)
completed cycles / episode  : 0.000
synthetic task reward       : 5900.000
shaping reward              : 5879.776
learning reward             : 11779.776
episode length              : 458.9
abstract changes / episode  : 345.7
same abstract-state steps   : 24.7%
same-state shaping / episode: 0.000
changed-state shaping / ep. : 5879.776
terminal shaping / episode  : 59.234
DFA transitions / episode   : 2.22
DFA transitions in window   : 1->2: 89, 2->3: 74, 3->4: 59
epsilon (next episode)       : 0.07727
replay buffer                : 300000 samples [1: 55.1%, 2: 28.4%, 3: 16.5%, 4: 0.0%]
DFA state visits in window   : 1: 19723, 2: 19686, 3: 6526, 4: 59
DFA state visits cumulative  : 1: 1250448, 2: 454835, 3: 243273, 4: 1826
DFA state entries in window  : 1: 100, 2: 89, 3: 74, 4: 59
DFA state entries cumulative : 1: 6400, 2: 2819, 3: 2225, 4: 1826
transitions cumulative       : 1->2: 2819, 2->3: 2225, 3->4: 1826
accepted directly from s0    : 0
Gym endings cumulative       : terminated=4365, truncated=209

[Episode 6500/8000 | last 100]
success rate                : 44.0% (cumulative 28.8%)
failure rate                : 0.0% (cumulative 0.0%)
completed cycles / episode  : 0.000
synthetic task reward       : 4400.000
shaping reward              : 4733.972
learning reward             : 9133.972
episode length              : 354.4
abstract changes / episode  : 273.0
same abstract-state steps   : 23.0%
same-state shaping / episode: 0.000
changed-state shaping / ep. : 4733.972
terminal shaping / episode  : 40.747
DFA transitions / episode   : 1.81
DFA transitions in window   : 1->2: 76, 2->3: 61, 3->4: 44
epsilon (next episode)       : 0.07423
replay buffer                : 300000 samples [1: 54.8%, 2: 28.6%, 3: 16.6%, 4: 0.0%]
DFA state visits in window   : 1: 18826, 2: 11286, 3: 5380, 4: 44
DFA state visits cumulative  : 1: 1269274, 2: 466121, 3: 248653, 4: 1870
DFA state entries in window  : 1: 100, 2: 76, 3: 61, 4: 44
DFA state entries cumulative : 1: 6500, 2: 2895, 3: 2286, 4: 1870
transitions cumulative       : 1->2: 2895, 2->3: 2286, 3->4: 1870
accepted directly from s0    : 0
Gym endings cumulative       : terminated=4420, truncated=210

Starting autonomous greedy evaluation at episode 6500 (1000 fixed-seed episodes)...
[Greedy evaluation at episode 6500 | 1000 fixed-seed episodes]
success=79.7%, failure=0.0%, task reward=7970.000, length=291.6
DFA transitions: 1->2: 838, 2->3: 834, 3->4: 797

[Episode 6600/8000 | last 100]
success rate                : 68.0% (cumulative 29.4%)
failure rate                : 0.0% (cumulative 0.0%)
completed cycles / episode  : 0.000
synthetic task reward       : 6800.000
shaping reward              : 6261.220
learning reward             : 13061.220
episode length              : 294.5
abstract changes / episode  : 237.5
same abstract-state steps   : 19.3%
same-state shaping / episode: 0.000
changed-state shaping / ep. : 6261.220
terminal shaping / episode  : 71.605
DFA transitions / episode   : 2.29
DFA transitions in window   : 1->2: 85, 2->3: 76, 3->4: 68
epsilon (next episode)       : 0.07132
replay buffer                : 300000 samples [1: 54.9%, 2: 28.4%, 3: 16.7%, 4: 0.0%]
DFA state visits in window   : 1: 14193, 2: 9329, 3: 5959, 4: 68
DFA state visits cumulative  : 1: 1283467, 2: 475450, 3: 254612, 4: 1938
DFA state entries in window  : 1: 100, 2: 85, 3: 76, 4: 68
DFA state entries cumulative : 1: 6600, 2: 2980, 3: 2362, 4: 1938
transitions cumulative       : 1->2: 2980, 2->3: 2362, 3->4: 1938
accepted directly from s0    : 0
Gym endings cumulative       : terminated=4451, truncated=211

[Episode 6700/8000 | last 100]
success rate                : 76.0% (cumulative 30.1%)
failure rate                : 0.0% (cumulative 0.0%)
completed cycles / episode  : 0.000
synthetic task reward       : 7600.000
shaping reward              : 6820.052
learning reward             : 14420.052
episode length              : 346.9
abstract changes / episode  : 251.1
same abstract-state steps   : 27.6%
same-state shaping / episode: 0.000
changed-state shaping / ep. : 6820.052
terminal shaping / episode  : 75.825
DFA transitions / episode   : 2.49
DFA transitions in window   : 1->2: 90, 2->3: 83, 3->4: 76
epsilon (next episode)       : 0.06853
replay buffer                : 300000 samples [1: 52.0%, 2: 29.2%, 3: 18.8%, 4: 0.0%]
DFA state visits in window   : 1: 15086, 2: 9936, 3: 9691, 4: 76
DFA state visits cumulative  : 1: 1298553, 2: 485386, 3: 264303, 4: 2014
DFA state entries in window  : 1: 100, 2: 90, 3: 83, 4: 76
DFA state entries cumulative : 1: 6700, 2: 3070, 3: 2445, 4: 2014
transitions cumulative       : 1->2: 3070, 2->3: 2445, 3->4: 2014
accepted directly from s0    : 0
Gym endings cumulative       : terminated=4471, truncated=215

[Episode 6800/8000 | last 100]
success rate                : 70.0% (cumulative 30.6%)
failure rate                : 0.0% (cumulative 0.0%)
completed cycles / episode  : 0.000
synthetic task reward       : 7000.000
shaping reward              : 6518.804
learning reward             : 13518.804
episode length              : 376.5
abstract changes / episode  : 276.1
same abstract-state steps   : 26.7%
same-state shaping / episode: 0.000
changed-state shaping / ep. : 6518.804
terminal shaping / episode  : 60.995
DFA transitions / episode   : 2.50
DFA transitions in window   : 1->2: 95, 2->3: 85, 3->4: 70
epsilon (next episode)       : 0.06584
replay buffer                : 300000 samples [1: 49.9%, 2: 30.7%, 3: 19.4%, 4: 0.0%]
DFA state visits in window   : 1: 17691, 2: 12471, 3: 7517, 4: 70
DFA state visits cumulative  : 1: 1316244, 2: 497857, 3: 271820, 4: 2084
DFA state entries in window  : 1: 100, 2: 95, 3: 85, 4: 70
DFA state entries cumulative : 1: 6800, 2: 3165, 3: 2530, 4: 2084
transitions cumulative       : 1->2: 3165, 2->3: 2530, 3->4: 2084
accepted directly from s0    : 0
Gym endings cumulative       : terminated=4500, truncated=216

[Episode 6900/8000 | last 100]
success rate                : 73.0% (cumulative 31.3%)
failure rate                : 0.0% (cumulative 0.0%)
completed cycles / episode  : 0.000
synthetic task reward       : 7300.000
shaping reward              : 6500.557
learning reward             : 13800.557
episode length              : 324.0
abstract changes / episode  : 258.5
same abstract-state steps   : 20.2%
same-state shaping / episode: 0.000
changed-state shaping / ep. : 6500.557
terminal shaping / episode  : 71.097
DFA transitions / episode   : 2.42
DFA transitions in window   : 1->2: 86, 2->3: 83, 3->4: 73
epsilon (next episode)       : 0.06326
replay buffer                : 300000 samples [1: 49.1%, 2: 31.0%, 3: 19.9%, 4: 0.0%]
DFA state visits in window   : 1: 14616, 2: 9846, 3: 7963, 4: 73
DFA state visits cumulative  : 1: 1330860, 2: 507703, 3: 279783, 4: 2157
DFA state entries in window  : 1: 100, 2: 86, 3: 83, 4: 73
DFA state entries cumulative : 1: 6900, 2: 3251, 3: 2613, 4: 2157
transitions cumulative       : 1->2: 3251, 2->3: 2613, 3->4: 2157
accepted directly from s0    : 0
Gym endings cumulative       : terminated=4526, truncated=217

[Episode 7000/8000 | last 100]
success rate                : 73.0% (cumulative 31.9%)
failure rate                : 0.0% (cumulative 0.0%)
completed cycles / episode  : 0.000
synthetic task reward       : 7300.000
shaping reward              : 6692.813
learning reward             : 13992.813
episode length              : 305.2
abstract changes / episode  : 246.9
same abstract-state steps   : 19.1%
same-state shaping / episode: 0.000
changed-state shaping / ep. : 6692.813
terminal shaping / episode  : 71.510
DFA transitions / episode   : 2.44
DFA transitions in window   : 1->2: 88, 2->3: 83, 3->4: 73
epsilon (next episode)       : 0.06078
replay buffer                : 300000 samples [1: 48.7%, 2: 31.4%, 3: 19.9%, 4: 0.0%]
DFA state visits in window   : 1: 14532, 2: 9439, 3: 6577, 4: 73
DFA state visits cumulative  : 1: 1345392, 2: 517142, 3: 286360, 4: 2230
DFA state entries in window  : 1: 100, 2: 88, 3: 83, 4: 73
DFA state entries cumulative : 1: 7000, 2: 3339, 3: 2696, 4: 2230
transitions cumulative       : 1->2: 3339, 2->3: 2696, 3->4: 2230
accepted directly from s0    : 0
Gym endings cumulative       : terminated=4553, truncated=217

Starting autonomous greedy evaluation at episode 7000 (1000 fixed-seed episodes)...
[Greedy evaluation at episode 7000 | 1000 fixed-seed episodes]
success=87.1%, failure=0.0%, task reward=8710.000, length=284.1
DFA transitions: 1->2: 874, 2->3: 872, 3->4: 871
Best policy updated from autonomous greedy evaluation at episode 7000.

[Episode 7100/8000 | last 100]
success rate                : 82.0% (cumulative 32.6%)
failure rate                : 0.0% (cumulative 0.0%)
completed cycles / episode  : 0.000
synthetic task reward       : 8200.000
shaping reward              : 7270.702
learning reward             : 15470.702
episode length              : 280.4
abstract changes / episode  : 226.3
same abstract-state steps   : 19.3%
same-state shaping / episode: 0.000
changed-state shaping / ep. : 7270.702
terminal shaping / episode  : 78.145
DFA transitions / episode   : 2.64
DFA transitions in window   : 1->2: 91, 2->3: 91, 3->4: 82
epsilon (next episode)       : 0.05839
replay buffer                : 300000 samples [1: 47.0%, 2: 32.6%, 3: 20.4%, 4: 0.0%]
DFA state visits in window   : 1: 11892, 2: 10038, 3: 6128, 4: 82
DFA state visits cumulative  : 1: 1357284, 2: 527180, 3: 292488, 4: 2312
DFA state entries in window  : 1: 100, 2: 91, 3: 91, 4: 82
DFA state entries cumulative : 1: 7100, 2: 3430, 3: 2787, 4: 2312
transitions cumulative       : 1->2: 3430, 2->3: 2787, 3->4: 2312
accepted directly from s0    : 0
Gym endings cumulative       : terminated=4571, truncated=217

[Episode 7200/8000 | last 100]
success rate                : 83.0% (cumulative 33.3%)
failure rate                : 0.0% (cumulative 0.0%)
completed cycles / episode  : 0.000
synthetic task reward       : 8300.000
shaping reward              : 7157.699
learning reward             : 15457.699
episode length              : 310.0
abstract changes / episode  : 247.1
same abstract-state steps   : 20.3%
same-state shaping / episode: 0.000
changed-state shaping / ep. : 7157.699
terminal shaping / episode  : 83.958
DFA transitions / episode   : 2.64
DFA transitions in window   : 1->2: 92, 2->3: 89, 3->4: 83
epsilon (next episode)       : 0.05610
replay buffer                : 300000 samples [1: 45.5%, 2: 34.2%, 3: 20.3%, 4: 0.0%]
DFA state visits in window   : 1: 12715, 2: 11640, 3: 6661, 4: 83
DFA state visits cumulative  : 1: 1369999, 2: 538820, 3: 299149, 4: 2395
DFA state entries in window  : 1: 100, 2: 92, 3: 89, 4: 83
DFA state entries cumulative : 1: 7200, 2: 3522, 3: 2876, 4: 2395
transitions cumulative       : 1->2: 3522, 2->3: 2876, 3->4: 2395
accepted directly from s0    : 0
Gym endings cumulative       : terminated=4588, truncated=217

[Episode 7300/8000 | last 100]
success rate                : 55.0% (cumulative 33.6%)
failure rate                : 0.0% (cumulative 0.0%)
completed cycles / episode  : 0.000
synthetic task reward       : 5500.000
shaping reward              : 4986.103
learning reward             : 10486.103
episode length              : 290.2
abstract changes / episode  : 232.7
same abstract-state steps   : 19.8%
same-state shaping / episode: 0.000
changed-state shaping / ep. : 4986.103
terminal shaping / episode  : 51.186
DFA transitions / episode   : 1.92
DFA transitions in window   : 1->2: 71, 2->3: 66, 3->4: 55
epsilon (next episode)       : 0.05390
replay buffer                : 300000 samples [1: 45.7%, 2: 33.6%, 3: 20.7%, 4: 0.0%]
DFA state visits in window   : 1: 14295, 2: 9477, 3: 5292, 4: 55
DFA state visits cumulative  : 1: 1384294, 2: 548297, 3: 304441, 4: 2450
DFA state entries in window  : 1: 100, 2: 71, 3: 66, 4: 55
DFA state entries cumulative : 1: 7300, 2: 3593, 3: 2942, 4: 2450
transitions cumulative       : 1->2: 3593, 2->3: 2942, 3->4: 2450
accepted directly from s0    : 0
Gym endings cumulative       : terminated=4633, truncated=217

[Episode 7400/8000 | last 100]
success rate                : 69.0% (cumulative 34.0%)
failure rate                : 0.0% (cumulative 0.0%)
completed cycles / episode  : 0.000
synthetic task reward       : 6900.000
shaping reward              : 6240.796
learning reward             : 13140.796
episode length              : 325.4
abstract changes / episode  : 253.6
same abstract-state steps   : 22.1%
same-state shaping / episode: 0.000
changed-state shaping / ep. : 6240.796
terminal shaping / episode  : 66.810
DFA transitions / episode   : 2.37
DFA transitions in window   : 1->2: 89, 2->3: 79, 3->4: 69
epsilon (next episode)       : 0.05179
replay buffer                : 300000 samples [1: 45.8%, 2: 32.7%, 3: 21.5%, 4: 0.0%]
DFA state visits in window   : 1: 15162, 2: 11466, 3: 5942, 4: 69
DFA state visits cumulative  : 1: 1399456, 2: 559763, 3: 310383, 4: 2519
DFA state entries in window  : 1: 100, 2: 89, 3: 79, 4: 69
DFA state entries cumulative : 1: 7400, 2: 3682, 3: 3021, 4: 2519
transitions cumulative       : 1->2: 3682, 2->3: 3021, 3->4: 2519
accepted directly from s0    : 0
Gym endings cumulative       : terminated=4664, truncated=217

[Episode 7500/8000 | last 100]
success rate                : 74.0% (cumulative 34.6%)
failure rate                : 0.0% (cumulative 0.0%)
completed cycles / episode  : 0.000
synthetic task reward       : 7400.000
shaping reward              : 6232.011
learning reward             : 13632.011
episode length              : 302.1
abstract changes / episode  : 236.8
same abstract-state steps   : 21.6%
same-state shaping / episode: 0.000
changed-state shaping / ep. : 6232.011
terminal shaping / episode  : 78.512
DFA transitions / episode   : 2.36
DFA transitions in window   : 1->2: 86, 2->3: 76, 3->4: 74
epsilon (next episode)       : 0.04976
replay buffer                : 300000 samples [1: 46.2%, 2: 32.6%, 3: 21.2%, 4: 0.0%]
DFA state visits in window   : 1: 16179, 2: 8944, 3: 5110, 4: 74
DFA state visits cumulative  : 1: 1415635, 2: 568707, 3: 315493, 4: 2593
DFA state entries in window  : 1: 100, 2: 86, 3: 76, 4: 74
DFA state entries cumulative : 1: 7500, 2: 3768, 3: 3097, 4: 2593
transitions cumulative       : 1->2: 3768, 2->3: 3097, 3->4: 2593
accepted directly from s0    : 0
Gym endings cumulative       : terminated=4690, truncated=217

Starting autonomous greedy evaluation at episode 7500 (1000 fixed-seed episodes)...
[Greedy evaluation at episode 7500 | 1000 fixed-seed episodes]
success=95.5%, failure=0.0%, task reward=9550.000, length=294.4
DFA transitions: 1->2: 976, 2->3: 971, 3->4: 955
Best policy updated from autonomous greedy evaluation at episode 7500.

[Episode 7600/8000 | last 100]
success rate                : 81.0% (cumulative 35.2%)
failure rate                : 0.0% (cumulative 0.0%)
completed cycles / episode  : 0.000
synthetic task reward       : 8100.000
shaping reward              : 7321.284
learning reward             : 15421.284
episode length              : 309.5
abstract changes / episode  : 244.7
same abstract-state steps   : 20.9%
same-state shaping / episode: 0.000
changed-state shaping / ep. : 7321.284
terminal shaping / episode  : 81.217
DFA transitions / episode   : 2.66
DFA transitions in window   : 1->2: 94, 2->3: 91, 3->4: 81
epsilon (next episode)       : 0.04781
replay buffer                : 300000 samples [1: 46.0%, 2: 32.7%, 3: 21.4%, 4: 0.0%]
DFA state visits in window   : 1: 13813, 2: 10097, 3: 7056, 4: 81
DFA state visits cumulative  : 1: 1429448, 2: 578804, 3: 322549, 4: 2674
DFA state entries in window  : 1: 100, 2: 94, 3: 91, 4: 81
DFA state entries cumulative : 1: 7600, 2: 3862, 3: 3188, 4: 2674
transitions cumulative       : 1->2: 3862, 2->3: 3188, 3->4: 2674
accepted directly from s0    : 0
Gym endings cumulative       : terminated=4709, truncated=217

[Episode 7700/8000 | last 100]
success rate                : 79.0% (cumulative 35.8%)
failure rate                : 0.0% (cumulative 0.0%)
completed cycles / episode  : 0.000
synthetic task reward       : 7900.000
shaping reward              : 7014.226
learning reward             : 14914.226
episode length              : 303.1
abstract changes / episode  : 242.2
same abstract-state steps   : 20.1%
same-state shaping / episode: 0.000
changed-state shaping / ep. : 7014.226
terminal shaping / episode  : 76.544
DFA transitions / episode   : 2.58
DFA transitions in window   : 1->2: 94, 2->3: 85, 3->4: 79
epsilon (next episode)       : 0.04593
replay buffer                : 300000 samples [1: 46.6%, 2: 33.7%, 3: 19.8%, 4: 0.0%]
DFA state visits in window   : 1: 13882, 2: 11515, 3: 4938, 4: 79
DFA state visits cumulative  : 1: 1443330, 2: 590319, 3: 327487, 4: 2753
DFA state entries in window  : 1: 100, 2: 94, 3: 85, 4: 79
DFA state entries cumulative : 1: 7700, 2: 3956, 3: 3273, 4: 2753
transitions cumulative       : 1->2: 3956, 2->3: 3273, 3->4: 2753
accepted directly from s0    : 0
Gym endings cumulative       : terminated=4730, truncated=217

[Episode 7800/8000 | last 100]
success rate                : 90.0% (cumulative 36.4%)
failure rate                : 0.0% (cumulative 0.0%)
completed cycles / episode  : 0.000
synthetic task reward       : 9000.000
shaping reward              : 7707.443
learning reward             : 16707.443
episode length              : 350.2
abstract changes / episode  : 264.7
same abstract-state steps   : 24.4%
same-state shaping / episode: 0.000
changed-state shaping / ep. : 7707.443
terminal shaping / episode  : 93.960
DFA transitions / episode   : 2.82
DFA transitions in window   : 1->2: 97, 2->3: 95, 3->4: 90
epsilon (next episode)       : 0.04413
replay buffer                : 300000 samples [1: 46.2%, 2: 33.4%, 3: 20.4%, 4: 0.0%]
DFA state visits in window   : 1: 16084, 2: 10797, 3: 8148, 4: 90
DFA state visits cumulative  : 1: 1459414, 2: 601116, 3: 335635, 4: 2843
DFA state entries in window  : 1: 100, 2: 97, 3: 95, 4: 90
DFA state entries cumulative : 1: 7800, 2: 4053, 3: 3368, 4: 2843
transitions cumulative       : 1->2: 4053, 2->3: 3368, 3->4: 2843
accepted directly from s0    : 0
Gym endings cumulative       : terminated=4738, truncated=219

[Episode 7900/8000 | last 100]
success rate                : 77.0% (cumulative 37.0%)
failure rate                : 0.0% (cumulative 0.0%)
completed cycles / episode  : 0.000
synthetic task reward       : 7700.000
shaping reward              : 7065.572
learning reward             : 14765.572
episode length              : 299.0
abstract changes / episode  : 238.5
same abstract-state steps   : 20.2%
same-state shaping / episode: 0.000
changed-state shaping / ep. : 7065.572
terminal shaping / episode  : 81.397
DFA transitions / episode   : 2.58
DFA transitions in window   : 1->2: 93, 2->3: 88, 3->4: 77
epsilon (next episode)       : 0.04240
replay buffer                : 300000 samples [1: 46.2%, 2: 34.2%, 3: 19.6%, 4: 0.0%]
DFA state visits in window   : 1: 13646, 2: 11477, 3: 4798, 4: 77
DFA state visits cumulative  : 1: 1473060, 2: 612593, 3: 340433, 4: 2920
DFA state entries in window  : 1: 100, 2: 93, 3: 88, 4: 77
DFA state entries cumulative : 1: 7900, 2: 4146, 3: 3456, 4: 2920
transitions cumulative       : 1->2: 4146, 2->3: 3456, 3->4: 2920
accepted directly from s0    : 0
Gym endings cumulative       : terminated=4761, truncated=219

[Episode 8000/8000 | last 100]
success rate                : 66.0% (cumulative 37.3%)
failure rate                : 0.0% (cumulative 0.0%)
completed cycles / episode  : 0.000
synthetic task reward       : 6600.000
shaping reward              : 6845.621
learning reward             : 13445.621
episode length              : 316.6
abstract changes / episode  : 257.0
same abstract-state steps   : 18.8%
same-state shaping / episode: 0.000
changed-state shaping / ep. : 6845.621
terminal shaping / episode  : 62.812
DFA transitions / episode   : 2.51
DFA transitions in window   : 1->2: 95, 2->3: 90, 3->4: 66
epsilon (next episode)       : 0.04074
replay buffer                : 300000 samples [1: 45.8%, 2: 35.0%, 3: 19.2%, 4: 0.0%]
DFA state visits in window   : 1: 13248, 2: 12693, 3: 5753, 4: 66
DFA state visits cumulative  : 1: 1486308, 2: 625286, 3: 346186, 4: 2986
DFA state entries in window  : 1: 100, 2: 95, 3: 90, 4: 66
DFA state entries cumulative : 1: 8000, 2: 4241, 3: 3546, 4: 2986
transitions cumulative       : 1->2: 4241, 2->3: 3546, 3->4: 2986
accepted directly from s0    : 0
Gym endings cumulative       : terminated=4795, truncated=219

Starting autonomous greedy evaluation at episode 8000 (1000 fixed-seed episodes)...
[Greedy evaluation at episode 8000 | 1000 fixed-seed episodes]
success=69.4%, failure=0.0%, task reward=6940.000, length=319.8
DFA transitions: 1->2: 914, 2->3: 906, 3->4: 694
Last policy saved after episode 8000. Best greedy evaluation: episode 7500, mean task reward=9550.000
