
=== NEW RUN ===
episodes=8000, shaping=True, goal_reward=10000.0, gamma=0.99
gamma_shaping=1.0, shaping_formula=gamma_shaping*Phi(next)-Phi(state)
eval_interval=1000, eval_episodes=1000, eval_seed=100000
inter_level_shaping=False, inter_level_formula=gamma*Phi(next)-Phi(state)
task_type=ltlf, task=F(wp1 & X(F(wp2 & X(F(g1)))))
regions={wp1: {'center': [-0.75, 1.0625], 'radius': 0.1}, wp2: {'center': [0, 0.1525], 'radius': 0.1}, g1: {'center': [0.75, 1.0625], 'radius': 0.1}}
dfa_states=[1, 2, 3, 4], pre_trace=1, accepting=[4], failure=[]

[Episode 1/8000 | last 1]
success rate                : 0.0% (cumulative 0.0%)
failure rate                : 0.0% (cumulative 0.0%)
completed cycles / episode  : 0.000
synthetic task reward       : 0.000
shaping reward              : -421.514
learning reward             : -421.514
episode length              : 101.0
abstract changes / episode  : 12.0
DFA transitions / episode   : 0.00
DFA transitions in window   : none
epsilon (next episode)       : 0.99960
replay buffer                : 101 samples [1: 100.0%, 2: 0.0%, 3: 0.0%, 4: 0.0%]
DFA state visits in window   : 1: 102, 2: 0, 3: 0, 4: 0
DFA state visits cumulative  : 1: 102, 2: 0, 3: 0, 4: 0
DFA state entries in window  : 1: 1, 2: 0, 3: 0, 4: 0
DFA state entries cumulative : 1: 1, 2: 0, 3: 0, 4: 0
transitions cumulative       : none
accepted directly from s0    : 0
Gym endings cumulative       : terminated=1, truncated=0

[Episode 100/8000 | last 100]
success rate                : 0.0% (cumulative 0.0%)
failure rate                : 0.0% (cumulative 0.0%)
completed cycles / episode  : 0.000
synthetic task reward       : 0.000
shaping reward              : -246.138
learning reward             : -246.138
episode length              : 90.1
abstract changes / episode  : 12.7
DFA transitions / episode   : 0.00
DFA transitions in window   : none
epsilon (next episode)       : 0.96078
replay buffer                : 9010 samples [1: 100.0%, 2: 0.0%, 3: 0.0%, 4: 0.0%]
DFA state visits in window   : 1: 9110, 2: 0, 3: 0, 4: 0
DFA state visits cumulative  : 1: 9110, 2: 0, 3: 0, 4: 0
DFA state entries in window  : 1: 100, 2: 0, 3: 0, 4: 0
DFA state entries cumulative : 1: 100, 2: 0, 3: 0, 4: 0
transitions cumulative       : none
accepted directly from s0    : 0
Gym endings cumulative       : terminated=100, truncated=0

[Episode 200/8000 | last 100]
success rate                : 0.0% (cumulative 0.0%)
failure rate                : 0.0% (cumulative 0.0%)
completed cycles / episode  : 0.000
synthetic task reward       : 0.000
shaping reward              : -214.773
learning reward             : -214.773
episode length              : 94.8
abstract changes / episode  : 12.7
DFA transitions / episode   : 0.03
DFA transitions in window   : 1->2: 3
epsilon (next episode)       : 0.92310
replay buffer                : 18489 samples [1: 99.6%, 2: 0.4%, 3: 0.0%, 4: 0.0%]
DFA state visits in window   : 1: 9495, 2: 84, 3: 0, 4: 0
DFA state visits cumulative  : 1: 18605, 2: 84, 3: 0, 4: 0
DFA state entries in window  : 1: 100, 2: 3, 3: 0, 4: 0
DFA state entries cumulative : 1: 200, 2: 3, 3: 0, 4: 0
transitions cumulative       : 1->2: 3
accepted directly from s0    : 0
Gym endings cumulative       : terminated=200, truncated=0

[Episode 300/8000 | last 100]
success rate                : 0.0% (cumulative 0.0%)
failure rate                : 0.0% (cumulative 0.0%)
completed cycles / episode  : 0.000
synthetic task reward       : 0.000
shaping reward              : -214.796
learning reward             : -214.796
episode length              : 97.7
abstract changes / episode  : 12.8
DFA transitions / episode   : 0.01
DFA transitions in window   : 1->2: 1
epsilon (next episode)       : 0.88690
replay buffer                : 28263 samples [1: 99.6%, 2: 0.4%, 3: 0.0%, 4: 0.0%]
DFA state visits in window   : 1: 9849, 2: 25, 3: 0, 4: 0
DFA state visits cumulative  : 1: 28454, 2: 109, 3: 0, 4: 0
DFA state entries in window  : 1: 100, 2: 1, 3: 0, 4: 0
DFA state entries cumulative : 1: 300, 2: 4, 3: 0, 4: 0
transitions cumulative       : 1->2: 4
accepted directly from s0    : 0
Gym endings cumulative       : terminated=300, truncated=0

[Episode 400/8000 | last 100]
success rate                : 0.0% (cumulative 0.0%)
failure rate                : 0.0% (cumulative 0.0%)
completed cycles / episode  : 0.000
synthetic task reward       : 0.000
shaping reward              : -202.592
learning reward             : -202.592
episode length              : 102.7
abstract changes / episode  : 12.8
DFA transitions / episode   : 0.03
DFA transitions in window   : 1->2: 3
epsilon (next episode)       : 0.85212
replay buffer                : 38534 samples [1: 99.6%, 2: 0.4%, 3: 0.0%, 4: 0.0%]
DFA state visits in window   : 1: 10300, 2: 71, 3: 0, 4: 0
DFA state visits cumulative  : 1: 38754, 2: 180, 3: 0, 4: 0
DFA state entries in window  : 1: 100, 2: 3, 3: 0, 4: 0
DFA state entries cumulative : 1: 400, 2: 7, 3: 0, 4: 0
transitions cumulative       : 1->2: 7
accepted directly from s0    : 0
Gym endings cumulative       : terminated=400, truncated=0

[Episode 500/8000 | last 100]
success rate                : 0.0% (cumulative 0.0%)
failure rate                : 0.0% (cumulative 0.0%)
completed cycles / episode  : 0.000
synthetic task reward       : 0.000
shaping reward              : -185.361
learning reward             : -185.361
episode length              : 101.2
abstract changes / episode  : 12.9
DFA transitions / episode   : 0.04
DFA transitions in window   : 1->2: 4
epsilon (next episode)       : 0.81870
replay buffer                : 48654 samples [1: 99.4%, 2: 0.6%, 3: 0.0%, 4: 0.0%]
DFA state visits in window   : 1: 10115, 2: 105, 3: 0, 4: 0
DFA state visits cumulative  : 1: 48869, 2: 285, 3: 0, 4: 0
DFA state entries in window  : 1: 100, 2: 4, 3: 0, 4: 0
DFA state entries cumulative : 1: 500, 2: 11, 3: 0, 4: 0
transitions cumulative       : 1->2: 11
accepted directly from s0    : 0
Gym endings cumulative       : terminated=500, truncated=0

[Episode 600/8000 | last 100]
success rate                : 0.0% (cumulative 0.0%)
failure rate                : 0.0% (cumulative 0.0%)
completed cycles / episode  : 0.000
synthetic task reward       : 0.000
shaping reward              : -195.242
learning reward             : -195.242
episode length              : 107.6
abstract changes / episode  : 13.1
DFA transitions / episode   : 0.02
DFA transitions in window   : 1->2: 2
epsilon (next episode)       : 0.78659
replay buffer                : 59417 samples [1: 99.4%, 2: 0.6%, 3: 0.0%, 4: 0.0%]
DFA state visits in window   : 1: 10802, 2: 61, 3: 0, 4: 0
DFA state visits cumulative  : 1: 59671, 2: 346, 3: 0, 4: 0
DFA state entries in window  : 1: 100, 2: 2, 3: 0, 4: 0
DFA state entries cumulative : 1: 600, 2: 13, 3: 0, 4: 0
transitions cumulative       : 1->2: 13
accepted directly from s0    : 0
Gym endings cumulative       : terminated=600, truncated=0

[Episode 700/8000 | last 100]
success rate                : 0.0% (cumulative 0.0%)
failure rate                : 0.0% (cumulative 0.0%)
completed cycles / episode  : 0.000
synthetic task reward       : 0.000
shaping reward              : -173.453
learning reward             : -173.453
episode length              : 106.0
abstract changes / episode  : 13.0
DFA transitions / episode   : 0.05
DFA transitions in window   : 1->2: 5
epsilon (next episode)       : 0.75574
replay buffer                : 70012 samples [1: 99.3%, 2: 0.7%, 3: 0.0%, 4: 0.0%]
DFA state visits in window   : 1: 10553, 2: 142, 3: 0, 4: 0
DFA state visits cumulative  : 1: 70224, 2: 488, 3: 0, 4: 0
DFA state entries in window  : 1: 100, 2: 5, 3: 0, 4: 0
DFA state entries cumulative : 1: 700, 2: 18, 3: 0, 4: 0
transitions cumulative       : 1->2: 18
accepted directly from s0    : 0
Gym endings cumulative       : terminated=700, truncated=0

[Episode 800/8000 | last 100]
success rate                : 0.0% (cumulative 0.0%)
failure rate                : 0.0% (cumulative 0.0%)
completed cycles / episode  : 0.000
synthetic task reward       : 0.000
shaping reward              : -155.200
learning reward             : -155.200
episode length              : 109.1
abstract changes / episode  : 12.8
DFA transitions / episode   : 0.05
DFA transitions in window   : 1->2: 5
epsilon (next episode)       : 0.72610
replay buffer                : 80922 samples [1: 99.3%, 2: 0.7%, 3: 0.0%, 4: 0.0%]
DFA state visits in window   : 1: 10894, 2: 116, 3: 0, 4: 0
DFA state visits cumulative  : 1: 81118, 2: 604, 3: 0, 4: 0
DFA state entries in window  : 1: 100, 2: 5, 3: 0, 4: 0
DFA state entries cumulative : 1: 800, 2: 23, 3: 0, 4: 0
transitions cumulative       : 1->2: 23
accepted directly from s0    : 0
Gym endings cumulative       : terminated=800, truncated=0

[Episode 900/8000 | last 100]
success rate                : 0.0% (cumulative 0.0%)
failure rate                : 0.0% (cumulative 0.0%)
completed cycles / episode  : 0.000
synthetic task reward       : 0.000
shaping reward              : -194.985
learning reward             : -194.985
episode length              : 113.4
abstract changes / episode  : 13.1
DFA transitions / episode   : 0.02
DFA transitions in window   : 1->2: 2
epsilon (next episode)       : 0.69763
replay buffer                : 92263 samples [1: 99.3%, 2: 0.7%, 3: 0.0%, 4: 0.0%]
DFA state visits in window   : 1: 11390, 2: 51, 3: 0, 4: 0
DFA state visits cumulative  : 1: 92508, 2: 655, 3: 0, 4: 0
DFA state entries in window  : 1: 100, 2: 2, 3: 0, 4: 0
DFA state entries cumulative : 1: 900, 2: 25, 3: 0, 4: 0
transitions cumulative       : 1->2: 25
accepted directly from s0    : 0
Gym endings cumulative       : terminated=900, truncated=0

[Episode 1000/8000 | last 100]
success rate                : 0.0% (cumulative 0.0%)
failure rate                : 0.0% (cumulative 0.0%)
completed cycles / episode  : 0.000
synthetic task reward       : 0.000
shaping reward              : -213.156
learning reward             : -213.156
episode length              : 118.1
abstract changes / episode  : 13.1
DFA transitions / episode   : 0.00
DFA transitions in window   : none
epsilon (next episode)       : 0.67027
replay buffer                : 104074 samples [1: 99.4%, 2: 0.6%, 3: 0.0%, 4: 0.0%]
DFA state visits in window   : 1: 11911, 2: 0, 3: 0, 4: 0
DFA state visits cumulative  : 1: 104419, 2: 655, 3: 0, 4: 0
DFA state entries in window  : 1: 100, 2: 0, 3: 0, 4: 0
DFA state entries cumulative : 1: 1000, 2: 25, 3: 0, 4: 0
transitions cumulative       : 1->2: 25
accepted directly from s0    : 0
Gym endings cumulative       : terminated=1000, truncated=0

Starting autonomous greedy evaluation at episode 1000 (1000 fixed-seed episodes)...
[Greedy evaluation at episode 1000 | 1000 fixed-seed episodes]
success=0.0%, failure=0.0%, task reward=0.000, length=148.8
DFA transitions: 1->2: 15
Best policy updated from autonomous greedy evaluation at episode 1000.

[Episode 1100/8000 | last 100]
success rate                : 0.0% (cumulative 0.0%)
failure rate                : 0.0% (cumulative 0.0%)
completed cycles / episode  : 0.000
synthetic task reward       : 0.000
shaping reward              : -171.277
learning reward             : -171.277
episode length              : 121.6
abstract changes / episode  : 13.4
DFA transitions / episode   : 0.01
DFA transitions in window   : 1->2: 1
epsilon (next episode)       : 0.64398
replay buffer                : 116232 samples [1: 99.4%, 2: 0.6%, 3: 0.0%, 4: 0.0%]
DFA state visits in window   : 1: 12224, 2: 34, 3: 0, 4: 0
DFA state visits cumulative  : 1: 116643, 2: 689, 3: 0, 4: 0
DFA state entries in window  : 1: 100, 2: 1, 3: 0, 4: 0
DFA state entries cumulative : 1: 1100, 2: 26, 3: 0, 4: 0
transitions cumulative       : 1->2: 26
accepted directly from s0    : 0
Gym endings cumulative       : terminated=1100, truncated=0

[Episode 1200/8000 | last 100]
success rate                : 0.0% (cumulative 0.0%)
failure rate                : 0.0% (cumulative 0.0%)
completed cycles / episode  : 0.000
synthetic task reward       : 0.000
shaping reward              : -147.318
learning reward             : -147.318
episode length              : 137.3
abstract changes / episode  : 12.4
DFA transitions / episode   : 0.03
DFA transitions in window   : 1->2: 3
epsilon (next episode)       : 0.61872
replay buffer                : 129959 samples [1: 99.4%, 2: 0.6%, 3: 0.0%, 4: 0.0%]
DFA state visits in window   : 1: 13742, 2: 85, 3: 0, 4: 0
DFA state visits cumulative  : 1: 130385, 2: 774, 3: 0, 4: 0
DFA state entries in window  : 1: 100, 2: 3, 3: 0, 4: 0
DFA state entries cumulative : 1: 1200, 2: 29, 3: 0, 4: 0
transitions cumulative       : 1->2: 29
accepted directly from s0    : 0
Gym endings cumulative       : terminated=1200, truncated=0

[Episode 1300/8000 | last 100]
success rate                : 0.0% (cumulative 0.0%)
failure rate                : 0.0% (cumulative 0.0%)
completed cycles / episode  : 0.000
synthetic task reward       : 0.000
shaping reward              : -113.234
learning reward             : -113.234
episode length              : 159.8
abstract changes / episode  : 13.3
DFA transitions / episode   : 0.10
DFA transitions in window   : 1->2: 10
epsilon (next episode)       : 0.59446
replay buffer                : 145942 samples [1: 99.3%, 2: 0.7%, 3: 0.0%, 4: 0.0%]
DFA state visits in window   : 1: 15791, 2: 292, 3: 0, 4: 0
DFA state visits cumulative  : 1: 146176, 2: 1066, 3: 0, 4: 0
DFA state entries in window  : 1: 100, 2: 10, 3: 0, 4: 0
DFA state entries cumulative : 1: 1300, 2: 39, 3: 0, 4: 0
transitions cumulative       : 1->2: 39
accepted directly from s0    : 0
Gym endings cumulative       : terminated=1300, truncated=0

[Episode 1400/8000 | last 100]
success rate                : 0.0% (cumulative 0.0%)
failure rate                : 0.0% (cumulative 0.0%)
completed cycles / episode  : 0.000
synthetic task reward       : 0.000
shaping reward              : -232.923
learning reward             : -232.923
episode length              : 199.6
abstract changes / episode  : 15.4
DFA transitions / episode   : 0.04
DFA transitions in window   : 1->2: 4
epsilon (next episode)       : 0.57115
replay buffer                : 165903 samples [1: 99.1%, 2: 0.9%, 3: 0.0%, 4: 0.0%]
DFA state visits in window   : 1: 19623, 2: 438, 3: 0, 4: 0
DFA state visits cumulative  : 1: 165799, 2: 1504, 3: 0, 4: 0
DFA state entries in window  : 1: 100, 2: 4, 3: 0, 4: 0
DFA state entries cumulative : 1: 1400, 2: 43, 3: 0, 4: 0
transitions cumulative       : 1->2: 43
accepted directly from s0    : 0
Gym endings cumulative       : terminated=1400, truncated=0

[Episode 1500/8000 | last 100]
success rate                : 0.0% (cumulative 0.0%)
failure rate                : 0.0% (cumulative 0.0%)
completed cycles / episode  : 0.000
synthetic task reward       : 0.000
shaping reward              : -203.716
learning reward             : -203.716
episode length              : 217.9
abstract changes / episode  : 14.8
DFA transitions / episode   : 0.07
DFA transitions in window   : 1->2: 7
epsilon (next episode)       : 0.54875
replay buffer                : 187694 samples [1: 98.8%, 2: 1.2%, 3: 0.0%, 4: 0.0%]
DFA state visits in window   : 1: 21167, 2: 724, 3: 0, 4: 0
DFA state visits cumulative  : 1: 186966, 2: 2228, 3: 0, 4: 0
DFA state entries in window  : 1: 100, 2: 7, 3: 0, 4: 0
DFA state entries cumulative : 1: 1500, 2: 50, 3: 0, 4: 0
transitions cumulative       : 1->2: 50
accepted directly from s0    : 0
Gym endings cumulative       : terminated=1500, truncated=0

[Episode 1600/8000 | last 100]
success rate                : 0.0% (cumulative 0.0%)
failure rate                : 0.0% (cumulative 0.0%)
completed cycles / episode  : 0.000
synthetic task reward       : 0.000
shaping reward              : -286.905
learning reward             : -286.905
episode length              : 159.6
abstract changes / episode  : 13.8
DFA transitions / episode   : 0.00
DFA transitions in window   : none
epsilon (next episode)       : 0.52722
replay buffer                : 203658 samples [1: 98.9%, 2: 1.1%, 3: 0.0%, 4: 0.0%]
DFA state visits in window   : 1: 16064, 2: 0, 3: 0, 4: 0
DFA state visits cumulative  : 1: 203030, 2: 2228, 3: 0, 4: 0
DFA state entries in window  : 1: 100, 2: 0, 3: 0, 4: 0
DFA state entries cumulative : 1: 1600, 2: 50, 3: 0, 4: 0
transitions cumulative       : 1->2: 50
accepted directly from s0    : 0
Gym endings cumulative       : terminated=1600, truncated=0

[Episode 1700/8000 | last 100]
success rate                : 0.0% (cumulative 0.0%)
failure rate                : 0.0% (cumulative 0.0%)
completed cycles / episode  : 0.000
synthetic task reward       : 0.000
shaping reward              : -230.572
learning reward             : -230.572
episode length              : 138.5
abstract changes / episode  : 13.6
DFA transitions / episode   : 0.00
DFA transitions in window   : none
epsilon (next episode)       : 0.50655
replay buffer                : 217509 samples [1: 99.0%, 2: 1.0%, 3: 0.0%, 4: 0.0%]
DFA state visits in window   : 1: 13951, 2: 0, 3: 0, 4: 0
DFA state visits cumulative  : 1: 216981, 2: 2228, 3: 0, 4: 0
DFA state entries in window  : 1: 100, 2: 0, 3: 0, 4: 0
DFA state entries cumulative : 1: 1700, 2: 50, 3: 0, 4: 0
transitions cumulative       : 1->2: 50
accepted directly from s0    : 0
Gym endings cumulative       : terminated=1700, truncated=0

[Episode 1800/8000 | last 100]
success rate                : 0.0% (cumulative 0.0%)
failure rate                : 0.0% (cumulative 0.0%)
completed cycles / episode  : 0.000
synthetic task reward       : 0.000
shaping reward              : -243.813
learning reward             : -243.813
episode length              : 192.8
abstract changes / episode  : 13.5
DFA transitions / episode   : 0.00
DFA transitions in window   : none
epsilon (next episode)       : 0.48668
replay buffer                : 236789 samples [1: 99.1%, 2: 0.9%, 3: 0.0%, 4: 0.0%]
DFA state visits in window   : 1: 19380, 2: 0, 3: 0, 4: 0
DFA state visits cumulative  : 1: 236361, 2: 2228, 3: 0, 4: 0
DFA state entries in window  : 1: 100, 2: 0, 3: 0, 4: 0
DFA state entries cumulative : 1: 1800, 2: 50, 3: 0, 4: 0
transitions cumulative       : 1->2: 50
accepted directly from s0    : 0
Gym endings cumulative       : terminated=1795, truncated=5

[Episode 1900/8000 | last 100]
success rate                : 0.0% (cumulative 0.0%)
failure rate                : 0.0% (cumulative 0.0%)
completed cycles / episode  : 0.000
synthetic task reward       : 0.000
shaping reward              : -227.149
learning reward             : -227.149
episode length              : 158.0
abstract changes / episode  : 13.0
DFA transitions / episode   : 0.00
DFA transitions in window   : none
epsilon (next episode)       : 0.46760
replay buffer                : 252593 samples [1: 99.1%, 2: 0.9%, 3: 0.0%, 4: 0.0%]
DFA state visits in window   : 1: 15904, 2: 0, 3: 0, 4: 0
DFA state visits cumulative  : 1: 252265, 2: 2228, 3: 0, 4: 0
DFA state entries in window  : 1: 100, 2: 0, 3: 0, 4: 0
DFA state entries cumulative : 1: 1900, 2: 50, 3: 0, 4: 0
transitions cumulative       : 1->2: 50
accepted directly from s0    : 0
Gym endings cumulative       : terminated=1890, truncated=10

[Episode 2000/8000 | last 100]
success rate                : 0.0% (cumulative 0.0%)
failure rate                : 0.0% (cumulative 0.0%)
completed cycles / episode  : 0.000
synthetic task reward       : 0.000
shaping reward              : -230.624
learning reward             : -230.624
episode length              : 244.4
abstract changes / episode  : 13.8
DFA transitions / episode   : 0.00
DFA transitions in window   : none
epsilon (next episode)       : 0.44926
replay buffer                : 277037 samples [1: 99.2%, 2: 0.8%, 3: 0.0%, 4: 0.0%]
DFA state visits in window   : 1: 24544, 2: 0, 3: 0, 4: 0
DFA state visits cumulative  : 1: 276809, 2: 2228, 3: 0, 4: 0
DFA state entries in window  : 1: 100, 2: 0, 3: 0, 4: 0
DFA state entries cumulative : 1: 2000, 2: 50, 3: 0, 4: 0
transitions cumulative       : 1->2: 50
accepted directly from s0    : 0
Gym endings cumulative       : terminated=1978, truncated=22

Starting autonomous greedy evaluation at episode 2000 (1000 fixed-seed episodes)...
[Greedy evaluation at episode 2000 | 1000 fixed-seed episodes]
success=0.0%, failure=0.0%, task reward=0.000, length=976.2
DFA transitions: none

[Episode 2100/8000 | last 100]
success rate                : 0.0% (cumulative 0.0%)
failure rate                : 0.0% (cumulative 0.0%)
completed cycles / episode  : 0.000
synthetic task reward       : 0.000
shaping reward              : -205.696
learning reward             : -205.696
episode length              : 168.9
abstract changes / episode  : 14.1
DFA transitions / episode   : 0.00
DFA transitions in window   : none
epsilon (next episode)       : 0.43164
replay buffer                : 293931 samples [1: 99.3%, 2: 0.7%, 3: 0.0%, 4: 0.0%]
DFA state visits in window   : 1: 16994, 2: 0, 3: 0, 4: 0
DFA state visits cumulative  : 1: 293803, 2: 2228, 3: 0, 4: 0
DFA state entries in window  : 1: 100, 2: 0, 3: 0, 4: 0
DFA state entries cumulative : 1: 2100, 2: 50, 3: 0, 4: 0
transitions cumulative       : 1->2: 50
accepted directly from s0    : 0
Gym endings cumulative       : terminated=2073, truncated=27

[Episode 2200/8000 | last 100]
success rate                : 0.0% (cumulative 0.0%)
failure rate                : 0.0% (cumulative 0.0%)
completed cycles / episode  : 0.000
synthetic task reward       : 0.000
shaping reward              : -158.190
learning reward             : -158.190
episode length              : 193.7
abstract changes / episode  : 15.2
DFA transitions / episode   : 0.04
DFA transitions in window   : 1->2: 4
epsilon (next episode)       : 0.41471
replay buffer                : 300000 samples [1: 99.2%, 2: 0.8%, 3: 0.0%, 4: 0.0%]
DFA state visits in window   : 1: 19285, 2: 183, 3: 0, 4: 0
DFA state visits cumulative  : 1: 313088, 2: 2411, 3: 0, 4: 0
DFA state entries in window  : 1: 100, 2: 4, 3: 0, 4: 0
DFA state entries cumulative : 1: 2200, 2: 54, 3: 0, 4: 0
transitions cumulative       : 1->2: 54
accepted directly from s0    : 0
Gym endings cumulative       : terminated=2173, truncated=27

[Episode 2300/8000 | last 100]
success rate                : 0.0% (cumulative 0.0%)
failure rate                : 0.0% (cumulative 0.0%)
completed cycles / episode  : 0.000
synthetic task reward       : 0.000
shaping reward              : -115.035
learning reward             : -115.035
episode length              : 327.4
abstract changes / episode  : 18.1
DFA transitions / episode   : 0.09
DFA transitions in window   : 1->2: 8, 2->3: 1
epsilon (next episode)       : 0.39845
replay buffer                : 300000 samples [1: 98.9%, 2: 1.1%, 3: 0.0%, 4: 0.0%]
DFA state visits in window   : 1: 31691, 2: 1129, 3: 21, 4: 0
DFA state visits cumulative  : 1: 344779, 2: 3540, 3: 21, 4: 0
DFA state entries in window  : 1: 100, 2: 8, 3: 1, 4: 0
DFA state entries cumulative : 1: 2300, 2: 62, 3: 1, 4: 0
transitions cumulative       : 1->2: 62, 2->3: 1
accepted directly from s0    : 0
Gym endings cumulative       : terminated=2272, truncated=28

[Episode 2400/8000 | last 100]
success rate                : 0.0% (cumulative 0.0%)
failure rate                : 0.0% (cumulative 0.0%)
completed cycles / episode  : 0.000
synthetic task reward       : 0.000
shaping reward              : -217.624
learning reward             : -217.624
episode length              : 369.3
abstract changes / episode  : 26.9
DFA transitions / episode   : 0.02
DFA transitions in window   : 1->2: 1, 2->3: 1
epsilon (next episode)       : 0.38282
replay buffer                : 300000 samples [1: 98.9%, 2: 1.0%, 3: 0.1%, 4: 0.0%]
DFA state visits in window   : 1: 36655, 2: 150, 3: 227, 4: 0
DFA state visits cumulative  : 1: 381434, 2: 3690, 3: 248, 4: 0
DFA state entries in window  : 1: 100, 2: 1, 3: 1, 4: 0
DFA state entries cumulative : 1: 2400, 2: 63, 3: 2, 4: 0
transitions cumulative       : 1->2: 63, 2->3: 2
accepted directly from s0    : 0
Gym endings cumulative       : terminated=2366, truncated=34

[Episode 2500/8000 | last 100]
success rate                : 0.0% (cumulative 0.0%)
failure rate                : 0.0% (cumulative 0.0%)
completed cycles / episode  : 0.000
synthetic task reward       : 0.000
shaping reward              : -145.446
learning reward             : -145.446
episode length              : 330.7
abstract changes / episode  : 24.6
DFA transitions / episode   : 0.09
DFA transitions in window   : 1->2: 6, 2->3: 3
epsilon (next episode)       : 0.36781
replay buffer                : 300000 samples [1: 98.7%, 2: 1.2%, 3: 0.1%, 4: 0.0%]
DFA state visits in window   : 1: 32506, 2: 631, 3: 37, 4: 0
DFA state visits cumulative  : 1: 413940, 2: 4321, 3: 285, 4: 0
DFA state entries in window  : 1: 100, 2: 6, 3: 3, 4: 0
DFA state entries cumulative : 1: 2500, 2: 69, 3: 5, 4: 0
transitions cumulative       : 1->2: 69, 2->3: 5
accepted directly from s0    : 0
Gym endings cumulative       : terminated=2460, truncated=40

[Episode 2600/8000 | last 100]
success rate                : 0.0% (cumulative 0.0%)
failure rate                : 0.0% (cumulative 0.0%)
completed cycles / episode  : 0.000
synthetic task reward       : 0.000
shaping reward              : -60.965
learning reward             : -60.965
episode length              : 290.6
abstract changes / episode  : 22.3
DFA transitions / episode   : 0.14
DFA transitions in window   : 1->2: 14
epsilon (next episode)       : 0.35338
replay buffer                : 300000 samples [1: 98.4%, 2: 1.6%, 3: 0.1%, 4: 0.0%]
DFA state visits in window   : 1: 27764, 2: 1400, 3: 0, 4: 0
DFA state visits cumulative  : 1: 441704, 2: 5721, 3: 285, 4: 0
DFA state entries in window  : 1: 100, 2: 14, 3: 0, 4: 0
DFA state entries cumulative : 1: 2600, 2: 83, 3: 5, 4: 0
transitions cumulative       : 1->2: 83, 2->3: 5
accepted directly from s0    : 0
Gym endings cumulative       : terminated=2556, truncated=44

[Episode 2700/8000 | last 100]
success rate                : 0.0% (cumulative 0.0%)
failure rate                : 0.0% (cumulative 0.0%)
completed cycles / episode  : 0.000
synthetic task reward       : 0.000
shaping reward              : 123.063
learning reward             : 123.063
episode length              : 368.7
abstract changes / episode  : 27.1
DFA transitions / episode   : 0.38
DFA transitions in window   : 1->2: 31, 2->3: 7
epsilon (next episode)       : 0.33952
replay buffer                : 300000 samples [1: 96.7%, 2: 2.6%, 3: 0.7%, 4: 0.0%]
DFA state visits in window   : 1: 30876, 2: 4227, 3: 1863, 4: 0
DFA state visits cumulative  : 1: 472580, 2: 9948, 3: 2148, 4: 0
DFA state entries in window  : 1: 100, 2: 31, 3: 7, 4: 0
DFA state entries cumulative : 1: 2700, 2: 114, 3: 12, 4: 0
transitions cumulative       : 1->2: 114, 2->3: 12
accepted directly from s0    : 0
Gym endings cumulative       : terminated=2650, truncated=50

[Episode 2800/8000 | last 100]
success rate                : 0.0% (cumulative 0.0%)
failure rate                : 0.0% (cumulative 0.0%)
completed cycles / episode  : 0.000
synthetic task reward       : 0.000
shaping reward              : 296.081
learning reward             : 296.081
episode length              : 460.3
abstract changes / episode  : 28.5
DFA transitions / episode   : 0.69
DFA transitions in window   : 1->2: 48, 2->3: 21
epsilon (next episode)       : 0.32621
replay buffer                : 300000 samples [1: 90.8%, 2: 6.8%, 3: 2.4%, 4: 0.0%]
DFA state visits in window   : 1: 28350, 2: 12708, 3: 5069, 4: 0
DFA state visits cumulative  : 1: 500930, 2: 22656, 3: 7217, 4: 0
DFA state entries in window  : 1: 100, 2: 48, 3: 21, 4: 0
DFA state entries cumulative : 1: 2800, 2: 162, 3: 33, 4: 0
transitions cumulative       : 1->2: 162, 2->3: 33
accepted directly from s0    : 0
Gym endings cumulative       : terminated=2729, truncated=71

[Episode 2900/8000 | last 100]
success rate                : 1.0% (cumulative 0.0%)
failure rate                : 0.0% (cumulative 0.0%)
completed cycles / episode  : 0.000
synthetic task reward       : 100.000
shaping reward              : 240.699
learning reward             : 340.699
episode length              : 411.0
abstract changes / episode  : 27.5
DFA transitions / episode   : 0.54
DFA transitions in window   : 1->2: 38, 2->3: 15, 3->4: 1
epsilon (next episode)       : 0.31341
replay buffer                : 300000 samples [1: 87.0%, 2: 9.9%, 3: 3.1%, 4: 0.0%]
DFA state visits in window   : 1: 29589, 2: 9502, 3: 2108, 4: 1
DFA state visits cumulative  : 1: 530519, 2: 32158, 3: 9325, 4: 1
DFA state entries in window  : 1: 100, 2: 38, 3: 15, 4: 1
DFA state entries cumulative : 1: 2900, 2: 200, 3: 48, 4: 1
transitions cumulative       : 1->2: 200, 2->3: 48, 3->4: 1
accepted directly from s0    : 0
Gym endings cumulative       : terminated=2819, truncated=80

[Episode 3000/8000 | last 100]
success rate                : 0.0% (cumulative 0.0%)
failure rate                : 0.0% (cumulative 0.0%)
completed cycles / episode  : 0.000
synthetic task reward       : 0.000
shaping reward              : 183.022
learning reward             : 183.022
episode length              : 334.7
abstract changes / episode  : 25.9
DFA transitions / episode   : 0.46
DFA transitions in window   : 1->2: 35, 2->3: 11
epsilon (next episode)       : 0.30112
replay buffer                : 300000 samples [1: 84.5%, 2: 12.2%, 3: 3.3%, 4: 0.0%]
DFA state visits in window   : 1: 26097, 2: 6729, 3: 748, 4: 0
DFA state visits cumulative  : 1: 556616, 2: 38887, 3: 10073, 4: 1
DFA state entries in window  : 1: 100, 2: 35, 3: 11, 4: 0
DFA state entries cumulative : 1: 3000, 2: 235, 3: 59, 4: 1
transitions cumulative       : 1->2: 235, 2->3: 59, 3->4: 1
accepted directly from s0    : 0
Gym endings cumulative       : terminated=2914, truncated=85

Starting autonomous greedy evaluation at episode 3000 (1000 fixed-seed episodes)...
[Greedy evaluation at episode 3000 | 1000 fixed-seed episodes]
success=2.8%, failure=0.0%, task reward=280.000, length=688.8
DFA transitions: 1->2: 988, 2->3: 705, 3->4: 28
Best policy updated from autonomous greedy evaluation at episode 3000.

[Episode 3100/8000 | last 100]
success rate                : 2.0% (cumulative 0.1%)
failure rate                : 0.0% (cumulative 0.0%)
completed cycles / episode  : 0.000
synthetic task reward       : 200.000
shaping reward              : 274.976
learning reward             : 474.976
episode length              : 347.8
abstract changes / episode  : 27.5
DFA transitions / episode   : 0.48
DFA transitions in window   : 1->2: 33, 2->3: 13, 3->4: 2
epsilon (next episode)       : 0.28931
replay buffer                : 300000 samples [1: 82.1%, 2: 14.1%, 3: 3.9%, 4: 0.0%]
DFA state visits in window   : 1: 26795, 2: 6442, 3: 1644, 4: 2
DFA state visits cumulative  : 1: 583411, 2: 45329, 3: 11717, 4: 3
DFA state entries in window  : 1: 100, 2: 33, 3: 13, 4: 2
DFA state entries cumulative : 1: 3100, 2: 268, 3: 72, 4: 3
transitions cumulative       : 1->2: 268, 2->3: 72, 3->4: 3
accepted directly from s0    : 0
Gym endings cumulative       : terminated=3005, truncated=92

[Episode 3200/8000 | last 100]
success rate                : 1.0% (cumulative 0.1%)
failure rate                : 0.0% (cumulative 0.0%)
completed cycles / episode  : 0.000
synthetic task reward       : 100.000
shaping reward              : 324.729
learning reward             : 424.729
episode length              : 374.0
abstract changes / episode  : 30.2
DFA transitions / episode   : 0.60
DFA transitions in window   : 1->2: 40, 2->3: 19, 3->4: 1
epsilon (next episode)       : 0.27797
replay buffer                : 300000 samples [1: 78.8%, 2: 16.3%, 3: 4.9%, 4: 0.0%]
DFA state visits in window   : 1: 26781, 2: 7406, 3: 3314, 4: 1
DFA state visits cumulative  : 1: 610192, 2: 52735, 3: 15031, 4: 4
DFA state entries in window  : 1: 100, 2: 40, 3: 19, 4: 1
DFA state entries cumulative : 1: 3200, 2: 308, 3: 91, 4: 4
transitions cumulative       : 1->2: 308, 2->3: 91, 3->4: 4
accepted directly from s0    : 0
Gym endings cumulative       : terminated=3099, truncated=97

[Episode 3300/8000 | last 100]
success rate                : 0.0% (cumulative 0.1%)
failure rate                : 0.0% (cumulative 0.0%)
completed cycles / episode  : 0.000
synthetic task reward       : 0.000
shaping reward              : 362.003
learning reward             : 362.003
episode length              : 334.5
abstract changes / episode  : 26.3
DFA transitions / episode   : 0.74
DFA transitions in window   : 1->2: 51, 2->3: 23
epsilon (next episode)       : 0.26706
replay buffer                : 300000 samples [1: 75.2%, 2: 18.6%, 3: 6.1%, 4: 0.0%]
DFA state visits in window   : 1: 22124, 2: 7619, 3: 3807, 4: 0
DFA state visits cumulative  : 1: 632316, 2: 60354, 3: 18838, 4: 4
DFA state entries in window  : 1: 100, 2: 51, 3: 23, 4: 0
DFA state entries cumulative : 1: 3300, 2: 359, 3: 114, 4: 4
transitions cumulative       : 1->2: 359, 2->3: 114, 3->4: 4
accepted directly from s0    : 0
Gym endings cumulative       : terminated=3197, truncated=99

[Episode 3400/8000 | last 100]
success rate                : 2.0% (cumulative 0.2%)
failure rate                : 0.0% (cumulative 0.0%)
completed cycles / episode  : 0.000
synthetic task reward       : 200.000
shaping reward              : 546.063
learning reward             : 746.063
episode length              : 428.5
abstract changes / episode  : 31.9
DFA transitions / episode   : 1.08
DFA transitions in window   : 1->2: 66, 2->3: 40, 3->4: 2
epsilon (next episode)       : 0.25659
replay buffer                : 300000 samples [1: 68.2%, 2: 22.1%, 3: 9.7%, 4: 0.0%]
DFA state visits in window   : 1: 19632, 2: 12460, 3: 10860, 4: 2
DFA state visits cumulative  : 1: 651948, 2: 72814, 3: 29698, 4: 6
DFA state entries in window  : 1: 100, 2: 66, 3: 40, 4: 2
DFA state entries cumulative : 1: 3400, 2: 425, 3: 154, 4: 6
transitions cumulative       : 1->2: 425, 2->3: 154, 3->4: 6
accepted directly from s0    : 0
Gym endings cumulative       : terminated=3288, truncated=106

[Episode 3500/8000 | last 100]
success rate                : 14.0% (cumulative 0.6%)
failure rate                : 0.0% (cumulative 0.0%)
completed cycles / episode  : 0.000
synthetic task reward       : 1400.000
shaping reward              : 642.640
learning reward             : 2042.640
episode length              : 471.9
abstract changes / episode  : 34.9
DFA transitions / episode   : 1.32
DFA transitions in window   : 1->2: 69, 2->3: 49, 3->4: 14
epsilon (next episode)       : 0.24653
replay buffer                : 300000 samples [1: 63.8%, 2: 24.0%, 3: 12.2%, 4: 0.0%]
DFA state visits in window   : 1: 23072, 2: 12838, 3: 11363, 4: 14
DFA state visits cumulative  : 1: 675020, 2: 85652, 3: 41061, 4: 20
DFA state entries in window  : 1: 100, 2: 69, 3: 49, 4: 14
DFA state entries cumulative : 1: 3500, 2: 494, 3: 203, 4: 20
transitions cumulative       : 1->2: 494, 2->3: 203, 3->4: 20
accepted directly from s0    : 0
Gym endings cumulative       : terminated=3364, truncated=116

[Episode 3600/8000 | last 100]
success rate                : 16.0% (cumulative 1.0%)
failure rate                : 0.0% (cumulative 0.0%)
completed cycles / episode  : 0.000
synthetic task reward       : 1600.000
shaping reward              : 531.049
learning reward             : 2131.049
episode length              : 506.5
abstract changes / episode  : 33.6
DFA transitions / episode   : 1.14
DFA transitions in window   : 1->2: 58, 2->3: 40, 3->4: 16
epsilon (next episode)       : 0.23686
replay buffer                : 300000 samples [1: 63.0%, 2: 23.4%, 3: 13.7%, 4: 0.0%]
DFA state visits in window   : 1: 29582, 2: 12437, 3: 8712, 4: 16
DFA state visits cumulative  : 1: 704602, 2: 98089, 3: 49773, 4: 36
DFA state entries in window  : 1: 100, 2: 58, 3: 40, 4: 16
DFA state entries cumulative : 1: 3600, 2: 552, 3: 243, 4: 36
transitions cumulative       : 1->2: 552, 2->3: 243, 3->4: 36
accepted directly from s0    : 0
Gym endings cumulative       : terminated=3435, truncated=129

[Episode 3700/8000 | last 100]
success rate                : 13.0% (cumulative 1.3%)
failure rate                : 0.0% (cumulative 0.0%)
completed cycles / episode  : 0.000
synthetic task reward       : 1300.000
shaping reward              : 551.225
learning reward             : 1851.225
episode length              : 424.1
abstract changes / episode  : 29.0
DFA transitions / episode   : 1.14
DFA transitions in window   : 1->2: 54, 2->3: 47, 3->4: 13
epsilon (next episode)       : 0.22757
replay buffer                : 300000 samples [1: 59.1%, 2: 24.6%, 3: 16.3%, 4: 0.0%]
DFA state visits in window   : 1: 21433, 2: 11903, 3: 9160, 4: 13
DFA state visits cumulative  : 1: 726035, 2: 109992, 3: 58933, 4: 49
DFA state entries in window  : 1: 100, 2: 54, 3: 47, 4: 13
DFA state entries cumulative : 1: 3700, 2: 606, 3: 290, 4: 49
transitions cumulative       : 1->2: 606, 2->3: 290, 3->4: 49
accepted directly from s0    : 0
Gym endings cumulative       : terminated=3515, truncated=136

[Episode 3800/8000 | last 100]
success rate                : 25.0% (cumulative 1.9%)
failure rate                : 0.0% (cumulative 0.0%)
completed cycles / episode  : 0.000
synthetic task reward       : 2500.000
shaping reward              : 702.484
learning reward             : 3202.484
episode length              : 421.1
abstract changes / episode  : 29.6
DFA transitions / episode   : 1.42
DFA transitions in window   : 1->2: 64, 2->3: 53, 3->4: 25
epsilon (next episode)       : 0.21865
replay buffer                : 300000 samples [1: 55.4%, 2: 25.8%, 3: 18.9%, 4: 0.0%]
DFA state visits in window   : 1: 20122, 2: 12521, 3: 9545, 4: 25
DFA state visits cumulative  : 1: 746157, 2: 122513, 3: 68478, 4: 74
DFA state entries in window  : 1: 100, 2: 64, 3: 53, 4: 25
DFA state entries cumulative : 1: 3800, 2: 670, 3: 343, 4: 74
transitions cumulative       : 1->2: 670, 2->3: 343, 3->4: 74
accepted directly from s0    : 0
Gym endings cumulative       : terminated=3587, truncated=139

[Episode 3900/8000 | last 100]
success rate                : 15.0% (cumulative 2.3%)
failure rate                : 0.0% (cumulative 0.0%)
completed cycles / episode  : 0.000
synthetic task reward       : 1500.000
shaping reward              : 568.601
learning reward             : 2068.601
episode length              : 327.8
abstract changes / episode  : 26.5
DFA transitions / episode   : 1.14
DFA transitions in window   : 1->2: 67, 2->3: 32, 3->4: 15
epsilon (next episode)       : 0.21007
replay buffer                : 300000 samples [1: 53.1%, 2: 27.3%, 3: 19.7%, 4: 0.0%]
DFA state visits in window   : 1: 17897, 2: 10099, 3: 4870, 4: 15
DFA state visits cumulative  : 1: 764054, 2: 132612, 3: 73348, 4: 89
DFA state entries in window  : 1: 100, 2: 67, 3: 32, 4: 15
DFA state entries cumulative : 1: 3900, 2: 737, 3: 375, 4: 89
transitions cumulative       : 1->2: 737, 2->3: 375, 3->4: 89
accepted directly from s0    : 0
Gym endings cumulative       : terminated=3672, truncated=139

[Episode 4000/8000 | last 100]
success rate                : 14.0% (cumulative 2.6%)
failure rate                : 0.0% (cumulative 0.0%)
completed cycles / episode  : 0.000
synthetic task reward       : 1400.000
shaping reward              : 391.497
learning reward             : 1791.497
episode length              : 321.9
abstract changes / episode  : 22.4
DFA transitions / episode   : 0.83
DFA transitions in window   : 1->2: 37, 2->3: 32, 3->4: 14
epsilon (next episode)       : 0.20183
replay buffer                : 300000 samples [1: 52.4%, 2: 27.7%, 3: 19.9%, 4: 0.0%]
DFA state visits in window   : 1: 19705, 2: 8473, 3: 4093, 4: 14
DFA state visits cumulative  : 1: 783759, 2: 141085, 3: 77441, 4: 103
DFA state entries in window  : 1: 100, 2: 37, 3: 32, 4: 14
DFA state entries cumulative : 1: 4000, 2: 774, 3: 407, 4: 103
transitions cumulative       : 1->2: 774, 2->3: 407, 3->4: 103
accepted directly from s0    : 0
Gym endings cumulative       : terminated=3756, truncated=141

Starting autonomous greedy evaluation at episode 4000 (1000 fixed-seed episodes)...
[Greedy evaluation at episode 4000 | 1000 fixed-seed episodes]
success=1.3%, failure=0.0%, task reward=130.000, length=643.3
DFA transitions: 1->2: 380, 2->3: 26, 3->4: 13

[Episode 4100/8000 | last 100]
success rate                : 29.0% (cumulative 3.2%)
failure rate                : 0.0% (cumulative 0.0%)
completed cycles / episode  : 0.000
synthetic task reward       : 2900.000
shaping reward              : 583.157
learning reward             : 3483.157
episode length              : 411.6
abstract changes / episode  : 32.4
DFA transitions / episode   : 1.40
DFA transitions in window   : 1->2: 60, 2->3: 51, 3->4: 29
epsilon (next episode)       : 0.19392
replay buffer                : 300000 samples [1: 53.7%, 2: 26.1%, 3: 20.1%, 4: 0.0%]
DFA state visits in window   : 1: 25218, 2: 7926, 3: 8087, 4: 29
DFA state visits cumulative  : 1: 808977, 2: 149011, 3: 85528, 4: 132
DFA state entries in window  : 1: 100, 2: 60, 3: 51, 4: 29
DFA state entries cumulative : 1: 4100, 2: 834, 3: 458, 4: 132
transitions cumulative       : 1->2: 834, 2->3: 458, 3->4: 132
accepted directly from s0    : 0
Gym endings cumulative       : terminated=3826, truncated=142

[Episode 4200/8000 | last 100]
success rate                : 31.0% (cumulative 3.9%)
failure rate                : 0.0% (cumulative 0.0%)
completed cycles / episode  : 0.000
synthetic task reward       : 3100.000
shaping reward              : 585.747
learning reward             : 3685.747
episode length              : 387.0
abstract changes / episode  : 29.3
DFA transitions / episode   : 1.41
DFA transitions in window   : 1->2: 60, 2->3: 50, 3->4: 31
epsilon (next episode)       : 0.18631
replay buffer                : 300000 samples [1: 55.4%, 2: 26.0%, 3: 18.7%, 4: 0.0%]
DFA state visits in window   : 1: 22976, 2: 8117, 3: 7676, 4: 31
DFA state visits cumulative  : 1: 831953, 2: 157128, 3: 93204, 4: 163
DFA state entries in window  : 1: 100, 2: 60, 3: 50, 4: 31
DFA state entries cumulative : 1: 4200, 2: 894, 3: 508, 4: 163
transitions cumulative       : 1->2: 894, 2->3: 508, 3->4: 163
accepted directly from s0    : 0
Gym endings cumulative       : terminated=3891, truncated=146

[Episode 4300/8000 | last 100]
success rate                : 39.0% (cumulative 4.7%)
failure rate                : 0.0% (cumulative 0.0%)
completed cycles / episode  : 0.000
synthetic task reward       : 3900.000
shaping reward              : 760.041
learning reward             : 4660.041
episode length              : 374.6
abstract changes / episode  : 30.3
DFA transitions / episode   : 1.68
DFA transitions in window   : 1->2: 69, 2->3: 60, 3->4: 39
epsilon (next episode)       : 0.17900
replay buffer                : 300000 samples [1: 55.7%, 2: 25.6%, 3: 18.7%, 4: 0.0%]
DFA state visits in window   : 1: 18985, 2: 10294, 3: 8238, 4: 39
DFA state visits cumulative  : 1: 850938, 2: 167422, 3: 101442, 4: 202
DFA state entries in window  : 1: 100, 2: 69, 3: 60, 4: 39
DFA state entries cumulative : 1: 4300, 2: 963, 3: 568, 4: 202
transitions cumulative       : 1->2: 963, 2->3: 568, 3->4: 202
accepted directly from s0    : 0
Gym endings cumulative       : terminated=3951, truncated=147

[Episode 4400/8000 | last 100]
success rate                : 52.0% (cumulative 5.8%)
failure rate                : 0.0% (cumulative 0.0%)
completed cycles / episode  : 0.000
synthetic task reward       : 5200.000
shaping reward              : 857.378
learning reward             : 6057.378
episode length              : 393.2
abstract changes / episode  : 32.0
DFA transitions / episode   : 1.93
DFA transitions in window   : 1->2: 72, 2->3: 69, 3->4: 52
epsilon (next episode)       : 0.17198
replay buffer                : 300000 samples [1: 54.1%, 2: 25.8%, 3: 20.1%, 4: 0.0%]
DFA state visits in window   : 1: 20115, 2: 9338, 3: 9918, 4: 52
DFA state visits cumulative  : 1: 871053, 2: 176760, 3: 111360, 4: 254
DFA state entries in window  : 1: 100, 2: 72, 3: 69, 4: 52
DFA state entries cumulative : 1: 4400, 2: 1035, 3: 637, 4: 254
transitions cumulative       : 1->2: 1035, 2->3: 637, 3->4: 254
accepted directly from s0    : 0
Gym endings cumulative       : terminated=3998, truncated=148

[Episode 4500/8000 | last 100]
success rate                : 41.0% (cumulative 6.6%)
failure rate                : 0.0% (cumulative 0.0%)
completed cycles / episode  : 0.000
synthetic task reward       : 4100.000
shaping reward              : 669.148
learning reward             : 4769.148
episode length              : 344.7
abstract changes / episode  : 28.8
DFA transitions / episode   : 1.56
DFA transitions in window   : 1->2: 61, 2->3: 54, 3->4: 41
epsilon (next episode)       : 0.16524
replay buffer                : 300000 samples [1: 55.4%, 2: 24.9%, 3: 19.7%, 4: 0.0%]
DFA state visits in window   : 1: 20894, 2: 7323, 3: 6315, 4: 41
DFA state visits cumulative  : 1: 891947, 2: 184083, 3: 117675, 4: 295
DFA state entries in window  : 1: 100, 2: 61, 3: 54, 4: 41
DFA state entries cumulative : 1: 4500, 2: 1096, 3: 691, 4: 295
transitions cumulative       : 1->2: 1096, 2->3: 691, 3->4: 295
accepted directly from s0    : 0
Gym endings cumulative       : terminated=4056, truncated=149

[Episode 4600/8000 | last 100]
success rate                : 37.0% (cumulative 7.2%)
failure rate                : 0.0% (cumulative 0.0%)
completed cycles / episode  : 0.000
synthetic task reward       : 3700.000
shaping reward              : 655.471
learning reward             : 4355.471
episode length              : 348.3
abstract changes / episode  : 29.3
DFA transitions / episode   : 1.51
DFA transitions in window   : 1->2: 62, 2->3: 52, 3->4: 37
epsilon (next episode)       : 0.15876
replay buffer                : 300000 samples [1: 56.7%, 2: 24.1%, 3: 19.1%, 4: 0.0%]
DFA state visits in window   : 1: 20770, 2: 7784, 3: 6338, 4: 37
DFA state visits cumulative  : 1: 912717, 2: 191867, 3: 124013, 4: 332
DFA state entries in window  : 1: 100, 2: 62, 3: 52, 4: 37
DFA state entries cumulative : 1: 4600, 2: 1158, 3: 743, 4: 332
transitions cumulative       : 1->2: 1158, 2->3: 743, 3->4: 332
accepted directly from s0    : 0
Gym endings cumulative       : terminated=4118, truncated=150

[Episode 4700/8000 | last 100]
success rate                : 64.0% (cumulative 8.4%)
failure rate                : 0.0% (cumulative 0.0%)
completed cycles / episode  : 0.000
synthetic task reward       : 6400.000
shaping reward              : 936.387
learning reward             : 7336.387
episode length              : 355.7
abstract changes / episode  : 32.2
DFA transitions / episode   : 2.17
DFA transitions in window   : 1->2: 78, 2->3: 75, 3->4: 64
epsilon (next episode)       : 0.15253
replay buffer                : 300000 samples [1: 56.2%, 2: 23.7%, 3: 20.1%, 4: 0.0%]
DFA state visits in window   : 1: 17016, 2: 10301, 3: 8291, 4: 64
DFA state visits cumulative  : 1: 929733, 2: 202168, 3: 132304, 4: 396
DFA state entries in window  : 1: 100, 2: 78, 3: 75, 4: 64
DFA state entries cumulative : 1: 4700, 2: 1236, 3: 818, 4: 396
transitions cumulative       : 1->2: 1236, 2->3: 818, 3->4: 396
accepted directly from s0    : 0
Gym endings cumulative       : terminated=4154, truncated=150

[Episode 4800/8000 | last 100]
success rate                : 65.0% (cumulative 9.6%)
failure rate                : 0.0% (cumulative 0.0%)
completed cycles / episode  : 0.000
synthetic task reward       : 6500.000
shaping reward              : 950.300
learning reward             : 7450.300
episode length              : 359.1
abstract changes / episode  : 31.6
DFA transitions / episode   : 2.10
DFA transitions in window   : 1->2: 74, 2->3: 71, 3->4: 65
epsilon (next episode)       : 0.14655
replay buffer                : 300000 samples [1: 54.9%, 2: 24.0%, 3: 21.1%, 4: 0.0%]
DFA state visits in window   : 1: 17527, 2: 10243, 3: 8177, 4: 65
DFA state visits cumulative  : 1: 947260, 2: 212411, 3: 140481, 4: 461
DFA state entries in window  : 1: 100, 2: 74, 3: 71, 4: 65
DFA state entries cumulative : 1: 4800, 2: 1310, 3: 889, 4: 461
transitions cumulative       : 1->2: 1310, 2->3: 889, 3->4: 461
accepted directly from s0    : 0
Gym endings cumulative       : terminated=4189, truncated=150

[Episode 4900/8000 | last 100]
success rate                : 66.0% (cumulative 10.8%)
failure rate                : 0.0% (cumulative 0.0%)
completed cycles / episode  : 0.000
synthetic task reward       : 6600.000
shaping reward              : 983.519
learning reward             : 7583.519
episode length              : 364.4
abstract changes / episode  : 30.7
DFA transitions / episode   : 2.14
DFA transitions in window   : 1->2: 78, 2->3: 70, 3->4: 66
epsilon (next episode)       : 0.14080
replay buffer                : 300000 samples [1: 54.0%, 2: 25.0%, 3: 21.1%, 4: 0.0%]
DFA state visits in window   : 1: 19141, 2: 10369, 3: 6960, 4: 66
DFA state visits cumulative  : 1: 966401, 2: 222780, 3: 147441, 4: 527
DFA state entries in window  : 1: 100, 2: 78, 3: 70, 4: 66
DFA state entries cumulative : 1: 4900, 2: 1388, 3: 959, 4: 527
transitions cumulative       : 1->2: 1388, 2->3: 959, 3->4: 527
accepted directly from s0    : 0
Gym endings cumulative       : terminated=4223, truncated=150

[Episode 5000/8000 | last 100]
success rate                : 62.0% (cumulative 11.8%)
failure rate                : 0.0% (cumulative 0.0%)
completed cycles / episode  : 0.000
synthetic task reward       : 6200.000
shaping reward              : 966.654
learning reward             : 7166.654
episode length              : 366.6
abstract changes / episode  : 31.6
DFA transitions / episode   : 2.12
DFA transitions in window   : 1->2: 80, 2->3: 70, 3->4: 62
epsilon (next episode)       : 0.13528
replay buffer                : 300000 samples [1: 52.5%, 2: 26.6%, 3: 21.0%, 4: 0.0%]
DFA state visits in window   : 1: 16373, 2: 12738, 3: 7592, 4: 62
DFA state visits cumulative  : 1: 982774, 2: 235518, 3: 155033, 4: 589
DFA state entries in window  : 1: 100, 2: 80, 3: 70, 4: 62
DFA state entries cumulative : 1: 5000, 2: 1468, 3: 1029, 4: 589
transitions cumulative       : 1->2: 1468, 2->3: 1029, 3->4: 589
accepted directly from s0    : 0
Gym endings cumulative       : terminated=4260, truncated=151

Starting autonomous greedy evaluation at episode 5000 (1000 fixed-seed episodes)...
[Greedy evaluation at episode 5000 | 1000 fixed-seed episodes]
success=56.8%, failure=0.0%, task reward=5680.000, length=361.6
DFA transitions: 1->2: 719, 2->3: 583, 3->4: 568
Best policy updated from autonomous greedy evaluation at episode 5000.

[Episode 5100/8000 | last 100]
success rate                : 58.0% (cumulative 12.7%)
failure rate                : 0.0% (cumulative 0.0%)
completed cycles / episode  : 0.000
synthetic task reward       : 5800.000
shaping reward              : 858.188
learning reward             : 6658.188
episode length              : 344.0
abstract changes / episode  : 29.6
DFA transitions / episode   : 1.96
DFA transitions in window   : 1->2: 76, 2->3: 62, 3->4: 58
epsilon (next episode)       : 0.12998
replay buffer                : 300000 samples [1: 51.8%, 2: 27.2%, 3: 21.0%, 4: 0.0%]
DFA state visits in window   : 1: 17530, 2: 10376, 3: 6534, 4: 58
DFA state visits cumulative  : 1: 1000304, 2: 245894, 3: 161567, 4: 647
DFA state entries in window  : 1: 100, 2: 76, 3: 62, 4: 58
DFA state entries cumulative : 1: 5100, 2: 1544, 3: 1091, 4: 647
transitions cumulative       : 1->2: 1544, 2->3: 1091, 3->4: 647
accepted directly from s0    : 0
Gym endings cumulative       : terminated=4301, truncated=152

[Episode 5200/8000 | last 100]
success rate                : 66.0% (cumulative 13.7%)
failure rate                : 0.0% (cumulative 0.0%)
completed cycles / episode  : 0.000
synthetic task reward       : 6600.000
shaping reward              : 956.171
learning reward             : 7556.171
episode length              : 394.9
abstract changes / episode  : 31.6
DFA transitions / episode   : 2.11
DFA transitions in window   : 1->2: 76, 2->3: 69, 3->4: 66
epsilon (next episode)       : 0.12488
replay buffer                : 300000 samples [1: 52.8%, 2: 27.2%, 3: 20.1%, 4: 0.0%]
DFA state visits in window   : 1: 23506, 2: 9543, 3: 6475, 4: 66
DFA state visits cumulative  : 1: 1023810, 2: 255437, 3: 168042, 4: 713
DFA state entries in window  : 1: 100, 2: 76, 3: 69, 4: 66
DFA state entries cumulative : 1: 5200, 2: 1620, 3: 1160, 4: 713
transitions cumulative       : 1->2: 1620, 2->3: 1160, 3->4: 713
accepted directly from s0    : 0
Gym endings cumulative       : terminated=4333, truncated=154

[Episode 5300/8000 | last 100]
success rate                : 69.0% (cumulative 14.8%)
failure rate                : 0.0% (cumulative 0.0%)
completed cycles / episode  : 0.000
synthetic task reward       : 6900.000
shaping reward              : 1004.005
learning reward             : 7904.005
episode length              : 348.7
abstract changes / episode  : 31.1
DFA transitions / episode   : 2.34
DFA transitions in window   : 1->2: 86, 2->3: 79, 3->4: 69
epsilon (next episode)       : 0.11998
replay buffer                : 300000 samples [1: 51.6%, 2: 28.2%, 3: 20.2%, 4: 0.0%]
DFA state visits in window   : 1: 16613, 2: 10560, 3: 7725, 4: 69
DFA state visits cumulative  : 1: 1040423, 2: 265997, 3: 175767, 4: 782
DFA state entries in window  : 1: 100, 2: 86, 3: 79, 4: 69
DFA state entries cumulative : 1: 5300, 2: 1706, 3: 1239, 4: 782
transitions cumulative       : 1->2: 1706, 2->3: 1239, 3->4: 782
accepted directly from s0    : 0
Gym endings cumulative       : terminated=4364, truncated=154

[Episode 5400/8000 | last 100]
success rate                : 52.0% (cumulative 15.4%)
failure rate                : 0.0% (cumulative 0.0%)
completed cycles / episode  : 0.000
synthetic task reward       : 5200.000
shaping reward              : 784.121
learning reward             : 5984.121
episode length              : 368.9
abstract changes / episode  : 31.5
DFA transitions / episode   : 1.85
DFA transitions in window   : 1->2: 69, 2->3: 64, 3->4: 52
epsilon (next episode)       : 0.11528
replay buffer                : 300000 samples [1: 51.0%, 2: 28.7%, 3: 20.2%, 4: 0.0%]
DFA state visits in window   : 1: 20092, 2: 9781, 3: 7065, 4: 52
DFA state visits cumulative  : 1: 1060515, 2: 275778, 3: 182832, 4: 834
DFA state entries in window  : 1: 100, 2: 69, 3: 64, 4: 52
DFA state entries cumulative : 1: 5400, 2: 1775, 3: 1303, 4: 834
transitions cumulative       : 1->2: 1775, 2->3: 1303, 3->4: 834
accepted directly from s0    : 0
Gym endings cumulative       : terminated=4411, truncated=155

[Episode 5500/8000 | last 100]
success rate                : 45.0% (cumulative 16.0%)
failure rate                : 0.0% (cumulative 0.0%)
completed cycles / episode  : 0.000
synthetic task reward       : 4500.000
shaping reward              : 845.603
learning reward             : 5345.603
episode length              : 384.8
abstract changes / episode  : 33.6
DFA transitions / episode   : 1.88
DFA transitions in window   : 1->2: 76, 2->3: 67, 3->4: 45
epsilon (next episode)       : 0.11075
replay buffer                : 300000 samples [1: 50.9%, 2: 29.2%, 3: 19.9%, 4: 0.0%]
DFA state visits in window   : 1: 19218, 2: 11997, 3: 7322, 4: 45
DFA state visits cumulative  : 1: 1079733, 2: 287775, 3: 190154, 4: 879
DFA state entries in window  : 1: 100, 2: 76, 3: 67, 4: 45
DFA state entries cumulative : 1: 5500, 2: 1851, 3: 1370, 4: 879
transitions cumulative       : 1->2: 1851, 2->3: 1370, 3->4: 879
accepted directly from s0    : 0
Gym endings cumulative       : terminated=4465, truncated=156

[Episode 5600/8000 | last 100]
success rate                : 47.0% (cumulative 16.5%)
failure rate                : 0.0% (cumulative 0.0%)
completed cycles / episode  : 0.000
synthetic task reward       : 4700.000
shaping reward              : 795.595
learning reward             : 5495.595
episode length              : 350.0
abstract changes / episode  : 31.0
DFA transitions / episode   : 1.77
DFA transitions in window   : 1->2: 69, 2->3: 61, 3->4: 47
epsilon (next episode)       : 0.10641
replay buffer                : 300000 samples [1: 51.7%, 2: 29.0%, 3: 19.2%, 4: 0.0%]
DFA state visits in window   : 1: 18997, 2: 9879, 3: 6176, 4: 47
DFA state visits cumulative  : 1: 1098730, 2: 297654, 3: 196330, 4: 926
DFA state entries in window  : 1: 100, 2: 69, 3: 61, 4: 47
DFA state entries cumulative : 1: 5600, 2: 1920, 3: 1431, 4: 926
transitions cumulative       : 1->2: 1920, 2->3: 1431, 3->4: 926
accepted directly from s0    : 0
Gym endings cumulative       : terminated=4516, truncated=158

[Episode 5700/8000 | last 100]
success rate                : 40.0% (cumulative 16.9%)
failure rate                : 0.0% (cumulative 0.0%)
completed cycles / episode  : 0.000
synthetic task reward       : 4000.000
shaping reward              : 713.096
learning reward             : 4713.096
episode length              : 351.5
abstract changes / episode  : 29.9
DFA transitions / episode   : 1.59
DFA transitions in window   : 1->2: 66, 2->3: 53, 3->4: 40
epsilon (next episode)       : 0.10224
replay buffer                : 300000 samples [1: 51.7%, 2: 28.7%, 3: 19.6%, 4: 0.0%]
DFA state visits in window   : 1: 18537, 2: 8374, 3: 8295, 4: 40
DFA state visits cumulative  : 1: 1117267, 2: 306028, 3: 204625, 4: 966
DFA state entries in window  : 1: 100, 2: 66, 3: 53, 4: 40
DFA state entries cumulative : 1: 5700, 2: 1986, 3: 1484, 4: 966
transitions cumulative       : 1->2: 1986, 2->3: 1484, 3->4: 966
accepted directly from s0    : 0
Gym endings cumulative       : terminated=4574, truncated=160

[Episode 5800/8000 | last 100]
success rate                : 48.0% (cumulative 17.5%)
failure rate                : 0.0% (cumulative 0.0%)
completed cycles / episode  : 0.000
synthetic task reward       : 4800.000
shaping reward              : 866.202
learning reward             : 5666.202
episode length              : 339.2
abstract changes / episode  : 30.5
DFA transitions / episode   : 1.93
DFA transitions in window   : 1->2: 78, 2->3: 67, 3->4: 48
epsilon (next episode)       : 0.09823
replay buffer                : 300000 samples [1: 51.6%, 2: 28.0%, 3: 20.4%, 4: 0.0%]
DFA state visits in window   : 1: 15118, 2: 9852, 3: 9005, 4: 48
DFA state visits cumulative  : 1: 1132385, 2: 315880, 3: 213630, 4: 1014
DFA state entries in window  : 1: 100, 2: 78, 3: 67, 4: 48
DFA state entries cumulative : 1: 5800, 2: 2064, 3: 1551, 4: 1014
transitions cumulative       : 1->2: 2064, 2->3: 1551, 3->4: 1014
accepted directly from s0    : 0
Gym endings cumulative       : terminated=4624, truncated=162

[Episode 5900/8000 | last 100]
success rate                : 54.0% (cumulative 18.1%)
failure rate                : 0.0% (cumulative 0.0%)
completed cycles / episode  : 0.000
synthetic task reward       : 5400.000
shaping reward              : 950.058
learning reward             : 6350.058
episode length              : 367.2
abstract changes / episode  : 33.9
DFA transitions / episode   : 2.11
DFA transitions in window   : 1->2: 86, 2->3: 71, 3->4: 54
epsilon (next episode)       : 0.09438
replay buffer                : 300000 samples [1: 51.8%, 2: 27.9%, 3: 20.3%, 4: 0.0%]
DFA state visits in window   : 1: 17447, 2: 11669, 3: 7648, 4: 54
DFA state visits cumulative  : 1: 1149832, 2: 327549, 3: 221278, 4: 1068
DFA state entries in window  : 1: 100, 2: 86, 3: 71, 4: 54
DFA state entries cumulative : 1: 5900, 2: 2150, 3: 1622, 4: 1068
transitions cumulative       : 1->2: 2150, 2->3: 1622, 3->4: 1068
accepted directly from s0    : 0
Gym endings cumulative       : terminated=4670, truncated=162

[Episode 6000/8000 | last 100]
success rate                : 33.0% (cumulative 18.4%)
failure rate                : 0.0% (cumulative 0.0%)
completed cycles / episode  : 0.000
synthetic task reward       : 3300.000
shaping reward              : 445.279
learning reward             : 3745.279
episode length              : 288.6
abstract changes / episode  : 22.9
DFA transitions / episode   : 1.27
DFA transitions in window   : 1->2: 52, 2->3: 42, 3->4: 33
epsilon (next episode)       : 0.09067
replay buffer                : 300000 samples [1: 51.3%, 2: 28.5%, 3: 20.2%, 4: 0.0%]
DFA state visits in window   : 1: 16635, 2: 7899, 3: 4395, 4: 33
DFA state visits cumulative  : 1: 1166467, 2: 335448, 3: 225673, 4: 1101
DFA state entries in window  : 1: 100, 2: 52, 3: 42, 4: 33
DFA state entries cumulative : 1: 6000, 2: 2202, 3: 1664, 4: 1101
transitions cumulative       : 1->2: 2202, 2->3: 1664, 3->4: 1101
accepted directly from s0    : 0
Gym endings cumulative       : terminated=4736, truncated=163

Starting autonomous greedy evaluation at episode 6000 (1000 fixed-seed episodes)...
[Greedy evaluation at episode 6000 | 1000 fixed-seed episodes]
success=11.4%, failure=0.0%, task reward=1140.000, length=364.1
DFA transitions: 1->2: 371, 2->3: 179, 3->4: 114

[Episode 6100/8000 | last 100]
success rate                : 29.0% (cumulative 18.5%)
failure rate                : 0.0% (cumulative 0.0%)
completed cycles / episode  : 0.000
synthetic task reward       : 2900.000
shaping reward              : 417.776
learning reward             : 3317.776
episode length              : 315.9
abstract changes / episode  : 23.4
DFA transitions / episode   : 1.13
DFA transitions in window   : 1->2: 47, 2->3: 37, 3->4: 29
epsilon (next episode)       : 0.08712
replay buffer                : 300000 samples [1: 52.0%, 2: 28.1%, 3: 19.9%, 4: 0.0%]
DFA state visits in window   : 1: 19235, 2: 8000, 3: 4425, 4: 29
DFA state visits cumulative  : 1: 1185702, 2: 343448, 3: 230098, 4: 1130
DFA state entries in window  : 1: 100, 2: 47, 3: 37, 4: 29
DFA state entries cumulative : 1: 6100, 2: 2249, 3: 1701, 4: 1130
transitions cumulative       : 1->2: 2249, 2->3: 1701, 3->4: 1130
accepted directly from s0    : 0
Gym endings cumulative       : terminated=4807, truncated=163

[Episode 6200/8000 | last 100]
success rate                : 67.0% (cumulative 19.3%)
failure rate                : 0.0% (cumulative 0.0%)
completed cycles / episode  : 0.000
synthetic task reward       : 6700.000
shaping reward              : 1014.239
learning reward             : 7714.239
episode length              : 395.1
abstract changes / episode  : 33.0
DFA transitions / episode   : 2.31
DFA transitions in window   : 1->2: 87, 2->3: 77, 3->4: 67
epsilon (next episode)       : 0.08370
replay buffer                : 300000 samples [1: 51.9%, 2: 28.4%, 3: 19.7%, 4: 0.0%]
DFA state visits in window   : 1: 18297, 2: 13119, 3: 8122, 4: 67
DFA state visits cumulative  : 1: 1203999, 2: 356567, 3: 238220, 4: 1197
DFA state entries in window  : 1: 100, 2: 87, 3: 77, 4: 67
DFA state entries cumulative : 1: 6200, 2: 2336, 3: 1778, 4: 1197
transitions cumulative       : 1->2: 2336, 2->3: 1778, 3->4: 1197
accepted directly from s0    : 0
Gym endings cumulative       : terminated=4838, truncated=165

[Episode 6300/8000 | last 100]
success rate                : 70.0% (cumulative 20.1%)
failure rate                : 0.0% (cumulative 0.0%)
completed cycles / episode  : 0.000
synthetic task reward       : 7000.000
shaping reward              : 995.199
learning reward             : 7995.199
episode length              : 344.1
abstract changes / episode  : 30.7
DFA transitions / episode   : 2.28
DFA transitions in window   : 1->2: 84, 2->3: 74, 3->4: 70
epsilon (next episode)       : 0.08042
replay buffer                : 300000 samples [1: 50.9%, 2: 29.2%, 3: 19.9%, 4: 0.0%]
DFA state visits in window   : 1: 17205, 2: 10756, 3: 6482, 4: 70
DFA state visits cumulative  : 1: 1221204, 2: 367323, 3: 244702, 4: 1267
DFA state entries in window  : 1: 100, 2: 84, 3: 74, 4: 70
DFA state entries cumulative : 1: 6300, 2: 2420, 3: 1852, 4: 1267
transitions cumulative       : 1->2: 2420, 2->3: 1852, 3->4: 1267
accepted directly from s0    : 0
Gym endings cumulative       : terminated=4867, truncated=166

[Episode 6400/8000 | last 100]
success rate                : 53.0% (cumulative 20.6%)
failure rate                : 0.0% (cumulative 0.0%)
completed cycles / episode  : 0.000
synthetic task reward       : 5300.000
shaping reward              : 804.509
learning reward             : 6104.509
episode length              : 311.1
abstract changes / episode  : 28.9
DFA transitions / episode   : 1.84
DFA transitions in window   : 1->2: 73, 2->3: 58, 3->4: 53
epsilon (next episode)       : 0.07727
replay buffer                : 300000 samples [1: 50.8%, 2: 29.7%, 3: 19.5%, 4: 0.0%]
DFA state visits in window   : 1: 14758, 2: 11014, 3: 5388, 4: 53
DFA state visits cumulative  : 1: 1235962, 2: 378337, 3: 250090, 4: 1320
DFA state entries in window  : 1: 100, 2: 73, 3: 58, 4: 53
DFA state entries cumulative : 1: 6400, 2: 2493, 3: 1910, 4: 1320
transitions cumulative       : 1->2: 2493, 2->3: 1910, 3->4: 1320
accepted directly from s0    : 0
Gym endings cumulative       : terminated=4914, truncated=166

[Episode 6500/8000 | last 100]
success rate                : 55.0% (cumulative 21.2%)
failure rate                : 0.0% (cumulative 0.0%)
completed cycles / episode  : 0.000
synthetic task reward       : 5500.000
shaping reward              : 811.640
learning reward             : 6311.640
episode length              : 351.2
abstract changes / episode  : 27.8
DFA transitions / episode   : 1.89
DFA transitions in window   : 1->2: 75, 2->3: 59, 3->4: 55
epsilon (next episode)       : 0.07423
replay buffer                : 300000 samples [1: 50.9%, 2: 29.5%, 3: 19.6%, 4: 0.0%]
DFA state visits in window   : 1: 19801, 2: 9346, 3: 6015, 4: 55
DFA state visits cumulative  : 1: 1255763, 2: 387683, 3: 256105, 4: 1375
DFA state entries in window  : 1: 100, 2: 75, 3: 59, 4: 55
DFA state entries cumulative : 1: 6500, 2: 2568, 3: 1969, 4: 1375
transitions cumulative       : 1->2: 2568, 2->3: 1969, 3->4: 1375
accepted directly from s0    : 0
Gym endings cumulative       : terminated=4957, truncated=168

[Episode 6600/8000 | last 100]
success rate                : 51.0% (cumulative 21.6%)
failure rate                : 0.0% (cumulative 0.0%)
completed cycles / episode  : 0.000
synthetic task reward       : 5100.000
shaping reward              : 784.347
learning reward             : 5884.347
episode length              : 326.5
abstract changes / episode  : 27.1
DFA transitions / episode   : 1.79
DFA transitions in window   : 1->2: 68, 2->3: 60, 3->4: 51
epsilon (next episode)       : 0.07132
replay buffer                : 300000 samples [1: 51.6%, 2: 29.8%, 3: 18.6%, 4: 0.0%]
DFA state visits in window   : 1: 18765, 2: 8908, 3: 5024, 4: 51
DFA state visits cumulative  : 1: 1274528, 2: 396591, 3: 261129, 4: 1426
DFA state entries in window  : 1: 100, 2: 68, 3: 60, 4: 51
DFA state entries cumulative : 1: 6600, 2: 2636, 3: 2029, 4: 1426
transitions cumulative       : 1->2: 2636, 2->3: 2029, 3->4: 1426
accepted directly from s0    : 0
Gym endings cumulative       : terminated=5006, truncated=168

[Episode 6700/8000 | last 100]
success rate                : 65.0% (cumulative 22.3%)
failure rate                : 0.0% (cumulative 0.0%)
completed cycles / episode  : 0.000
synthetic task reward       : 6500.000
shaping reward              : 1012.445
learning reward             : 7512.445
episode length              : 360.7
abstract changes / episode  : 31.7
DFA transitions / episode   : 2.19
DFA transitions in window   : 1->2: 79, 2->3: 75, 3->4: 65
epsilon (next episode)       : 0.06853
replay buffer                : 300000 samples [1: 53.0%, 2: 29.3%, 3: 17.7%, 4: 0.0%]
DFA state visits in window   : 1: 20202, 2: 9083, 3: 6823, 4: 65
DFA state visits cumulative  : 1: 1294730, 2: 405674, 3: 267952, 4: 1491
DFA state entries in window  : 1: 100, 2: 79, 3: 75, 4: 65
DFA state entries cumulative : 1: 6700, 2: 2715, 3: 2104, 4: 1491
transitions cumulative       : 1->2: 2715, 2->3: 2104, 3->4: 1491
accepted directly from s0    : 0
Gym endings cumulative       : terminated=5041, truncated=168

[Episode 6800/8000 | last 100]
success rate                : 67.0% (cumulative 22.9%)
failure rate                : 0.0% (cumulative 0.0%)
completed cycles / episode  : 0.000
synthetic task reward       : 6700.000
shaping reward              : 1032.009
learning reward             : 7732.009
episode length              : 345.9
abstract changes / episode  : 32.6
DFA transitions / episode   : 2.32
DFA transitions in window   : 1->2: 87, 2->3: 78, 3->4: 67
epsilon (next episode)       : 0.06584
replay buffer                : 300000 samples [1: 53.2%, 2: 28.9%, 3: 17.9%, 4: 0.0%]
DFA state visits in window   : 1: 16993, 2: 9839, 3: 7793, 4: 67
DFA state visits cumulative  : 1: 1311723, 2: 415513, 3: 275745, 4: 1558
DFA state entries in window  : 1: 100, 2: 87, 3: 78, 4: 67
DFA state entries cumulative : 1: 6800, 2: 2802, 3: 2182, 4: 1558
transitions cumulative       : 1->2: 2802, 2->3: 2182, 3->4: 1558
accepted directly from s0    : 0
Gym endings cumulative       : terminated=5074, truncated=168

[Episode 6900/8000 | last 100]
success rate                : 67.0% (cumulative 23.6%)
failure rate                : 0.0% (cumulative 0.0%)
completed cycles / episode  : 0.000
synthetic task reward       : 6700.000
shaping reward              : 942.256
learning reward             : 7642.256
episode length              : 303.2
abstract changes / episode  : 28.8
DFA transitions / episode   : 2.11
DFA transitions in window   : 1->2: 75, 2->3: 69, 3->4: 67
epsilon (next episode)       : 0.06326
replay buffer                : 300000 samples [1: 52.7%, 2: 28.7%, 3: 18.6%, 4: 0.0%]
DFA state visits in window   : 1: 16457, 2: 7616, 3: 6282, 4: 67
DFA state visits cumulative  : 1: 1328180, 2: 423129, 3: 282027, 4: 1625
DFA state entries in window  : 1: 100, 2: 75, 3: 69, 4: 67
DFA state entries cumulative : 1: 6900, 2: 2877, 3: 2251, 4: 1625
transitions cumulative       : 1->2: 2877, 2->3: 2251, 3->4: 1625
accepted directly from s0    : 0
Gym endings cumulative       : terminated=5107, truncated=168

[Episode 7000/8000 | last 100]
success rate                : 69.0% (cumulative 24.2%)
failure rate                : 0.0% (cumulative 0.0%)
completed cycles / episode  : 0.000
synthetic task reward       : 6900.000
shaping reward              : 974.044
learning reward             : 7874.044
episode length              : 297.8
abstract changes / episode  : 28.2
DFA transitions / episode   : 2.16
DFA transitions in window   : 1->2: 77, 2->3: 70, 3->4: 69
epsilon (next episode)       : 0.06078
replay buffer                : 300000 samples [1: 52.1%, 2: 28.7%, 3: 19.2%, 4: 0.0%]
DFA state visits in window   : 1: 15621, 2: 7745, 3: 6445, 4: 69
DFA state visits cumulative  : 1: 1343801, 2: 430874, 3: 288472, 4: 1694
DFA state entries in window  : 1: 100, 2: 77, 3: 70, 4: 69
DFA state entries cumulative : 1: 7000, 2: 2954, 3: 2321, 4: 1694
transitions cumulative       : 1->2: 2954, 2->3: 2321, 3->4: 1694
accepted directly from s0    : 0
Gym endings cumulative       : terminated=5138, truncated=168

Starting autonomous greedy evaluation at episode 7000 (1000 fixed-seed episodes)...
[Greedy evaluation at episode 7000 | 1000 fixed-seed episodes]
success=78.8%, failure=0.0%, task reward=7880.000, length=298.4
DFA transitions: 1->2: 837, 2->3: 799, 3->4: 788
Best policy updated from autonomous greedy evaluation at episode 7000.

[Episode 7100/8000 | last 100]
success rate                : 66.0% (cumulative 24.8%)
failure rate                : 0.0% (cumulative 0.0%)
completed cycles / episode  : 0.000
synthetic task reward       : 6600.000
shaping reward              : 966.680
learning reward             : 7566.680
episode length              : 332.8
abstract changes / episode  : 30.5
DFA transitions / episode   : 2.16
DFA transitions in window   : 1->2: 80, 2->3: 70, 3->4: 66
epsilon (next episode)       : 0.05839
replay buffer                : 300000 samples [1: 52.6%, 2: 27.8%, 3: 19.6%, 4: 0.0%]
DFA state visits in window   : 1: 16926, 2: 8281, 3: 8105, 4: 66
DFA state visits cumulative  : 1: 1360727, 2: 439155, 3: 296577, 4: 1760
DFA state entries in window  : 1: 100, 2: 80, 3: 70, 4: 66
DFA state entries cumulative : 1: 7100, 2: 3034, 3: 2391, 4: 1760
transitions cumulative       : 1->2: 3034, 2->3: 2391, 3->4: 1760
accepted directly from s0    : 0
Gym endings cumulative       : terminated=5171, truncated=169

[Episode 7200/8000 | last 100]
success rate                : 68.0% (cumulative 25.4%)
failure rate                : 0.0% (cumulative 0.0%)
completed cycles / episode  : 0.000
synthetic task reward       : 6800.000
shaping reward              : 1021.489
learning reward             : 7821.489
episode length              : 390.0
abstract changes / episode  : 35.7
DFA transitions / episode   : 2.29
DFA transitions in window   : 1->2: 86, 2->3: 75, 3->4: 68
epsilon (next episode)       : 0.05610
replay buffer                : 300000 samples [1: 52.5%, 2: 27.9%, 3: 19.6%, 4: 0.0%]
DFA state visits in window   : 1: 19159, 2: 12615, 3: 7261, 4: 68
DFA state visits cumulative  : 1: 1379886, 2: 451770, 3: 303838, 4: 1828
DFA state entries in window  : 1: 100, 2: 86, 3: 75, 4: 68
DFA state entries cumulative : 1: 7200, 2: 3120, 3: 2466, 4: 1828
transitions cumulative       : 1->2: 3120, 2->3: 2466, 3->4: 1828
accepted directly from s0    : 0
Gym endings cumulative       : terminated=5203, truncated=169

[Episode 7300/8000 | last 100]
success rate                : 73.0% (cumulative 26.0%)
failure rate                : 0.0% (cumulative 0.0%)
completed cycles / episode  : 0.000
synthetic task reward       : 7300.000
shaping reward              : 1043.269
learning reward             : 8343.269
episode length              : 346.5
abstract changes / episode  : 33.2
DFA transitions / episode   : 2.38
DFA transitions in window   : 1->2: 85, 2->3: 80, 3->4: 73
epsilon (next episode)       : 0.05390
replay buffer                : 300000 samples [1: 52.5%, 2: 27.8%, 3: 19.8%, 4: 0.0%]
DFA state visits in window   : 1: 16714, 2: 11083, 3: 6882, 4: 73
DFA state visits cumulative  : 1: 1396600, 2: 462853, 3: 310720, 4: 1901
DFA state entries in window  : 1: 100, 2: 85, 3: 80, 4: 73
DFA state entries cumulative : 1: 7300, 2: 3205, 3: 2546, 4: 1901
transitions cumulative       : 1->2: 3205, 2->3: 2546, 3->4: 1901
accepted directly from s0    : 0
Gym endings cumulative       : terminated=5229, truncated=170

[Episode 7400/8000 | last 100]
success rate                : 65.0% (cumulative 26.6%)
failure rate                : 0.0% (cumulative 0.0%)
completed cycles / episode  : 0.000
synthetic task reward       : 6500.000
shaping reward              : 944.962
learning reward             : 7444.962
episode length              : 349.2
abstract changes / episode  : 32.7
DFA transitions / episode   : 2.12
DFA transitions in window   : 1->2: 76, 2->3: 71, 3->4: 65
epsilon (next episode)       : 0.05179
replay buffer                : 300000 samples [1: 52.4%, 2: 27.5%, 3: 20.0%, 4: 0.0%]
DFA state visits in window   : 1: 20231, 2: 8573, 3: 6147, 4: 65
DFA state visits cumulative  : 1: 1416831, 2: 471426, 3: 316867, 4: 1966
DFA state entries in window  : 1: 100, 2: 76, 3: 71, 4: 65
DFA state entries cumulative : 1: 7400, 2: 3281, 3: 2617, 4: 1966
transitions cumulative       : 1->2: 3281, 2->3: 2617, 3->4: 1966
accepted directly from s0    : 0
Gym endings cumulative       : terminated=5264, truncated=170

[Episode 7500/8000 | last 100]
success rate                : 60.0% (cumulative 27.0%)
failure rate                : 0.0% (cumulative 0.0%)
completed cycles / episode  : 0.000
synthetic task reward       : 6000.000
shaping reward              : 870.497
learning reward             : 6870.497
episode length              : 388.9
abstract changes / episode  : 36.0
DFA transitions / episode   : 2.00
DFA transitions in window   : 1->2: 73, 2->3: 67, 3->4: 60
epsilon (next episode)       : 0.04976
replay buffer                : 300000 samples [1: 52.8%, 2: 27.2%, 3: 20.0%, 4: 0.0%]
DFA state visits in window   : 1: 22688, 2: 9694, 3: 6545, 4: 60
DFA state visits cumulative  : 1: 1439519, 2: 481120, 3: 323412, 4: 2026
DFA state entries in window  : 1: 100, 2: 73, 3: 67, 4: 60
DFA state entries cumulative : 1: 7500, 2: 3354, 3: 2684, 4: 2026
transitions cumulative       : 1->2: 3354, 2->3: 2684, 3->4: 2026
accepted directly from s0    : 0
Gym endings cumulative       : terminated=5304, truncated=170

[Episode 7600/8000 | last 100]
success rate                : 53.0% (cumulative 27.4%)
failure rate                : 0.0% (cumulative 0.0%)
completed cycles / episode  : 0.000
synthetic task reward       : 5300.000
shaping reward              : 915.208
learning reward             : 6215.208
episode length              : 378.3
abstract changes / episode  : 34.4
DFA transitions / episode   : 2.03
DFA transitions in window   : 1->2: 80, 2->3: 70, 3->4: 53
epsilon (next episode)       : 0.04781
replay buffer                : 300000 samples [1: 52.4%, 2: 28.1%, 3: 19.6%, 4: 0.0%]
DFA state visits in window   : 1: 19209, 2: 12452, 3: 6220, 4: 53
DFA state visits cumulative  : 1: 1458728, 2: 493572, 3: 329632, 4: 2079
DFA state entries in window  : 1: 100, 2: 80, 3: 70, 4: 53
DFA state entries cumulative : 1: 7600, 2: 3434, 3: 2754, 4: 2079
transitions cumulative       : 1->2: 3434, 2->3: 2754, 3->4: 2079
accepted directly from s0    : 0
Gym endings cumulative       : terminated=5351, truncated=170

[Episode 7700/8000 | last 100]
success rate                : 69.0% (cumulative 27.9%)
failure rate                : 0.0% (cumulative 0.0%)
completed cycles / episode  : 0.000
synthetic task reward       : 6900.000
shaping reward              : 996.644
learning reward             : 7896.644
episode length              : 351.3
abstract changes / episode  : 34.0
DFA transitions / episode   : 2.27
DFA transitions in window   : 1->2: 82, 2->3: 76, 3->4: 69
epsilon (next episode)       : 0.04593
replay buffer                : 300000 samples [1: 53.0%, 2: 27.9%, 3: 19.1%, 4: 0.0%]
DFA state visits in window   : 1: 19255, 2: 9276, 3: 6633, 4: 69
DFA state visits cumulative  : 1: 1477983, 2: 502848, 3: 336265, 4: 2148
DFA state entries in window  : 1: 100, 2: 82, 3: 76, 4: 69
DFA state entries cumulative : 1: 7700, 2: 3516, 3: 2830, 4: 2148
transitions cumulative       : 1->2: 3516, 2->3: 2830, 3->4: 2148
accepted directly from s0    : 0
Gym endings cumulative       : terminated=5382, truncated=170

[Episode 7800/8000 | last 100]
success rate                : 78.0% (cumulative 28.5%)
failure rate                : 0.0% (cumulative 0.0%)
completed cycles / episode  : 0.000
synthetic task reward       : 7800.000
shaping reward              : 1190.475
learning reward             : 8990.475
episode length              : 371.2
abstract changes / episode  : 35.6
DFA transitions / episode   : 2.63
DFA transitions in window   : 1->2: 95, 2->3: 90, 3->4: 78
epsilon (next episode)       : 0.04413
replay buffer                : 300000 samples [1: 52.0%, 2: 28.4%, 3: 19.6%, 4: 0.0%]
DFA state visits in window   : 1: 16730, 2: 11110, 3: 9301, 4: 78
DFA state visits cumulative  : 1: 1494713, 2: 513958, 3: 345566, 4: 2226
DFA state entries in window  : 1: 100, 2: 95, 3: 90, 4: 78
DFA state entries cumulative : 1: 7800, 2: 3611, 3: 2920, 4: 2226
transitions cumulative       : 1->2: 3611, 2->3: 2920, 3->4: 2226
accepted directly from s0    : 0
Gym endings cumulative       : terminated=5403, truncated=171

[Episode 7900/8000 | last 100]
success rate                : 40.0% (cumulative 28.7%)
failure rate                : 0.0% (cumulative 0.0%)
completed cycles / episode  : 0.000
synthetic task reward       : 4000.000
shaping reward              : 552.164
learning reward             : 4552.164
episode length              : 371.5
abstract changes / episode  : 31.3
DFA transitions / episode   : 1.42
DFA transitions in window   : 1->2: 53, 2->3: 49, 3->4: 40
epsilon (next episode)       : 0.04240
replay buffer                : 300000 samples [1: 54.5%, 2: 27.5%, 3: 18.0%, 4: 0.0%]
DFA state visits in window   : 1: 26619, 2: 6388, 3: 4204, 4: 40
DFA state visits cumulative  : 1: 1521332, 2: 520346, 3: 349770, 4: 2266
DFA state entries in window  : 1: 100, 2: 53, 3: 49, 4: 40
DFA state entries cumulative : 1: 7900, 2: 3664, 3: 2969, 4: 2266
transitions cumulative       : 1->2: 3664, 2->3: 2969, 3->4: 2266
accepted directly from s0    : 0
Gym endings cumulative       : terminated=5462, truncated=172

[Episode 8000/8000 | last 100]
success rate                : 47.0% (cumulative 28.9%)
failure rate                : 0.0% (cumulative 0.0%)
completed cycles / episode  : 0.000
synthetic task reward       : 4700.000
shaping reward              : 696.060
learning reward             : 5396.060
episode length              : 350.2
abstract changes / episode  : 30.0
DFA transitions / episode   : 1.68
DFA transitions in window   : 1->2: 65, 2->3: 56, 3->4: 47
epsilon (next episode)       : 0.04074
replay buffer                : 300000 samples [1: 54.8%, 2: 27.0%, 3: 18.2%, 4: 0.0%]
DFA state visits in window   : 1: 19245, 2: 9160, 3: 6669, 4: 47
DFA state visits cumulative  : 1: 1540577, 2: 529506, 3: 356439, 4: 2313
DFA state entries in window  : 1: 100, 2: 65, 3: 56, 4: 47
DFA state entries cumulative : 1: 8000, 2: 3729, 3: 3025, 4: 2313
transitions cumulative       : 1->2: 3729, 2->3: 3025, 3->4: 2313
accepted directly from s0    : 0
Gym endings cumulative       : terminated=5512, truncated=175

Starting autonomous greedy evaluation at episode 8000 (1000 fixed-seed episodes)...
[Greedy evaluation at episode 8000 | 1000 fixed-seed episodes]
success=65.6%, failure=0.0%, task reward=6560.000, length=326.8
DFA transitions: 1->2: 742, 2->3: 693, 3->4: 656
Last policy saved after episode 8000. Best greedy evaluation: episode 7000, mean task reward=7880.000
