
=== NEW RUN ===
episodes=8000, shaping=True, goal_reward=10000.0, gamma=0.99
gamma_shaping=1.0, shaping_formula=gamma_shaping*Phi(next)-Phi(state)
eval_interval=500, eval_episodes=1000, eval_seed=100000
inter_level_shaping=False, inter_level_formula=gamma*Phi(next)-Phi(state)
formula=F(wp1 & X(F(g1)))
regions={wp1: {'center': [-0.75, 1.0625], 'radius': 0.1}, g1: {'center': [0.75, 1.0625], 'radius': 0.1}}
dfa_states=[1, 2, 3], pre_trace=1, accepting=[3], failure=[]

[Episode 1/8000 | last 1]
success rate                : 0.0% (cumulative 0.0%)
failure rate                : 0.0% (cumulative 0.0%)
synthetic task reward       : 0.000
shaping reward              : -189.247
learning reward             : -189.247
episode length              : 123.0
abstract changes / episode  : 7.0
DFA transitions / episode   : 0.00
DFA transitions in window   : none
epsilon (next episode)       : 0.99960
replay buffer                : 123 samples [1: 100.0%, 2: 0.0%, 3: 0.0%]
DFA state visits in window   : 1: 124, 2: 0, 3: 0
DFA state visits cumulative  : 1: 124, 2: 0, 3: 0
DFA state entries in window  : 1: 1, 2: 0, 3: 0
DFA state entries cumulative : 1: 1, 2: 0, 3: 0
transitions cumulative       : none
accepted directly from s0    : 0
Gym endings cumulative       : terminated=1, truncated=0

[Episode 100/8000 | last 100]
success rate                : 0.0% (cumulative 0.0%)
failure rate                : 0.0% (cumulative 0.0%)
synthetic task reward       : 0.000
shaping reward              : -232.522
learning reward             : -232.522
episode length              : 92.4
abstract changes / episode  : 5.9
DFA transitions / episode   : 0.01
DFA transitions in window   : 1->2: 1
epsilon (next episode)       : 0.96078
replay buffer                : 9239 samples [1: 99.6%, 2: 0.4%, 3: 0.0%]
DFA state visits in window   : 1: 9299, 2: 40, 3: 0
DFA state visits cumulative  : 1: 9299, 2: 40, 3: 0
DFA state entries in window  : 1: 100, 2: 1, 3: 0
DFA state entries cumulative : 1: 100, 2: 1, 3: 0
transitions cumulative       : 1->2: 1
accepted directly from s0    : 0
Gym endings cumulative       : terminated=100, truncated=0

[Episode 200/8000 | last 100]
success rate                : 0.0% (cumulative 0.0%)
failure rate                : 0.0% (cumulative 0.0%)
synthetic task reward       : 0.000
shaping reward              : -228.727
learning reward             : -228.727
episode length              : 94.1
abstract changes / episode  : 6.0
DFA transitions / episode   : 0.02
DFA transitions in window   : 1->2: 2
epsilon (next episode)       : 0.92310
replay buffer                : 18645 samples [1: 99.6%, 2: 0.4%, 3: 0.0%]
DFA state visits in window   : 1: 9460, 2: 46, 3: 0
DFA state visits cumulative  : 1: 18759, 2: 86, 3: 0
DFA state entries in window  : 1: 100, 2: 2, 3: 0
DFA state entries cumulative : 1: 200, 2: 3, 3: 0
transitions cumulative       : 1->2: 3
accepted directly from s0    : 0
Gym endings cumulative       : terminated=200, truncated=0

[Episode 300/8000 | last 100]
success rate                : 0.0% (cumulative 0.0%)
failure rate                : 0.0% (cumulative 0.0%)
synthetic task reward       : 0.000
shaping reward              : -224.961
learning reward             : -224.961
episode length              : 94.2
abstract changes / episode  : 5.9
DFA transitions / episode   : 0.03
DFA transitions in window   : 1->2: 3
epsilon (next episode)       : 0.88690
replay buffer                : 28066 samples [1: 99.5%, 2: 0.5%, 3: 0.0%]
DFA state visits in window   : 1: 9458, 2: 63, 3: 0
DFA state visits cumulative  : 1: 28217, 2: 149, 3: 0
DFA state entries in window  : 1: 100, 2: 3, 3: 0
DFA state entries cumulative : 1: 300, 2: 6, 3: 0
transitions cumulative       : 1->2: 6
accepted directly from s0    : 0
Gym endings cumulative       : terminated=300, truncated=0

[Episode 400/8000 | last 100]
success rate                : 0.0% (cumulative 0.0%)
failure rate                : 0.0% (cumulative 0.0%)
synthetic task reward       : 0.000
shaping reward              : -225.855
learning reward             : -225.855
episode length              : 97.8
abstract changes / episode  : 5.8
DFA transitions / episode   : 0.03
DFA transitions in window   : 1->2: 3
epsilon (next episode)       : 0.85212
replay buffer                : 37849 samples [1: 99.4%, 2: 0.6%, 3: 0.0%]
DFA state visits in window   : 1: 9808, 2: 75, 3: 0
DFA state visits cumulative  : 1: 38025, 2: 224, 3: 0
DFA state entries in window  : 1: 100, 2: 3, 3: 0
DFA state entries cumulative : 1: 400, 2: 9, 3: 0
transitions cumulative       : 1->2: 9
accepted directly from s0    : 0
Gym endings cumulative       : terminated=400, truncated=0

[Episode 500/8000 | last 100]
success rate                : 0.0% (cumulative 0.0%)
failure rate                : 0.0% (cumulative 0.0%)
synthetic task reward       : 0.000
shaping reward              : -224.106
learning reward             : -224.106
episode length              : 97.8
abstract changes / episode  : 5.9
DFA transitions / episode   : 0.05
DFA transitions in window   : 1->2: 5
epsilon (next episode)       : 0.81870
replay buffer                : 47626 samples [1: 99.3%, 2: 0.7%, 3: 0.0%]
DFA state visits in window   : 1: 9769, 2: 108, 3: 0
DFA state visits cumulative  : 1: 47794, 2: 332, 3: 0
DFA state entries in window  : 1: 100, 2: 5, 3: 0
DFA state entries cumulative : 1: 500, 2: 14, 3: 0
transitions cumulative       : 1->2: 14
accepted directly from s0    : 0
Gym endings cumulative       : terminated=500, truncated=0

Starting autonomous greedy evaluation at episode 500 (1000 fixed-seed episodes)...
[Greedy evaluation at episode 500 | 1000 fixed-seed episodes]
success=0.0%, failure=0.0%, task reward=0.000, length=139.4
DFA transitions: 1->2: 13
Best policy updated from autonomous greedy evaluation at episode 500.

[Episode 600/8000 | last 100]
success rate                : 0.0% (cumulative 0.0%)
failure rate                : 0.0% (cumulative 0.0%)
synthetic task reward       : 0.000
shaping reward              : -216.459
learning reward             : -216.459
episode length              : 107.9
abstract changes / episode  : 6.0
DFA transitions / episode   : 0.04
DFA transitions in window   : 1->2: 4
epsilon (next episode)       : 0.78659
replay buffer                : 58413 samples [1: 99.3%, 2: 0.7%, 3: 0.0%]
DFA state visits in window   : 1: 10779, 2: 108, 3: 0
DFA state visits cumulative  : 1: 58573, 2: 440, 3: 0
DFA state entries in window  : 1: 100, 2: 4, 3: 0
DFA state entries cumulative : 1: 600, 2: 18, 3: 0
transitions cumulative       : 1->2: 18
accepted directly from s0    : 0
Gym endings cumulative       : terminated=600, truncated=0

[Episode 700/8000 | last 100]
success rate                : 0.0% (cumulative 0.0%)
failure rate                : 0.0% (cumulative 0.0%)
synthetic task reward       : 0.000
shaping reward              : -205.989
learning reward             : -205.989
episode length              : 114.1
abstract changes / episode  : 6.0
DFA transitions / episode   : 0.06
DFA transitions in window   : 1->2: 6
epsilon (next episode)       : 0.75574
replay buffer                : 69826 samples [1: 99.2%, 2: 0.8%, 3: 0.0%]
DFA state visits in window   : 1: 11383, 2: 130, 3: 0
DFA state visits cumulative  : 1: 69956, 2: 570, 3: 0
DFA state entries in window  : 1: 100, 2: 6, 3: 0
DFA state entries cumulative : 1: 700, 2: 24, 3: 0
transitions cumulative       : 1->2: 24
accepted directly from s0    : 0
Gym endings cumulative       : terminated=700, truncated=0

[Episode 800/8000 | last 100]
success rate                : 0.0% (cumulative 0.0%)
failure rate                : 0.0% (cumulative 0.0%)
synthetic task reward       : 0.000
shaping reward              : -221.090
learning reward             : -221.090
episode length              : 113.1
abstract changes / episode  : 6.2
DFA transitions / episode   : 0.02
DFA transitions in window   : 1->2: 2
epsilon (next episode)       : 0.72610
replay buffer                : 81139 samples [1: 99.3%, 2: 0.7%, 3: 0.0%]
DFA state visits in window   : 1: 11351, 2: 62, 3: 0
DFA state visits cumulative  : 1: 81307, 2: 632, 3: 0
DFA state entries in window  : 1: 100, 2: 2, 3: 0
DFA state entries cumulative : 1: 800, 2: 26, 3: 0
transitions cumulative       : 1->2: 26
accepted directly from s0    : 0
Gym endings cumulative       : terminated=800, truncated=0

[Episode 900/8000 | last 100]
success rate                : 0.0% (cumulative 0.0%)
failure rate                : 0.0% (cumulative 0.0%)
synthetic task reward       : 0.000
shaping reward              : -206.027
learning reward             : -206.027
episode length              : 112.4
abstract changes / episode  : 6.1
DFA transitions / episode   : 0.03
DFA transitions in window   : 1->2: 3
epsilon (next episode)       : 0.69763
replay buffer                : 92377 samples [1: 99.3%, 2: 0.7%, 3: 0.0%]
DFA state visits in window   : 1: 11251, 2: 87, 3: 0
DFA state visits cumulative  : 1: 92558, 2: 719, 3: 0
DFA state entries in window  : 1: 100, 2: 3, 3: 0
DFA state entries cumulative : 1: 900, 2: 29, 3: 0
transitions cumulative       : 1->2: 29
accepted directly from s0    : 0
Gym endings cumulative       : terminated=900, truncated=0

[Episode 1000/8000 | last 100]
success rate                : 0.0% (cumulative 0.0%)
failure rate                : 0.0% (cumulative 0.0%)
synthetic task reward       : 0.000
shaping reward              : -204.182
learning reward             : -204.182
episode length              : 112.6
abstract changes / episode  : 6.1
DFA transitions / episode   : 0.03
DFA transitions in window   : 1->2: 3
epsilon (next episode)       : 0.67027
replay buffer                : 103637 samples [1: 99.3%, 2: 0.7%, 3: 0.0%]
DFA state visits in window   : 1: 11280, 2: 80, 3: 0
DFA state visits cumulative  : 1: 103838, 2: 799, 3: 0
DFA state entries in window  : 1: 100, 2: 3, 3: 0
DFA state entries cumulative : 1: 1000, 2: 32, 3: 0
transitions cumulative       : 1->2: 32
accepted directly from s0    : 0
Gym endings cumulative       : terminated=1000, truncated=0

Starting autonomous greedy evaluation at episode 1000 (1000 fixed-seed episodes)...
[Greedy evaluation at episode 1000 | 1000 fixed-seed episodes]
success=0.0%, failure=0.0%, task reward=0.000, length=170.0
DFA transitions: 1->2: 411

[Episode 1100/8000 | last 100]
success rate                : 0.0% (cumulative 0.0%)
failure rate                : 0.0% (cumulative 0.0%)
synthetic task reward       : 0.000
shaping reward              : -204.259
learning reward             : -204.259
episode length              : 114.8
abstract changes / episode  : 6.0
DFA transitions / episode   : 0.03
DFA transitions in window   : 1->2: 3
epsilon (next episode)       : 0.64398
replay buffer                : 115117 samples [1: 99.3%, 2: 0.7%, 3: 0.0%]
DFA state visits in window   : 1: 11519, 2: 61, 3: 0
DFA state visits cumulative  : 1: 115357, 2: 860, 3: 0
DFA state entries in window  : 1: 100, 2: 3, 3: 0
DFA state entries cumulative : 1: 1100, 2: 35, 3: 0
transitions cumulative       : 1->2: 35
accepted directly from s0    : 0
Gym endings cumulative       : terminated=1100, truncated=0

[Episode 1200/8000 | last 100]
success rate                : 0.0% (cumulative 0.0%)
failure rate                : 0.0% (cumulative 0.0%)
synthetic task reward       : 0.000
shaping reward              : -213.645
learning reward             : -213.645
episode length              : 129.8
abstract changes / episode  : 6.4
DFA transitions / episode   : 0.00
DFA transitions in window   : none
epsilon (next episode)       : 0.61872
replay buffer                : 128102 samples [1: 99.4%, 2: 0.6%, 3: 0.0%]
DFA state visits in window   : 1: 13085, 2: 0, 3: 0
DFA state visits cumulative  : 1: 128442, 2: 860, 3: 0
DFA state entries in window  : 1: 100, 2: 0, 3: 0
DFA state entries cumulative : 1: 1200, 2: 35, 3: 0
transitions cumulative       : 1->2: 35
accepted directly from s0    : 0
Gym endings cumulative       : terminated=1200, truncated=0

[Episode 1300/8000 | last 100]
success rate                : 0.0% (cumulative 0.0%)
failure rate                : 0.0% (cumulative 0.0%)
synthetic task reward       : 0.000
shaping reward              : -205.171
learning reward             : -205.171
episode length              : 128.3
abstract changes / episode  : 6.3
DFA transitions / episode   : 0.03
DFA transitions in window   : 1->2: 3
epsilon (next episode)       : 0.59446
replay buffer                : 140929 samples [1: 99.4%, 2: 0.6%, 3: 0.0%]
DFA state visits in window   : 1: 12834, 2: 93, 3: 0
DFA state visits cumulative  : 1: 141276, 2: 953, 3: 0
DFA state entries in window  : 1: 100, 2: 3, 3: 0
DFA state entries cumulative : 1: 1300, 2: 38, 3: 0
transitions cumulative       : 1->2: 38
accepted directly from s0    : 0
Gym endings cumulative       : terminated=1300, truncated=0

[Episode 1400/8000 | last 100]
success rate                : 0.0% (cumulative 0.0%)
failure rate                : 0.0% (cumulative 0.0%)
synthetic task reward       : 0.000
shaping reward              : -179.532
learning reward             : -179.532
episode length              : 134.5
abstract changes / episode  : 6.3
DFA transitions / episode   : 0.02
DFA transitions in window   : 1->2: 2
epsilon (next episode)       : 0.57115
replay buffer                : 154376 samples [1: 99.4%, 2: 0.6%, 3: 0.0%]
DFA state visits in window   : 1: 13495, 2: 52, 3: 0
DFA state visits cumulative  : 1: 154771, 2: 1005, 3: 0
DFA state entries in window  : 1: 100, 2: 2, 3: 0
DFA state entries cumulative : 1: 1400, 2: 40, 3: 0
transitions cumulative       : 1->2: 40
accepted directly from s0    : 0
Gym endings cumulative       : terminated=1400, truncated=0

[Episode 1500/8000 | last 100]
success rate                : 0.0% (cumulative 0.0%)
failure rate                : 0.0% (cumulative 0.0%)
synthetic task reward       : 0.000
shaping reward              : -199.408
learning reward             : -199.408
episode length              : 133.7
abstract changes / episode  : 6.4
DFA transitions / episode   : 0.02
DFA transitions in window   : 1->2: 2
epsilon (next episode)       : 0.54875
replay buffer                : 167750 samples [1: 99.4%, 2: 0.6%, 3: 0.0%]
DFA state visits in window   : 1: 13419, 2: 55, 3: 0
DFA state visits cumulative  : 1: 168190, 2: 1060, 3: 0
DFA state entries in window  : 1: 100, 2: 2, 3: 0
DFA state entries cumulative : 1: 1500, 2: 42, 3: 0
transitions cumulative       : 1->2: 42
accepted directly from s0    : 0
Gym endings cumulative       : terminated=1500, truncated=0

Starting autonomous greedy evaluation at episode 1500 (1000 fixed-seed episodes)...
[Greedy evaluation at episode 1500 | 1000 fixed-seed episodes]
success=0.0%, failure=0.0%, task reward=0.000, length=131.9
DFA transitions: 1->2: 365
Best policy updated from autonomous greedy evaluation at episode 1500.

[Episode 1600/8000 | last 100]
success rate                : 0.0% (cumulative 0.0%)
failure rate                : 0.0% (cumulative 0.0%)
synthetic task reward       : 0.000
shaping reward              : -190.935
learning reward             : -190.935
episode length              : 139.0
abstract changes / episode  : 6.4
DFA transitions / episode   : 0.02
DFA transitions in window   : 1->2: 2
epsilon (next episode)       : 0.52722
replay buffer                : 181647 samples [1: 99.4%, 2: 0.6%, 3: 0.0%]
DFA state visits in window   : 1: 13943, 2: 54, 3: 0
DFA state visits cumulative  : 1: 182133, 2: 1114, 3: 0
DFA state entries in window  : 1: 100, 2: 2, 3: 0
DFA state entries cumulative : 1: 1600, 2: 44, 3: 0
transitions cumulative       : 1->2: 44
accepted directly from s0    : 0
Gym endings cumulative       : terminated=1600, truncated=0

[Episode 1700/8000 | last 100]
success rate                : 0.0% (cumulative 0.0%)
failure rate                : 0.0% (cumulative 0.0%)
synthetic task reward       : 0.000
shaping reward              : -187.045
learning reward             : -187.045
episode length              : 139.1
abstract changes / episode  : 6.3
DFA transitions / episode   : 0.00
DFA transitions in window   : none
epsilon (next episode)       : 0.50655
replay buffer                : 195560 samples [1: 99.5%, 2: 0.5%, 3: 0.0%]
DFA state visits in window   : 1: 14013, 2: 0, 3: 0
DFA state visits cumulative  : 1: 196146, 2: 1114, 3: 0
DFA state entries in window  : 1: 100, 2: 0, 3: 0
DFA state entries cumulative : 1: 1700, 2: 44, 3: 0
transitions cumulative       : 1->2: 44
accepted directly from s0    : 0
Gym endings cumulative       : terminated=1700, truncated=0

[Episode 1800/8000 | last 100]
success rate                : 0.0% (cumulative 0.0%)
failure rate                : 0.0% (cumulative 0.0%)
synthetic task reward       : 0.000
shaping reward              : -203.952
learning reward             : -203.952
episode length              : 174.1
abstract changes / episode  : 7.3
DFA transitions / episode   : 0.01
DFA transitions in window   : 1->2: 1
epsilon (next episode)       : 0.48668
replay buffer                : 212966 samples [1: 99.5%, 2: 0.5%, 3: 0.0%]
DFA state visits in window   : 1: 17429, 2: 77, 3: 0
DFA state visits cumulative  : 1: 213575, 2: 1191, 3: 0
DFA state entries in window  : 1: 100, 2: 1, 3: 0
DFA state entries cumulative : 1: 1800, 2: 45, 3: 0
transitions cumulative       : 1->2: 45
accepted directly from s0    : 0
Gym endings cumulative       : terminated=1800, truncated=0

[Episode 1900/8000 | last 100]
success rate                : 0.0% (cumulative 0.0%)
failure rate                : 0.0% (cumulative 0.0%)
synthetic task reward       : 0.000
shaping reward              : -225.884
learning reward             : -225.884
episode length              : 208.1
abstract changes / episode  : 8.1
DFA transitions / episode   : 0.00
DFA transitions in window   : none
epsilon (next episode)       : 0.46760
replay buffer                : 233773 samples [1: 99.5%, 2: 0.5%, 3: 0.0%]
DFA state visits in window   : 1: 20907, 2: 0, 3: 0
DFA state visits cumulative  : 1: 234482, 2: 1191, 3: 0
DFA state entries in window  : 1: 100, 2: 0, 3: 0
DFA state entries cumulative : 1: 1900, 2: 45, 3: 0
transitions cumulative       : 1->2: 45
accepted directly from s0    : 0
Gym endings cumulative       : terminated=1900, truncated=0

[Episode 2000/8000 | last 100]
success rate                : 0.0% (cumulative 0.0%)
failure rate                : 0.0% (cumulative 0.0%)
synthetic task reward       : 0.000
shaping reward              : -214.490
learning reward             : -214.490
episode length              : 271.8
abstract changes / episode  : 8.8
DFA transitions / episode   : 0.03
DFA transitions in window   : 1->2: 3
epsilon (next episode)       : 0.44926
replay buffer                : 260956 samples [1: 99.5%, 2: 0.5%, 3: 0.0%]
DFA state visits in window   : 1: 27052, 2: 231, 3: 0
DFA state visits cumulative  : 1: 261534, 2: 1422, 3: 0
DFA state entries in window  : 1: 100, 2: 3, 3: 0
DFA state entries cumulative : 1: 2000, 2: 48, 3: 0
transitions cumulative       : 1->2: 48
accepted directly from s0    : 0
Gym endings cumulative       : terminated=1998, truncated=2

Starting autonomous greedy evaluation at episode 2000 (1000 fixed-seed episodes)...
[Greedy evaluation at episode 2000 | 1000 fixed-seed episodes]
success=0.0%, failure=0.0%, task reward=0.000, length=990.8
DFA transitions: 1->2: 10

[Episode 2100/8000 | last 100]
success rate                : 0.0% (cumulative 0.0%)
failure rate                : 0.0% (cumulative 0.0%)
synthetic task reward       : 0.000
shaping reward              : -234.424
learning reward             : -234.424
episode length              : 293.8
abstract changes / episode  : 8.1
DFA transitions / episode   : 0.00
DFA transitions in window   : none
epsilon (next episode)       : 0.43164
replay buffer                : 290335 samples [1: 99.5%, 2: 0.5%, 3: 0.0%]
DFA state visits in window   : 1: 29479, 2: 0, 3: 0
DFA state visits cumulative  : 1: 291013, 2: 1422, 3: 0
DFA state entries in window  : 1: 100, 2: 0, 3: 0
DFA state entries cumulative : 1: 2100, 2: 48, 3: 0
transitions cumulative       : 1->2: 48
accepted directly from s0    : 0
Gym endings cumulative       : terminated=2091, truncated=9

[Episode 2200/8000 | last 100]
success rate                : 0.0% (cumulative 0.0%)
failure rate                : 0.0% (cumulative 0.0%)
synthetic task reward       : 0.000
shaping reward              : -194.366
learning reward             : -194.366
episode length              : 308.0
abstract changes / episode  : 6.8
DFA transitions / episode   : 0.00
DFA transitions in window   : none
epsilon (next episode)       : 0.41471
replay buffer                : 300000 samples [1: 99.6%, 2: 0.4%, 3: 0.0%]
DFA state visits in window   : 1: 30898, 2: 0, 3: 0
DFA state visits cumulative  : 1: 321911, 2: 1422, 3: 0
DFA state entries in window  : 1: 100, 2: 0, 3: 0
DFA state entries cumulative : 1: 2200, 2: 48, 3: 0
transitions cumulative       : 1->2: 48
accepted directly from s0    : 0
Gym endings cumulative       : terminated=2177, truncated=23

[Episode 2300/8000 | last 100]
success rate                : 0.0% (cumulative 0.0%)
failure rate                : 0.0% (cumulative 0.0%)
synthetic task reward       : 0.000
shaping reward              : -84.200
learning reward             : -84.200
episode length              : 178.8
abstract changes / episode  : 5.6
DFA transitions / episode   : 0.14
DFA transitions in window   : 1->2: 14
epsilon (next episode)       : 0.39845
replay buffer                : 300000 samples [1: 99.5%, 2: 0.5%, 3: 0.0%]
DFA state visits in window   : 1: 17544, 2: 431, 3: 0
DFA state visits cumulative  : 1: 339455, 2: 1853, 3: 0
DFA state entries in window  : 1: 100, 2: 14, 3: 0
DFA state entries cumulative : 1: 2300, 2: 62, 3: 0
transitions cumulative       : 1->2: 62
accepted directly from s0    : 0
Gym endings cumulative       : terminated=2274, truncated=26

[Episode 2400/8000 | last 100]
success rate                : 0.0% (cumulative 0.0%)
failure rate                : 0.0% (cumulative 0.0%)
synthetic task reward       : 0.000
shaping reward              : -89.185
learning reward             : -89.185
episode length              : 147.6
abstract changes / episode  : 5.6
DFA transitions / episode   : 0.11
DFA transitions in window   : 1->2: 11
epsilon (next episode)       : 0.38282
replay buffer                : 300000 samples [1: 99.4%, 2: 0.6%, 3: 0.0%]
DFA state visits in window   : 1: 14386, 2: 472, 3: 0
DFA state visits cumulative  : 1: 353841, 2: 2325, 3: 0
DFA state entries in window  : 1: 100, 2: 11, 3: 0
DFA state entries cumulative : 1: 2400, 2: 73, 3: 0
transitions cumulative       : 1->2: 73
accepted directly from s0    : 0
Gym endings cumulative       : terminated=2374, truncated=26

[Episode 2500/8000 | last 100]
success rate                : 0.0% (cumulative 0.0%)
failure rate                : 0.0% (cumulative 0.0%)
synthetic task reward       : 0.000
shaping reward              : -101.395
learning reward             : -101.395
episode length              : 211.0
abstract changes / episode  : 7.2
DFA transitions / episode   : 0.05
DFA transitions in window   : 1->2: 5
epsilon (next episode)       : 0.36781
replay buffer                : 300000 samples [1: 99.3%, 2: 0.7%, 3: 0.0%]
DFA state visits in window   : 1: 20834, 2: 369, 3: 0
DFA state visits cumulative  : 1: 374675, 2: 2694, 3: 0
DFA state entries in window  : 1: 100, 2: 5, 3: 0
DFA state entries cumulative : 1: 2500, 2: 78, 3: 0
transitions cumulative       : 1->2: 78
accepted directly from s0    : 0
Gym endings cumulative       : terminated=2473, truncated=27

Starting autonomous greedy evaluation at episode 2500 (1000 fixed-seed episodes)...
[Greedy evaluation at episode 2500 | 1000 fixed-seed episodes]
success=0.0%, failure=0.0%, task reward=0.000, length=295.9
DFA transitions: none

[Episode 2600/8000 | last 100]
success rate                : 0.0% (cumulative 0.0%)
failure rate                : 0.0% (cumulative 0.0%)
synthetic task reward       : 0.000
shaping reward              : -167.714
learning reward             : -167.714
episode length              : 404.6
abstract changes / episode  : 13.3
DFA transitions / episode   : 0.05
DFA transitions in window   : 1->2: 5
epsilon (next episode)       : 0.35338
replay buffer                : 300000 samples [1: 99.2%, 2: 0.8%, 3: 0.0%]
DFA state visits in window   : 1: 40000, 2: 564, 3: 0
DFA state visits cumulative  : 1: 414675, 2: 3258, 3: 0
DFA state entries in window  : 1: 100, 2: 5, 3: 0
DFA state entries cumulative : 1: 2600, 2: 83, 3: 0
transitions cumulative       : 1->2: 83
accepted directly from s0    : 0
Gym endings cumulative       : terminated=2565, truncated=35

[Episode 2700/8000 | last 100]
success rate                : 0.0% (cumulative 0.0%)
failure rate                : 0.0% (cumulative 0.0%)
synthetic task reward       : 0.000
shaping reward              : -142.164
learning reward             : -142.164
episode length              : 291.3
abstract changes / episode  : 10.9
DFA transitions / episode   : 0.13
DFA transitions in window   : 1->2: 13
epsilon (next episode)       : 0.33952
replay buffer                : 300000 samples [1: 99.1%, 2: 0.9%, 3: 0.0%]
DFA state visits in window   : 1: 28657, 2: 572, 3: 0
DFA state visits cumulative  : 1: 443332, 2: 3830, 3: 0
DFA state entries in window  : 1: 100, 2: 13, 3: 0
DFA state entries cumulative : 1: 2700, 2: 96, 3: 0
transitions cumulative       : 1->2: 96
accepted directly from s0    : 0
Gym endings cumulative       : terminated=2663, truncated=37

[Episode 2800/8000 | last 100]
success rate                : 0.0% (cumulative 0.0%)
failure rate                : 0.0% (cumulative 0.0%)
synthetic task reward       : 0.000
shaping reward              : -108.791
learning reward             : -108.791
episode length              : 328.2
abstract changes / episode  : 10.5
DFA transitions / episode   : 0.15
DFA transitions in window   : 1->2: 15
epsilon (next episode)       : 0.32621
replay buffer                : 300000 samples [1: 98.5%, 2: 1.5%, 3: 0.0%]
DFA state visits in window   : 1: 31125, 2: 1797, 3: 0
DFA state visits cumulative  : 1: 474457, 2: 5627, 3: 0
DFA state entries in window  : 1: 100, 2: 15, 3: 0
DFA state entries cumulative : 1: 2800, 2: 111, 3: 0
transitions cumulative       : 1->2: 111
accepted directly from s0    : 0
Gym endings cumulative       : terminated=2762, truncated=38

[Episode 2900/8000 | last 100]
success rate                : 5.0% (cumulative 0.2%)
failure rate                : 0.0% (cumulative 0.0%)
synthetic task reward       : 500.000
shaping reward              : 3.297
learning reward             : 503.297
episode length              : 396.8
abstract changes / episode  : 13.5
DFA transitions / episode   : 0.39
DFA transitions in window   : 1->2: 34, 2->3: 5
epsilon (next episode)       : 0.31341
replay buffer                : 300000 samples [1: 96.5%, 2: 3.5%, 3: 0.0%]
DFA state visits in window   : 1: 33607, 2: 6168, 3: 5
DFA state visits cumulative  : 1: 508064, 2: 11795, 3: 5
DFA state entries in window  : 1: 100, 2: 34, 3: 5
DFA state entries cumulative : 1: 2900, 2: 145, 3: 5
transitions cumulative       : 1->2: 145, 2->3: 5
accepted directly from s0    : 0
Gym endings cumulative       : terminated=2854, truncated=41

[Episode 3000/8000 | last 100]
success rate                : 2.0% (cumulative 0.2%)
failure rate                : 0.0% (cumulative 0.0%)
synthetic task reward       : 200.000
shaping reward              : -48.449
learning reward             : 151.551
episode length              : 223.8
abstract changes / episode  : 9.0
DFA transitions / episode   : 0.27
DFA transitions in window   : 1->2: 25, 2->3: 2
epsilon (next episode)       : 0.30112
replay buffer                : 300000 samples [1: 95.5%, 2: 4.5%, 3: 0.0%]
DFA state visits in window   : 1: 19387, 2: 3095, 3: 2
DFA state visits cumulative  : 1: 527451, 2: 14890, 3: 7
DFA state entries in window  : 1: 100, 2: 25, 3: 2
DFA state entries cumulative : 1: 3000, 2: 170, 3: 7
transitions cumulative       : 1->2: 170, 2->3: 7
accepted directly from s0    : 0
Gym endings cumulative       : terminated=2952, truncated=41

Starting autonomous greedy evaluation at episode 3000 (1000 fixed-seed episodes)...
[Greedy evaluation at episode 3000 | 1000 fixed-seed episodes]
success=0.0%, failure=0.0%, task reward=0.000, length=228.0
DFA transitions: 1->2: 33

[Episode 3100/8000 | last 100]
success rate                : 3.0% (cumulative 0.3%)
failure rate                : 0.0% (cumulative 0.0%)
synthetic task reward       : 300.000
shaping reward              : -134.594
learning reward             : 165.406
episode length              : 216.2
abstract changes / episode  : 8.5
DFA transitions / episode   : 0.20
DFA transitions in window   : 1->2: 17, 2->3: 3
epsilon (next episode)       : 0.28931
replay buffer                : 300000 samples [1: 94.6%, 2: 5.4%, 3: 0.0%]
DFA state visits in window   : 1: 18993, 2: 2724, 3: 3
DFA state visits cumulative  : 1: 546444, 2: 17614, 3: 10
DFA state entries in window  : 1: 100, 2: 17, 3: 3
DFA state entries cumulative : 1: 3100, 2: 187, 3: 10
transitions cumulative       : 1->2: 187, 2->3: 10
accepted directly from s0    : 0
Gym endings cumulative       : terminated=3049, truncated=41

[Episode 3200/8000 | last 100]
success rate                : 1.0% (cumulative 0.3%)
failure rate                : 0.0% (cumulative 0.0%)
synthetic task reward       : 100.000
shaping reward              : -55.357
learning reward             : 44.643
episode length              : 200.5
abstract changes / episode  : 7.8
DFA transitions / episode   : 0.22
DFA transitions in window   : 1->2: 21, 2->3: 1
epsilon (next episode)       : 0.27797
replay buffer                : 300000 samples [1: 93.9%, 2: 6.1%, 3: 0.0%]
DFA state visits in window   : 1: 17833, 2: 2318, 3: 1
DFA state visits cumulative  : 1: 564277, 2: 19932, 3: 11
DFA state entries in window  : 1: 100, 2: 21, 3: 1
DFA state entries cumulative : 1: 3200, 2: 208, 3: 11
transitions cumulative       : 1->2: 208, 2->3: 11
accepted directly from s0    : 0
Gym endings cumulative       : terminated=3148, truncated=41

[Episode 3300/8000 | last 100]
success rate                : 2.0% (cumulative 0.4%)
failure rate                : 0.0% (cumulative 0.0%)
synthetic task reward       : 200.000
shaping reward              : 70.885
learning reward             : 270.885
episode length              : 323.8
abstract changes / episode  : 10.8
DFA transitions / episode   : 0.46
DFA transitions in window   : 1->2: 44, 2->3: 2
epsilon (next episode)       : 0.26706
replay buffer                : 300000 samples [1: 91.7%, 2: 8.3%, 3: 0.0%]
DFA state visits in window   : 1: 25877, 2: 6598, 3: 2
DFA state visits cumulative  : 1: 590154, 2: 26530, 3: 13
DFA state entries in window  : 1: 100, 2: 44, 3: 2
DFA state entries cumulative : 1: 3300, 2: 252, 3: 13
transitions cumulative       : 1->2: 252, 2->3: 13
accepted directly from s0    : 0
Gym endings cumulative       : terminated=3239, truncated=48

[Episode 3400/8000 | last 100]
success rate                : 6.0% (cumulative 0.6%)
failure rate                : 0.0% (cumulative 0.0%)
synthetic task reward       : 600.000
shaping reward              : 18.272
learning reward             : 618.272
episode length              : 216.1
abstract changes / episode  : 8.4
DFA transitions / episode   : 0.39
DFA transitions in window   : 1->2: 33, 2->3: 6
epsilon (next episode)       : 0.25659
replay buffer                : 300000 samples [1: 90.3%, 2: 9.7%, 3: 0.0%]
DFA state visits in window   : 1: 17276, 2: 4425, 3: 6
DFA state visits cumulative  : 1: 607430, 2: 30955, 3: 19
DFA state entries in window  : 1: 100, 2: 33, 3: 6
DFA state entries cumulative : 1: 3400, 2: 285, 3: 19
transitions cumulative       : 1->2: 285, 2->3: 19
accepted directly from s0    : 0
Gym endings cumulative       : terminated=3333, truncated=48

[Episode 3500/8000 | last 100]
success rate                : 6.0% (cumulative 0.7%)
failure rate                : 0.0% (cumulative 0.0%)
synthetic task reward       : 600.000
shaping reward              : 22.023
learning reward             : 622.023
episode length              : 326.9
abstract changes / episode  : 12.5
DFA transitions / episode   : 0.49
DFA transitions in window   : 1->2: 43, 2->3: 6
epsilon (next episode)       : 0.24653
replay buffer                : 300000 samples [1: 87.8%, 2: 12.2%, 3: 0.0%]
DFA state visits in window   : 1: 24270, 2: 8519, 3: 6
DFA state visits cumulative  : 1: 631700, 2: 39474, 3: 25
DFA state entries in window  : 1: 100, 2: 43, 3: 6
DFA state entries cumulative : 1: 3500, 2: 328, 3: 25
transitions cumulative       : 1->2: 328, 2->3: 25
accepted directly from s0    : 0
Gym endings cumulative       : terminated=3425, truncated=50

Starting autonomous greedy evaluation at episode 3500 (1000 fixed-seed episodes)...
[Greedy evaluation at episode 3500 | 1000 fixed-seed episodes]
success=11.6%, failure=0.0%, task reward=1160.000, length=709.6
DFA transitions: 1->2: 694, 2->3: 116
Best policy updated from autonomous greedy evaluation at episode 3500.

[Episode 3600/8000 | last 100]
success rate                : 14.0% (cumulative 1.1%)
failure rate                : 0.0% (cumulative 0.0%)
synthetic task reward       : 1400.000
shaping reward              : 108.066
learning reward             : 1508.066
episode length              : 288.5
abstract changes / episode  : 11.8
DFA transitions / episode   : 0.72
DFA transitions in window   : 1->2: 58, 2->3: 14
epsilon (next episode)       : 0.23686
replay buffer                : 300000 samples [1: 85.4%, 2: 14.6%, 3: 0.0%]
DFA state visits in window   : 1: 21134, 2: 7802, 3: 14
DFA state visits cumulative  : 1: 652834, 2: 47276, 3: 39
DFA state entries in window  : 1: 100, 2: 58, 3: 14
DFA state entries cumulative : 1: 3600, 2: 386, 3: 39
transitions cumulative       : 1->2: 386, 2->3: 39
accepted directly from s0    : 0
Gym endings cumulative       : terminated=3510, truncated=51

[Episode 3700/8000 | last 100]
success rate                : 24.0% (cumulative 1.7%)
failure rate                : 0.0% (cumulative 0.0%)
synthetic task reward       : 2400.000
shaping reward              : 162.764
learning reward             : 2562.764
episode length              : 335.8
abstract changes / episode  : 13.1
DFA transitions / episode   : 0.88
DFA transitions in window   : 1->2: 64, 2->3: 24
epsilon (next episode)       : 0.22757
replay buffer                : 300000 samples [1: 82.6%, 2: 17.4%, 3: 0.0%]
DFA state visits in window   : 1: 25042, 2: 8614, 3: 24
DFA state visits cumulative  : 1: 677876, 2: 55890, 3: 63
DFA state entries in window  : 1: 100, 2: 64, 3: 24
DFA state entries cumulative : 1: 3700, 2: 450, 3: 63
transitions cumulative       : 1->2: 450, 2->3: 63
accepted directly from s0    : 0
Gym endings cumulative       : terminated=3584, truncated=53

[Episode 3800/8000 | last 100]
success rate                : 38.0% (cumulative 2.7%)
failure rate                : 0.0% (cumulative 0.0%)
synthetic task reward       : 3800.000
shaping reward              : 272.012
learning reward             : 4072.012
episode length              : 325.0
abstract changes / episode  : 12.9
DFA transitions / episode   : 1.17
DFA transitions in window   : 1->2: 79, 2->3: 38
epsilon (next episode)       : 0.21865
replay buffer                : 300000 samples [1: 79.5%, 2: 20.5%, 3: 0.0%]
DFA state visits in window   : 1: 22435, 2: 10130, 3: 38
DFA state visits cumulative  : 1: 700311, 2: 66020, 3: 101
DFA state entries in window  : 1: 100, 2: 79, 3: 38
DFA state entries cumulative : 1: 3800, 2: 529, 3: 101
transitions cumulative       : 1->2: 529, 2->3: 101
accepted directly from s0    : 0
Gym endings cumulative       : terminated=3645, truncated=54

[Episode 3900/8000 | last 100]
success rate                : 54.0% (cumulative 4.0%)
failure rate                : 0.0% (cumulative 0.0%)
synthetic task reward       : 5400.000
shaping reward              : 351.089
learning reward             : 5751.089
episode length              : 340.5
abstract changes / episode  : 13.3
DFA transitions / episode   : 1.46
DFA transitions in window   : 1->2: 92, 2->3: 54
epsilon (next episode)       : 0.21007
replay buffer                : 300000 samples [1: 76.7%, 2: 23.3%, 3: 0.0%]
DFA state visits in window   : 1: 21913, 2: 12179, 3: 54
DFA state visits cumulative  : 1: 722224, 2: 78199, 3: 155
DFA state entries in window  : 1: 100, 2: 92, 3: 54
DFA state entries cumulative : 1: 3900, 2: 621, 3: 155
transitions cumulative       : 1->2: 621, 2->3: 155
accepted directly from s0    : 0
Gym endings cumulative       : terminated=3690, truncated=55

[Episode 4000/8000 | last 100]
success rate                : 69.0% (cumulative 5.6%)
failure rate                : 0.0% (cumulative 0.0%)
synthetic task reward       : 6900.000
shaping reward              : 396.328
learning reward             : 7296.328
episode length              : 301.5
abstract changes / episode  : 13.0
DFA transitions / episode   : 1.68
DFA transitions in window   : 1->2: 99, 2->3: 69
epsilon (next episode)       : 0.20183
replay buffer                : 300000 samples [1: 74.3%, 2: 25.7%, 3: 0.0%]
DFA state visits in window   : 1: 17663, 2: 12518, 3: 69
DFA state visits cumulative  : 1: 739887, 2: 90717, 3: 224
DFA state entries in window  : 1: 100, 2: 99, 3: 69
DFA state entries cumulative : 1: 4000, 2: 720, 3: 224
transitions cumulative       : 1->2: 720, 2->3: 224
accepted directly from s0    : 0
Gym endings cumulative       : terminated=3721, truncated=55

Starting autonomous greedy evaluation at episode 4000 (1000 fixed-seed episodes)...
[Greedy evaluation at episode 4000 | 1000 fixed-seed episodes]
success=87.7%, failure=0.0%, task reward=8770.000, length=353.9
DFA transitions: 1->2: 884, 2->3: 877
Best policy updated from autonomous greedy evaluation at episode 4000.

[Episode 4100/8000 | last 100]
success rate                : 74.0% (cumulative 7.3%)
failure rate                : 0.0% (cumulative 0.0%)
synthetic task reward       : 7400.000
shaping reward              : 400.339
learning reward             : 7800.339
episode length              : 285.5
abstract changes / episode  : 12.2
DFA transitions / episode   : 1.71
DFA transitions in window   : 1->2: 97, 2->3: 74
epsilon (next episode)       : 0.19392
replay buffer                : 300000 samples [1: 71.7%, 2: 28.3%, 3: 0.0%]
DFA state visits in window   : 1: 16848, 2: 11732, 3: 74
DFA state visits cumulative  : 1: 756735, 2: 102449, 3: 298
DFA state entries in window  : 1: 100, 2: 97, 3: 74
DFA state entries cumulative : 1: 4100, 2: 817, 3: 298
transitions cumulative       : 1->2: 817, 2->3: 298
accepted directly from s0    : 0
Gym endings cumulative       : terminated=3747, truncated=55

[Episode 4200/8000 | last 100]
success rate                : 77.0% (cumulative 8.9%)
failure rate                : 0.0% (cumulative 0.0%)
synthetic task reward       : 7700.000
shaping reward              : 389.812
learning reward             : 8089.812
episode length              : 274.3
abstract changes / episode  : 11.5
DFA transitions / episode   : 1.72
DFA transitions in window   : 1->2: 95, 2->3: 77
epsilon (next episode)       : 0.18631
replay buffer                : 300000 samples [1: 68.8%, 2: 31.2%, 3: 0.0%]
DFA state visits in window   : 1: 15932, 2: 11521, 3: 77
DFA state visits cumulative  : 1: 772667, 2: 113970, 3: 375
DFA state entries in window  : 1: 100, 2: 95, 3: 77
DFA state entries cumulative : 1: 4200, 2: 912, 3: 375
transitions cumulative       : 1->2: 912, 2->3: 375
accepted directly from s0    : 0
Gym endings cumulative       : terminated=3770, truncated=55

[Episode 4300/8000 | last 100]
success rate                : 81.0% (cumulative 10.6%)
failure rate                : 0.0% (cumulative 0.0%)
synthetic task reward       : 8100.000
shaping reward              : 415.121
learning reward             : 8515.121
episode length              : 281.9
abstract changes / episode  : 12.3
DFA transitions / episode   : 1.78
DFA transitions in window   : 1->2: 97, 2->3: 81
epsilon (next episode)       : 0.17900
replay buffer                : 300000 samples [1: 66.9%, 2: 33.1%, 3: 0.0%]
DFA state visits in window   : 1: 16689, 2: 11518, 3: 81
DFA state visits cumulative  : 1: 789356, 2: 125488, 3: 456
DFA state entries in window  : 1: 100, 2: 97, 3: 81
DFA state entries cumulative : 1: 4300, 2: 1009, 3: 456
transitions cumulative       : 1->2: 1009, 2->3: 456
accepted directly from s0    : 0
Gym endings cumulative       : terminated=3789, truncated=55

[Episode 4400/8000 | last 100]
success rate                : 85.0% (cumulative 12.3%)
failure rate                : 0.0% (cumulative 0.0%)
synthetic task reward       : 8500.000
shaping reward              : 403.868
learning reward             : 8903.868
episode length              : 260.1
abstract changes / episode  : 11.3
DFA transitions / episode   : 1.83
DFA transitions in window   : 1->2: 98, 2->3: 85
epsilon (next episode)       : 0.17198
replay buffer                : 300000 samples [1: 64.9%, 2: 35.1%, 3: 0.0%]
DFA state visits in window   : 1: 14308, 2: 11719, 3: 85
DFA state visits cumulative  : 1: 803664, 2: 137207, 3: 541
DFA state entries in window  : 1: 100, 2: 98, 3: 85
DFA state entries cumulative : 1: 4400, 2: 1107, 3: 541
transitions cumulative       : 1->2: 1107, 2->3: 541
accepted directly from s0    : 0
Gym endings cumulative       : terminated=3804, truncated=55

[Episode 4500/8000 | last 100]
success rate                : 75.0% (cumulative 13.7%)
failure rate                : 0.0% (cumulative 0.0%)
synthetic task reward       : 7500.000
shaping reward              : 341.472
learning reward             : 7841.472
episode length              : 280.4
abstract changes / episode  : 12.2
DFA transitions / episode   : 1.62
DFA transitions in window   : 1->2: 87, 2->3: 75
epsilon (next episode)       : 0.16524
replay buffer                : 300000 samples [1: 63.7%, 2: 36.3%, 3: 0.0%]
DFA state visits in window   : 1: 17669, 2: 10401, 3: 75
DFA state visits cumulative  : 1: 821333, 2: 147608, 3: 616
DFA state entries in window  : 1: 100, 2: 87, 3: 75
DFA state entries cumulative : 1: 4500, 2: 1194, 3: 616
transitions cumulative       : 1->2: 1194, 2->3: 616
accepted directly from s0    : 0
Gym endings cumulative       : terminated=3829, truncated=55

Starting autonomous greedy evaluation at episode 4500 (1000 fixed-seed episodes)...
[Greedy evaluation at episode 4500 | 1000 fixed-seed episodes]
success=79.6%, failure=0.0%, task reward=7960.000, length=270.4
DFA transitions: 1->2: 806, 2->3: 796

[Episode 4600/8000 | last 100]
success rate                : 77.0% (cumulative 15.1%)
failure rate                : 0.0% (cumulative 0.0%)
synthetic task reward       : 7700.000
shaping reward              : 342.483
learning reward             : 8042.483
episode length              : 288.3
abstract changes / episode  : 12.6
DFA transitions / episode   : 1.66
DFA transitions in window   : 1->2: 89, 2->3: 77
epsilon (next episode)       : 0.15876
replay buffer                : 300000 samples [1: 62.7%, 2: 37.3%, 3: 0.0%]
DFA state visits in window   : 1: 17824, 2: 11026, 3: 77
DFA state visits cumulative  : 1: 839157, 2: 158634, 3: 693
DFA state entries in window  : 1: 100, 2: 89, 3: 77
DFA state entries cumulative : 1: 4600, 2: 1283, 3: 693
transitions cumulative       : 1->2: 1283, 2->3: 693
accepted directly from s0    : 0
Gym endings cumulative       : terminated=3852, truncated=55

[Episode 4700/8000 | last 100]
success rate                : 65.0% (cumulative 16.1%)
failure rate                : 0.0% (cumulative 0.0%)
synthetic task reward       : 6500.000
shaping reward              : 257.857
learning reward             : 6757.857
episode length              : 263.7
abstract changes / episode  : 10.4
DFA transitions / episode   : 1.37
DFA transitions in window   : 1->2: 72, 2->3: 65
epsilon (next episode)       : 0.15253
replay buffer                : 300000 samples [1: 61.9%, 2: 38.1%, 3: 0.0%]
DFA state visits in window   : 1: 17269, 2: 9136, 3: 65
DFA state visits cumulative  : 1: 856426, 2: 167770, 3: 758
DFA state entries in window  : 1: 100, 2: 72, 3: 65
DFA state entries cumulative : 1: 4700, 2: 1355, 3: 758
transitions cumulative       : 1->2: 1355, 2->3: 758
accepted directly from s0    : 0
Gym endings cumulative       : terminated=3886, truncated=56

[Episode 4800/8000 | last 100]
success rate                : 63.0% (cumulative 17.1%)
failure rate                : 0.0% (cumulative 0.0%)
synthetic task reward       : 6300.000
shaping reward              : 224.164
learning reward             : 6524.164
episode length              : 232.8
abstract changes / episode  : 8.9
DFA transitions / episode   : 1.32
DFA transitions in window   : 1->2: 69, 2->3: 63
epsilon (next episode)       : 0.14655
replay buffer                : 300000 samples [1: 61.4%, 2: 38.6%, 3: 0.0%]
DFA state visits in window   : 1: 15463, 2: 7853, 3: 63
DFA state visits cumulative  : 1: 871889, 2: 175623, 3: 821
DFA state entries in window  : 1: 100, 2: 69, 3: 63
DFA state entries cumulative : 1: 4800, 2: 1424, 3: 821
transitions cumulative       : 1->2: 1424, 2->3: 821
accepted directly from s0    : 0
Gym endings cumulative       : terminated=3923, truncated=56

[Episode 4900/8000 | last 100]
success rate                : 63.0% (cumulative 18.0%)
failure rate                : 0.0% (cumulative 0.0%)
synthetic task reward       : 6300.000
shaping reward              : 303.146
learning reward             : 6603.146
episode length              : 260.5
abstract changes / episode  : 11.8
DFA transitions / episode   : 1.44
DFA transitions in window   : 1->2: 81, 2->3: 63
epsilon (next episode)       : 0.14080
replay buffer                : 300000 samples [1: 61.3%, 2: 38.7%, 3: 0.0%]
DFA state visits in window   : 1: 17254, 2: 8837, 3: 63
DFA state visits cumulative  : 1: 889143, 2: 184460, 3: 884
DFA state entries in window  : 1: 100, 2: 81, 3: 63
DFA state entries cumulative : 1: 4900, 2: 1505, 3: 884
transitions cumulative       : 1->2: 1505, 2->3: 884
accepted directly from s0    : 0
Gym endings cumulative       : terminated=3960, truncated=56

[Episode 5000/8000 | last 100]
success rate                : 50.0% (cumulative 18.7%)
failure rate                : 0.0% (cumulative 0.0%)
synthetic task reward       : 5000.000
shaping reward              : 245.488
learning reward             : 5245.488
episode length              : 250.6
abstract changes / episode  : 11.1
DFA transitions / episode   : 1.22
DFA transitions in window   : 1->2: 72, 2->3: 50
epsilon (next episode)       : 0.13528
replay buffer                : 300000 samples [1: 61.6%, 2: 38.4%, 3: 0.0%]
DFA state visits in window   : 1: 16836, 2: 8270, 3: 50
DFA state visits cumulative  : 1: 905979, 2: 192730, 3: 934
DFA state entries in window  : 1: 100, 2: 72, 3: 50
DFA state entries cumulative : 1: 5000, 2: 1577, 3: 934
transitions cumulative       : 1->2: 1577, 2->3: 934
accepted directly from s0    : 0
Gym endings cumulative       : terminated=4010, truncated=56

Starting autonomous greedy evaluation at episode 5000 (1000 fixed-seed episodes)...
[Greedy evaluation at episode 5000 | 1000 fixed-seed episodes]
success=70.9%, failure=0.0%, task reward=7090.000, length=248.9
DFA transitions: 1->2: 811, 2->3: 709

[Episode 5100/8000 | last 100]
success rate                : 54.0% (cumulative 19.4%)
failure rate                : 0.0% (cumulative 0.0%)
synthetic task reward       : 5400.000
shaping reward              : 215.561
learning reward             : 5615.561
episode length              : 246.1
abstract changes / episode  : 10.1
DFA transitions / episode   : 1.22
DFA transitions in window   : 1->2: 68, 2->3: 54
epsilon (next episode)       : 0.12998
replay buffer                : 300000 samples [1: 62.5%, 2: 37.5%, 3: 0.0%]
DFA state visits in window   : 1: 17162, 2: 7491, 3: 54
DFA state visits cumulative  : 1: 923141, 2: 200221, 3: 988
DFA state entries in window  : 1: 100, 2: 68, 3: 54
DFA state entries cumulative : 1: 5100, 2: 1645, 3: 988
transitions cumulative       : 1->2: 1645, 2->3: 988
accepted directly from s0    : 0
Gym endings cumulative       : terminated=4056, truncated=56

[Episode 5200/8000 | last 100]
success rate                : 62.0% (cumulative 20.2%)
failure rate                : 0.0% (cumulative 0.0%)
synthetic task reward       : 6200.000
shaping reward              : 264.425
learning reward             : 6464.425
episode length              : 250.5
abstract changes / episode  : 10.0
DFA transitions / episode   : 1.35
DFA transitions in window   : 1->2: 73, 2->3: 62
epsilon (next episode)       : 0.12488
replay buffer                : 300000 samples [1: 63.2%, 2: 36.8%, 3: 0.0%]
DFA state visits in window   : 1: 16993, 2: 8096, 3: 62
DFA state visits cumulative  : 1: 940134, 2: 208317, 3: 1050
DFA state entries in window  : 1: 100, 2: 73, 3: 62
DFA state entries cumulative : 1: 5200, 2: 1718, 3: 1050
transitions cumulative       : 1->2: 1718, 2->3: 1050
accepted directly from s0    : 0
Gym endings cumulative       : terminated=4094, truncated=56

[Episode 5300/8000 | last 100]
success rate                : 74.0% (cumulative 21.2%)
failure rate                : 0.0% (cumulative 0.0%)
synthetic task reward       : 7400.000
shaping reward              : 320.959
learning reward             : 7720.959
episode length              : 266.2
abstract changes / episode  : 10.8
DFA transitions / episode   : 1.63
DFA transitions in window   : 1->2: 89, 2->3: 74
epsilon (next episode)       : 0.11998
replay buffer                : 300000 samples [1: 63.4%, 2: 36.6%, 3: 0.0%]
DFA state visits in window   : 1: 16056, 2: 10591, 3: 74
DFA state visits cumulative  : 1: 956190, 2: 218908, 3: 1124
DFA state entries in window  : 1: 100, 2: 89, 3: 74
DFA state entries cumulative : 1: 5300, 2: 1807, 3: 1124
transitions cumulative       : 1->2: 1807, 2->3: 1124
accepted directly from s0    : 0
Gym endings cumulative       : terminated=4120, truncated=56

[Episode 5400/8000 | last 100]
success rate                : 88.0% (cumulative 22.4%)
failure rate                : 0.0% (cumulative 0.0%)
synthetic task reward       : 8800.000
shaping reward              : 373.942
learning reward             : 9173.942
episode length              : 255.6
abstract changes / episode  : 11.0
DFA transitions / episode   : 1.81
DFA transitions in window   : 1->2: 93, 2->3: 88
epsilon (next episode)       : 0.11528
replay buffer                : 300000 samples [1: 63.1%, 2: 36.9%, 3: 0.0%]
DFA state visits in window   : 1: 14180, 2: 11389, 3: 88
DFA state visits cumulative  : 1: 970370, 2: 230297, 3: 1212
DFA state entries in window  : 1: 100, 2: 93, 3: 88
DFA state entries cumulative : 1: 5400, 2: 1900, 3: 1212
transitions cumulative       : 1->2: 1900, 2->3: 1212
accepted directly from s0    : 0
Gym endings cumulative       : terminated=4132, truncated=56

[Episode 5500/8000 | last 100]
success rate                : 79.0% (cumulative 23.5%)
failure rate                : 0.0% (cumulative 0.0%)
synthetic task reward       : 7900.000
shaping reward              : 364.891
learning reward             : 8264.891
episode length              : 270.9
abstract changes / episode  : 11.4
DFA transitions / episode   : 1.69
DFA transitions in window   : 1->2: 90, 2->3: 79
epsilon (next episode)       : 0.11075
replay buffer                : 300000 samples [1: 63.7%, 2: 36.3%, 3: 0.0%]
DFA state visits in window   : 1: 17531, 2: 9580, 3: 79
DFA state visits cumulative  : 1: 987901, 2: 239877, 3: 1291
DFA state entries in window  : 1: 100, 2: 90, 3: 79
DFA state entries cumulative : 1: 5500, 2: 1990, 3: 1291
transitions cumulative       : 1->2: 1990, 2->3: 1291
accepted directly from s0    : 0
Gym endings cumulative       : terminated=4153, truncated=56

Starting autonomous greedy evaluation at episode 5500 (1000 fixed-seed episodes)...
[Greedy evaluation at episode 5500 | 1000 fixed-seed episodes]
success=75.3%, failure=0.0%, task reward=7530.000, length=254.4
DFA transitions: 1->2: 991, 2->3: 753

[Episode 5600/8000 | last 100]
success rate                : 82.0% (cumulative 24.5%)
failure rate                : 0.0% (cumulative 0.0%)
synthetic task reward       : 8200.000
shaping reward              : 388.027
learning reward             : 8588.027
episode length              : 288.7
abstract changes / episode  : 12.6
DFA transitions / episode   : 1.74
DFA transitions in window   : 1->2: 92, 2->3: 82
epsilon (next episode)       : 0.10641
replay buffer                : 300000 samples [1: 64.4%, 2: 35.6%, 3: 0.0%]
DFA state visits in window   : 1: 18708, 2: 10178, 3: 82
DFA state visits cumulative  : 1: 1006609, 2: 250055, 3: 1373
DFA state entries in window  : 1: 100, 2: 92, 3: 82
DFA state entries cumulative : 1: 5600, 2: 2082, 3: 1373
transitions cumulative       : 1->2: 2082, 2->3: 1373
accepted directly from s0    : 0
Gym endings cumulative       : terminated=4171, truncated=56

[Episode 5700/8000 | last 100]
success rate                : 66.0% (cumulative 25.2%)
failure rate                : 0.0% (cumulative 0.0%)
synthetic task reward       : 6600.000
shaping reward              : 303.079
learning reward             : 6903.079
episode length              : 315.9
abstract changes / episode  : 12.8
DFA transitions / episode   : 1.45
DFA transitions in window   : 1->2: 79, 2->3: 66
epsilon (next episode)       : 0.10224
replay buffer                : 300000 samples [1: 65.4%, 2: 34.6%, 3: 0.0%]
DFA state visits in window   : 1: 23232, 2: 8392, 3: 66
DFA state visits cumulative  : 1: 1029841, 2: 258447, 3: 1439
DFA state entries in window  : 1: 100, 2: 79, 3: 66
DFA state entries cumulative : 1: 5700, 2: 2161, 3: 1439
transitions cumulative       : 1->2: 2161, 2->3: 1439
accepted directly from s0    : 0
Gym endings cumulative       : terminated=4205, truncated=56

[Episode 5800/8000 | last 100]
success rate                : 74.0% (cumulative 26.1%)
failure rate                : 0.0% (cumulative 0.0%)
synthetic task reward       : 7400.000
shaping reward              : 341.560
learning reward             : 7741.560
episode length              : 259.2
abstract changes / episode  : 11.6
DFA transitions / episode   : 1.62
DFA transitions in window   : 1->2: 88, 2->3: 74
epsilon (next episode)       : 0.09823
replay buffer                : 300000 samples [1: 65.3%, 2: 34.7%, 3: 0.0%]
DFA state visits in window   : 1: 16530, 2: 9417, 3: 74
DFA state visits cumulative  : 1: 1046371, 2: 267864, 3: 1513
DFA state entries in window  : 1: 100, 2: 88, 3: 74
DFA state entries cumulative : 1: 5800, 2: 2249, 3: 1513
transitions cumulative       : 1->2: 2249, 2->3: 1513
accepted directly from s0    : 0
Gym endings cumulative       : terminated=4231, truncated=56

[Episode 5900/8000 | last 100]
success rate                : 64.0% (cumulative 26.7%)
failure rate                : 0.0% (cumulative 0.0%)
synthetic task reward       : 6400.000
shaping reward              : 301.447
learning reward             : 6701.447
episode length              : 276.1
abstract changes / episode  : 12.1
DFA transitions / episode   : 1.46
DFA transitions in window   : 1->2: 82, 2->3: 64
epsilon (next episode)       : 0.09438
replay buffer                : 300000 samples [1: 65.6%, 2: 34.4%, 3: 0.0%]
DFA state visits in window   : 1: 18793, 2: 8853, 3: 64
DFA state visits cumulative  : 1: 1065164, 2: 276717, 3: 1577
DFA state entries in window  : 1: 100, 2: 82, 3: 64
DFA state entries cumulative : 1: 5900, 2: 2331, 3: 1577
transitions cumulative       : 1->2: 2331, 2->3: 1577
accepted directly from s0    : 0
Gym endings cumulative       : terminated=4267, truncated=56

[Episode 6000/8000 | last 100]
success rate                : 58.0% (cumulative 27.3%)
failure rate                : 0.0% (cumulative 0.0%)
synthetic task reward       : 5800.000
shaping reward              : 317.477
learning reward             : 6117.477
episode length              : 240.5
abstract changes / episode  : 11.6
DFA transitions / episode   : 1.44
DFA transitions in window   : 1->2: 86, 2->3: 58
epsilon (next episode)       : 0.09067
replay buffer                : 300000 samples [1: 64.9%, 2: 35.1%, 3: 0.0%]
DFA state visits in window   : 1: 13987, 2: 10108, 3: 58
DFA state visits cumulative  : 1: 1079151, 2: 286825, 3: 1635
DFA state entries in window  : 1: 100, 2: 86, 3: 58
DFA state entries cumulative : 1: 6000, 2: 2417, 3: 1635
transitions cumulative       : 1->2: 2417, 2->3: 1635
accepted directly from s0    : 0
Gym endings cumulative       : terminated=4309, truncated=56

Starting autonomous greedy evaluation at episode 6000 (1000 fixed-seed episodes)...
[Greedy evaluation at episode 6000 | 1000 fixed-seed episodes]
success=52.0%, failure=0.0%, task reward=5200.000, length=289.6
DFA transitions: 1->2: 695, 2->3: 520

[Episode 6100/8000 | last 100]
success rate                : 60.0% (cumulative 27.8%)
failure rate                : 0.0% (cumulative 0.0%)
synthetic task reward       : 6000.000
shaping reward              : 343.767
learning reward             : 6343.767
episode length              : 253.7
abstract changes / episode  : 11.9
DFA transitions / episode   : 1.47
DFA transitions in window   : 1->2: 87, 2->3: 60
epsilon (next episode)       : 0.08712
replay buffer                : 300000 samples [1: 64.6%, 2: 35.4%, 3: 0.0%]
DFA state visits in window   : 1: 15614, 2: 9792, 3: 60
DFA state visits cumulative  : 1: 1094765, 2: 296617, 3: 1695
DFA state entries in window  : 1: 100, 2: 87, 3: 60
DFA state entries cumulative : 1: 6100, 2: 2504, 3: 1695
transitions cumulative       : 1->2: 2504, 2->3: 1695
accepted directly from s0    : 0
Gym endings cumulative       : terminated=4349, truncated=56

[Episode 6200/8000 | last 100]
success rate                : 72.0% (cumulative 28.5%)
failure rate                : 0.0% (cumulative 0.0%)
synthetic task reward       : 7200.000
shaping reward              : 353.990
learning reward             : 7553.990
episode length              : 253.7
abstract changes / episode  : 11.6
DFA transitions / episode   : 1.61
DFA transitions in window   : 1->2: 89, 2->3: 72
epsilon (next episode)       : 0.08370
replay buffer                : 300000 samples [1: 64.0%, 2: 36.0%, 3: 0.0%]
DFA state visits in window   : 1: 15868, 2: 9529, 3: 72
DFA state visits cumulative  : 1: 1110633, 2: 306146, 3: 1767
DFA state entries in window  : 1: 100, 2: 89, 3: 72
DFA state entries cumulative : 1: 6200, 2: 2593, 3: 1767
transitions cumulative       : 1->2: 2593, 2->3: 1767
accepted directly from s0    : 0
Gym endings cumulative       : terminated=4376, truncated=57

[Episode 6300/8000 | last 100]
success rate                : 58.0% (cumulative 29.0%)
failure rate                : 0.0% (cumulative 0.0%)
synthetic task reward       : 5800.000
shaping reward              : 260.028
learning reward             : 6060.028
episode length              : 306.3
abstract changes / episode  : 11.2
DFA transitions / episode   : 1.28
DFA transitions in window   : 1->2: 70, 2->3: 58
epsilon (next episode)       : 0.08042
replay buffer                : 300000 samples [1: 64.8%, 2: 35.2%, 3: 0.0%]
DFA state visits in window   : 1: 23255, 2: 7416, 3: 58
DFA state visits cumulative  : 1: 1133888, 2: 313562, 3: 1825
DFA state entries in window  : 1: 100, 2: 70, 3: 58
DFA state entries cumulative : 1: 6300, 2: 2663, 3: 1825
transitions cumulative       : 1->2: 2663, 2->3: 1825
accepted directly from s0    : 0
Gym endings cumulative       : terminated=4410, truncated=65

[Episode 6400/8000 | last 100]
success rate                : 83.0% (cumulative 29.8%)
failure rate                : 0.0% (cumulative 0.0%)
synthetic task reward       : 8300.000
shaping reward              : 385.185
learning reward             : 8685.185
episode length              : 243.5
abstract changes / episode  : 11.2
DFA transitions / episode   : 1.76
DFA transitions in window   : 1->2: 93, 2->3: 83
epsilon (next episode)       : 0.07727
replay buffer                : 300000 samples [1: 64.8%, 2: 35.2%, 3: 0.0%]
DFA state visits in window   : 1: 14763, 2: 9608, 3: 83
DFA state visits cumulative  : 1: 1148651, 2: 323170, 3: 1908
DFA state entries in window  : 1: 100, 2: 93, 3: 83
DFA state entries cumulative : 1: 6400, 2: 2756, 3: 1908
transitions cumulative       : 1->2: 2756, 2->3: 1908
accepted directly from s0    : 0
Gym endings cumulative       : terminated=4427, truncated=65

[Episode 6500/8000 | last 100]
success rate                : 89.0% (cumulative 30.7%)
failure rate                : 0.0% (cumulative 0.0%)
synthetic task reward       : 8900.000
shaping reward              : 403.771
learning reward             : 9303.771
episode length              : 264.3
abstract changes / episode  : 11.8
DFA transitions / episode   : 1.84
DFA transitions in window   : 1->2: 95, 2->3: 89
epsilon (next episode)       : 0.07423
replay buffer                : 300000 samples [1: 65.2%, 2: 34.8%, 3: 0.0%]
DFA state visits in window   : 1: 15759, 2: 10679, 3: 89
DFA state visits cumulative  : 1: 1164410, 2: 333849, 3: 1997
DFA state entries in window  : 1: 100, 2: 95, 3: 89
DFA state entries cumulative : 1: 6500, 2: 2851, 3: 1997
transitions cumulative       : 1->2: 2851, 2->3: 1997
accepted directly from s0    : 0
Gym endings cumulative       : terminated=4438, truncated=65

Starting autonomous greedy evaluation at episode 6500 (1000 fixed-seed episodes)...
[Greedy evaluation at episode 6500 | 1000 fixed-seed episodes]
success=90.3%, failure=0.0%, task reward=9030.000, length=265.4
DFA transitions: 1->2: 989, 2->3: 903
Best policy updated from autonomous greedy evaluation at episode 6500.

[Episode 6600/8000 | last 100]
success rate                : 85.0% (cumulative 31.5%)
failure rate                : 0.0% (cumulative 0.0%)
synthetic task reward       : 8500.000
shaping reward              : 397.812
learning reward             : 8897.812
episode length              : 261.1
abstract changes / episode  : 11.2
DFA transitions / episode   : 1.80
DFA transitions in window   : 1->2: 95, 2->3: 85
epsilon (next episode)       : 0.07132
replay buffer                : 300000 samples [1: 65.0%, 2: 35.0%, 3: 0.0%]
DFA state visits in window   : 1: 16372, 2: 9754, 3: 85
DFA state visits cumulative  : 1: 1180782, 2: 343603, 3: 2082
DFA state entries in window  : 1: 100, 2: 95, 3: 85
DFA state entries cumulative : 1: 6600, 2: 2946, 3: 2082
transitions cumulative       : 1->2: 2946, 2->3: 2082
accepted directly from s0    : 0
Gym endings cumulative       : terminated=4452, truncated=66

[Episode 6700/8000 | last 100]
success rate                : 90.0% (cumulative 32.4%)
failure rate                : 0.0% (cumulative 0.0%)
synthetic task reward       : 9000.000
shaping reward              : 418.386
learning reward             : 9418.386
episode length              : 236.6
abstract changes / episode  : 11.3
DFA transitions / episode   : 1.86
DFA transitions in window   : 1->2: 96, 2->3: 90
epsilon (next episode)       : 0.06853
replay buffer                : 300000 samples [1: 64.6%, 2: 35.4%, 3: 0.0%]
DFA state visits in window   : 1: 13814, 2: 9860, 3: 90
DFA state visits cumulative  : 1: 1194596, 2: 353463, 3: 2172
DFA state entries in window  : 1: 100, 2: 96, 3: 90
DFA state entries cumulative : 1: 6700, 2: 3042, 3: 2172
transitions cumulative       : 1->2: 3042, 2->3: 2172
accepted directly from s0    : 0
Gym endings cumulative       : terminated=4462, truncated=66

[Episode 6800/8000 | last 100]
success rate                : 95.0% (cumulative 33.3%)
failure rate                : 0.0% (cumulative 0.0%)
synthetic task reward       : 9500.000
shaping reward              : 429.150
learning reward             : 9929.150
episode length              : 239.0
abstract changes / episode  : 11.4
DFA transitions / episode   : 1.91
DFA transitions in window   : 1->2: 96, 2->3: 95
epsilon (next episode)       : 0.06584
replay buffer                : 300000 samples [1: 63.7%, 2: 36.3%, 3: 0.0%]
DFA state visits in window   : 1: 14038, 2: 9867, 3: 95
DFA state visits cumulative  : 1: 1208634, 2: 363330, 3: 2267
DFA state entries in window  : 1: 100, 2: 96, 3: 95
DFA state entries cumulative : 1: 6800, 2: 3138, 3: 2267
transitions cumulative       : 1->2: 3138, 2->3: 2267
accepted directly from s0    : 0
Gym endings cumulative       : terminated=4467, truncated=66

[Episode 6900/8000 | last 100]
success rate                : 90.0% (cumulative 34.2%)
failure rate                : 0.0% (cumulative 0.0%)
synthetic task reward       : 9000.000
shaping reward              : 412.535
learning reward             : 9412.535
episode length              : 248.2
abstract changes / episode  : 11.4
DFA transitions / episode   : 1.84
DFA transitions in window   : 1->2: 94, 2->3: 90
epsilon (next episode)       : 0.06326
replay buffer                : 300000 samples [1: 63.0%, 2: 37.0%, 3: 0.0%]
DFA state visits in window   : 1: 15429, 2: 9404, 3: 90
DFA state visits cumulative  : 1: 1224063, 2: 372734, 3: 2357
DFA state entries in window  : 1: 100, 2: 94, 3: 90
DFA state entries cumulative : 1: 6900, 2: 3232, 3: 2357
transitions cumulative       : 1->2: 3232, 2->3: 2357
accepted directly from s0    : 0
Gym endings cumulative       : terminated=4477, truncated=66

[Episode 7000/8000 | last 100]
success rate                : 73.0% (cumulative 34.7%)
failure rate                : 0.0% (cumulative 0.0%)
synthetic task reward       : 7300.000
shaping reward              : 338.405
learning reward             : 7638.405
episode length              : 251.3
abstract changes / episode  : 10.9
DFA transitions / episode   : 1.55
DFA transitions in window   : 1->2: 82, 2->3: 73
epsilon (next episode)       : 0.06078
replay buffer                : 300000 samples [1: 62.9%, 2: 37.1%, 3: 0.0%]
DFA state visits in window   : 1: 16919, 2: 8241, 3: 73
DFA state visits cumulative  : 1: 1240982, 2: 380975, 3: 2430
DFA state entries in window  : 1: 100, 2: 82, 3: 73
DFA state entries cumulative : 1: 7000, 2: 3314, 3: 2430
transitions cumulative       : 1->2: 3314, 2->3: 2430
accepted directly from s0    : 0
Gym endings cumulative       : terminated=4504, truncated=66

Starting autonomous greedy evaluation at episode 7000 (1000 fixed-seed episodes)...
[Greedy evaluation at episode 7000 | 1000 fixed-seed episodes]
success=84.1%, failure=0.0%, task reward=8410.000, length=269.9
DFA transitions: 1->2: 862, 2->3: 841

[Episode 7100/8000 | last 100]
success rate                : 67.0% (cumulative 35.2%)
failure rate                : 0.0% (cumulative 0.0%)
synthetic task reward       : 6700.000
shaping reward              : 259.206
learning reward             : 6959.206
episode length              : 248.6
abstract changes / episode  : 10.6
DFA transitions / episode   : 1.39
DFA transitions in window   : 1->2: 72, 2->3: 67
epsilon (next episode)       : 0.05839
replay buffer                : 300000 samples [1: 63.7%, 2: 36.3%, 3: 0.0%]
DFA state visits in window   : 1: 18023, 2: 6872, 3: 67
DFA state visits cumulative  : 1: 1259005, 2: 387847, 3: 2497
DFA state entries in window  : 1: 100, 2: 72, 3: 67
DFA state entries cumulative : 1: 7100, 2: 3386, 3: 2497
transitions cumulative       : 1->2: 3386, 2->3: 2497
accepted directly from s0    : 0
Gym endings cumulative       : terminated=4537, truncated=66

[Episode 7200/8000 | last 100]
success rate                : 68.0% (cumulative 35.6%)
failure rate                : 0.0% (cumulative 0.0%)
synthetic task reward       : 6800.000
shaping reward              : 302.566
learning reward             : 7102.566
episode length              : 258.4
abstract changes / episode  : 11.3
DFA transitions / episode   : 1.47
DFA transitions in window   : 1->2: 79, 2->3: 68
epsilon (next episode)       : 0.05610
replay buffer                : 300000 samples [1: 64.5%, 2: 35.5%, 3: 0.0%]
DFA state visits in window   : 1: 17695, 2: 8175, 3: 68
DFA state visits cumulative  : 1: 1276700, 2: 396022, 3: 2565
DFA state entries in window  : 1: 100, 2: 79, 3: 68
DFA state entries cumulative : 1: 7200, 2: 3465, 3: 2565
transitions cumulative       : 1->2: 3465, 2->3: 2565
accepted directly from s0    : 0
Gym endings cumulative       : terminated=4569, truncated=66

[Episode 7300/8000 | last 100]
success rate                : 80.0% (cumulative 36.2%)
failure rate                : 0.0% (cumulative 0.0%)
synthetic task reward       : 8000.000
shaping reward              : 373.276
learning reward             : 8373.276
episode length              : 262.7
abstract changes / episode  : 10.1
DFA transitions / episode   : 1.65
DFA transitions in window   : 1->2: 85, 2->3: 80
epsilon (next episode)       : 0.05390
replay buffer                : 300000 samples [1: 65.0%, 2: 35.0%, 3: 0.0%]
DFA state visits in window   : 1: 17517, 2: 8772, 3: 80
DFA state visits cumulative  : 1: 1294217, 2: 404794, 3: 2645
DFA state entries in window  : 1: 100, 2: 85, 3: 80
DFA state entries cumulative : 1: 7300, 2: 3550, 3: 2645
transitions cumulative       : 1->2: 3550, 2->3: 2645
accepted directly from s0    : 0
Gym endings cumulative       : terminated=4589, truncated=66

[Episode 7400/8000 | last 100]
success rate                : 78.0% (cumulative 36.8%)
failure rate                : 0.0% (cumulative 0.0%)
synthetic task reward       : 7800.000
shaping reward              : 385.018
learning reward             : 8185.018
episode length              : 278.3
abstract changes / episode  : 10.1
DFA transitions / episode   : 1.72
DFA transitions in window   : 1->2: 94, 2->3: 78
epsilon (next episode)       : 0.05179
replay buffer                : 300000 samples [1: 64.6%, 2: 35.4%, 3: 0.0%]
DFA state visits in window   : 1: 17520, 2: 10335, 3: 78
DFA state visits cumulative  : 1: 1311737, 2: 415129, 3: 2723
DFA state entries in window  : 1: 100, 2: 94, 3: 78
DFA state entries cumulative : 1: 7400, 2: 3644, 3: 2723
transitions cumulative       : 1->2: 3644, 2->3: 2723
accepted directly from s0    : 0
Gym endings cumulative       : terminated=4611, truncated=66

[Episode 7500/8000 | last 100]
success rate                : 75.0% (cumulative 37.3%)
failure rate                : 0.0% (cumulative 0.0%)
synthetic task reward       : 7500.000
shaping reward              : 326.208
learning reward             : 7826.208
episode length              : 242.8
abstract changes / episode  : 10.1
DFA transitions / episode   : 1.58
DFA transitions in window   : 1->2: 83, 2->3: 75
epsilon (next episode)       : 0.04976
replay buffer                : 300000 samples [1: 63.8%, 2: 36.2%, 3: 0.0%]
DFA state visits in window   : 1: 15794, 2: 8507, 3: 75
DFA state visits cumulative  : 1: 1327531, 2: 423636, 3: 2798
DFA state entries in window  : 1: 100, 2: 83, 3: 75
DFA state entries cumulative : 1: 7500, 2: 3727, 3: 2798
transitions cumulative       : 1->2: 3727, 2->3: 2798
accepted directly from s0    : 0
Gym endings cumulative       : terminated=4636, truncated=66

Starting autonomous greedy evaluation at episode 7500 (1000 fixed-seed episodes)...
[Greedy evaluation at episode 7500 | 1000 fixed-seed episodes]
success=91.7%, failure=0.0%, task reward=9170.000, length=226.9
DFA transitions: 1->2: 942, 2->3: 917
Best policy updated from autonomous greedy evaluation at episode 7500.

[Episode 7600/8000 | last 100]
success rate                : 69.0% (cumulative 37.7%)
failure rate                : 0.0% (cumulative 0.0%)
synthetic task reward       : 6900.000
shaping reward              : 335.599
learning reward             : 7235.599
episode length              : 278.5
abstract changes / episode  : 12.0
DFA transitions / episode   : 1.56
DFA transitions in window   : 1->2: 87, 2->3: 69
epsilon (next episode)       : 0.04781
replay buffer                : 300000 samples [1: 64.3%, 2: 35.7%, 3: 0.0%]
DFA state visits in window   : 1: 18361, 2: 9518, 3: 69
DFA state visits cumulative  : 1: 1345892, 2: 433154, 3: 2867
DFA state entries in window  : 1: 100, 2: 87, 3: 69
DFA state entries cumulative : 1: 7600, 2: 3814, 3: 2867
transitions cumulative       : 1->2: 3814, 2->3: 2867
accepted directly from s0    : 0
Gym endings cumulative       : terminated=4666, truncated=67

[Episode 7700/8000 | last 100]
success rate                : 53.0% (cumulative 37.9%)
failure rate                : 0.0% (cumulative 0.0%)
synthetic task reward       : 5300.000
shaping reward              : 320.406
learning reward             : 5620.406
episode length              : 290.3
abstract changes / episode  : 12.4
DFA transitions / episode   : 1.42
DFA transitions in window   : 1->2: 89, 2->3: 53
epsilon (next episode)       : 0.04593
replay buffer                : 300000 samples [1: 65.1%, 2: 34.9%, 3: 0.0%]
DFA state visits in window   : 1: 19859, 2: 9221, 3: 53
DFA state visits cumulative  : 1: 1365751, 2: 442375, 3: 2920
DFA state entries in window  : 1: 100, 2: 89, 3: 53
DFA state entries cumulative : 1: 7700, 2: 3903, 3: 2920
transitions cumulative       : 1->2: 3903, 2->3: 2920
accepted directly from s0    : 0
Gym endings cumulative       : terminated=4712, truncated=68

[Episode 7800/8000 | last 100]
success rate                : 51.0% (cumulative 38.1%)
failure rate                : 0.0% (cumulative 0.0%)
synthetic task reward       : 5100.000
shaping reward              : 301.966
learning reward             : 5401.966
episode length              : 234.0
abstract changes / episode  : 11.1
DFA transitions / episode   : 1.35
DFA transitions in window   : 1->2: 84, 2->3: 51
epsilon (next episode)       : 0.04413
replay buffer                : 300000 samples [1: 65.2%, 2: 34.8%, 3: 0.0%]
DFA state visits in window   : 1: 14769, 2: 8679, 3: 51
DFA state visits cumulative  : 1: 1380520, 2: 451054, 3: 2971
DFA state entries in window  : 1: 100, 2: 84, 3: 51
DFA state entries cumulative : 1: 7800, 2: 3987, 3: 2971
transitions cumulative       : 1->2: 3987, 2->3: 2971
accepted directly from s0    : 0
Gym endings cumulative       : terminated=4761, truncated=68

[Episode 7900/8000 | last 100]
success rate                : 68.0% (cumulative 38.5%)
failure rate                : 0.0% (cumulative 0.0%)
synthetic task reward       : 6800.000
shaping reward              : 329.611
learning reward             : 7129.611
episode length              : 257.5
abstract changes / episode  : 11.7
DFA transitions / episode   : 1.52
DFA transitions in window   : 1->2: 84, 2->3: 68
epsilon (next episode)       : 0.04240
replay buffer                : 300000 samples [1: 65.8%, 2: 34.2%, 3: 0.0%]
DFA state visits in window   : 1: 17065, 2: 8721, 3: 68
DFA state visits cumulative  : 1: 1397585, 2: 459775, 3: 3039
DFA state entries in window  : 1: 100, 2: 84, 3: 68
DFA state entries cumulative : 1: 7900, 2: 4071, 3: 3039
transitions cumulative       : 1->2: 4071, 2->3: 3039
accepted directly from s0    : 0
Gym endings cumulative       : terminated=4792, truncated=69

[Episode 8000/8000 | last 100]
success rate                : 77.0% (cumulative 39.0%)
failure rate                : 0.0% (cumulative 0.0%)
synthetic task reward       : 7700.000
shaping reward              : 356.177
learning reward             : 8056.177
episode length              : 297.0
abstract changes / episode  : 12.4
DFA transitions / episode   : 1.68
DFA transitions in window   : 1->2: 91, 2->3: 77
epsilon (next episode)       : 0.04074
replay buffer                : 300000 samples [1: 66.4%, 2: 33.6%, 3: 0.0%]
DFA state visits in window   : 1: 19654, 2: 10069, 3: 77
DFA state visits cumulative  : 1: 1417239, 2: 469844, 3: 3116
DFA state entries in window  : 1: 100, 2: 91, 3: 77
DFA state entries cumulative : 1: 8000, 2: 4162, 3: 3116
transitions cumulative       : 1->2: 4162, 2->3: 3116
accepted directly from s0    : 0
Gym endings cumulative       : terminated=4814, truncated=70

Starting autonomous greedy evaluation at episode 8000 (1000 fixed-seed episodes)...
[Greedy evaluation at episode 8000 | 1000 fixed-seed episodes]
success=86.5%, failure=0.0%, task reward=8650.000, length=240.4
DFA transitions: 1->2: 878, 2->3: 865
Last policy saved after episode 8000. Best greedy evaluation: episode 7500, mean task reward=9170.000
