
=== NEW RUN ===
episodes=8000, shaping=True, goal_reward=10000.0, gamma=0.99
gamma_shaping=1.0, shaping_formula=gamma_shaping*Phi(next)-Phi(state)
ground_unbiased_learner=False
eval_interval=500, eval_episodes=1000, eval_seed=100000
inter_level_shaping=False, inter_level_formula=gamma*Phi(next)-Phi(state)
task_type=ltlf, task=F(wp1 & X(F(wp2 & X(F(g1)))))
regions={wp1: {'center': [-0.75, 1.0625], 'radius': 0.1}, wp2: {'center': [0, 0.5], 'radius': 0.1}, g1: {'center': [0.75, 1.0625], 'radius': 0.1}}
dfa_states=[1, 2, 3, 4], pre_trace=1, accepting=[4], failure=[]

[Episode 1/8000 | last 1]
success rate                : 0.0% (cumulative 0.0%)
failure rate                : 0.0% (cumulative 0.0%)
completed cycles / episode  : 0.000
synthetic task reward       : 0.000
shaping reward              : -352.799
learning reward             : -352.799
episode length              : 73.0
abstract changes / episode  : 11.0
same abstract-state steps   : 84.9%
same-state shaping / episode: 0.000
changed-state shaping / ep. : -352.799
terminal shaping / episode  : 0.000
DFA transitions / episode   : 0.00
DFA transitions in window   : none
epsilon (next episode)       : 0.99960
replay buffer                : 73 samples [1: 100.0%, 2: 0.0%, 3: 0.0%, 4: 0.0%]
DFA state visits in window   : 1: 74, 2: 0, 3: 0, 4: 0
DFA state visits cumulative  : 1: 74, 2: 0, 3: 0, 4: 0
DFA state entries in window  : 1: 1, 2: 0, 3: 0, 4: 0
DFA state entries cumulative : 1: 1, 2: 0, 3: 0, 4: 0
transitions cumulative       : none
accepted directly from s0    : 0
Gym endings cumulative       : terminated=1, truncated=0

[Episode 100/8000 | last 100]
success rate                : 0.0% (cumulative 0.0%)
failure rate                : 0.0% (cumulative 0.0%)
completed cycles / episode  : 0.000
synthetic task reward       : 0.000
shaping reward              : -301.957
learning reward             : -301.957
episode length              : 95.7
abstract changes / episode  : 12.8
same abstract-state steps   : 86.6%
same-state shaping / episode: 0.000
changed-state shaping / ep. : -301.957
terminal shaping / episode  : -2.616
DFA transitions / episode   : 0.03
DFA transitions in window   : 1->2: 3
epsilon (next episode)       : 0.96078
replay buffer                : 9566 samples [1: 99.2%, 2: 0.8%, 3: 0.0%, 4: 0.0%]
DFA state visits in window   : 1: 9590, 2: 76, 3: 0, 4: 0
DFA state visits cumulative  : 1: 9590, 2: 76, 3: 0, 4: 0
DFA state entries in window  : 1: 100, 2: 3, 3: 0, 4: 0
DFA state entries cumulative : 1: 100, 2: 3, 3: 0, 4: 0
transitions cumulative       : 1->2: 3
accepted directly from s0    : 0
Gym endings cumulative       : terminated=100, truncated=0

[Episode 200/8000 | last 100]
success rate                : 0.0% (cumulative 0.0%)
failure rate                : 0.0% (cumulative 0.0%)
completed cycles / episode  : 0.000
synthetic task reward       : 0.000
shaping reward              : -296.866
learning reward             : -296.866
episode length              : 93.5
abstract changes / episode  : 12.6
same abstract-state steps   : 86.5%
same-state shaping / episode: 0.000
changed-state shaping / ep. : -296.866
terminal shaping / episode  : -1.729
DFA transitions / episode   : 0.03
DFA transitions in window   : 1->2: 3
epsilon (next episode)       : 0.92310
replay buffer                : 18921 samples [1: 99.2%, 2: 0.8%, 3: 0.0%, 4: 0.0%]
DFA state visits in window   : 1: 9372, 2: 83, 3: 0, 4: 0
DFA state visits cumulative  : 1: 18962, 2: 159, 3: 0, 4: 0
DFA state entries in window  : 1: 100, 2: 3, 3: 0, 4: 0
DFA state entries cumulative : 1: 200, 2: 6, 3: 0, 4: 0
transitions cumulative       : 1->2: 6
accepted directly from s0    : 0
Gym endings cumulative       : terminated=200, truncated=0

[Episode 300/8000 | last 100]
success rate                : 0.0% (cumulative 0.0%)
failure rate                : 0.0% (cumulative 0.0%)
completed cycles / episode  : 0.000
synthetic task reward       : 0.000
shaping reward              : -311.878
learning reward             : -311.878
episode length              : 97.5
abstract changes / episode  : 12.7
same abstract-state steps   : 87.0%
same-state shaping / episode: 0.000
changed-state shaping / ep. : -311.878
terminal shaping / episode  : -0.878
DFA transitions / episode   : 0.00
DFA transitions in window   : none
epsilon (next episode)       : 0.88690
replay buffer                : 28674 samples [1: 99.5%, 2: 0.5%, 3: 0.0%, 4: 0.0%]
DFA state visits in window   : 1: 9853, 2: 0, 3: 0, 4: 0
DFA state visits cumulative  : 1: 28815, 2: 159, 3: 0, 4: 0
DFA state entries in window  : 1: 100, 2: 0, 3: 0, 4: 0
DFA state entries cumulative : 1: 300, 2: 6, 3: 0, 4: 0
transitions cumulative       : 1->2: 6
accepted directly from s0    : 0
Gym endings cumulative       : terminated=300, truncated=0

[Episode 400/8000 | last 100]
success rate                : 0.0% (cumulative 0.0%)
failure rate                : 0.0% (cumulative 0.0%)
completed cycles / episode  : 0.000
synthetic task reward       : 0.000
shaping reward              : -302.843
learning reward             : -302.843
episode length              : 96.3
abstract changes / episode  : 13.0
same abstract-state steps   : 86.5%
same-state shaping / episode: 0.000
changed-state shaping / ep. : -302.843
terminal shaping / episode  : -0.869
DFA transitions / episode   : 0.03
DFA transitions in window   : 1->2: 3
epsilon (next episode)       : 0.85212
replay buffer                : 38300 samples [1: 99.5%, 2: 0.5%, 3: 0.0%, 4: 0.0%]
DFA state visits in window   : 1: 9671, 2: 55, 3: 0, 4: 0
DFA state visits cumulative  : 1: 38486, 2: 214, 3: 0, 4: 0
DFA state entries in window  : 1: 100, 2: 3, 3: 0, 4: 0
DFA state entries cumulative : 1: 400, 2: 9, 3: 0, 4: 0
transitions cumulative       : 1->2: 9
accepted directly from s0    : 0
Gym endings cumulative       : terminated=400, truncated=0

[Episode 500/8000 | last 100]
success rate                : 0.0% (cumulative 0.0%)
failure rate                : 0.0% (cumulative 0.0%)
completed cycles / episode  : 0.000
synthetic task reward       : 0.000
shaping reward              : -287.213
learning reward             : -287.213
episode length              : 95.9
abstract changes / episode  : 12.9
same abstract-state steps   : 86.5%
same-state shaping / episode: 0.000
changed-state shaping / ep. : -287.213
terminal shaping / episode  : -3.458
DFA transitions / episode   : 0.02
DFA transitions in window   : 1->2: 2
epsilon (next episode)       : 0.81870
replay buffer                : 47886 samples [1: 99.5%, 2: 0.5%, 3: 0.0%, 4: 0.0%]
DFA state visits in window   : 1: 9653, 2: 33, 3: 0, 4: 0
DFA state visits cumulative  : 1: 48139, 2: 247, 3: 0, 4: 0
DFA state entries in window  : 1: 100, 2: 2, 3: 0, 4: 0
DFA state entries cumulative : 1: 500, 2: 11, 3: 0, 4: 0
transitions cumulative       : 1->2: 11
accepted directly from s0    : 0
Gym endings cumulative       : terminated=500, truncated=0

Starting autonomous greedy evaluation at episode 500 (1000 fixed-seed episodes)...
[Greedy evaluation at episode 500 | 1000 fixed-seed episodes]
success=0.0%, failure=0.0%, task reward=0.000, length=98.5
DFA transitions: 1->2: 18
Best policy updated from autonomous greedy evaluation at episode 500.

[Episode 600/8000 | last 100]
success rate                : 0.0% (cumulative 0.0%)
failure rate                : 0.0% (cumulative 0.0%)
completed cycles / episode  : 0.000
synthetic task reward       : 0.000
shaping reward              : -248.503
learning reward             : -248.503
episode length              : 98.3
abstract changes / episode  : 12.6
same abstract-state steps   : 87.2%
same-state shaping / episode: 0.000
changed-state shaping / ep. : -248.503
terminal shaping / episode  : -4.344
DFA transitions / episode   : 0.06
DFA transitions in window   : 1->2: 6
epsilon (next episode)       : 0.78659
replay buffer                : 57720 samples [1: 99.4%, 2: 0.6%, 3: 0.0%, 4: 0.0%]
DFA state visits in window   : 1: 9793, 2: 141, 3: 0, 4: 0
DFA state visits cumulative  : 1: 57932, 2: 388, 3: 0, 4: 0
DFA state entries in window  : 1: 100, 2: 6, 3: 0, 4: 0
DFA state entries cumulative : 1: 600, 2: 17, 3: 0, 4: 0
transitions cumulative       : 1->2: 17
accepted directly from s0    : 0
Gym endings cumulative       : terminated=600, truncated=0

[Episode 700/8000 | last 100]
success rate                : 0.0% (cumulative 0.0%)
failure rate                : 0.0% (cumulative 0.0%)
completed cycles / episode  : 0.000
synthetic task reward       : 0.000
shaping reward              : -275.092
learning reward             : -275.092
episode length              : 100.5
abstract changes / episode  : 13.0
same abstract-state steps   : 87.1%
same-state shaping / episode: 0.000
changed-state shaping / ep. : -275.092
terminal shaping / episode  : -2.624
DFA transitions / episode   : 0.01
DFA transitions in window   : 1->2: 1
epsilon (next episode)       : 0.75574
replay buffer                : 67766 samples [1: 99.4%, 2: 0.6%, 3: 0.0%, 4: 0.0%]
DFA state visits in window   : 1: 10123, 2: 23, 3: 0, 4: 0
DFA state visits cumulative  : 1: 68055, 2: 411, 3: 0, 4: 0
DFA state entries in window  : 1: 100, 2: 1, 3: 0, 4: 0
DFA state entries cumulative : 1: 700, 2: 18, 3: 0, 4: 0
transitions cumulative       : 1->2: 18
accepted directly from s0    : 0
Gym endings cumulative       : terminated=700, truncated=0

[Episode 800/8000 | last 100]
success rate                : 0.0% (cumulative 0.0%)
failure rate                : 0.0% (cumulative 0.0%)
completed cycles / episode  : 0.000
synthetic task reward       : 0.000
shaping reward              : -227.300
learning reward             : -227.300
episode length              : 105.4
abstract changes / episode  : 12.4
same abstract-state steps   : 88.2%
same-state shaping / episode: 0.000
changed-state shaping / ep. : -227.300
terminal shaping / episode  : -1.764
DFA transitions / episode   : 0.07
DFA transitions in window   : 1->2: 7
epsilon (next episode)       : 0.72610
replay buffer                : 78302 samples [1: 99.3%, 2: 0.7%, 3: 0.0%, 4: 0.0%]
DFA state visits in window   : 1: 10483, 2: 153, 3: 0, 4: 0
DFA state visits cumulative  : 1: 78538, 2: 564, 3: 0, 4: 0
DFA state entries in window  : 1: 100, 2: 7, 3: 0, 4: 0
DFA state entries cumulative : 1: 800, 2: 25, 3: 0, 4: 0
transitions cumulative       : 1->2: 25
accepted directly from s0    : 0
Gym endings cumulative       : terminated=800, truncated=0

[Episode 900/8000 | last 100]
success rate                : 0.0% (cumulative 0.0%)
failure rate                : 0.0% (cumulative 0.0%)
completed cycles / episode  : 0.000
synthetic task reward       : 0.000
shaping reward              : -213.204
learning reward             : -213.204
episode length              : 109.2
abstract changes / episode  : 12.3
same abstract-state steps   : 88.7%
same-state shaping / episode: 0.000
changed-state shaping / ep. : -213.204
terminal shaping / episode  : -1.835
DFA transitions / episode   : 0.06
DFA transitions in window   : 1->2: 6
epsilon (next episode)       : 0.69763
replay buffer                : 89223 samples [1: 99.3%, 2: 0.7%, 3: 0.0%, 4: 0.0%]
DFA state visits in window   : 1: 10887, 2: 134, 3: 0, 4: 0
DFA state visits cumulative  : 1: 89425, 2: 698, 3: 0, 4: 0
DFA state entries in window  : 1: 100, 2: 6, 3: 0, 4: 0
DFA state entries cumulative : 1: 900, 2: 31, 3: 0, 4: 0
transitions cumulative       : 1->2: 31
accepted directly from s0    : 0
Gym endings cumulative       : terminated=900, truncated=0

[Episode 1000/8000 | last 100]
success rate                : 0.0% (cumulative 0.0%)
failure rate                : 0.0% (cumulative 0.0%)
completed cycles / episode  : 0.000
synthetic task reward       : 0.000
shaping reward              : -238.840
learning reward             : -238.840
episode length              : 129.9
abstract changes / episode  : 12.9
same abstract-state steps   : 90.0%
same-state shaping / episode: 0.000
changed-state shaping / ep. : -238.840
terminal shaping / episode  : 0.009
DFA transitions / episode   : 0.05
DFA transitions in window   : 1->2: 5
epsilon (next episode)       : 0.67027
replay buffer                : 102211 samples [1: 99.1%, 2: 0.9%, 3: 0.0%, 4: 0.0%]
DFA state visits in window   : 1: 12839, 2: 249, 3: 0, 4: 0
DFA state visits cumulative  : 1: 102264, 2: 947, 3: 0, 4: 0
DFA state entries in window  : 1: 100, 2: 5, 3: 0, 4: 0
DFA state entries cumulative : 1: 1000, 2: 36, 3: 0, 4: 0
transitions cumulative       : 1->2: 36
accepted directly from s0    : 0
Gym endings cumulative       : terminated=1000, truncated=0

Starting autonomous greedy evaluation at episode 1000 (1000 fixed-seed episodes)...
[Greedy evaluation at episode 1000 | 1000 fixed-seed episodes]
success=0.0%, failure=0.0%, task reward=0.000, length=175.4
DFA transitions: none

[Episode 1100/8000 | last 100]
success rate                : 0.0% (cumulative 0.0%)
failure rate                : 0.0% (cumulative 0.0%)
completed cycles / episode  : 0.000
synthetic task reward       : 0.000
shaping reward              : -287.285
learning reward             : -287.285
episode length              : 149.2
abstract changes / episode  : 13.6
same abstract-state steps   : 90.9%
same-state shaping / episode: 0.000
changed-state shaping / ep. : -287.285
terminal shaping / episode  : -0.860
DFA transitions / episode   : 0.03
DFA transitions in window   : 1->2: 3
epsilon (next episode)       : 0.64398
replay buffer                : 117126 samples [1: 99.1%, 2: 0.9%, 3: 0.0%, 4: 0.0%]
DFA state visits in window   : 1: 14850, 2: 165, 3: 0, 4: 0
DFA state visits cumulative  : 1: 117114, 2: 1112, 3: 0, 4: 0
DFA state entries in window  : 1: 100, 2: 3, 3: 0, 4: 0
DFA state entries cumulative : 1: 1100, 2: 39, 3: 0, 4: 0
transitions cumulative       : 1->2: 39
accepted directly from s0    : 0
Gym endings cumulative       : terminated=1100, truncated=0

[Episode 1200/8000 | last 100]
success rate                : 0.0% (cumulative 0.0%)
failure rate                : 0.0% (cumulative 0.0%)
completed cycles / episode  : 0.000
synthetic task reward       : 0.000
shaping reward              : -286.685
learning reward             : -286.685
episode length              : 141.5
abstract changes / episode  : 13.7
same abstract-state steps   : 90.3%
same-state shaping / episode: 0.000
changed-state shaping / ep. : -286.685
terminal shaping / episode  : -0.869
DFA transitions / episode   : 0.02
DFA transitions in window   : 1->2: 2
epsilon (next episode)       : 0.61872
replay buffer                : 131280 samples [1: 99.1%, 2: 0.9%, 3: 0.0%, 4: 0.0%]
DFA state visits in window   : 1: 14149, 2: 105, 3: 0, 4: 0
DFA state visits cumulative  : 1: 131263, 2: 1217, 3: 0, 4: 0
DFA state entries in window  : 1: 100, 2: 2, 3: 0, 4: 0
DFA state entries cumulative : 1: 1200, 2: 41, 3: 0, 4: 0
transitions cumulative       : 1->2: 41
accepted directly from s0    : 0
Gym endings cumulative       : terminated=1200, truncated=0

[Episode 1300/8000 | last 100]
success rate                : 0.0% (cumulative 0.0%)
failure rate                : 0.0% (cumulative 0.0%)
completed cycles / episode  : 0.000
synthetic task reward       : 0.000
shaping reward              : -298.968
learning reward             : -298.968
episode length              : 125.4
abstract changes / episode  : 13.5
same abstract-state steps   : 89.2%
same-state shaping / episode: 0.000
changed-state shaping / ep. : -298.968
terminal shaping / episode  : -1.755
DFA transitions / episode   : 0.01
DFA transitions in window   : 1->2: 1
epsilon (next episode)       : 0.59446
replay buffer                : 143819 samples [1: 99.2%, 2: 0.8%, 3: 0.0%, 4: 0.0%]
DFA state visits in window   : 1: 12593, 2: 46, 3: 0, 4: 0
DFA state visits cumulative  : 1: 143856, 2: 1263, 3: 0, 4: 0
DFA state entries in window  : 1: 100, 2: 1, 3: 0, 4: 0
DFA state entries cumulative : 1: 1300, 2: 42, 3: 0, 4: 0
transitions cumulative       : 1->2: 42
accepted directly from s0    : 0
Gym endings cumulative       : terminated=1300, truncated=0

[Episode 1400/8000 | last 100]
success rate                : 0.0% (cumulative 0.0%)
failure rate                : 0.0% (cumulative 0.0%)
completed cycles / episode  : 0.000
synthetic task reward       : 0.000
shaping reward              : -311.464
learning reward             : -311.464
episode length              : 133.5
abstract changes / episode  : 13.6
same abstract-state steps   : 89.8%
same-state shaping / episode: 0.000
changed-state shaping / ep. : -311.464
terminal shaping / episode  : -0.860
DFA transitions / episode   : 0.00
DFA transitions in window   : none
epsilon (next episode)       : 0.57115
replay buffer                : 157172 samples [1: 99.2%, 2: 0.8%, 3: 0.0%, 4: 0.0%]
DFA state visits in window   : 1: 13453, 2: 0, 3: 0, 4: 0
DFA state visits cumulative  : 1: 157309, 2: 1263, 3: 0, 4: 0
DFA state entries in window  : 1: 100, 2: 0, 3: 0, 4: 0
DFA state entries cumulative : 1: 1400, 2: 42, 3: 0, 4: 0
transitions cumulative       : 1->2: 42
accepted directly from s0    : 0
Gym endings cumulative       : terminated=1399, truncated=1

[Episode 1500/8000 | last 100]
success rate                : 0.0% (cumulative 0.0%)
failure rate                : 0.0% (cumulative 0.0%)
completed cycles / episode  : 0.000
synthetic task reward       : 0.000
shaping reward              : -313.967
learning reward             : -313.967
episode length              : 135.3
abstract changes / episode  : 13.2
same abstract-state steps   : 90.2%
same-state shaping / episode: 0.000
changed-state shaping / ep. : -313.967
terminal shaping / episode  : 0.000
DFA transitions / episode   : 0.01
DFA transitions in window   : 1->2: 1
epsilon (next episode)       : 0.54875
replay buffer                : 170706 samples [1: 99.2%, 2: 0.8%, 3: 0.0%, 4: 0.0%]
DFA state visits in window   : 1: 13519, 2: 115, 3: 0, 4: 0
DFA state visits cumulative  : 1: 170828, 2: 1378, 3: 0, 4: 0
DFA state entries in window  : 1: 100, 2: 1, 3: 0, 4: 0
DFA state entries cumulative : 1: 1500, 2: 43, 3: 0, 4: 0
transitions cumulative       : 1->2: 43
accepted directly from s0    : 0
Gym endings cumulative       : terminated=1498, truncated=2

Starting autonomous greedy evaluation at episode 1500 (1000 fixed-seed episodes)...
[Greedy evaluation at episode 1500 | 1000 fixed-seed episodes]
success=0.0%, failure=0.0%, task reward=0.000, length=379.2
DFA transitions: 1->2: 376, 2->3: 2

[Episode 1600/8000 | last 100]
success rate                : 0.0% (cumulative 0.0%)
failure rate                : 0.0% (cumulative 0.0%)
completed cycles / episode  : 0.000
synthetic task reward       : 0.000
shaping reward              : -295.499
learning reward             : -295.499
episode length              : 139.8
abstract changes / episode  : 14.1
same abstract-state steps   : 89.9%
same-state shaping / episode: 0.000
changed-state shaping / ep. : -295.499
terminal shaping / episode  : 0.000
DFA transitions / episode   : 0.01
DFA transitions in window   : 1->2: 1
epsilon (next episode)       : 0.52722
replay buffer                : 184683 samples [1: 99.3%, 2: 0.7%, 3: 0.0%, 4: 0.0%]
DFA state visits in window   : 1: 14055, 2: 22, 3: 0, 4: 0
DFA state visits cumulative  : 1: 184883, 2: 1400, 3: 0, 4: 0
DFA state entries in window  : 1: 100, 2: 1, 3: 0, 4: 0
DFA state entries cumulative : 1: 1600, 2: 44, 3: 0, 4: 0
transitions cumulative       : 1->2: 44
accepted directly from s0    : 0
Gym endings cumulative       : terminated=1598, truncated=2

[Episode 1700/8000 | last 100]
success rate                : 0.0% (cumulative 0.0%)
failure rate                : 0.0% (cumulative 0.0%)
completed cycles / episode  : 0.000
synthetic task reward       : 0.000
shaping reward              : -286.589
learning reward             : -286.589
episode length              : 159.9
abstract changes / episode  : 14.3
same abstract-state steps   : 91.1%
same-state shaping / episode: 0.000
changed-state shaping / ep. : -286.589
terminal shaping / episode  : 0.000
DFA transitions / episode   : 0.02
DFA transitions in window   : 1->2: 2
epsilon (next episode)       : 0.50655
replay buffer                : 200670 samples [1: 99.2%, 2: 0.8%, 3: 0.0%, 4: 0.0%]
DFA state visits in window   : 1: 15926, 2: 161, 3: 0, 4: 0
DFA state visits cumulative  : 1: 200809, 2: 1561, 3: 0, 4: 0
DFA state entries in window  : 1: 100, 2: 2, 3: 0, 4: 0
DFA state entries cumulative : 1: 1700, 2: 46, 3: 0, 4: 0
transitions cumulative       : 1->2: 46
accepted directly from s0    : 0
Gym endings cumulative       : terminated=1698, truncated=2

[Episode 1800/8000 | last 100]
success rate                : 0.0% (cumulative 0.0%)
failure rate                : 0.0% (cumulative 0.0%)
completed cycles / episode  : 0.000
synthetic task reward       : 0.000
shaping reward              : -315.757
learning reward             : -315.757
episode length              : 180.7
abstract changes / episode  : 14.3
same abstract-state steps   : 92.1%
same-state shaping / episode: 0.000
changed-state shaping / ep. : -315.757
terminal shaping / episode  : -2.624
DFA transitions / episode   : 0.00
DFA transitions in window   : none
epsilon (next episode)       : 0.48668
replay buffer                : 218743 samples [1: 99.3%, 2: 0.7%, 3: 0.0%, 4: 0.0%]
DFA state visits in window   : 1: 18173, 2: 0, 3: 0, 4: 0
DFA state visits cumulative  : 1: 218982, 2: 1561, 3: 0, 4: 0
DFA state entries in window  : 1: 100, 2: 0, 3: 0, 4: 0
DFA state entries cumulative : 1: 1800, 2: 46, 3: 0, 4: 0
transitions cumulative       : 1->2: 46
accepted directly from s0    : 0
Gym endings cumulative       : terminated=1795, truncated=5

[Episode 1900/8000 | last 100]
success rate                : 0.0% (cumulative 0.0%)
failure rate                : 0.0% (cumulative 0.0%)
completed cycles / episode  : 0.000
synthetic task reward       : 0.000
shaping reward              : -277.662
learning reward             : -277.662
episode length              : 205.8
abstract changes / episode  : 14.4
same abstract-state steps   : 93.0%
same-state shaping / episode: 0.000
changed-state shaping / ep. : -277.662
terminal shaping / episode  : -0.895
DFA transitions / episode   : 0.02
DFA transitions in window   : 1->2: 2
epsilon (next episode)       : 0.46760
replay buffer                : 239326 samples [1: 99.4%, 2: 0.6%, 3: 0.0%, 4: 0.0%]
DFA state visits in window   : 1: 20649, 2: 34, 3: 0, 4: 0
DFA state visits cumulative  : 1: 239631, 2: 1595, 3: 0, 4: 0
DFA state entries in window  : 1: 100, 2: 2, 3: 0, 4: 0
DFA state entries cumulative : 1: 1900, 2: 48, 3: 0, 4: 0
transitions cumulative       : 1->2: 48
accepted directly from s0    : 0
Gym endings cumulative       : terminated=1888, truncated=12

[Episode 2000/8000 | last 100]
success rate                : 0.0% (cumulative 0.0%)
failure rate                : 0.0% (cumulative 0.0%)
completed cycles / episode  : 0.000
synthetic task reward       : 0.000
shaping reward              : -298.474
learning reward             : -298.474
episode length              : 189.0
abstract changes / episode  : 14.9
same abstract-state steps   : 92.1%
same-state shaping / episode: 0.000
changed-state shaping / ep. : -298.474
terminal shaping / episode  : 0.000
DFA transitions / episode   : 0.00
DFA transitions in window   : none
epsilon (next episode)       : 0.44926
replay buffer                : 258223 samples [1: 99.4%, 2: 0.6%, 3: 0.0%, 4: 0.0%]
DFA state visits in window   : 1: 18997, 2: 0, 3: 0, 4: 0
DFA state visits cumulative  : 1: 258628, 2: 1595, 3: 0, 4: 0
DFA state entries in window  : 1: 100, 2: 0, 3: 0, 4: 0
DFA state entries cumulative : 1: 2000, 2: 48, 3: 0, 4: 0
transitions cumulative       : 1->2: 48
accepted directly from s0    : 0
Gym endings cumulative       : terminated=1986, truncated=14

Starting autonomous greedy evaluation at episode 2000 (1000 fixed-seed episodes)...
[Greedy evaluation at episode 2000 | 1000 fixed-seed episodes]
success=0.0%, failure=0.0%, task reward=0.000, length=955.4
DFA transitions: 1->2: 9

[Episode 2100/8000 | last 100]
success rate                : 0.0% (cumulative 0.0%)
failure rate                : 0.0% (cumulative 0.0%)
completed cycles / episode  : 0.000
synthetic task reward       : 0.000
shaping reward              : -206.109
learning reward             : -206.109
episode length              : 192.6
abstract changes / episode  : 15.2
same abstract-state steps   : 92.1%
same-state shaping / episode: 0.000
changed-state shaping / ep. : -206.109
terminal shaping / episode  : 0.000
DFA transitions / episode   : 0.08
DFA transitions in window   : 1->2: 6, 2->3: 2
epsilon (next episode)       : 0.43164
replay buffer                : 277485 samples [1: 99.2%, 2: 0.8%, 3: 0.0%, 4: 0.0%]
DFA state visits in window   : 1: 18641, 2: 628, 3: 93, 4: 0
DFA state visits cumulative  : 1: 277269, 2: 2223, 3: 93, 4: 0
DFA state entries in window  : 1: 100, 2: 6, 3: 2, 4: 0
DFA state entries cumulative : 1: 2100, 2: 54, 3: 2, 4: 0
transitions cumulative       : 1->2: 54, 2->3: 2
accepted directly from s0    : 0
Gym endings cumulative       : terminated=2085, truncated=15

[Episode 2200/8000 | last 100]
success rate                : 0.0% (cumulative 0.0%)
failure rate                : 0.0% (cumulative 0.0%)
completed cycles / episode  : 0.000
synthetic task reward       : 0.000
shaping reward              : 1.363
learning reward             : 1.363
episode length              : 169.8
abstract changes / episode  : 14.4
same abstract-state steps   : 91.5%
same-state shaping / episode: 0.000
changed-state shaping / ep. : 1.363
terminal shaping / episode  : -3.527
DFA transitions / episode   : 0.21
DFA transitions in window   : 1->2: 21
epsilon (next episode)       : 0.41471
replay buffer                : 294466 samples [1: 98.5%, 2: 1.4%, 3: 0.0%, 4: 0.0%]
DFA state visits in window   : 1: 15016, 2: 2065, 3: 0, 4: 0
DFA state visits cumulative  : 1: 292285, 2: 4288, 3: 93, 4: 0
DFA state entries in window  : 1: 100, 2: 21, 3: 0, 4: 0
DFA state entries cumulative : 1: 2200, 2: 75, 3: 2, 4: 0
transitions cumulative       : 1->2: 75, 2->3: 2
accepted directly from s0    : 0
Gym endings cumulative       : terminated=2185, truncated=15

[Episode 2300/8000 | last 100]
success rate                : 0.0% (cumulative 0.0%)
failure rate                : 0.0% (cumulative 0.0%)
completed cycles / episode  : 0.000
synthetic task reward       : 0.000
shaping reward              : -8.669
learning reward             : -8.669
episode length              : 234.2
abstract changes / episode  : 17.3
same abstract-state steps   : 92.6%
same-state shaping / episode: 0.000
changed-state shaping / ep. : -8.669
terminal shaping / episode  : -0.869
DFA transitions / episode   : 0.27
DFA transitions in window   : 1->2: 23, 2->3: 4
epsilon (next episode)       : 0.39845
replay buffer                : 300000 samples [1: 96.8%, 2: 3.0%, 3: 0.3%, 4: 0.0%]
DFA state visits in window   : 1: 17940, 2: 4904, 3: 680, 4: 0
DFA state visits cumulative  : 1: 310225, 2: 9192, 3: 773, 4: 0
DFA state entries in window  : 1: 100, 2: 23, 3: 4, 4: 0
DFA state entries cumulative : 1: 2300, 2: 98, 3: 6, 4: 0
transitions cumulative       : 1->2: 98, 2->3: 6
accepted directly from s0    : 0
Gym endings cumulative       : terminated=2283, truncated=17

[Episode 2400/8000 | last 100]
success rate                : 0.0% (cumulative 0.0%)
failure rate                : 0.0% (cumulative 0.0%)
completed cycles / episode  : 0.000
synthetic task reward       : 0.000
shaping reward              : -35.561
learning reward             : -35.561
episode length              : 280.7
abstract changes / episode  : 19.8
same abstract-state steps   : 92.9%
same-state shaping / episode: 0.000
changed-state shaping / ep. : -35.561
terminal shaping / episode  : 0.886
DFA transitions / episode   : 0.29
DFA transitions in window   : 1->2: 22, 2->3: 7
epsilon (next episode)       : 0.38282
replay buffer                : 300000 samples [1: 95.1%, 2: 4.4%, 3: 0.4%, 4: 0.0%]
DFA state visits in window   : 1: 23220, 2: 4440, 3: 514, 4: 0
DFA state visits cumulative  : 1: 333445, 2: 13632, 3: 1287, 4: 0
DFA state entries in window  : 1: 100, 2: 22, 3: 7, 4: 0
DFA state entries cumulative : 1: 2400, 2: 120, 3: 13, 4: 0
transitions cumulative       : 1->2: 120, 2->3: 13
accepted directly from s0    : 0
Gym endings cumulative       : terminated=2382, truncated=18

[Episode 2500/8000 | last 100]
success rate                : 0.0% (cumulative 0.0%)
failure rate                : 0.0% (cumulative 0.0%)
completed cycles / episode  : 0.000
synthetic task reward       : 0.000
shaping reward              : -103.147
learning reward             : -103.147
episode length              : 249.3
abstract changes / episode  : 20.6
same abstract-state steps   : 91.8%
same-state shaping / episode: 0.000
changed-state shaping / ep. : -103.147
terminal shaping / episode  : -0.878
DFA transitions / episode   : 0.22
DFA transitions in window   : 1->2: 20, 2->3: 2
epsilon (next episode)       : 0.36781
replay buffer                : 300000 samples [1: 94.6%, 2: 4.9%, 3: 0.5%, 4: 0.0%]
DFA state visits in window   : 1: 23285, 2: 1582, 3: 162, 4: 0
DFA state visits cumulative  : 1: 356730, 2: 15214, 3: 1449, 4: 0
DFA state entries in window  : 1: 100, 2: 20, 3: 2, 4: 0
DFA state entries cumulative : 1: 2500, 2: 140, 3: 15, 4: 0
transitions cumulative       : 1->2: 140, 2->3: 15
accepted directly from s0    : 0
Gym endings cumulative       : terminated=2482, truncated=18

Starting autonomous greedy evaluation at episode 2500 (1000 fixed-seed episodes)...
[Greedy evaluation at episode 2500 | 1000 fixed-seed episodes]
success=0.0%, failure=0.0%, task reward=0.000, length=211.9
DFA transitions: 1->2: 692, 2->3: 1

[Episode 2600/8000 | last 100]
success rate                : 0.0% (cumulative 0.0%)
failure rate                : 0.0% (cumulative 0.0%)
completed cycles / episode  : 0.000
synthetic task reward       : 0.000
shaping reward              : -4.775
learning reward             : -4.775
episode length              : 338.3
abstract changes / episode  : 24.7
same abstract-state steps   : 92.7%
same-state shaping / episode: 0.000
changed-state shaping / ep. : -4.775
terminal shaping / episode  : 0.931
DFA transitions / episode   : 0.34
DFA transitions in window   : 1->2: 27, 2->3: 7
epsilon (next episode)       : 0.35338
replay buffer                : 300000 samples [1: 93.1%, 2: 5.7%, 3: 1.2%, 4: 0.0%]
DFA state visits in window   : 1: 28698, 2: 3001, 3: 2235, 4: 0
DFA state visits cumulative  : 1: 385428, 2: 18215, 3: 3684, 4: 0
DFA state entries in window  : 1: 100, 2: 27, 3: 7, 4: 0
DFA state entries cumulative : 1: 2600, 2: 167, 3: 22, 4: 0
transitions cumulative       : 1->2: 167, 2->3: 22
accepted directly from s0    : 0
Gym endings cumulative       : terminated=2576, truncated=24

[Episode 2700/8000 | last 100]
success rate                : 0.0% (cumulative 0.0%)
failure rate                : 0.0% (cumulative 0.0%)
completed cycles / episode  : 0.000
synthetic task reward       : 0.000
shaping reward              : 0.211
learning reward             : 0.211
episode length              : 370.1
abstract changes / episode  : 27.0
same abstract-state steps   : 92.7%
same-state shaping / episode: 0.000
changed-state shaping / ep. : 0.211
terminal shaping / episode  : -0.869
DFA transitions / episode   : 0.36
DFA transitions in window   : 1->2: 25, 2->3: 11
epsilon (next episode)       : 0.33952
replay buffer                : 300000 samples [1: 90.5%, 2: 7.1%, 3: 2.4%, 4: 0.0%]
DFA state visits in window   : 1: 28947, 2: 4568, 3: 3594, 4: 0
DFA state visits cumulative  : 1: 414375, 2: 22783, 3: 7278, 4: 0
DFA state entries in window  : 1: 100, 2: 25, 3: 11, 4: 0
DFA state entries cumulative : 1: 2700, 2: 192, 3: 33, 4: 0
transitions cumulative       : 1->2: 192, 2->3: 33
accepted directly from s0    : 0
Gym endings cumulative       : terminated=2666, truncated=34

[Episode 2800/8000 | last 100]
success rate                : 1.0% (cumulative 0.0%)
failure rate                : 0.0% (cumulative 0.0%)
completed cycles / episode  : 0.000
synthetic task reward       : 100.000
shaping reward              : 29.305
learning reward             : 129.305
episode length              : 276.7
abstract changes / episode  : 22.0
same abstract-state steps   : 92.0%
same-state shaping / episode: 0.000
changed-state shaping / ep. : 29.305
terminal shaping / episode  : -0.764
DFA transitions / episode   : 0.37
DFA transitions in window   : 1->2: 30, 2->3: 6, 3->4: 1
epsilon (next episode)       : 0.32621
replay buffer                : 300000 samples [1: 88.6%, 2: 8.5%, 3: 2.9%, 4: 0.0%]
DFA state visits in window   : 1: 22155, 2: 4072, 3: 1542, 4: 1
DFA state visits cumulative  : 1: 436530, 2: 26855, 3: 8820, 4: 1
DFA state entries in window  : 1: 100, 2: 30, 3: 6, 4: 1
DFA state entries cumulative : 1: 2800, 2: 222, 3: 39, 4: 1
transitions cumulative       : 1->2: 222, 2->3: 39, 3->4: 1
accepted directly from s0    : 0
Gym endings cumulative       : terminated=2763, truncated=36

[Episode 2900/8000 | last 100]
success rate                : 0.0% (cumulative 0.0%)
failure rate                : 0.0% (cumulative 0.0%)
completed cycles / episode  : 0.000
synthetic task reward       : 0.000
shaping reward              : 140.610
learning reward             : 140.610
episode length              : 406.9
abstract changes / episode  : 29.5
same abstract-state steps   : 92.7%
same-state shaping / episode: 0.000
changed-state shaping / ep. : 140.610
terminal shaping / episode  : 0.962
DFA transitions / episode   : 0.68
DFA transitions in window   : 1->2: 52, 2->3: 16
epsilon (next episode)       : 0.31341
replay buffer                : 300000 samples [1: 85.2%, 2: 10.9%, 3: 3.9%, 4: 0.0%]
DFA state visits in window   : 1: 30214, 2: 7566, 3: 3013, 4: 0
DFA state visits cumulative  : 1: 466744, 2: 34421, 3: 11833, 4: 1
DFA state entries in window  : 1: 100, 2: 52, 3: 16, 4: 0
DFA state entries cumulative : 1: 2900, 2: 274, 3: 55, 4: 1
transitions cumulative       : 1->2: 274, 2->3: 55, 3->4: 1
accepted directly from s0    : 0
Gym endings cumulative       : terminated=2856, truncated=43

[Episode 3000/8000 | last 100]
success rate                : 4.0% (cumulative 0.2%)
failure rate                : 0.0% (cumulative 0.0%)
completed cycles / episode  : 0.000
synthetic task reward       : 400.000
shaping reward              : 245.587
learning reward             : 645.587
episode length              : 375.1
abstract changes / episode  : 28.5
same abstract-state steps   : 92.4%
same-state shaping / episode: 0.000
changed-state shaping / ep. : 245.587
terminal shaping / episode  : 2.163
DFA transitions / episode   : 0.81
DFA transitions in window   : 1->2: 57, 2->3: 20, 3->4: 4
epsilon (next episode)       : 0.30112
replay buffer                : 300000 samples [1: 80.9%, 2: 14.1%, 3: 5.0%, 4: 0.0%]
DFA state visits in window   : 1: 24617, 2: 9673, 3: 3313, 4: 4
DFA state visits cumulative  : 1: 491361, 2: 44094, 3: 15146, 4: 5
DFA state entries in window  : 1: 100, 2: 57, 3: 20, 4: 4
DFA state entries cumulative : 1: 3000, 2: 331, 3: 75, 4: 5
transitions cumulative       : 1->2: 331, 2->3: 75, 3->4: 5
accepted directly from s0    : 0
Gym endings cumulative       : terminated=2948, truncated=47

Starting autonomous greedy evaluation at episode 3000 (1000 fixed-seed episodes)...
[Greedy evaluation at episode 3000 | 1000 fixed-seed episodes]
success=0.1%, failure=0.0%, task reward=10.000, length=192.4
DFA transitions: 1->2: 3, 2->3: 3, 3->4: 1
Best policy updated from autonomous greedy evaluation at episode 3000.

[Episode 3100/8000 | last 100]
success rate                : 0.0% (cumulative 0.2%)
failure rate                : 0.0% (cumulative 0.0%)
completed cycles / episode  : 0.000
synthetic task reward       : 0.000
shaping reward              : -66.302
learning reward             : -66.302
episode length              : 261.5
abstract changes / episode  : 23.8
same abstract-state steps   : 90.9%
same-state shaping / episode: 0.000
changed-state shaping / ep. : -66.302
terminal shaping / episode  : 0.000
DFA transitions / episode   : 0.39
DFA transitions in window   : 1->2: 36, 2->3: 3
epsilon (next episode)       : 0.28931
replay buffer                : 300000 samples [1: 79.6%, 2: 15.2%, 3: 5.2%, 4: 0.0%]
DFA state visits in window   : 1: 21718, 2: 3965, 3: 569, 4: 0
DFA state visits cumulative  : 1: 513079, 2: 48059, 3: 15715, 4: 5
DFA state entries in window  : 1: 100, 2: 36, 3: 3, 4: 0
DFA state entries cumulative : 1: 3100, 2: 367, 3: 78, 4: 5
transitions cumulative       : 1->2: 367, 2->3: 78, 3->4: 5
accepted directly from s0    : 0
Gym endings cumulative       : terminated=3048, truncated=47

[Episode 3200/8000 | last 100]
success rate                : 1.0% (cumulative 0.2%)
failure rate                : 0.0% (cumulative 0.0%)
completed cycles / episode  : 0.000
synthetic task reward       : 100.000
shaping reward              : 127.761
learning reward             : 227.761
episode length              : 311.0
abstract changes / episode  : 25.6
same abstract-state steps   : 91.8%
same-state shaping / episode: 0.000
changed-state shaping / ep. : 127.761
terminal shaping / episode  : -0.845
DFA transitions / episode   : 0.64
DFA transitions in window   : 1->2: 52, 2->3: 11, 3->4: 1
epsilon (next episode)       : 0.27797
replay buffer                : 300000 samples [1: 78.0%, 2: 16.6%, 3: 5.4%, 4: 0.0%]
DFA state visits in window   : 1: 23210, 2: 7183, 3: 804, 4: 1
DFA state visits cumulative  : 1: 536289, 2: 55242, 3: 16519, 4: 6
DFA state entries in window  : 1: 100, 2: 52, 3: 11, 4: 1
DFA state entries cumulative : 1: 3200, 2: 419, 3: 89, 4: 6
transitions cumulative       : 1->2: 419, 2->3: 89, 3->4: 6
accepted directly from s0    : 0
Gym endings cumulative       : terminated=3146, truncated=48

[Episode 3300/8000 | last 100]
success rate                : 2.0% (cumulative 0.2%)
failure rate                : 0.0% (cumulative 0.0%)
completed cycles / episode  : 0.000
synthetic task reward       : 200.000
shaping reward              : 269.437
learning reward             : 469.437
episode length              : 391.4
abstract changes / episode  : 32.7
same abstract-state steps   : 91.6%
same-state shaping / episode: 0.000
changed-state shaping / ep. : 269.437
terminal shaping / episode  : -0.723
DFA transitions / episode   : 0.95
DFA transitions in window   : 1->2: 66, 2->3: 27, 3->4: 2
epsilon (next episode)       : 0.26706
replay buffer                : 300000 samples [1: 76.8%, 2: 17.2%, 3: 6.0%, 4: 0.0%]
DFA state visits in window   : 1: 26552, 2: 9971, 3: 2710, 4: 2
DFA state visits cumulative  : 1: 562841, 2: 65213, 3: 19229, 4: 8
DFA state entries in window  : 1: 100, 2: 66, 3: 27, 4: 2
DFA state entries cumulative : 1: 3300, 2: 485, 3: 116, 4: 8
transitions cumulative       : 1->2: 485, 2->3: 116, 3->4: 8
accepted directly from s0    : 0
Gym endings cumulative       : terminated=3242, truncated=50

[Episode 3400/8000 | last 100]
success rate                : 3.0% (cumulative 0.3%)
failure rate                : 0.0% (cumulative 0.0%)
completed cycles / episode  : 0.000
synthetic task reward       : 300.000
shaping reward              : 507.430
learning reward             : 807.430
episode length              : 493.6
abstract changes / episode  : 35.2
same abstract-state steps   : 92.9%
same-state shaping / episode: 0.000
changed-state shaping / ep. : 507.430
terminal shaping / episode  : 4.970
DFA transitions / episode   : 1.29
DFA transitions in window   : 1->2: 78, 2->3: 48, 3->4: 3
epsilon (next episode)       : 0.25659
replay buffer                : 300000 samples [1: 69.3%, 2: 22.3%, 3: 8.4%, 4: 0.0%]
DFA state visits in window   : 1: 21995, 2: 19120, 3: 8345, 4: 3
DFA state visits cumulative  : 1: 584836, 2: 84333, 3: 27574, 4: 11
DFA state entries in window  : 1: 100, 2: 78, 3: 48, 4: 3
DFA state entries cumulative : 1: 3400, 2: 563, 3: 164, 4: 11
transitions cumulative       : 1->2: 563, 2->3: 164, 3->4: 11
accepted directly from s0    : 0
Gym endings cumulative       : terminated=3330, truncated=59

[Episode 3500/8000 | last 100]
success rate                : 14.0% (cumulative 0.7%)
failure rate                : 0.0% (cumulative 0.0%)
completed cycles / episode  : 0.000
synthetic task reward       : 1400.000
shaping reward              : 531.893
learning reward             : 1931.893
episode length              : 500.1
abstract changes / episode  : 35.9
same abstract-state steps   : 92.8%
same-state shaping / episode: 0.000
changed-state shaping / ep. : 531.893
terminal shaping / episode  : 12.115
DFA transitions / episode   : 1.43
DFA transitions in window   : 1->2: 75, 2->3: 54, 3->4: 14
epsilon (next episode)       : 0.24653
replay buffer                : 300000 samples [1: 63.6%, 2: 24.9%, 3: 11.5%, 4: 0.0%]
DFA state visits in window   : 1: 22327, 2: 13275, 3: 14496, 4: 14
DFA state visits cumulative  : 1: 607163, 2: 97608, 3: 42070, 4: 25
DFA state entries in window  : 1: 100, 2: 75, 3: 54, 4: 14
DFA state entries cumulative : 1: 3500, 2: 638, 3: 218, 4: 25
transitions cumulative       : 1->2: 638, 2->3: 218, 3->4: 25
accepted directly from s0    : 0
Gym endings cumulative       : terminated=3406, truncated=69

Starting autonomous greedy evaluation at episode 3500 (1000 fixed-seed episodes)...
[Greedy evaluation at episode 3500 | 1000 fixed-seed episodes]
success=0.0%, failure=0.0%, task reward=0.000, length=997.9
DFA transitions: 1->2: 998, 2->3: 88

[Episode 3600/8000 | last 100]
success rate                : 16.0% (cumulative 1.1%)
failure rate                : 0.0% (cumulative 0.0%)
completed cycles / episode  : 0.000
synthetic task reward       : 1600.000
shaping reward              : 485.142
learning reward             : 2085.142
episode length              : 459.2
abstract changes / episode  : 35.7
same abstract-state steps   : 92.2%
same-state shaping / episode: 0.000
changed-state shaping / ep. : 485.142
terminal shaping / episode  : 15.068
DFA transitions / episode   : 1.37
DFA transitions in window   : 1->2: 70, 2->3: 51, 3->4: 16
epsilon (next episode)       : 0.23686
replay buffer                : 300000 samples [1: 60.2%, 2: 26.4%, 3: 13.4%, 4: 0.0%]
DFA state visits in window   : 1: 24266, 2: 13359, 3: 8376, 4: 16
DFA state visits cumulative  : 1: 631429, 2: 110967, 3: 50446, 4: 41
DFA state entries in window  : 1: 100, 2: 70, 3: 51, 4: 16
DFA state entries cumulative : 1: 3600, 2: 708, 3: 269, 4: 41
transitions cumulative       : 1->2: 708, 2->3: 269, 3->4: 41
accepted directly from s0    : 0
Gym endings cumulative       : terminated=3481, truncated=78

[Episode 3700/8000 | last 100]
success rate                : 22.0% (cumulative 1.7%)
failure rate                : 0.0% (cumulative 0.0%)
completed cycles / episode  : 0.000
synthetic task reward       : 2200.000
shaping reward              : 449.247
learning reward             : 2649.247
episode length              : 475.4
abstract changes / episode  : 37.2
same abstract-state steps   : 92.2%
same-state shaping / episode: 0.000
changed-state shaping / ep. : 449.247
terminal shaping / episode  : 21.154
DFA transitions / episode   : 1.33
DFA transitions in window   : 1->2: 64, 2->3: 47, 3->4: 22
epsilon (next episode)       : 0.22757
replay buffer                : 300000 samples [1: 58.4%, 2: 26.8%, 3: 14.8%, 4: 0.0%]
DFA state visits in window   : 1: 27698, 2: 11649, 3: 8275, 4: 22
DFA state visits cumulative  : 1: 659127, 2: 122616, 3: 58721, 4: 63
DFA state entries in window  : 1: 100, 2: 64, 3: 47, 4: 22
DFA state entries cumulative : 1: 3700, 2: 772, 3: 316, 4: 63
transitions cumulative       : 1->2: 772, 2->3: 316, 3->4: 63
accepted directly from s0    : 0
Gym endings cumulative       : terminated=3554, truncated=83

[Episode 3800/8000 | last 100]
success rate                : 25.0% (cumulative 2.3%)
failure rate                : 0.0% (cumulative 0.0%)
completed cycles / episode  : 0.000
synthetic task reward       : 2500.000
shaping reward              : 493.953
learning reward             : 2993.953
episode length              : 361.7
abstract changes / episode  : 27.5
same abstract-state steps   : 92.4%
same-state shaping / episode: 0.000
changed-state shaping / ep. : 493.953
terminal shaping / episode  : 25.086
DFA transitions / episode   : 1.37
DFA transitions in window   : 1->2: 62, 2->3: 50, 3->4: 25
epsilon (next episode)       : 0.21865
replay buffer                : 300000 samples [1: 55.4%, 2: 27.6%, 3: 17.0%, 4: 0.0%]
DFA state visits in window   : 1: 19816, 2: 8262, 3: 8165, 4: 25
DFA state visits cumulative  : 1: 678943, 2: 130878, 3: 66886, 4: 88
DFA state entries in window  : 1: 100, 2: 62, 3: 50, 4: 25
DFA state entries cumulative : 1: 3800, 2: 834, 3: 366, 4: 88
transitions cumulative       : 1->2: 834, 2->3: 366, 3->4: 88
accepted directly from s0    : 0
Gym endings cumulative       : terminated=3627, truncated=85

[Episode 3900/8000 | last 100]
success rate                : 20.0% (cumulative 2.8%)
failure rate                : 0.0% (cumulative 0.0%)
completed cycles / episode  : 0.000
synthetic task reward       : 2000.000
shaping reward              : 420.574
learning reward             : 2420.574
episode length              : 313.7
abstract changes / episode  : 23.3
same abstract-state steps   : 92.6%
same-state shaping / episode: 0.000
changed-state shaping / ep. : 420.574
terminal shaping / episode  : 21.894
DFA transitions / episode   : 1.18
DFA transitions in window   : 1->2: 54, 2->3: 44, 3->4: 20
epsilon (next episode)       : 0.21007
replay buffer                : 300000 samples [1: 53.7%, 2: 27.7%, 3: 18.6%, 4: 0.0%]
DFA state visits in window   : 1: 18447, 2: 7336, 3: 5671, 4: 20
DFA state visits cumulative  : 1: 697390, 2: 138214, 3: 72557, 4: 108
DFA state entries in window  : 1: 100, 2: 54, 3: 44, 4: 20
DFA state entries cumulative : 1: 3900, 2: 888, 3: 410, 4: 108
transitions cumulative       : 1->2: 888, 2->3: 410, 3->4: 108
accepted directly from s0    : 0
Gym endings cumulative       : terminated=3707, truncated=85

[Episode 4000/8000 | last 100]
success rate                : 31.0% (cumulative 3.5%)
failure rate                : 0.0% (cumulative 0.0%)
completed cycles / episode  : 0.000
synthetic task reward       : 3100.000
shaping reward              : 560.938
learning reward             : 3660.938
episode length              : 356.6
abstract changes / episode  : 29.3
same abstract-state steps   : 91.8%
same-state shaping / episode: 0.000
changed-state shaping / ep. : 560.938
terminal shaping / episode  : 31.914
DFA transitions / episode   : 1.48
DFA transitions in window   : 1->2: 63, 2->3: 54, 3->4: 31
epsilon (next episode)       : 0.20183
replay buffer                : 300000 samples [1: 52.4%, 2: 27.6%, 3: 20.1%, 4: 0.0%]
DFA state visits in window   : 1: 19856, 2: 9034, 3: 6839, 4: 31
DFA state visits cumulative  : 1: 717246, 2: 147248, 3: 79396, 4: 139
DFA state entries in window  : 1: 100, 2: 63, 3: 54, 4: 31
DFA state entries cumulative : 1: 4000, 2: 951, 3: 464, 4: 139
transitions cumulative       : 1->2: 951, 2->3: 464, 3->4: 139
accepted directly from s0    : 0
Gym endings cumulative       : terminated=3775, truncated=86

Starting autonomous greedy evaluation at episode 4000 (1000 fixed-seed episodes)...
[Greedy evaluation at episode 4000 | 1000 fixed-seed episodes]
success=15.3%, failure=0.0%, task reward=1530.000, length=473.6
DFA transitions: 1->2: 906, 2->3: 783, 3->4: 153
Best policy updated from autonomous greedy evaluation at episode 4000.

[Episode 4100/8000 | last 100]
success rate                : 65.0% (cumulative 5.0%)
failure rate                : 0.0% (cumulative 0.0%)
completed cycles / episode  : 0.000
synthetic task reward       : 6500.000
shaping reward              : 777.076
learning reward             : 7277.076
episode length              : 444.4
abstract changes / episode  : 36.0
same abstract-state steps   : 91.9%
same-state shaping / episode: 0.000
changed-state shaping / ep. : 777.076
terminal shaping / episode  : 65.970
DFA transitions / episode   : 2.18
DFA transitions in window   : 1->2: 80, 2->3: 73, 3->4: 65
epsilon (next episode)       : 0.19392
replay buffer                : 300000 samples [1: 51.7%, 2: 26.3%, 3: 22.0%, 4: 0.0%]
DFA state visits in window   : 1: 19498, 2: 12747, 3: 12232, 4: 65
DFA state visits cumulative  : 1: 736744, 2: 159995, 3: 91628, 4: 204
DFA state entries in window  : 1: 100, 2: 80, 3: 73, 4: 65
DFA state entries cumulative : 1: 4100, 2: 1031, 3: 537, 4: 204
transitions cumulative       : 1->2: 1031, 2->3: 537, 3->4: 204
accepted directly from s0    : 0
Gym endings cumulative       : terminated=3810, truncated=86

[Episode 4200/8000 | last 100]
success rate                : 69.0% (cumulative 6.5%)
failure rate                : 0.0% (cumulative 0.0%)
completed cycles / episode  : 0.000
synthetic task reward       : 6900.000
shaping reward              : 866.328
learning reward             : 7766.328
episode length              : 445.6
abstract changes / episode  : 36.0
same abstract-state steps   : 91.9%
same-state shaping / episode: 0.000
changed-state shaping / ep. : 866.328
terminal shaping / episode  : 69.000
DFA transitions / episode   : 2.37
DFA transitions in window   : 1->2: 87, 2->3: 81, 3->4: 69
epsilon (next episode)       : 0.18631
replay buffer                : 300000 samples [1: 51.2%, 2: 26.7%, 3: 22.2%, 4: 0.0%]
DFA state visits in window   : 1: 19183, 2: 13659, 3: 11754, 4: 69
DFA state visits cumulative  : 1: 755927, 2: 173654, 3: 103382, 4: 273
DFA state entries in window  : 1: 100, 2: 87, 3: 81, 4: 69
DFA state entries cumulative : 1: 4200, 2: 1118, 3: 618, 4: 273
transitions cumulative       : 1->2: 1118, 2->3: 618, 3->4: 273
accepted directly from s0    : 0
Gym endings cumulative       : terminated=3839, truncated=88

[Episode 4300/8000 | last 100]
success rate                : 62.0% (cumulative 7.8%)
failure rate                : 0.0% (cumulative 0.0%)
completed cycles / episode  : 0.000
synthetic task reward       : 6200.000
shaping reward              : 816.263
learning reward             : 7016.263
episode length              : 435.0
abstract changes / episode  : 34.1
same abstract-state steps   : 92.2%
same-state shaping / episode: 0.000
changed-state shaping / ep. : 816.263
terminal shaping / episode  : 62.000
DFA transitions / episode   : 2.23
DFA transitions in window   : 1->2: 85, 2->3: 76, 3->4: 62
epsilon (next episode)       : 0.17900
replay buffer                : 300000 samples [1: 51.7%, 2: 26.3%, 3: 22.0%, 4: 0.0%]
DFA state visits in window   : 1: 22583, 2: 10795, 3: 10161, 4: 62
DFA state visits cumulative  : 1: 778510, 2: 184449, 3: 113543, 4: 335
DFA state entries in window  : 1: 100, 2: 85, 3: 76, 4: 62
DFA state entries cumulative : 1: 4300, 2: 1203, 3: 694, 4: 335
transitions cumulative       : 1->2: 1203, 2->3: 694, 3->4: 335
accepted directly from s0    : 0
Gym endings cumulative       : terminated=3874, truncated=91

[Episode 4400/8000 | last 100]
success rate                : 49.0% (cumulative 8.7%)
failure rate                : 0.0% (cumulative 0.0%)
completed cycles / episode  : 0.000
synthetic task reward       : 4900.000
shaping reward              : 542.786
learning reward             : 5442.786
episode length              : 394.7
abstract changes / episode  : 30.7
same abstract-state steps   : 92.2%
same-state shaping / episode: 0.000
changed-state shaping / ep. : 542.786
terminal shaping / episode  : 48.140
DFA transitions / episode   : 1.66
DFA transitions in window   : 1->2: 60, 2->3: 57, 3->4: 49
epsilon (next episode)       : 0.17198
replay buffer                : 300000 samples [1: 52.4%, 2: 25.1%, 3: 22.4%, 4: 0.0%]
DFA state visits in window   : 1: 24584, 2: 7613, 3: 7327, 4: 49
DFA state visits cumulative  : 1: 803094, 2: 192062, 3: 120870, 4: 384
DFA state entries in window  : 1: 100, 2: 60, 3: 57, 4: 49
DFA state entries cumulative : 1: 4400, 2: 1263, 3: 751, 4: 384
transitions cumulative       : 1->2: 1263, 2->3: 751, 3->4: 384
accepted directly from s0    : 0
Gym endings cumulative       : terminated=3922, truncated=94

[Episode 4500/8000 | last 100]
success rate                : 51.0% (cumulative 9.7%)
failure rate                : 0.0% (cumulative 0.0%)
completed cycles / episode  : 0.000
synthetic task reward       : 5100.000
shaping reward              : 552.611
learning reward             : 5652.611
episode length              : 397.5
abstract changes / episode  : 31.3
same abstract-state steps   : 92.1%
same-state shaping / episode: 0.000
changed-state shaping / ep. : 552.611
terminal shaping / episode  : 51.000
DFA transitions / episode   : 1.73
DFA transitions in window   : 1->2: 65, 2->3: 57, 3->4: 51
epsilon (next episode)       : 0.16524
replay buffer                : 300000 samples [1: 52.6%, 2: 25.8%, 3: 21.6%, 4: 0.0%]
DFA state visits in window   : 1: 22144, 2: 11265, 3: 6390, 4: 51
DFA state visits cumulative  : 1: 825238, 2: 203327, 3: 127260, 4: 435
DFA state entries in window  : 1: 100, 2: 65, 3: 57, 4: 51
DFA state entries cumulative : 1: 4500, 2: 1328, 3: 808, 4: 435
transitions cumulative       : 1->2: 1328, 2->3: 808, 3->4: 435
accepted directly from s0    : 0
Gym endings cumulative       : terminated=3966, truncated=99

Starting autonomous greedy evaluation at episode 4500 (1000 fixed-seed episodes)...
[Greedy evaluation at episode 4500 | 1000 fixed-seed episodes]
success=61.1%, failure=0.0%, task reward=6110.000, length=585.8
DFA transitions: 1->2: 822, 2->3: 624, 3->4: 611
Best policy updated from autonomous greedy evaluation at episode 4500.

[Episode 4600/8000 | last 100]
success rate                : 55.0% (cumulative 10.7%)
failure rate                : 0.0% (cumulative 0.0%)
completed cycles / episode  : 0.000
synthetic task reward       : 5500.000
shaping reward              : 616.999
learning reward             : 6116.999
episode length              : 362.6
abstract changes / episode  : 29.2
same abstract-state steps   : 91.9%
same-state shaping / episode: 0.000
changed-state shaping / ep. : 616.999
terminal shaping / episode  : 55.914
DFA transitions / episode   : 1.70
DFA transitions in window   : 1->2: 59, 2->3: 56, 3->4: 55
epsilon (next episode)       : 0.15876
replay buffer                : 300000 samples [1: 52.7%, 2: 26.0%, 3: 21.4%, 4: 0.0%]
DFA state visits in window   : 1: 21079, 2: 8965, 3: 6257, 4: 55
DFA state visits cumulative  : 1: 846317, 2: 212292, 3: 133517, 4: 490
DFA state entries in window  : 1: 100, 2: 59, 3: 56, 4: 55
DFA state entries cumulative : 1: 4600, 2: 1387, 3: 864, 4: 490
transitions cumulative       : 1->2: 1387, 2->3: 864, 3->4: 490
accepted directly from s0    : 0
Gym endings cumulative       : terminated=4009, truncated=101

[Episode 4700/8000 | last 100]
success rate                : 60.0% (cumulative 11.7%)
failure rate                : 0.0% (cumulative 0.0%)
completed cycles / episode  : 0.000
synthetic task reward       : 6000.000
shaping reward              : 743.256
learning reward             : 6743.256
episode length              : 404.1
abstract changes / episode  : 30.4
same abstract-state steps   : 92.5%
same-state shaping / episode: 0.000
changed-state shaping / ep. : 743.256
terminal shaping / episode  : 59.096
DFA transitions / episode   : 2.08
DFA transitions in window   : 1->2: 79, 2->3: 69, 3->4: 60
epsilon (next episode)       : 0.15253
replay buffer                : 300000 samples [1: 52.3%, 2: 26.4%, 3: 21.2%, 4: 0.0%]
DFA state visits in window   : 1: 21100, 2: 12076, 3: 7269, 4: 60
DFA state visits cumulative  : 1: 867417, 2: 224368, 3: 140786, 4: 550
DFA state entries in window  : 1: 100, 2: 79, 3: 69, 4: 60
DFA state entries cumulative : 1: 4700, 2: 1466, 3: 933, 4: 550
transitions cumulative       : 1->2: 1466, 2->3: 933, 3->4: 550
accepted directly from s0    : 0
Gym endings cumulative       : terminated=4045, truncated=105

[Episode 4800/8000 | last 100]
success rate                : 78.0% (cumulative 13.1%)
failure rate                : 0.0% (cumulative 0.0%)
completed cycles / episode  : 0.000
synthetic task reward       : 7800.000
shaping reward              : 883.335
learning reward             : 8683.335
episode length              : 394.2
abstract changes / episode  : 33.2
same abstract-state steps   : 91.6%
same-state shaping / episode: 0.000
changed-state shaping / ep. : 883.335
terminal shaping / episode  : 77.140
DFA transitions / episode   : 2.46
DFA transitions in window   : 1->2: 86, 2->3: 82, 3->4: 78
epsilon (next episode)       : 0.14655
replay buffer                : 300000 samples [1: 52.7%, 2: 26.7%, 3: 20.6%, 4: 0.0%]
DFA state visits in window   : 1: 19372, 2: 11740, 3: 8331, 4: 78
DFA state visits cumulative  : 1: 886789, 2: 236108, 3: 149117, 4: 628
DFA state entries in window  : 1: 100, 2: 86, 3: 82, 4: 78
DFA state entries cumulative : 1: 4800, 2: 1552, 3: 1015, 4: 628
transitions cumulative       : 1->2: 1552, 2->3: 1015, 3->4: 628
accepted directly from s0    : 0
Gym endings cumulative       : terminated=4066, truncated=106

[Episode 4900/8000 | last 100]
success rate                : 75.0% (cumulative 14.3%)
failure rate                : 0.0% (cumulative 0.0%)
completed cycles / episode  : 0.000
synthetic task reward       : 7500.000
shaping reward              : 864.277
learning reward             : 8364.277
episode length              : 368.2
abstract changes / episode  : 31.8
same abstract-state steps   : 91.4%
same-state shaping / episode: 0.000
changed-state shaping / ep. : 864.277
terminal shaping / episode  : 75.000
DFA transitions / episode   : 2.48
DFA transitions in window   : 1->2: 88, 2->3: 85, 3->4: 75
epsilon (next episode)       : 0.14080
replay buffer                : 300000 samples [1: 52.0%, 2: 27.3%, 3: 20.7%, 4: 0.0%]
DFA state visits in window   : 1: 14574, 2: 12503, 3: 9766, 4: 75
DFA state visits cumulative  : 1: 901363, 2: 248611, 3: 158883, 4: 703
DFA state entries in window  : 1: 100, 2: 88, 3: 85, 4: 75
DFA state entries cumulative : 1: 4900, 2: 1640, 3: 1100, 4: 703
transitions cumulative       : 1->2: 1640, 2->3: 1100, 3->4: 703
accepted directly from s0    : 0
Gym endings cumulative       : terminated=4091, truncated=106

[Episode 5000/8000 | last 100]
success rate                : 67.0% (cumulative 15.4%)
failure rate                : 0.0% (cumulative 0.0%)
completed cycles / episode  : 0.000
synthetic task reward       : 6700.000
shaping reward              : 882.378
learning reward             : 7582.378
episode length              : 374.2
abstract changes / episode  : 32.8
same abstract-state steps   : 91.2%
same-state shaping / episode: 0.000
changed-state shaping / ep. : 882.378
terminal shaping / episode  : 66.010
DFA transitions / episode   : 2.43
DFA transitions in window   : 1->2: 89, 2->3: 87, 3->4: 67
epsilon (next episode)       : 0.13528
replay buffer                : 300000 samples [1: 51.7%, 2: 27.7%, 3: 20.7%, 4: 0.0%]
DFA state visits in window   : 1: 16535, 2: 11339, 3: 9580, 4: 67
DFA state visits cumulative  : 1: 917898, 2: 259950, 3: 168463, 4: 770
DFA state entries in window  : 1: 100, 2: 89, 3: 87, 4: 67
DFA state entries cumulative : 1: 5000, 2: 1729, 3: 1187, 4: 770
transitions cumulative       : 1->2: 1729, 2->3: 1187, 3->4: 770
accepted directly from s0    : 0
Gym endings cumulative       : terminated=4123, truncated=107

Starting autonomous greedy evaluation at episode 5000 (1000 fixed-seed episodes)...
[Greedy evaluation at episode 5000 | 1000 fixed-seed episodes]
success=58.5%, failure=0.0%, task reward=5850.000, length=414.0
DFA transitions: 1->2: 925, 2->3: 891, 3->4: 585

[Episode 5100/8000 | last 100]
success rate                : 61.0% (cumulative 16.3%)
failure rate                : 0.0% (cumulative 0.0%)
completed cycles / episode  : 0.000
synthetic task reward       : 6100.000
shaping reward              : 817.250
learning reward             : 6917.250
episode length              : 371.7
abstract changes / episode  : 30.1
same abstract-state steps   : 91.9%
same-state shaping / episode: 0.000
changed-state shaping / ep. : 817.250
terminal shaping / episode  : 60.010
DFA transitions / episode   : 2.20
DFA transitions in window   : 1->2: 81, 2->3: 78, 3->4: 61
epsilon (next episode)       : 0.12998
replay buffer                : 300000 samples [1: 50.8%, 2: 27.7%, 3: 21.5%, 4: 0.0%]
DFA state visits in window   : 1: 17135, 2: 9304, 3: 10772, 4: 61
DFA state visits cumulative  : 1: 935033, 2: 269254, 3: 179235, 4: 831
DFA state entries in window  : 1: 100, 2: 81, 3: 78, 4: 61
DFA state entries cumulative : 1: 5100, 2: 1810, 3: 1265, 4: 831
transitions cumulative       : 1->2: 1810, 2->3: 1265, 3->4: 831
accepted directly from s0    : 0
Gym endings cumulative       : terminated=4161, truncated=108

[Episode 5200/8000 | last 100]
success rate                : 65.0% (cumulative 17.2%)
failure rate                : 0.0% (cumulative 0.0%)
completed cycles / episode  : 0.000
synthetic task reward       : 6500.000
shaping reward              : 882.765
learning reward             : 7382.765
episode length              : 368.6
abstract changes / episode  : 30.7
same abstract-state steps   : 91.7%
same-state shaping / episode: 0.000
changed-state shaping / ep. : 882.765
terminal shaping / episode  : 64.010
DFA transitions / episode   : 2.36
DFA transitions in window   : 1->2: 86, 2->3: 85, 3->4: 65
epsilon (next episode)       : 0.12488
replay buffer                : 300000 samples [1: 48.8%, 2: 28.6%, 3: 22.5%, 4: 0.0%]
DFA state visits in window   : 1: 17148, 2: 9783, 3: 9960, 4: 65
DFA state visits cumulative  : 1: 952181, 2: 279037, 3: 189195, 4: 896
DFA state entries in window  : 1: 100, 2: 86, 3: 85, 4: 65
DFA state entries cumulative : 1: 5200, 2: 1896, 3: 1350, 4: 896
transitions cumulative       : 1->2: 1896, 2->3: 1350, 3->4: 896
accepted directly from s0    : 0
Gym endings cumulative       : terminated=4196, truncated=108

[Episode 5300/8000 | last 100]
success rate                : 66.0% (cumulative 18.2%)
failure rate                : 0.0% (cumulative 0.0%)
completed cycles / episode  : 0.000
synthetic task reward       : 6600.000
shaping reward              : 822.463
learning reward             : 7422.463
episode length              : 323.2
abstract changes / episode  : 27.6
same abstract-state steps   : 91.5%
same-state shaping / episode: 0.000
changed-state shaping / ep. : 822.463
terminal shaping / episode  : 66.914
DFA transitions / episode   : 2.26
DFA transitions in window   : 1->2: 84, 2->3: 76, 3->4: 66
epsilon (next episode)       : 0.11998
replay buffer                : 300000 samples [1: 47.5%, 2: 28.9%, 3: 23.6%, 4: 0.0%]
DFA state visits in window   : 1: 14078, 2: 10302, 3: 7970, 4: 66
DFA state visits cumulative  : 1: 966259, 2: 289339, 3: 197165, 4: 962
DFA state entries in window  : 1: 100, 2: 84, 3: 76, 4: 66
DFA state entries cumulative : 1: 5300, 2: 1980, 3: 1426, 4: 962
transitions cumulative       : 1->2: 1980, 2->3: 1426, 3->4: 962
accepted directly from s0    : 0
Gym endings cumulative       : terminated=4229, truncated=109

[Episode 5400/8000 | last 100]
success rate                : 71.0% (cumulative 19.1%)
failure rate                : 0.0% (cumulative 0.0%)
completed cycles / episode  : 0.000
synthetic task reward       : 7100.000
shaping reward              : 769.470
learning reward             : 7869.470
episode length              : 326.7
abstract changes / episode  : 27.8
same abstract-state steps   : 91.5%
same-state shaping / episode: 0.000
changed-state shaping / ep. : 769.470
terminal shaping / episode  : 70.096
DFA transitions / episode   : 2.16
DFA transitions in window   : 1->2: 74, 2->3: 71, 3->4: 71
epsilon (next episode)       : 0.11528
replay buffer                : 300000 samples [1: 46.5%, 2: 29.5%, 3: 24.0%, 4: 0.0%]
DFA state visits in window   : 1: 16005, 2: 9333, 3: 7362, 4: 71
DFA state visits cumulative  : 1: 982264, 2: 298672, 3: 204527, 4: 1033
DFA state entries in window  : 1: 100, 2: 74, 3: 71, 4: 71
DFA state entries cumulative : 1: 5400, 2: 2054, 3: 1497, 4: 1033
transitions cumulative       : 1->2: 2054, 2->3: 1497, 3->4: 1033
accepted directly from s0    : 0
Gym endings cumulative       : terminated=4258, truncated=109

[Episode 5500/8000 | last 100]
success rate                : 63.0% (cumulative 19.9%)
failure rate                : 0.0% (cumulative 0.0%)
completed cycles / episode  : 0.000
synthetic task reward       : 6300.000
shaping reward              : 718.975
learning reward             : 7018.975
episode length              : 373.2
abstract changes / episode  : 32.2
same abstract-state steps   : 91.4%
same-state shaping / episode: 0.000
changed-state shaping / ep. : 718.975
terminal shaping / episode  : 63.949
DFA transitions / episode   : 2.02
DFA transitions in window   : 1->2: 71, 2->3: 68, 3->4: 63
epsilon (next episode)       : 0.11075
replay buffer                : 300000 samples [1: 47.2%, 2: 29.0%, 3: 23.8%, 4: 0.0%]
DFA state visits in window   : 1: 20896, 2: 10165, 3: 6298, 4: 63
DFA state visits cumulative  : 1: 1003160, 2: 308837, 3: 210825, 4: 1096
DFA state entries in window  : 1: 100, 2: 71, 3: 68, 4: 63
DFA state entries cumulative : 1: 5500, 2: 2125, 3: 1565, 4: 1096
transitions cumulative       : 1->2: 2125, 2->3: 1565, 3->4: 1096
accepted directly from s0    : 0
Gym endings cumulative       : terminated=4293, truncated=111

Starting autonomous greedy evaluation at episode 5500 (1000 fixed-seed episodes)...
[Greedy evaluation at episode 5500 | 1000 fixed-seed episodes]
success=74.1%, failure=0.0%, task reward=7410.000, length=348.3
DFA transitions: 1->2: 823, 2->3: 812, 3->4: 741
Best policy updated from autonomous greedy evaluation at episode 5500.

[Episode 5600/8000 | last 100]
success rate                : 69.0% (cumulative 20.8%)
failure rate                : 0.0% (cumulative 0.0%)
completed cycles / episode  : 0.000
synthetic task reward       : 6900.000
shaping reward              : 760.326
learning reward             : 7660.326
episode length              : 381.9
abstract changes / episode  : 32.6
same abstract-state steps   : 91.5%
same-state shaping / episode: 0.000
changed-state shaping / ep. : 760.326
terminal shaping / episode  : 69.000
DFA transitions / episode   : 2.26
DFA transitions in window   : 1->2: 80, 2->3: 77, 3->4: 69
epsilon (next episode)       : 0.10641
replay buffer                : 300000 samples [1: 47.4%, 2: 28.8%, 3: 23.8%, 4: 0.0%]
DFA state visits in window   : 1: 20266, 2: 10270, 3: 7687, 4: 69
DFA state visits cumulative  : 1: 1023426, 2: 319107, 3: 218512, 4: 1165
DFA state entries in window  : 1: 100, 2: 80, 3: 77, 4: 69
DFA state entries cumulative : 1: 5600, 2: 2205, 3: 1642, 4: 1165
transitions cumulative       : 1->2: 2205, 2->3: 1642, 3->4: 1165
accepted directly from s0    : 0
Gym endings cumulative       : terminated=4323, truncated=112

[Episode 5700/8000 | last 100]
success rate                : 71.0% (cumulative 21.7%)
failure rate                : 0.0% (cumulative 0.0%)
completed cycles / episode  : 0.000
synthetic task reward       : 7100.000
shaping reward              : 885.788
learning reward             : 7985.788
episode length              : 413.5
abstract changes / episode  : 34.6
same abstract-state steps   : 91.6%
same-state shaping / episode: 0.000
changed-state shaping / ep. : 885.788
terminal shaping / episode  : 71.035
DFA transitions / episode   : 2.33
DFA transitions in window   : 1->2: 84, 2->3: 78, 3->4: 71
epsilon (next episode)       : 0.10224
replay buffer                : 300000 samples [1: 48.3%, 2: 28.6%, 3: 23.1%, 4: 0.0%]
DFA state visits in window   : 1: 20268, 2: 13349, 3: 7758, 4: 71
DFA state visits cumulative  : 1: 1043694, 2: 332456, 3: 226270, 4: 1236
DFA state entries in window  : 1: 100, 2: 84, 3: 78, 4: 71
DFA state entries cumulative : 1: 5700, 2: 2289, 3: 1720, 4: 1236
transitions cumulative       : 1->2: 2289, 2->3: 1720, 3->4: 1236
accepted directly from s0    : 0
Gym endings cumulative       : terminated=4346, truncated=118

[Episode 5800/8000 | last 100]
success rate                : 34.0% (cumulative 21.9%)
failure rate                : 0.0% (cumulative 0.0%)
completed cycles / episode  : 0.000
synthetic task reward       : 3400.000
shaping reward              : 380.858
learning reward             : 3780.858
episode length              : 336.8
abstract changes / episode  : 27.9
same abstract-state steps   : 91.7%
same-state shaping / episode: 0.000
changed-state shaping / ep. : 380.858
terminal shaping / episode  : 33.954
DFA transitions / episode   : 1.30
DFA transitions in window   : 1->2: 58, 2->3: 38, 3->4: 34
epsilon (next episode)       : 0.09823
replay buffer                : 300000 samples [1: 49.7%, 2: 28.6%, 3: 21.7%, 4: 0.0%]
DFA state visits in window   : 1: 19666, 2: 10560, 3: 3520, 4: 34
DFA state visits cumulative  : 1: 1063360, 2: 343016, 3: 229790, 4: 1270
DFA state entries in window  : 1: 100, 2: 58, 3: 38, 4: 34
DFA state entries cumulative : 1: 5800, 2: 2347, 3: 1758, 4: 1270
transitions cumulative       : 1->2: 2347, 2->3: 1758, 3->4: 1270
accepted directly from s0    : 0
Gym endings cumulative       : terminated=4410, truncated=120

[Episode 5900/8000 | last 100]
success rate                : 63.0% (cumulative 22.6%)
failure rate                : 0.0% (cumulative 0.0%)
completed cycles / episode  : 0.000
synthetic task reward       : 6300.000
shaping reward              : 748.290
learning reward             : 7048.290
episode length              : 363.7
abstract changes / episode  : 30.7
same abstract-state steps   : 91.5%
same-state shaping / episode: 0.000
changed-state shaping / ep. : 748.290
terminal shaping / episode  : 63.000
DFA transitions / episode   : 2.16
DFA transitions in window   : 1->2: 81, 2->3: 72, 3->4: 63
epsilon (next episode)       : 0.09438
replay buffer                : 300000 samples [1: 50.4%, 2: 29.3%, 3: 20.2%, 4: 0.0%]
DFA state visits in window   : 1: 17926, 2: 11558, 3: 6919, 4: 63
DFA state visits cumulative  : 1: 1081286, 2: 354574, 3: 236709, 4: 1333
DFA state entries in window  : 1: 100, 2: 81, 3: 72, 4: 63
DFA state entries cumulative : 1: 5900, 2: 2428, 3: 1830, 4: 1333
transitions cumulative       : 1->2: 2428, 2->3: 1830, 3->4: 1333
accepted directly from s0    : 0
Gym endings cumulative       : terminated=4447, truncated=120

[Episode 6000/8000 | last 100]
success rate                : 56.0% (cumulative 23.2%)
failure rate                : 0.0% (cumulative 0.0%)
completed cycles / episode  : 0.000
synthetic task reward       : 5600.000
shaping reward              : 701.464
learning reward             : 6301.464
episode length              : 338.4
abstract changes / episode  : 31.2
same abstract-state steps   : 90.8%
same-state shaping / episode: 0.000
changed-state shaping / ep. : 701.464
terminal shaping / episode  : 56.914
DFA transitions / episode   : 2.00
DFA transitions in window   : 1->2: 81, 2->3: 63, 3->4: 56
epsilon (next episode)       : 0.09067
replay buffer                : 300000 samples [1: 51.2%, 2: 29.8%, 3: 19.0%, 4: 0.0%]
DFA state visits in window   : 1: 17648, 2: 10563, 3: 5669, 4: 56
DFA state visits cumulative  : 1: 1098934, 2: 365137, 3: 242378, 4: 1389
DFA state entries in window  : 1: 100, 2: 81, 3: 63, 4: 56
DFA state entries cumulative : 1: 6000, 2: 2509, 3: 1893, 4: 1389
transitions cumulative       : 1->2: 2509, 2->3: 1893, 3->4: 1389
accepted directly from s0    : 0
Gym endings cumulative       : terminated=4489, truncated=122

Starting autonomous greedy evaluation at episode 6000 (1000 fixed-seed episodes)...
[Greedy evaluation at episode 6000 | 1000 fixed-seed episodes]
success=13.9%, failure=0.0%, task reward=1390.000, length=460.2
DFA transitions: 1->2: 847, 2->3: 324, 3->4: 139

[Episode 6100/8000 | last 100]
success rate                : 56.0% (cumulative 23.7%)
failure rate                : 0.0% (cumulative 0.0%)
completed cycles / episode  : 0.000
synthetic task reward       : 5600.000
shaping reward              : 739.235
learning reward             : 6339.235
episode length              : 391.3
abstract changes / episode  : 33.9
same abstract-state steps   : 91.3%
same-state shaping / episode: 0.000
changed-state shaping / ep. : 739.235
terminal shaping / episode  : 55.114
DFA transitions / episode   : 2.04
DFA transitions in window   : 1->2: 83, 2->3: 65, 3->4: 56
epsilon (next episode)       : 0.08712
replay buffer                : 300000 samples [1: 52.6%, 2: 29.9%, 3: 17.5%, 4: 0.0%]
DFA state visits in window   : 1: 21572, 2: 11828, 3: 5778, 4: 56
DFA state visits cumulative  : 1: 1120506, 2: 376965, 3: 248156, 4: 1445
DFA state entries in window  : 1: 100, 2: 83, 3: 65, 4: 56
DFA state entries cumulative : 1: 6100, 2: 2592, 3: 1958, 4: 1445
transitions cumulative       : 1->2: 2592, 2->3: 1958, 3->4: 1445
accepted directly from s0    : 0
Gym endings cumulative       : terminated=4530, truncated=125

[Episode 6200/8000 | last 100]
success rate                : 42.0% (cumulative 24.0%)
failure rate                : 0.0% (cumulative 0.0%)
completed cycles / episode  : 0.000
synthetic task reward       : 4200.000
shaping reward              : 466.192
learning reward             : 4666.192
episode length              : 383.4
abstract changes / episode  : 34.5
same abstract-state steps   : 91.0%
same-state shaping / episode: 0.000
changed-state shaping / ep. : 466.192
terminal shaping / episode  : 42.914
DFA transitions / episode   : 1.50
DFA transitions in window   : 1->2: 58, 2->3: 50, 3->4: 42
epsilon (next episode)       : 0.08370
replay buffer                : 300000 samples [1: 55.5%, 2: 28.3%, 3: 16.3%, 4: 0.0%]
DFA state visits in window   : 1: 27246, 2: 6185, 3: 4965, 4: 42
DFA state visits cumulative  : 1: 1147752, 2: 383150, 3: 253121, 4: 1487
DFA state entries in window  : 1: 100, 2: 58, 3: 50, 4: 42
DFA state entries cumulative : 1: 6200, 2: 2650, 3: 2008, 4: 1487
transitions cumulative       : 1->2: 2650, 2->3: 2008, 3->4: 1487
accepted directly from s0    : 0
Gym endings cumulative       : terminated=4588, truncated=125

[Episode 6300/8000 | last 100]
success rate                : 49.0% (cumulative 24.4%)
failure rate                : 0.0% (cumulative 0.0%)
completed cycles / episode  : 0.000
synthetic task reward       : 4900.000
shaping reward              : 557.000
learning reward             : 5457.000
episode length              : 333.1
abstract changes / episode  : 29.4
same abstract-state steps   : 91.2%
same-state shaping / episode: 0.000
changed-state shaping / ep. : 557.000
terminal shaping / episode  : 48.096
DFA transitions / episode   : 1.57
DFA transitions in window   : 1->2: 57, 2->3: 51, 3->4: 49
epsilon (next episode)       : 0.08042
replay buffer                : 300000 samples [1: 57.4%, 2: 27.1%, 3: 15.6%, 4: 0.0%]
DFA state visits in window   : 1: 24249, 2: 5577, 3: 3533, 4: 49
DFA state visits cumulative  : 1: 1172001, 2: 388727, 3: 256654, 4: 1536
DFA state entries in window  : 1: 100, 2: 57, 3: 51, 4: 49
DFA state entries cumulative : 1: 6300, 2: 2707, 3: 2059, 4: 1536
transitions cumulative       : 1->2: 2707, 2->3: 2059, 3->4: 1536
accepted directly from s0    : 0
Gym endings cumulative       : terminated=4638, truncated=126

[Episode 6400/8000 | last 100]
success rate                : 48.0% (cumulative 24.8%)
failure rate                : 0.0% (cumulative 0.0%)
completed cycles / episode  : 0.000
synthetic task reward       : 4800.000
shaping reward              : 568.571
learning reward             : 5368.571
episode length              : 351.8
abstract changes / episode  : 31.9
same abstract-state steps   : 90.9%
same-state shaping / episode: 0.000
changed-state shaping / ep. : 568.571
terminal shaping / episode  : 46.182
DFA transitions / episode   : 1.65
DFA transitions in window   : 1->2: 63, 2->3: 54, 3->4: 48
epsilon (next episode)       : 0.07727
replay buffer                : 300000 samples [1: 58.6%, 2: 26.3%, 3: 15.1%, 4: 0.0%]
DFA state visits in window   : 1: 22882, 2: 7081, 3: 5268, 4: 48
DFA state visits cumulative  : 1: 1194883, 2: 395808, 3: 261922, 4: 1584
DFA state entries in window  : 1: 100, 2: 63, 3: 54, 4: 48
DFA state entries cumulative : 1: 6400, 2: 2770, 3: 2113, 4: 1584
transitions cumulative       : 1->2: 2770, 2->3: 2113, 3->4: 1584
accepted directly from s0    : 0
Gym endings cumulative       : terminated=4688, truncated=128

[Episode 6500/8000 | last 100]
success rate                : 37.0% (cumulative 24.9%)
failure rate                : 0.0% (cumulative 0.0%)
completed cycles / episode  : 0.000
synthetic task reward       : 3700.000
shaping reward              : 505.111
learning reward             : 4205.111
episode length              : 489.6
abstract changes / episode  : 43.0
same abstract-state steps   : 91.2%
same-state shaping / episode: 0.000
changed-state shaping / ep. : 505.111
terminal shaping / episode  : 37.000
DFA transitions / episode   : 1.53
DFA transitions in window   : 1->2: 64, 2->3: 52, 3->4: 37
epsilon (next episode)       : 0.07423
replay buffer                : 300000 samples [1: 61.9%, 2: 24.2%, 3: 13.9%, 4: 0.0%]
DFA state visits in window   : 1: 34485, 2: 8821, 3: 5713, 4: 37
DFA state visits cumulative  : 1: 1229368, 2: 404629, 3: 267635, 4: 1621
DFA state entries in window  : 1: 100, 2: 64, 3: 52, 4: 37
DFA state entries cumulative : 1: 6500, 2: 2834, 3: 2165, 4: 1621
transitions cumulative       : 1->2: 2834, 2->3: 2165, 3->4: 1621
accepted directly from s0    : 0
Gym endings cumulative       : terminated=4740, truncated=139

Starting autonomous greedy evaluation at episode 6500 (1000 fixed-seed episodes)...
[Greedy evaluation at episode 6500 | 1000 fixed-seed episodes]
success=62.5%, failure=0.0%, task reward=6250.000, length=547.9
DFA transitions: 1->2: 855, 2->3: 799, 3->4: 625

[Episode 6600/8000 | last 100]
success rate                : 50.0% (cumulative 25.3%)
failure rate                : 0.0% (cumulative 0.0%)
completed cycles / episode  : 0.000
synthetic task reward       : 5000.000
shaping reward              : 531.258
learning reward             : 5531.258
episode length              : 395.6
abstract changes / episode  : 37.2
same abstract-state steps   : 90.6%
same-state shaping / episode: 0.000
changed-state shaping / ep. : 531.258
terminal shaping / episode  : 50.000
DFA transitions / episode   : 1.73
DFA transitions in window   : 1->2: 69, 2->3: 54, 3->4: 50
epsilon (next episode)       : 0.07132
replay buffer                : 300000 samples [1: 63.8%, 2: 22.7%, 3: 13.4%, 4: 0.0%]
DFA state visits in window   : 1: 28014, 2: 8219, 3: 3378, 4: 50
DFA state visits cumulative  : 1: 1257382, 2: 412848, 3: 271013, 4: 1671
DFA state entries in window  : 1: 100, 2: 69, 3: 54, 4: 50
DFA state entries cumulative : 1: 6600, 2: 2903, 3: 2219, 4: 1671
transitions cumulative       : 1->2: 2903, 2->3: 2219, 3->4: 1671
accepted directly from s0    : 0
Gym endings cumulative       : terminated=4784, truncated=145

[Episode 6700/8000 | last 100]
success rate                : 60.0% (cumulative 25.8%)
failure rate                : 0.0% (cumulative 0.0%)
completed cycles / episode  : 0.000
synthetic task reward       : 6000.000
shaping reward              : 670.613
learning reward             : 6670.613
episode length              : 362.8
abstract changes / episode  : 32.9
same abstract-state steps   : 90.9%
same-state shaping / episode: 0.000
changed-state shaping / ep. : 670.613
terminal shaping / episode  : 60.000
DFA transitions / episode   : 2.06
DFA transitions in window   : 1->2: 82, 2->3: 64, 3->4: 60
epsilon (next episode)       : 0.06853
replay buffer                : 300000 samples [1: 64.7%, 2: 22.7%, 3: 12.6%, 4: 0.0%]
DFA state visits in window   : 1: 20822, 2: 11214, 3: 4288, 4: 60
DFA state visits cumulative  : 1: 1278204, 2: 424062, 3: 275301, 4: 1731
DFA state entries in window  : 1: 100, 2: 82, 3: 64, 4: 60
DFA state entries cumulative : 1: 6700, 2: 2985, 3: 2283, 4: 1731
transitions cumulative       : 1->2: 2985, 2->3: 2283, 3->4: 1731
accepted directly from s0    : 0
Gym endings cumulative       : terminated=4821, truncated=148

[Episode 6800/8000 | last 100]
success rate                : 35.0% (cumulative 26.0%)
failure rate                : 0.0% (cumulative 0.0%)
completed cycles / episode  : 0.000
synthetic task reward       : 3500.000
shaping reward              : 541.753
learning reward             : 4041.753
episode length              : 418.6
abstract changes / episode  : 35.5
same abstract-state steps   : 91.5%
same-state shaping / episode: 0.000
changed-state shaping / ep. : 541.753
terminal shaping / episode  : 34.068
DFA transitions / episode   : 1.60
DFA transitions in window   : 1->2: 73, 2->3: 52, 3->4: 35
epsilon (next episode)       : 0.06584
replay buffer                : 300000 samples [1: 64.8%, 2: 22.6%, 3: 12.6%, 4: 0.0%]
DFA state visits in window   : 1: 22782, 2: 12488, 3: 6652, 4: 35
DFA state visits cumulative  : 1: 1300986, 2: 436550, 3: 281953, 4: 1766
DFA state entries in window  : 1: 100, 2: 73, 3: 52, 4: 35
DFA state entries cumulative : 1: 6800, 2: 3058, 3: 2335, 4: 1766
transitions cumulative       : 1->2: 3058, 2->3: 2335, 3->4: 1766
accepted directly from s0    : 0
Gym endings cumulative       : terminated=4882, truncated=152

[Episode 6900/8000 | last 100]
success rate                : 46.0% (cumulative 26.3%)
failure rate                : 0.0% (cumulative 0.0%)
completed cycles / episode  : 0.000
synthetic task reward       : 4600.000
shaping reward              : 612.380
learning reward             : 5212.380
episode length              : 470.1
abstract changes / episode  : 39.0
same abstract-state steps   : 91.7%
same-state shaping / episode: 0.000
changed-state shaping / ep. : 612.380
terminal shaping / episode  : 46.000
DFA transitions / episode   : 1.86
DFA transitions in window   : 1->2: 77, 2->3: 63, 3->4: 46
epsilon (next episode)       : 0.06326
replay buffer                : 300000 samples [1: 63.2%, 2: 23.2%, 3: 13.6%, 4: 0.0%]
DFA state visits in window   : 1: 23818, 2: 13511, 3: 9735, 4: 46
DFA state visits cumulative  : 1: 1324804, 2: 450061, 3: 291688, 4: 1812
DFA state entries in window  : 1: 100, 2: 77, 3: 63, 4: 46
DFA state entries cumulative : 1: 6900, 2: 3135, 3: 2398, 4: 1812
transitions cumulative       : 1->2: 3135, 2->3: 2398, 3->4: 1812
accepted directly from s0    : 0
Gym endings cumulative       : terminated=4932, truncated=156

[Episode 7000/8000 | last 100]
success rate                : 49.0% (cumulative 26.6%)
failure rate                : 0.0% (cumulative 0.0%)
completed cycles / episode  : 0.000
synthetic task reward       : 4900.000
shaping reward              : 761.011
learning reward             : 5661.011
episode length              : 480.4
abstract changes / episode  : 39.5
same abstract-state steps   : 91.8%
same-state shaping / episode: 0.000
changed-state shaping / ep. : 761.011
terminal shaping / episode  : 49.000
DFA transitions / episode   : 2.06
DFA transitions in window   : 1->2: 82, 2->3: 75, 3->4: 49
epsilon (next episode)       : 0.06078
replay buffer                : 300000 samples [1: 59.7%, 2: 26.0%, 3: 14.3%, 4: 0.0%]
DFA state visits in window   : 1: 24175, 2: 16548, 3: 7363, 4: 49
DFA state visits cumulative  : 1: 1348979, 2: 466609, 3: 299051, 4: 1861
DFA state entries in window  : 1: 100, 2: 82, 3: 75, 4: 49
DFA state entries cumulative : 1: 7000, 2: 3217, 3: 2473, 4: 1861
transitions cumulative       : 1->2: 3217, 2->3: 2473, 3->4: 1861
accepted directly from s0    : 0
Gym endings cumulative       : terminated=4980, truncated=159

Starting autonomous greedy evaluation at episode 7000 (1000 fixed-seed episodes)...
[Greedy evaluation at episode 7000 | 1000 fixed-seed episodes]
success=1.4%, failure=0.0%, task reward=140.000, length=327.6
DFA transitions: 1->2: 158, 2->3: 39, 3->4: 14

[Episode 7100/8000 | last 100]
success rate                : 42.0% (cumulative 26.8%)
failure rate                : 0.0% (cumulative 0.0%)
completed cycles / episode  : 0.000
synthetic task reward       : 4200.000
shaping reward              : 526.234
learning reward             : 4726.234
episode length              : 357.5
abstract changes / episode  : 29.3
same abstract-state steps   : 91.8%
same-state shaping / episode: 0.000
changed-state shaping / ep. : 526.234
terminal shaping / episode  : 42.000
DFA transitions / episode   : 1.58
DFA transitions in window   : 1->2: 62, 2->3: 54, 3->4: 42
epsilon (next episode)       : 0.05839
replay buffer                : 300000 samples [1: 59.0%, 2: 27.0%, 3: 14.0%, 4: 0.0%]
DFA state visits in window   : 1: 21127, 2: 9936, 3: 4746, 4: 42
DFA state visits cumulative  : 1: 1370106, 2: 476545, 3: 303797, 4: 1903
DFA state entries in window  : 1: 100, 2: 62, 3: 54, 4: 42
DFA state entries cumulative : 1: 7100, 2: 3279, 3: 2527, 4: 1903
transitions cumulative       : 1->2: 3279, 2->3: 2527, 3->4: 1903
accepted directly from s0    : 0
Gym endings cumulative       : terminated=5037, truncated=160

[Episode 7200/8000 | last 100]
success rate                : 40.0% (cumulative 27.0%)
failure rate                : 0.0% (cumulative 0.0%)
completed cycles / episode  : 0.000
synthetic task reward       : 4000.000
shaping reward              : 490.183
learning reward             : 4490.183
episode length              : 494.0
abstract changes / episode  : 38.2
same abstract-state steps   : 92.3%
same-state shaping / episode: 0.000
changed-state shaping / ep. : 490.183
terminal shaping / episode  : 40.000
DFA transitions / episode   : 1.49
DFA transitions in window   : 1->2: 63, 2->3: 46, 3->4: 40
epsilon (next episode)       : 0.05610
replay buffer                : 300000 samples [1: 59.4%, 2: 27.0%, 3: 13.5%, 4: 0.0%]
DFA state visits in window   : 1: 37053, 2: 8420, 3: 3984, 4: 40
DFA state visits cumulative  : 1: 1407159, 2: 484965, 3: 307781, 4: 1943
DFA state entries in window  : 1: 100, 2: 63, 3: 46, 4: 40
DFA state entries cumulative : 1: 7200, 2: 3342, 3: 2573, 4: 1943
transitions cumulative       : 1->2: 3342, 2->3: 2573, 3->4: 1943
accepted directly from s0    : 0
Gym endings cumulative       : terminated=5093, truncated=164

[Episode 7300/8000 | last 100]
success rate                : 27.0% (cumulative 27.0%)
failure rate                : 0.0% (cumulative 0.0%)
completed cycles / episode  : 0.000
synthetic task reward       : 2700.000
shaping reward              : 332.996
learning reward             : 3032.996
episode length              : 396.7
abstract changes / episode  : 32.4
same abstract-state steps   : 91.8%
same-state shaping / episode: 0.000
changed-state shaping / ep. : 332.996
terminal shaping / episode  : 26.149
DFA transitions / episode   : 1.03
DFA transitions in window   : 1->2: 44, 2->3: 32, 3->4: 27
epsilon (next episode)       : 0.05390
replay buffer                : 300000 samples [1: 61.1%, 2: 25.7%, 3: 13.1%, 4: 0.0%]
DFA state visits in window   : 1: 32818, 2: 4514, 3: 2414, 4: 27
DFA state visits cumulative  : 1: 1439977, 2: 489479, 3: 310195, 4: 1970
DFA state entries in window  : 1: 100, 2: 44, 3: 32, 4: 27
DFA state entries cumulative : 1: 7300, 2: 3386, 3: 2605, 4: 1970
transitions cumulative       : 1->2: 3386, 2->3: 2605, 3->4: 1970
accepted directly from s0    : 0
Gym endings cumulative       : terminated=5166, truncated=164

[Episode 7400/8000 | last 100]
success rate                : 57.0% (cumulative 27.4%)
failure rate                : 0.0% (cumulative 0.0%)
completed cycles / episode  : 0.000
synthetic task reward       : 5700.000
shaping reward              : 623.486
learning reward             : 6323.486
episode length              : 403.1
abstract changes / episode  : 34.2
same abstract-state steps   : 91.5%
same-state shaping / episode: 0.000
changed-state shaping / ep. : 623.486
terminal shaping / episode  : 56.086
DFA transitions / episode   : 1.96
DFA transitions in window   : 1->2: 72, 2->3: 67, 3->4: 57
epsilon (next episode)       : 0.05179
replay buffer                : 300000 samples [1: 62.3%, 2: 24.2%, 3: 13.6%, 4: 0.0%]
DFA state visits in window   : 1: 26454, 2: 7857, 3: 6039, 4: 57
DFA state visits cumulative  : 1: 1466431, 2: 497336, 3: 316234, 4: 2027
DFA state entries in window  : 1: 100, 2: 72, 3: 67, 4: 57
DFA state entries cumulative : 1: 7400, 2: 3458, 3: 2672, 4: 2027
transitions cumulative       : 1->2: 3458, 2->3: 2672, 3->4: 2027
accepted directly from s0    : 0
Gym endings cumulative       : terminated=5209, truncated=164

[Episode 7500/8000 | last 100]
success rate                : 70.0% (cumulative 28.0%)
failure rate                : 0.0% (cumulative 0.0%)
completed cycles / episode  : 0.000
synthetic task reward       : 7000.000
shaping reward              : 800.199
learning reward             : 7800.199
episode length              : 348.0
abstract changes / episode  : 30.3
same abstract-state steps   : 91.3%
same-state shaping / episode: 0.000
changed-state shaping / ep. : 800.199
terminal shaping / episode  : 69.122
DFA transitions / episode   : 2.30
DFA transitions in window   : 1->2: 81, 2->3: 79, 3->4: 70
epsilon (next episode)       : 0.04976
replay buffer                : 300000 samples [1: 62.8%, 2: 23.0%, 3: 14.2%, 4: 0.0%]
DFA state visits in window   : 1: 19909, 2: 6998, 3: 7921, 4: 70
DFA state visits cumulative  : 1: 1486340, 2: 504334, 3: 324155, 4: 2097
DFA state entries in window  : 1: 100, 2: 81, 3: 79, 4: 70
DFA state entries cumulative : 1: 7500, 2: 3539, 3: 2751, 4: 2097
transitions cumulative       : 1->2: 3539, 2->3: 2751, 3->4: 2097
accepted directly from s0    : 0
Gym endings cumulative       : terminated=5239, truncated=164

Starting autonomous greedy evaluation at episode 7500 (1000 fixed-seed episodes)...
[Greedy evaluation at episode 7500 | 1000 fixed-seed episodes]
success=31.4%, failure=0.0%, task reward=3140.000, length=205.3
DFA transitions: 1->2: 317, 2->3: 315, 3->4: 314

[Episode 7600/8000 | last 100]
success rate                : 20.0% (cumulative 27.9%)
failure rate                : 0.0% (cumulative 0.0%)
completed cycles / episode  : 0.000
synthetic task reward       : 2000.000
shaping reward              : 17.591
learning reward             : 2017.591
episode length              : 165.0
abstract changes / episode  : 17.6
same abstract-state steps   : 89.3%
same-state shaping / episode: 0.000
changed-state shaping / ep. : 17.591
terminal shaping / episode  : 20.000
DFA transitions / episode   : 0.60
DFA transitions in window   : 1->2: 20, 2->3: 20, 3->4: 20
epsilon (next episode)       : 0.04781
replay buffer                : 300000 samples [1: 64.2%, 2: 22.0%, 3: 13.9%, 4: 0.0%]
DFA state visits in window   : 1: 13396, 2: 1499, 3: 1681, 4: 20
DFA state visits cumulative  : 1: 1499736, 2: 505833, 3: 325836, 4: 2117
DFA state entries in window  : 1: 100, 2: 20, 3: 20, 4: 20
DFA state entries cumulative : 1: 7600, 2: 3559, 3: 2771, 4: 2117
transitions cumulative       : 1->2: 3559, 2->3: 2771, 3->4: 2117
accepted directly from s0    : 0
Gym endings cumulative       : terminated=5319, truncated=164

[Episode 7700/8000 | last 100]
success rate                : 46.0% (cumulative 28.1%)
failure rate                : 0.0% (cumulative 0.0%)
completed cycles / episode  : 0.000
synthetic task reward       : 4600.000
shaping reward              : 551.042
learning reward             : 5151.042
episode length              : 325.9
abstract changes / episode  : 30.5
same abstract-state steps   : 90.6%
same-state shaping / episode: 0.000
changed-state shaping / ep. : 551.042
terminal shaping / episode  : 45.140
DFA transitions / episode   : 1.70
DFA transitions in window   : 1->2: 67, 2->3: 57, 3->4: 46
epsilon (next episode)       : 0.04593
replay buffer                : 300000 samples [1: 64.4%, 2: 22.2%, 3: 13.3%, 4: 0.0%]
DFA state visits in window   : 1: 18149, 2: 8903, 3: 5591, 4: 46
DFA state visits cumulative  : 1: 1517885, 2: 514736, 3: 331427, 4: 2163
DFA state entries in window  : 1: 100, 2: 67, 3: 57, 4: 46
DFA state entries cumulative : 1: 7700, 2: 3626, 3: 2828, 4: 2163
transitions cumulative       : 1->2: 3626, 2->3: 2828, 3->4: 2163
accepted directly from s0    : 0
Gym endings cumulative       : terminated=5372, truncated=165

[Episode 7800/8000 | last 100]
success rate                : 39.0% (cumulative 28.2%)
failure rate                : 0.0% (cumulative 0.0%)
completed cycles / episode  : 0.000
synthetic task reward       : 3900.000
shaping reward              : 532.239
learning reward             : 4432.239
episode length              : 404.3
abstract changes / episode  : 32.6
same abstract-state steps   : 91.9%
same-state shaping / episode: 0.000
changed-state shaping / ep. : 532.239
terminal shaping / episode  : 39.914
DFA transitions / episode   : 1.54
DFA transitions in window   : 1->2: 72, 2->3: 43, 3->4: 39
epsilon (next episode)       : 0.04413
replay buffer                : 300000 samples [1: 65.6%, 2: 21.6%, 3: 12.8%, 4: 0.0%]
DFA state visits in window   : 1: 23789, 2: 11992, 3: 4706, 4: 39
DFA state visits cumulative  : 1: 1541674, 2: 526728, 3: 336133, 4: 2202
DFA state entries in window  : 1: 100, 2: 72, 3: 43, 4: 39
DFA state entries cumulative : 1: 7800, 2: 3698, 3: 2871, 4: 2202
transitions cumulative       : 1->2: 3698, 2->3: 2871, 3->4: 2202
accepted directly from s0    : 0
Gym endings cumulative       : terminated=5428, truncated=170

[Episode 7900/8000 | last 100]
success rate                : 64.0% (cumulative 28.7%)
failure rate                : 0.0% (cumulative 0.0%)
completed cycles / episode  : 0.000
synthetic task reward       : 6400.000
shaping reward              : 741.200
learning reward             : 7141.200
episode length              : 346.8
abstract changes / episode  : 29.7
same abstract-state steps   : 91.4%
same-state shaping / episode: 0.000
changed-state shaping / ep. : 741.200
terminal shaping / episode  : 64.914
DFA transitions / episode   : 2.10
DFA transitions in window   : 1->2: 79, 2->3: 67, 3->4: 64
epsilon (next episode)       : 0.04240
replay buffer                : 300000 samples [1: 66.4%, 2: 20.8%, 3: 12.8%, 4: 0.0%]
DFA state visits in window   : 1: 20783, 2: 9026, 3: 4911, 4: 64
DFA state visits cumulative  : 1: 1562457, 2: 535754, 3: 341044, 4: 2266
DFA state entries in window  : 1: 100, 2: 79, 3: 67, 4: 64
DFA state entries cumulative : 1: 7900, 2: 3777, 3: 2938, 4: 2266
transitions cumulative       : 1->2: 3777, 2->3: 2938, 3->4: 2266
accepted directly from s0    : 0
Gym endings cumulative       : terminated=5464, truncated=170

[Episode 8000/8000 | last 100]
success rate                : 89.0% (cumulative 29.4%)
failure rate                : 0.0% (cumulative 0.0%)
completed cycles / episode  : 0.000
synthetic task reward       : 8900.000
shaping reward              : 1018.903
learning reward             : 9918.903
episode length              : 331.4
abstract changes / episode  : 31.1
same abstract-state steps   : 90.6%
same-state shaping / episode: 0.000
changed-state shaping / ep. : 1018.903
terminal shaping / episode  : 89.000
DFA transitions / episode   : 2.81
DFA transitions in window   : 1->2: 99, 2->3: 93, 3->4: 89
epsilon (next episode)       : 0.04074
replay buffer                : 300000 samples [1: 63.8%, 2: 22.2%, 3: 14.0%, 4: 0.0%]
DFA state visits in window   : 1: 16301, 2: 10590, 3: 6262, 4: 89
DFA state visits cumulative  : 1: 1578758, 2: 546344, 3: 347306, 4: 2355
DFA state entries in window  : 1: 100, 2: 99, 3: 93, 4: 89
DFA state entries cumulative : 1: 8000, 2: 3876, 3: 3031, 4: 2355
transitions cumulative       : 1->2: 3876, 2->3: 3031, 3->4: 2355
accepted directly from s0    : 0
Gym endings cumulative       : terminated=5474, truncated=171

Starting autonomous greedy evaluation at episode 8000 (1000 fixed-seed episodes)...
[Greedy evaluation at episode 8000 | 1000 fixed-seed episodes]
success=94.5%, failure=0.0%, task reward=9450.000, length=354.9
DFA transitions: 1->2: 994, 2->3: 984, 3->4: 945
Best policy updated from autonomous greedy evaluation at episode 8000.
Last policy saved after episode 8000. Best greedy evaluation: episode 8000, mean task reward=9450.000
