
=== NEW RUN ===
episodes=8000, shaping=True, goal_reward=10000.0, gamma=0.99
gamma_shaping=1.0, shaping_formula=gamma_shaping*Phi(next)-Phi(state)
eval_interval=1000, eval_episodes=1000, eval_seed=100000
inter_level_shaping=False, inter_level_formula=gamma*Phi(next)-Phi(state)
task_type=ltlf, task=F(wp1 & X(F(wp2 & X(F(g1)))))
regions={wp1: {'center': [-0.75, 1.0625], 'radius': 0.1}, wp2: {'center': [0, 0.1525], 'radius': 0.1}, g1: {'center': [0.75, 1.0625], 'radius': 0.1}}
dfa_states=[1, 2, 3, 4], pre_trace=1, accepting=[4], failure=[]

[Episode 1/8000 | last 1]
success rate                : 0.0% (cumulative 0.0%)
failure rate                : 0.0% (cumulative 0.0%)
completed cycles / episode  : 0.000
synthetic task reward       : 0.000
shaping reward              : -381.793
learning reward             : -381.793
episode length              : 89.0
abstract changes / episode  : 77.0
DFA transitions / episode   : 0.00
DFA transitions in window   : none
epsilon (next episode)       : 0.99960
replay buffer                : 89 samples [1: 100.0%, 2: 0.0%, 3: 0.0%, 4: 0.0%]
DFA state visits in window   : 1: 90, 2: 0, 3: 0, 4: 0
DFA state visits cumulative  : 1: 90, 2: 0, 3: 0, 4: 0
DFA state entries in window  : 1: 1, 2: 0, 3: 0, 4: 0
DFA state entries cumulative : 1: 1, 2: 0, 3: 0, 4: 0
transitions cumulative       : none
accepted directly from s0    : 0
Gym endings cumulative       : terminated=1, truncated=0

[Episode 100/8000 | last 100]
success rate                : 0.0% (cumulative 0.0%)
failure rate                : 0.0% (cumulative 0.0%)
completed cycles / episode  : 0.000
synthetic task reward       : 0.000
shaping reward              : -345.709
learning reward             : -345.709
episode length              : 94.1
abstract changes / episode  : 84.6
DFA transitions / episode   : 0.03
DFA transitions in window   : 1->2: 3
epsilon (next episode)       : 0.96078
replay buffer                : 9407 samples [1: 99.2%, 2: 0.8%, 3: 0.0%, 4: 0.0%]
DFA state visits in window   : 1: 9426, 2: 81, 3: 0, 4: 0
DFA state visits cumulative  : 1: 9426, 2: 81, 3: 0, 4: 0
DFA state entries in window  : 1: 100, 2: 3, 3: 0, 4: 0
DFA state entries cumulative : 1: 100, 2: 3, 3: 0, 4: 0
transitions cumulative       : 1->2: 3
accepted directly from s0    : 0
Gym endings cumulative       : terminated=100, truncated=0

[Episode 200/8000 | last 100]
success rate                : 0.0% (cumulative 0.0%)
failure rate                : 0.0% (cumulative 0.0%)
completed cycles / episode  : 0.000
synthetic task reward       : 0.000
shaping reward              : -340.425
learning reward             : -340.425
episode length              : 90.3
abstract changes / episode  : 82.0
DFA transitions / episode   : 0.02
DFA transitions in window   : 1->2: 2
epsilon (next episode)       : 0.92310
replay buffer                : 18434 samples [1: 99.4%, 2: 0.6%, 3: 0.0%, 4: 0.0%]
DFA state visits in window   : 1: 9097, 2: 30, 3: 0, 4: 0
DFA state visits cumulative  : 1: 18523, 2: 111, 3: 0, 4: 0
DFA state entries in window  : 1: 100, 2: 2, 3: 0, 4: 0
DFA state entries cumulative : 1: 200, 2: 5, 3: 0, 4: 0
transitions cumulative       : 1->2: 5
accepted directly from s0    : 0
Gym endings cumulative       : terminated=200, truncated=0

[Episode 300/8000 | last 100]
success rate                : 0.0% (cumulative 0.0%)
failure rate                : 0.0% (cumulative 0.0%)
completed cycles / episode  : 0.000
synthetic task reward       : 0.000
shaping reward              : -297.705
learning reward             : -297.705
episode length              : 105.6
abstract changes / episode  : 86.5
DFA transitions / episode   : 0.03
DFA transitions in window   : 1->2: 3
epsilon (next episode)       : 0.88690
replay buffer                : 28994 samples [1: 99.4%, 2: 0.6%, 3: 0.0%, 4: 0.0%]
DFA state visits in window   : 1: 10599, 2: 61, 3: 0, 4: 0
DFA state visits cumulative  : 1: 29122, 2: 172, 3: 0, 4: 0
DFA state entries in window  : 1: 100, 2: 3, 3: 0, 4: 0
DFA state entries cumulative : 1: 300, 2: 8, 3: 0, 4: 0
transitions cumulative       : 1->2: 8
accepted directly from s0    : 0
Gym endings cumulative       : terminated=299, truncated=1

[Episode 400/8000 | last 100]
success rate                : 0.0% (cumulative 0.0%)
failure rate                : 0.0% (cumulative 0.0%)
completed cycles / episode  : 0.000
synthetic task reward       : 0.000
shaping reward              : -356.433
learning reward             : -356.433
episode length              : 103.5
abstract changes / episode  : 90.3
DFA transitions / episode   : 0.00
DFA transitions in window   : none
epsilon (next episode)       : 0.85212
replay buffer                : 39340 samples [1: 99.6%, 2: 0.4%, 3: 0.0%, 4: 0.0%]
DFA state visits in window   : 1: 10446, 2: 0, 3: 0, 4: 0
DFA state visits cumulative  : 1: 39568, 2: 172, 3: 0, 4: 0
DFA state entries in window  : 1: 100, 2: 0, 3: 0, 4: 0
DFA state entries cumulative : 1: 400, 2: 8, 3: 0, 4: 0
transitions cumulative       : 1->2: 8
accepted directly from s0    : 0
Gym endings cumulative       : terminated=399, truncated=1

[Episode 500/8000 | last 100]
success rate                : 0.0% (cumulative 0.0%)
failure rate                : 0.0% (cumulative 0.0%)
completed cycles / episode  : 0.000
synthetic task reward       : 0.000
shaping reward              : -353.556
learning reward             : -353.556
episode length              : 105.7
abstract changes / episode  : 93.4
DFA transitions / episode   : 0.01
DFA transitions in window   : 1->2: 1
epsilon (next episode)       : 0.81870
replay buffer                : 49907 samples [1: 99.6%, 2: 0.4%, 3: 0.0%, 4: 0.0%]
DFA state visits in window   : 1: 10638, 2: 29, 3: 0, 4: 0
DFA state visits cumulative  : 1: 50206, 2: 201, 3: 0, 4: 0
DFA state entries in window  : 1: 100, 2: 1, 3: 0, 4: 0
DFA state entries cumulative : 1: 500, 2: 9, 3: 0, 4: 0
transitions cumulative       : 1->2: 9
accepted directly from s0    : 0
Gym endings cumulative       : terminated=499, truncated=1

[Episode 600/8000 | last 100]
success rate                : 0.0% (cumulative 0.0%)
failure rate                : 0.0% (cumulative 0.0%)
completed cycles / episode  : 0.000
synthetic task reward       : 0.000
shaping reward              : -348.881
learning reward             : -348.881
episode length              : 112.9
abstract changes / episode  : 93.9
DFA transitions / episode   : 0.00
DFA transitions in window   : none
epsilon (next episode)       : 0.78659
replay buffer                : 61196 samples [1: 99.7%, 2: 0.3%, 3: 0.0%, 4: 0.0%]
DFA state visits in window   : 1: 11389, 2: 0, 3: 0, 4: 0
DFA state visits cumulative  : 1: 61595, 2: 201, 3: 0, 4: 0
DFA state entries in window  : 1: 100, 2: 0, 3: 0, 4: 0
DFA state entries cumulative : 1: 600, 2: 9, 3: 0, 4: 0
transitions cumulative       : 1->2: 9
accepted directly from s0    : 0
Gym endings cumulative       : terminated=598, truncated=2

[Episode 700/8000 | last 100]
success rate                : 0.0% (cumulative 0.0%)
failure rate                : 0.0% (cumulative 0.0%)
completed cycles / episode  : 0.000
synthetic task reward       : 0.000
shaping reward              : -336.270
learning reward             : -336.270
episode length              : 109.9
abstract changes / episode  : 97.3
DFA transitions / episode   : 0.00
DFA transitions in window   : none
epsilon (next episode)       : 0.75574
replay buffer                : 72184 samples [1: 99.7%, 2: 0.3%, 3: 0.0%, 4: 0.0%]
DFA state visits in window   : 1: 11088, 2: 0, 3: 0, 4: 0
DFA state visits cumulative  : 1: 72683, 2: 201, 3: 0, 4: 0
DFA state entries in window  : 1: 100, 2: 0, 3: 0, 4: 0
DFA state entries cumulative : 1: 700, 2: 9, 3: 0, 4: 0
transitions cumulative       : 1->2: 9
accepted directly from s0    : 0
Gym endings cumulative       : terminated=698, truncated=2

[Episode 800/8000 | last 100]
success rate                : 0.0% (cumulative 0.0%)
failure rate                : 0.0% (cumulative 0.0%)
completed cycles / episode  : 0.000
synthetic task reward       : 0.000
shaping reward              : -307.073
learning reward             : -307.073
episode length              : 106.4
abstract changes / episode  : 95.4
DFA transitions / episode   : 0.02
DFA transitions in window   : 1->2: 2
epsilon (next episode)       : 0.72610
replay buffer                : 82822 samples [1: 99.7%, 2: 0.3%, 3: 0.0%, 4: 0.0%]
DFA state visits in window   : 1: 10683, 2: 55, 3: 0, 4: 0
DFA state visits cumulative  : 1: 83366, 2: 256, 3: 0, 4: 0
DFA state entries in window  : 1: 100, 2: 2, 3: 0, 4: 0
DFA state entries cumulative : 1: 800, 2: 11, 3: 0, 4: 0
transitions cumulative       : 1->2: 11
accepted directly from s0    : 0
Gym endings cumulative       : terminated=798, truncated=2

[Episode 900/8000 | last 100]
success rate                : 0.0% (cumulative 0.0%)
failure rate                : 0.0% (cumulative 0.0%)
completed cycles / episode  : 0.000
synthetic task reward       : 0.000
shaping reward              : -318.571
learning reward             : -318.571
episode length              : 110.9
abstract changes / episode  : 99.7
DFA transitions / episode   : 0.01
DFA transitions in window   : 1->2: 1
epsilon (next episode)       : 0.69763
replay buffer                : 93914 samples [1: 99.7%, 2: 0.3%, 3: 0.0%, 4: 0.0%]
DFA state visits in window   : 1: 11163, 2: 29, 3: 0, 4: 0
DFA state visits cumulative  : 1: 94529, 2: 285, 3: 0, 4: 0
DFA state entries in window  : 1: 100, 2: 1, 3: 0, 4: 0
DFA state entries cumulative : 1: 900, 2: 12, 3: 0, 4: 0
transitions cumulative       : 1->2: 12
accepted directly from s0    : 0
Gym endings cumulative       : terminated=898, truncated=2

[Episode 1000/8000 | last 100]
success rate                : 0.0% (cumulative 0.0%)
failure rate                : 0.0% (cumulative 0.0%)
completed cycles / episode  : 0.000
synthetic task reward       : 0.000
shaping reward              : -275.569
learning reward             : -275.569
episode length              : 111.6
abstract changes / episode  : 100.2
DFA transitions / episode   : 0.02
DFA transitions in window   : 1->2: 2
epsilon (next episode)       : 0.67027
replay buffer                : 105073 samples [1: 99.7%, 2: 0.3%, 3: 0.0%, 4: 0.0%]
DFA state visits in window   : 1: 11208, 2: 51, 3: 0, 4: 0
DFA state visits cumulative  : 1: 105737, 2: 336, 3: 0, 4: 0
DFA state entries in window  : 1: 100, 2: 2, 3: 0, 4: 0
DFA state entries cumulative : 1: 1000, 2: 14, 3: 0, 4: 0
transitions cumulative       : 1->2: 14
accepted directly from s0    : 0
Gym endings cumulative       : terminated=998, truncated=2

Starting autonomous greedy evaluation at episode 1000 (1000 fixed-seed episodes)...
[Greedy evaluation at episode 1000 | 1000 fixed-seed episodes]
success=0.0%, failure=0.0%, task reward=0.000, length=148.1
DFA transitions: 1->2: 602
Best policy updated from autonomous greedy evaluation at episode 1000.

[Episode 1100/8000 | last 100]
success rate                : 0.0% (cumulative 0.0%)
failure rate                : 0.0% (cumulative 0.0%)
completed cycles / episode  : 0.000
synthetic task reward       : 0.000
shaping reward              : -229.428
learning reward             : -229.428
episode length              : 114.0
abstract changes / episode  : 101.6
DFA transitions / episode   : 0.05
DFA transitions in window   : 1->2: 5
epsilon (next episode)       : 0.64398
replay buffer                : 116477 samples [1: 99.6%, 2: 0.4%, 3: 0.0%, 4: 0.0%]
DFA state visits in window   : 1: 11396, 2: 108, 3: 0, 4: 0
DFA state visits cumulative  : 1: 117133, 2: 444, 3: 0, 4: 0
DFA state entries in window  : 1: 100, 2: 5, 3: 0, 4: 0
DFA state entries cumulative : 1: 1100, 2: 19, 3: 0, 4: 0
transitions cumulative       : 1->2: 19
accepted directly from s0    : 0
Gym endings cumulative       : terminated=1098, truncated=2

[Episode 1200/8000 | last 100]
success rate                : 0.0% (cumulative 0.0%)
failure rate                : 0.0% (cumulative 0.0%)
completed cycles / episode  : 0.000
synthetic task reward       : 0.000
shaping reward              : -201.517
learning reward             : -201.517
episode length              : 114.0
abstract changes / episode  : 99.2
DFA transitions / episode   : 0.05
DFA transitions in window   : 1->2: 5
epsilon (next episode)       : 0.61872
replay buffer                : 127874 samples [1: 99.6%, 2: 0.4%, 3: 0.0%, 4: 0.0%]
DFA state visits in window   : 1: 11398, 2: 99, 3: 0, 4: 0
DFA state visits cumulative  : 1: 128531, 2: 543, 3: 0, 4: 0
DFA state entries in window  : 1: 100, 2: 5, 3: 0, 4: 0
DFA state entries cumulative : 1: 1200, 2: 24, 3: 0, 4: 0
transitions cumulative       : 1->2: 24
accepted directly from s0    : 0
Gym endings cumulative       : terminated=1198, truncated=2

[Episode 1300/8000 | last 100]
success rate                : 0.0% (cumulative 0.0%)
failure rate                : 0.0% (cumulative 0.0%)
completed cycles / episode  : 0.000
synthetic task reward       : 0.000
shaping reward              : -132.522
learning reward             : -132.522
episode length              : 114.1
abstract changes / episode  : 103.3
DFA transitions / episode   : 0.08
DFA transitions in window   : 1->2: 8
epsilon (next episode)       : 0.59446
replay buffer                : 139283 samples [1: 99.5%, 2: 0.5%, 3: 0.0%, 4: 0.0%]
DFA state visits in window   : 1: 11335, 2: 174, 3: 0, 4: 0
DFA state visits cumulative  : 1: 139866, 2: 717, 3: 0, 4: 0
DFA state entries in window  : 1: 100, 2: 8, 3: 0, 4: 0
DFA state entries cumulative : 1: 1300, 2: 32, 3: 0, 4: 0
transitions cumulative       : 1->2: 32
accepted directly from s0    : 0
Gym endings cumulative       : terminated=1298, truncated=2

[Episode 1400/8000 | last 100]
success rate                : 0.0% (cumulative 0.0%)
failure rate                : 0.0% (cumulative 0.0%)
completed cycles / episode  : 0.000
synthetic task reward       : 0.000
shaping reward              : -133.436
learning reward             : -133.436
episode length              : 119.2
abstract changes / episode  : 106.0
DFA transitions / episode   : 0.05
DFA transitions in window   : 1->2: 5
epsilon (next episode)       : 0.57115
replay buffer                : 151198 samples [1: 99.5%, 2: 0.5%, 3: 0.0%, 4: 0.0%]
DFA state visits in window   : 1: 11900, 2: 115, 3: 0, 4: 0
DFA state visits cumulative  : 1: 151766, 2: 832, 3: 0, 4: 0
DFA state entries in window  : 1: 100, 2: 5, 3: 0, 4: 0
DFA state entries cumulative : 1: 1400, 2: 37, 3: 0, 4: 0
transitions cumulative       : 1->2: 37
accepted directly from s0    : 0
Gym endings cumulative       : terminated=1398, truncated=2

[Episode 1500/8000 | last 100]
success rate                : 0.0% (cumulative 0.0%)
failure rate                : 0.0% (cumulative 0.0%)
completed cycles / episode  : 0.000
synthetic task reward       : 0.000
shaping reward              : -186.873
learning reward             : -186.873
episode length              : 132.3
abstract changes / episode  : 117.7
DFA transitions / episode   : 0.04
DFA transitions in window   : 1->2: 4
epsilon (next episode)       : 0.54875
replay buffer                : 164432 samples [1: 99.5%, 2: 0.5%, 3: 0.0%, 4: 0.0%]
DFA state visits in window   : 1: 13247, 2: 87, 3: 0, 4: 0
DFA state visits cumulative  : 1: 165013, 2: 919, 3: 0, 4: 0
DFA state entries in window  : 1: 100, 2: 4, 3: 0, 4: 0
DFA state entries cumulative : 1: 1500, 2: 41, 3: 0, 4: 0
transitions cumulative       : 1->2: 41
accepted directly from s0    : 0
Gym endings cumulative       : terminated=1498, truncated=2

[Episode 1600/8000 | last 100]
success rate                : 0.0% (cumulative 0.0%)
failure rate                : 0.0% (cumulative 0.0%)
completed cycles / episode  : 0.000
synthetic task reward       : 0.000
shaping reward              : -100.423
learning reward             : -100.423
episode length              : 141.6
abstract changes / episode  : 120.8
DFA transitions / episode   : 0.10
DFA transitions in window   : 1->2: 10
epsilon (next episode)       : 0.52722
replay buffer                : 178587 samples [1: 99.4%, 2: 0.6%, 3: 0.0%, 4: 0.0%]
DFA state visits in window   : 1: 14056, 2: 199, 3: 0, 4: 0
DFA state visits cumulative  : 1: 179069, 2: 1118, 3: 0, 4: 0
DFA state entries in window  : 1: 100, 2: 10, 3: 0, 4: 0
DFA state entries cumulative : 1: 1600, 2: 51, 3: 0, 4: 0
transitions cumulative       : 1->2: 51
accepted directly from s0    : 0
Gym endings cumulative       : terminated=1598, truncated=2

[Episode 1700/8000 | last 100]
success rate                : 0.0% (cumulative 0.0%)
failure rate                : 0.0% (cumulative 0.0%)
completed cycles / episode  : 0.000
synthetic task reward       : 0.000
shaping reward              : -64.884
learning reward             : -64.884
episode length              : 136.1
abstract changes / episode  : 115.5
DFA transitions / episode   : 0.08
DFA transitions in window   : 1->2: 8
epsilon (next episode)       : 0.50655
replay buffer                : 192198 samples [1: 99.4%, 2: 0.6%, 3: 0.0%, 4: 0.0%]
DFA state visits in window   : 1: 13552, 2: 159, 3: 0, 4: 0
DFA state visits cumulative  : 1: 192621, 2: 1277, 3: 0, 4: 0
DFA state entries in window  : 1: 100, 2: 8, 3: 0, 4: 0
DFA state entries cumulative : 1: 1700, 2: 59, 3: 0, 4: 0
transitions cumulative       : 1->2: 59
accepted directly from s0    : 0
Gym endings cumulative       : terminated=1698, truncated=2

[Episode 1800/8000 | last 100]
success rate                : 0.0% (cumulative 0.0%)
failure rate                : 0.0% (cumulative 0.0%)
completed cycles / episode  : 0.000
synthetic task reward       : 0.000
shaping reward              : -129.536
learning reward             : -129.536
episode length              : 201.2
abstract changes / episode  : 147.1
DFA transitions / episode   : 0.09
DFA transitions in window   : 1->2: 9
epsilon (next episode)       : 0.48668
replay buffer                : 212316 samples [1: 99.3%, 2: 0.7%, 3: 0.0%, 4: 0.0%]
DFA state visits in window   : 1: 20008, 2: 210, 3: 0, 4: 0
DFA state visits cumulative  : 1: 212629, 2: 1487, 3: 0, 4: 0
DFA state entries in window  : 1: 100, 2: 9, 3: 0, 4: 0
DFA state entries cumulative : 1: 1800, 2: 68, 3: 0, 4: 0
transitions cumulative       : 1->2: 68
accepted directly from s0    : 0
Gym endings cumulative       : terminated=1795, truncated=5

[Episode 1900/8000 | last 100]
success rate                : 0.0% (cumulative 0.0%)
failure rate                : 0.0% (cumulative 0.0%)
completed cycles / episode  : 0.000
synthetic task reward       : 0.000
shaping reward              : -140.945
learning reward             : -140.945
episode length              : 230.9
abstract changes / episode  : 136.0
DFA transitions / episode   : 0.08
DFA transitions in window   : 1->2: 8
epsilon (next episode)       : 0.46760
replay buffer                : 235410 samples [1: 99.3%, 2: 0.7%, 3: 0.0%, 4: 0.0%]
DFA state visits in window   : 1: 22973, 2: 221, 3: 0, 4: 0
DFA state visits cumulative  : 1: 235602, 2: 1708, 3: 0, 4: 0
DFA state entries in window  : 1: 100, 2: 8, 3: 0, 4: 0
DFA state entries cumulative : 1: 1900, 2: 76, 3: 0, 4: 0
transitions cumulative       : 1->2: 76
accepted directly from s0    : 0
Gym endings cumulative       : terminated=1884, truncated=16

[Episode 2000/8000 | last 100]
success rate                : 0.0% (cumulative 0.0%)
failure rate                : 0.0% (cumulative 0.0%)
completed cycles / episode  : 0.000
synthetic task reward       : 0.000
shaping reward              : -23.398
learning reward             : -23.398
episode length              : 227.9
abstract changes / episode  : 129.3
DFA transitions / episode   : 0.20
DFA transitions in window   : 1->2: 20
epsilon (next episode)       : 0.44926
replay buffer                : 258196 samples [1: 99.2%, 2: 0.8%, 3: 0.0%, 4: 0.0%]
DFA state visits in window   : 1: 22384, 2: 502, 3: 0, 4: 0
DFA state visits cumulative  : 1: 257986, 2: 2210, 3: 0, 4: 0
DFA state entries in window  : 1: 100, 2: 20, 3: 0, 4: 0
DFA state entries cumulative : 1: 2000, 2: 96, 3: 0, 4: 0
transitions cumulative       : 1->2: 96
accepted directly from s0    : 0
Gym endings cumulative       : terminated=1977, truncated=23

Starting autonomous greedy evaluation at episode 2000 (1000 fixed-seed episodes)...
[Greedy evaluation at episode 2000 | 1000 fixed-seed episodes]
success=0.0%, failure=0.0%, task reward=0.000, length=521.2
DFA transitions: 1->2: 13

[Episode 2100/8000 | last 100]
success rate                : 0.0% (cumulative 0.0%)
failure rate                : 0.0% (cumulative 0.0%)
completed cycles / episode  : 0.000
synthetic task reward       : 0.000
shaping reward              : 221.612
learning reward             : 221.612
episode length              : 171.9
abstract changes / episode  : 113.6
DFA transitions / episode   : 0.28
DFA transitions in window   : 1->2: 28
epsilon (next episode)       : 0.43164
replay buffer                : 275382 samples [1: 99.0%, 2: 1.0%, 3: 0.0%, 4: 0.0%]
DFA state visits in window   : 1: 16662, 2: 624, 3: 0, 4: 0
DFA state visits cumulative  : 1: 274648, 2: 2834, 3: 0, 4: 0
DFA state entries in window  : 1: 100, 2: 28, 3: 0, 4: 0
DFA state entries cumulative : 1: 2100, 2: 124, 3: 0, 4: 0
transitions cumulative       : 1->2: 124
accepted directly from s0    : 0
Gym endings cumulative       : terminated=2073, truncated=27

[Episode 2200/8000 | last 100]
success rate                : 0.0% (cumulative 0.0%)
failure rate                : 0.0% (cumulative 0.0%)
completed cycles / episode  : 0.000
synthetic task reward       : 0.000
shaping reward              : 342.617
learning reward             : 342.617
episode length              : 161.7
abstract changes / episode  : 123.1
DFA transitions / episode   : 0.39
DFA transitions in window   : 1->2: 39
epsilon (next episode)       : 0.41471
replay buffer                : 291553 samples [1: 98.8%, 2: 1.2%, 3: 0.0%, 4: 0.0%]
DFA state visits in window   : 1: 15385, 2: 886, 3: 0, 4: 0
DFA state visits cumulative  : 1: 290033, 2: 3720, 3: 0, 4: 0
DFA state entries in window  : 1: 100, 2: 39, 3: 0, 4: 0
DFA state entries cumulative : 1: 2200, 2: 163, 3: 0, 4: 0
transitions cumulative       : 1->2: 163
accepted directly from s0    : 0
Gym endings cumulative       : terminated=2173, truncated=27

[Episode 2300/8000 | last 100]
success rate                : 0.0% (cumulative 0.0%)
failure rate                : 0.0% (cumulative 0.0%)
completed cycles / episode  : 0.000
synthetic task reward       : 0.000
shaping reward              : 490.572
learning reward             : 490.572
episode length              : 166.7
abstract changes / episode  : 117.8
DFA transitions / episode   : 0.48
DFA transitions in window   : 1->2: 48
epsilon (next episode)       : 0.39845
replay buffer                : 300000 samples [1: 98.5%, 2: 1.5%, 3: 0.0%, 4: 0.0%]
DFA state visits in window   : 1: 15741, 2: 1026, 3: 0, 4: 0
DFA state visits cumulative  : 1: 305774, 2: 4746, 3: 0, 4: 0
DFA state entries in window  : 1: 100, 2: 48, 3: 0, 4: 0
DFA state entries cumulative : 1: 2300, 2: 211, 3: 0, 4: 0
transitions cumulative       : 1->2: 211
accepted directly from s0    : 0
Gym endings cumulative       : terminated=2273, truncated=27

[Episode 2400/8000 | last 100]
success rate                : 0.0% (cumulative 0.0%)
failure rate                : 0.0% (cumulative 0.0%)
completed cycles / episode  : 0.000
synthetic task reward       : 0.000
shaping reward              : 481.354
learning reward             : 481.354
episode length              : 150.8
abstract changes / episode  : 119.1
DFA transitions / episode   : 0.50
DFA transitions in window   : 1->2: 50
epsilon (next episode)       : 0.38282
replay buffer                : 300000 samples [1: 98.1%, 2: 1.9%, 3: 0.0%, 4: 0.0%]
DFA state visits in window   : 1: 13976, 2: 1200, 3: 0, 4: 0
DFA state visits cumulative  : 1: 319750, 2: 5946, 3: 0, 4: 0
DFA state entries in window  : 1: 100, 2: 50, 3: 0, 4: 0
DFA state entries cumulative : 1: 2400, 2: 261, 3: 0, 4: 0
transitions cumulative       : 1->2: 261
accepted directly from s0    : 0
Gym endings cumulative       : terminated=2373, truncated=27

[Episode 2500/8000 | last 100]
success rate                : 0.0% (cumulative 0.0%)
failure rate                : 0.0% (cumulative 0.0%)
completed cycles / episode  : 0.000
synthetic task reward       : 0.000
shaping reward              : 577.287
learning reward             : 577.287
episode length              : 158.2
abstract changes / episode  : 124.5
DFA transitions / episode   : 0.64
DFA transitions in window   : 1->2: 63, 2->3: 1
epsilon (next episode)       : 0.36781
replay buffer                : 300000 samples [1: 97.5%, 2: 2.5%, 3: 0.0%, 4: 0.0%]
DFA state visits in window   : 1: 13875, 2: 1933, 3: 115, 4: 0
DFA state visits cumulative  : 1: 333625, 2: 7879, 3: 115, 4: 0
DFA state entries in window  : 1: 100, 2: 63, 3: 1, 4: 0
DFA state entries cumulative : 1: 2500, 2: 324, 3: 1, 4: 0
transitions cumulative       : 1->2: 324, 2->3: 1
accepted directly from s0    : 0
Gym endings cumulative       : terminated=2473, truncated=27

[Episode 2600/8000 | last 100]
success rate                : 0.0% (cumulative 0.0%)
failure rate                : 0.0% (cumulative 0.0%)
completed cycles / episode  : 0.000
synthetic task reward       : 0.000
shaping reward              : 560.780
learning reward             : 560.780
episode length              : 188.6
abstract changes / episode  : 150.2
DFA transitions / episode   : 0.46
DFA transitions in window   : 1->2: 45, 2->3: 1
epsilon (next episode)       : 0.35338
replay buffer                : 300000 samples [1: 96.6%, 2: 3.3%, 3: 0.0%, 4: 0.0%]
DFA state visits in window   : 1: 16292, 2: 2652, 3: 14, 4: 0
DFA state visits cumulative  : 1: 349917, 2: 10531, 3: 129, 4: 0
DFA state entries in window  : 1: 100, 2: 45, 3: 1, 4: 0
DFA state entries cumulative : 1: 2600, 2: 369, 3: 2, 4: 0
transitions cumulative       : 1->2: 369, 2->3: 2
accepted directly from s0    : 0
Gym endings cumulative       : terminated=2573, truncated=27

[Episode 2700/8000 | last 100]
success rate                : 0.0% (cumulative 0.0%)
failure rate                : 0.0% (cumulative 0.0%)
completed cycles / episode  : 0.000
synthetic task reward       : 0.000
shaping reward              : 610.094
learning reward             : 610.094
episode length              : 195.5
abstract changes / episode  : 157.2
DFA transitions / episode   : 0.48
DFA transitions in window   : 1->2: 48
epsilon (next episode)       : 0.33952
replay buffer                : 300000 samples [1: 95.5%, 2: 4.4%, 3: 0.0%, 4: 0.0%]
DFA state visits in window   : 1: 16312, 2: 3334, 3: 0, 4: 0
DFA state visits cumulative  : 1: 366229, 2: 13865, 3: 129, 4: 0
DFA state entries in window  : 1: 100, 2: 48, 3: 0, 4: 0
DFA state entries cumulative : 1: 2700, 2: 417, 3: 2, 4: 0
transitions cumulative       : 1->2: 417, 2->3: 2
accepted directly from s0    : 0
Gym endings cumulative       : terminated=2673, truncated=27

[Episode 2800/8000 | last 100]
success rate                : 0.0% (cumulative 0.0%)
failure rate                : 0.0% (cumulative 0.0%)
completed cycles / episode  : 0.000
synthetic task reward       : 0.000
shaping reward              : 656.177
learning reward             : 656.177
episode length              : 222.7
abstract changes / episode  : 174.2
DFA transitions / episode   : 0.47
DFA transitions in window   : 1->2: 41, 2->3: 6
epsilon (next episode)       : 0.32621
replay buffer                : 300000 samples [1: 94.2%, 2: 5.6%, 3: 0.2%, 4: 0.0%]
DFA state visits in window   : 1: 18194, 2: 3758, 3: 418, 4: 0
DFA state visits cumulative  : 1: 384423, 2: 17623, 3: 547, 4: 0
DFA state entries in window  : 1: 100, 2: 41, 3: 6, 4: 0
DFA state entries cumulative : 1: 2800, 2: 458, 3: 8, 4: 0
transitions cumulative       : 1->2: 458, 2->3: 8
accepted directly from s0    : 0
Gym endings cumulative       : terminated=2771, truncated=29

[Episode 2900/8000 | last 100]
success rate                : 0.0% (cumulative 0.0%)
failure rate                : 0.0% (cumulative 0.0%)
completed cycles / episode  : 0.000
synthetic task reward       : 0.000
shaping reward              : 799.857
learning reward             : 799.857
episode length              : 366.9
abstract changes / episode  : 248.2
DFA transitions / episode   : 0.54
DFA transitions in window   : 1->2: 43, 2->3: 11
epsilon (next episode)       : 0.31341
replay buffer                : 300000 samples [1: 89.8%, 2: 9.2%, 3: 1.0%, 4: 0.0%]
DFA state visits in window   : 1: 23171, 2: 11033, 3: 2583, 4: 0
DFA state visits cumulative  : 1: 407594, 2: 28656, 3: 3130, 4: 0
DFA state entries in window  : 1: 100, 2: 43, 3: 11, 4: 0
DFA state entries cumulative : 1: 2900, 2: 501, 3: 19, 4: 0
transitions cumulative       : 1->2: 501, 2->3: 19
accepted directly from s0    : 0
Gym endings cumulative       : terminated=2854, truncated=46

[Episode 3000/8000 | last 100]
success rate                : 4.0% (cumulative 0.1%)
failure rate                : 0.0% (cumulative 0.0%)
completed cycles / episode  : 0.000
synthetic task reward       : 400.000
shaping reward              : 1925.804
learning reward             : 2325.804
episode length              : 350.1
abstract changes / episode  : 236.7
DFA transitions / episode   : 0.98
DFA transitions in window   : 1->2: 63, 2->3: 31, 3->4: 4
epsilon (next episode)       : 0.30112
replay buffer                : 300000 samples [1: 83.3%, 2: 13.1%, 3: 3.6%, 4: 0.0%]
DFA state visits in window   : 1: 15178, 2: 12142, 3: 7785, 4: 4
DFA state visits cumulative  : 1: 422772, 2: 40798, 3: 10915, 4: 4
DFA state entries in window  : 1: 100, 2: 63, 3: 31, 4: 4
DFA state entries cumulative : 1: 3000, 2: 564, 3: 50, 4: 4
transitions cumulative       : 1->2: 564, 2->3: 50, 3->4: 4
accepted directly from s0    : 0
Gym endings cumulative       : terminated=2940, truncated=56

Starting autonomous greedy evaluation at episode 3000 (1000 fixed-seed episodes)...
[Greedy evaluation at episode 3000 | 1000 fixed-seed episodes]
success=1.7%, failure=0.0%, task reward=170.000, length=771.6
DFA transitions: 1->2: 968, 2->3: 617, 3->4: 17
Best policy updated from autonomous greedy evaluation at episode 3000.

[Episode 3100/8000 | last 100]
success rate                : 1.0% (cumulative 0.2%)
failure rate                : 0.0% (cumulative 0.0%)
completed cycles / episode  : 0.000
synthetic task reward       : 100.000
shaping reward              : 1356.369
learning reward             : 1456.369
episode length              : 323.0
abstract changes / episode  : 236.4
DFA transitions / episode   : 0.80
DFA transitions in window   : 1->2: 58, 2->3: 21, 3->4: 1
epsilon (next episode)       : 0.28931
replay buffer                : 300000 samples [1: 79.6%, 2: 16.2%, 3: 4.1%, 4: 0.0%]
DFA state visits in window   : 1: 20996, 2: 9856, 3: 1545, 4: 1
DFA state visits cumulative  : 1: 443768, 2: 50654, 3: 12460, 4: 5
DFA state entries in window  : 1: 100, 2: 58, 3: 21, 4: 1
DFA state entries cumulative : 1: 3100, 2: 622, 3: 71, 4: 5
transitions cumulative       : 1->2: 622, 2->3: 71, 3->4: 5
accepted directly from s0    : 0
Gym endings cumulative       : terminated=3037, truncated=58

[Episode 3200/8000 | last 100]
success rate                : 1.0% (cumulative 0.2%)
failure rate                : 0.0% (cumulative 0.0%)
completed cycles / episode  : 0.000
synthetic task reward       : 100.000
shaping reward              : 1850.343
learning reward             : 1950.343
episode length              : 349.5
abstract changes / episode  : 272.0
DFA transitions / episode   : 1.01
DFA transitions in window   : 1->2: 69, 2->3: 31, 3->4: 1
epsilon (next episode)       : 0.27797
replay buffer                : 300000 samples [1: 75.2%, 2: 19.5%, 3: 5.4%, 4: 0.0%]
DFA state visits in window   : 1: 21308, 2: 10032, 3: 3706, 4: 1
DFA state visits cumulative  : 1: 465076, 2: 60686, 3: 16166, 4: 6
DFA state entries in window  : 1: 100, 2: 69, 3: 31, 4: 1
DFA state entries cumulative : 1: 3200, 2: 691, 3: 102, 4: 6
transitions cumulative       : 1->2: 691, 2->3: 102, 3->4: 6
accepted directly from s0    : 0
Gym endings cumulative       : terminated=3133, truncated=61

[Episode 3300/8000 | last 100]
success rate                : 2.0% (cumulative 0.2%)
failure rate                : 0.0% (cumulative 0.0%)
completed cycles / episode  : 0.000
synthetic task reward       : 200.000
shaping reward              : 2828.076
learning reward             : 3028.076
episode length              : 382.0
abstract changes / episode  : 301.6
DFA transitions / episode   : 1.27
DFA transitions in window   : 1->2: 80, 2->3: 45, 3->4: 2
epsilon (next episode)       : 0.26706
replay buffer                : 300000 samples [1: 68.8%, 2: 23.4%, 3: 7.8%, 4: 0.0%]
DFA state visits in window   : 1: 17966, 2: 12897, 3: 7437, 4: 2
DFA state visits cumulative  : 1: 483042, 2: 73583, 3: 23603, 4: 8
DFA state entries in window  : 1: 100, 2: 80, 3: 45, 4: 2
DFA state entries cumulative : 1: 3300, 2: 771, 3: 147, 4: 8
transitions cumulative       : 1->2: 771, 2->3: 147, 3->4: 8
accepted directly from s0    : 0
Gym endings cumulative       : terminated=3230, truncated=62

[Episode 3400/8000 | last 100]
success rate                : 6.0% (cumulative 0.4%)
failure rate                : 0.0% (cumulative 0.0%)
completed cycles / episode  : 0.000
synthetic task reward       : 600.000
shaping reward              : 2832.567
learning reward             : 3432.567
episode length              : 381.7
abstract changes / episode  : 301.4
DFA transitions / episode   : 1.18
DFA transitions in window   : 1->2: 70, 2->3: 42, 3->4: 6
epsilon (next episode)       : 0.25659
replay buffer                : 300000 samples [1: 63.2%, 2: 26.9%, 3: 9.9%, 4: 0.0%]
DFA state visits in window   : 1: 19211, 2: 12905, 3: 6151, 4: 6
DFA state visits cumulative  : 1: 502253, 2: 86488, 3: 29754, 4: 14
DFA state entries in window  : 1: 100, 2: 70, 3: 42, 4: 6
DFA state entries cumulative : 1: 3400, 2: 841, 3: 189, 4: 14
transitions cumulative       : 1->2: 841, 2->3: 189, 3->4: 14
accepted directly from s0    : 0
Gym endings cumulative       : terminated=3324, truncated=62

[Episode 3500/8000 | last 100]
success rate                : 14.0% (cumulative 0.8%)
failure rate                : 0.0% (cumulative 0.0%)
completed cycles / episode  : 0.000
synthetic task reward       : 1400.000
shaping reward              : 4275.171
learning reward             : 5675.171
episode length              : 471.7
abstract changes / episode  : 357.3
DFA transitions / episode   : 1.53
DFA transitions in window   : 1->2: 74, 2->3: 65, 3->4: 14
epsilon (next episode)       : 0.24653
replay buffer                : 300000 samples [1: 55.8%, 2: 31.1%, 3: 13.1%, 4: 0.0%]
DFA state visits in window   : 1: 19018, 2: 18250, 3: 9987, 4: 14
DFA state visits cumulative  : 1: 521271, 2: 104738, 3: 39741, 4: 28
DFA state entries in window  : 1: 100, 2: 74, 3: 65, 4: 14
DFA state entries cumulative : 1: 3500, 2: 915, 3: 254, 4: 28
transitions cumulative       : 1->2: 915, 2->3: 254, 3->4: 28
accepted directly from s0    : 0
Gym endings cumulative       : terminated=3407, truncated=65

[Episode 3600/8000 | last 100]
success rate                : 21.0% (cumulative 1.4%)
failure rate                : 0.0% (cumulative 0.0%)
completed cycles / episode  : 0.000
synthetic task reward       : 2100.000
shaping reward              : 4495.223
learning reward             : 6595.223
episode length              : 441.3
abstract changes / episode  : 336.8
DFA transitions / episode   : 1.59
DFA transitions in window   : 1->2: 75, 2->3: 63, 3->4: 21
epsilon (next episode)       : 0.23686
replay buffer                : 300000 samples [1: 50.5%, 2: 33.5%, 3: 15.9%, 4: 0.0%]
DFA state visits in window   : 1: 18774, 2: 15867, 3: 9570, 4: 21
DFA state visits cumulative  : 1: 540045, 2: 120605, 3: 49311, 4: 49
DFA state entries in window  : 1: 100, 2: 75, 3: 63, 4: 21
DFA state entries cumulative : 1: 3600, 2: 990, 3: 317, 4: 49
transitions cumulative       : 1->2: 990, 2->3: 317, 3->4: 49
accepted directly from s0    : 0
Gym endings cumulative       : terminated=3483, truncated=68

[Episode 3700/8000 | last 100]
success rate                : 16.0% (cumulative 1.8%)
failure rate                : 0.0% (cumulative 0.0%)
completed cycles / episode  : 0.000
synthetic task reward       : 1600.000
shaping reward              : 3755.906
learning reward             : 5355.906
episode length              : 347.6
abstract changes / episode  : 277.2
DFA transitions / episode   : 1.37
DFA transitions in window   : 1->2: 69, 2->3: 52, 3->4: 16
epsilon (next episode)       : 0.22757
replay buffer                : 300000 samples [1: 49.1%, 2: 33.3%, 3: 17.6%, 4: 0.0%]
DFA state visits in window   : 1: 17432, 2: 10014, 3: 7393, 4: 16
DFA state visits cumulative  : 1: 557477, 2: 130619, 3: 56704, 4: 65
DFA state entries in window  : 1: 100, 2: 69, 3: 52, 4: 16
DFA state entries cumulative : 1: 3700, 2: 1059, 3: 369, 4: 65
transitions cumulative       : 1->2: 1059, 2->3: 369, 3->4: 65
accepted directly from s0    : 0
Gym endings cumulative       : terminated=3566, truncated=69

[Episode 3800/8000 | last 100]
success rate                : 30.0% (cumulative 2.5%)
failure rate                : 0.0% (cumulative 0.0%)
completed cycles / episode  : 0.000
synthetic task reward       : 3000.000
shaping reward              : 4650.417
learning reward             : 7650.417
episode length              : 375.0
abstract changes / episode  : 299.6
DFA transitions / episode   : 1.69
DFA transitions in window   : 1->2: 75, 2->3: 64, 3->4: 30
epsilon (next episode)       : 0.21865
replay buffer                : 300000 samples [1: 49.7%, 2: 32.7%, 3: 17.6%, 4: 0.0%]
DFA state visits in window   : 1: 17776, 2: 11624, 3: 8167, 4: 30
DFA state visits cumulative  : 1: 575253, 2: 142243, 3: 64871, 4: 95
DFA state entries in window  : 1: 100, 2: 75, 3: 64, 4: 30
DFA state entries cumulative : 1: 3800, 2: 1134, 3: 433, 4: 95
transitions cumulative       : 1->2: 1134, 2->3: 433, 3->4: 95
accepted directly from s0    : 0
Gym endings cumulative       : terminated=3636, truncated=69

[Episode 3900/8000 | last 100]
success rate                : 23.0% (cumulative 3.0%)
failure rate                : 0.0% (cumulative 0.0%)
completed cycles / episode  : 0.000
synthetic task reward       : 2300.000
shaping reward              : 4594.710
learning reward             : 6894.710
episode length              : 381.6
abstract changes / episode  : 303.6
DFA transitions / episode   : 1.63
DFA transitions in window   : 1->2: 76, 2->3: 64, 3->4: 23
epsilon (next episode)       : 0.21007
replay buffer                : 300000 samples [1: 47.3%, 2: 32.7%, 3: 20.0%, 4: 0.0%]
DFA state visits in window   : 1: 19639, 2: 10026, 3: 8570, 4: 23
DFA state visits cumulative  : 1: 594892, 2: 152269, 3: 73441, 4: 118
DFA state entries in window  : 1: 100, 2: 76, 3: 64, 4: 23
DFA state entries cumulative : 1: 3900, 2: 1210, 3: 497, 4: 118
transitions cumulative       : 1->2: 1210, 2->3: 497, 3->4: 118
accepted directly from s0    : 0
Gym endings cumulative       : terminated=3713, truncated=69

[Episode 4000/8000 | last 100]
success rate                : 22.0% (cumulative 3.5%)
failure rate                : 0.0% (cumulative 0.0%)
completed cycles / episode  : 0.000
synthetic task reward       : 2200.000
shaping reward              : 4082.623
learning reward             : 6282.623
episode length              : 398.4
abstract changes / episode  : 312.1
DFA transitions / episode   : 1.61
DFA transitions in window   : 1->2: 80, 2->3: 59, 3->4: 22
epsilon (next episode)       : 0.20183
replay buffer                : 300000 samples [1: 46.3%, 2: 33.1%, 3: 20.5%, 4: 0.0%]
DFA state visits in window   : 1: 18958, 2: 13163, 3: 7802, 4: 22
DFA state visits cumulative  : 1: 613850, 2: 165432, 3: 81243, 4: 140
DFA state entries in window  : 1: 100, 2: 80, 3: 59, 4: 22
DFA state entries cumulative : 1: 4000, 2: 1290, 3: 556, 4: 140
transitions cumulative       : 1->2: 1290, 2->3: 556, 3->4: 140
accepted directly from s0    : 0
Gym endings cumulative       : terminated=3788, truncated=72

Starting autonomous greedy evaluation at episode 4000 (1000 fixed-seed episodes)...
[Greedy evaluation at episode 4000 | 1000 fixed-seed episodes]
success=35.6%, failure=0.0%, task reward=3560.000, length=471.0
DFA transitions: 1->2: 973, 2->3: 957, 3->4: 356
Best policy updated from autonomous greedy evaluation at episode 4000.

[Episode 4100/8000 | last 100]
success rate                : 34.0% (cumulative 4.2%)
failure rate                : 0.0% (cumulative 0.0%)
completed cycles / episode  : 0.000
synthetic task reward       : 3400.000
shaping reward              : 4965.677
learning reward             : 8365.677
episode length              : 380.3
abstract changes / episode  : 303.1
DFA transitions / episode   : 1.75
DFA transitions in window   : 1->2: 75, 2->3: 66, 3->4: 34
epsilon (next episode)       : 0.19392
replay buffer                : 300000 samples [1: 46.3%, 2: 32.5%, 3: 21.2%, 4: 0.0%]
DFA state visits in window   : 1: 18033, 2: 11221, 3: 8838, 4: 34
DFA state visits cumulative  : 1: 631883, 2: 176653, 3: 90081, 4: 174
DFA state entries in window  : 1: 100, 2: 75, 3: 66, 4: 34
DFA state entries cumulative : 1: 4100, 2: 1365, 3: 622, 4: 174
transitions cumulative       : 1->2: 1365, 2->3: 622, 3->4: 174
accepted directly from s0    : 0
Gym endings cumulative       : terminated=3854, truncated=72

[Episode 4200/8000 | last 100]
success rate                : 41.0% (cumulative 5.1%)
failure rate                : 0.0% (cumulative 0.0%)
completed cycles / episode  : 0.000
synthetic task reward       : 4100.000
shaping reward              : 6019.665
learning reward             : 10119.665
episode length              : 393.9
abstract changes / episode  : 311.9
DFA transitions / episode   : 2.02
DFA transitions in window   : 1->2: 83, 2->3: 78, 3->4: 41
epsilon (next episode)       : 0.18631
replay buffer                : 300000 samples [1: 46.1%, 2: 31.5%, 3: 22.4%, 4: 0.0%]
DFA state visits in window   : 1: 16839, 2: 11276, 3: 11329, 4: 41
DFA state visits cumulative  : 1: 648722, 2: 187929, 3: 101410, 4: 215
DFA state entries in window  : 1: 100, 2: 83, 3: 78, 4: 41
DFA state entries cumulative : 1: 4200, 2: 1448, 3: 700, 4: 215
transitions cumulative       : 1->2: 1448, 2->3: 700, 3->4: 215
accepted directly from s0    : 0
Gym endings cumulative       : terminated=3912, truncated=73

[Episode 4300/8000 | last 100]
success rate                : 37.0% (cumulative 5.9%)
failure rate                : 0.0% (cumulative 0.0%)
completed cycles / episode  : 0.000
synthetic task reward       : 3700.000
shaping reward              : 5661.405
learning reward             : 9361.405
episode length              : 391.9
abstract changes / episode  : 314.6
DFA transitions / episode   : 1.87
DFA transitions in window   : 1->2: 81, 2->3: 69, 3->4: 37
epsilon (next episode)       : 0.17900
replay buffer                : 300000 samples [1: 46.9%, 2: 29.9%, 3: 23.2%, 4: 0.0%]
DFA state visits in window   : 1: 18106, 2: 10897, 3: 10253, 4: 37
DFA state visits cumulative  : 1: 666828, 2: 198826, 3: 111663, 4: 252
DFA state entries in window  : 1: 100, 2: 81, 3: 69, 4: 37
DFA state entries cumulative : 1: 4300, 2: 1529, 3: 769, 4: 252
transitions cumulative       : 1->2: 1529, 2->3: 769, 3->4: 252
accepted directly from s0    : 0
Gym endings cumulative       : terminated=3974, truncated=74

[Episode 4400/8000 | last 100]
success rate                : 42.0% (cumulative 6.7%)
failure rate                : 0.0% (cumulative 0.0%)
completed cycles / episode  : 0.000
synthetic task reward       : 4200.000
shaping reward              : 5325.761
learning reward             : 9525.761
episode length              : 378.2
abstract changes / episode  : 295.7
DFA transitions / episode   : 1.74
DFA transitions in window   : 1->2: 66, 2->3: 66, 3->4: 42
epsilon (next episode)       : 0.17198
replay buffer                : 300000 samples [1: 47.5%, 2: 28.9%, 3: 23.7%, 4: 0.0%]
DFA state visits in window   : 1: 18722, 2: 9531, 3: 9629, 4: 42
DFA state visits cumulative  : 1: 685550, 2: 208357, 3: 121292, 4: 294
DFA state entries in window  : 1: 100, 2: 66, 3: 66, 4: 42
DFA state entries cumulative : 1: 4400, 2: 1595, 3: 835, 4: 294
transitions cumulative       : 1->2: 1595, 2->3: 835, 3->4: 294
accepted directly from s0    : 0
Gym endings cumulative       : terminated=4032, truncated=74

[Episode 4500/8000 | last 100]
success rate                : 36.0% (cumulative 7.3%)
failure rate                : 0.0% (cumulative 0.0%)
completed cycles / episode  : 0.000
synthetic task reward       : 3600.000
shaping reward              : 4550.772
learning reward             : 8150.772
episode length              : 359.7
abstract changes / episode  : 270.8
DFA transitions / episode   : 1.53
DFA transitions in window   : 1->2: 63, 2->3: 54, 3->4: 36
epsilon (next episode)       : 0.16524
replay buffer                : 300000 samples [1: 48.0%, 2: 28.2%, 3: 23.8%, 4: 0.0%]
DFA state visits in window   : 1: 19369, 2: 8575, 3: 8092, 4: 36
DFA state visits cumulative  : 1: 704919, 2: 216932, 3: 129384, 4: 330
DFA state entries in window  : 1: 100, 2: 63, 3: 54, 4: 36
DFA state entries cumulative : 1: 4500, 2: 1658, 3: 889, 4: 330
transitions cumulative       : 1->2: 1658, 2->3: 889, 3->4: 330
accepted directly from s0    : 0
Gym endings cumulative       : terminated=4096, truncated=74

[Episode 4600/8000 | last 100]
success rate                : 40.0% (cumulative 8.0%)
failure rate                : 0.0% (cumulative 0.0%)
completed cycles / episode  : 0.000
synthetic task reward       : 4000.000
shaping reward              : 6013.302
learning reward             : 10013.302
episode length              : 408.9
abstract changes / episode  : 309.1
DFA transitions / episode   : 1.89
DFA transitions in window   : 1->2: 80, 2->3: 69, 3->4: 40
epsilon (next episode)       : 0.15876
replay buffer                : 300000 samples [1: 47.1%, 2: 28.8%, 3: 24.1%, 4: 0.0%]
DFA state visits in window   : 1: 16629, 2: 14285, 3: 10031, 4: 40
DFA state visits cumulative  : 1: 721548, 2: 231217, 3: 139415, 4: 370
DFA state entries in window  : 1: 100, 2: 80, 3: 69, 4: 40
DFA state entries cumulative : 1: 4600, 2: 1738, 3: 958, 4: 370
transitions cumulative       : 1->2: 1738, 2->3: 958, 3->4: 370
accepted directly from s0    : 0
Gym endings cumulative       : terminated=4155, truncated=75

[Episode 4700/8000 | last 100]
success rate                : 29.0% (cumulative 8.5%)
failure rate                : 0.0% (cumulative 0.0%)
completed cycles / episode  : 0.000
synthetic task reward       : 2900.000
shaping reward              : 3419.703
learning reward             : 6319.703
episode length              : 326.4
abstract changes / episode  : 249.9
DFA transitions / episode   : 1.22
DFA transitions in window   : 1->2: 51, 2->3: 42, 3->4: 29
epsilon (next episode)       : 0.15253
replay buffer                : 300000 samples [1: 48.2%, 2: 28.3%, 3: 23.5%, 4: 0.0%]
DFA state visits in window   : 1: 20174, 2: 7113, 3: 5424, 4: 29
DFA state visits cumulative  : 1: 741722, 2: 238330, 3: 144839, 4: 399
DFA state entries in window  : 1: 100, 2: 51, 3: 42, 4: 29
DFA state entries cumulative : 1: 4700, 2: 1789, 3: 1000, 4: 399
transitions cumulative       : 1->2: 1789, 2->3: 1000, 3->4: 399
accepted directly from s0    : 0
Gym endings cumulative       : terminated=4226, truncated=75

[Episode 4800/8000 | last 100]
success rate                : 43.0% (cumulative 9.2%)
failure rate                : 0.0% (cumulative 0.0%)
completed cycles / episode  : 0.000
synthetic task reward       : 4300.000
shaping reward              : 5608.937
learning reward             : 9908.937
episode length              : 420.3
abstract changes / episode  : 333.9
DFA transitions / episode   : 1.89
DFA transitions in window   : 1->2: 79, 2->3: 67, 3->4: 43
epsilon (next episode)       : 0.14655
replay buffer                : 300000 samples [1: 48.0%, 2: 28.5%, 3: 23.5%, 4: 0.0%]
DFA state visits in window   : 1: 19099, 2: 14625, 3: 8364, 4: 43
DFA state visits cumulative  : 1: 760821, 2: 252955, 3: 153203, 4: 442
DFA state entries in window  : 1: 100, 2: 79, 3: 67, 4: 43
DFA state entries cumulative : 1: 4800, 2: 1868, 3: 1067, 4: 442
transitions cumulative       : 1->2: 1868, 2->3: 1067, 3->4: 442
accepted directly from s0    : 0
Gym endings cumulative       : terminated=4278, truncated=80

[Episode 4900/8000 | last 100]
success rate                : 42.0% (cumulative 9.9%)
failure rate                : 0.0% (cumulative 0.0%)
completed cycles / episode  : 0.000
synthetic task reward       : 4200.000
shaping reward              : 4950.507
learning reward             : 9150.507
episode length              : 400.6
abstract changes / episode  : 318.1
DFA transitions / episode   : 1.73
DFA transitions in window   : 1->2: 73, 2->3: 58, 3->4: 42
epsilon (next episode)       : 0.14080
replay buffer                : 300000 samples [1: 48.2%, 2: 28.8%, 3: 23.0%, 4: 0.0%]
DFA state visits in window   : 1: 19071, 2: 12756, 3: 8289, 4: 42
DFA state visits cumulative  : 1: 779892, 2: 265711, 3: 161492, 4: 484
DFA state entries in window  : 1: 100, 2: 73, 3: 58, 4: 42
DFA state entries cumulative : 1: 4900, 2: 1941, 3: 1125, 4: 484
transitions cumulative       : 1->2: 1941, 2->3: 1125, 3->4: 484
accepted directly from s0    : 0
Gym endings cumulative       : terminated=4334, truncated=82

[Episode 5000/8000 | last 100]
success rate                : 44.0% (cumulative 10.6%)
failure rate                : 0.0% (cumulative 0.0%)
completed cycles / episode  : 0.000
synthetic task reward       : 4400.000
shaping reward              : 5157.923
learning reward             : 9557.923
episode length              : 419.1
abstract changes / episode  : 328.0
DFA transitions / episode   : 1.83
DFA transitions in window   : 1->2: 74, 2->3: 65, 3->4: 44
epsilon (next episode)       : 0.13528
replay buffer                : 300000 samples [1: 50.0%, 2: 28.4%, 3: 21.6%, 4: 0.0%]
DFA state visits in window   : 1: 23992, 2: 10357, 3: 7612, 4: 44
DFA state visits cumulative  : 1: 803884, 2: 276068, 3: 169104, 4: 528
DFA state entries in window  : 1: 100, 2: 74, 3: 65, 4: 44
DFA state entries cumulative : 1: 5000, 2: 2015, 3: 1190, 4: 528
transitions cumulative       : 1->2: 2015, 2->3: 1190, 3->4: 528
accepted directly from s0    : 0
Gym endings cumulative       : terminated=4386, truncated=86

Starting autonomous greedy evaluation at episode 5000 (1000 fixed-seed episodes)...
[Greedy evaluation at episode 5000 | 1000 fixed-seed episodes]
success=4.8%, failure=0.0%, task reward=480.000, length=237.4
DFA transitions: 1->2: 447, 2->3: 170, 3->4: 48

[Episode 5100/8000 | last 100]
success rate                : 55.0% (cumulative 11.4%)
failure rate                : 0.0% (cumulative 0.0%)
completed cycles / episode  : 0.000
synthetic task reward       : 5500.000
shaping reward              : 5854.466
learning reward             : 11354.466
episode length              : 443.4
abstract changes / episode  : 346.5
DFA transitions / episode   : 1.97
DFA transitions in window   : 1->2: 76, 2->3: 66, 3->4: 55
epsilon (next episode)       : 0.12998
replay buffer                : 300000 samples [1: 51.4%, 2: 28.2%, 3: 20.3%, 4: 0.0%]
DFA state visits in window   : 1: 24707, 2: 12053, 3: 7626, 4: 55
DFA state visits cumulative  : 1: 828591, 2: 288121, 3: 176730, 4: 583
DFA state entries in window  : 1: 100, 2: 76, 3: 66, 4: 55
DFA state entries cumulative : 1: 5100, 2: 2091, 3: 1256, 4: 583
transitions cumulative       : 1->2: 2091, 2->3: 1256, 3->4: 583
accepted directly from s0    : 0
Gym endings cumulative       : terminated=4427, truncated=90

[Episode 5200/8000 | last 100]
success rate                : 72.0% (cumulative 12.6%)
failure rate                : 0.0% (cumulative 0.0%)
completed cycles / episode  : 0.000
synthetic task reward       : 7200.000
shaping reward              : 7331.131
learning reward             : 14531.131
episode length              : 467.5
abstract changes / episode  : 372.7
DFA transitions / episode   : 2.42
DFA transitions in window   : 1->2: 86, 2->3: 84, 3->4: 72
epsilon (next episode)       : 0.12488
replay buffer                : 300000 samples [1: 50.6%, 2: 29.5%, 3: 19.9%, 4: 0.0%]
DFA state visits in window   : 1: 22924, 2: 14477, 3: 9375, 4: 72
DFA state visits cumulative  : 1: 851515, 2: 302598, 3: 186105, 4: 655
DFA state entries in window  : 1: 100, 2: 86, 3: 84, 4: 72
DFA state entries cumulative : 1: 5200, 2: 2177, 3: 1340, 4: 655
transitions cumulative       : 1->2: 2177, 2->3: 1340, 3->4: 655
accepted directly from s0    : 0
Gym endings cumulative       : terminated=4455, truncated=90

[Episode 5300/8000 | last 100]
success rate                : 60.0% (cumulative 13.5%)
failure rate                : 0.0% (cumulative 0.0%)
completed cycles / episode  : 0.000
synthetic task reward       : 6000.000
shaping reward              : 7034.124
learning reward             : 13034.124
episode length              : 393.4
abstract changes / episode  : 314.6
DFA transitions / episode   : 2.22
DFA transitions in window   : 1->2: 81, 2->3: 81, 3->4: 60
epsilon (next episode)       : 0.11998
replay buffer                : 300000 samples [1: 51.1%, 2: 29.5%, 3: 19.4%, 4: 0.0%]
DFA state visits in window   : 1: 17908, 2: 12823, 3: 8652, 4: 60
DFA state visits cumulative  : 1: 869423, 2: 315421, 3: 194757, 4: 715
DFA state entries in window  : 1: 100, 2: 81, 3: 81, 4: 60
DFA state entries cumulative : 1: 5300, 2: 2258, 3: 1421, 4: 715
transitions cumulative       : 1->2: 2258, 2->3: 1421, 3->4: 715
accepted directly from s0    : 0
Gym endings cumulative       : terminated=4495, truncated=90

[Episode 5400/8000 | last 100]
success rate                : 70.0% (cumulative 14.5%)
failure rate                : 0.0% (cumulative 0.0%)
completed cycles / episode  : 0.000
synthetic task reward       : 7000.000
shaping reward              : 7246.101
learning reward             : 14246.101
episode length              : 388.7
abstract changes / episode  : 325.1
DFA transitions / episode   : 2.41
DFA transitions in window   : 1->2: 88, 2->3: 83, 3->4: 70
epsilon (next episode)       : 0.11528
replay buffer                : 300000 samples [1: 48.9%, 2: 31.0%, 3: 20.2%, 4: 0.0%]
DFA state visits in window   : 1: 15132, 2: 14118, 3: 9654, 4: 70
DFA state visits cumulative  : 1: 884555, 2: 329539, 3: 204411, 4: 785
DFA state entries in window  : 1: 100, 2: 88, 3: 83, 4: 70
DFA state entries cumulative : 1: 5400, 2: 2346, 3: 1504, 4: 785
transitions cumulative       : 1->2: 2346, 2->3: 1504, 3->4: 785
accepted directly from s0    : 0
Gym endings cumulative       : terminated=4524, truncated=91

[Episode 5500/8000 | last 100]
success rate                : 60.0% (cumulative 15.4%)
failure rate                : 0.0% (cumulative 0.0%)
completed cycles / episode  : 0.000
synthetic task reward       : 6000.000
shaping reward              : 6854.367
learning reward             : 12854.367
episode length              : 392.9
abstract changes / episode  : 328.5
DFA transitions / episode   : 2.25
DFA transitions in window   : 1->2: 85, 2->3: 80, 3->4: 60
epsilon (next episode)       : 0.11075
replay buffer                : 300000 samples [1: 48.5%, 2: 31.2%, 3: 20.3%, 4: 0.0%]
DFA state visits in window   : 1: 17594, 2: 13741, 3: 7995, 4: 60
DFA state visits cumulative  : 1: 902149, 2: 343280, 3: 212406, 4: 845
DFA state entries in window  : 1: 100, 2: 85, 3: 80, 4: 60
DFA state entries cumulative : 1: 5500, 2: 2431, 3: 1584, 4: 845
transitions cumulative       : 1->2: 2431, 2->3: 1584, 3->4: 845
accepted directly from s0    : 0
Gym endings cumulative       : terminated=4563, truncated=92

[Episode 5600/8000 | last 100]
success rate                : 48.0% (cumulative 15.9%)
failure rate                : 0.0% (cumulative 0.0%)
completed cycles / episode  : 0.000
synthetic task reward       : 4800.000
shaping reward              : 5645.986
learning reward             : 10445.986
episode length              : 369.4
abstract changes / episode  : 301.7
DFA transitions / episode   : 1.93
DFA transitions in window   : 1->2: 81, 2->3: 64, 3->4: 48
epsilon (next episode)       : 0.10641
replay buffer                : 300000 samples [1: 48.1%, 2: 31.7%, 3: 20.2%, 4: 0.0%]
DFA state visits in window   : 1: 15868, 2: 14134, 3: 6995, 4: 48
DFA state visits cumulative  : 1: 918017, 2: 357414, 3: 219401, 4: 893
DFA state entries in window  : 1: 100, 2: 81, 3: 64, 4: 48
DFA state entries cumulative : 1: 5600, 2: 2512, 3: 1648, 4: 893
transitions cumulative       : 1->2: 2512, 2->3: 1648, 3->4: 893
accepted directly from s0    : 0
Gym endings cumulative       : terminated=4615, truncated=92

[Episode 5700/8000 | last 100]
success rate                : 68.0% (cumulative 16.9%)
failure rate                : 0.0% (cumulative 0.0%)
completed cycles / episode  : 0.000
synthetic task reward       : 6800.000
shaping reward              : 6530.313
learning reward             : 13330.313
episode length              : 359.5
abstract changes / episode  : 289.3
DFA transitions / episode   : 2.20
DFA transitions in window   : 1->2: 80, 2->3: 72, 3->4: 68
epsilon (next episode)       : 0.10224
replay buffer                : 300000 samples [1: 47.0%, 2: 33.2%, 3: 19.8%, 4: 0.0%]
DFA state visits in window   : 1: 14190, 2: 15442, 3: 6353, 4: 68
DFA state visits cumulative  : 1: 932207, 2: 372856, 3: 225754, 4: 961
DFA state entries in window  : 1: 100, 2: 80, 3: 72, 4: 68
DFA state entries cumulative : 1: 5700, 2: 2592, 3: 1720, 4: 961
transitions cumulative       : 1->2: 2592, 2->3: 1720, 3->4: 961
accepted directly from s0    : 0
Gym endings cumulative       : terminated=4645, truncated=94

[Episode 5800/8000 | last 100]
success rate                : 71.0% (cumulative 17.8%)
failure rate                : 0.0% (cumulative 0.0%)
completed cycles / episode  : 0.000
synthetic task reward       : 7100.000
shaping reward              : 7048.336
learning reward             : 14148.336
episode length              : 336.1
abstract changes / episode  : 278.2
DFA transitions / episode   : 2.35
DFA transitions in window   : 1->2: 84, 2->3: 80, 3->4: 71
epsilon (next episode)       : 0.09823
replay buffer                : 300000 samples [1: 44.1%, 2: 35.3%, 3: 20.6%, 4: 0.0%]
DFA state visits in window   : 1: 13069, 2: 13312, 3: 7253, 4: 71
DFA state visits cumulative  : 1: 945276, 2: 386168, 3: 233007, 4: 1032
DFA state entries in window  : 1: 100, 2: 84, 3: 80, 4: 71
DFA state entries cumulative : 1: 5800, 2: 2676, 3: 1800, 4: 1032
transitions cumulative       : 1->2: 2676, 2->3: 1800, 3->4: 1032
accepted directly from s0    : 0
Gym endings cumulative       : terminated=4674, truncated=94

[Episode 5900/8000 | last 100]
success rate                : 59.0% (cumulative 18.5%)
failure rate                : 0.0% (cumulative 0.0%)
completed cycles / episode  : 0.000
synthetic task reward       : 5900.000
shaping reward              : 6351.090
learning reward             : 12251.090
episode length              : 348.0
abstract changes / episode  : 287.3
DFA transitions / episode   : 2.10
DFA transitions in window   : 1->2: 76, 2->3: 75, 3->4: 59
epsilon (next episode)       : 0.09438
replay buffer                : 300000 samples [1: 43.0%, 2: 36.2%, 3: 20.9%, 4: 0.0%]
DFA state visits in window   : 1: 15258, 2: 12131, 3: 7448, 4: 59
DFA state visits cumulative  : 1: 960534, 2: 398299, 3: 240455, 4: 1091
DFA state entries in window  : 1: 100, 2: 76, 3: 75, 4: 59
DFA state entries cumulative : 1: 5900, 2: 2752, 3: 1875, 4: 1091
transitions cumulative       : 1->2: 2752, 2->3: 1875, 3->4: 1091
accepted directly from s0    : 0
Gym endings cumulative       : terminated=4715, truncated=94

[Episode 6000/8000 | last 100]
success rate                : 46.0% (cumulative 18.9%)
failure rate                : 0.0% (cumulative 0.0%)
completed cycles / episode  : 0.000
synthetic task reward       : 4600.000
shaping reward              : 5935.069
learning reward             : 10535.069
episode length              : 343.6
abstract changes / episode  : 289.9
DFA transitions / episode   : 1.94
DFA transitions in window   : 1->2: 76, 2->3: 72, 3->4: 46
epsilon (next episode)       : 0.09067
replay buffer                : 300000 samples [1: 42.1%, 2: 36.8%, 3: 21.1%, 4: 0.0%]
DFA state visits in window   : 1: 14320, 2: 12231, 3: 7859, 4: 46
DFA state visits cumulative  : 1: 974854, 2: 410530, 3: 248314, 4: 1137
DFA state entries in window  : 1: 100, 2: 76, 3: 72, 4: 46
DFA state entries cumulative : 1: 6000, 2: 2828, 3: 1947, 4: 1137
transitions cumulative       : 1->2: 2828, 2->3: 1947, 3->4: 1137
accepted directly from s0    : 0
Gym endings cumulative       : terminated=4769, truncated=94

Starting autonomous greedy evaluation at episode 6000 (1000 fixed-seed episodes)...
[Greedy evaluation at episode 6000 | 1000 fixed-seed episodes]
success=96.1%, failure=0.0%, task reward=9610.000, length=378.4
DFA transitions: 1->2: 990, 2->3: 987, 3->4: 961
Best policy updated from autonomous greedy evaluation at episode 6000.

[Episode 6100/8000 | last 100]
success rate                : 77.0% (cumulative 19.9%)
failure rate                : 0.0% (cumulative 0.0%)
completed cycles / episode  : 0.000
synthetic task reward       : 7700.000
shaping reward              : 7903.228
learning reward             : 15603.228
episode length              : 395.3
abstract changes / episode  : 329.3
DFA transitions / episode   : 2.61
DFA transitions in window   : 1->2: 93, 2->3: 91, 3->4: 77
epsilon (next episode)       : 0.08712
replay buffer                : 300000 samples [1: 41.1%, 2: 37.8%, 3: 21.1%, 4: 0.0%]
DFA state visits in window   : 1: 15575, 2: 15818, 3: 8160, 4: 77
DFA state visits cumulative  : 1: 990429, 2: 426348, 3: 256474, 4: 1214
DFA state entries in window  : 1: 100, 2: 93, 3: 91, 4: 77
DFA state entries cumulative : 1: 6100, 2: 2921, 3: 2038, 4: 1214
transitions cumulative       : 1->2: 2921, 2->3: 2038, 3->4: 1214
accepted directly from s0    : 0
Gym endings cumulative       : terminated=4791, truncated=95

[Episode 6200/8000 | last 100]
success rate                : 43.0% (cumulative 20.3%)
failure rate                : 0.0% (cumulative 0.0%)
completed cycles / episode  : 0.000
synthetic task reward       : 4300.000
shaping reward              : 3944.100
learning reward             : 8244.100
episode length              : 350.3
abstract changes / episode  : 269.5
DFA transitions / episode   : 1.40
DFA transitions in window   : 1->2: 50, 2->3: 47, 3->4: 43
epsilon (next episode)       : 0.08370
replay buffer                : 300000 samples [1: 44.6%, 2: 35.8%, 3: 19.6%, 4: 0.0%]
DFA state visits in window   : 1: 23699, 2: 6669, 3: 4720, 4: 43
DFA state visits cumulative  : 1: 1014128, 2: 433017, 3: 261194, 4: 1257
DFA state entries in window  : 1: 100, 2: 50, 3: 47, 4: 43
DFA state entries cumulative : 1: 6200, 2: 2971, 3: 2085, 4: 1257
transitions cumulative       : 1->2: 2971, 2->3: 2085, 3->4: 1257
accepted directly from s0    : 0
Gym endings cumulative       : terminated=4847, truncated=96

[Episode 6300/8000 | last 100]
success rate                : 39.0% (cumulative 20.6%)
failure rate                : 0.0% (cumulative 0.0%)
completed cycles / episode  : 0.000
synthetic task reward       : 3900.000
shaping reward              : 4327.096
learning reward             : 8227.096
episode length              : 326.9
abstract changes / episode  : 254.6
DFA transitions / episode   : 1.52
DFA transitions in window   : 1->2: 62, 2->3: 51, 3->4: 39
epsilon (next episode)       : 0.08042
replay buffer                : 300000 samples [1: 46.4%, 2: 34.5%, 3: 19.1%, 4: 0.0%]
DFA state visits in window   : 1: 19085, 2: 8450, 3: 5218, 4: 39
DFA state visits cumulative  : 1: 1033213, 2: 441467, 3: 266412, 4: 1296
DFA state entries in window  : 1: 100, 2: 62, 3: 51, 4: 39
DFA state entries cumulative : 1: 6300, 2: 3033, 3: 2136, 4: 1296
transitions cumulative       : 1->2: 3033, 2->3: 2136, 3->4: 1296
accepted directly from s0    : 0
Gym endings cumulative       : terminated=4908, truncated=96

[Episode 6400/8000 | last 100]
success rate                : 64.0% (cumulative 21.2%)
failure rate                : 0.0% (cumulative 0.0%)
completed cycles / episode  : 0.000
synthetic task reward       : 6400.000
shaping reward              : 6678.487
learning reward             : 13078.487
episode length              : 337.8
abstract changes / episode  : 291.9
DFA transitions / episode   : 2.22
DFA transitions in window   : 1->2: 81, 2->3: 77, 3->4: 64
epsilon (next episode)       : 0.07727
replay buffer                : 300000 samples [1: 46.7%, 2: 34.4%, 3: 19.0%, 4: 0.0%]
DFA state visits in window   : 1: 16713, 2: 10391, 3: 6707, 4: 64
DFA state visits cumulative  : 1: 1049926, 2: 451858, 3: 273119, 4: 1360
DFA state entries in window  : 1: 100, 2: 81, 3: 77, 4: 64
DFA state entries cumulative : 1: 6400, 2: 3114, 3: 2213, 4: 1360
transitions cumulative       : 1->2: 3114, 2->3: 2213, 3->4: 1360
accepted directly from s0    : 0
Gym endings cumulative       : terminated=4944, truncated=96

[Episode 6500/8000 | last 100]
success rate                : 73.0% (cumulative 22.0%)
failure rate                : 0.0% (cumulative 0.0%)
completed cycles / episode  : 0.000
synthetic task reward       : 7300.000
shaping reward              : 7363.694
learning reward             : 14663.694
episode length              : 330.8
abstract changes / episode  : 281.7
DFA transitions / episode   : 2.42
DFA transitions in window   : 1->2: 86, 2->3: 83, 3->4: 73
epsilon (next episode)       : 0.07423
replay buffer                : 300000 samples [1: 47.6%, 2: 32.7%, 3: 19.7%, 4: 0.0%]
DFA state visits in window   : 1: 15082, 2: 11010, 3: 7017, 4: 73
DFA state visits cumulative  : 1: 1065008, 2: 462868, 3: 280136, 4: 1433
DFA state entries in window  : 1: 100, 2: 86, 3: 83, 4: 73
DFA state entries cumulative : 1: 6500, 2: 3200, 3: 2296, 4: 1433
transitions cumulative       : 1->2: 3200, 2->3: 2296, 3->4: 1433
accepted directly from s0    : 0
Gym endings cumulative       : terminated=4971, truncated=96

[Episode 6600/8000 | last 100]
success rate                : 88.0% (cumulative 23.0%)
failure rate                : 0.0% (cumulative 0.0%)
completed cycles / episode  : 0.000
synthetic task reward       : 8800.000
shaping reward              : 8665.119
learning reward             : 17465.119
episode length              : 381.1
abstract changes / episode  : 319.3
DFA transitions / episode   : 2.86
DFA transitions in window   : 1->2: 100, 2->3: 98, 3->4: 88
epsilon (next episode)       : 0.07132
replay buffer                : 300000 samples [1: 46.9%, 2: 32.7%, 3: 20.4%, 4: 0.0%]
DFA state visits in window   : 1: 13981, 2: 14172, 3: 9967, 4: 88
DFA state visits cumulative  : 1: 1078989, 2: 477040, 3: 290103, 4: 1521
DFA state entries in window  : 1: 100, 2: 100, 3: 98, 4: 88
DFA state entries cumulative : 1: 6600, 2: 3300, 3: 2394, 4: 1521
transitions cumulative       : 1->2: 3300, 2->3: 2394, 3->4: 1521
accepted directly from s0    : 0
Gym endings cumulative       : terminated=4982, truncated=97

[Episode 6700/8000 | last 100]
success rate                : 76.0% (cumulative 23.8%)
failure rate                : 0.0% (cumulative 0.0%)
completed cycles / episode  : 0.000
synthetic task reward       : 7600.000
shaping reward              : 7849.932
learning reward             : 15449.932
episode length              : 414.3
abstract changes / episode  : 331.2
DFA transitions / episode   : 2.63
DFA transitions in window   : 1->2: 99, 2->3: 88, 3->4: 76
epsilon (next episode)       : 0.06853
replay buffer                : 300000 samples [1: 45.9%, 2: 34.2%, 3: 19.9%, 4: 0.0%]
DFA state visits in window   : 1: 13951, 2: 19779, 3: 7728, 4: 76
DFA state visits cumulative  : 1: 1092940, 2: 496819, 3: 297831, 4: 1597
DFA state entries in window  : 1: 100, 2: 99, 3: 88, 4: 76
DFA state entries cumulative : 1: 6700, 2: 3399, 3: 2482, 4: 1597
transitions cumulative       : 1->2: 3399, 2->3: 2482, 3->4: 1597
accepted directly from s0    : 0
Gym endings cumulative       : terminated=5001, truncated=102

[Episode 6800/8000 | last 100]
success rate                : 86.0% (cumulative 24.8%)
failure rate                : 0.0% (cumulative 0.0%)
completed cycles / episode  : 0.000
synthetic task reward       : 8600.000
shaping reward              : 8295.495
learning reward             : 16895.495
episode length              : 357.1
abstract changes / episode  : 302.8
DFA transitions / episode   : 2.74
DFA transitions in window   : 1->2: 95, 2->3: 93, 3->4: 86
epsilon (next episode)       : 0.06584
replay buffer                : 300000 samples [1: 45.2%, 2: 35.0%, 3: 19.8%, 4: 0.0%]
DFA state visits in window   : 1: 12994, 2: 14839, 3: 7887, 4: 86
DFA state visits cumulative  : 1: 1105934, 2: 511658, 3: 305718, 4: 1683
DFA state entries in window  : 1: 100, 2: 95, 3: 93, 4: 86
DFA state entries cumulative : 1: 6800, 2: 3494, 3: 2575, 4: 1683
transitions cumulative       : 1->2: 3494, 2->3: 2575, 3->4: 1683
accepted directly from s0    : 0
Gym endings cumulative       : terminated=5014, truncated=103

[Episode 6900/8000 | last 100]
success rate                : 59.0% (cumulative 25.2%)
failure rate                : 0.0% (cumulative 0.0%)
completed cycles / episode  : 0.000
synthetic task reward       : 5900.000
shaping reward              : 6318.361
learning reward             : 12218.361
episode length              : 327.4
abstract changes / episode  : 265.5
DFA transitions / episode   : 2.11
DFA transitions in window   : 1->2: 81, 2->3: 71, 3->4: 59
epsilon (next episode)       : 0.06326
replay buffer                : 300000 samples [1: 45.8%, 2: 34.5%, 3: 19.7%, 4: 0.0%]
DFA state visits in window   : 1: 14062, 2: 12423, 3: 6296, 4: 59
DFA state visits cumulative  : 1: 1119996, 2: 524081, 3: 312014, 4: 1742
DFA state entries in window  : 1: 100, 2: 81, 3: 71, 4: 59
DFA state entries cumulative : 1: 6900, 2: 3575, 3: 2646, 4: 1742
transitions cumulative       : 1->2: 3575, 2->3: 2646, 3->4: 1742
accepted directly from s0    : 0
Gym endings cumulative       : terminated=5054, truncated=104

[Episode 7000/8000 | last 100]
success rate                : 43.0% (cumulative 25.5%)
failure rate                : 0.0% (cumulative 0.0%)
completed cycles / episode  : 0.000
synthetic task reward       : 4300.000
shaping reward              : 4946.185
learning reward             : 9246.185
episode length              : 375.9
abstract changes / episode  : 304.3
DFA transitions / episode   : 1.83
DFA transitions in window   : 1->2: 79, 2->3: 61, 3->4: 43
epsilon (next episode)       : 0.06078
replay buffer                : 300000 samples [1: 44.5%, 2: 35.8%, 3: 19.7%, 4: 0.0%]
DFA state visits in window   : 1: 14304, 2: 15392, 3: 7949, 4: 43
DFA state visits cumulative  : 1: 1134300, 2: 539473, 3: 319963, 4: 1785
DFA state entries in window  : 1: 100, 2: 79, 3: 61, 4: 43
DFA state entries cumulative : 1: 7000, 2: 3654, 3: 2707, 4: 1785
transitions cumulative       : 1->2: 3654, 2->3: 2707, 3->4: 1785
accepted directly from s0    : 0
Gym endings cumulative       : terminated=5111, truncated=104

Starting autonomous greedy evaluation at episode 7000 (1000 fixed-seed episodes)...
[Greedy evaluation at episode 7000 | 1000 fixed-seed episodes]
success=52.2%, failure=0.0%, task reward=5220.000, length=394.6
DFA transitions: 1->2: 938, 2->3: 879, 3->4: 522

[Episode 7100/8000 | last 100]
success rate                : 41.0% (cumulative 25.7%)
failure rate                : 0.0% (cumulative 0.0%)
completed cycles / episode  : 0.000
synthetic task reward       : 4100.000
shaping reward              : 5585.467
learning reward             : 9685.467
episode length              : 354.0
abstract changes / episode  : 270.3
DFA transitions / episode   : 1.89
DFA transitions in window   : 1->2: 80, 2->3: 68, 3->4: 41
epsilon (next episode)       : 0.05839
replay buffer                : 300000 samples [1: 41.6%, 2: 37.6%, 3: 20.8%, 4: 0.0%]
DFA state visits in window   : 1: 17343, 2: 11345, 3: 6770, 4: 41
DFA state visits cumulative  : 1: 1151643, 2: 550818, 3: 326733, 4: 1826
DFA state entries in window  : 1: 100, 2: 80, 3: 68, 4: 41
DFA state entries cumulative : 1: 7100, 2: 3734, 3: 2775, 4: 1826
transitions cumulative       : 1->2: 3734, 2->3: 2775, 3->4: 1826
accepted directly from s0    : 0
Gym endings cumulative       : terminated=5166, truncated=108

[Episode 7200/8000 | last 100]
success rate                : 59.0% (cumulative 26.2%)
failure rate                : 0.0% (cumulative 0.0%)
completed cycles / episode  : 0.000
synthetic task reward       : 5900.000
shaping reward              : 6327.702
learning reward             : 12227.702
episode length              : 380.9
abstract changes / episode  : 313.9
DFA transitions / episode   : 2.21
DFA transitions in window   : 1->2: 89, 2->3: 73, 3->4: 59
epsilon (next episode)       : 0.05610
replay buffer                : 300000 samples [1: 39.4%, 2: 39.0%, 3: 21.6%, 4: 0.0%]
DFA state visits in window   : 1: 12556, 2: 15884, 3: 9691, 4: 59
DFA state visits cumulative  : 1: 1164199, 2: 566702, 3: 336424, 4: 1885
DFA state entries in window  : 1: 100, 2: 89, 3: 73, 4: 59
DFA state entries cumulative : 1: 7200, 2: 3823, 3: 2848, 4: 1885
transitions cumulative       : 1->2: 3823, 2->3: 2848, 3->4: 1885
accepted directly from s0    : 0
Gym endings cumulative       : terminated=5204, truncated=111

[Episode 7300/8000 | last 100]
success rate                : 70.0% (cumulative 26.8%)
failure rate                : 0.0% (cumulative 0.0%)
completed cycles / episode  : 0.000
synthetic task reward       : 7000.000
shaping reward              : 7106.569
learning reward             : 14106.569
episode length              : 373.2
abstract changes / episode  : 306.6
DFA transitions / episode   : 2.40
DFA transitions in window   : 1->2: 89, 2->3: 81, 3->4: 70
epsilon (next episode)       : 0.05390
replay buffer                : 300000 samples [1: 38.3%, 2: 39.4%, 3: 22.3%, 4: 0.0%]
DFA state visits in window   : 1: 14081, 2: 13361, 3: 9911, 4: 70
DFA state visits cumulative  : 1: 1178280, 2: 580063, 3: 346335, 4: 1955
DFA state entries in window  : 1: 100, 2: 89, 3: 81, 4: 70
DFA state entries cumulative : 1: 7300, 2: 3912, 3: 2929, 4: 1955
transitions cumulative       : 1->2: 3912, 2->3: 2929, 3->4: 1955
accepted directly from s0    : 0
Gym endings cumulative       : terminated=5234, truncated=111

[Episode 7400/8000 | last 100]
success rate                : 83.0% (cumulative 27.5%)
failure rate                : 0.0% (cumulative 0.0%)
completed cycles / episode  : 0.000
synthetic task reward       : 8300.000
shaping reward              : 8010.800
learning reward             : 16310.800
episode length              : 356.8
abstract changes / episode  : 297.8
DFA transitions / episode   : 2.68
DFA transitions in window   : 1->2: 94, 2->3: 91, 3->4: 83
epsilon (next episode)       : 0.05179
replay buffer                : 300000 samples [1: 38.5%, 2: 39.2%, 3: 22.4%, 4: 0.0%]
DFA state visits in window   : 1: 13941, 2: 12339, 3: 9413, 4: 83
DFA state visits cumulative  : 1: 1192221, 2: 592402, 3: 355748, 4: 2038
DFA state entries in window  : 1: 100, 2: 94, 3: 91, 4: 83
DFA state entries cumulative : 1: 7400, 2: 4006, 3: 3020, 4: 2038
transitions cumulative       : 1->2: 4006, 2->3: 3020, 3->4: 2038
accepted directly from s0    : 0
Gym endings cumulative       : terminated=5251, truncated=111

[Episode 7500/8000 | last 100]
success rate                : 73.0% (cumulative 28.1%)
failure rate                : 0.0% (cumulative 0.0%)
completed cycles / episode  : 0.000
synthetic task reward       : 7300.000
shaping reward              : 7718.386
learning reward             : 15018.386
episode length              : 340.2
abstract changes / episode  : 283.7
DFA transitions / episode   : 2.52
DFA transitions in window   : 1->2: 91, 2->3: 88, 3->4: 73
epsilon (next episode)       : 0.04976
replay buffer                : 300000 samples [1: 38.6%, 2: 38.5%, 3: 22.9%, 4: 0.0%]
DFA state visits in window   : 1: 12868, 2: 12001, 3: 9182, 4: 73
DFA state visits cumulative  : 1: 1205089, 2: 604403, 3: 364930, 4: 2111
DFA state entries in window  : 1: 100, 2: 91, 3: 88, 4: 73
DFA state entries cumulative : 1: 7500, 2: 4097, 3: 3108, 4: 2111
transitions cumulative       : 1->2: 4097, 2->3: 3108, 3->4: 2111
accepted directly from s0    : 0
Gym endings cumulative       : terminated=5278, truncated=111

[Episode 7600/8000 | last 100]
success rate                : 71.0% (cumulative 28.7%)
failure rate                : 0.0% (cumulative 0.0%)
completed cycles / episode  : 0.000
synthetic task reward       : 7100.000
shaping reward              : 7031.354
learning reward             : 14131.354
episode length              : 304.7
abstract changes / episode  : 259.4
DFA transitions / episode   : 2.32
DFA transitions in window   : 1->2: 81, 2->3: 80, 3->4: 71
epsilon (next episode)       : 0.04781
replay buffer                : 300000 samples [1: 39.8%, 2: 36.9%, 3: 23.3%, 4: 0.0%]
DFA state visits in window   : 1: 13083, 2: 10784, 3: 6631, 4: 71
DFA state visits cumulative  : 1: 1218172, 2: 615187, 3: 371561, 4: 2182
DFA state entries in window  : 1: 100, 2: 81, 3: 80, 4: 71
DFA state entries cumulative : 1: 7600, 2: 4178, 3: 3188, 4: 2182
transitions cumulative       : 1->2: 4178, 2->3: 3188, 3->4: 2182
accepted directly from s0    : 0
Gym endings cumulative       : terminated=5307, truncated=111

[Episode 7700/8000 | last 100]
success rate                : 40.0% (cumulative 28.9%)
failure rate                : 0.0% (cumulative 0.0%)
completed cycles / episode  : 0.000
synthetic task reward       : 4000.000
shaping reward              : 4852.306
learning reward             : 8852.306
episode length              : 341.8
abstract changes / episode  : 283.4
DFA transitions / episode   : 1.79
DFA transitions in window   : 1->2: 73, 2->3: 66, 3->4: 40
epsilon (next episode)       : 0.04593
replay buffer                : 300000 samples [1: 40.7%, 2: 36.0%, 3: 23.3%, 4: 0.0%]
DFA state visits in window   : 1: 16525, 2: 10684, 3: 7033, 4: 40
DFA state visits cumulative  : 1: 1234697, 2: 625871, 3: 378594, 4: 2222
DFA state entries in window  : 1: 100, 2: 73, 3: 66, 4: 40
DFA state entries cumulative : 1: 7700, 2: 4251, 3: 3254, 4: 2222
transitions cumulative       : 1->2: 4251, 2->3: 3254, 3->4: 2222
accepted directly from s0    : 0
Gym endings cumulative       : terminated=5366, truncated=112

[Episode 7800/8000 | last 100]
success rate                : 53.0% (cumulative 29.2%)
failure rate                : 0.0% (cumulative 0.0%)
completed cycles / episode  : 0.000
synthetic task reward       : 5300.000
shaping reward              : 5303.364
learning reward             : 10603.364
episode length              : 293.9
abstract changes / episode  : 249.4
DFA transitions / episode   : 1.86
DFA transitions in window   : 1->2: 71, 2->3: 62, 3->4: 53
epsilon (next episode)       : 0.04413
replay buffer                : 300000 samples [1: 40.8%, 2: 34.9%, 3: 24.3%, 4: 0.0%]
DFA state visits in window   : 1: 12608, 2: 8305, 3: 8525, 4: 53
DFA state visits cumulative  : 1: 1247305, 2: 634176, 3: 387119, 4: 2275
DFA state entries in window  : 1: 100, 2: 71, 3: 62, 4: 53
DFA state entries cumulative : 1: 7800, 2: 4322, 3: 3316, 4: 2275
transitions cumulative       : 1->2: 4322, 2->3: 3316, 3->4: 2275
accepted directly from s0    : 0
Gym endings cumulative       : terminated=5411, truncated=114

[Episode 7900/8000 | last 100]
success rate                : 32.0% (cumulative 29.2%)
failure rate                : 0.0% (cumulative 0.0%)
completed cycles / episode  : 0.000
synthetic task reward       : 3200.000
shaping reward              : 4330.619
learning reward             : 7530.619
episode length              : 454.1
abstract changes / episode  : 352.7
DFA transitions / episode   : 1.60
DFA transitions in window   : 1->2: 76, 2->3: 52, 3->4: 32
epsilon (next episode)       : 0.04240
replay buffer                : 300000 samples [1: 41.0%, 2: 36.2%, 3: 22.8%, 4: 0.0%]
DFA state visits in window   : 1: 19448, 2: 20909, 3: 5117, 4: 32
DFA state visits cumulative  : 1: 1266753, 2: 655085, 3: 392236, 4: 2307
DFA state entries in window  : 1: 100, 2: 76, 3: 52, 4: 32
DFA state entries cumulative : 1: 7900, 2: 4398, 3: 3368, 4: 2307
transitions cumulative       : 1->2: 4398, 2->3: 3368, 3->4: 2307
accepted directly from s0    : 0
Gym endings cumulative       : terminated=5468, truncated=125

[Episode 8000/8000 | last 100]
success rate                : 39.0% (cumulative 29.3%)
failure rate                : 0.0% (cumulative 0.0%)
completed cycles / episode  : 0.000
synthetic task reward       : 3900.000
shaping reward              : 4575.120
learning reward             : 8475.120
episode length              : 409.8
abstract changes / episode  : 329.7
DFA transitions / episode   : 1.82
DFA transitions in window   : 1->2: 78, 2->3: 65, 3->4: 39
epsilon (next episode)       : 0.04074
replay buffer                : 300000 samples [1: 41.1%, 2: 37.1%, 3: 21.8%, 4: 0.0%]
DFA state visits in window   : 1: 17338, 2: 16269, 3: 7430, 4: 39
DFA state visits cumulative  : 1: 1284091, 2: 671354, 3: 399666, 4: 2346
DFA state entries in window  : 1: 100, 2: 78, 3: 65, 4: 39
DFA state entries cumulative : 1: 8000, 2: 4476, 3: 3433, 4: 2346
transitions cumulative       : 1->2: 4476, 2->3: 3433, 3->4: 2346
accepted directly from s0    : 0
Gym endings cumulative       : terminated=5526, truncated=128

Starting autonomous greedy evaluation at episode 8000 (1000 fixed-seed episodes)...
[Greedy evaluation at episode 8000 | 1000 fixed-seed episodes]
success=14.8%, failure=0.0%, task reward=1480.000, length=581.7
DFA transitions: 1->2: 836, 2->3: 666, 3->4: 148
Last policy saved after episode 8000. Best greedy evaluation: episode 6000, mean task reward=9610.000
