
=== NEW RUN ===
episodes=8000, shaping=True, goal_reward=10000.0, gamma=0.99
gamma_shaping=1.0, shaping_formula=gamma_shaping*Phi(next)-Phi(state)
eval_interval=500, eval_episodes=1000, eval_seed=100000
inter_level_shaping=False, inter_level_formula=gamma*Phi(next)-Phi(state)
formula=F(wp1 & X(F(g1)))
regions={wp1: {'center': [-0.75, 1.0625], 'radius': 0.1}, g1: {'center': [0.75, 1.0625], 'radius': 0.1}}
dfa_states=[1, 2, 3], pre_trace=1, accepting=[3], failure=[]

[Episode 1/8000 | last 1]
success rate                : 0.0% (cumulative 0.0%)
failure rate                : 0.0% (cumulative 0.0%)
synthetic task reward       : 0.000
shaping reward              : -208.407
learning reward             : -208.407
episode length              : 91.0
abstract changes / episode  : 91.0
DFA transitions / episode   : 0.00
DFA transitions in window   : none
epsilon (next episode)       : 0.99960
replay buffer                : 91 samples [1: 100.0%, 2: 0.0%, 3: 0.0%]
DFA state visits in window   : 1: 92, 2: 0, 3: 0
DFA state visits cumulative  : 1: 92, 2: 0, 3: 0
DFA state entries in window  : 1: 1, 2: 0, 3: 0
DFA state entries cumulative : 1: 1, 2: 0, 3: 0
transitions cumulative       : none
accepted directly from s0    : 0
Gym endings cumulative       : terminated=1, truncated=0

[Episode 100/8000 | last 100]
success rate                : 0.0% (cumulative 0.0%)
failure rate                : 0.0% (cumulative 0.0%)
synthetic task reward       : 0.000
shaping reward              : -195.555
learning reward             : -195.555
episode length              : 93.4
abstract changes / episode  : 90.8
DFA transitions / episode   : 0.02
DFA transitions in window   : 1->2: 2
epsilon (next episode)       : 0.96078
replay buffer                : 9344 samples [1: 99.4%, 2: 0.6%, 3: 0.0%]
DFA state visits in window   : 1: 9383, 2: 61, 3: 0
DFA state visits cumulative  : 1: 9383, 2: 61, 3: 0
DFA state entries in window  : 1: 100, 2: 2, 3: 0
DFA state entries cumulative : 1: 100, 2: 2, 3: 0
transitions cumulative       : 1->2: 2
accepted directly from s0    : 0
Gym endings cumulative       : terminated=100, truncated=0

[Episode 200/8000 | last 100]
success rate                : 0.0% (cumulative 0.0%)
failure rate                : 0.0% (cumulative 0.0%)
synthetic task reward       : 0.000
shaping reward              : -195.413
learning reward             : -195.413
episode length              : 89.1
abstract changes / episode  : 86.4
DFA transitions / episode   : 0.00
DFA transitions in window   : none
epsilon (next episode)       : 0.92310
replay buffer                : 18251 samples [1: 99.7%, 2: 0.3%, 3: 0.0%]
DFA state visits in window   : 1: 9007, 2: 0, 3: 0
DFA state visits cumulative  : 1: 18390, 2: 61, 3: 0
DFA state entries in window  : 1: 100, 2: 0, 3: 0
DFA state entries cumulative : 1: 200, 2: 2, 3: 0
transitions cumulative       : 1->2: 2
accepted directly from s0    : 0
Gym endings cumulative       : terminated=200, truncated=0

[Episode 300/8000 | last 100]
success rate                : 0.0% (cumulative 0.0%)
failure rate                : 0.0% (cumulative 0.0%)
synthetic task reward       : 0.000
shaping reward              : -184.777
learning reward             : -184.777
episode length              : 105.0
abstract changes / episode  : 91.7
DFA transitions / episode   : 0.03
DFA transitions in window   : 1->2: 3
epsilon (next episode)       : 0.88690
replay buffer                : 28750 samples [1: 99.5%, 2: 0.5%, 3: 0.0%]
DFA state visits in window   : 1: 10525, 2: 74, 3: 0
DFA state visits cumulative  : 1: 28915, 2: 135, 3: 0
DFA state entries in window  : 1: 100, 2: 3, 3: 0
DFA state entries cumulative : 1: 300, 2: 5, 3: 0
transitions cumulative       : 1->2: 5
accepted directly from s0    : 0
Gym endings cumulative       : terminated=299, truncated=1

[Episode 400/8000 | last 100]
success rate                : 0.0% (cumulative 0.0%)
failure rate                : 0.0% (cumulative 0.0%)
synthetic task reward       : 0.000
shaping reward              : -188.686
learning reward             : -188.686
episode length              : 105.9
abstract changes / episode  : 99.0
DFA transitions / episode   : 0.01
DFA transitions in window   : 1->2: 1
epsilon (next episode)       : 0.85212
replay buffer                : 39339 samples [1: 99.6%, 2: 0.4%, 3: 0.0%]
DFA state visits in window   : 1: 10661, 2: 28, 3: 0
DFA state visits cumulative  : 1: 39576, 2: 163, 3: 0
DFA state entries in window  : 1: 100, 2: 1, 3: 0
DFA state entries cumulative : 1: 400, 2: 6, 3: 0
transitions cumulative       : 1->2: 6
accepted directly from s0    : 0
Gym endings cumulative       : terminated=399, truncated=1

[Episode 500/8000 | last 100]
success rate                : 0.0% (cumulative 0.0%)
failure rate                : 0.0% (cumulative 0.0%)
synthetic task reward       : 0.000
shaping reward              : -182.525
learning reward             : -182.525
episode length              : 105.5
abstract changes / episode  : 98.3
DFA transitions / episode   : 0.02
DFA transitions in window   : 1->2: 2
epsilon (next episode)       : 0.81870
replay buffer                : 49887 samples [1: 99.6%, 2: 0.4%, 3: 0.0%]
DFA state visits in window   : 1: 10603, 2: 45, 3: 0
DFA state visits cumulative  : 1: 50179, 2: 208, 3: 0
DFA state entries in window  : 1: 100, 2: 2, 3: 0
DFA state entries cumulative : 1: 500, 2: 8, 3: 0
transitions cumulative       : 1->2: 8
accepted directly from s0    : 0
Gym endings cumulative       : terminated=499, truncated=1

Starting autonomous greedy evaluation at episode 500 (1000 fixed-seed episodes)...
[Greedy evaluation at episode 500 | 1000 fixed-seed episodes]
success=0.0%, failure=0.0%, task reward=0.000, length=139.6
DFA transitions: none
Best policy updated from autonomous greedy evaluation at episode 500.

[Episode 600/8000 | last 100]
success rate                : 0.0% (cumulative 0.0%)
failure rate                : 0.0% (cumulative 0.0%)
synthetic task reward       : 0.000
shaping reward              : -181.047
learning reward             : -181.047
episode length              : 102.0
abstract changes / episode  : 97.0
DFA transitions / episode   : 0.03
DFA transitions in window   : 1->2: 3
epsilon (next episode)       : 0.78659
replay buffer                : 60082 samples [1: 99.6%, 2: 0.4%, 3: 0.0%]
DFA state visits in window   : 1: 10230, 2: 65, 3: 0
DFA state visits cumulative  : 1: 60409, 2: 273, 3: 0
DFA state entries in window  : 1: 100, 2: 3, 3: 0
DFA state entries cumulative : 1: 600, 2: 11, 3: 0
transitions cumulative       : 1->2: 11
accepted directly from s0    : 0
Gym endings cumulative       : terminated=599, truncated=1

[Episode 700/8000 | last 100]
success rate                : 0.0% (cumulative 0.0%)
failure rate                : 0.0% (cumulative 0.0%)
synthetic task reward       : 0.000
shaping reward              : -169.969
learning reward             : -169.969
episode length              : 112.2
abstract changes / episode  : 104.7
DFA transitions / episode   : 0.03
DFA transitions in window   : 1->2: 3
epsilon (next episode)       : 0.75574
replay buffer                : 71298 samples [1: 99.6%, 2: 0.4%, 3: 0.0%]
DFA state visits in window   : 1: 11257, 2: 59, 3: 0
DFA state visits cumulative  : 1: 71666, 2: 332, 3: 0
DFA state entries in window  : 1: 100, 2: 3, 3: 0
DFA state entries cumulative : 1: 700, 2: 14, 3: 0
transitions cumulative       : 1->2: 14
accepted directly from s0    : 0
Gym endings cumulative       : terminated=699, truncated=1

[Episode 800/8000 | last 100]
success rate                : 0.0% (cumulative 0.0%)
failure rate                : 0.0% (cumulative 0.0%)
synthetic task reward       : 0.000
shaping reward              : -186.187
learning reward             : -186.187
episode length              : 123.2
abstract changes / episode  : 112.4
DFA transitions / episode   : 0.02
DFA transitions in window   : 1->2: 2
epsilon (next episode)       : 0.72610
replay buffer                : 83623 samples [1: 99.5%, 2: 0.5%, 3: 0.0%]
DFA state visits in window   : 1: 12300, 2: 125, 3: 0
DFA state visits cumulative  : 1: 83966, 2: 457, 3: 0
DFA state entries in window  : 1: 100, 2: 2, 3: 0
DFA state entries cumulative : 1: 800, 2: 16, 3: 0
transitions cumulative       : 1->2: 16
accepted directly from s0    : 0
Gym endings cumulative       : terminated=799, truncated=1

[Episode 900/8000 | last 100]
success rate                : 0.0% (cumulative 0.0%)
failure rate                : 0.0% (cumulative 0.0%)
synthetic task reward       : 0.000
shaping reward              : -178.617
learning reward             : -178.617
episode length              : 120.6
abstract changes / episode  : 113.0
DFA transitions / episode   : 0.01
DFA transitions in window   : 1->2: 1
epsilon (next episode)       : 0.69763
replay buffer                : 95683 samples [1: 99.5%, 2: 0.5%, 3: 0.0%]
DFA state visits in window   : 1: 12125, 2: 35, 3: 0
DFA state visits cumulative  : 1: 96091, 2: 492, 3: 0
DFA state entries in window  : 1: 100, 2: 1, 3: 0
DFA state entries cumulative : 1: 900, 2: 17, 3: 0
transitions cumulative       : 1->2: 17
accepted directly from s0    : 0
Gym endings cumulative       : terminated=899, truncated=1

[Episode 1000/8000 | last 100]
success rate                : 0.0% (cumulative 0.0%)
failure rate                : 0.0% (cumulative 0.0%)
synthetic task reward       : 0.000
shaping reward              : -163.003
learning reward             : -163.003
episode length              : 137.8
abstract changes / episode  : 125.4
DFA transitions / episode   : 0.06
DFA transitions in window   : 1->2: 6
epsilon (next episode)       : 0.67027
replay buffer                : 109468 samples [1: 99.4%, 2: 0.6%, 3: 0.0%]
DFA state visits in window   : 1: 13662, 2: 223, 3: 0
DFA state visits cumulative  : 1: 109753, 2: 715, 3: 0
DFA state entries in window  : 1: 100, 2: 6, 3: 0
DFA state entries cumulative : 1: 1000, 2: 23, 3: 0
transitions cumulative       : 1->2: 23
accepted directly from s0    : 0
Gym endings cumulative       : terminated=999, truncated=1

Starting autonomous greedy evaluation at episode 1000 (1000 fixed-seed episodes)...
[Greedy evaluation at episode 1000 | 1000 fixed-seed episodes]
success=0.0%, failure=0.0%, task reward=0.000, length=137.2
DFA transitions: none
Best policy updated from autonomous greedy evaluation at episode 1000.

[Episode 1100/8000 | last 100]
success rate                : 0.0% (cumulative 0.0%)
failure rate                : 0.0% (cumulative 0.0%)
synthetic task reward       : 0.000
shaping reward              : -176.466
learning reward             : -176.466
episode length              : 140.0
abstract changes / episode  : 127.3
DFA transitions / episode   : 0.05
DFA transitions in window   : 1->2: 5
epsilon (next episode)       : 0.64398
replay buffer                : 123467 samples [1: 99.3%, 2: 0.7%, 3: 0.0%]
DFA state visits in window   : 1: 13871, 2: 228, 3: 0
DFA state visits cumulative  : 1: 123624, 2: 943, 3: 0
DFA state entries in window  : 1: 100, 2: 5, 3: 0
DFA state entries cumulative : 1: 1100, 2: 28, 3: 0
transitions cumulative       : 1->2: 28
accepted directly from s0    : 0
Gym endings cumulative       : terminated=1099, truncated=1

[Episode 1200/8000 | last 100]
success rate                : 0.0% (cumulative 0.0%)
failure rate                : 0.0% (cumulative 0.0%)
synthetic task reward       : 0.000
shaping reward              : -151.297
learning reward             : -151.297
episode length              : 171.1
abstract changes / episode  : 148.9
DFA transitions / episode   : 0.03
DFA transitions in window   : 1->2: 3
epsilon (next episode)       : 0.61872
replay buffer                : 140575 samples [1: 99.3%, 2: 0.7%, 3: 0.0%]
DFA state visits in window   : 1: 17074, 2: 134, 3: 0
DFA state visits cumulative  : 1: 140698, 2: 1077, 3: 0
DFA state entries in window  : 1: 100, 2: 3, 3: 0
DFA state entries cumulative : 1: 1200, 2: 31, 3: 0
transitions cumulative       : 1->2: 31
accepted directly from s0    : 0
Gym endings cumulative       : terminated=1199, truncated=1

[Episode 1300/8000 | last 100]
success rate                : 0.0% (cumulative 0.0%)
failure rate                : 0.0% (cumulative 0.0%)
synthetic task reward       : 0.000
shaping reward              : -157.982
learning reward             : -157.982
episode length              : 151.5
abstract changes / episode  : 133.3
DFA transitions / episode   : 0.03
DFA transitions in window   : 1->2: 3
epsilon (next episode)       : 0.59446
replay buffer                : 155727 samples [1: 99.3%, 2: 0.7%, 3: 0.0%]
DFA state visits in window   : 1: 15148, 2: 104, 3: 0
DFA state visits cumulative  : 1: 155846, 2: 1181, 3: 0
DFA state entries in window  : 1: 100, 2: 3, 3: 0
DFA state entries cumulative : 1: 1300, 2: 34, 3: 0
transitions cumulative       : 1->2: 34
accepted directly from s0    : 0
Gym endings cumulative       : terminated=1299, truncated=1

[Episode 1400/8000 | last 100]
success rate                : 0.0% (cumulative 0.0%)
failure rate                : 0.0% (cumulative 0.0%)
synthetic task reward       : 0.000
shaping reward              : -174.539
learning reward             : -174.539
episode length              : 194.6
abstract changes / episode  : 165.6
DFA transitions / episode   : 0.02
DFA transitions in window   : 1->2: 2
epsilon (next episode)       : 0.57115
replay buffer                : 175191 samples [1: 99.3%, 2: 0.7%, 3: 0.0%]
DFA state visits in window   : 1: 19457, 2: 107, 3: 0
DFA state visits cumulative  : 1: 175303, 2: 1288, 3: 0
DFA state entries in window  : 1: 100, 2: 2, 3: 0
DFA state entries cumulative : 1: 1400, 2: 36, 3: 0
transitions cumulative       : 1->2: 36
accepted directly from s0    : 0
Gym endings cumulative       : terminated=1399, truncated=1

[Episode 1500/8000 | last 100]
success rate                : 0.0% (cumulative 0.0%)
failure rate                : 0.0% (cumulative 0.0%)
synthetic task reward       : 0.000
shaping reward              : -202.948
learning reward             : -202.948
episode length              : 173.1
abstract changes / episode  : 149.7
DFA transitions / episode   : 0.00
DFA transitions in window   : none
epsilon (next episode)       : 0.54875
replay buffer                : 192500 samples [1: 99.3%, 2: 0.7%, 3: 0.0%]
DFA state visits in window   : 1: 17409, 2: 0, 3: 0
DFA state visits cumulative  : 1: 192712, 2: 1288, 3: 0
DFA state entries in window  : 1: 100, 2: 0, 3: 0
DFA state entries cumulative : 1: 1500, 2: 36, 3: 0
transitions cumulative       : 1->2: 36
accepted directly from s0    : 0
Gym endings cumulative       : terminated=1497, truncated=3

Starting autonomous greedy evaluation at episode 1500 (1000 fixed-seed episodes)...
[Greedy evaluation at episode 1500 | 1000 fixed-seed episodes]
success=0.0%, failure=0.0%, task reward=0.000, length=439.1
DFA transitions: 1->2: 9

[Episode 1600/8000 | last 100]
success rate                : 0.0% (cumulative 0.0%)
failure rate                : 0.0% (cumulative 0.0%)
synthetic task reward       : 0.000
shaping reward              : -206.267
learning reward             : -206.267
episode length              : 152.3
abstract changes / episode  : 141.9
DFA transitions / episode   : 0.00
DFA transitions in window   : none
epsilon (next episode)       : 0.52722
replay buffer                : 207733 samples [1: 99.4%, 2: 0.6%, 3: 0.0%]
DFA state visits in window   : 1: 15333, 2: 0, 3: 0
DFA state visits cumulative  : 1: 208045, 2: 1288, 3: 0
DFA state entries in window  : 1: 100, 2: 0, 3: 0
DFA state entries cumulative : 1: 1600, 2: 36, 3: 0
transitions cumulative       : 1->2: 36
accepted directly from s0    : 0
Gym endings cumulative       : terminated=1597, truncated=3

[Episode 1700/8000 | last 100]
success rate                : 0.0% (cumulative 0.0%)
failure rate                : 0.0% (cumulative 0.0%)
synthetic task reward       : 0.000
shaping reward              : -198.750
learning reward             : -198.750
episode length              : 136.5
abstract changes / episode  : 128.2
DFA transitions / episode   : 0.01
DFA transitions in window   : 1->2: 1
epsilon (next episode)       : 0.50655
replay buffer                : 221382 samples [1: 99.4%, 2: 0.6%, 3: 0.0%]
DFA state visits in window   : 1: 13728, 2: 21, 3: 0
DFA state visits cumulative  : 1: 221773, 2: 1309, 3: 0
DFA state entries in window  : 1: 100, 2: 1, 3: 0
DFA state entries cumulative : 1: 1700, 2: 37, 3: 0
transitions cumulative       : 1->2: 37
accepted directly from s0    : 0
Gym endings cumulative       : terminated=1697, truncated=3

[Episode 1800/8000 | last 100]
success rate                : 0.0% (cumulative 0.0%)
failure rate                : 0.0% (cumulative 0.0%)
synthetic task reward       : 0.000
shaping reward              : -207.681
learning reward             : -207.681
episode length              : 137.1
abstract changes / episode  : 119.7
DFA transitions / episode   : 0.00
DFA transitions in window   : none
epsilon (next episode)       : 0.48668
replay buffer                : 235096 samples [1: 99.5%, 2: 0.5%, 3: 0.0%]
DFA state visits in window   : 1: 13814, 2: 0, 3: 0
DFA state visits cumulative  : 1: 235587, 2: 1309, 3: 0
DFA state entries in window  : 1: 100, 2: 0, 3: 0
DFA state entries cumulative : 1: 1800, 2: 37, 3: 0
transitions cumulative       : 1->2: 37
accepted directly from s0    : 0
Gym endings cumulative       : terminated=1796, truncated=4

[Episode 1900/8000 | last 100]
success rate                : 0.0% (cumulative 0.0%)
failure rate                : 0.0% (cumulative 0.0%)
synthetic task reward       : 0.000
shaping reward              : -207.722
learning reward             : -207.722
episode length              : 156.3
abstract changes / episode  : 127.7
DFA transitions / episode   : 0.00
DFA transitions in window   : none
epsilon (next episode)       : 0.46760
replay buffer                : 250730 samples [1: 99.5%, 2: 0.5%, 3: 0.0%]
DFA state visits in window   : 1: 15734, 2: 0, 3: 0
DFA state visits cumulative  : 1: 251321, 2: 1309, 3: 0
DFA state entries in window  : 1: 100, 2: 0, 3: 0
DFA state entries cumulative : 1: 1900, 2: 37, 3: 0
transitions cumulative       : 1->2: 37
accepted directly from s0    : 0
Gym endings cumulative       : terminated=1893, truncated=7

[Episode 2000/8000 | last 100]
success rate                : 0.0% (cumulative 0.0%)
failure rate                : 0.0% (cumulative 0.0%)
synthetic task reward       : 0.000
shaping reward              : -206.410
learning reward             : -206.410
episode length              : 229.7
abstract changes / episode  : 161.8
DFA transitions / episode   : 0.00
DFA transitions in window   : none
epsilon (next episode)       : 0.44926
replay buffer                : 273699 samples [1: 99.5%, 2: 0.5%, 3: 0.0%]
DFA state visits in window   : 1: 23069, 2: 0, 3: 0
DFA state visits cumulative  : 1: 274390, 2: 1309, 3: 0
DFA state entries in window  : 1: 100, 2: 0, 3: 0
DFA state entries cumulative : 1: 2000, 2: 37, 3: 0
transitions cumulative       : 1->2: 37
accepted directly from s0    : 0
Gym endings cumulative       : terminated=1984, truncated=16

Starting autonomous greedy evaluation at episode 2000 (1000 fixed-seed episodes)...
[Greedy evaluation at episode 2000 | 1000 fixed-seed episodes]
success=0.0%, failure=0.0%, task reward=0.000, length=995.0
DFA transitions: none

[Episode 2100/8000 | last 100]
success rate                : 0.0% (cumulative 0.0%)
failure rate                : 0.0% (cumulative 0.0%)
synthetic task reward       : 0.000
shaping reward              : -208.409
learning reward             : -208.409
episode length              : 205.6
abstract changes / episode  : 158.6
DFA transitions / episode   : 0.00
DFA transitions in window   : none
epsilon (next episode)       : 0.43164
replay buffer                : 294254 samples [1: 99.6%, 2: 0.4%, 3: 0.0%]
DFA state visits in window   : 1: 20655, 2: 0, 3: 0
DFA state visits cumulative  : 1: 295045, 2: 1309, 3: 0
DFA state entries in window  : 1: 100, 2: 0, 3: 0
DFA state entries cumulative : 1: 2100, 2: 37, 3: 0
transitions cumulative       : 1->2: 37
accepted directly from s0    : 0
Gym endings cumulative       : terminated=2079, truncated=21

[Episode 2200/8000 | last 100]
success rate                : 0.0% (cumulative 0.0%)
failure rate                : 0.0% (cumulative 0.0%)
synthetic task reward       : 0.000
shaping reward              : -179.725
learning reward             : -179.725
episode length              : 331.9
abstract changes / episode  : 219.8
DFA transitions / episode   : 0.03
DFA transitions in window   : 1->2: 3
epsilon (next episode)       : 0.41471
replay buffer                : 300000 samples [1: 99.6%, 2: 0.4%, 3: 0.0%]
DFA state visits in window   : 1: 33168, 2: 119, 3: 0
DFA state visits cumulative  : 1: 328213, 2: 1428, 3: 0
DFA state entries in window  : 1: 100, 2: 3, 3: 0
DFA state entries cumulative : 1: 2200, 2: 40, 3: 0
transitions cumulative       : 1->2: 40
accepted directly from s0    : 0
Gym endings cumulative       : terminated=2164, truncated=36

[Episode 2300/8000 | last 100]
success rate                : 0.0% (cumulative 0.0%)
failure rate                : 0.0% (cumulative 0.0%)
synthetic task reward       : 0.000
shaping reward              : -90.108
learning reward             : -90.108
episode length              : 204.4
abstract changes / episode  : 179.7
DFA transitions / episode   : 0.11
DFA transitions in window   : 1->2: 11
epsilon (next episode)       : 0.39845
replay buffer                : 300000 samples [1: 99.4%, 2: 0.6%, 3: 0.0%]
DFA state visits in window   : 1: 19892, 2: 646, 3: 0
DFA state visits cumulative  : 1: 348105, 2: 2074, 3: 0
DFA state entries in window  : 1: 100, 2: 11, 3: 0
DFA state entries cumulative : 1: 2300, 2: 51, 3: 0
transitions cumulative       : 1->2: 51
accepted directly from s0    : 0
Gym endings cumulative       : terminated=2264, truncated=36

[Episode 2400/8000 | last 100]
success rate                : 0.0% (cumulative 0.0%)
failure rate                : 0.0% (cumulative 0.0%)
synthetic task reward       : 0.000
shaping reward              : -71.662
learning reward             : -71.662
episode length              : 472.0
abstract changes / episode  : 345.0
DFA transitions / episode   : 0.09
DFA transitions in window   : 1->2: 9
epsilon (next episode)       : 0.38282
replay buffer                : 300000 samples [1: 99.3%, 2: 0.7%, 3: 0.0%]
DFA state visits in window   : 1: 46739, 2: 562, 3: 0
DFA state visits cumulative  : 1: 394844, 2: 2636, 3: 0
DFA state entries in window  : 1: 100, 2: 9, 3: 0
DFA state entries cumulative : 1: 2400, 2: 60, 3: 0
transitions cumulative       : 1->2: 60
accepted directly from s0    : 0
Gym endings cumulative       : terminated=2357, truncated=43

[Episode 2500/8000 | last 100]
success rate                : 1.0% (cumulative 0.0%)
failure rate                : 0.0% (cumulative 0.0%)
synthetic task reward       : 100.000
shaping reward              : -5.479
learning reward             : 94.521
episode length              : 433.4
abstract changes / episode  : 353.0
DFA transitions / episode   : 0.05
DFA transitions in window   : 1->2: 4, 2->3: 1
epsilon (next episode)       : 0.36781
replay buffer                : 300000 samples [1: 99.3%, 2: 0.7%, 3: 0.0%]
DFA state visits in window   : 1: 43064, 2: 377, 3: 1
DFA state visits cumulative  : 1: 437908, 2: 3013, 3: 1
DFA state entries in window  : 1: 100, 2: 4, 3: 1
DFA state entries cumulative : 1: 2500, 2: 64, 3: 1
transitions cumulative       : 1->2: 64, 2->3: 1
accepted directly from s0    : 0
Gym endings cumulative       : terminated=2448, truncated=51

Starting autonomous greedy evaluation at episode 2500 (1000 fixed-seed episodes)...
[Greedy evaluation at episode 2500 | 1000 fixed-seed episodes]
success=0.0%, failure=0.0%, task reward=0.000, length=964.4
DFA transitions: 1->2: 105

[Episode 2600/8000 | last 100]
success rate                : 0.0% (cumulative 0.0%)
failure rate                : 0.0% (cumulative 0.0%)
synthetic task reward       : 0.000
shaping reward              : 16.284
learning reward             : 16.284
episode length              : 335.1
abstract changes / episode  : 294.8
DFA transitions / episode   : 0.10
DFA transitions in window   : 1->2: 10
epsilon (next episode)       : 0.35338
replay buffer                : 300000 samples [1: 99.1%, 2: 0.9%, 3: 0.0%]
DFA state visits in window   : 1: 32761, 2: 848, 3: 0
DFA state visits cumulative  : 1: 470669, 2: 3861, 3: 1
DFA state entries in window  : 1: 100, 2: 10, 3: 0
DFA state entries cumulative : 1: 2600, 2: 74, 3: 1
transitions cumulative       : 1->2: 74, 2->3: 1
accepted directly from s0    : 0
Gym endings cumulative       : terminated=2544, truncated=55

[Episode 2700/8000 | last 100]
success rate                : 1.0% (cumulative 0.1%)
failure rate                : 0.0% (cumulative 0.0%)
synthetic task reward       : 100.000
shaping reward              : 109.136
learning reward             : 209.136
episode length              : 293.5
abstract changes / episode  : 251.9
DFA transitions / episode   : 0.11
DFA transitions in window   : 1->2: 10, 2->3: 1
epsilon (next episode)       : 0.33952
replay buffer                : 300000 samples [1: 98.9%, 2: 1.1%, 3: 0.0%]
DFA state visits in window   : 1: 28737, 2: 710, 3: 1
DFA state visits cumulative  : 1: 499406, 2: 4571, 3: 2
DFA state entries in window  : 1: 100, 2: 10, 3: 1
DFA state entries cumulative : 1: 2700, 2: 84, 3: 2
transitions cumulative       : 1->2: 84, 2->3: 2
accepted directly from s0    : 0
Gym endings cumulative       : terminated=2643, truncated=55

[Episode 2800/8000 | last 100]
success rate                : 5.0% (cumulative 0.2%)
failure rate                : 0.0% (cumulative 0.0%)
synthetic task reward       : 500.000
shaping reward              : 1300.854
learning reward             : 1800.854
episode length              : 339.3
abstract changes / episode  : 291.0
DFA transitions / episode   : 0.46
DFA transitions in window   : 1->2: 41, 2->3: 5
epsilon (next episode)       : 0.32621
replay buffer                : 300000 samples [1: 97.2%, 2: 2.8%, 3: 0.0%]
DFA state visits in window   : 1: 28956, 2: 5070, 3: 5
DFA state visits cumulative  : 1: 528362, 2: 9641, 3: 7
DFA state entries in window  : 1: 100, 2: 41, 3: 5
DFA state entries cumulative : 1: 2800, 2: 125, 3: 7
transitions cumulative       : 1->2: 125, 2->3: 7
accepted directly from s0    : 0
Gym endings cumulative       : terminated=2736, truncated=57

[Episode 2900/8000 | last 100]
success rate                : 5.0% (cumulative 0.4%)
failure rate                : 0.0% (cumulative 0.0%)
synthetic task reward       : 500.000
shaping reward              : 2306.023
learning reward             : 2806.023
episode length              : 322.4
abstract changes / episode  : 290.0
DFA transitions / episode   : 0.58
DFA transitions in window   : 1->2: 53, 2->3: 5
epsilon (next episode)       : 0.31341
replay buffer                : 300000 samples [1: 94.8%, 2: 5.2%, 3: 0.0%]
DFA state visits in window   : 1: 24806, 2: 7529, 3: 5
DFA state visits cumulative  : 1: 553168, 2: 17170, 3: 12
DFA state entries in window  : 1: 100, 2: 53, 3: 5
DFA state entries cumulative : 1: 2900, 2: 178, 3: 12
transitions cumulative       : 1->2: 178, 2->3: 12
accepted directly from s0    : 0
Gym endings cumulative       : terminated=2831, truncated=57

[Episode 3000/8000 | last 100]
success rate                : 3.0% (cumulative 0.5%)
failure rate                : 0.0% (cumulative 0.0%)
synthetic task reward       : 300.000
shaping reward              : 3206.695
learning reward             : 3506.695
episode length              : 329.7
abstract changes / episode  : 299.6
DFA transitions / episode   : 0.67
DFA transitions in window   : 1->2: 64, 2->3: 3
epsilon (next episode)       : 0.30112
replay buffer                : 300000 samples [1: 91.7%, 2: 8.3%, 3: 0.0%]
DFA state visits in window   : 1: 23905, 2: 9166, 3: 3
DFA state visits cumulative  : 1: 577073, 2: 26336, 3: 15
DFA state entries in window  : 1: 100, 2: 64, 3: 3
DFA state entries cumulative : 1: 3000, 2: 242, 3: 15
transitions cumulative       : 1->2: 242, 2->3: 15
accepted directly from s0    : 0
Gym endings cumulative       : terminated=2926, truncated=59

Starting autonomous greedy evaluation at episode 3000 (1000 fixed-seed episodes)...
[Greedy evaluation at episode 3000 | 1000 fixed-seed episodes]
success=0.0%, failure=0.0%, task reward=0.000, length=419.8
DFA transitions: 1->2: 889

[Episode 3100/8000 | last 100]
success rate                : 17.0% (cumulative 1.0%)
failure rate                : 0.0% (cumulative 0.0%)
synthetic task reward       : 1700.000
shaping reward              : 4710.662
learning reward             : 6410.662
episode length              : 323.6
abstract changes / episode  : 291.4
DFA transitions / episode   : 0.92
DFA transitions in window   : 1->2: 75, 2->3: 17
epsilon (next episode)       : 0.28931
replay buffer                : 300000 samples [1: 88.3%, 2: 11.7%, 3: 0.0%]
DFA state visits in window   : 1: 21843, 2: 10604, 3: 17
DFA state visits cumulative  : 1: 598916, 2: 36940, 3: 32
DFA state entries in window  : 1: 100, 2: 75, 3: 17
DFA state entries cumulative : 1: 3100, 2: 317, 3: 32
transitions cumulative       : 1->2: 317, 2->3: 32
accepted directly from s0    : 0
Gym endings cumulative       : terminated=3009, truncated=59

[Episode 3200/8000 | last 100]
success rate                : 24.0% (cumulative 1.8%)
failure rate                : 0.0% (cumulative 0.0%)
synthetic task reward       : 2400.000
shaping reward              : 5050.085
learning reward             : 7450.085
episode length              : 319.1
abstract changes / episode  : 281.0
DFA transitions / episode   : 0.99
DFA transitions in window   : 1->2: 75, 2->3: 24
epsilon (next episode)       : 0.27797
replay buffer                : 300000 samples [1: 85.2%, 2: 14.8%, 3: 0.0%]
DFA state visits in window   : 1: 21887, 2: 10097, 3: 24
DFA state visits cumulative  : 1: 620803, 2: 47037, 3: 56
DFA state entries in window  : 1: 100, 2: 75, 3: 24
DFA state entries cumulative : 1: 3200, 2: 392, 3: 56
transitions cumulative       : 1->2: 392, 2->3: 56
accepted directly from s0    : 0
Gym endings cumulative       : terminated=3085, truncated=59

[Episode 3300/8000 | last 100]
success rate                : 24.0% (cumulative 2.4%)
failure rate                : 0.0% (cumulative 0.0%)
synthetic task reward       : 2400.000
shaping reward              : 4114.704
learning reward             : 6514.704
episode length              : 270.8
abstract changes / episode  : 245.3
DFA transitions / episode   : 0.98
DFA transitions in window   : 1->2: 74, 2->3: 24
epsilon (next episode)       : 0.26706
replay buffer                : 300000 samples [1: 82.1%, 2: 17.9%, 3: 0.0%]
DFA state visits in window   : 1: 17661, 2: 9492, 3: 24
DFA state visits cumulative  : 1: 638464, 2: 56529, 3: 80
DFA state entries in window  : 1: 100, 2: 74, 3: 24
DFA state entries cumulative : 1: 3300, 2: 466, 3: 80
transitions cumulative       : 1->2: 466, 2->3: 80
accepted directly from s0    : 0
Gym endings cumulative       : terminated=3161, truncated=59

[Episode 3400/8000 | last 100]
success rate                : 51.0% (cumulative 3.9%)
failure rate                : 0.0% (cumulative 0.0%)
synthetic task reward       : 5100.000
shaping reward              : 6026.024
learning reward             : 11126.024
episode length              : 283.1
abstract changes / episode  : 256.2
DFA transitions / episode   : 1.33
DFA transitions in window   : 1->2: 82, 2->3: 51
epsilon (next episode)       : 0.25659
replay buffer                : 300000 samples [1: 78.5%, 2: 21.5%, 3: 0.0%]
DFA state visits in window   : 1: 17257, 2: 11097, 3: 51
DFA state visits cumulative  : 1: 655721, 2: 67626, 3: 131
DFA state entries in window  : 1: 100, 2: 82, 3: 51
DFA state entries cumulative : 1: 3400, 2: 548, 3: 131
transitions cumulative       : 1->2: 548, 2->3: 131
accepted directly from s0    : 0
Gym endings cumulative       : terminated=3210, truncated=59

[Episode 3500/8000 | last 100]
success rate                : 39.0% (cumulative 4.9%)
failure rate                : 0.0% (cumulative 0.0%)
synthetic task reward       : 3900.000
shaping reward              : 5066.284
learning reward             : 8966.284
episode length              : 268.4
abstract changes / episode  : 251.9
DFA transitions / episode   : 1.18
DFA transitions in window   : 1->2: 79, 2->3: 39
epsilon (next episode)       : 0.24653
replay buffer                : 300000 samples [1: 75.1%, 2: 24.9%, 3: 0.0%]
DFA state visits in window   : 1: 16196, 2: 10707, 3: 39
DFA state visits cumulative  : 1: 671917, 2: 78333, 3: 170
DFA state entries in window  : 1: 100, 2: 79, 3: 39
DFA state entries cumulative : 1: 3500, 2: 627, 3: 170
transitions cumulative       : 1->2: 627, 2->3: 170
accepted directly from s0    : 0
Gym endings cumulative       : terminated=3271, truncated=59

Starting autonomous greedy evaluation at episode 3500 (1000 fixed-seed episodes)...
[Greedy evaluation at episode 3500 | 1000 fixed-seed episodes]
success=99.8%, failure=0.0%, task reward=9980.000, length=318.9
DFA transitions: 1->2: 1000, 2->3: 998
Best policy updated from autonomous greedy evaluation at episode 3500.

[Episode 3600/8000 | last 100]
success rate                : 53.0% (cumulative 6.2%)
failure rate                : 0.0% (cumulative 0.0%)
synthetic task reward       : 5300.000
shaping reward              : 5912.690
learning reward             : 11212.690
episode length              : 292.7
abstract changes / episode  : 266.7
DFA transitions / episode   : 1.30
DFA transitions in window   : 1->2: 77, 2->3: 53
epsilon (next episode)       : 0.23686
replay buffer                : 300000 samples [1: 71.9%, 2: 28.1%, 3: 0.0%]
DFA state visits in window   : 1: 19087, 2: 10232, 3: 53
DFA state visits cumulative  : 1: 691004, 2: 88565, 3: 223
DFA state entries in window  : 1: 100, 2: 77, 3: 53
DFA state entries cumulative : 1: 3600, 2: 704, 3: 223
transitions cumulative       : 1->2: 704, 2->3: 223
accepted directly from s0    : 0
Gym endings cumulative       : terminated=3317, truncated=60

[Episode 3700/8000 | last 100]
success rate                : 58.0% (cumulative 7.6%)
failure rate                : 0.0% (cumulative 0.0%)
synthetic task reward       : 5800.000
shaping reward              : 6246.655
learning reward             : 12046.655
episode length              : 266.8
abstract changes / episode  : 247.6
DFA transitions / episode   : 1.37
DFA transitions in window   : 1->2: 79, 2->3: 58
epsilon (next episode)       : 0.22757
replay buffer                : 300000 samples [1: 68.9%, 2: 31.1%, 3: 0.0%]
DFA state visits in window   : 1: 17039, 2: 9678, 3: 58
DFA state visits cumulative  : 1: 708043, 2: 98243, 3: 281
DFA state entries in window  : 1: 100, 2: 79, 3: 58
DFA state entries cumulative : 1: 3700, 2: 783, 3: 281
transitions cumulative       : 1->2: 783, 2->3: 281
accepted directly from s0    : 0
Gym endings cumulative       : terminated=3358, truncated=61

[Episode 3800/8000 | last 100]
success rate                : 52.0% (cumulative 8.8%)
failure rate                : 0.0% (cumulative 0.0%)
synthetic task reward       : 5200.000
shaping reward              : 6002.431
learning reward             : 11202.431
episode length              : 272.9
abstract changes / episode  : 252.4
DFA transitions / episode   : 1.38
DFA transitions in window   : 1->2: 86, 2->3: 52
epsilon (next episode)       : 0.21865
replay buffer                : 300000 samples [1: 66.9%, 2: 33.1%, 3: 0.0%]
DFA state visits in window   : 1: 17437, 2: 9901, 3: 52
DFA state visits cumulative  : 1: 725480, 2: 108144, 3: 333
DFA state entries in window  : 1: 100, 2: 86, 3: 52
DFA state entries cumulative : 1: 3800, 2: 869, 3: 333
transitions cumulative       : 1->2: 869, 2->3: 333
accepted directly from s0    : 0
Gym endings cumulative       : terminated=3406, truncated=61

[Episode 3900/8000 | last 100]
success rate                : 55.0% (cumulative 9.9%)
failure rate                : 0.0% (cumulative 0.0%)
synthetic task reward       : 5500.000
shaping reward              : 6591.098
learning reward             : 12091.098
episode length              : 266.1
abstract changes / episode  : 252.8
DFA transitions / episode   : 1.38
DFA transitions in window   : 1->2: 83, 2->3: 55
epsilon (next episode)       : 0.21007
replay buffer                : 300000 samples [1: 65.6%, 2: 34.4%, 3: 0.0%]
DFA state visits in window   : 1: 16829, 2: 9830, 3: 55
DFA state visits cumulative  : 1: 742309, 2: 117974, 3: 388
DFA state entries in window  : 1: 100, 2: 83, 3: 55
DFA state entries cumulative : 1: 3900, 2: 952, 3: 388
transitions cumulative       : 1->2: 952, 2->3: 388
accepted directly from s0    : 0
Gym endings cumulative       : terminated=3451, truncated=61

[Episode 4000/8000 | last 100]
success rate                : 61.0% (cumulative 11.2%)
failure rate                : 0.0% (cumulative 0.0%)
synthetic task reward       : 6100.000
shaping reward              : 7031.691
learning reward             : 13131.691
episode length              : 262.7
abstract changes / episode  : 249.7
DFA transitions / episode   : 1.48
DFA transitions in window   : 1->2: 87, 2->3: 61
epsilon (next episode)       : 0.20183
replay buffer                : 300000 samples [1: 64.6%, 2: 35.4%, 3: 0.0%]
DFA state visits in window   : 1: 15771, 2: 10536, 3: 61
DFA state visits cumulative  : 1: 758080, 2: 128510, 3: 449
DFA state entries in window  : 1: 100, 2: 87, 3: 61
DFA state entries cumulative : 1: 4000, 2: 1039, 3: 449
transitions cumulative       : 1->2: 1039, 2->3: 449
accepted directly from s0    : 0
Gym endings cumulative       : terminated=3490, truncated=61

Starting autonomous greedy evaluation at episode 4000 (1000 fixed-seed episodes)...
[Greedy evaluation at episode 4000 | 1000 fixed-seed episodes]
success=90.9%, failure=0.0%, task reward=9090.000, length=269.4
DFA transitions: 1->2: 956, 2->3: 909

[Episode 4100/8000 | last 100]
success rate                : 57.0% (cumulative 12.3%)
failure rate                : 0.0% (cumulative 0.0%)
synthetic task reward       : 5700.000
shaping reward              : 7042.279
learning reward             : 12742.279
episode length              : 261.3
abstract changes / episode  : 248.0
DFA transitions / episode   : 1.40
DFA transitions in window   : 1->2: 83, 2->3: 57
epsilon (next episode)       : 0.19392
replay buffer                : 300000 samples [1: 63.8%, 2: 36.2%, 3: 0.0%]
DFA state visits in window   : 1: 16395, 2: 9776, 3: 57
DFA state visits cumulative  : 1: 774475, 2: 138286, 3: 506
DFA state entries in window  : 1: 100, 2: 83, 3: 57
DFA state entries cumulative : 1: 4100, 2: 1122, 3: 506
transitions cumulative       : 1->2: 1122, 2->3: 506
accepted directly from s0    : 0
Gym endings cumulative       : terminated=3533, truncated=61

[Episode 4200/8000 | last 100]
success rate                : 54.0% (cumulative 13.3%)
failure rate                : 0.0% (cumulative 0.0%)
synthetic task reward       : 5400.000
shaping reward              : 6845.282
learning reward             : 12245.282
episode length              : 245.1
abstract changes / episode  : 235.1
DFA transitions / episode   : 1.35
DFA transitions in window   : 1->2: 81, 2->3: 54
epsilon (next episode)       : 0.18631
replay buffer                : 300000 samples [1: 63.2%, 2: 36.8%, 3: 0.0%]
DFA state visits in window   : 1: 14843, 2: 9715, 3: 54
DFA state visits cumulative  : 1: 789318, 2: 148001, 3: 560
DFA state entries in window  : 1: 100, 2: 81, 3: 54
DFA state entries cumulative : 1: 4200, 2: 1203, 3: 560
transitions cumulative       : 1->2: 1203, 2->3: 560
accepted directly from s0    : 0
Gym endings cumulative       : terminated=3579, truncated=61

[Episode 4300/8000 | last 100]
success rate                : 59.0% (cumulative 14.4%)
failure rate                : 0.0% (cumulative 0.0%)
synthetic task reward       : 5900.000
shaping reward              : 6750.199
learning reward             : 12650.199
episode length              : 278.1
abstract changes / episode  : 265.8
DFA transitions / episode   : 1.41
DFA transitions in window   : 1->2: 82, 2->3: 59
epsilon (next episode)       : 0.17900
replay buffer                : 300000 samples [1: 62.6%, 2: 37.4%, 3: 0.0%]
DFA state visits in window   : 1: 17204, 2: 10643, 3: 59
DFA state visits cumulative  : 1: 806522, 2: 158644, 3: 619
DFA state entries in window  : 1: 100, 2: 82, 3: 59
DFA state entries cumulative : 1: 4300, 2: 1285, 3: 619
transitions cumulative       : 1->2: 1285, 2->3: 619
accepted directly from s0    : 0
Gym endings cumulative       : terminated=3620, truncated=61

[Episode 4400/8000 | last 100]
success rate                : 56.0% (cumulative 15.3%)
failure rate                : 0.0% (cumulative 0.0%)
synthetic task reward       : 5600.000
shaping reward              : 7356.010
learning reward             : 12956.010
episode length              : 298.8
abstract changes / episode  : 275.9
DFA transitions / episode   : 1.45
DFA transitions in window   : 1->2: 89, 2->3: 56
epsilon (next episode)       : 0.17198
replay buffer                : 300000 samples [1: 61.1%, 2: 38.9%, 3: 0.0%]
DFA state visits in window   : 1: 15166, 2: 14756, 3: 56
DFA state visits cumulative  : 1: 821688, 2: 173400, 3: 675
DFA state entries in window  : 1: 100, 2: 89, 3: 56
DFA state entries cumulative : 1: 4400, 2: 1374, 3: 675
transitions cumulative       : 1->2: 1374, 2->3: 675
accepted directly from s0    : 0
Gym endings cumulative       : terminated=3659, truncated=66

[Episode 4500/8000 | last 100]
success rate                : 58.0% (cumulative 16.3%)
failure rate                : 0.0% (cumulative 0.0%)
synthetic task reward       : 5800.000
shaping reward              : 7072.195
learning reward             : 12872.195
episode length              : 292.6
abstract changes / episode  : 268.6
DFA transitions / episode   : 1.41
DFA transitions in window   : 1->2: 83, 2->3: 58
epsilon (next episode)       : 0.16524
replay buffer                : 300000 samples [1: 61.6%, 2: 38.4%, 3: 0.0%]
DFA state visits in window   : 1: 19478, 2: 9824, 3: 58
DFA state visits cumulative  : 1: 841166, 2: 183224, 3: 733
DFA state entries in window  : 1: 100, 2: 83, 3: 58
DFA state entries cumulative : 1: 4500, 2: 1457, 3: 733
transitions cumulative       : 1->2: 1457, 2->3: 733
accepted directly from s0    : 0
Gym endings cumulative       : terminated=3701, truncated=66

Starting autonomous greedy evaluation at episode 4500 (1000 fixed-seed episodes)...
[Greedy evaluation at episode 4500 | 1000 fixed-seed episodes]
success=81.8%, failure=0.0%, task reward=8180.000, length=398.9
DFA transitions: 1->2: 864, 2->3: 818

[Episode 4600/8000 | last 100]
success rate                : 69.0% (cumulative 17.4%)
failure rate                : 0.0% (cumulative 0.0%)
synthetic task reward       : 6900.000
shaping reward              : 7437.764
learning reward             : 14337.764
episode length              : 351.2
abstract changes / episode  : 319.3
DFA transitions / episode   : 1.53
DFA transitions in window   : 1->2: 84, 2->3: 69
epsilon (next episode)       : 0.15876
replay buffer                : 300000 samples [1: 62.8%, 2: 37.2%, 3: 0.0%]
DFA state visits in window   : 1: 25685, 2: 9470, 3: 69
DFA state visits cumulative  : 1: 866851, 2: 192694, 3: 802
DFA state entries in window  : 1: 100, 2: 84, 3: 69
DFA state entries cumulative : 1: 4600, 2: 1541, 3: 802
transitions cumulative       : 1->2: 1541, 2->3: 802
accepted directly from s0    : 0
Gym endings cumulative       : terminated=3729, truncated=69

[Episode 4700/8000 | last 100]
success rate                : 68.0% (cumulative 18.5%)
failure rate                : 0.0% (cumulative 0.0%)
synthetic task reward       : 6800.000
shaping reward              : 7742.614
learning reward             : 14542.614
episode length              : 309.0
abstract changes / episode  : 282.1
DFA transitions / episode   : 1.59
DFA transitions in window   : 1->2: 91, 2->3: 68
epsilon (next episode)       : 0.15253
replay buffer                : 300000 samples [1: 63.1%, 2: 36.9%, 3: 0.0%]
DFA state visits in window   : 1: 20149, 2: 10781, 3: 68
DFA state visits cumulative  : 1: 887000, 2: 203475, 3: 870
DFA state entries in window  : 1: 100, 2: 91, 3: 68
DFA state entries cumulative : 1: 4700, 2: 1632, 3: 870
transitions cumulative       : 1->2: 1632, 2->3: 870
accepted directly from s0    : 0
Gym endings cumulative       : terminated=3761, truncated=69

[Episode 4800/8000 | last 100]
success rate                : 53.0% (cumulative 19.2%)
failure rate                : 0.0% (cumulative 0.0%)
synthetic task reward       : 5300.000
shaping reward              : 6713.508
learning reward             : 12013.508
episode length              : 292.1
abstract changes / episode  : 274.2
DFA transitions / episode   : 1.39
DFA transitions in window   : 1->2: 86, 2->3: 53
epsilon (next episode)       : 0.14655
replay buffer                : 300000 samples [1: 63.3%, 2: 36.7%, 3: 0.0%]
DFA state visits in window   : 1: 19129, 2: 10133, 3: 53
DFA state visits cumulative  : 1: 906129, 2: 213608, 3: 923
DFA state entries in window  : 1: 100, 2: 86, 3: 53
DFA state entries cumulative : 1: 4800, 2: 1718, 3: 923
transitions cumulative       : 1->2: 1718, 2->3: 923
accepted directly from s0    : 0
Gym endings cumulative       : terminated=3808, truncated=69

[Episode 4900/8000 | last 100]
success rate                : 59.0% (cumulative 20.0%)
failure rate                : 0.0% (cumulative 0.0%)
synthetic task reward       : 5900.000
shaping reward              : 7272.004
learning reward             : 13172.004
episode length              : 258.2
abstract changes / episode  : 246.1
DFA transitions / episode   : 1.46
DFA transitions in window   : 1->2: 87, 2->3: 59
epsilon (next episode)       : 0.14080
replay buffer                : 300000 samples [1: 62.8%, 2: 37.2%, 3: 0.0%]
DFA state visits in window   : 1: 15185, 2: 10674, 3: 59
DFA state visits cumulative  : 1: 921314, 2: 224282, 3: 982
DFA state entries in window  : 1: 100, 2: 87, 3: 59
DFA state entries cumulative : 1: 4900, 2: 1805, 3: 982
transitions cumulative       : 1->2: 1805, 2->3: 982
accepted directly from s0    : 0
Gym endings cumulative       : terminated=3849, truncated=69

[Episode 5000/8000 | last 100]
success rate                : 59.0% (cumulative 20.8%)
failure rate                : 0.0% (cumulative 0.0%)
synthetic task reward       : 5900.000
shaping reward              : 7249.982
learning reward             : 13149.982
episode length              : 234.9
abstract changes / episode  : 222.0
DFA transitions / episode   : 1.44
DFA transitions in window   : 1->2: 85, 2->3: 59
epsilon (next episode)       : 0.13528
replay buffer                : 300000 samples [1: 62.4%, 2: 37.6%, 3: 0.0%]
DFA state visits in window   : 1: 13733, 2: 9797, 3: 59
DFA state visits cumulative  : 1: 935047, 2: 234079, 3: 1041
DFA state entries in window  : 1: 100, 2: 85, 3: 59
DFA state entries cumulative : 1: 5000, 2: 1890, 3: 1041
transitions cumulative       : 1->2: 1890, 2->3: 1041
accepted directly from s0    : 0
Gym endings cumulative       : terminated=3890, truncated=69

Starting autonomous greedy evaluation at episode 5000 (1000 fixed-seed episodes)...
[Greedy evaluation at episode 5000 | 1000 fixed-seed episodes]
success=75.4%, failure=0.0%, task reward=7540.000, length=255.4
DFA transitions: 1->2: 965, 2->3: 754

[Episode 5100/8000 | last 100]
success rate                : 77.0% (cumulative 21.9%)
failure rate                : 0.0% (cumulative 0.0%)
synthetic task reward       : 7700.000
shaping reward              : 8474.968
learning reward             : 16174.968
episode length              : 241.1
abstract changes / episode  : 228.2
DFA transitions / episode   : 1.68
DFA transitions in window   : 1->2: 91, 2->3: 77
epsilon (next episode)       : 0.12998
replay buffer                : 300000 samples [1: 62.3%, 2: 37.7%, 3: 0.0%]
DFA state visits in window   : 1: 13834, 2: 10298, 3: 77
DFA state visits cumulative  : 1: 948881, 2: 244377, 3: 1118
DFA state entries in window  : 1: 100, 2: 91, 3: 77
DFA state entries cumulative : 1: 5100, 2: 1981, 3: 1118
transitions cumulative       : 1->2: 1981, 2->3: 1118
accepted directly from s0    : 0
Gym endings cumulative       : terminated=3913, truncated=69

[Episode 5200/8000 | last 100]
success rate                : 66.0% (cumulative 22.8%)
failure rate                : 0.0% (cumulative 0.0%)
synthetic task reward       : 6600.000
shaping reward              : 7919.984
learning reward             : 14519.984
episode length              : 248.7
abstract changes / episode  : 234.0
DFA transitions / episode   : 1.53
DFA transitions in window   : 1->2: 87, 2->3: 66
epsilon (next episode)       : 0.12488
replay buffer                : 300000 samples [1: 62.1%, 2: 37.9%, 3: 0.0%]
DFA state visits in window   : 1: 14992, 2: 9908, 3: 66
DFA state visits cumulative  : 1: 963873, 2: 254285, 3: 1184
DFA state entries in window  : 1: 100, 2: 87, 3: 66
DFA state entries cumulative : 1: 5200, 2: 2068, 3: 1184
transitions cumulative       : 1->2: 2068, 2->3: 1184
accepted directly from s0    : 0
Gym endings cumulative       : terminated=3947, truncated=69

[Episode 5300/8000 | last 100]
success rate                : 71.0% (cumulative 23.7%)
failure rate                : 0.0% (cumulative 0.0%)
synthetic task reward       : 7100.000
shaping reward              : 8010.258
learning reward             : 15110.258
episode length              : 260.8
abstract changes / episode  : 247.8
DFA transitions / episode   : 1.59
DFA transitions in window   : 1->2: 88, 2->3: 71
epsilon (next episode)       : 0.11998
replay buffer                : 300000 samples [1: 62.0%, 2: 38.0%, 3: 0.0%]
DFA state visits in window   : 1: 16007, 2: 10099, 3: 71
DFA state visits cumulative  : 1: 979880, 2: 264384, 3: 1255
DFA state entries in window  : 1: 100, 2: 88, 3: 71
DFA state entries cumulative : 1: 5300, 2: 2156, 3: 1255
transitions cumulative       : 1->2: 2156, 2->3: 1255
accepted directly from s0    : 0
Gym endings cumulative       : terminated=3976, truncated=69

[Episode 5400/8000 | last 100]
success rate                : 71.0% (cumulative 24.6%)
failure rate                : 0.0% (cumulative 0.0%)
synthetic task reward       : 7100.000
shaping reward              : 7668.368
learning reward             : 14768.368
episode length              : 248.2
abstract changes / episode  : 234.3
DFA transitions / episode   : 1.55
DFA transitions in window   : 1->2: 84, 2->3: 71
epsilon (next episode)       : 0.11528
replay buffer                : 300000 samples [1: 62.4%, 2: 37.6%, 3: 0.0%]
DFA state visits in window   : 1: 15499, 2: 9345, 3: 71
DFA state visits cumulative  : 1: 995379, 2: 273729, 3: 1326
DFA state entries in window  : 1: 100, 2: 84, 3: 71
DFA state entries cumulative : 1: 5400, 2: 2240, 3: 1326
transitions cumulative       : 1->2: 2240, 2->3: 1326
accepted directly from s0    : 0
Gym endings cumulative       : terminated=4005, truncated=69

[Episode 5500/8000 | last 100]
success rate                : 67.0% (cumulative 25.3%)
failure rate                : 0.0% (cumulative 0.0%)
synthetic task reward       : 6700.000
shaping reward              : 7654.769
learning reward             : 14354.769
episode length              : 248.5
abstract changes / episode  : 235.3
DFA transitions / episode   : 1.59
DFA transitions in window   : 1->2: 92, 2->3: 67
epsilon (next episode)       : 0.11075
replay buffer                : 300000 samples [1: 62.9%, 2: 37.1%, 3: 0.0%]
DFA state visits in window   : 1: 14298, 2: 10587, 3: 67
DFA state visits cumulative  : 1: 1009677, 2: 284316, 3: 1393
DFA state entries in window  : 1: 100, 2: 92, 3: 67
DFA state entries cumulative : 1: 5500, 2: 2332, 3: 1393
transitions cumulative       : 1->2: 2332, 2->3: 1393
accepted directly from s0    : 0
Gym endings cumulative       : terminated=4038, truncated=69

Starting autonomous greedy evaluation at episode 5500 (1000 fixed-seed episodes)...
[Greedy evaluation at episode 5500 | 1000 fixed-seed episodes]
success=95.5%, failure=0.0%, task reward=9550.000, length=238.4
DFA transitions: 1->2: 972, 2->3: 955

[Episode 5600/8000 | last 100]
success rate                : 87.0% (cumulative 26.4%)
failure rate                : 0.0% (cumulative 0.0%)
synthetic task reward       : 8700.000
shaping reward              : 8854.751
learning reward             : 17554.751
episode length              : 245.6
abstract changes / episode  : 231.3
DFA transitions / episode   : 1.82
DFA transitions in window   : 1->2: 95, 2->3: 87
epsilon (next episode)       : 0.10641
replay buffer                : 300000 samples [1: 62.3%, 2: 37.7%, 3: 0.0%]
DFA state visits in window   : 1: 14129, 2: 10440, 3: 87
DFA state visits cumulative  : 1: 1023806, 2: 294756, 3: 1480
DFA state entries in window  : 1: 100, 2: 95, 3: 87
DFA state entries cumulative : 1: 5600, 2: 2427, 3: 1480
transitions cumulative       : 1->2: 2427, 2->3: 1480
accepted directly from s0    : 0
Gym endings cumulative       : terminated=4051, truncated=69

[Episode 5700/8000 | last 100]
success rate                : 83.0% (cumulative 27.4%)
failure rate                : 0.0% (cumulative 0.0%)
synthetic task reward       : 8300.000
shaping reward              : 8359.168
learning reward             : 16659.168
episode length              : 241.9
abstract changes / episode  : 230.0
DFA transitions / episode   : 1.72
DFA transitions in window   : 1->2: 89, 2->3: 83
epsilon (next episode)       : 0.10224
replay buffer                : 300000 samples [1: 61.3%, 2: 38.7%, 3: 0.0%]
DFA state visits in window   : 1: 14337, 2: 9872, 3: 83
DFA state visits cumulative  : 1: 1038143, 2: 304628, 3: 1563
DFA state entries in window  : 1: 100, 2: 89, 3: 83
DFA state entries cumulative : 1: 5700, 2: 2516, 3: 1563
transitions cumulative       : 1->2: 2516, 2->3: 1563
accepted directly from s0    : 0
Gym endings cumulative       : terminated=4068, truncated=69

[Episode 5800/8000 | last 100]
success rate                : 68.0% (cumulative 28.1%)
failure rate                : 0.0% (cumulative 0.0%)
synthetic task reward       : 6800.000
shaping reward              : 7079.327
learning reward             : 13879.327
episode length              : 237.7
abstract changes / episode  : 227.0
DFA transitions / episode   : 1.47
DFA transitions in window   : 1->2: 79, 2->3: 68
epsilon (next episode)       : 0.09823
replay buffer                : 300000 samples [1: 60.5%, 2: 39.5%, 3: 0.0%]
DFA state visits in window   : 1: 14916, 2: 8887, 3: 68
DFA state visits cumulative  : 1: 1053059, 2: 313515, 3: 1631
DFA state entries in window  : 1: 100, 2: 79, 3: 68
DFA state entries cumulative : 1: 5800, 2: 2595, 3: 1631
transitions cumulative       : 1->2: 2595, 2->3: 1631
accepted directly from s0    : 0
Gym endings cumulative       : terminated=4100, truncated=69

[Episode 5900/8000 | last 100]
success rate                : 53.0% (cumulative 28.5%)
failure rate                : 0.0% (cumulative 0.0%)
synthetic task reward       : 5300.000
shaping reward              : 6338.629
learning reward             : 11638.629
episode length              : 362.9
abstract changes / episode  : 330.5
DFA transitions / episode   : 1.29
DFA transitions in window   : 1->2: 76, 2->3: 53
epsilon (next episode)       : 0.09438
replay buffer                : 300000 samples [1: 61.3%, 2: 38.7%, 3: 0.0%]
DFA state visits in window   : 1: 26159, 2: 10176, 3: 53
DFA state visits cumulative  : 1: 1079218, 2: 323691, 3: 1684
DFA state entries in window  : 1: 100, 2: 76, 3: 53
DFA state entries cumulative : 1: 5900, 2: 2671, 3: 1684
transitions cumulative       : 1->2: 2671, 2->3: 1684
accepted directly from s0    : 0
Gym endings cumulative       : terminated=4143, truncated=73

[Episode 6000/8000 | last 100]
success rate                : 62.0% (cumulative 29.1%)
failure rate                : 0.0% (cumulative 0.0%)
synthetic task reward       : 6200.000
shaping reward              : 6878.604
learning reward             : 13078.604
episode length              : 265.9
abstract changes / episode  : 246.7
DFA transitions / episode   : 1.43
DFA transitions in window   : 1->2: 81, 2->3: 62
epsilon (next episode)       : 0.09067
replay buffer                : 300000 samples [1: 61.5%, 2: 38.5%, 3: 0.0%]
DFA state visits in window   : 1: 17985, 2: 8646, 3: 62
DFA state visits cumulative  : 1: 1097203, 2: 332337, 3: 1746
DFA state entries in window  : 1: 100, 2: 81, 3: 62
DFA state entries cumulative : 1: 6000, 2: 2752, 3: 1746
transitions cumulative       : 1->2: 2752, 2->3: 1746
accepted directly from s0    : 0
Gym endings cumulative       : terminated=4181, truncated=73

Starting autonomous greedy evaluation at episode 6000 (1000 fixed-seed episodes)...
[Greedy evaluation at episode 6000 | 1000 fixed-seed episodes]
success=42.1%, failure=0.0%, task reward=4210.000, length=361.7
DFA transitions: 1->2: 477, 2->3: 421

[Episode 6100/8000 | last 100]
success rate                : 44.0% (cumulative 29.3%)
failure rate                : 0.0% (cumulative 0.0%)
synthetic task reward       : 4400.000
shaping reward              : 5937.336
learning reward             : 10337.336
episode length              : 300.5
abstract changes / episode  : 276.1
DFA transitions / episode   : 1.23
DFA transitions in window   : 1->2: 79, 2->3: 44
epsilon (next episode)       : 0.08712
replay buffer                : 300000 samples [1: 62.8%, 2: 37.2%, 3: 0.0%]
DFA state visits in window   : 1: 20563, 2: 9540, 3: 44
DFA state visits cumulative  : 1: 1117766, 2: 341877, 3: 1790
DFA state entries in window  : 1: 100, 2: 79, 3: 44
DFA state entries cumulative : 1: 6100, 2: 2831, 3: 1790
transitions cumulative       : 1->2: 2831, 2->3: 1790
accepted directly from s0    : 0
Gym endings cumulative       : terminated=4235, truncated=75

[Episode 6200/8000 | last 100]
success rate                : 38.0% (cumulative 29.5%)
failure rate                : 0.0% (cumulative 0.0%)
synthetic task reward       : 3800.000
shaping reward              : 5096.052
learning reward             : 8896.052
episode length              : 267.4
abstract changes / episode  : 252.3
DFA transitions / episode   : 1.13
DFA transitions in window   : 1->2: 75, 2->3: 38
epsilon (next episode)       : 0.08370
replay buffer                : 300000 samples [1: 63.4%, 2: 36.6%, 3: 0.0%]
DFA state visits in window   : 1: 17615, 2: 9184, 3: 38
DFA state visits cumulative  : 1: 1135381, 2: 351061, 3: 1828
DFA state entries in window  : 1: 100, 2: 75, 3: 38
DFA state entries cumulative : 1: 6200, 2: 2906, 3: 1828
transitions cumulative       : 1->2: 2906, 2->3: 1828
accepted directly from s0    : 0
Gym endings cumulative       : terminated=4297, truncated=75

[Episode 6300/8000 | last 100]
success rate                : 46.0% (cumulative 29.7%)
failure rate                : 0.0% (cumulative 0.0%)
synthetic task reward       : 4600.000
shaping reward              : 6058.437
learning reward             : 10658.437
episode length              : 225.7
abstract changes / episode  : 211.8
DFA transitions / episode   : 1.20
DFA transitions in window   : 1->2: 74, 2->3: 46
epsilon (next episode)       : 0.08042
replay buffer                : 300000 samples [1: 64.1%, 2: 35.9%, 3: 0.0%]
DFA state visits in window   : 1: 14892, 2: 7732, 3: 46
DFA state visits cumulative  : 1: 1150273, 2: 358793, 3: 1874
DFA state entries in window  : 1: 100, 2: 74, 3: 46
DFA state entries cumulative : 1: 6300, 2: 2980, 3: 1874
transitions cumulative       : 1->2: 2980, 2->3: 1874
accepted directly from s0    : 0
Gym endings cumulative       : terminated=4351, truncated=75

[Episode 6400/8000 | last 100]
success rate                : 39.0% (cumulative 29.9%)
failure rate                : 0.0% (cumulative 0.0%)
synthetic task reward       : 3900.000
shaping reward              : 4718.590
learning reward             : 8618.590
episode length              : 201.8
abstract changes / episode  : 191.2
DFA transitions / episode   : 0.95
DFA transitions in window   : 1->2: 56, 2->3: 39
epsilon (next episode)       : 0.07727
replay buffer                : 300000 samples [1: 64.5%, 2: 35.5%, 3: 0.0%]
DFA state visits in window   : 1: 13835, 2: 6405, 3: 39
DFA state visits cumulative  : 1: 1164108, 2: 365198, 3: 1913
DFA state entries in window  : 1: 100, 2: 56, 3: 39
DFA state entries cumulative : 1: 6400, 2: 3036, 3: 1913
transitions cumulative       : 1->2: 3036, 2->3: 1913
accepted directly from s0    : 0
Gym endings cumulative       : terminated=4412, truncated=75

[Episode 6500/8000 | last 100]
success rate                : 36.0% (cumulative 30.0%)
failure rate                : 0.0% (cumulative 0.0%)
synthetic task reward       : 3600.000
shaping reward              : 4336.109
learning reward             : 7936.109
episode length              : 251.1
abstract changes / episode  : 237.5
DFA transitions / episode   : 0.88
DFA transitions in window   : 1->2: 52, 2->3: 36
epsilon (next episode)       : 0.07423
replay buffer                : 300000 samples [1: 66.0%, 2: 34.0%, 3: 0.0%]
DFA state visits in window   : 1: 19706, 2: 5463, 3: 36
DFA state visits cumulative  : 1: 1183814, 2: 370661, 3: 1949
DFA state entries in window  : 1: 100, 2: 52, 3: 36
DFA state entries cumulative : 1: 6500, 2: 3088, 3: 1949
transitions cumulative       : 1->2: 3088, 2->3: 1949
accepted directly from s0    : 0
Gym endings cumulative       : terminated=4476, truncated=75

Starting autonomous greedy evaluation at episode 6500 (1000 fixed-seed episodes)...
[Greedy evaluation at episode 6500 | 1000 fixed-seed episodes]
success=52.1%, failure=0.0%, task reward=5210.000, length=335.5
DFA transitions: 1->2: 632, 2->3: 521

[Episode 6600/8000 | last 100]
success rate                : 45.0% (cumulative 30.2%)
failure rate                : 0.0% (cumulative 0.0%)
synthetic task reward       : 4500.000
shaping reward              : 5313.520
learning reward             : 9813.520
episode length              : 278.3
abstract changes / episode  : 258.2
DFA transitions / episode   : 1.08
DFA transitions in window   : 1->2: 63, 2->3: 45
epsilon (next episode)       : 0.07132
replay buffer                : 300000 samples [1: 67.5%, 2: 32.5%, 3: 0.0%]
DFA state visits in window   : 1: 21767, 2: 6114, 3: 45
DFA state visits cumulative  : 1: 1205581, 2: 376775, 3: 1994
DFA state entries in window  : 1: 100, 2: 63, 3: 45
DFA state entries cumulative : 1: 6600, 2: 3151, 3: 1994
transitions cumulative       : 1->2: 3151, 2->3: 1994
accepted directly from s0    : 0
Gym endings cumulative       : terminated=4531, truncated=75

[Episode 6700/8000 | last 100]
success rate                : 49.0% (cumulative 30.5%)
failure rate                : 0.0% (cumulative 0.0%)
synthetic task reward       : 4900.000
shaping reward              : 6275.045
learning reward             : 11175.045
episode length              : 254.3
abstract changes / episode  : 236.8
DFA transitions / episode   : 1.23
DFA transitions in window   : 1->2: 74, 2->3: 49
epsilon (next episode)       : 0.06853
replay buffer                : 300000 samples [1: 68.4%, 2: 31.6%, 3: 0.0%]
DFA state visits in window   : 1: 17281, 2: 8205, 3: 49
DFA state visits cumulative  : 1: 1222862, 2: 384980, 3: 2043
DFA state entries in window  : 1: 100, 2: 74, 3: 49
DFA state entries cumulative : 1: 6700, 2: 3225, 3: 2043
transitions cumulative       : 1->2: 3225, 2->3: 2043
accepted directly from s0    : 0
Gym endings cumulative       : terminated=4582, truncated=75

[Episode 6800/8000 | last 100]
success rate                : 58.0% (cumulative 30.9%)
failure rate                : 0.0% (cumulative 0.0%)
synthetic task reward       : 5800.000
shaping reward              : 7457.059
learning reward             : 13257.059
episode length              : 290.6
abstract changes / episode  : 271.5
DFA transitions / episode   : 1.45
DFA transitions in window   : 1->2: 87, 2->3: 58
epsilon (next episode)       : 0.06584
replay buffer                : 300000 samples [1: 69.3%, 2: 30.7%, 3: 0.0%]
DFA state visits in window   : 1: 19711, 2: 9394, 3: 58
DFA state visits cumulative  : 1: 1242573, 2: 394374, 3: 2101
DFA state entries in window  : 1: 100, 2: 87, 3: 58
DFA state entries cumulative : 1: 6800, 2: 3312, 3: 2101
transitions cumulative       : 1->2: 3312, 2->3: 2101
accepted directly from s0    : 0
Gym endings cumulative       : terminated=4624, truncated=75

[Episode 6900/8000 | last 100]
success rate                : 44.0% (cumulative 31.1%)
failure rate                : 0.0% (cumulative 0.0%)
synthetic task reward       : 4400.000
shaping reward              : 5280.935
learning reward             : 9680.935
episode length              : 291.2
abstract changes / episode  : 266.1
DFA transitions / episode   : 1.05
DFA transitions in window   : 1->2: 61, 2->3: 44
epsilon (next episode)       : 0.06326
replay buffer                : 300000 samples [1: 70.8%, 2: 29.2%, 3: 0.0%]
DFA state visits in window   : 1: 22604, 2: 6572, 3: 44
DFA state visits cumulative  : 1: 1265177, 2: 400946, 3: 2145
DFA state entries in window  : 1: 100, 2: 61, 3: 44
DFA state entries cumulative : 1: 6900, 2: 3373, 3: 2145
transitions cumulative       : 1->2: 3373, 2->3: 2145
accepted directly from s0    : 0
Gym endings cumulative       : terminated=4680, truncated=75

[Episode 7000/8000 | last 100]
success rate                : 35.0% (cumulative 31.1%)
failure rate                : 0.0% (cumulative 0.0%)
synthetic task reward       : 3500.000
shaping reward              : 4571.668
learning reward             : 8071.668
episode length              : 239.4
abstract changes / episode  : 226.0
DFA transitions / episode   : 0.91
DFA transitions in window   : 1->2: 56, 2->3: 35
epsilon (next episode)       : 0.06078
replay buffer                : 300000 samples [1: 71.1%, 2: 28.9%, 3: 0.0%]
DFA state visits in window   : 1: 17996, 2: 6010, 3: 35
DFA state visits cumulative  : 1: 1283173, 2: 406956, 3: 2180
DFA state entries in window  : 1: 100, 2: 56, 3: 35
DFA state entries cumulative : 1: 7000, 2: 3429, 3: 2180
transitions cumulative       : 1->2: 3429, 2->3: 2180
accepted directly from s0    : 0
Gym endings cumulative       : terminated=4745, truncated=75

Starting autonomous greedy evaluation at episode 7000 (1000 fixed-seed episodes)...
[Greedy evaluation at episode 7000 | 1000 fixed-seed episodes]
success=52.2%, failure=0.0%, task reward=5220.000, length=230.1
DFA transitions: 1->2: 542, 2->3: 522

[Episode 7100/8000 | last 100]
success rate                : 39.0% (cumulative 31.3%)
failure rate                : 0.0% (cumulative 0.0%)
synthetic task reward       : 3900.000
shaping reward              : 5038.091
learning reward             : 8938.091
episode length              : 274.6
abstract changes / episode  : 262.8
DFA transitions / episode   : 1.00
DFA transitions in window   : 1->2: 61, 2->3: 39
epsilon (next episode)       : 0.05839
replay buffer                : 300000 samples [1: 71.8%, 2: 28.2%, 3: 0.0%]
DFA state visits in window   : 1: 21263, 2: 6254, 3: 39
DFA state visits cumulative  : 1: 1304436, 2: 413210, 3: 2219
DFA state entries in window  : 1: 100, 2: 61, 3: 39
DFA state entries cumulative : 1: 7100, 2: 3490, 3: 2219
transitions cumulative       : 1->2: 3490, 2->3: 2219
accepted directly from s0    : 0
Gym endings cumulative       : terminated=4806, truncated=75

[Episode 7200/8000 | last 100]
success rate                : 58.0% (cumulative 31.6%)
failure rate                : 0.0% (cumulative 0.0%)
synthetic task reward       : 5800.000
shaping reward              : 7190.988
learning reward             : 12990.988
episode length              : 265.7
abstract changes / episode  : 245.5
DFA transitions / episode   : 1.43
DFA transitions in window   : 1->2: 85, 2->3: 58
epsilon (next episode)       : 0.05610
replay buffer                : 300000 samples [1: 71.6%, 2: 28.4%, 3: 0.0%]
DFA state visits in window   : 1: 17677, 2: 8933, 3: 58
DFA state visits cumulative  : 1: 1322113, 2: 422143, 3: 2277
DFA state entries in window  : 1: 100, 2: 85, 3: 58
DFA state entries cumulative : 1: 7200, 2: 3575, 3: 2277
transitions cumulative       : 1->2: 3575, 2->3: 2277
accepted directly from s0    : 0
Gym endings cumulative       : terminated=4848, truncated=75

[Episode 7300/8000 | last 100]
success rate                : 24.0% (cumulative 31.5%)
failure rate                : 0.0% (cumulative 0.0%)
synthetic task reward       : 2400.000
shaping reward              : 3768.400
learning reward             : 6168.400
episode length              : 254.9
abstract changes / episode  : 236.4
DFA transitions / episode   : 0.74
DFA transitions in window   : 1->2: 50, 2->3: 24
epsilon (next episode)       : 0.05390
replay buffer                : 300000 samples [1: 72.5%, 2: 27.5%, 3: 0.0%]
DFA state visits in window   : 1: 20226, 2: 5340, 3: 24
DFA state visits cumulative  : 1: 1342339, 2: 427483, 3: 2301
DFA state entries in window  : 1: 100, 2: 50, 3: 24
DFA state entries cumulative : 1: 7300, 2: 3625, 3: 2301
transitions cumulative       : 1->2: 3625, 2->3: 2301
accepted directly from s0    : 0
Gym endings cumulative       : terminated=4924, truncated=75

[Episode 7400/8000 | last 100]
success rate                : 24.0% (cumulative 31.4%)
failure rate                : 0.0% (cumulative 0.0%)
synthetic task reward       : 2400.000
shaping reward              : 4032.706
learning reward             : 6432.706
episode length              : 236.1
abstract changes / episode  : 223.6
DFA transitions / episode   : 0.77
DFA transitions in window   : 1->2: 53, 2->3: 24
epsilon (next episode)       : 0.05179
replay buffer                : 300000 samples [1: 73.4%, 2: 26.6%, 3: 0.0%]
DFA state visits in window   : 1: 17407, 2: 6282, 3: 24
DFA state visits cumulative  : 1: 1359746, 2: 433765, 3: 2325
DFA state entries in window  : 1: 100, 2: 53, 3: 24
DFA state entries cumulative : 1: 7400, 2: 3678, 3: 2325
transitions cumulative       : 1->2: 3678, 2->3: 2325
accepted directly from s0    : 0
Gym endings cumulative       : terminated=5000, truncated=75

[Episode 7500/8000 | last 100]
success rate                : 49.0% (cumulative 31.7%)
failure rate                : 0.0% (cumulative 0.0%)
synthetic task reward       : 4900.000
shaping reward              : 6070.541
learning reward             : 10970.541
episode length              : 303.9
abstract changes / episode  : 289.7
DFA transitions / episode   : 1.19
DFA transitions in window   : 1->2: 70, 2->3: 49
epsilon (next episode)       : 0.04976
replay buffer                : 300000 samples [1: 74.0%, 2: 26.0%, 3: 0.0%]
DFA state visits in window   : 1: 22692, 2: 7747, 3: 49
DFA state visits cumulative  : 1: 1382438, 2: 441512, 3: 2374
DFA state entries in window  : 1: 100, 2: 70, 3: 49
DFA state entries cumulative : 1: 7500, 2: 3748, 3: 2374
transitions cumulative       : 1->2: 3748, 2->3: 2374
accepted directly from s0    : 0
Gym endings cumulative       : terminated=5048, truncated=78

Starting autonomous greedy evaluation at episode 7500 (1000 fixed-seed episodes)...
[Greedy evaluation at episode 7500 | 1000 fixed-seed episodes]
success=41.9%, failure=0.0%, task reward=4190.000, length=327.1
DFA transitions: 1->2: 485, 2->3: 419

[Episode 7600/8000 | last 100]
success rate                : 79.0% (cumulative 32.3%)
failure rate                : 0.0% (cumulative 0.0%)
synthetic task reward       : 7900.000
shaping reward              : 8424.455
learning reward             : 16324.455
episode length              : 259.8
abstract changes / episode  : 251.3
DFA transitions / episode   : 1.71
DFA transitions in window   : 1->2: 92, 2->3: 79
epsilon (next episode)       : 0.04781
replay buffer                : 300000 samples [1: 72.7%, 2: 27.3%, 3: 0.0%]
DFA state visits in window   : 1: 16024, 2: 9974, 3: 79
DFA state visits cumulative  : 1: 1398462, 2: 451486, 3: 2453
DFA state entries in window  : 1: 100, 2: 92, 3: 79
DFA state entries cumulative : 1: 7600, 2: 3840, 3: 2453
transitions cumulative       : 1->2: 3840, 2->3: 2453
accepted directly from s0    : 0
Gym endings cumulative       : terminated=5069, truncated=78

[Episode 7700/8000 | last 100]
success rate                : 70.0% (cumulative 32.8%)
failure rate                : 0.0% (cumulative 0.0%)
synthetic task reward       : 7000.000
shaping reward              : 8156.099
learning reward             : 15156.099
episode length              : 264.2
abstract changes / episode  : 253.1
DFA transitions / episode   : 1.60
DFA transitions in window   : 1->2: 90, 2->3: 70
epsilon (next episode)       : 0.04593
replay buffer                : 300000 samples [1: 71.2%, 2: 28.8%, 3: 0.0%]
DFA state visits in window   : 1: 16373, 2: 10075, 3: 70
DFA state visits cumulative  : 1: 1414835, 2: 461561, 3: 2523
DFA state entries in window  : 1: 100, 2: 90, 3: 70
DFA state entries cumulative : 1: 7700, 2: 3930, 3: 2523
transitions cumulative       : 1->2: 3930, 2->3: 2523
accepted directly from s0    : 0
Gym endings cumulative       : terminated=5099, truncated=78

[Episode 7800/8000 | last 100]
success rate                : 69.0% (cumulative 33.2%)
failure rate                : 0.0% (cumulative 0.0%)
synthetic task reward       : 6900.000
shaping reward              : 7659.011
learning reward             : 14559.011
episode length              : 253.3
abstract changes / episode  : 243.4
DFA transitions / episode   : 1.55
DFA transitions in window   : 1->2: 86, 2->3: 69
epsilon (next episode)       : 0.04413
replay buffer                : 300000 samples [1: 70.7%, 2: 29.3%, 3: 0.0%]
DFA state visits in window   : 1: 15851, 2: 9510, 3: 69
DFA state visits cumulative  : 1: 1430686, 2: 471071, 3: 2592
DFA state entries in window  : 1: 100, 2: 86, 3: 69
DFA state entries cumulative : 1: 7800, 2: 4016, 3: 2592
transitions cumulative       : 1->2: 4016, 2->3: 2592
accepted directly from s0    : 0
Gym endings cumulative       : terminated=5130, truncated=78

[Episode 7900/8000 | last 100]
success rate                : 57.0% (cumulative 33.5%)
failure rate                : 0.0% (cumulative 0.0%)
synthetic task reward       : 5700.000
shaping reward              : 6217.481
learning reward             : 11917.481
episode length              : 232.8
abstract changes / episode  : 223.5
DFA transitions / episode   : 1.28
DFA transitions in window   : 1->2: 71, 2->3: 57
epsilon (next episode)       : 0.04240
replay buffer                : 300000 samples [1: 70.5%, 2: 29.5%, 3: 0.0%]
DFA state visits in window   : 1: 15360, 2: 7966, 3: 57
DFA state visits cumulative  : 1: 1446046, 2: 479037, 3: 2649
DFA state entries in window  : 1: 100, 2: 71, 3: 57
DFA state entries cumulative : 1: 7900, 2: 4087, 3: 2649
transitions cumulative       : 1->2: 4087, 2->3: 2649
accepted directly from s0    : 0
Gym endings cumulative       : terminated=5173, truncated=78

[Episode 8000/8000 | last 100]
success rate                : 69.0% (cumulative 34.0%)
failure rate                : 0.0% (cumulative 0.0%)
synthetic task reward       : 6900.000
shaping reward              : 7657.337
learning reward             : 14557.337
episode length              : 240.9
abstract changes / episode  : 230.1
DFA transitions / episode   : 1.54
DFA transitions in window   : 1->2: 85, 2->3: 69
epsilon (next episode)       : 0.04074
replay buffer                : 300000 samples [1: 69.8%, 2: 30.2%, 3: 0.0%]
DFA state visits in window   : 1: 14853, 2: 9271, 3: 69
DFA state visits cumulative  : 1: 1460899, 2: 488308, 3: 2718
DFA state entries in window  : 1: 100, 2: 85, 3: 69
DFA state entries cumulative : 1: 8000, 2: 4172, 3: 2718
transitions cumulative       : 1->2: 4172, 2->3: 2718
accepted directly from s0    : 0
Gym endings cumulative       : terminated=5204, truncated=78

Starting autonomous greedy evaluation at episode 8000 (1000 fixed-seed episodes)...
[Greedy evaluation at episode 8000 | 1000 fixed-seed episodes]
success=32.0%, failure=0.0%, task reward=3200.000, length=262.8
DFA transitions: 1->2: 883, 2->3: 320
Last policy saved after episode 8000. Best greedy evaluation: episode 3500, mean task reward=9980.000
