
=== NEW RUN ===
episodes=8000, shaping=True, goal_reward=10000.0, gamma=0.99
gamma_shaping=1.0, shaping_formula=gamma_shaping*Phi(next)-Phi(state)
ground_unbiased_learner=False
eval_interval=500, eval_episodes=1000, eval_seed=100000
inter_level_shaping=False, inter_level_formula=gamma*Phi(next)-Phi(state)
task_type=ltlf, task=F(wp1 & X(F(wp2 & X(F(g1)))))
regions={wp1: {'center': [-0.75, 1.0625], 'radius': 0.1}, wp2: {'center': [0, 0.8125], 'radius': 0.1}, g1: {'center': [0.75, 1.0625], 'radius': 0.1}}
dfa_states=[1, 2, 3, 4], pre_trace=1, accepting=[4], failure=[]

[Episode 1/8000 | last 1]
success rate                : 0.0% (cumulative 0.0%)
failure rate                : 0.0% (cumulative 0.0%)
completed cycles / episode  : 0.000
synthetic task reward       : 0.000
shaping reward              : -239.772
learning reward             : -239.772
episode length              : 101.0
abstract changes / episode  : 101.0
same abstract-state steps   : 0.0%
same-state shaping / episode: 0.000
changed-state shaping / ep. : -239.772
terminal shaping / episode  : -0.486
DFA transitions / episode   : 0.00
DFA transitions in window   : none
epsilon (next episode)       : 0.99960
replay buffer                : 101 samples [1: 100.0%, 2: 0.0%, 3: 0.0%, 4: 0.0%]
DFA state visits in window   : 1: 102, 2: 0, 3: 0, 4: 0
DFA state visits cumulative  : 1: 102, 2: 0, 3: 0, 4: 0
DFA state entries in window  : 1: 1, 2: 0, 3: 0, 4: 0
DFA state entries cumulative : 1: 1, 2: 0, 3: 0, 4: 0
transitions cumulative       : none
accepted directly from s0    : 0
Gym endings cumulative       : terminated=1, truncated=0

[Episode 100/8000 | last 100]
success rate                : 0.0% (cumulative 0.0%)
failure rate                : 0.0% (cumulative 0.0%)
completed cycles / episode  : 0.000
synthetic task reward       : 0.000
shaping reward              : -202.393
learning reward             : -202.393
episode length              : 97.9
abstract changes / episode  : 86.5
same abstract-state steps   : 11.7%
same-state shaping / episode: 0.000
changed-state shaping / ep. : -202.393
terminal shaping / episode  : -0.826
DFA transitions / episode   : 0.01
DFA transitions in window   : 1->2: 1
epsilon (next episode)       : 0.96078
replay buffer                : 9790 samples [1: 99.8%, 2: 0.2%, 3: 0.0%, 4: 0.0%]
DFA state visits in window   : 1: 9868, 2: 22, 3: 0, 4: 0
DFA state visits cumulative  : 1: 9868, 2: 22, 3: 0, 4: 0
DFA state entries in window  : 1: 100, 2: 1, 3: 0, 4: 0
DFA state entries cumulative : 1: 100, 2: 1, 3: 0, 4: 0
transitions cumulative       : 1->2: 1
accepted directly from s0    : 0
Gym endings cumulative       : terminated=99, truncated=1

[Episode 200/8000 | last 100]
success rate                : 0.0% (cumulative 0.0%)
failure rate                : 0.0% (cumulative 0.0%)
completed cycles / episode  : 0.000
synthetic task reward       : 0.000
shaping reward              : -197.073
learning reward             : -197.073
episode length              : 92.7
abstract changes / episode  : 89.2
same abstract-state steps   : 3.8%
same-state shaping / episode: 0.000
changed-state shaping / ep. : -197.073
terminal shaping / episode  : -1.556
DFA transitions / episode   : 0.02
DFA transitions in window   : 1->2: 2
epsilon (next episode)       : 0.92310
replay buffer                : 19055 samples [1: 99.7%, 2: 0.3%, 3: 0.0%, 4: 0.0%]
DFA state visits in window   : 1: 9320, 2: 45, 3: 0, 4: 0
DFA state visits cumulative  : 1: 19188, 2: 67, 3: 0, 4: 0
DFA state entries in window  : 1: 100, 2: 2, 3: 0, 4: 0
DFA state entries cumulative : 1: 200, 2: 3, 3: 0, 4: 0
transitions cumulative       : 1->2: 3
accepted directly from s0    : 0
Gym endings cumulative       : terminated=199, truncated=1

[Episode 300/8000 | last 100]
success rate                : 0.0% (cumulative 0.0%)
failure rate                : 0.0% (cumulative 0.0%)
completed cycles / episode  : 0.000
synthetic task reward       : 0.000
shaping reward              : -182.305
learning reward             : -182.305
episode length              : 96.4
abstract changes / episode  : 91.7
same abstract-state steps   : 4.9%
same-state shaping / episode: 0.000
changed-state shaping / ep. : -182.305
terminal shaping / episode  : -2.064
DFA transitions / episode   : 0.03
DFA transitions in window   : 1->2: 3
epsilon (next episode)       : 0.88690
replay buffer                : 28696 samples [1: 99.6%, 2: 0.4%, 3: 0.0%, 4: 0.0%]
DFA state visits in window   : 1: 9687, 2: 54, 3: 0, 4: 0
DFA state visits cumulative  : 1: 28875, 2: 121, 3: 0, 4: 0
DFA state entries in window  : 1: 100, 2: 3, 3: 0, 4: 0
DFA state entries cumulative : 1: 300, 2: 6, 3: 0, 4: 0
transitions cumulative       : 1->2: 6
accepted directly from s0    : 0
Gym endings cumulative       : terminated=299, truncated=1

[Episode 400/8000 | last 100]
success rate                : 0.0% (cumulative 0.0%)
failure rate                : 0.0% (cumulative 0.0%)
completed cycles / episode  : 0.000
synthetic task reward       : 0.000
shaping reward              : -180.859
learning reward             : -180.859
episode length              : 98.8
abstract changes / episode  : 94.9
same abstract-state steps   : 3.9%
same-state shaping / episode: 0.000
changed-state shaping / ep. : -180.859
terminal shaping / episode  : -2.018
DFA transitions / episode   : 0.04
DFA transitions in window   : 1->2: 4
epsilon (next episode)       : 0.85212
replay buffer                : 38577 samples [1: 99.5%, 2: 0.5%, 3: 0.0%, 4: 0.0%]
DFA state visits in window   : 1: 9903, 2: 78, 3: 0, 4: 0
DFA state visits cumulative  : 1: 38778, 2: 199, 3: 0, 4: 0
DFA state entries in window  : 1: 100, 2: 4, 3: 0, 4: 0
DFA state entries cumulative : 1: 400, 2: 10, 3: 0, 4: 0
transitions cumulative       : 1->2: 10
accepted directly from s0    : 0
Gym endings cumulative       : terminated=399, truncated=1

[Episode 500/8000 | last 100]
success rate                : 0.0% (cumulative 0.0%)
failure rate                : 0.0% (cumulative 0.0%)
completed cycles / episode  : 0.000
synthetic task reward       : 0.000
shaping reward              : -173.824
learning reward             : -173.824
episode length              : 98.2
abstract changes / episode  : 95.1
same abstract-state steps   : 3.1%
same-state shaping / episode: 0.000
changed-state shaping / ep. : -173.824
terminal shaping / episode  : -2.039
DFA transitions / episode   : 0.03
DFA transitions in window   : 1->2: 3
epsilon (next episode)       : 0.81870
replay buffer                : 48395 samples [1: 99.5%, 2: 0.5%, 3: 0.0%, 4: 0.0%]
DFA state visits in window   : 1: 9852, 2: 66, 3: 0, 4: 0
DFA state visits cumulative  : 1: 48630, 2: 265, 3: 0, 4: 0
DFA state entries in window  : 1: 100, 2: 3, 3: 0, 4: 0
DFA state entries cumulative : 1: 500, 2: 13, 3: 0, 4: 0
transitions cumulative       : 1->2: 13
accepted directly from s0    : 0
Gym endings cumulative       : terminated=499, truncated=1

Starting autonomous greedy evaluation at episode 500 (1000 fixed-seed episodes)...
[Greedy evaluation at episode 500 | 1000 fixed-seed episodes]
success=0.0%, failure=0.0%, task reward=0.000, length=153.7
DFA transitions: 1->2: 8
Best policy updated from autonomous greedy evaluation at episode 500.

[Episode 600/8000 | last 100]
success rate                : 0.0% (cumulative 0.0%)
failure rate                : 0.0% (cumulative 0.0%)
completed cycles / episode  : 0.000
synthetic task reward       : 0.000
shaping reward              : -175.016
learning reward             : -175.016
episode length              : 109.7
abstract changes / episode  : 97.7
same abstract-state steps   : 11.0%
same-state shaping / episode: 0.000
changed-state shaping / ep. : -175.016
terminal shaping / episode  : -2.256
DFA transitions / episode   : 0.02
DFA transitions in window   : 1->2: 2
epsilon (next episode)       : 0.78659
replay buffer                : 59365 samples [1: 99.5%, 2: 0.5%, 3: 0.0%, 4: 0.0%]
DFA state visits in window   : 1: 11033, 2: 37, 3: 0, 4: 0
DFA state visits cumulative  : 1: 59663, 2: 302, 3: 0, 4: 0
DFA state entries in window  : 1: 100, 2: 2, 3: 0, 4: 0
DFA state entries cumulative : 1: 600, 2: 15, 3: 0, 4: 0
transitions cumulative       : 1->2: 15
accepted directly from s0    : 0
Gym endings cumulative       : terminated=598, truncated=2

[Episode 700/8000 | last 100]
success rate                : 0.0% (cumulative 0.0%)
failure rate                : 0.0% (cumulative 0.0%)
completed cycles / episode  : 0.000
synthetic task reward       : 0.000
shaping reward              : -180.132
learning reward             : -180.132
episode length              : 104.5
abstract changes / episode  : 99.8
same abstract-state steps   : 4.5%
same-state shaping / episode: 0.000
changed-state shaping / ep. : -180.132
terminal shaping / episode  : -1.951
DFA transitions / episode   : 0.01
DFA transitions in window   : 1->2: 1
epsilon (next episode)       : 0.75574
replay buffer                : 69813 samples [1: 99.6%, 2: 0.4%, 3: 0.0%, 4: 0.0%]
DFA state visits in window   : 1: 10527, 2: 21, 3: 0, 4: 0
DFA state visits cumulative  : 1: 70190, 2: 323, 3: 0, 4: 0
DFA state entries in window  : 1: 100, 2: 1, 3: 0, 4: 0
DFA state entries cumulative : 1: 700, 2: 16, 3: 0, 4: 0
transitions cumulative       : 1->2: 16
accepted directly from s0    : 0
Gym endings cumulative       : terminated=698, truncated=2

[Episode 800/8000 | last 100]
success rate                : 0.0% (cumulative 0.0%)
failure rate                : 0.0% (cumulative 0.0%)
completed cycles / episode  : 0.000
synthetic task reward       : 0.000
shaping reward              : -159.503
learning reward             : -159.503
episode length              : 111.4
abstract changes / episode  : 104.4
same abstract-state steps   : 6.2%
same-state shaping / episode: 0.000
changed-state shaping / ep. : -159.503
terminal shaping / episode  : -2.343
DFA transitions / episode   : 0.03
DFA transitions in window   : 1->2: 3
epsilon (next episode)       : 0.72610
replay buffer                : 80949 samples [1: 99.5%, 2: 0.5%, 3: 0.0%, 4: 0.0%]
DFA state visits in window   : 1: 11151, 2: 85, 3: 0, 4: 0
DFA state visits cumulative  : 1: 81341, 2: 408, 3: 0, 4: 0
DFA state entries in window  : 1: 100, 2: 3, 3: 0, 4: 0
DFA state entries cumulative : 1: 800, 2: 19, 3: 0, 4: 0
transitions cumulative       : 1->2: 19
accepted directly from s0    : 0
Gym endings cumulative       : terminated=798, truncated=2

[Episode 900/8000 | last 100]
success rate                : 0.0% (cumulative 0.0%)
failure rate                : 0.0% (cumulative 0.0%)
completed cycles / episode  : 0.000
synthetic task reward       : 0.000
shaping reward              : -171.235
learning reward             : -171.235
episode length              : 110.8
abstract changes / episode  : 105.1
same abstract-state steps   : 5.2%
same-state shaping / episode: 0.000
changed-state shaping / ep. : -171.235
terminal shaping / episode  : -1.235
DFA transitions / episode   : 0.00
DFA transitions in window   : none
epsilon (next episode)       : 0.69763
replay buffer                : 92034 samples [1: 99.6%, 2: 0.4%, 3: 0.0%, 4: 0.0%]
DFA state visits in window   : 1: 11185, 2: 0, 3: 0, 4: 0
DFA state visits cumulative  : 1: 92526, 2: 408, 3: 0, 4: 0
DFA state entries in window  : 1: 100, 2: 0, 3: 0, 4: 0
DFA state entries cumulative : 1: 900, 2: 19, 3: 0, 4: 0
transitions cumulative       : 1->2: 19
accepted directly from s0    : 0
Gym endings cumulative       : terminated=898, truncated=2

[Episode 1000/8000 | last 100]
success rate                : 0.0% (cumulative 0.0%)
failure rate                : 0.0% (cumulative 0.0%)
completed cycles / episode  : 0.000
synthetic task reward       : 0.000
shaping reward              : -171.056
learning reward             : -171.056
episode length              : 108.0
abstract changes / episode  : 102.7
same abstract-state steps   : 4.9%
same-state shaping / episode: 0.000
changed-state shaping / ep. : -171.056
terminal shaping / episode  : -2.266
DFA transitions / episode   : 0.01
DFA transitions in window   : 1->2: 1
epsilon (next episode)       : 0.67027
replay buffer                : 102829 samples [1: 99.6%, 2: 0.4%, 3: 0.0%, 4: 0.0%]
DFA state visits in window   : 1: 10877, 2: 18, 3: 0, 4: 0
DFA state visits cumulative  : 1: 103403, 2: 426, 3: 0, 4: 0
DFA state entries in window  : 1: 100, 2: 1, 3: 0, 4: 0
DFA state entries cumulative : 1: 1000, 2: 20, 3: 0, 4: 0
transitions cumulative       : 1->2: 20
accepted directly from s0    : 0
Gym endings cumulative       : terminated=998, truncated=2

Starting autonomous greedy evaluation at episode 1000 (1000 fixed-seed episodes)...
[Greedy evaluation at episode 1000 | 1000 fixed-seed episodes]
success=0.0%, failure=0.0%, task reward=0.000, length=103.6
DFA transitions: 1->2: 292
Best policy updated from autonomous greedy evaluation at episode 1000.

[Episode 1100/8000 | last 100]
success rate                : 0.0% (cumulative 0.0%)
failure rate                : 0.0% (cumulative 0.0%)
completed cycles / episode  : 0.000
synthetic task reward       : 0.000
shaping reward              : -183.601
learning reward             : -183.601
episode length              : 108.4
abstract changes / episode  : 104.5
same abstract-state steps   : 3.6%
same-state shaping / episode: 0.000
changed-state shaping / ep. : -183.601
terminal shaping / episode  : -2.512
DFA transitions / episode   : 0.01
DFA transitions in window   : 1->2: 1
epsilon (next episode)       : 0.64398
replay buffer                : 113665 samples [1: 99.6%, 2: 0.4%, 3: 0.0%, 4: 0.0%]
DFA state visits in window   : 1: 10919, 2: 17, 3: 0, 4: 0
DFA state visits cumulative  : 1: 114322, 2: 443, 3: 0, 4: 0
DFA state entries in window  : 1: 100, 2: 1, 3: 0, 4: 0
DFA state entries cumulative : 1: 1100, 2: 21, 3: 0, 4: 0
transitions cumulative       : 1->2: 21
accepted directly from s0    : 0
Gym endings cumulative       : terminated=1098, truncated=2

[Episode 1200/8000 | last 100]
success rate                : 0.0% (cumulative 0.0%)
failure rate                : 0.0% (cumulative 0.0%)
completed cycles / episode  : 0.000
synthetic task reward       : 0.000
shaping reward              : -190.543
learning reward             : -190.543
episode length              : 109.2
abstract changes / episode  : 106.1
same abstract-state steps   : 2.8%
same-state shaping / episode: 0.000
changed-state shaping / ep. : -190.543
terminal shaping / episode  : -1.267
DFA transitions / episode   : 0.02
DFA transitions in window   : 1->2: 2
epsilon (next episode)       : 0.61872
replay buffer                : 124584 samples [1: 99.6%, 2: 0.4%, 3: 0.0%, 4: 0.0%]
DFA state visits in window   : 1: 10965, 2: 54, 3: 0, 4: 0
DFA state visits cumulative  : 1: 125287, 2: 497, 3: 0, 4: 0
DFA state entries in window  : 1: 100, 2: 2, 3: 0, 4: 0
DFA state entries cumulative : 1: 1200, 2: 23, 3: 0, 4: 0
transitions cumulative       : 1->2: 23
accepted directly from s0    : 0
Gym endings cumulative       : terminated=1198, truncated=2

[Episode 1300/8000 | last 100]
success rate                : 0.0% (cumulative 0.0%)
failure rate                : 0.0% (cumulative 0.0%)
completed cycles / episode  : 0.000
synthetic task reward       : 0.000
shaping reward              : -199.712
learning reward             : -199.712
episode length              : 115.4
abstract changes / episode  : 110.1
same abstract-state steps   : 4.6%
same-state shaping / episode: 0.000
changed-state shaping / ep. : -199.712
terminal shaping / episode  : -0.964
DFA transitions / episode   : 0.00
DFA transitions in window   : none
epsilon (next episode)       : 0.59446
replay buffer                : 136123 samples [1: 99.7%, 2: 0.3%, 3: 0.0%, 4: 0.0%]
DFA state visits in window   : 1: 11639, 2: 0, 3: 0, 4: 0
DFA state visits cumulative  : 1: 136926, 2: 497, 3: 0, 4: 0
DFA state entries in window  : 1: 100, 2: 0, 3: 0, 4: 0
DFA state entries cumulative : 1: 1300, 2: 23, 3: 0, 4: 0
transitions cumulative       : 1->2: 23
accepted directly from s0    : 0
Gym endings cumulative       : terminated=1298, truncated=2

[Episode 1400/8000 | last 100]
success rate                : 0.0% (cumulative 0.0%)
failure rate                : 0.0% (cumulative 0.0%)
completed cycles / episode  : 0.000
synthetic task reward       : 0.000
shaping reward              : -203.106
learning reward             : -203.106
episode length              : 114.3
abstract changes / episode  : 107.9
same abstract-state steps   : 5.6%
same-state shaping / episode: 0.000
changed-state shaping / ep. : -203.106
terminal shaping / episode  : -0.844
DFA transitions / episode   : 0.00
DFA transitions in window   : none
epsilon (next episode)       : 0.57115
replay buffer                : 147552 samples [1: 99.7%, 2: 0.3%, 3: 0.0%, 4: 0.0%]
DFA state visits in window   : 1: 11529, 2: 0, 3: 0, 4: 0
DFA state visits cumulative  : 1: 148455, 2: 497, 3: 0, 4: 0
DFA state entries in window  : 1: 100, 2: 0, 3: 0, 4: 0
DFA state entries cumulative : 1: 1400, 2: 23, 3: 0, 4: 0
transitions cumulative       : 1->2: 23
accepted directly from s0    : 0
Gym endings cumulative       : terminated=1398, truncated=2

[Episode 1500/8000 | last 100]
success rate                : 0.0% (cumulative 0.0%)
failure rate                : 0.0% (cumulative 0.0%)
completed cycles / episode  : 0.000
synthetic task reward       : 0.000
shaping reward              : -205.961
learning reward             : -205.961
episode length              : 132.2
abstract changes / episode  : 112.4
same abstract-state steps   : 15.0%
same-state shaping / episode: 0.000
changed-state shaping / ep. : -205.961
terminal shaping / episode  : -0.586
DFA transitions / episode   : 0.00
DFA transitions in window   : none
epsilon (next episode)       : 0.54875
replay buffer                : 160775 samples [1: 99.7%, 2: 0.3%, 3: 0.0%, 4: 0.0%]
DFA state visits in window   : 1: 13323, 2: 0, 3: 0, 4: 0
DFA state visits cumulative  : 1: 161778, 2: 497, 3: 0, 4: 0
DFA state entries in window  : 1: 100, 2: 0, 3: 0, 4: 0
DFA state entries cumulative : 1: 1500, 2: 23, 3: 0, 4: 0
transitions cumulative       : 1->2: 23
accepted directly from s0    : 0
Gym endings cumulative       : terminated=1496, truncated=4

Starting autonomous greedy evaluation at episode 1500 (1000 fixed-seed episodes)...
[Greedy evaluation at episode 1500 | 1000 fixed-seed episodes]
success=0.0%, failure=0.0%, task reward=0.000, length=712.1
DFA transitions: none

[Episode 1600/8000 | last 100]
success rate                : 0.0% (cumulative 0.0%)
failure rate                : 0.0% (cumulative 0.0%)
completed cycles / episode  : 0.000
synthetic task reward       : 0.000
shaping reward              : -207.819
learning reward             : -207.819
episode length              : 128.5
abstract changes / episode  : 108.3
same abstract-state steps   : 15.8%
same-state shaping / episode: 0.000
changed-state shaping / ep. : -207.819
terminal shaping / episode  : -0.570
DFA transitions / episode   : 0.00
DFA transitions in window   : none
epsilon (next episode)       : 0.52722
replay buffer                : 173626 samples [1: 99.7%, 2: 0.3%, 3: 0.0%, 4: 0.0%]
DFA state visits in window   : 1: 12951, 2: 0, 3: 0, 4: 0
DFA state visits cumulative  : 1: 174729, 2: 497, 3: 0, 4: 0
DFA state entries in window  : 1: 100, 2: 0, 3: 0, 4: 0
DFA state entries cumulative : 1: 1600, 2: 23, 3: 0, 4: 0
transitions cumulative       : 1->2: 23
accepted directly from s0    : 0
Gym endings cumulative       : terminated=1595, truncated=5

[Episode 1700/8000 | last 100]
success rate                : 0.0% (cumulative 0.0%)
failure rate                : 0.0% (cumulative 0.0%)
completed cycles / episode  : 0.000
synthetic task reward       : 0.000
shaping reward              : -207.300
learning reward             : -207.300
episode length              : 122.2
abstract changes / episode  : 108.5
same abstract-state steps   : 11.1%
same-state shaping / episode: 0.000
changed-state shaping / ep. : -207.300
terminal shaping / episode  : -0.554
DFA transitions / episode   : 0.00
DFA transitions in window   : none
epsilon (next episode)       : 0.50655
replay buffer                : 185842 samples [1: 99.7%, 2: 0.3%, 3: 0.0%, 4: 0.0%]
DFA state visits in window   : 1: 12316, 2: 0, 3: 0, 4: 0
DFA state visits cumulative  : 1: 187045, 2: 497, 3: 0, 4: 0
DFA state entries in window  : 1: 100, 2: 0, 3: 0, 4: 0
DFA state entries cumulative : 1: 1700, 2: 23, 3: 0, 4: 0
transitions cumulative       : 1->2: 23
accepted directly from s0    : 0
Gym endings cumulative       : terminated=1694, truncated=6

[Episode 1800/8000 | last 100]
success rate                : 0.0% (cumulative 0.0%)
failure rate                : 0.0% (cumulative 0.0%)
completed cycles / episode  : 0.000
synthetic task reward       : 0.000
shaping reward              : -205.364
learning reward             : -205.364
episode length              : 121.5
abstract changes / episode  : 102.6
same abstract-state steps   : 15.5%
same-state shaping / episode: 0.000
changed-state shaping / ep. : -205.364
terminal shaping / episode  : -0.721
DFA transitions / episode   : 0.00
DFA transitions in window   : none
epsilon (next episode)       : 0.48668
replay buffer                : 197994 samples [1: 99.8%, 2: 0.2%, 3: 0.0%, 4: 0.0%]
DFA state visits in window   : 1: 12252, 2: 0, 3: 0, 4: 0
DFA state visits cumulative  : 1: 199297, 2: 497, 3: 0, 4: 0
DFA state entries in window  : 1: 100, 2: 0, 3: 0, 4: 0
DFA state entries cumulative : 1: 1800, 2: 23, 3: 0, 4: 0
transitions cumulative       : 1->2: 23
accepted directly from s0    : 0
Gym endings cumulative       : terminated=1792, truncated=8

[Episode 1900/8000 | last 100]
success rate                : 0.0% (cumulative 0.0%)
failure rate                : 0.0% (cumulative 0.0%)
completed cycles / episode  : 0.000
synthetic task reward       : 0.000
shaping reward              : -190.722
learning reward             : -190.722
episode length              : 190.3
abstract changes / episode  : 138.8
same abstract-state steps   : 27.1%
same-state shaping / episode: 0.000
changed-state shaping / ep. : -190.722
terminal shaping / episode  : -0.532
DFA transitions / episode   : 0.02
DFA transitions in window   : 1->2: 2
epsilon (next episode)       : 0.46760
replay buffer                : 217029 samples [1: 99.8%, 2: 0.2%, 3: 0.0%, 4: 0.0%]
DFA state visits in window   : 1: 19095, 2: 40, 3: 0, 4: 0
DFA state visits cumulative  : 1: 218392, 2: 537, 3: 0, 4: 0
DFA state entries in window  : 1: 100, 2: 2, 3: 0, 4: 0
DFA state entries cumulative : 1: 1900, 2: 25, 3: 0, 4: 0
transitions cumulative       : 1->2: 25
accepted directly from s0    : 0
Gym endings cumulative       : terminated=1886, truncated=14

[Episode 2000/8000 | last 100]
success rate                : 0.0% (cumulative 0.0%)
failure rate                : 0.0% (cumulative 0.0%)
completed cycles / episode  : 0.000
synthetic task reward       : 0.000
shaping reward              : -67.488
learning reward             : -67.488
episode length              : 247.7
abstract changes / episode  : 175.1
same abstract-state steps   : 29.3%
same-state shaping / episode: 0.000
changed-state shaping / ep. : -67.488
terminal shaping / episode  : -0.969
DFA transitions / episode   : 0.08
DFA transitions in window   : 1->2: 8
epsilon (next episode)       : 0.44926
replay buffer                : 241797 samples [1: 99.7%, 2: 0.3%, 3: 0.0%, 4: 0.0%]
DFA state visits in window   : 1: 24575, 2: 293, 3: 0, 4: 0
DFA state visits cumulative  : 1: 242967, 2: 830, 3: 0, 4: 0
DFA state entries in window  : 1: 100, 2: 8, 3: 0, 4: 0
DFA state entries cumulative : 1: 2000, 2: 33, 3: 0, 4: 0
transitions cumulative       : 1->2: 33
accepted directly from s0    : 0
Gym endings cumulative       : terminated=1979, truncated=21

Starting autonomous greedy evaluation at episode 2000 (1000 fixed-seed episodes)...
[Greedy evaluation at episode 2000 | 1000 fixed-seed episodes]
success=0.0%, failure=0.0%, task reward=0.000, length=301.1
DFA transitions: 1->2: 82

[Episode 2100/8000 | last 100]
success rate                : 0.0% (cumulative 0.0%)
failure rate                : 0.0% (cumulative 0.0%)
completed cycles / episode  : 0.000
synthetic task reward       : 0.000
shaping reward              : 37.992
learning reward             : 37.992
episode length              : 169.3
abstract changes / episode  : 144.0
same abstract-state steps   : 15.0%
same-state shaping / episode: 0.000
changed-state shaping / ep. : 37.992
terminal shaping / episode  : -4.355
DFA transitions / episode   : 0.19
DFA transitions in window   : 1->2: 19
epsilon (next episode)       : 0.43164
replay buffer                : 258725 samples [1: 99.5%, 2: 0.5%, 3: 0.0%, 4: 0.0%]
DFA state visits in window   : 1: 16610, 2: 418, 3: 0, 4: 0
DFA state visits cumulative  : 1: 259577, 2: 1248, 3: 0, 4: 0
DFA state entries in window  : 1: 100, 2: 19, 3: 0, 4: 0
DFA state entries cumulative : 1: 2100, 2: 52, 3: 0, 4: 0
transitions cumulative       : 1->2: 52
accepted directly from s0    : 0
Gym endings cumulative       : terminated=2079, truncated=21

[Episode 2200/8000 | last 100]
success rate                : 0.0% (cumulative 0.0%)
failure rate                : 0.0% (cumulative 0.0%)
completed cycles / episode  : 0.000
synthetic task reward       : 0.000
shaping reward              : 60.347
learning reward             : 60.347
episode length              : 185.4
abstract changes / episode  : 153.6
same abstract-state steps   : 17.2%
same-state shaping / episode: 0.000
changed-state shaping / ep. : 60.347
terminal shaping / episode  : -3.230
DFA transitions / episode   : 0.17
DFA transitions in window   : 1->2: 17
epsilon (next episode)       : 0.41471
replay buffer                : 277270 samples [1: 99.4%, 2: 0.6%, 3: 0.0%, 4: 0.0%]
DFA state visits in window   : 1: 18261, 2: 384, 3: 0, 4: 0
DFA state visits cumulative  : 1: 277838, 2: 1632, 3: 0, 4: 0
DFA state entries in window  : 1: 100, 2: 17, 3: 0, 4: 0
DFA state entries cumulative : 1: 2200, 2: 69, 3: 0, 4: 0
transitions cumulative       : 1->2: 69
accepted directly from s0    : 0
Gym endings cumulative       : terminated=2178, truncated=22

[Episode 2300/8000 | last 100]
success rate                : 0.0% (cumulative 0.0%)
failure rate                : 0.0% (cumulative 0.0%)
completed cycles / episode  : 0.000
synthetic task reward       : 0.000
shaping reward              : -21.970
learning reward             : -21.970
episode length              : 340.5
abstract changes / episode  : 254.2
same abstract-state steps   : 25.3%
same-state shaping / episode: 0.000
changed-state shaping / ep. : -21.970
terminal shaping / episode  : -3.070
DFA transitions / episode   : 0.14
DFA transitions in window   : 1->2: 13, 2->3: 1
epsilon (next episode)       : 0.39845
replay buffer                : 300000 samples [1: 99.2%, 2: 0.8%, 3: 0.0%, 4: 0.0%]
DFA state visits in window   : 1: 33245, 2: 860, 3: 47, 4: 0
DFA state visits cumulative  : 1: 311083, 2: 2492, 3: 47, 4: 0
DFA state entries in window  : 1: 100, 2: 13, 3: 1, 4: 0
DFA state entries cumulative : 1: 2300, 2: 82, 3: 1, 4: 0
transitions cumulative       : 1->2: 82, 2->3: 1
accepted directly from s0    : 0
Gym endings cumulative       : terminated=2273, truncated=27

[Episode 2400/8000 | last 100]
success rate                : 0.0% (cumulative 0.0%)
failure rate                : 0.0% (cumulative 0.0%)
completed cycles / episode  : 0.000
synthetic task reward       : 0.000
shaping reward              : 54.347
learning reward             : 54.347
episode length              : 163.2
abstract changes / episode  : 150.2
same abstract-state steps   : 7.9%
same-state shaping / episode: 0.000
changed-state shaping / ep. : 54.347
terminal shaping / episode  : -3.958
DFA transitions / episode   : 0.24
DFA transitions in window   : 1->2: 22, 2->3: 2
epsilon (next episode)       : 0.38282
replay buffer                : 300000 samples [1: 98.7%, 2: 1.3%, 3: 0.0%, 4: 0.0%]
DFA state visits in window   : 1: 14725, 2: 1605, 3: 89, 4: 0
DFA state visits cumulative  : 1: 325808, 2: 4097, 3: 136, 4: 0
DFA state entries in window  : 1: 100, 2: 22, 3: 2, 4: 0
DFA state entries cumulative : 1: 2400, 2: 104, 3: 3, 4: 0
transitions cumulative       : 1->2: 104, 2->3: 3
accepted directly from s0    : 0
Gym endings cumulative       : terminated=2373, truncated=27

[Episode 2500/8000 | last 100]
success rate                : 0.0% (cumulative 0.0%)
failure rate                : 0.0% (cumulative 0.0%)
completed cycles / episode  : 0.000
synthetic task reward       : 0.000
shaping reward              : 71.420
learning reward             : 71.420
episode length              : 163.6
abstract changes / episode  : 155.0
same abstract-state steps   : 5.3%
same-state shaping / episode: 0.000
changed-state shaping / ep. : 71.420
terminal shaping / episode  : -3.954
DFA transitions / episode   : 0.36
DFA transitions in window   : 1->2: 36
epsilon (next episode)       : 0.36781
replay buffer                : 300000 samples [1: 97.8%, 2: 2.1%, 3: 0.0%, 4: 0.0%]
DFA state visits in window   : 1: 13768, 2: 2696, 3: 0, 4: 0
DFA state visits cumulative  : 1: 339576, 2: 6793, 3: 136, 4: 0
DFA state entries in window  : 1: 100, 2: 36, 3: 0, 4: 0
DFA state entries cumulative : 1: 2500, 2: 140, 3: 3, 4: 0
transitions cumulative       : 1->2: 140, 2->3: 3
accepted directly from s0    : 0
Gym endings cumulative       : terminated=2473, truncated=27

Starting autonomous greedy evaluation at episode 2500 (1000 fixed-seed episodes)...
[Greedy evaluation at episode 2500 | 1000 fixed-seed episodes]
success=0.0%, failure=0.0%, task reward=0.000, length=520.1
DFA transitions: 1->2: 835, 2->3: 1

[Episode 2600/8000 | last 100]
success rate                : 0.0% (cumulative 0.0%)
failure rate                : 0.0% (cumulative 0.0%)
completed cycles / episode  : 0.000
synthetic task reward       : 0.000
shaping reward              : 104.752
learning reward             : 104.752
episode length              : 209.4
abstract changes / episode  : 192.0
same abstract-state steps   : 8.3%
same-state shaping / episode: 0.000
changed-state shaping / ep. : 104.752
terminal shaping / episode  : -5.044
DFA transitions / episode   : 0.43
DFA transitions in window   : 1->2: 41, 2->3: 2
epsilon (next episode)       : 0.35338
replay buffer                : 300000 samples [1: 96.5%, 2: 3.4%, 3: 0.1%, 4: 0.0%]
DFA state visits in window   : 1: 16936, 2: 3999, 3: 104, 4: 0
DFA state visits cumulative  : 1: 356512, 2: 10792, 3: 240, 4: 0
DFA state entries in window  : 1: 100, 2: 41, 3: 2, 4: 0
DFA state entries cumulative : 1: 2600, 2: 181, 3: 5, 4: 0
transitions cumulative       : 1->2: 181, 2->3: 5
accepted directly from s0    : 0
Gym endings cumulative       : terminated=2573, truncated=27

[Episode 2700/8000 | last 100]
success rate                : 0.0% (cumulative 0.0%)
failure rate                : 0.0% (cumulative 0.0%)
completed cycles / episode  : 0.000
synthetic task reward       : 0.000
shaping reward              : 305.691
learning reward             : 305.691
episode length              : 349.7
abstract changes / episode  : 291.9
same abstract-state steps   : 16.5%
same-state shaping / episode: 0.000
changed-state shaping / ep. : 305.691
terminal shaping / episode  : -4.183
DFA transitions / episode   : 0.57
DFA transitions in window   : 1->2: 51, 2->3: 6
epsilon (next episode)       : 0.33952
replay buffer                : 300000 samples [1: 91.8%, 2: 8.0%, 3: 0.2%, 4: 0.0%]
DFA state visits in window   : 1: 20963, 2: 13730, 3: 376, 4: 0
DFA state visits cumulative  : 1: 377475, 2: 24522, 3: 616, 4: 0
DFA state entries in window  : 1: 100, 2: 51, 3: 6, 4: 0
DFA state entries cumulative : 1: 2700, 2: 232, 3: 11, 4: 0
transitions cumulative       : 1->2: 232, 2->3: 11
accepted directly from s0    : 0
Gym endings cumulative       : terminated=2661, truncated=39

[Episode 2800/8000 | last 100]
success rate                : 0.0% (cumulative 0.0%)
failure rate                : 0.0% (cumulative 0.0%)
completed cycles / episode  : 0.000
synthetic task reward       : 0.000
shaping reward              : 625.465
learning reward             : 625.465
episode length              : 428.3
abstract changes / episode  : 345.5
same abstract-state steps   : 19.3%
same-state shaping / episode: 0.000
changed-state shaping / ep. : 625.465
terminal shaping / episode  : -6.633
DFA transitions / episode   : 0.59
DFA transitions in window   : 1->2: 44, 2->3: 15
epsilon (next episode)       : 0.32621
replay buffer                : 300000 samples [1: 85.7%, 2: 13.6%, 3: 0.8%, 4: 0.0%]
DFA state visits in window   : 1: 24303, 2: 16891, 3: 1736, 4: 0
DFA state visits cumulative  : 1: 401778, 2: 41413, 3: 2352, 4: 0
DFA state entries in window  : 1: 100, 2: 44, 3: 15, 4: 0
DFA state entries cumulative : 1: 2800, 2: 276, 3: 26, 4: 0
transitions cumulative       : 1->2: 276, 2->3: 26
accepted directly from s0    : 0
Gym endings cumulative       : terminated=2746, truncated=54

[Episode 2900/8000 | last 100]
success rate                : 1.0% (cumulative 0.0%)
failure rate                : 0.0% (cumulative 0.0%)
completed cycles / episode  : 0.000
synthetic task reward       : 100.000
shaping reward              : 628.878
learning reward             : 728.878
episode length              : 330.9
abstract changes / episode  : 302.8
same abstract-state steps   : 8.5%
same-state shaping / episode: 0.000
changed-state shaping / ep. : 628.878
terminal shaping / episode  : -19.153
DFA transitions / episode   : 0.69
DFA transitions in window   : 1->2: 49, 2->3: 19, 3->4: 1
epsilon (next episode)       : 0.31341
replay buffer                : 300000 samples [1: 82.1%, 2: 16.4%, 3: 1.5%, 4: 0.0%]
DFA state visits in window   : 1: 22499, 2: 8600, 3: 2093, 4: 1
DFA state visits cumulative  : 1: 424277, 2: 50013, 3: 4445, 4: 1
DFA state entries in window  : 1: 100, 2: 49, 3: 19, 4: 1
DFA state entries cumulative : 1: 2900, 2: 325, 3: 45, 4: 1
transitions cumulative       : 1->2: 325, 2->3: 45, 3->4: 1
accepted directly from s0    : 0
Gym endings cumulative       : terminated=2844, truncated=55

[Episode 3000/8000 | last 100]
success rate                : 4.0% (cumulative 0.2%)
failure rate                : 0.0% (cumulative 0.0%)
completed cycles / episode  : 0.000
synthetic task reward       : 400.000
shaping reward              : 836.013
learning reward             : 1236.013
episode length              : 346.6
abstract changes / episode  : 317.7
same abstract-state steps   : 8.3%
same-state shaping / episode: 0.000
changed-state shaping / ep. : 836.013
terminal shaping / episode  : 0.310
DFA transitions / episode   : 0.66
DFA transitions in window   : 1->2: 42, 2->3: 20, 3->4: 4
epsilon (next episode)       : 0.30112
replay buffer                : 300000 samples [1: 79.4%, 2: 18.6%, 3: 2.1%, 4: 0.0%]
DFA state visits in window   : 1: 26487, 2: 6480, 3: 1789, 4: 4
DFA state visits cumulative  : 1: 450764, 2: 56493, 3: 6234, 4: 5
DFA state entries in window  : 1: 100, 2: 42, 3: 20, 4: 4
DFA state entries cumulative : 1: 3000, 2: 367, 3: 65, 4: 5
transitions cumulative       : 1->2: 367, 2->3: 65, 3->4: 5
accepted directly from s0    : 0
Gym endings cumulative       : terminated=2938, truncated=57

Starting autonomous greedy evaluation at episode 3000 (1000 fixed-seed episodes)...
[Greedy evaluation at episode 3000 | 1000 fixed-seed episodes]
success=0.0%, failure=0.0%, task reward=0.000, length=955.6
DFA transitions: 1->2: 989, 2->3: 110

[Episode 3100/8000 | last 100]
success rate                : 2.0% (cumulative 0.2%)
failure rate                : 0.0% (cumulative 0.0%)
completed cycles / episode  : 0.000
synthetic task reward       : 200.000
shaping reward              : 1525.597
learning reward             : 1725.597
episode length              : 474.0
abstract changes / episode  : 418.4
same abstract-state steps   : 11.7%
same-state shaping / episode: 0.000
changed-state shaping / ep. : 1525.597
terminal shaping / episode  : -7.621
DFA transitions / episode   : 0.83
DFA transitions in window   : 1->2: 49, 2->3: 32, 3->4: 2
epsilon (next episode)       : 0.28931
replay buffer                : 300000 samples [1: 74.6%, 2: 21.9%, 3: 3.5%, 4: 0.0%]
DFA state visits in window   : 1: 32386, 2: 10812, 3: 4303, 4: 2
DFA state visits cumulative  : 1: 483150, 2: 67305, 3: 10537, 4: 7
DFA state entries in window  : 1: 100, 2: 49, 3: 32, 4: 2
DFA state entries cumulative : 1: 3100, 2: 416, 3: 97, 4: 7
transitions cumulative       : 1->2: 416, 2->3: 97, 3->4: 7
accepted directly from s0    : 0
Gym endings cumulative       : terminated=3027, truncated=66

[Episode 3200/8000 | last 100]
success rate                : 15.0% (cumulative 0.7%)
failure rate                : 0.0% (cumulative 0.0%)
completed cycles / episode  : 0.000
synthetic task reward       : 1500.000
shaping reward              : 3453.330
learning reward             : 4953.330
episode length              : 412.0
abstract changes / episode  : 376.2
same abstract-state steps   : 8.7%
same-state shaping / episode: 0.000
changed-state shaping / ep. : 3453.330
terminal shaping / episode  : 8.607
DFA transitions / episode   : 1.39
DFA transitions in window   : 1->2: 67, 2->3: 57, 3->4: 15
epsilon (next episode)       : 0.27797
replay buffer                : 300000 samples [1: 69.6%, 2: 24.6%, 3: 5.8%, 4: 0.0%]
DFA state visits in window   : 1: 25536, 2: 8807, 3: 6944, 4: 15
DFA state visits cumulative  : 1: 508686, 2: 76112, 3: 17481, 4: 22
DFA state entries in window  : 1: 100, 2: 67, 3: 57, 4: 15
DFA state entries cumulative : 1: 3200, 2: 483, 3: 154, 4: 22
transitions cumulative       : 1->2: 483, 2->3: 154, 3->4: 22
accepted directly from s0    : 0
Gym endings cumulative       : terminated=3107, truncated=71

[Episode 3300/8000 | last 100]
success rate                : 18.0% (cumulative 1.2%)
failure rate                : 0.0% (cumulative 0.0%)
completed cycles / episode  : 0.000
synthetic task reward       : 1800.000
shaping reward              : 3598.437
learning reward             : 5398.437
episode length              : 362.4
abstract changes / episode  : 340.1
same abstract-state steps   : 6.1%
same-state shaping / episode: 0.000
changed-state shaping / ep. : 3598.437
terminal shaping / episode  : 5.353
DFA transitions / episode   : 1.31
DFA transitions in window   : 1->2: 60, 2->3: 53, 3->4: 18
epsilon (next episode)       : 0.26706
replay buffer                : 300000 samples [1: 67.0%, 2: 25.7%, 3: 7.3%, 4: 0.0%]
DFA state visits in window   : 1: 25206, 2: 6528, 3: 4584, 4: 18
DFA state visits cumulative  : 1: 533892, 2: 82640, 3: 22065, 4: 40
DFA state entries in window  : 1: 100, 2: 60, 3: 53, 4: 18
DFA state entries cumulative : 1: 3300, 2: 543, 3: 207, 4: 40
transitions cumulative       : 1->2: 543, 2->3: 207, 3->4: 40
accepted directly from s0    : 0
Gym endings cumulative       : terminated=3188, truncated=72

[Episode 3400/8000 | last 100]
success rate                : 24.0% (cumulative 1.9%)
failure rate                : 0.0% (cumulative 0.0%)
completed cycles / episode  : 0.000
synthetic task reward       : 2400.000
shaping reward              : 3761.882
learning reward             : 6161.882
episode length              : 341.7
abstract changes / episode  : 322.0
same abstract-state steps   : 5.8%
same-state shaping / episode: 0.000
changed-state shaping / ep. : 3761.882
terminal shaping / episode  : 27.381
DFA transitions / episode   : 1.39
DFA transitions in window   : 1->2: 63, 2->3: 52, 3->4: 24
epsilon (next episode)       : 0.25659
replay buffer                : 300000 samples [1: 65.0%, 2: 26.4%, 3: 8.7%, 4: 0.0%]
DFA state visits in window   : 1: 21794, 2: 8066, 3: 4384, 4: 24
DFA state visits cumulative  : 1: 555686, 2: 90706, 3: 26449, 4: 64
DFA state entries in window  : 1: 100, 2: 63, 3: 52, 4: 24
DFA state entries cumulative : 1: 3400, 2: 606, 3: 259, 4: 64
transitions cumulative       : 1->2: 606, 2->3: 259, 3->4: 64
accepted directly from s0    : 0
Gym endings cumulative       : terminated=3263, truncated=73

[Episode 3500/8000 | last 100]
success rate                : 26.0% (cumulative 2.6%)
failure rate                : 0.0% (cumulative 0.0%)
completed cycles / episode  : 0.000
synthetic task reward       : 2600.000
shaping reward              : 3884.798
learning reward             : 6484.798
episode length              : 340.0
abstract changes / episode  : 324.3
same abstract-state steps   : 4.6%
same-state shaping / episode: 0.000
changed-state shaping / ep. : 3884.798
terminal shaping / episode  : 23.104
DFA transitions / episode   : 1.33
DFA transitions in window   : 1->2: 59, 2->3: 48, 3->4: 26
epsilon (next episode)       : 0.24653
replay buffer                : 300000 samples [1: 66.4%, 2: 23.8%, 3: 9.8%, 4: 0.0%]
DFA state visits in window   : 1: 23340, 2: 6817, 3: 3915, 4: 26
DFA state visits cumulative  : 1: 579026, 2: 97523, 3: 30364, 4: 90
DFA state entries in window  : 1: 100, 2: 59, 3: 48, 4: 26
DFA state entries cumulative : 1: 3500, 2: 665, 3: 307, 4: 90
transitions cumulative       : 1->2: 665, 2->3: 307, 3->4: 90
accepted directly from s0    : 0
Gym endings cumulative       : terminated=3337, truncated=73

Starting autonomous greedy evaluation at episode 3500 (1000 fixed-seed episodes)...
[Greedy evaluation at episode 3500 | 1000 fixed-seed episodes]
success=34.8%, failure=0.0%, task reward=3480.000, length=514.1
DFA transitions: 1->2: 920, 2->3: 756, 3->4: 348
Best policy updated from autonomous greedy evaluation at episode 3500.

[Episode 3600/8000 | last 100]
success rate                : 36.0% (cumulative 3.5%)
failure rate                : 0.0% (cumulative 0.0%)
completed cycles / episode  : 0.000
synthetic task reward       : 3600.000
shaping reward              : 4557.640
learning reward             : 8157.640
episode length              : 340.5
abstract changes / episode  : 322.0
same abstract-state steps   : 5.4%
same-state shaping / episode: 0.000
changed-state shaping / ep. : 4557.640
terminal shaping / episode  : 39.811
DFA transitions / episode   : 1.53
DFA transitions in window   : 1->2: 66, 2->3: 51, 3->4: 36
epsilon (next episode)       : 0.23686
replay buffer                : 300000 samples [1: 67.7%, 2: 21.7%, 3: 10.6%, 4: 0.0%]
DFA state visits in window   : 1: 22961, 2: 7637, 3: 3513, 4: 36
DFA state visits cumulative  : 1: 601987, 2: 105160, 3: 33877, 4: 126
DFA state entries in window  : 1: 100, 2: 66, 3: 51, 4: 36
DFA state entries cumulative : 1: 3600, 2: 731, 3: 358, 4: 126
transitions cumulative       : 1->2: 731, 2->3: 358, 3->4: 126
accepted directly from s0    : 0
Gym endings cumulative       : terminated=3400, truncated=74

[Episode 3700/8000 | last 100]
success rate                : 39.0% (cumulative 4.5%)
failure rate                : 0.0% (cumulative 0.0%)
completed cycles / episode  : 0.000
synthetic task reward       : 3900.000
shaping reward              : 4612.640
learning reward             : 8512.640
episode length              : 348.2
abstract changes / episode  : 324.5
same abstract-state steps   : 6.8%
same-state shaping / episode: 0.000
changed-state shaping / ep. : 4612.640
terminal shaping / episode  : 45.045
DFA transitions / episode   : 1.71
DFA transitions in window   : 1->2: 78, 2->3: 54, 3->4: 39
epsilon (next episode)       : 0.22757
replay buffer                : 300000 samples [1: 66.3%, 2: 22.7%, 3: 11.0%, 4: 0.0%]
DFA state visits in window   : 1: 19989, 2: 11547, 3: 3343, 4: 39
DFA state visits cumulative  : 1: 621976, 2: 116707, 3: 37220, 4: 165
DFA state entries in window  : 1: 100, 2: 78, 3: 54, 4: 39
DFA state entries cumulative : 1: 3700, 2: 809, 3: 412, 4: 165
transitions cumulative       : 1->2: 809, 2->3: 412, 3->4: 165
accepted directly from s0    : 0
Gym endings cumulative       : terminated=3460, truncated=75

[Episode 3800/8000 | last 100]
success rate                : 57.0% (cumulative 5.8%)
failure rate                : 0.0% (cumulative 0.0%)
completed cycles / episode  : 0.000
synthetic task reward       : 5700.000
shaping reward              : 5963.530
learning reward             : 11663.530
episode length              : 329.1
abstract changes / episode  : 307.5
same abstract-state steps   : 6.6%
same-state shaping / episode: 0.000
changed-state shaping / ep. : 5963.530
terminal shaping / episode  : 71.970
DFA transitions / episode   : 2.02
DFA transitions in window   : 1->2: 79, 2->3: 66, 3->4: 57
epsilon (next episode)       : 0.21865
replay buffer                : 300000 samples [1: 64.6%, 2: 23.6%, 3: 11.8%, 4: 0.0%]
DFA state visits in window   : 1: 18944, 2: 9650, 3: 4358, 4: 57
DFA state visits cumulative  : 1: 640920, 2: 126357, 3: 41578, 4: 222
DFA state entries in window  : 1: 100, 2: 79, 3: 66, 4: 57
DFA state entries cumulative : 1: 3800, 2: 888, 3: 478, 4: 222
transitions cumulative       : 1->2: 888, 2->3: 478, 3->4: 222
accepted directly from s0    : 0
Gym endings cumulative       : terminated=3502, truncated=76

[Episode 3900/8000 | last 100]
success rate                : 56.0% (cumulative 7.1%)
failure rate                : 0.0% (cumulative 0.0%)
completed cycles / episode  : 0.000
synthetic task reward       : 5600.000
shaping reward              : 5890.925
learning reward             : 11490.925
episode length              : 347.0
abstract changes / episode  : 321.8
same abstract-state steps   : 7.3%
same-state shaping / episode: 0.000
changed-state shaping / ep. : 5890.925
terminal shaping / episode  : 66.748
DFA transitions / episode   : 2.10
DFA transitions in window   : 1->2: 89, 2->3: 65, 3->4: 56
epsilon (next episode)       : 0.21007
replay buffer                : 300000 samples [1: 62.5%, 2: 25.1%, 3: 12.4%, 4: 0.0%]
DFA state visits in window   : 1: 18183, 2: 12317, 3: 4241, 4: 56
DFA state visits cumulative  : 1: 659103, 2: 138674, 3: 45819, 4: 278
DFA state entries in window  : 1: 100, 2: 89, 3: 65, 4: 56
DFA state entries cumulative : 1: 3900, 2: 977, 3: 543, 4: 278
transitions cumulative       : 1->2: 977, 2->3: 543, 3->4: 278
accepted directly from s0    : 0
Gym endings cumulative       : terminated=3545, truncated=77

[Episode 4000/8000 | last 100]
success rate                : 51.0% (cumulative 8.2%)
failure rate                : 0.0% (cumulative 0.0%)
completed cycles / episode  : 0.000
synthetic task reward       : 5100.000
shaping reward              : 5665.594
learning reward             : 10765.594
episode length              : 363.1
abstract changes / episode  : 340.0
same abstract-state steps   : 6.4%
same-state shaping / episode: 0.000
changed-state shaping / ep. : 5665.594
terminal shaping / episode  : 64.156
DFA transitions / episode   : 2.05
DFA transitions in window   : 1->2: 89, 2->3: 65, 3->4: 51
epsilon (next episode)       : 0.20183
replay buffer                : 300000 samples [1: 61.4%, 2: 26.9%, 3: 11.8%, 4: 0.0%]
DFA state visits in window   : 1: 19778, 2: 12697, 3: 3884, 4: 51
DFA state visits cumulative  : 1: 678881, 2: 151371, 3: 49703, 4: 329
DFA state entries in window  : 1: 100, 2: 89, 3: 65, 4: 51
DFA state entries cumulative : 1: 4000, 2: 1066, 3: 608, 4: 329
transitions cumulative       : 1->2: 1066, 2->3: 608, 3->4: 329
accepted directly from s0    : 0
Gym endings cumulative       : terminated=3591, truncated=80

Starting autonomous greedy evaluation at episode 4000 (1000 fixed-seed episodes)...
[Greedy evaluation at episode 4000 | 1000 fixed-seed episodes]
success=85.2%, failure=0.0%, task reward=8520.000, length=285.3
DFA transitions: 1->2: 1000, 2->3: 906, 3->4: 852
Best policy updated from autonomous greedy evaluation at episode 4000.

[Episode 4100/8000 | last 100]
success rate                : 51.0% (cumulative 9.3%)
failure rate                : 0.0% (cumulative 0.0%)
completed cycles / episode  : 0.000
synthetic task reward       : 5100.000
shaping reward              : 5579.866
learning reward             : 10679.866
episode length              : 322.9
abstract changes / episode  : 302.9
same abstract-state steps   : 6.2%
same-state shaping / episode: 0.000
changed-state shaping / ep. : 5579.866
terminal shaping / episode  : 64.167
DFA transitions / episode   : 2.02
DFA transitions in window   : 1->2: 88, 2->3: 63, 3->4: 51
epsilon (next episode)       : 0.19392
replay buffer                : 300000 samples [1: 59.9%, 2: 28.6%, 3: 11.5%, 4: 0.0%]
DFA state visits in window   : 1: 16016, 2: 12232, 3: 4091, 4: 51
DFA state visits cumulative  : 1: 694897, 2: 163603, 3: 53794, 4: 380
DFA state entries in window  : 1: 100, 2: 88, 3: 63, 4: 51
DFA state entries cumulative : 1: 4100, 2: 1154, 3: 671, 4: 380
transitions cumulative       : 1->2: 1154, 2->3: 671, 3->4: 380
accepted directly from s0    : 0
Gym endings cumulative       : terminated=3639, truncated=81

[Episode 4200/8000 | last 100]
success rate                : 47.0% (cumulative 10.2%)
failure rate                : 0.0% (cumulative 0.0%)
completed cycles / episode  : 0.000
synthetic task reward       : 4700.000
shaping reward              : 5057.080
learning reward             : 9757.080
episode length              : 314.1
abstract changes / episode  : 295.1
same abstract-state steps   : 6.1%
same-state shaping / episode: 0.000
changed-state shaping / ep. : 5057.080
terminal shaping / episode  : 69.683
DFA transitions / episode   : 1.89
DFA transitions in window   : 1->2: 88, 2->3: 54, 3->4: 47
epsilon (next episode)       : 0.18631
replay buffer                : 300000 samples [1: 57.9%, 2: 30.7%, 3: 11.4%, 4: 0.0%]
DFA state visits in window   : 1: 16154, 2: 12038, 3: 3273, 4: 47
DFA state visits cumulative  : 1: 711051, 2: 175641, 3: 57067, 4: 427
DFA state entries in window  : 1: 100, 2: 88, 3: 54, 4: 47
DFA state entries cumulative : 1: 4200, 2: 1242, 3: 725, 4: 427
transitions cumulative       : 1->2: 1242, 2->3: 725, 3->4: 427
accepted directly from s0    : 0
Gym endings cumulative       : terminated=3692, truncated=81

[Episode 4300/8000 | last 100]
success rate                : 63.0% (cumulative 11.4%)
failure rate                : 0.0% (cumulative 0.0%)
completed cycles / episode  : 0.000
synthetic task reward       : 6300.000
shaping reward              : 6491.563
learning reward             : 12791.563
episode length              : 311.5
abstract changes / episode  : 287.5
same abstract-state steps   : 7.7%
same-state shaping / episode: 0.000
changed-state shaping / ep. : 6491.563
terminal shaping / episode  : 88.588
DFA transitions / episode   : 2.20
DFA transitions in window   : 1->2: 89, 2->3: 68, 3->4: 63
epsilon (next episode)       : 0.17900
replay buffer                : 300000 samples [1: 56.8%, 2: 31.9%, 3: 11.3%, 4: 0.0%]
DFA state visits in window   : 1: 16261, 2: 11362, 3: 3567, 4: 63
DFA state visits cumulative  : 1: 727312, 2: 187003, 3: 60634, 4: 490
DFA state entries in window  : 1: 100, 2: 89, 3: 68, 4: 63
DFA state entries cumulative : 1: 4300, 2: 1331, 3: 793, 4: 490
transitions cumulative       : 1->2: 1331, 2->3: 793, 3->4: 490
accepted directly from s0    : 0
Gym endings cumulative       : terminated=3729, truncated=81

[Episode 4400/8000 | last 100]
success rate                : 72.0% (cumulative 12.8%)
failure rate                : 0.0% (cumulative 0.0%)
completed cycles / episode  : 0.000
synthetic task reward       : 7200.000
shaping reward              : 7444.345
learning reward             : 14644.345
episode length              : 314.1
abstract changes / episode  : 289.6
same abstract-state steps   : 7.8%
same-state shaping / episode: 0.000
changed-state shaping / ep. : 7444.345
terminal shaping / episode  : 114.840
DFA transitions / episode   : 2.38
DFA transitions in window   : 1->2: 88, 2->3: 78, 3->4: 72
epsilon (next episode)       : 0.17198
replay buffer                : 300000 samples [1: 55.8%, 2: 32.8%, 3: 11.4%, 4: 0.0%]
DFA state visits in window   : 1: 18780, 2: 8822, 3: 3841, 4: 72
DFA state visits cumulative  : 1: 746092, 2: 195825, 3: 64475, 4: 562
DFA state entries in window  : 1: 100, 2: 88, 3: 78, 4: 72
DFA state entries cumulative : 1: 4400, 2: 1419, 3: 871, 4: 562
transitions cumulative       : 1->2: 1419, 2->3: 871, 3->4: 562
accepted directly from s0    : 0
Gym endings cumulative       : terminated=3757, truncated=81

[Episode 4500/8000 | last 100]
success rate                : 71.0% (cumulative 14.1%)
failure rate                : 0.0% (cumulative 0.0%)
completed cycles / episode  : 0.000
synthetic task reward       : 7100.000
shaping reward              : 7263.776
learning reward             : 14363.776
episode length              : 331.6
abstract changes / episode  : 304.2
same abstract-state steps   : 8.3%
same-state shaping / episode: 0.000
changed-state shaping / ep. : 7263.776
terminal shaping / episode  : 107.185
DFA transitions / episode   : 2.34
DFA transitions in window   : 1->2: 86, 2->3: 77, 3->4: 71
epsilon (next episode)       : 0.16524
replay buffer                : 300000 samples [1: 54.6%, 2: 33.8%, 3: 11.6%, 4: 0.0%]
DFA state visits in window   : 1: 19235, 2: 10053, 3: 3906, 4: 71
DFA state visits cumulative  : 1: 765327, 2: 205878, 3: 68381, 4: 633
DFA state entries in window  : 1: 100, 2: 86, 3: 77, 4: 71
DFA state entries cumulative : 1: 4500, 2: 1505, 3: 948, 4: 633
transitions cumulative       : 1->2: 1505, 2->3: 948, 3->4: 633
accepted directly from s0    : 0
Gym endings cumulative       : terminated=3786, truncated=81

Starting autonomous greedy evaluation at episode 4500 (1000 fixed-seed episodes)...
[Greedy evaluation at episode 4500 | 1000 fixed-seed episodes]
success=93.1%, failure=0.0%, task reward=9310.000, length=250.3
DFA transitions: 1->2: 935, 2->3: 932, 3->4: 931
Best policy updated from autonomous greedy evaluation at episode 4500.

[Episode 4600/8000 | last 100]
success rate                : 82.0% (cumulative 15.5%)
failure rate                : 0.0% (cumulative 0.0%)
completed cycles / episode  : 0.000
synthetic task reward       : 8200.000
shaping reward              : 8196.554
learning reward             : 16396.554
episode length              : 284.4
abstract changes / episode  : 264.3
same abstract-state steps   : 7.1%
same-state shaping / episode: 0.000
changed-state shaping / ep. : 8196.554
terminal shaping / episode  : 142.124
DFA transitions / episode   : 2.57
DFA transitions in window   : 1->2: 90, 2->3: 85, 3->4: 82
epsilon (next episode)       : 0.15876
replay buffer                : 300000 samples [1: 54.4%, 2: 33.7%, 3: 11.9%, 4: 0.0%]
DFA state visits in window   : 1: 15035, 2: 9764, 3: 3661, 4: 82
DFA state visits cumulative  : 1: 780362, 2: 215642, 3: 72042, 4: 715
DFA state entries in window  : 1: 100, 2: 90, 3: 85, 4: 82
DFA state entries cumulative : 1: 4600, 2: 1595, 3: 1033, 4: 715
transitions cumulative       : 1->2: 1595, 2->3: 1033, 3->4: 715
accepted directly from s0    : 0
Gym endings cumulative       : terminated=3804, truncated=81

[Episode 4700/8000 | last 100]
success rate                : 69.0% (cumulative 16.7%)
failure rate                : 0.0% (cumulative 0.0%)
completed cycles / episode  : 0.000
synthetic task reward       : 6900.000
shaping reward              : 7133.739
learning reward             : 14033.739
episode length              : 287.3
abstract changes / episode  : 265.3
same abstract-state steps   : 7.6%
same-state shaping / episode: 0.000
changed-state shaping / ep. : 7133.739
terminal shaping / episode  : 111.810
DFA transitions / episode   : 2.28
DFA transitions in window   : 1->2: 84, 2->3: 75, 3->4: 69
epsilon (next episode)       : 0.15253
replay buffer                : 300000 samples [1: 54.3%, 2: 33.9%, 3: 11.9%, 4: 0.0%]
DFA state visits in window   : 1: 16593, 2: 8346, 3: 3821, 4: 69
DFA state visits cumulative  : 1: 796955, 2: 223988, 3: 75863, 4: 784
DFA state entries in window  : 1: 100, 2: 84, 3: 75, 4: 69
DFA state entries cumulative : 1: 4700, 2: 1679, 3: 1108, 4: 784
transitions cumulative       : 1->2: 1679, 2->3: 1108, 3->4: 784
accepted directly from s0    : 0
Gym endings cumulative       : terminated=3835, truncated=81

[Episode 4800/8000 | last 100]
success rate                : 71.0% (cumulative 17.8%)
failure rate                : 0.0% (cumulative 0.0%)
completed cycles / episode  : 0.000
synthetic task reward       : 7100.000
shaping reward              : 7272.483
learning reward             : 14372.483
episode length              : 290.2
abstract changes / episode  : 271.6
same abstract-state steps   : 6.4%
same-state shaping / episode: 0.000
changed-state shaping / ep. : 7272.483
terminal shaping / episode  : 109.316
DFA transitions / episode   : 2.34
DFA transitions in window   : 1->2: 86, 2->3: 77, 3->4: 71
epsilon (next episode)       : 0.14655
replay buffer                : 300000 samples [1: 53.8%, 2: 34.1%, 3: 12.1%, 4: 0.0%]
DFA state visits in window   : 1: 15000, 2: 10016, 3: 4031, 4: 71
DFA state visits cumulative  : 1: 811955, 2: 234004, 3: 79894, 4: 855
DFA state entries in window  : 1: 100, 2: 86, 3: 77, 4: 71
DFA state entries cumulative : 1: 4800, 2: 1765, 3: 1185, 4: 855
transitions cumulative       : 1->2: 1765, 2->3: 1185, 3->4: 855
accepted directly from s0    : 0
Gym endings cumulative       : terminated=3864, truncated=81

[Episode 4900/8000 | last 100]
success rate                : 83.0% (cumulative 19.1%)
failure rate                : 0.0% (cumulative 0.0%)
completed cycles / episode  : 0.000
synthetic task reward       : 8300.000
shaping reward              : 8676.846
learning reward             : 16976.846
episode length              : 291.5
abstract changes / episode  : 273.4
same abstract-state steps   : 6.2%
same-state shaping / episode: 0.000
changed-state shaping / ep. : 8676.846
terminal shaping / episode  : 129.903
DFA transitions / episode   : 2.71
DFA transitions in window   : 1->2: 95, 2->3: 93, 3->4: 83
epsilon (next episode)       : 0.14080
replay buffer                : 300000 samples [1: 53.9%, 2: 33.7%, 3: 12.3%, 4: 0.0%]
DFA state visits in window   : 1: 15212, 2: 9630, 3: 4324, 4: 83
DFA state visits cumulative  : 1: 827167, 2: 243634, 3: 84218, 4: 938
DFA state entries in window  : 1: 100, 2: 95, 3: 93, 4: 83
DFA state entries cumulative : 1: 4900, 2: 1860, 3: 1278, 4: 938
transitions cumulative       : 1->2: 1860, 2->3: 1278, 3->4: 938
accepted directly from s0    : 0
Gym endings cumulative       : terminated=3881, truncated=81

[Episode 5000/8000 | last 100]
success rate                : 86.0% (cumulative 20.5%)
failure rate                : 0.0% (cumulative 0.0%)
completed cycles / episode  : 0.000
synthetic task reward       : 8600.000
shaping reward              : 8656.331
learning reward             : 17256.331
episode length              : 275.3
abstract changes / episode  : 259.6
same abstract-state steps   : 5.7%
same-state shaping / episode: 0.000
changed-state shaping / ep. : 8656.331
terminal shaping / episode  : 158.499
DFA transitions / episode   : 2.72
DFA transitions in window   : 1->2: 96, 2->3: 90, 3->4: 86
epsilon (next episode)       : 0.13528
replay buffer                : 300000 samples [1: 53.8%, 2: 33.5%, 3: 12.7%, 4: 0.0%]
DFA state visits in window   : 1: 14650, 2: 9163, 3: 3734, 4: 86
DFA state visits cumulative  : 1: 841817, 2: 252797, 3: 87952, 4: 1024
DFA state entries in window  : 1: 100, 2: 96, 3: 90, 4: 86
DFA state entries cumulative : 1: 5000, 2: 1956, 3: 1368, 4: 1024
transitions cumulative       : 1->2: 1956, 2->3: 1368, 3->4: 1024
accepted directly from s0    : 0
Gym endings cumulative       : terminated=3895, truncated=81

Starting autonomous greedy evaluation at episode 5000 (1000 fixed-seed episodes)...
[Greedy evaluation at episode 5000 | 1000 fixed-seed episodes]
success=97.9%, failure=0.0%, task reward=9790.000, length=252.1
DFA transitions: 1->2: 992, 2->3: 983, 3->4: 979
Best policy updated from autonomous greedy evaluation at episode 5000.

[Episode 5100/8000 | last 100]
success rate                : 75.0% (cumulative 21.5%)
failure rate                : 0.0% (cumulative 0.0%)
completed cycles / episode  : 0.000
synthetic task reward       : 7500.000
shaping reward              : 7896.592
learning reward             : 15396.592
episode length              : 285.5
abstract changes / episode  : 269.4
same abstract-state steps   : 5.7%
same-state shaping / episode: 0.000
changed-state shaping / ep. : 7896.592
terminal shaping / episode  : 110.670
DFA transitions / episode   : 2.53
DFA transitions in window   : 1->2: 93, 2->3: 85, 3->4: 75
epsilon (next episode)       : 0.12998
replay buffer                : 300000 samples [1: 54.6%, 2: 32.8%, 3: 12.6%, 4: 0.0%]
DFA state visits in window   : 1: 16229, 2: 8823, 3: 3526, 4: 75
DFA state visits cumulative  : 1: 858046, 2: 261620, 3: 91478, 4: 1099
DFA state entries in window  : 1: 100, 2: 93, 3: 85, 4: 75
DFA state entries cumulative : 1: 5100, 2: 2049, 3: 1453, 4: 1099
transitions cumulative       : 1->2: 2049, 2->3: 1453, 3->4: 1099
accepted directly from s0    : 0
Gym endings cumulative       : terminated=3920, truncated=81

[Episode 5200/8000 | last 100]
success rate                : 76.0% (cumulative 22.6%)
failure rate                : 0.0% (cumulative 0.0%)
completed cycles / episode  : 0.000
synthetic task reward       : 7600.000
shaping reward              : 7695.438
learning reward             : 15295.438
episode length              : 287.0
abstract changes / episode  : 268.7
same abstract-state steps   : 6.4%
same-state shaping / episode: 0.000
changed-state shaping / ep. : 7695.438
terminal shaping / episode  : 133.084
DFA transitions / episode   : 2.52
DFA transitions in window   : 1->2: 95, 2->3: 81, 3->4: 76
epsilon (next episode)       : 0.12488
replay buffer                : 300000 samples [1: 54.5%, 2: 32.8%, 3: 12.7%, 4: 0.0%]
DFA state visits in window   : 1: 14722, 2: 10709, 3: 3294, 4: 76
DFA state visits cumulative  : 1: 872768, 2: 272329, 3: 94772, 4: 1175
DFA state entries in window  : 1: 100, 2: 95, 3: 81, 4: 76
DFA state entries cumulative : 1: 5200, 2: 2144, 3: 1534, 4: 1175
transitions cumulative       : 1->2: 2144, 2->3: 1534, 3->4: 1175
accepted directly from s0    : 0
Gym endings cumulative       : terminated=3944, truncated=81

[Episode 5300/8000 | last 100]
success rate                : 52.0% (cumulative 23.2%)
failure rate                : 0.0% (cumulative 0.0%)
completed cycles / episode  : 0.000
synthetic task reward       : 5200.000
shaping reward              : 5515.021
learning reward             : 10715.021
episode length              : 267.1
abstract changes / episode  : 243.6
same abstract-state steps   : 8.8%
same-state shaping / episode: 0.000
changed-state shaping / ep. : 5515.021
terminal shaping / episode  : 88.214
DFA transitions / episode   : 1.83
DFA transitions in window   : 1->2: 71, 2->3: 60, 3->4: 52
epsilon (next episode)       : 0.11998
replay buffer                : 300000 samples [1: 55.8%, 2: 31.7%, 3: 12.5%, 4: 0.0%]
DFA state visits in window   : 1: 16722, 2: 7519, 3: 2513, 4: 52
DFA state visits cumulative  : 1: 889490, 2: 279848, 3: 97285, 4: 1227
DFA state entries in window  : 1: 100, 2: 71, 3: 60, 4: 52
DFA state entries cumulative : 1: 5300, 2: 2215, 3: 1594, 4: 1227
transitions cumulative       : 1->2: 2215, 2->3: 1594, 3->4: 1227
accepted directly from s0    : 0
Gym endings cumulative       : terminated=3992, truncated=81

[Episode 5400/8000 | last 100]
success rate                : 67.0% (cumulative 24.0%)
failure rate                : 0.0% (cumulative 0.0%)
completed cycles / episode  : 0.000
synthetic task reward       : 6700.000
shaping reward              : 6968.960
learning reward             : 13668.960
episode length              : 307.8
abstract changes / episode  : 277.1
same abstract-state steps   : 10.0%
same-state shaping / episode: 0.000
changed-state shaping / ep. : 6968.960
terminal shaping / episode  : 133.308
DFA transitions / episode   : 2.30
DFA transitions in window   : 1->2: 90, 2->3: 73, 3->4: 67
epsilon (next episode)       : 0.11528
replay buffer                : 300000 samples [1: 55.9%, 2: 31.8%, 3: 12.3%, 4: 0.0%]
DFA state visits in window   : 1: 18899, 2: 9170, 3: 2741, 4: 67
DFA state visits cumulative  : 1: 908389, 2: 289018, 3: 100026, 4: 1294
DFA state entries in window  : 1: 100, 2: 90, 3: 73, 4: 67
DFA state entries cumulative : 1: 5400, 2: 2305, 3: 1667, 4: 1294
transitions cumulative       : 1->2: 2305, 2->3: 1667, 3->4: 1294
accepted directly from s0    : 0
Gym endings cumulative       : terminated=4025, truncated=81

[Episode 5500/8000 | last 100]
success rate                : 78.0% (cumulative 24.9%)
failure rate                : 0.0% (cumulative 0.0%)
completed cycles / episode  : 0.000
synthetic task reward       : 7800.000
shaping reward              : 7827.949
learning reward             : 15627.949
episode length              : 296.0
abstract changes / episode  : 274.8
same abstract-state steps   : 7.1%
same-state shaping / episode: 0.000
changed-state shaping / ep. : 7827.949
terminal shaping / episode  : 148.592
DFA transitions / episode   : 2.54
DFA transitions in window   : 1->2: 91, 2->3: 85, 3->4: 78
epsilon (next episode)       : 0.11075
replay buffer                : 300000 samples [1: 55.5%, 2: 32.3%, 3: 12.2%, 4: 0.0%]
DFA state visits in window   : 1: 15223, 2: 10751, 3: 3645, 4: 78
DFA state visits cumulative  : 1: 923612, 2: 299769, 3: 103671, 4: 1372
DFA state entries in window  : 1: 100, 2: 91, 3: 85, 4: 78
DFA state entries cumulative : 1: 5500, 2: 2396, 3: 1752, 4: 1372
transitions cumulative       : 1->2: 2396, 2->3: 1752, 3->4: 1372
accepted directly from s0    : 0
Gym endings cumulative       : terminated=4046, truncated=82

Starting autonomous greedy evaluation at episode 5500 (1000 fixed-seed episodes)...
[Greedy evaluation at episode 5500 | 1000 fixed-seed episodes]
success=53.9%, failure=0.0%, task reward=5390.000, length=229.6
DFA transitions: 1->2: 616, 2->3: 539, 3->4: 539

[Episode 5600/8000 | last 100]
success rate                : 82.0% (cumulative 26.0%)
failure rate                : 0.0% (cumulative 0.0%)
completed cycles / episode  : 0.000
synthetic task reward       : 8200.000
shaping reward              : 8245.107
learning reward             : 16445.107
episode length              : 262.7
abstract changes / episode  : 243.5
same abstract-state steps   : 7.3%
same-state shaping / episode: 0.000
changed-state shaping / ep. : 8245.107
terminal shaping / episode  : 150.486
DFA transitions / episode   : 2.60
DFA transitions in window   : 1->2: 92, 2->3: 86, 3->4: 82
epsilon (next episode)       : 0.10641
replay buffer                : 300000 samples [1: 55.2%, 2: 32.5%, 3: 12.3%, 4: 0.0%]
DFA state visits in window   : 1: 14716, 2: 8385, 3: 3183, 4: 82
DFA state visits cumulative  : 1: 938328, 2: 308154, 3: 106854, 4: 1454
DFA state entries in window  : 1: 100, 2: 92, 3: 86, 4: 82
DFA state entries cumulative : 1: 5600, 2: 2488, 3: 1838, 4: 1454
transitions cumulative       : 1->2: 2488, 2->3: 1838, 3->4: 1454
accepted directly from s0    : 0
Gym endings cumulative       : terminated=4064, truncated=82

[Episode 5700/8000 | last 100]
success rate                : 67.0% (cumulative 26.7%)
failure rate                : 0.0% (cumulative 0.0%)
completed cycles / episode  : 0.000
synthetic task reward       : 6700.000
shaping reward              : 6785.905
learning reward             : 13485.905
episode length              : 269.4
abstract changes / episode  : 250.7
same abstract-state steps   : 6.9%
same-state shaping / episode: 0.000
changed-state shaping / ep. : 6785.905
terminal shaping / episode  : 128.289
DFA transitions / episode   : 2.25
DFA transitions in window   : 1->2: 88, 2->3: 70, 3->4: 67
epsilon (next episode)       : 0.10224
replay buffer                : 300000 samples [1: 55.5%, 2: 32.7%, 3: 11.8%, 4: 0.0%]
DFA state visits in window   : 1: 15453, 2: 9026, 3: 2498, 4: 67
DFA state visits cumulative  : 1: 953781, 2: 317180, 3: 109352, 4: 1521
DFA state entries in window  : 1: 100, 2: 88, 3: 70, 4: 67
DFA state entries cumulative : 1: 5700, 2: 2576, 3: 1908, 4: 1521
transitions cumulative       : 1->2: 2576, 2->3: 1908, 3->4: 1521
accepted directly from s0    : 0
Gym endings cumulative       : terminated=4097, truncated=82

[Episode 5800/8000 | last 100]
success rate                : 62.0% (cumulative 27.3%)
failure rate                : 0.0% (cumulative 0.0%)
completed cycles / episode  : 0.000
synthetic task reward       : 6200.000
shaping reward              : 6166.876
learning reward             : 12366.876
episode length              : 273.1
abstract changes / episode  : 245.3
same abstract-state steps   : 10.2%
same-state shaping / episode: 0.000
changed-state shaping / ep. : 6166.876
terminal shaping / episode  : 106.371
DFA transitions / episode   : 2.02
DFA transitions in window   : 1->2: 74, 2->3: 66, 3->4: 62
epsilon (next episode)       : 0.09823
replay buffer                : 300000 samples [1: 55.9%, 2: 32.6%, 3: 11.5%, 4: 0.0%]
DFA state visits in window   : 1: 16324, 2: 8398, 3: 2631, 4: 62
DFA state visits cumulative  : 1: 970105, 2: 325578, 3: 111983, 4: 1583
DFA state entries in window  : 1: 100, 2: 74, 3: 66, 4: 62
DFA state entries cumulative : 1: 5800, 2: 2650, 3: 1974, 4: 1583
transitions cumulative       : 1->2: 2650, 2->3: 1974, 3->4: 1583
accepted directly from s0    : 0
Gym endings cumulative       : terminated=4135, truncated=82

[Episode 5900/8000 | last 100]
success rate                : 89.0% (cumulative 28.3%)
failure rate                : 0.0% (cumulative 0.0%)
completed cycles / episode  : 0.000
synthetic task reward       : 8900.000
shaping reward              : 8845.629
learning reward             : 17745.629
episode length              : 295.1
abstract changes / episode  : 274.0
same abstract-state steps   : 7.2%
same-state shaping / episode: 0.000
changed-state shaping / ep. : 8845.629
terminal shaping / episode  : 165.723
DFA transitions / episode   : 2.76
DFA transitions in window   : 1->2: 94, 2->3: 93, 3->4: 89
epsilon (next episode)       : 0.09438
replay buffer                : 300000 samples [1: 56.3%, 2: 32.3%, 3: 11.3%, 4: 0.0%]
DFA state visits in window   : 1: 16899, 2: 9006, 3: 3615, 4: 89
DFA state visits cumulative  : 1: 987004, 2: 334584, 3: 115598, 4: 1672
DFA state entries in window  : 1: 100, 2: 94, 3: 93, 4: 89
DFA state entries cumulative : 1: 5900, 2: 2744, 3: 2067, 4: 1672
transitions cumulative       : 1->2: 2744, 2->3: 2067, 3->4: 1672
accepted directly from s0    : 0
Gym endings cumulative       : terminated=4146, truncated=82

[Episode 6000/8000 | last 100]
success rate                : 86.0% (cumulative 29.3%)
failure rate                : 0.0% (cumulative 0.0%)
completed cycles / episode  : 0.000
synthetic task reward       : 8600.000
shaping reward              : 8558.983
learning reward             : 17158.983
episode length              : 266.2
abstract changes / episode  : 248.0
same abstract-state steps   : 6.9%
same-state shaping / episode: 0.000
changed-state shaping / ep. : 8558.983
terminal shaping / episode  : 163.401
DFA transitions / episode   : 2.69
DFA transitions in window   : 1->2: 94, 2->3: 89, 3->4: 86
epsilon (next episode)       : 0.09067
replay buffer                : 300000 samples [1: 56.9%, 2: 32.1%, 3: 11.1%, 4: 0.0%]
DFA state visits in window   : 1: 15075, 2: 8461, 3: 3099, 4: 86
DFA state visits cumulative  : 1: 1002079, 2: 343045, 3: 118697, 4: 1758
DFA state entries in window  : 1: 100, 2: 94, 3: 89, 4: 86
DFA state entries cumulative : 1: 6000, 2: 2838, 3: 2156, 4: 1758
transitions cumulative       : 1->2: 2838, 2->3: 2156, 3->4: 1758
accepted directly from s0    : 0
Gym endings cumulative       : terminated=4160, truncated=82

Starting autonomous greedy evaluation at episode 6000 (1000 fixed-seed episodes)...
[Greedy evaluation at episode 6000 | 1000 fixed-seed episodes]
success=87.3%, failure=0.0%, task reward=8730.000, length=254.2
DFA transitions: 1->2: 921, 2->3: 919, 3->4: 873

[Episode 6100/8000 | last 100]
success rate                : 79.0% (cumulative 30.1%)
failure rate                : 0.0% (cumulative 0.0%)
completed cycles / episode  : 0.000
synthetic task reward       : 7900.000
shaping reward              : 8128.823
learning reward             : 16028.823
episode length              : 291.1
abstract changes / episode  : 275.6
same abstract-state steps   : 5.3%
same-state shaping / episode: 0.000
changed-state shaping / ep. : 8128.823
terminal shaping / episode  : 154.031
DFA transitions / episode   : 2.61
DFA transitions in window   : 1->2: 95, 2->3: 87, 3->4: 79
epsilon (next episode)       : 0.08712
replay buffer                : 300000 samples [1: 56.6%, 2: 32.4%, 3: 11.0%, 4: 0.0%]
DFA state visits in window   : 1: 15693, 2: 9962, 3: 3480, 4: 79
DFA state visits cumulative  : 1: 1017772, 2: 353007, 3: 122177, 4: 1837
DFA state entries in window  : 1: 100, 2: 95, 3: 87, 4: 79
DFA state entries cumulative : 1: 6100, 2: 2933, 3: 2243, 4: 1837
transitions cumulative       : 1->2: 2933, 2->3: 2243, 3->4: 1837
accepted directly from s0    : 0
Gym endings cumulative       : terminated=4181, truncated=82

[Episode 6200/8000 | last 100]
success rate                : 75.0% (cumulative 30.8%)
failure rate                : 0.0% (cumulative 0.0%)
completed cycles / episode  : 0.000
synthetic task reward       : 7500.000
shaping reward              : 7913.406
learning reward             : 15413.406
episode length              : 289.1
abstract changes / episode  : 273.8
same abstract-state steps   : 5.3%
same-state shaping / episode: 0.000
changed-state shaping / ep. : 7913.406
terminal shaping / episode  : 143.571
DFA transitions / episode   : 2.58
DFA transitions in window   : 1->2: 100, 2->3: 83, 3->4: 75
epsilon (next episode)       : 0.08370
replay buffer                : 300000 samples [1: 56.3%, 2: 32.8%, 3: 10.9%, 4: 0.0%]
DFA state visits in window   : 1: 14617, 2: 11136, 3: 3186, 4: 75
DFA state visits cumulative  : 1: 1032389, 2: 364143, 3: 125363, 4: 1912
DFA state entries in window  : 1: 100, 2: 100, 3: 83, 4: 75
DFA state entries cumulative : 1: 6200, 2: 3033, 3: 2326, 4: 1912
transitions cumulative       : 1->2: 3033, 2->3: 2326, 3->4: 1912
accepted directly from s0    : 0
Gym endings cumulative       : terminated=4206, truncated=82

[Episode 6300/8000 | last 100]
success rate                : 85.0% (cumulative 31.7%)
failure rate                : 0.0% (cumulative 0.0%)
completed cycles / episode  : 0.000
synthetic task reward       : 8500.000
shaping reward              : 8730.366
learning reward             : 17230.366
episode length              : 282.5
abstract changes / episode  : 265.1
same abstract-state steps   : 6.1%
same-state shaping / episode: 0.000
changed-state shaping / ep. : 8730.366
terminal shaping / episode  : 145.576
DFA transitions / episode   : 2.78
DFA transitions in window   : 1->2: 100, 2->3: 93, 3->4: 85
epsilon (next episode)       : 0.08042
replay buffer                : 300000 samples [1: 55.8%, 2: 33.2%, 3: 11.0%, 4: 0.0%]
DFA state visits in window   : 1: 14011, 2: 10764, 3: 3490, 4: 85
DFA state visits cumulative  : 1: 1046400, 2: 374907, 3: 128853, 4: 1997
DFA state entries in window  : 1: 100, 2: 100, 3: 93, 4: 85
DFA state entries cumulative : 1: 6300, 2: 3133, 3: 2419, 4: 1997
transitions cumulative       : 1->2: 3133, 2->3: 2419, 3->4: 1997
accepted directly from s0    : 0
Gym endings cumulative       : terminated=4221, truncated=82

[Episode 6400/8000 | last 100]
success rate                : 83.0% (cumulative 32.5%)
failure rate                : 0.0% (cumulative 0.0%)
completed cycles / episode  : 0.000
synthetic task reward       : 8300.000
shaping reward              : 8388.555
learning reward             : 16688.555
episode length              : 279.8
abstract changes / episode  : 260.3
same abstract-state steps   : 7.0%
same-state shaping / episode: 0.000
changed-state shaping / ep. : 8388.555
terminal shaping / episode  : 148.702
DFA transitions / episode   : 2.68
DFA transitions in window   : 1->2: 98, 2->3: 87, 3->4: 83
epsilon (next episode)       : 0.07727
replay buffer                : 300000 samples [1: 54.4%, 2: 34.3%, 3: 11.3%, 4: 0.0%]
DFA state visits in window   : 1: 13311, 2: 11346, 3: 3337, 4: 83
DFA state visits cumulative  : 1: 1059711, 2: 386253, 3: 132190, 4: 2080
DFA state entries in window  : 1: 100, 2: 98, 3: 87, 4: 83
DFA state entries cumulative : 1: 6400, 2: 3231, 3: 2506, 4: 2080
transitions cumulative       : 1->2: 3231, 2->3: 2506, 3->4: 2080
accepted directly from s0    : 0
Gym endings cumulative       : terminated=4238, truncated=82

[Episode 6500/8000 | last 100]
success rate                : 88.0% (cumulative 33.4%)
failure rate                : 0.0% (cumulative 0.0%)
completed cycles / episode  : 0.000
synthetic task reward       : 8800.000
shaping reward              : 9062.919
learning reward             : 17862.919
episode length              : 285.0
abstract changes / episode  : 261.9
same abstract-state steps   : 8.1%
same-state shaping / episode: 0.000
changed-state shaping / ep. : 9062.919
terminal shaping / episode  : 163.734
DFA transitions / episode   : 2.84
DFA transitions in window   : 1->2: 100, 2->3: 96, 3->4: 88
epsilon (next episode)       : 0.07423
replay buffer                : 300000 samples [1: 53.8%, 2: 34.8%, 3: 11.5%, 4: 0.0%]
DFA state visits in window   : 1: 15338, 2: 9733, 3: 3443, 4: 88
DFA state visits cumulative  : 1: 1075049, 2: 395986, 3: 135633, 4: 2168
DFA state entries in window  : 1: 100, 2: 100, 3: 96, 4: 88
DFA state entries cumulative : 1: 6500, 2: 3331, 3: 2602, 4: 2168
transitions cumulative       : 1->2: 3331, 2->3: 2602, 3->4: 2168
accepted directly from s0    : 0
Gym endings cumulative       : terminated=4250, truncated=82

Starting autonomous greedy evaluation at episode 6500 (1000 fixed-seed episodes)...
[Greedy evaluation at episode 6500 | 1000 fixed-seed episodes]
success=81.8%, failure=0.0%, task reward=8180.000, length=341.4
DFA transitions: 1->2: 902, 2->3: 868, 3->4: 818

[Episode 6600/8000 | last 100]
success rate                : 77.0% (cumulative 34.0%)
failure rate                : 0.0% (cumulative 0.0%)
completed cycles / episode  : 0.000
synthetic task reward       : 7700.000
shaping reward              : 7893.284
learning reward             : 15593.284
episode length              : 301.9
abstract changes / episode  : 269.5
same abstract-state steps   : 10.7%
same-state shaping / episode: 0.000
changed-state shaping / ep. : 7893.284
terminal shaping / episode  : 149.845
DFA transitions / episode   : 2.53
DFA transitions in window   : 1->2: 94, 2->3: 82, 3->4: 77
epsilon (next episode)       : 0.07132
replay buffer                : 300000 samples [1: 54.6%, 2: 34.2%, 3: 11.2%, 4: 0.0%]
DFA state visits in window   : 1: 18166, 2: 9250, 3: 2798, 4: 77
DFA state visits cumulative  : 1: 1093215, 2: 405236, 3: 138431, 4: 2245
DFA state entries in window  : 1: 100, 2: 94, 3: 82, 4: 77
DFA state entries cumulative : 1: 6600, 2: 3425, 3: 2684, 4: 2245
transitions cumulative       : 1->2: 3425, 2->3: 2684, 3->4: 2245
accepted directly from s0    : 0
Gym endings cumulative       : terminated=4270, truncated=85

[Episode 6700/8000 | last 100]
success rate                : 64.0% (cumulative 34.5%)
failure rate                : 0.0% (cumulative 0.0%)
completed cycles / episode  : 0.000
synthetic task reward       : 6400.000
shaping reward              : 6792.109
learning reward             : 13192.109
episode length              : 288.8
abstract changes / episode  : 266.1
same abstract-state steps   : 7.9%
same-state shaping / episode: 0.000
changed-state shaping / ep. : 6792.109
terminal shaping / episode  : 112.728
DFA transitions / episode   : 2.18
DFA transitions in window   : 1->2: 82, 2->3: 72, 3->4: 64
epsilon (next episode)       : 0.06853
replay buffer                : 300000 samples [1: 55.5%, 2: 33.6%, 3: 10.9%, 4: 0.0%]
DFA state visits in window   : 1: 18395, 2: 8021, 3: 2501, 4: 64
DFA state visits cumulative  : 1: 1111610, 2: 413257, 3: 140932, 4: 2309
DFA state entries in window  : 1: 100, 2: 82, 3: 72, 4: 64
DFA state entries cumulative : 1: 6700, 2: 3507, 3: 2756, 4: 2309
transitions cumulative       : 1->2: 3507, 2->3: 2756, 3->4: 2309
accepted directly from s0    : 0
Gym endings cumulative       : terminated=4306, truncated=85

[Episode 6800/8000 | last 100]
success rate                : 56.0% (cumulative 34.8%)
failure rate                : 0.0% (cumulative 0.0%)
completed cycles / episode  : 0.000
synthetic task reward       : 5600.000
shaping reward              : 5546.026
learning reward             : 11146.026
episode length              : 221.0
abstract changes / episode  : 211.8
same abstract-state steps   : 4.2%
same-state shaping / episode: 0.000
changed-state shaping / ep. : 5546.026
terminal shaping / episode  : 102.481
DFA transitions / episode   : 1.79
DFA transitions in window   : 1->2: 65, 2->3: 58, 3->4: 56
epsilon (next episode)       : 0.06584
replay buffer                : 300000 samples [1: 55.9%, 2: 33.2%, 3: 10.9%, 4: 0.0%]
DFA state visits in window   : 1: 13875, 2: 6233, 3: 2037, 4: 56
DFA state visits cumulative  : 1: 1125485, 2: 419490, 3: 142969, 4: 2365
DFA state entries in window  : 1: 100, 2: 65, 3: 58, 4: 56
DFA state entries cumulative : 1: 6800, 2: 3572, 3: 2814, 4: 2365
transitions cumulative       : 1->2: 3572, 2->3: 2814, 3->4: 2365
accepted directly from s0    : 0
Gym endings cumulative       : terminated=4350, truncated=85

[Episode 6900/8000 | last 100]
success rate                : 31.0% (cumulative 34.7%)
failure rate                : 0.0% (cumulative 0.0%)
completed cycles / episode  : 0.000
synthetic task reward       : 3100.000
shaping reward              : 3169.251
learning reward             : 6269.251
episode length              : 164.8
abstract changes / episode  : 154.1
same abstract-state steps   : 6.5%
same-state shaping / episode: 0.000
changed-state shaping / ep. : 3169.251
terminal shaping / episode  : 49.850
DFA transitions / episode   : 1.05
DFA transitions in window   : 1->2: 40, 2->3: 34, 3->4: 31
epsilon (next episode)       : 0.06326
replay buffer                : 300000 samples [1: 56.2%, 2: 32.9%, 3: 10.8%, 4: 0.0%]
DFA state visits in window   : 1: 11538, 2: 3813, 3: 1200, 4: 31
DFA state visits cumulative  : 1: 1137023, 2: 423303, 3: 144169, 4: 2396
DFA state entries in window  : 1: 100, 2: 40, 3: 34, 4: 31
DFA state entries cumulative : 1: 6900, 2: 3612, 3: 2848, 4: 2396
transitions cumulative       : 1->2: 3612, 2->3: 2848, 3->4: 2396
accepted directly from s0    : 0
Gym endings cumulative       : terminated=4419, truncated=85

[Episode 7000/8000 | last 100]
success rate                : 77.0% (cumulative 35.3%)
failure rate                : 0.0% (cumulative 0.0%)
completed cycles / episode  : 0.000
synthetic task reward       : 7700.000
shaping reward              : 7623.819
learning reward             : 15323.819
episode length              : 255.4
abstract changes / episode  : 236.8
same abstract-state steps   : 7.3%
same-state shaping / episode: 0.000
changed-state shaping / ep. : 7623.819
terminal shaping / episode  : 157.962
DFA transitions / episode   : 2.41
DFA transitions in window   : 1->2: 85, 2->3: 79, 3->4: 77
epsilon (next episode)       : 0.06078
replay buffer                : 300000 samples [1: 56.1%, 2: 33.2%, 3: 10.7%, 4: 0.0%]
DFA state visits in window   : 1: 14778, 2: 8103, 3: 2684, 4: 77
DFA state visits cumulative  : 1: 1151801, 2: 431406, 3: 146853, 4: 2473
DFA state entries in window  : 1: 100, 2: 85, 3: 79, 4: 77
DFA state entries cumulative : 1: 7000, 2: 3697, 3: 2927, 4: 2473
transitions cumulative       : 1->2: 3697, 2->3: 2927, 3->4: 2473
accepted directly from s0    : 0
Gym endings cumulative       : terminated=4442, truncated=85

Starting autonomous greedy evaluation at episode 7000 (1000 fixed-seed episodes)...
[Greedy evaluation at episode 7000 | 1000 fixed-seed episodes]
success=81.0%, failure=0.0%, task reward=8100.000, length=274.6
DFA transitions: 1->2: 819, 2->3: 814, 3->4: 810

[Episode 7100/8000 | last 100]
success rate                : 93.0% (cumulative 36.1%)
failure rate                : 0.0% (cumulative 0.0%)
completed cycles / episode  : 0.000
synthetic task reward       : 9300.000
shaping reward              : 9306.139
learning reward             : 18606.139
episode length              : 264.4
abstract changes / episode  : 246.8
same abstract-state steps   : 6.7%
same-state shaping / episode: 0.000
changed-state shaping / ep. : 9306.139
terminal shaping / episode  : 205.328
DFA transitions / episode   : 2.89
DFA transitions in window   : 1->2: 99, 2->3: 97, 3->4: 93
epsilon (next episode)       : 0.05839
replay buffer                : 300000 samples [1: 56.4%, 2: 32.8%, 3: 10.8%, 4: 0.0%]
DFA state visits in window   : 1: 15055, 2: 8007, 3: 3386, 4: 93
DFA state visits cumulative  : 1: 1166856, 2: 439413, 3: 150239, 4: 2566
DFA state entries in window  : 1: 100, 2: 99, 3: 97, 4: 93
DFA state entries cumulative : 1: 7100, 2: 3796, 3: 3024, 4: 2566
transitions cumulative       : 1->2: 3796, 2->3: 3024, 3->4: 2566
accepted directly from s0    : 0
Gym endings cumulative       : terminated=4449, truncated=85

[Episode 7200/8000 | last 100]
success rate                : 81.0% (cumulative 36.8%)
failure rate                : 0.0% (cumulative 0.0%)
completed cycles / episode  : 0.000
synthetic task reward       : 8100.000
shaping reward              : 7906.402
learning reward             : 16006.402
episode length              : 278.5
abstract changes / episode  : 249.6
same abstract-state steps   : 10.4%
same-state shaping / episode: 0.000
changed-state shaping / ep. : 7906.402
terminal shaping / episode  : 183.049
DFA transitions / episode   : 2.57
DFA transitions in window   : 1->2: 94, 2->3: 82, 3->4: 81
epsilon (next episode)       : 0.05610
replay buffer                : 300000 samples [1: 56.6%, 2: 32.7%, 3: 10.7%, 4: 0.0%]
DFA state visits in window   : 1: 16079, 2: 8655, 3: 3134, 4: 81
DFA state visits cumulative  : 1: 1182935, 2: 448068, 3: 153373, 4: 2647
DFA state entries in window  : 1: 100, 2: 94, 3: 82, 4: 81
DFA state entries cumulative : 1: 7200, 2: 3890, 3: 3106, 4: 2647
transitions cumulative       : 1->2: 3890, 2->3: 3106, 3->4: 2647
accepted directly from s0    : 0
Gym endings cumulative       : terminated=4468, truncated=85

[Episode 7300/8000 | last 100]
success rate                : 66.0% (cumulative 37.2%)
failure rate                : 0.0% (cumulative 0.0%)
completed cycles / episode  : 0.000
synthetic task reward       : 6600.000
shaping reward              : 6530.383
learning reward             : 13130.383
episode length              : 267.5
abstract changes / episode  : 247.0
same abstract-state steps   : 7.7%
same-state shaping / episode: 0.000
changed-state shaping / ep. : 6530.383
terminal shaping / episode  : 108.569
DFA transitions / episode   : 2.18
DFA transitions in window   : 1->2: 85, 2->3: 67, 3->4: 66
epsilon (next episode)       : 0.05390
replay buffer                : 300000 samples [1: 57.1%, 2: 32.3%, 3: 10.6%, 4: 0.0%]
DFA state visits in window   : 1: 16124, 2: 8348, 3: 2310, 4: 66
DFA state visits cumulative  : 1: 1199059, 2: 456416, 3: 155683, 4: 2713
DFA state entries in window  : 1: 100, 2: 85, 3: 67, 4: 66
DFA state entries cumulative : 1: 7300, 2: 3975, 3: 3173, 4: 2713
transitions cumulative       : 1->2: 3975, 2->3: 3173, 3->4: 2713
accepted directly from s0    : 0
Gym endings cumulative       : terminated=4502, truncated=85

[Episode 7400/8000 | last 100]
success rate                : 79.0% (cumulative 37.7%)
failure rate                : 0.0% (cumulative 0.0%)
completed cycles / episode  : 0.000
synthetic task reward       : 7900.000
shaping reward              : 7993.960
learning reward             : 15893.960
episode length              : 257.5
abstract changes / episode  : 240.8
same abstract-state steps   : 6.5%
same-state shaping / episode: 0.000
changed-state shaping / ep. : 7993.960
terminal shaping / episode  : 165.340
DFA transitions / episode   : 2.55
DFA transitions in window   : 1->2: 93, 2->3: 83, 3->4: 79
epsilon (next episode)       : 0.05179
replay buffer                : 300000 samples [1: 57.8%, 2: 31.8%, 3: 10.4%, 4: 0.0%]
DFA state visits in window   : 1: 14073, 2: 8859, 3: 2837, 4: 79
DFA state visits cumulative  : 1: 1213132, 2: 465275, 3: 158520, 4: 2792
DFA state entries in window  : 1: 100, 2: 93, 3: 83, 4: 79
DFA state entries cumulative : 1: 7400, 2: 4068, 3: 3256, 4: 2792
transitions cumulative       : 1->2: 4068, 2->3: 3256, 3->4: 2792
accepted directly from s0    : 0
Gym endings cumulative       : terminated=4523, truncated=85

[Episode 7500/8000 | last 100]
success rate                : 81.0% (cumulative 38.3%)
failure rate                : 0.0% (cumulative 0.0%)
completed cycles / episode  : 0.000
synthetic task reward       : 8100.000
shaping reward              : 8057.775
learning reward             : 16157.775
episode length              : 240.5
abstract changes / episode  : 223.8
same abstract-state steps   : 6.9%
same-state shaping / episode: 0.000
changed-state shaping / ep. : 8057.775
terminal shaping / episode  : 144.052
DFA transitions / episode   : 2.51
DFA transitions in window   : 1->2: 86, 2->3: 84, 3->4: 81
epsilon (next episode)       : 0.04976
replay buffer                : 300000 samples [1: 58.3%, 2: 31.2%, 3: 10.4%, 4: 0.0%]
DFA state visits in window   : 1: 13871, 2: 7196, 3: 2999, 4: 81
DFA state visits cumulative  : 1: 1227003, 2: 472471, 3: 161519, 4: 2873
DFA state entries in window  : 1: 100, 2: 86, 3: 84, 4: 81
DFA state entries cumulative : 1: 7500, 2: 4154, 3: 3340, 4: 2873
transitions cumulative       : 1->2: 4154, 2->3: 3340, 3->4: 2873
accepted directly from s0    : 0
Gym endings cumulative       : terminated=4542, truncated=85

Starting autonomous greedy evaluation at episode 7500 (1000 fixed-seed episodes)...
[Greedy evaluation at episode 7500 | 1000 fixed-seed episodes]
success=82.5%, failure=0.0%, task reward=8250.000, length=274.4
DFA transitions: 1->2: 888, 2->3: 887, 3->4: 825

[Episode 7600/8000 | last 100]
success rate                : 84.0% (cumulative 38.9%)
failure rate                : 0.0% (cumulative 0.0%)
completed cycles / episode  : 0.000
synthetic task reward       : 8400.000
shaping reward              : 8364.353
learning reward             : 16764.353
episode length              : 244.2
abstract changes / episode  : 227.4
same abstract-state steps   : 6.9%
same-state shaping / episode: 0.000
changed-state shaping / ep. : 8364.353
terminal shaping / episode  : 165.954
DFA transitions / episode   : 2.60
DFA transitions in window   : 1->2: 89, 2->3: 87, 3->4: 84
epsilon (next episode)       : 0.04781
replay buffer                : 300000 samples [1: 58.8%, 2: 30.6%, 3: 10.6%, 4: 0.0%]
DFA state visits in window   : 1: 12985, 2: 8131, 3: 3317, 4: 84
DFA state visits cumulative  : 1: 1239988, 2: 480602, 3: 164836, 4: 2957
DFA state entries in window  : 1: 100, 2: 89, 3: 87, 4: 84
DFA state entries cumulative : 1: 7600, 2: 4243, 3: 3427, 4: 2957
transitions cumulative       : 1->2: 4243, 2->3: 3427, 3->4: 2957
accepted directly from s0    : 0
Gym endings cumulative       : terminated=4558, truncated=85

[Episode 7700/8000 | last 100]
success rate                : 77.0% (cumulative 39.4%)
failure rate                : 0.0% (cumulative 0.0%)
completed cycles / episode  : 0.000
synthetic task reward       : 7700.000
shaping reward              : 7752.770
learning reward             : 15452.770
episode length              : 238.2
abstract changes / episode  : 223.0
same abstract-state steps   : 6.4%
same-state shaping / episode: 0.000
changed-state shaping / ep. : 7752.770
terminal shaping / episode  : 151.852
DFA transitions / episode   : 2.42
DFA transitions in window   : 1->2: 84, 2->3: 81, 3->4: 77
epsilon (next episode)       : 0.04593
replay buffer                : 300000 samples [1: 59.1%, 2: 30.4%, 3: 10.6%, 4: 0.0%]
DFA state visits in window   : 1: 13760, 2: 7259, 3: 2826, 4: 77
DFA state visits cumulative  : 1: 1253748, 2: 487861, 3: 167662, 4: 3034
DFA state entries in window  : 1: 100, 2: 84, 3: 81, 4: 77
DFA state entries cumulative : 1: 7700, 2: 4327, 3: 3508, 4: 3034
transitions cumulative       : 1->2: 4327, 2->3: 3508, 3->4: 3034
accepted directly from s0    : 0
Gym endings cumulative       : terminated=4581, truncated=85

[Episode 7800/8000 | last 100]
success rate                : 78.0% (cumulative 39.9%)
failure rate                : 0.0% (cumulative 0.0%)
completed cycles / episode  : 0.000
synthetic task reward       : 7800.000
shaping reward              : 8082.006
learning reward             : 15882.006
episode length              : 230.8
abstract changes / episode  : 218.3
same abstract-state steps   : 5.4%
same-state shaping / episode: 0.000
changed-state shaping / ep. : 8082.006
terminal shaping / episode  : 146.144
DFA transitions / episode   : 2.54
DFA transitions in window   : 1->2: 90, 2->3: 86, 3->4: 78
epsilon (next episode)       : 0.04413
replay buffer                : 300000 samples [1: 58.4%, 2: 30.8%, 3: 10.8%, 4: 0.0%]
DFA state visits in window   : 1: 12312, 2: 7902, 3: 2893, 4: 78
DFA state visits cumulative  : 1: 1266060, 2: 495763, 3: 170555, 4: 3112
DFA state entries in window  : 1: 100, 2: 90, 3: 86, 4: 78
DFA state entries cumulative : 1: 7800, 2: 4417, 3: 3594, 4: 3112
transitions cumulative       : 1->2: 4417, 2->3: 3594, 3->4: 3112
accepted directly from s0    : 0
Gym endings cumulative       : terminated=4603, truncated=85

[Episode 7900/8000 | last 100]
success rate                : 90.0% (cumulative 40.5%)
failure rate                : 0.0% (cumulative 0.0%)
completed cycles / episode  : 0.000
synthetic task reward       : 9000.000
shaping reward              : 8964.037
learning reward             : 17964.037
episode length              : 248.9
abstract changes / episode  : 233.9
same abstract-state steps   : 6.0%
same-state shaping / episode: 0.000
changed-state shaping / ep. : 8964.037
terminal shaping / episode  : 189.088
DFA transitions / episode   : 2.80
DFA transitions in window   : 1->2: 97, 2->3: 93, 3->4: 90
epsilon (next episode)       : 0.04240
replay buffer                : 300000 samples [1: 57.6%, 2: 31.2%, 3: 11.2%, 4: 0.0%]
DFA state visits in window   : 1: 13308, 2: 8434, 3: 3159, 4: 90
DFA state visits cumulative  : 1: 1279368, 2: 504197, 3: 173714, 4: 3202
DFA state entries in window  : 1: 100, 2: 97, 3: 93, 4: 90
DFA state entries cumulative : 1: 7900, 2: 4514, 3: 3687, 4: 3202
transitions cumulative       : 1->2: 4514, 2->3: 3687, 3->4: 3202
accepted directly from s0    : 0
Gym endings cumulative       : terminated=4613, truncated=85

[Episode 8000/8000 | last 100]
success rate                : 89.0% (cumulative 41.1%)
failure rate                : 0.0% (cumulative 0.0%)
completed cycles / episode  : 0.000
synthetic task reward       : 8900.000
shaping reward              : 8782.328
learning reward             : 17682.328
episode length              : 242.3
abstract changes / episode  : 226.8
same abstract-state steps   : 6.4%
same-state shaping / episode: 0.000
changed-state shaping / ep. : 8782.328
terminal shaping / episode  : 195.551
DFA transitions / episode   : 2.73
DFA transitions in window   : 1->2: 93, 2->3: 91, 3->4: 89
epsilon (next episode)       : 0.04074
replay buffer                : 300000 samples [1: 57.1%, 2: 31.4%, 3: 11.5%, 4: 0.0%]
DFA state visits in window   : 1: 13601, 2: 7700, 3: 2941, 4: 89
DFA state visits cumulative  : 1: 1292969, 2: 511897, 3: 176655, 4: 3291
DFA state entries in window  : 1: 100, 2: 93, 3: 91, 4: 89
DFA state entries cumulative : 1: 8000, 2: 4607, 3: 3778, 4: 3291
transitions cumulative       : 1->2: 4607, 2->3: 3778, 3->4: 3291
accepted directly from s0    : 0
Gym endings cumulative       : terminated=4624, truncated=85

Starting autonomous greedy evaluation at episode 8000 (1000 fixed-seed episodes)...
[Greedy evaluation at episode 8000 | 1000 fixed-seed episodes]
success=78.1%, failure=0.0%, task reward=7810.000, length=229.2
DFA transitions: 1->2: 794, 2->3: 784, 3->4: 781
Last policy saved after episode 8000. Best greedy evaluation: episode 5000, mean task reward=9790.000
