
=== NEW RUN ===
episodes=10000, shaping=True, goal_reward=10000.0, gamma=0.99
gamma_shaping=1.0, shaping_formula=gamma_shaping*Phi(next)-Phi(state)
ground_unbiased_learner=True
eval_interval=500, eval_episodes=1000, eval_seed=100000
inter_level_shaping=False, inter_level_formula=gamma*Phi(next)-Phi(state)
task_type=ltlf, task=F(g1)
regions={g1: {'center': [0.85, 0.7], 'radius': 0.1}}
dfa_states=[1, 2], pre_trace=1, accepting=[2], failure=[]

[Episode 1/10000 | last 1]
success rate                : 100.0% (cumulative 100.0%)
failure rate                : 0.0% (cumulative 0.0%)
completed cycles / episode  : 0.000
synthetic task reward       : 10000.000
shaping reward              : 490.100
learning reward             : 10490.100
episode length              : 95.0
abstract changes / episode  : 11.0
DFA transitions / episode   : 1.00
DFA transitions in window   : 1->2: 1
epsilon (next episode)       : 0.99960
replay buffer                : 95 samples [1: 100.0%, 2: 0.0%]
DFA state visits in window   : 1: 95, 2: 1
DFA state visits cumulative  : 1: 95, 2: 1
DFA state entries in window  : 1: 1, 2: 1
DFA state entries cumulative : 1: 1, 2: 1
transitions cumulative       : 1->2: 1
accepted directly from s0    : 0
Gym endings cumulative       : terminated=0, truncated=0

[Episode 100/10000 | last 100]
success rate                : 5.0% (cumulative 5.0%)
failure rate                : 0.0% (cumulative 0.0%)
completed cycles / episode  : 0.000
synthetic task reward       : 500.000
shaping reward              : -45.940
learning reward             : 454.060
episode length              : 93.3
abstract changes / episode  : 12.7
DFA transitions / episode   : 0.05
DFA transitions in window   : 1->2: 5
epsilon (next episode)       : 0.96078
replay buffer                : 9331 samples [1: 100.0%, 2: 0.0%]
DFA state visits in window   : 1: 9426, 2: 5
DFA state visits cumulative  : 1: 9426, 2: 5
DFA state entries in window  : 1: 100, 2: 5
DFA state entries cumulative : 1: 100, 2: 5
transitions cumulative       : 1->2: 5
accepted directly from s0    : 0
Gym endings cumulative       : terminated=95, truncated=0

[Episode 200/10000 | last 100]
success rate                : 7.0% (cumulative 6.0%)
failure rate                : 0.0% (cumulative 0.0%)
completed cycles / episode  : 0.000
synthetic task reward       : 700.000
shaping reward              : 8.700
learning reward             : 708.700
episode length              : 91.4
abstract changes / episode  : 12.7
DFA transitions / episode   : 0.07
DFA transitions in window   : 1->2: 7
epsilon (next episode)       : 0.92310
replay buffer                : 18472 samples [1: 100.0%, 2: 0.0%]
DFA state visits in window   : 1: 9234, 2: 7
DFA state visits cumulative  : 1: 18660, 2: 12
DFA state entries in window  : 1: 100, 2: 7
DFA state entries cumulative : 1: 200, 2: 12
transitions cumulative       : 1->2: 12
accepted directly from s0    : 0
Gym endings cumulative       : terminated=188, truncated=0

[Episode 300/10000 | last 100]
success rate                : 3.0% (cumulative 5.0%)
failure rate                : 0.0% (cumulative 0.0%)
completed cycles / episode  : 0.000
synthetic task reward       : 300.000
shaping reward              : -1.792
learning reward             : 298.208
episode length              : 91.7
abstract changes / episode  : 12.7
DFA transitions / episode   : 0.03
DFA transitions in window   : 1->2: 3
epsilon (next episode)       : 0.88690
replay buffer                : 27646 samples [1: 100.0%, 2: 0.0%]
DFA state visits in window   : 1: 9271, 2: 3
DFA state visits cumulative  : 1: 27931, 2: 15
DFA state entries in window  : 1: 100, 2: 3
DFA state entries cumulative : 1: 300, 2: 15
transitions cumulative       : 1->2: 15
accepted directly from s0    : 0
Gym endings cumulative       : terminated=285, truncated=0

[Episode 400/10000 | last 100]
success rate                : 3.0% (cumulative 4.5%)
failure rate                : 0.0% (cumulative 0.0%)
completed cycles / episode  : 0.000
synthetic task reward       : 300.000
shaping reward              : 4.209
learning reward             : 304.209
episode length              : 94.8
abstract changes / episode  : 12.6
DFA transitions / episode   : 0.03
DFA transitions in window   : 1->2: 3
epsilon (next episode)       : 0.85212
replay buffer                : 37121 samples [1: 100.0%, 2: 0.0%]
DFA state visits in window   : 1: 9572, 2: 3
DFA state visits cumulative  : 1: 37503, 2: 18
DFA state entries in window  : 1: 100, 2: 3
DFA state entries cumulative : 1: 400, 2: 18
transitions cumulative       : 1->2: 18
accepted directly from s0    : 0
Gym endings cumulative       : terminated=382, truncated=0

[Episode 500/10000 | last 100]
success rate                : 3.0% (cumulative 4.2%)
failure rate                : 0.0% (cumulative 0.0%)
completed cycles / episode  : 0.000
synthetic task reward       : 300.000
shaping reward              : 20.372
learning reward             : 320.372
episode length              : 103.8
abstract changes / episode  : 12.6
DFA transitions / episode   : 0.03
DFA transitions in window   : 1->2: 3
epsilon (next episode)       : 0.81870
replay buffer                : 47505 samples [1: 100.0%, 2: 0.0%]
DFA state visits in window   : 1: 10481, 2: 3
DFA state visits cumulative  : 1: 47984, 2: 21
DFA state entries in window  : 1: 100, 2: 3
DFA state entries cumulative : 1: 500, 2: 21
transitions cumulative       : 1->2: 21
accepted directly from s0    : 0
Gym endings cumulative       : terminated=479, truncated=0

Starting autonomous greedy evaluation at episode 500 (1000 fixed-seed episodes)...
[Greedy evaluation at episode 500 | 1000 fixed-seed episodes]
success=0.3%, failure=0.0%, task reward=30.000, length=127.2
DFA transitions: 1->2: 3
Best policy updated from autonomous greedy evaluation at episode 500.
[Unbiased greedy evaluation at episode 500 | 1000 fixed-seed episodes]
success=0.6%, failure=0.0%, task reward=60.000, length=138.4
DFA transitions: 1->2: 6
Best unbiased policy updated at episode 500.

[Episode 600/10000 | last 100]
success rate                : 11.0% (cumulative 5.3%)
failure rate                : 0.0% (cumulative 0.0%)
completed cycles / episode  : 0.000
synthetic task reward       : 1100.000
shaping reward              : 21.371
learning reward             : 1121.371
episode length              : 106.5
abstract changes / episode  : 12.7
DFA transitions / episode   : 0.11
DFA transitions in window   : 1->2: 11
epsilon (next episode)       : 0.78659
replay buffer                : 58160 samples [1: 100.0%, 2: 0.0%]
DFA state visits in window   : 1: 10744, 2: 11
DFA state visits cumulative  : 1: 58728, 2: 32
DFA state entries in window  : 1: 100, 2: 11
DFA state entries cumulative : 1: 600, 2: 32
transitions cumulative       : 1->2: 32
accepted directly from s0    : 0
Gym endings cumulative       : terminated=568, truncated=0

[Episode 700/10000 | last 100]
success rate                : 9.0% (cumulative 5.9%)
failure rate                : 0.0% (cumulative 0.0%)
completed cycles / episode  : 0.000
synthetic task reward       : 900.000
shaping reward              : 6.442
learning reward             : 906.442
episode length              : 113.5
abstract changes / episode  : 12.4
DFA transitions / episode   : 0.09
DFA transitions in window   : 1->2: 9
epsilon (next episode)       : 0.75574
replay buffer                : 69508 samples [1: 100.0%, 2: 0.0%]
DFA state visits in window   : 1: 11439, 2: 9
DFA state visits cumulative  : 1: 70167, 2: 41
DFA state entries in window  : 1: 100, 2: 9
DFA state entries cumulative : 1: 700, 2: 41
transitions cumulative       : 1->2: 41
accepted directly from s0    : 0
Gym endings cumulative       : terminated=659, truncated=0

[Episode 800/10000 | last 100]
success rate                : 4.0% (cumulative 5.6%)
failure rate                : 0.0% (cumulative 0.0%)
completed cycles / episode  : 0.000
synthetic task reward       : 400.000
shaping reward              : -38.024
learning reward             : 361.976
episode length              : 115.7
abstract changes / episode  : 11.9
DFA transitions / episode   : 0.04
DFA transitions in window   : 1->2: 4
epsilon (next episode)       : 0.72610
replay buffer                : 81080 samples [1: 100.0%, 2: 0.0%]
DFA state visits in window   : 1: 11668, 2: 4
DFA state visits cumulative  : 1: 81835, 2: 45
DFA state entries in window  : 1: 100, 2: 4
DFA state entries cumulative : 1: 800, 2: 45
transitions cumulative       : 1->2: 45
accepted directly from s0    : 0
Gym endings cumulative       : terminated=755, truncated=0

[Episode 900/10000 | last 100]
success rate                : 5.0% (cumulative 5.6%)
failure rate                : 0.0% (cumulative 0.0%)
completed cycles / episode  : 0.000
synthetic task reward       : 500.000
shaping reward              : -22.794
learning reward             : 477.206
episode length              : 122.2
abstract changes / episode  : 12.4
DFA transitions / episode   : 0.05
DFA transitions in window   : 1->2: 5
epsilon (next episode)       : 0.69763
replay buffer                : 93305 samples [1: 100.0%, 2: 0.0%]
DFA state visits in window   : 1: 12320, 2: 5
DFA state visits cumulative  : 1: 94155, 2: 50
DFA state entries in window  : 1: 100, 2: 5
DFA state entries cumulative : 1: 900, 2: 50
transitions cumulative       : 1->2: 50
accepted directly from s0    : 0
Gym endings cumulative       : terminated=850, truncated=0

[Episode 1000/10000 | last 100]
success rate                : 4.0% (cumulative 5.4%)
failure rate                : 0.0% (cumulative 0.0%)
completed cycles / episode  : 0.000
synthetic task reward       : 400.000
shaping reward              : -88.517
learning reward             : 311.483
episode length              : 136.1
abstract changes / episode  : 13.2
DFA transitions / episode   : 0.04
DFA transitions in window   : 1->2: 4
epsilon (next episode)       : 0.67027
replay buffer                : 106912 samples [1: 100.0%, 2: 0.0%]
DFA state visits in window   : 1: 13703, 2: 4
DFA state visits cumulative  : 1: 107858, 2: 54
DFA state entries in window  : 1: 100, 2: 4
DFA state entries cumulative : 1: 1000, 2: 54
transitions cumulative       : 1->2: 54
accepted directly from s0    : 0
Gym endings cumulative       : terminated=946, truncated=0

Starting autonomous greedy evaluation at episode 1000 (1000 fixed-seed episodes)...
[Greedy evaluation at episode 1000 | 1000 fixed-seed episodes]
success=0.0%, failure=0.0%, task reward=0.000, length=435.8
DFA transitions: none
[Unbiased greedy evaluation at episode 1000 | 1000 fixed-seed episodes]
success=0.0%, failure=0.0%, task reward=0.000, length=214.2
DFA transitions: none

[Episode 1100/10000 | last 100]
success rate                : 8.0% (cumulative 5.6%)
failure rate                : 0.0% (cumulative 0.0%)
completed cycles / episode  : 0.000
synthetic task reward       : 800.000
shaping reward              : 1.104
learning reward             : 801.104
episode length              : 122.9
abstract changes / episode  : 13.4
DFA transitions / episode   : 0.08
DFA transitions in window   : 1->2: 8
epsilon (next episode)       : 0.64398
replay buffer                : 119204 samples [1: 100.0%, 2: 0.0%]
DFA state visits in window   : 1: 12384, 2: 8
DFA state visits cumulative  : 1: 120242, 2: 62
DFA state entries in window  : 1: 100, 2: 8
DFA state entries cumulative : 1: 1100, 2: 62
transitions cumulative       : 1->2: 62
accepted directly from s0    : 0
Gym endings cumulative       : terminated=1038, truncated=0

[Episode 1200/10000 | last 100]
success rate                : 13.0% (cumulative 6.2%)
failure rate                : 0.0% (cumulative 0.0%)
completed cycles / episode  : 0.000
synthetic task reward       : 1300.000
shaping reward              : 21.063
learning reward             : 1321.063
episode length              : 119.3
abstract changes / episode  : 13.2
DFA transitions / episode   : 0.13
DFA transitions in window   : 1->2: 13
epsilon (next episode)       : 0.61872
replay buffer                : 131133 samples [1: 100.0%, 2: 0.0%]
DFA state visits in window   : 1: 12016, 2: 13
DFA state visits cumulative  : 1: 132258, 2: 75
DFA state entries in window  : 1: 100, 2: 13
DFA state entries cumulative : 1: 1200, 2: 75
transitions cumulative       : 1->2: 75
accepted directly from s0    : 0
Gym endings cumulative       : terminated=1125, truncated=0

[Episode 1300/10000 | last 100]
success rate                : 11.0% (cumulative 6.6%)
failure rate                : 0.0% (cumulative 0.0%)
completed cycles / episode  : 0.000
synthetic task reward       : 1100.000
shaping reward              : 100.938
learning reward             : 1200.938
episode length              : 125.7
abstract changes / episode  : 13.7
DFA transitions / episode   : 0.11
DFA transitions in window   : 1->2: 11
epsilon (next episode)       : 0.59446
replay buffer                : 143701 samples [1: 100.0%, 2: 0.0%]
DFA state visits in window   : 1: 12657, 2: 11
DFA state visits cumulative  : 1: 144915, 2: 86
DFA state entries in window  : 1: 100, 2: 11
DFA state entries cumulative : 1: 1300, 2: 86
transitions cumulative       : 1->2: 86
accepted directly from s0    : 0
Gym endings cumulative       : terminated=1214, truncated=0

[Episode 1400/10000 | last 100]
success rate                : 13.0% (cumulative 7.1%)
failure rate                : 0.0% (cumulative 0.0%)
completed cycles / episode  : 0.000
synthetic task reward       : 1300.000
shaping reward              : 131.320
learning reward             : 1431.320
episode length              : 125.2
abstract changes / episode  : 13.7
DFA transitions / episode   : 0.13
DFA transitions in window   : 1->2: 13
epsilon (next episode)       : 0.57115
replay buffer                : 156222 samples [1: 100.0%, 2: 0.0%]
DFA state visits in window   : 1: 12608, 2: 13
DFA state visits cumulative  : 1: 157523, 2: 99
DFA state entries in window  : 1: 100, 2: 13
DFA state entries cumulative : 1: 1400, 2: 99
transitions cumulative       : 1->2: 99
accepted directly from s0    : 0
Gym endings cumulative       : terminated=1301, truncated=0

[Episode 1500/10000 | last 100]
success rate                : 18.0% (cumulative 7.8%)
failure rate                : 0.0% (cumulative 0.0%)
completed cycles / episode  : 0.000
synthetic task reward       : 1800.000
shaping reward              : 82.402
learning reward             : 1882.402
episode length              : 128.9
abstract changes / episode  : 13.9
DFA transitions / episode   : 0.18
DFA transitions in window   : 1->2: 18
epsilon (next episode)       : 0.54875
replay buffer                : 169115 samples [1: 100.0%, 2: 0.0%]
DFA state visits in window   : 1: 12975, 2: 18
DFA state visits cumulative  : 1: 170498, 2: 117
DFA state entries in window  : 1: 100, 2: 18
DFA state entries cumulative : 1: 1500, 2: 117
transitions cumulative       : 1->2: 117
accepted directly from s0    : 0
Gym endings cumulative       : terminated=1383, truncated=0

Starting autonomous greedy evaluation at episode 1500 (1000 fixed-seed episodes)...
[Greedy evaluation at episode 1500 | 1000 fixed-seed episodes]
success=79.9%, failure=0.0%, task reward=7990.000, length=135.2
DFA transitions: 1->2: 799
Best policy updated from autonomous greedy evaluation at episode 1500.
[Unbiased greedy evaluation at episode 1500 | 1000 fixed-seed episodes]
success=0.0%, failure=0.0%, task reward=0.000, length=137.4
DFA transitions: none

[Episode 1600/10000 | last 100]
success rate                : 31.0% (cumulative 9.2%)
failure rate                : 0.0% (cumulative 0.0%)
completed cycles / episode  : 0.000
synthetic task reward       : 3100.000
shaping reward              : 208.179
learning reward             : 3308.179
episode length              : 124.5
abstract changes / episode  : 13.0
DFA transitions / episode   : 0.31
DFA transitions in window   : 1->2: 31
epsilon (next episode)       : 0.52722
replay buffer                : 181564 samples [1: 100.0%, 2: 0.0%]
DFA state visits in window   : 1: 12518, 2: 31
DFA state visits cumulative  : 1: 183016, 2: 148
DFA state entries in window  : 1: 100, 2: 31
DFA state entries cumulative : 1: 1600, 2: 148
transitions cumulative       : 1->2: 148
accepted directly from s0    : 0
Gym endings cumulative       : terminated=1452, truncated=0

[Episode 1700/10000 | last 100]
success rate                : 38.0% (cumulative 10.9%)
failure rate                : 0.0% (cumulative 0.0%)
completed cycles / episode  : 0.000
synthetic task reward       : 3800.000
shaping reward              : 232.435
learning reward             : 4032.435
episode length              : 140.3
abstract changes / episode  : 13.4
DFA transitions / episode   : 0.38
DFA transitions in window   : 1->2: 38
epsilon (next episode)       : 0.50655
replay buffer                : 195597 samples [1: 100.0%, 2: 0.0%]
DFA state visits in window   : 1: 14095, 2: 38
DFA state visits cumulative  : 1: 197111, 2: 186
DFA state entries in window  : 1: 100, 2: 38
DFA state entries cumulative : 1: 1700, 2: 186
transitions cumulative       : 1->2: 186
accepted directly from s0    : 0
Gym endings cumulative       : terminated=1514, truncated=0

[Episode 1800/10000 | last 100]
success rate                : 39.0% (cumulative 12.5%)
failure rate                : 0.0% (cumulative 0.0%)
completed cycles / episode  : 0.000
synthetic task reward       : 3900.000
shaping reward              : 236.665
learning reward             : 4136.665
episode length              : 133.4
abstract changes / episode  : 13.5
DFA transitions / episode   : 0.39
DFA transitions in window   : 1->2: 39
epsilon (next episode)       : 0.48668
replay buffer                : 208934 samples [1: 100.0%, 2: 0.0%]
DFA state visits in window   : 1: 13398, 2: 39
DFA state visits cumulative  : 1: 210509, 2: 225
DFA state entries in window  : 1: 100, 2: 39
DFA state entries cumulative : 1: 1800, 2: 225
transitions cumulative       : 1->2: 225
accepted directly from s0    : 0
Gym endings cumulative       : terminated=1575, truncated=0

[Episode 1900/10000 | last 100]
success rate                : 38.0% (cumulative 13.8%)
failure rate                : 0.0% (cumulative 0.0%)
completed cycles / episode  : 0.000
synthetic task reward       : 3800.000
shaping reward              : 215.800
learning reward             : 4015.800
episode length              : 143.0
abstract changes / episode  : 14.0
DFA transitions / episode   : 0.38
DFA transitions in window   : 1->2: 38
epsilon (next episode)       : 0.46760
replay buffer                : 223233 samples [1: 100.0%, 2: 0.0%]
DFA state visits in window   : 1: 14361, 2: 38
DFA state visits cumulative  : 1: 224870, 2: 263
DFA state entries in window  : 1: 100, 2: 38
DFA state entries cumulative : 1: 1900, 2: 263
transitions cumulative       : 1->2: 263
accepted directly from s0    : 0
Gym endings cumulative       : terminated=1637, truncated=0

[Episode 2000/10000 | last 100]
success rate                : 50.0% (cumulative 15.7%)
failure rate                : 0.0% (cumulative 0.0%)
completed cycles / episode  : 0.000
synthetic task reward       : 5000.000
shaping reward              : 296.107
learning reward             : 5296.107
episode length              : 133.4
abstract changes / episode  : 13.3
DFA transitions / episode   : 0.50
DFA transitions in window   : 1->2: 50
epsilon (next episode)       : 0.44926
replay buffer                : 236577 samples [1: 100.0%, 2: 0.0%]
DFA state visits in window   : 1: 13394, 2: 50
DFA state visits cumulative  : 1: 238264, 2: 313
DFA state entries in window  : 1: 100, 2: 50
DFA state entries cumulative : 1: 2000, 2: 313
transitions cumulative       : 1->2: 313
accepted directly from s0    : 0
Gym endings cumulative       : terminated=1687, truncated=0

Starting autonomous greedy evaluation at episode 2000 (1000 fixed-seed episodes)...
[Greedy evaluation at episode 2000 | 1000 fixed-seed episodes]
success=81.0%, failure=0.0%, task reward=8100.000, length=137.5
DFA transitions: 1->2: 810
Best policy updated from autonomous greedy evaluation at episode 2000.
[Unbiased greedy evaluation at episode 2000 | 1000 fixed-seed episodes]
success=0.0%, failure=0.0%, task reward=0.000, length=127.2
DFA transitions: none

[Episode 2100/10000 | last 100]
success rate                : 46.0% (cumulative 17.1%)
failure rate                : 0.0% (cumulative 0.0%)
completed cycles / episode  : 0.000
synthetic task reward       : 4600.000
shaping reward              : 275.327
learning reward             : 4875.327
episode length              : 134.1
abstract changes / episode  : 13.7
DFA transitions / episode   : 0.46
DFA transitions in window   : 1->2: 46
epsilon (next episode)       : 0.43164
replay buffer                : 249983 samples [1: 100.0%, 2: 0.0%]
DFA state visits in window   : 1: 13460, 2: 46
DFA state visits cumulative  : 1: 251724, 2: 359
DFA state entries in window  : 1: 100, 2: 46
DFA state entries cumulative : 1: 2100, 2: 359
transitions cumulative       : 1->2: 359
accepted directly from s0    : 0
Gym endings cumulative       : terminated=1741, truncated=0

[Episode 2200/10000 | last 100]
success rate                : 55.0% (cumulative 18.8%)
failure rate                : 0.0% (cumulative 0.0%)
completed cycles / episode  : 0.000
synthetic task reward       : 5500.000
shaping reward              : 295.074
learning reward             : 5795.074
episode length              : 128.6
abstract changes / episode  : 13.3
DFA transitions / episode   : 0.55
DFA transitions in window   : 1->2: 55
epsilon (next episode)       : 0.41471
replay buffer                : 262844 samples [1: 100.0%, 2: 0.0%]
DFA state visits in window   : 1: 12906, 2: 55
DFA state visits cumulative  : 1: 264630, 2: 414
DFA state entries in window  : 1: 100, 2: 55
DFA state entries cumulative : 1: 2200, 2: 414
transitions cumulative       : 1->2: 414
accepted directly from s0    : 0
Gym endings cumulative       : terminated=1786, truncated=0

[Episode 2300/10000 | last 100]
success rate                : 56.0% (cumulative 20.4%)
failure rate                : 0.0% (cumulative 0.0%)
completed cycles / episode  : 0.000
synthetic task reward       : 5600.000
shaping reward              : 310.521
learning reward             : 5910.521
episode length              : 128.9
abstract changes / episode  : 13.4
DFA transitions / episode   : 0.56
DFA transitions in window   : 1->2: 56
epsilon (next episode)       : 0.39845
replay buffer                : 275735 samples [1: 100.0%, 2: 0.0%]
DFA state visits in window   : 1: 12935, 2: 56
DFA state visits cumulative  : 1: 277565, 2: 470
DFA state entries in window  : 1: 100, 2: 56
DFA state entries cumulative : 1: 2300, 2: 470
transitions cumulative       : 1->2: 470
accepted directly from s0    : 0
Gym endings cumulative       : terminated=1830, truncated=0

[Episode 2400/10000 | last 100]
success rate                : 57.0% (cumulative 22.0%)
failure rate                : 0.0% (cumulative 0.0%)
completed cycles / episode  : 0.000
synthetic task reward       : 5700.000
shaping reward              : 269.291
learning reward             : 5969.291
episode length              : 127.1
abstract changes / episode  : 13.0
DFA transitions / episode   : 0.57
DFA transitions in window   : 1->2: 57
epsilon (next episode)       : 0.38282
replay buffer                : 288444 samples [1: 100.0%, 2: 0.0%]
DFA state visits in window   : 1: 12752, 2: 57
DFA state visits cumulative  : 1: 290317, 2: 527
DFA state entries in window  : 1: 100, 2: 57
DFA state entries cumulative : 1: 2400, 2: 527
transitions cumulative       : 1->2: 527
accepted directly from s0    : 0
Gym endings cumulative       : terminated=1873, truncated=0

[Episode 2500/10000 | last 100]
success rate                : 67.0% (cumulative 23.8%)
failure rate                : 0.0% (cumulative 0.0%)
completed cycles / episode  : 0.000
synthetic task reward       : 6700.000
shaping reward              : 324.615
learning reward             : 7024.615
episode length              : 122.1
abstract changes / episode  : 12.2
DFA transitions / episode   : 0.67
DFA transitions in window   : 1->2: 67
epsilon (next episode)       : 0.36781
replay buffer                : 300000 samples [1: 100.0%, 2: 0.0%]
DFA state visits in window   : 1: 12239, 2: 67
DFA state visits cumulative  : 1: 302556, 2: 594
DFA state entries in window  : 1: 100, 2: 67
DFA state entries cumulative : 1: 2500, 2: 594
transitions cumulative       : 1->2: 594
accepted directly from s0    : 0
Gym endings cumulative       : terminated=1906, truncated=0

Starting autonomous greedy evaluation at episode 2500 (1000 fixed-seed episodes)...
[Greedy evaluation at episode 2500 | 1000 fixed-seed episodes]
success=98.0%, failure=0.0%, task reward=9800.000, length=149.7
DFA transitions: 1->2: 980
Best policy updated from autonomous greedy evaluation at episode 2500.
[Unbiased greedy evaluation at episode 2500 | 1000 fixed-seed episodes]
success=0.0%, failure=0.0%, task reward=0.000, length=125.9
DFA transitions: none

[Episode 2600/10000 | last 100]
success rate                : 69.0% (cumulative 25.5%)
failure rate                : 0.0% (cumulative 0.0%)
completed cycles / episode  : 0.000
synthetic task reward       : 6900.000
shaping reward              : 311.558
learning reward             : 7211.558
episode length              : 123.5
abstract changes / episode  : 12.2
DFA transitions / episode   : 0.69
DFA transitions in window   : 1->2: 69
epsilon (next episode)       : 0.35338
replay buffer                : 300000 samples [1: 100.0%, 2: 0.0%]
DFA state visits in window   : 1: 12378, 2: 69
DFA state visits cumulative  : 1: 314934, 2: 663
DFA state entries in window  : 1: 100, 2: 69
DFA state entries cumulative : 1: 2600, 2: 663
transitions cumulative       : 1->2: 663
accepted directly from s0    : 0
Gym endings cumulative       : terminated=1937, truncated=0

[Episode 2700/10000 | last 100]
success rate                : 70.0% (cumulative 27.1%)
failure rate                : 0.0% (cumulative 0.0%)
completed cycles / episode  : 0.000
synthetic task reward       : 7000.000
shaping reward              : 314.309
learning reward             : 7314.309
episode length              : 130.6
abstract changes / episode  : 13.0
DFA transitions / episode   : 0.70
DFA transitions in window   : 1->2: 70
epsilon (next episode)       : 0.33952
replay buffer                : 300000 samples [1: 100.0%, 2: 0.0%]
DFA state visits in window   : 1: 13090, 2: 70
DFA state visits cumulative  : 1: 328024, 2: 733
DFA state entries in window  : 1: 100, 2: 70
DFA state entries cumulative : 1: 2700, 2: 733
transitions cumulative       : 1->2: 733
accepted directly from s0    : 0
Gym endings cumulative       : terminated=1967, truncated=0

[Episode 2800/10000 | last 100]
success rate                : 78.0% (cumulative 29.0%)
failure rate                : 0.0% (cumulative 0.0%)
completed cycles / episode  : 0.000
synthetic task reward       : 7800.000
shaping reward              : 354.238
learning reward             : 8154.238
episode length              : 128.3
abstract changes / episode  : 12.6
DFA transitions / episode   : 0.78
DFA transitions in window   : 1->2: 78
epsilon (next episode)       : 0.32621
replay buffer                : 300000 samples [1: 100.0%, 2: 0.0%]
DFA state visits in window   : 1: 12853, 2: 78
DFA state visits cumulative  : 1: 340877, 2: 811
DFA state entries in window  : 1: 100, 2: 78
DFA state entries cumulative : 1: 2800, 2: 811
transitions cumulative       : 1->2: 811
accepted directly from s0    : 0
Gym endings cumulative       : terminated=1989, truncated=0

[Episode 2900/10000 | last 100]
success rate                : 87.0% (cumulative 31.0%)
failure rate                : 0.0% (cumulative 0.0%)
completed cycles / episode  : 0.000
synthetic task reward       : 8700.000
shaping reward              : 406.282
learning reward             : 9106.282
episode length              : 125.9
abstract changes / episode  : 12.8
DFA transitions / episode   : 0.87
DFA transitions in window   : 1->2: 87
epsilon (next episode)       : 0.31341
replay buffer                : 300000 samples [1: 100.0%, 2: 0.0%]
DFA state visits in window   : 1: 12607, 2: 87
DFA state visits cumulative  : 1: 353484, 2: 898
DFA state entries in window  : 1: 100, 2: 87
DFA state entries cumulative : 1: 2900, 2: 898
transitions cumulative       : 1->2: 898
accepted directly from s0    : 0
Gym endings cumulative       : terminated=2002, truncated=0

[Episode 3000/10000 | last 100]
success rate                : 83.0% (cumulative 32.7%)
failure rate                : 0.0% (cumulative 0.0%)
completed cycles / episode  : 0.000
synthetic task reward       : 8300.000
shaping reward              : 410.736
learning reward             : 8710.736
episode length              : 115.0
abstract changes / episode  : 12.0
DFA transitions / episode   : 0.83
DFA transitions in window   : 1->2: 83
epsilon (next episode)       : 0.30112
replay buffer                : 300000 samples [1: 100.0%, 2: 0.0%]
DFA state visits in window   : 1: 11517, 2: 83
DFA state visits cumulative  : 1: 365001, 2: 981
DFA state entries in window  : 1: 100, 2: 83
DFA state entries cumulative : 1: 3000, 2: 981
transitions cumulative       : 1->2: 981
accepted directly from s0    : 0
Gym endings cumulative       : terminated=2019, truncated=0

Starting autonomous greedy evaluation at episode 3000 (1000 fixed-seed episodes)...
[Greedy evaluation at episode 3000 | 1000 fixed-seed episodes]
success=100.0%, failure=0.0%, task reward=10000.000, length=109.0
DFA transitions: 1->2: 1000
Best policy updated from autonomous greedy evaluation at episode 3000.
[Unbiased greedy evaluation at episode 3000 | 1000 fixed-seed episodes]
success=0.0%, failure=0.0%, task reward=0.000, length=125.2
DFA transitions: none

[Episode 3100/10000 | last 100]
success rate                : 80.0% (cumulative 34.2%)
failure rate                : 0.0% (cumulative 0.0%)
completed cycles / episode  : 0.000
synthetic task reward       : 8000.000
shaping reward              : 431.324
learning reward             : 8431.324
episode length              : 118.5
abstract changes / episode  : 12.6
DFA transitions / episode   : 0.80
DFA transitions in window   : 1->2: 80
epsilon (next episode)       : 0.28931
replay buffer                : 300000 samples [1: 100.0%, 2: 0.0%]
DFA state visits in window   : 1: 11868, 2: 80
DFA state visits cumulative  : 1: 376869, 2: 1061
DFA state entries in window  : 1: 100, 2: 80
DFA state entries cumulative : 1: 3100, 2: 1061
transitions cumulative       : 1->2: 1061
accepted directly from s0    : 0
Gym endings cumulative       : terminated=2039, truncated=0

[Episode 3200/10000 | last 100]
success rate                : 77.0% (cumulative 35.6%)
failure rate                : 0.0% (cumulative 0.0%)
completed cycles / episode  : 0.000
synthetic task reward       : 7700.000
shaping reward              : 424.828
learning reward             : 8124.828
episode length              : 118.6
abstract changes / episode  : 12.3
DFA transitions / episode   : 0.77
DFA transitions in window   : 1->2: 77
epsilon (next episode)       : 0.27797
replay buffer                : 300000 samples [1: 100.0%, 2: 0.0%]
DFA state visits in window   : 1: 11883, 2: 77
DFA state visits cumulative  : 1: 388752, 2: 1138
DFA state entries in window  : 1: 100, 2: 77
DFA state entries cumulative : 1: 3200, 2: 1138
transitions cumulative       : 1->2: 1138
accepted directly from s0    : 0
Gym endings cumulative       : terminated=2062, truncated=0

[Episode 3300/10000 | last 100]
success rate                : 64.0% (cumulative 36.4%)
failure rate                : 0.0% (cumulative 0.0%)
completed cycles / episode  : 0.000
synthetic task reward       : 6400.000
shaping reward              : 404.881
learning reward             : 6804.881
episode length              : 121.0
abstract changes / episode  : 12.5
DFA transitions / episode   : 0.64
DFA transitions in window   : 1->2: 64
epsilon (next episode)       : 0.26706
replay buffer                : 300000 samples [1: 100.0%, 2: 0.0%]
DFA state visits in window   : 1: 12137, 2: 64
DFA state visits cumulative  : 1: 400889, 2: 1202
DFA state entries in window  : 1: 100, 2: 64
DFA state entries cumulative : 1: 3300, 2: 1202
transitions cumulative       : 1->2: 1202
accepted directly from s0    : 0
Gym endings cumulative       : terminated=2098, truncated=0

[Episode 3400/10000 | last 100]
success rate                : 82.0% (cumulative 37.8%)
failure rate                : 0.0% (cumulative 0.0%)
completed cycles / episode  : 0.000
synthetic task reward       : 8200.000
shaping reward              : 454.398
learning reward             : 8654.398
episode length              : 122.1
abstract changes / episode  : 12.6
DFA transitions / episode   : 0.82
DFA transitions in window   : 1->2: 82
epsilon (next episode)       : 0.25659
replay buffer                : 300000 samples [1: 100.0%, 2: 0.0%]
DFA state visits in window   : 1: 12224, 2: 82
DFA state visits cumulative  : 1: 413113, 2: 1284
DFA state entries in window  : 1: 100, 2: 82
DFA state entries cumulative : 1: 3400, 2: 1284
transitions cumulative       : 1->2: 1284
accepted directly from s0    : 0
Gym endings cumulative       : terminated=2116, truncated=0

[Episode 3500/10000 | last 100]
success rate                : 80.0% (cumulative 39.0%)
failure rate                : 0.0% (cumulative 0.0%)
completed cycles / episode  : 0.000
synthetic task reward       : 8000.000
shaping reward              : 443.817
learning reward             : 8443.817
episode length              : 122.6
abstract changes / episode  : 13.2
DFA transitions / episode   : 0.80
DFA transitions in window   : 1->2: 80
epsilon (next episode)       : 0.24653
replay buffer                : 300000 samples [1: 100.0%, 2: 0.0%]
DFA state visits in window   : 1: 12277, 2: 80
DFA state visits cumulative  : 1: 425390, 2: 1364
DFA state entries in window  : 1: 100, 2: 80
DFA state entries cumulative : 1: 3500, 2: 1364
transitions cumulative       : 1->2: 1364
accepted directly from s0    : 0
Gym endings cumulative       : terminated=2136, truncated=0

Starting autonomous greedy evaluation at episode 3500 (1000 fixed-seed episodes)...
[Greedy evaluation at episode 3500 | 1000 fixed-seed episodes]
success=91.9%, failure=0.0%, task reward=9190.000, length=107.3
DFA transitions: 1->2: 919
[Unbiased greedy evaluation at episode 3500 | 1000 fixed-seed episodes]
success=0.0%, failure=0.0%, task reward=0.000, length=125.7
DFA transitions: none

[Episode 3600/10000 | last 100]
success rate                : 87.0% (cumulative 40.3%)
failure rate                : 0.0% (cumulative 0.0%)
completed cycles / episode  : 0.000
synthetic task reward       : 8700.000
shaping reward              : 441.314
learning reward             : 9141.314
episode length              : 118.8
abstract changes / episode  : 12.6
DFA transitions / episode   : 0.87
DFA transitions in window   : 1->2: 87
epsilon (next episode)       : 0.23686
replay buffer                : 300000 samples [1: 100.0%, 2: 0.0%]
DFA state visits in window   : 1: 11890, 2: 87
DFA state visits cumulative  : 1: 437280, 2: 1451
DFA state entries in window  : 1: 100, 2: 87
DFA state entries cumulative : 1: 3600, 2: 1451
transitions cumulative       : 1->2: 1451
accepted directly from s0    : 0
Gym endings cumulative       : terminated=2149, truncated=0

[Episode 3700/10000 | last 100]
success rate                : 80.0% (cumulative 41.4%)
failure rate                : 0.0% (cumulative 0.0%)
completed cycles / episode  : 0.000
synthetic task reward       : 8000.000
shaping reward              : 432.324
learning reward             : 8432.324
episode length              : 117.7
abstract changes / episode  : 12.7
DFA transitions / episode   : 0.80
DFA transitions in window   : 1->2: 80
epsilon (next episode)       : 0.22757
replay buffer                : 300000 samples [1: 100.0%, 2: 0.0%]
DFA state visits in window   : 1: 11789, 2: 80
DFA state visits cumulative  : 1: 449069, 2: 1531
DFA state entries in window  : 1: 100, 2: 80
DFA state entries cumulative : 1: 3700, 2: 1531
transitions cumulative       : 1->2: 1531
accepted directly from s0    : 0
Gym endings cumulative       : terminated=2169, truncated=0

[Episode 3800/10000 | last 100]
success rate                : 87.0% (cumulative 42.6%)
failure rate                : 0.0% (cumulative 0.0%)
completed cycles / episode  : 0.000
synthetic task reward       : 8700.000
shaping reward              : 467.288
learning reward             : 9167.288
episode length              : 125.3
abstract changes / episode  : 13.2
DFA transitions / episode   : 0.87
DFA transitions in window   : 1->2: 87
epsilon (next episode)       : 0.21865
replay buffer                : 300000 samples [1: 100.0%, 2: 0.0%]
DFA state visits in window   : 1: 12540, 2: 87
DFA state visits cumulative  : 1: 461609, 2: 1618
DFA state entries in window  : 1: 100, 2: 87
DFA state entries cumulative : 1: 3800, 2: 1618
transitions cumulative       : 1->2: 1618
accepted directly from s0    : 0
Gym endings cumulative       : terminated=2182, truncated=0

[Episode 3900/10000 | last 100]
success rate                : 93.0% (cumulative 43.9%)
failure rate                : 0.0% (cumulative 0.0%)
completed cycles / episode  : 0.000
synthetic task reward       : 9300.000
shaping reward              : 454.474
learning reward             : 9754.474
episode length              : 106.8
abstract changes / episode  : 11.2
DFA transitions / episode   : 0.93
DFA transitions in window   : 1->2: 93
epsilon (next episode)       : 0.21007
replay buffer                : 300000 samples [1: 100.0%, 2: 0.0%]
DFA state visits in window   : 1: 10683, 2: 93
DFA state visits cumulative  : 1: 472292, 2: 1711
DFA state entries in window  : 1: 100, 2: 93
DFA state entries cumulative : 1: 3900, 2: 1711
transitions cumulative       : 1->2: 1711
accepted directly from s0    : 0
Gym endings cumulative       : terminated=2189, truncated=0

[Episode 4000/10000 | last 100]
success rate                : 94.0% (cumulative 45.1%)
failure rate                : 0.0% (cumulative 0.0%)
completed cycles / episode  : 0.000
synthetic task reward       : 9400.000
shaping reward              : 472.578
learning reward             : 9872.578
episode length              : 116.6
abstract changes / episode  : 12.3
DFA transitions / episode   : 0.94
DFA transitions in window   : 1->2: 94
epsilon (next episode)       : 0.20183
replay buffer                : 300000 samples [1: 100.0%, 2: 0.0%]
DFA state visits in window   : 1: 11662, 2: 94
DFA state visits cumulative  : 1: 483954, 2: 1805
DFA state entries in window  : 1: 100, 2: 94
DFA state entries cumulative : 1: 4000, 2: 1805
transitions cumulative       : 1->2: 1805
accepted directly from s0    : 0
Gym endings cumulative       : terminated=2195, truncated=0

Starting autonomous greedy evaluation at episode 4000 (1000 fixed-seed episodes)...
[Greedy evaluation at episode 4000 | 1000 fixed-seed episodes]
success=100.0%, failure=0.0%, task reward=10000.000, length=104.6
DFA transitions: 1->2: 1000
Best policy updated from autonomous greedy evaluation at episode 4000.
[Unbiased greedy evaluation at episode 4000 | 1000 fixed-seed episodes]
success=0.0%, failure=0.0%, task reward=0.000, length=125.4
DFA transitions: none

[Episode 4100/10000 | last 100]
success rate                : 93.0% (cumulative 46.3%)
failure rate                : 0.0% (cumulative 0.0%)
completed cycles / episode  : 0.000
synthetic task reward       : 9300.000
shaping reward              : 457.414
learning reward             : 9757.414
episode length              : 117.3
abstract changes / episode  : 12.1
DFA transitions / episode   : 0.93
DFA transitions in window   : 1->2: 93
epsilon (next episode)       : 0.19392
replay buffer                : 300000 samples [1: 100.0%, 2: 0.0%]
DFA state visits in window   : 1: 11735, 2: 93
DFA state visits cumulative  : 1: 495689, 2: 1898
DFA state entries in window  : 1: 100, 2: 93
DFA state entries cumulative : 1: 4100, 2: 1898
transitions cumulative       : 1->2: 1898
accepted directly from s0    : 0
Gym endings cumulative       : terminated=2202, truncated=0

[Episode 4200/10000 | last 100]
success rate                : 98.0% (cumulative 47.5%)
failure rate                : 0.0% (cumulative 0.0%)
completed cycles / episode  : 0.000
synthetic task reward       : 9800.000
shaping reward              : 487.110
learning reward             : 10287.110
episode length              : 110.0
abstract changes / episode  : 11.2
DFA transitions / episode   : 0.98
DFA transitions in window   : 1->2: 98
epsilon (next episode)       : 0.18631
replay buffer                : 300000 samples [1: 100.0%, 2: 0.0%]
DFA state visits in window   : 1: 11006, 2: 98
DFA state visits cumulative  : 1: 506695, 2: 1996
DFA state entries in window  : 1: 100, 2: 98
DFA state entries cumulative : 1: 4200, 2: 1996
transitions cumulative       : 1->2: 1996
accepted directly from s0    : 0
Gym endings cumulative       : terminated=2204, truncated=0

[Episode 4300/10000 | last 100]
success rate                : 97.0% (cumulative 48.7%)
failure rate                : 0.0% (cumulative 0.0%)
completed cycles / episode  : 0.000
synthetic task reward       : 9700.000
shaping reward              : 484.139
learning reward             : 10184.139
episode length              : 109.6
abstract changes / episode  : 11.9
DFA transitions / episode   : 0.97
DFA transitions in window   : 1->2: 97
epsilon (next episode)       : 0.17900
replay buffer                : 300000 samples [1: 100.0%, 2: 0.0%]
DFA state visits in window   : 1: 10965, 2: 97
DFA state visits cumulative  : 1: 517660, 2: 2093
DFA state entries in window  : 1: 100, 2: 97
DFA state entries cumulative : 1: 4300, 2: 2093
transitions cumulative       : 1->2: 2093
accepted directly from s0    : 0
Gym endings cumulative       : terminated=2207, truncated=0

[Episode 4400/10000 | last 100]
success rate                : 99.0% (cumulative 49.8%)
failure rate                : 0.0% (cumulative 0.0%)
completed cycles / episode  : 0.000
synthetic task reward       : 9900.000
shaping reward              : 488.110
learning reward             : 10388.110
episode length              : 101.1
abstract changes / episode  : 10.5
DFA transitions / episode   : 0.99
DFA transitions in window   : 1->2: 99
epsilon (next episode)       : 0.17198
replay buffer                : 300000 samples [1: 100.0%, 2: 0.0%]
DFA state visits in window   : 1: 10111, 2: 99
DFA state visits cumulative  : 1: 527771, 2: 2192
DFA state entries in window  : 1: 100, 2: 99
DFA state entries cumulative : 1: 4400, 2: 2192
transitions cumulative       : 1->2: 2192
accepted directly from s0    : 0
Gym endings cumulative       : terminated=2208, truncated=0

[Episode 4500/10000 | last 100]
success rate                : 98.0% (cumulative 50.9%)
failure rate                : 0.0% (cumulative 0.0%)
completed cycles / episode  : 0.000
synthetic task reward       : 9800.000
shaping reward              : 479.538
learning reward             : 10279.538
episode length              : 105.5
abstract changes / episode  : 10.8
DFA transitions / episode   : 0.98
DFA transitions in window   : 1->2: 98
epsilon (next episode)       : 0.16524
replay buffer                : 300000 samples [1: 100.0%, 2: 0.0%]
DFA state visits in window   : 1: 10553, 2: 98
DFA state visits cumulative  : 1: 538324, 2: 2290
DFA state entries in window  : 1: 100, 2: 98
DFA state entries cumulative : 1: 4500, 2: 2290
transitions cumulative       : 1->2: 2290
accepted directly from s0    : 0
Gym endings cumulative       : terminated=2210, truncated=0

Starting autonomous greedy evaluation at episode 4500 (1000 fixed-seed episodes)...
[Greedy evaluation at episode 4500 | 1000 fixed-seed episodes]
success=98.7%, failure=0.0%, task reward=9870.000, length=106.6
DFA transitions: 1->2: 987
[Unbiased greedy evaluation at episode 4500 | 1000 fixed-seed episodes]
success=0.0%, failure=0.0%, task reward=0.000, length=124.6
DFA transitions: none

[Episode 4600/10000 | last 100]
success rate                : 99.0% (cumulative 51.9%)
failure rate                : 0.0% (cumulative 0.0%)
completed cycles / episode  : 0.000
synthetic task reward       : 9900.000
shaping reward              : 486.159
learning reward             : 10386.159
episode length              : 107.3
abstract changes / episode  : 10.9
DFA transitions / episode   : 0.99
DFA transitions in window   : 1->2: 99
epsilon (next episode)       : 0.15876
replay buffer                : 300000 samples [1: 100.0%, 2: 0.0%]
DFA state visits in window   : 1: 10732, 2: 99
DFA state visits cumulative  : 1: 549056, 2: 2389
DFA state entries in window  : 1: 100, 2: 99
DFA state entries cumulative : 1: 4600, 2: 2389
transitions cumulative       : 1->2: 2389
accepted directly from s0    : 0
Gym endings cumulative       : terminated=2211, truncated=0

[Episode 4700/10000 | last 100]
success rate                : 93.0% (cumulative 52.8%)
failure rate                : 0.0% (cumulative 0.0%)
completed cycles / episode  : 0.000
synthetic task reward       : 9300.000
shaping reward              : 463.737
learning reward             : 9763.737
episode length              : 102.2
abstract changes / episode  : 11.1
DFA transitions / episode   : 0.93
DFA transitions in window   : 1->2: 93
epsilon (next episode)       : 0.15253
replay buffer                : 300000 samples [1: 100.0%, 2: 0.0%]
DFA state visits in window   : 1: 10231, 2: 93
DFA state visits cumulative  : 1: 559287, 2: 2482
DFA state entries in window  : 1: 100, 2: 93
DFA state entries cumulative : 1: 4700, 2: 2482
transitions cumulative       : 1->2: 2482
accepted directly from s0    : 0
Gym endings cumulative       : terminated=2218, truncated=0

[Episode 4800/10000 | last 100]
success rate                : 97.0% (cumulative 53.7%)
failure rate                : 0.0% (cumulative 0.0%)
completed cycles / episode  : 0.000
synthetic task reward       : 9700.000
shaping reward              : 485.129
learning reward             : 10185.129
episode length              : 108.3
abstract changes / episode  : 11.5
DFA transitions / episode   : 0.97
DFA transitions in window   : 1->2: 97
epsilon (next episode)       : 0.14655
replay buffer                : 300000 samples [1: 100.0%, 2: 0.0%]
DFA state visits in window   : 1: 10833, 2: 97
DFA state visits cumulative  : 1: 570120, 2: 2579
DFA state entries in window  : 1: 100, 2: 97
DFA state entries cumulative : 1: 4800, 2: 2579
transitions cumulative       : 1->2: 2579
accepted directly from s0    : 0
Gym endings cumulative       : terminated=2221, truncated=0

[Episode 4900/10000 | last 100]
success rate                : 98.0% (cumulative 54.6%)
failure rate                : 0.0% (cumulative 0.0%)
completed cycles / episode  : 0.000
synthetic task reward       : 9800.000
shaping reward              : 486.120
learning reward             : 10286.120
episode length              : 107.5
abstract changes / episode  : 11.3
DFA transitions / episode   : 0.98
DFA transitions in window   : 1->2: 98
epsilon (next episode)       : 0.14080
replay buffer                : 300000 samples [1: 100.0%, 2: 0.0%]
DFA state visits in window   : 1: 10757, 2: 98
DFA state visits cumulative  : 1: 580877, 2: 2677
DFA state entries in window  : 1: 100, 2: 98
DFA state entries cumulative : 1: 4900, 2: 2677
transitions cumulative       : 1->2: 2677
accepted directly from s0    : 0
Gym endings cumulative       : terminated=2223, truncated=0

[Episode 5000/10000 | last 100]
success rate                : 97.0% (cumulative 55.5%)
failure rate                : 0.0% (cumulative 0.0%)
completed cycles / episode  : 0.000
synthetic task reward       : 9700.000
shaping reward              : 481.219
learning reward             : 10181.219
episode length              : 105.0
abstract changes / episode  : 11.1
DFA transitions / episode   : 0.97
DFA transitions in window   : 1->2: 97
epsilon (next episode)       : 0.13528
replay buffer                : 300000 samples [1: 100.0%, 2: 0.0%]
DFA state visits in window   : 1: 10498, 2: 97
DFA state visits cumulative  : 1: 591375, 2: 2774
DFA state entries in window  : 1: 100, 2: 97
DFA state entries cumulative : 1: 5000, 2: 2774
transitions cumulative       : 1->2: 2774
accepted directly from s0    : 0
Gym endings cumulative       : terminated=2226, truncated=0

Starting autonomous greedy evaluation at episode 5000 (1000 fixed-seed episodes)...
[Greedy evaluation at episode 5000 | 1000 fixed-seed episodes]
success=99.4%, failure=0.0%, task reward=9940.000, length=104.8
DFA transitions: 1->2: 994
[Unbiased greedy evaluation at episode 5000 | 1000 fixed-seed episodes]
success=0.0%, failure=0.0%, task reward=0.000, length=124.6
DFA transitions: none

[Episode 5100/10000 | last 100]
success rate                : 98.0% (cumulative 56.3%)
failure rate                : 0.0% (cumulative 0.0%)
completed cycles / episode  : 0.000
synthetic task reward       : 9800.000
shaping reward              : 487.110
learning reward             : 10287.110
episode length              : 105.0
abstract changes / episode  : 10.7
DFA transitions / episode   : 0.98
DFA transitions in window   : 1->2: 98
epsilon (next episode)       : 0.12998
replay buffer                : 300000 samples [1: 100.0%, 2: 0.0%]
DFA state visits in window   : 1: 10501, 2: 98
DFA state visits cumulative  : 1: 601876, 2: 2872
DFA state entries in window  : 1: 100, 2: 98
DFA state entries cumulative : 1: 5100, 2: 2872
transitions cumulative       : 1->2: 2872
accepted directly from s0    : 0
Gym endings cumulative       : terminated=2228, truncated=0

[Episode 5200/10000 | last 100]
success rate                : 97.0% (cumulative 57.1%)
failure rate                : 0.0% (cumulative 0.0%)
completed cycles / episode  : 0.000
synthetic task reward       : 9700.000
shaping reward              : 487.100
learning reward             : 10187.100
episode length              : 114.3
abstract changes / episode  : 12.1
DFA transitions / episode   : 0.97
DFA transitions in window   : 1->2: 97
epsilon (next episode)       : 0.12488
replay buffer                : 300000 samples [1: 100.0%, 2: 0.0%]
DFA state visits in window   : 1: 11438, 2: 97
DFA state visits cumulative  : 1: 613314, 2: 2969
DFA state entries in window  : 1: 100, 2: 97
DFA state entries cumulative : 1: 5200, 2: 2969
transitions cumulative       : 1->2: 2969
accepted directly from s0    : 0
Gym endings cumulative       : terminated=2231, truncated=0

[Episode 5300/10000 | last 100]
success rate                : 99.0% (cumulative 57.9%)
failure rate                : 0.0% (cumulative 0.0%)
completed cycles / episode  : 0.000
synthetic task reward       : 9900.000
shaping reward              : 489.100
learning reward             : 10389.100
episode length              : 108.3
abstract changes / episode  : 11.1
DFA transitions / episode   : 0.99
DFA transitions in window   : 1->2: 99
epsilon (next episode)       : 0.11998
replay buffer                : 300000 samples [1: 100.0%, 2: 0.0%]
DFA state visits in window   : 1: 10834, 2: 99
DFA state visits cumulative  : 1: 624148, 2: 3068
DFA state entries in window  : 1: 100, 2: 99
DFA state entries cumulative : 1: 5300, 2: 3068
transitions cumulative       : 1->2: 3068
accepted directly from s0    : 0
Gym endings cumulative       : terminated=2232, truncated=0

[Episode 5400/10000 | last 100]
success rate                : 97.0% (cumulative 58.6%)
failure rate                : 0.0% (cumulative 0.0%)
completed cycles / episode  : 0.000
synthetic task reward       : 9700.000
shaping reward              : 476.568
learning reward             : 10176.568
episode length              : 98.7
abstract changes / episode  : 10.8
DFA transitions / episode   : 0.97
DFA transitions in window   : 1->2: 97
epsilon (next episode)       : 0.11528
replay buffer                : 300000 samples [1: 100.0%, 2: 0.0%]
DFA state visits in window   : 1: 9876, 2: 97
DFA state visits cumulative  : 1: 634024, 2: 3165
DFA state entries in window  : 1: 100, 2: 97
DFA state entries cumulative : 1: 5400, 2: 3165
transitions cumulative       : 1->2: 3165
accepted directly from s0    : 0
Gym endings cumulative       : terminated=2235, truncated=0

[Episode 5500/10000 | last 100]
success rate                : 97.0% (cumulative 59.3%)
failure rate                : 0.0% (cumulative 0.0%)
completed cycles / episode  : 0.000
synthetic task reward       : 9700.000
shaping reward              : 473.686
learning reward             : 10173.686
episode length              : 108.0
abstract changes / episode  : 11.8
DFA transitions / episode   : 0.97
DFA transitions in window   : 1->2: 97
epsilon (next episode)       : 0.11075
replay buffer                : 300000 samples [1: 100.0%, 2: 0.0%]
DFA state visits in window   : 1: 10804, 2: 97
DFA state visits cumulative  : 1: 644828, 2: 3262
DFA state entries in window  : 1: 100, 2: 97
DFA state entries cumulative : 1: 5500, 2: 3262
transitions cumulative       : 1->2: 3262
accepted directly from s0    : 0
Gym endings cumulative       : terminated=2238, truncated=0

Starting autonomous greedy evaluation at episode 5500 (1000 fixed-seed episodes)...
[Greedy evaluation at episode 5500 | 1000 fixed-seed episodes]
success=94.2%, failure=0.0%, task reward=9420.000, length=99.9
DFA transitions: 1->2: 942
[Unbiased greedy evaluation at episode 5500 | 1000 fixed-seed episodes]
success=0.0%, failure=0.0%, task reward=0.000, length=124.5
DFA transitions: none

[Episode 5600/10000 | last 100]
success rate                : 98.0% (cumulative 60.0%)
failure rate                : 0.0% (cumulative 0.0%)
completed cycles / episode  : 0.000
synthetic task reward       : 9800.000
shaping reward              : 480.307
learning reward             : 10280.307
episode length              : 104.9
abstract changes / episode  : 11.5
DFA transitions / episode   : 0.98
DFA transitions in window   : 1->2: 98
epsilon (next episode)       : 0.10641
replay buffer                : 300000 samples [1: 100.0%, 2: 0.0%]
DFA state visits in window   : 1: 10496, 2: 98
DFA state visits cumulative  : 1: 655324, 2: 3360
DFA state entries in window  : 1: 100, 2: 98
DFA state entries cumulative : 1: 5600, 2: 3360
transitions cumulative       : 1->2: 3360
accepted directly from s0    : 0
Gym endings cumulative       : terminated=2240, truncated=0

[Episode 5700/10000 | last 100]
success rate                : 91.0% (cumulative 60.5%)
failure rate                : 0.0% (cumulative 0.0%)
completed cycles / episode  : 0.000
synthetic task reward       : 9100.000
shaping reward              : 431.134
learning reward             : 9531.134
episode length              : 108.1
abstract changes / episode  : 11.8
DFA transitions / episode   : 0.91
DFA transitions in window   : 1->2: 91
epsilon (next episode)       : 0.10224
replay buffer                : 300000 samples [1: 100.0%, 2: 0.0%]
DFA state visits in window   : 1: 10820, 2: 91
DFA state visits cumulative  : 1: 666144, 2: 3451
DFA state entries in window  : 1: 100, 2: 91
DFA state entries cumulative : 1: 5700, 2: 3451
transitions cumulative       : 1->2: 3451
accepted directly from s0    : 0
Gym endings cumulative       : terminated=2249, truncated=0

[Episode 5800/10000 | last 100]
success rate                : 94.0% (cumulative 61.1%)
failure rate                : 0.0% (cumulative 0.0%)
completed cycles / episode  : 0.000
synthetic task reward       : 9400.000
shaping reward              : 451.429
learning reward             : 9851.429
episode length              : 102.3
abstract changes / episode  : 11.1
DFA transitions / episode   : 0.94
DFA transitions in window   : 1->2: 94
epsilon (next episode)       : 0.09823
replay buffer                : 300000 samples [1: 100.0%, 2: 0.0%]
DFA state visits in window   : 1: 10239, 2: 94
DFA state visits cumulative  : 1: 676383, 2: 3545
DFA state entries in window  : 1: 100, 2: 94
DFA state entries cumulative : 1: 5800, 2: 3545
transitions cumulative       : 1->2: 3545
accepted directly from s0    : 0
Gym endings cumulative       : terminated=2255, truncated=0

[Episode 5900/10000 | last 100]
success rate                : 99.0% (cumulative 61.8%)
failure rate                : 0.0% (cumulative 0.0%)
completed cycles / episode  : 0.000
synthetic task reward       : 9900.000
shaping reward              : 486.159
learning reward             : 10386.159
episode length              : 105.2
abstract changes / episode  : 11.3
DFA transitions / episode   : 0.99
DFA transitions in window   : 1->2: 99
epsilon (next episode)       : 0.09438
replay buffer                : 300000 samples [1: 100.0%, 2: 0.0%]
DFA state visits in window   : 1: 10521, 2: 99
DFA state visits cumulative  : 1: 686904, 2: 3644
DFA state entries in window  : 1: 100, 2: 99
DFA state entries cumulative : 1: 5900, 2: 3644
transitions cumulative       : 1->2: 3644
accepted directly from s0    : 0
Gym endings cumulative       : terminated=2256, truncated=0

[Episode 6000/10000 | last 100]
success rate                : 93.0% (cumulative 62.3%)
failure rate                : 0.0% (cumulative 0.0%)
completed cycles / episode  : 0.000
synthetic task reward       : 9300.000
shaping reward              : 462.565
learning reward             : 9762.565
episode length              : 101.1
abstract changes / episode  : 11.5
DFA transitions / episode   : 0.93
DFA transitions in window   : 1->2: 93
epsilon (next episode)       : 0.09067
replay buffer                : 300000 samples [1: 100.0%, 2: 0.0%]
DFA state visits in window   : 1: 10115, 2: 93
DFA state visits cumulative  : 1: 697019, 2: 3737
DFA state entries in window  : 1: 100, 2: 93
DFA state entries cumulative : 1: 6000, 2: 3737
transitions cumulative       : 1->2: 3737
accepted directly from s0    : 0
Gym endings cumulative       : terminated=2263, truncated=0

Starting autonomous greedy evaluation at episode 6000 (1000 fixed-seed episodes)...
[Greedy evaluation at episode 6000 | 1000 fixed-seed episodes]
success=99.1%, failure=0.0%, task reward=9910.000, length=93.7
DFA transitions: 1->2: 991
[Unbiased greedy evaluation at episode 6000 | 1000 fixed-seed episodes]
success=0.0%, failure=0.0%, task reward=0.000, length=124.5
DFA transitions: none

[Episode 6100/10000 | last 100]
success rate                : 93.0% (cumulative 62.8%)
failure rate                : 0.0% (cumulative 0.0%)
completed cycles / episode  : 0.000
synthetic task reward       : 9300.000
shaping reward              : 467.378
learning reward             : 9767.378
episode length              : 100.2
abstract changes / episode  : 11.7
DFA transitions / episode   : 0.93
DFA transitions in window   : 1->2: 93
epsilon (next episode)       : 0.08712
replay buffer                : 300000 samples [1: 100.0%, 2: 0.0%]
DFA state visits in window   : 1: 10026, 2: 93
DFA state visits cumulative  : 1: 707045, 2: 3830
DFA state entries in window  : 1: 100, 2: 93
DFA state entries cumulative : 1: 6100, 2: 3830
transitions cumulative       : 1->2: 3830
accepted directly from s0    : 0
Gym endings cumulative       : terminated=2270, truncated=0

[Episode 6200/10000 | last 100]
success rate                : 94.0% (cumulative 63.3%)
failure rate                : 0.0% (cumulative 0.0%)
completed cycles / episode  : 0.000
synthetic task reward       : 9400.000
shaping reward              : 470.647
learning reward             : 9870.647
episode length              : 103.7
abstract changes / episode  : 11.2
DFA transitions / episode   : 0.94
DFA transitions in window   : 1->2: 94
epsilon (next episode)       : 0.08370
replay buffer                : 300000 samples [1: 100.0%, 2: 0.0%]
DFA state visits in window   : 1: 10375, 2: 94
DFA state visits cumulative  : 1: 717420, 2: 3924
DFA state entries in window  : 1: 100, 2: 94
DFA state entries cumulative : 1: 6200, 2: 3924
transitions cumulative       : 1->2: 3924
accepted directly from s0    : 0
Gym endings cumulative       : terminated=2276, truncated=0

[Episode 6300/10000 | last 100]
success rate                : 79.0% (cumulative 63.5%)
failure rate                : 0.0% (cumulative 0.0%)
completed cycles / episode  : 0.000
synthetic task reward       : 7900.000
shaping reward              : 454.618
learning reward             : 8354.618
episode length              : 149.8
abstract changes / episode  : 13.3
DFA transitions / episode   : 0.79
DFA transitions in window   : 1->2: 79
epsilon (next episode)       : 0.08042
replay buffer                : 300000 samples [1: 100.0%, 2: 0.0%]
DFA state visits in window   : 1: 14997, 2: 79
DFA state visits cumulative  : 1: 732417, 2: 4003
DFA state entries in window  : 1: 100, 2: 79
DFA state entries cumulative : 1: 6300, 2: 4003
transitions cumulative       : 1->2: 4003
accepted directly from s0    : 0
Gym endings cumulative       : terminated=2297, truncated=0

[Episode 6400/10000 | last 100]
success rate                : 99.0% (cumulative 64.1%)
failure rate                : 0.0% (cumulative 0.0%)
completed cycles / episode  : 0.000
synthetic task reward       : 9900.000
shaping reward              : 487.129
learning reward             : 10387.129
episode length              : 99.7
abstract changes / episode  : 11.1
DFA transitions / episode   : 0.99
DFA transitions in window   : 1->2: 99
epsilon (next episode)       : 0.07727
replay buffer                : 300000 samples [1: 100.0%, 2: 0.0%]
DFA state visits in window   : 1: 9969, 2: 99
DFA state visits cumulative  : 1: 742386, 2: 4102
DFA state entries in window  : 1: 100, 2: 99
DFA state entries cumulative : 1: 6400, 2: 4102
transitions cumulative       : 1->2: 4102
accepted directly from s0    : 0
Gym endings cumulative       : terminated=2298, truncated=0

[Episode 6500/10000 | last 100]
success rate                : 87.0% (cumulative 64.4%)
failure rate                : 0.0% (cumulative 0.0%)
completed cycles / episode  : 0.000
synthetic task reward       : 8700.000
shaping reward              : 450.787
learning reward             : 9150.787
episode length              : 108.4
abstract changes / episode  : 12.2
DFA transitions / episode   : 0.87
DFA transitions in window   : 1->2: 87
epsilon (next episode)       : 0.07423
replay buffer                : 300000 samples [1: 100.0%, 2: 0.0%]
DFA state visits in window   : 1: 10852, 2: 87
DFA state visits cumulative  : 1: 753238, 2: 4189
DFA state entries in window  : 1: 100, 2: 87
DFA state entries cumulative : 1: 6500, 2: 4189
transitions cumulative       : 1->2: 4189
accepted directly from s0    : 0
Gym endings cumulative       : terminated=2311, truncated=0

Starting autonomous greedy evaluation at episode 6500 (1000 fixed-seed episodes)...
[Greedy evaluation at episode 6500 | 1000 fixed-seed episodes]
success=99.9%, failure=0.0%, task reward=9990.000, length=102.4
DFA transitions: 1->2: 999
[Unbiased greedy evaluation at episode 6500 | 1000 fixed-seed episodes]
success=0.0%, failure=0.0%, task reward=0.000, length=124.4
DFA transitions: none

[Episode 6600/10000 | last 100]
success rate                : 92.0% (cumulative 64.9%)
failure rate                : 0.0% (cumulative 0.0%)
completed cycles / episode  : 0.000
synthetic task reward       : 9200.000
shaping reward              : 473.538
learning reward             : 9673.538
episode length              : 100.6
abstract changes / episode  : 11.2
DFA transitions / episode   : 0.92
DFA transitions in window   : 1->2: 92
epsilon (next episode)       : 0.07132
replay buffer                : 300000 samples [1: 100.0%, 2: 0.0%]
DFA state visits in window   : 1: 10068, 2: 92
DFA state visits cumulative  : 1: 763306, 2: 4281
DFA state entries in window  : 1: 100, 2: 92
DFA state entries cumulative : 1: 6600, 2: 4281
transitions cumulative       : 1->2: 4281
accepted directly from s0    : 0
Gym endings cumulative       : terminated=2319, truncated=0

[Episode 6700/10000 | last 100]
success rate                : 99.0% (cumulative 65.4%)
failure rate                : 0.0% (cumulative 0.0%)
completed cycles / episode  : 0.000
synthetic task reward       : 9900.000
shaping reward              : 480.538
learning reward             : 10380.538
episode length              : 104.1
abstract changes / episode  : 11.1
DFA transitions / episode   : 0.99
DFA transitions in window   : 1->2: 99
epsilon (next episode)       : 0.06853
replay buffer                : 300000 samples [1: 100.0%, 2: 0.0%]
DFA state visits in window   : 1: 10410, 2: 99
DFA state visits cumulative  : 1: 773716, 2: 4380
DFA state entries in window  : 1: 100, 2: 99
DFA state entries cumulative : 1: 6700, 2: 4380
transitions cumulative       : 1->2: 4380
accepted directly from s0    : 0
Gym endings cumulative       : terminated=2320, truncated=0

[Episode 6800/10000 | last 100]
success rate                : 96.0% (cumulative 65.8%)
failure rate                : 0.0% (cumulative 0.0%)
completed cycles / episode  : 0.000
synthetic task reward       : 9600.000
shaping reward              : 451.852
learning reward             : 10051.852
episode length              : 108.5
abstract changes / episode  : 11.4
DFA transitions / episode   : 0.96
DFA transitions in window   : 1->2: 96
epsilon (next episode)       : 0.06584
replay buffer                : 300000 samples [1: 100.0%, 2: 0.0%]
DFA state visits in window   : 1: 10850, 2: 96
DFA state visits cumulative  : 1: 784566, 2: 4476
DFA state entries in window  : 1: 100, 2: 96
DFA state entries cumulative : 1: 6800, 2: 4476
transitions cumulative       : 1->2: 4476
accepted directly from s0    : 0
Gym endings cumulative       : terminated=2324, truncated=0

[Episode 6900/10000 | last 100]
success rate                : 93.0% (cumulative 66.2%)
failure rate                : 0.0% (cumulative 0.0%)
completed cycles / episode  : 0.000
synthetic task reward       : 9300.000
shaping reward              : 445.531
learning reward             : 9745.531
episode length              : 112.9
abstract changes / episode  : 11.8
DFA transitions / episode   : 0.93
DFA transitions in window   : 1->2: 93
epsilon (next episode)       : 0.06326
replay buffer                : 300000 samples [1: 100.0%, 2: 0.0%]
DFA state visits in window   : 1: 11298, 2: 93
DFA state visits cumulative  : 1: 795864, 2: 4569
DFA state entries in window  : 1: 100, 2: 93
DFA state entries cumulative : 1: 6900, 2: 4569
transitions cumulative       : 1->2: 4569
accepted directly from s0    : 0
Gym endings cumulative       : terminated=2331, truncated=0

[Episode 7000/10000 | last 100]
success rate                : 91.0% (cumulative 66.6%)
failure rate                : 0.0% (cumulative 0.0%)
completed cycles / episode  : 0.000
synthetic task reward       : 9100.000
shaping reward              : 444.681
learning reward             : 9544.681
episode length              : 102.8
abstract changes / episode  : 11.2
DFA transitions / episode   : 0.91
DFA transitions in window   : 1->2: 91
epsilon (next episode)       : 0.06078
replay buffer                : 300000 samples [1: 100.0%, 2: 0.0%]
DFA state visits in window   : 1: 10285, 2: 91
DFA state visits cumulative  : 1: 806149, 2: 4660
DFA state entries in window  : 1: 100, 2: 91
DFA state entries cumulative : 1: 7000, 2: 4660
transitions cumulative       : 1->2: 4660
accepted directly from s0    : 0
Gym endings cumulative       : terminated=2340, truncated=0

Starting autonomous greedy evaluation at episode 7000 (1000 fixed-seed episodes)...
[Greedy evaluation at episode 7000 | 1000 fixed-seed episodes]
success=97.6%, failure=0.0%, task reward=9760.000, length=110.9
DFA transitions: 1->2: 976
[Unbiased greedy evaluation at episode 7000 | 1000 fixed-seed episodes]
success=0.0%, failure=0.0%, task reward=0.000, length=124.6
DFA transitions: none

[Episode 7100/10000 | last 100]
success rate                : 100.0% (cumulative 67.0%)
failure rate                : 0.0% (cumulative 0.0%)
completed cycles / episode  : 0.000
synthetic task reward       : 10000.000
shaping reward              : 490.100
learning reward             : 10490.100
episode length              : 99.7
abstract changes / episode  : 11.1
DFA transitions / episode   : 1.00
DFA transitions in window   : 1->2: 100
epsilon (next episode)       : 0.05839
replay buffer                : 300000 samples [1: 100.0%, 2: 0.0%]
DFA state visits in window   : 1: 9971, 2: 100
DFA state visits cumulative  : 1: 816120, 2: 4760
DFA state entries in window  : 1: 100, 2: 100
DFA state entries cumulative : 1: 7100, 2: 4760
transitions cumulative       : 1->2: 4760
accepted directly from s0    : 0
Gym endings cumulative       : terminated=2340, truncated=0

[Episode 7200/10000 | last 100]
success rate                : 99.0% (cumulative 67.5%)
failure rate                : 0.0% (cumulative 0.0%)
completed cycles / episode  : 0.000
synthetic task reward       : 9900.000
shaping reward              : 488.110
learning reward             : 10388.110
episode length              : 102.3
abstract changes / episode  : 11.2
DFA transitions / episode   : 0.99
DFA transitions in window   : 1->2: 99
epsilon (next episode)       : 0.05610
replay buffer                : 300000 samples [1: 100.0%, 2: 0.0%]
DFA state visits in window   : 1: 10232, 2: 99
DFA state visits cumulative  : 1: 826352, 2: 4859
DFA state entries in window  : 1: 100, 2: 99
DFA state entries cumulative : 1: 7200, 2: 4859
transitions cumulative       : 1->2: 4859
accepted directly from s0    : 0
Gym endings cumulative       : terminated=2341, truncated=0

[Episode 7300/10000 | last 100]
success rate                : 99.0% (cumulative 67.9%)
failure rate                : 0.0% (cumulative 0.0%)
completed cycles / episode  : 0.000
synthetic task reward       : 9900.000
shaping reward              : 486.159
learning reward             : 10386.159
episode length              : 96.9
abstract changes / episode  : 10.8
DFA transitions / episode   : 0.99
DFA transitions in window   : 1->2: 99
epsilon (next episode)       : 0.05390
replay buffer                : 300000 samples [1: 100.0%, 2: 0.0%]
DFA state visits in window   : 1: 9695, 2: 99
DFA state visits cumulative  : 1: 836047, 2: 4958
DFA state entries in window  : 1: 100, 2: 99
DFA state entries cumulative : 1: 7300, 2: 4958
transitions cumulative       : 1->2: 4958
accepted directly from s0    : 0
Gym endings cumulative       : terminated=2342, truncated=0

[Episode 7400/10000 | last 100]
success rate                : 100.0% (cumulative 68.4%)
failure rate                : 0.0% (cumulative 0.0%)
completed cycles / episode  : 0.000
synthetic task reward       : 10000.000
shaping reward              : 490.100
learning reward             : 10490.100
episode length              : 98.5
abstract changes / episode  : 10.9
DFA transitions / episode   : 1.00
DFA transitions in window   : 1->2: 100
epsilon (next episode)       : 0.05179
replay buffer                : 300000 samples [1: 100.0%, 2: 0.0%]
DFA state visits in window   : 1: 9853, 2: 100
DFA state visits cumulative  : 1: 845900, 2: 5058
DFA state entries in window  : 1: 100, 2: 100
DFA state entries cumulative : 1: 7400, 2: 5058
transitions cumulative       : 1->2: 5058
accepted directly from s0    : 0
Gym endings cumulative       : terminated=2342, truncated=0

[Episode 7500/10000 | last 100]
success rate                : 98.0% (cumulative 68.7%)
failure rate                : 0.0% (cumulative 0.0%)
completed cycles / episode  : 0.000
synthetic task reward       : 9800.000
shaping reward              : 482.219
learning reward             : 10282.219
episode length              : 105.9
abstract changes / episode  : 11.4
DFA transitions / episode   : 0.98
DFA transitions in window   : 1->2: 98
epsilon (next episode)       : 0.04976
replay buffer                : 300000 samples [1: 100.0%, 2: 0.0%]
DFA state visits in window   : 1: 10593, 2: 98
DFA state visits cumulative  : 1: 856493, 2: 5156
DFA state entries in window  : 1: 100, 2: 98
DFA state entries cumulative : 1: 7500, 2: 5156
transitions cumulative       : 1->2: 5156
accepted directly from s0    : 0
Gym endings cumulative       : terminated=2344, truncated=0

Starting autonomous greedy evaluation at episode 7500 (1000 fixed-seed episodes)...
[Greedy evaluation at episode 7500 | 1000 fixed-seed episodes]
success=99.4%, failure=0.0%, task reward=9940.000, length=101.7
DFA transitions: 1->2: 994
[Unbiased greedy evaluation at episode 7500 | 1000 fixed-seed episodes]
success=0.0%, failure=0.0%, task reward=0.000, length=126.2
DFA transitions: none

[Episode 7600/10000 | last 100]
success rate                : 100.0% (cumulative 69.2%)
failure rate                : 0.0% (cumulative 0.0%)
completed cycles / episode  : 0.000
synthetic task reward       : 10000.000
shaping reward              : 490.100
learning reward             : 10490.100
episode length              : 102.8
abstract changes / episode  : 11.0
DFA transitions / episode   : 1.00
DFA transitions in window   : 1->2: 100
epsilon (next episode)       : 0.04781
replay buffer                : 300000 samples [1: 100.0%, 2: 0.0%]
DFA state visits in window   : 1: 10284, 2: 100
DFA state visits cumulative  : 1: 866777, 2: 5256
DFA state entries in window  : 1: 100, 2: 100
DFA state entries cumulative : 1: 7600, 2: 5256
transitions cumulative       : 1->2: 5256
accepted directly from s0    : 0
Gym endings cumulative       : terminated=2344, truncated=0

[Episode 7700/10000 | last 100]
success rate                : 98.0% (cumulative 69.5%)
failure rate                : 0.0% (cumulative 0.0%)
completed cycles / episode  : 0.000
synthetic task reward       : 9800.000
shaping reward              : 470.976
learning reward             : 10270.976
episode length              : 100.5
abstract changes / episode  : 10.7
DFA transitions / episode   : 0.98
DFA transitions in window   : 1->2: 98
epsilon (next episode)       : 0.04593
replay buffer                : 300000 samples [1: 100.0%, 2: 0.0%]
DFA state visits in window   : 1: 10050, 2: 98
DFA state visits cumulative  : 1: 876827, 2: 5354
DFA state entries in window  : 1: 100, 2: 98
DFA state entries cumulative : 1: 7700, 2: 5354
transitions cumulative       : 1->2: 5354
accepted directly from s0    : 0
Gym endings cumulative       : terminated=2346, truncated=0

[Episode 7800/10000 | last 100]
success rate                : 100.0% (cumulative 69.9%)
failure rate                : 0.0% (cumulative 0.0%)
completed cycles / episode  : 0.000
synthetic task reward       : 10000.000
shaping reward              : 490.100
learning reward             : 10490.100
episode length              : 99.6
abstract changes / episode  : 10.6
DFA transitions / episode   : 1.00
DFA transitions in window   : 1->2: 100
epsilon (next episode)       : 0.04413
replay buffer                : 300000 samples [1: 100.0%, 2: 0.0%]
DFA state visits in window   : 1: 9958, 2: 100
DFA state visits cumulative  : 1: 886785, 2: 5454
DFA state entries in window  : 1: 100, 2: 100
DFA state entries cumulative : 1: 7800, 2: 5454
transitions cumulative       : 1->2: 5454
accepted directly from s0    : 0
Gym endings cumulative       : terminated=2346, truncated=0

[Episode 7900/10000 | last 100]
success rate                : 100.0% (cumulative 70.3%)
failure rate                : 0.0% (cumulative 0.0%)
completed cycles / episode  : 0.000
synthetic task reward       : 10000.000
shaping reward              : 490.100
learning reward             : 10490.100
episode length              : 100.7
abstract changes / episode  : 10.9
DFA transitions / episode   : 1.00
DFA transitions in window   : 1->2: 100
epsilon (next episode)       : 0.04240
replay buffer                : 300000 samples [1: 100.0%, 2: 0.0%]
DFA state visits in window   : 1: 10074, 2: 100
DFA state visits cumulative  : 1: 896859, 2: 5554
DFA state entries in window  : 1: 100, 2: 100
DFA state entries cumulative : 1: 7900, 2: 5554
transitions cumulative       : 1->2: 5554
accepted directly from s0    : 0
Gym endings cumulative       : terminated=2346, truncated=0

[Episode 8000/10000 | last 100]
success rate                : 91.0% (cumulative 70.6%)
failure rate                : 0.0% (cumulative 0.0%)
completed cycles / episode  : 0.000
synthetic task reward       : 9100.000
shaping reward              : 458.527
learning reward             : 9558.527
episode length              : 107.0
abstract changes / episode  : 11.7
DFA transitions / episode   : 0.91
DFA transitions in window   : 1->2: 91
epsilon (next episode)       : 0.04074
replay buffer                : 300000 samples [1: 100.0%, 2: 0.0%]
DFA state visits in window   : 1: 10706, 2: 91
DFA state visits cumulative  : 1: 907565, 2: 5645
DFA state entries in window  : 1: 100, 2: 91
DFA state entries cumulative : 1: 8000, 2: 5645
transitions cumulative       : 1->2: 5645
accepted directly from s0    : 0
Gym endings cumulative       : terminated=2355, truncated=0

Starting autonomous greedy evaluation at episode 8000 (1000 fixed-seed episodes)...
[Greedy evaluation at episode 8000 | 1000 fixed-seed episodes]
success=89.2%, failure=0.0%, task reward=8920.000, length=97.6
DFA transitions: 1->2: 892
[Unbiased greedy evaluation at episode 8000 | 1000 fixed-seed episodes]
success=0.0%, failure=0.0%, task reward=0.000, length=135.0
DFA transitions: none

[Episode 8100/10000 | last 100]
success rate                : 84.0% (cumulative 70.7%)
failure rate                : 0.0% (cumulative 0.0%)
completed cycles / episode  : 0.000
synthetic task reward       : 8400.000
shaping reward              : 439.936
learning reward             : 8839.936
episode length              : 94.9
abstract changes / episode  : 11.5
DFA transitions / episode   : 0.84
DFA transitions in window   : 1->2: 84
epsilon (next episode)       : 0.03914
replay buffer                : 300000 samples [1: 100.0%, 2: 0.0%]
DFA state visits in window   : 1: 9502, 2: 84
DFA state visits cumulative  : 1: 917067, 2: 5729
DFA state entries in window  : 1: 100, 2: 84
DFA state entries cumulative : 1: 8100, 2: 5729
transitions cumulative       : 1->2: 5729
accepted directly from s0    : 0
Gym endings cumulative       : terminated=2371, truncated=0

[Episode 8200/10000 | last 100]
success rate                : 86.0% (cumulative 70.9%)
failure rate                : 0.0% (cumulative 0.0%)
completed cycles / episode  : 0.000
synthetic task reward       : 8600.000
shaping reward              : 453.458
learning reward             : 9053.458
episode length              : 97.9
abstract changes / episode  : 11.3
DFA transitions / episode   : 0.86
DFA transitions in window   : 1->2: 86
epsilon (next episode)       : 0.03760
replay buffer                : 300000 samples [1: 100.0%, 2: 0.0%]
DFA state visits in window   : 1: 9808, 2: 86
DFA state visits cumulative  : 1: 926875, 2: 5815
DFA state entries in window  : 1: 100, 2: 86
DFA state entries cumulative : 1: 8200, 2: 5815
transitions cumulative       : 1->2: 5815
accepted directly from s0    : 0
Gym endings cumulative       : terminated=2385, truncated=0

[Episode 8300/10000 | last 100]
success rate                : 98.0% (cumulative 71.2%)
failure rate                : 0.0% (cumulative 0.0%)
completed cycles / episode  : 0.000
synthetic task reward       : 9800.000
shaping reward              : 484.169
learning reward             : 10284.169
episode length              : 103.6
abstract changes / episode  : 11.2
DFA transitions / episode   : 0.98
DFA transitions in window   : 1->2: 98
epsilon (next episode)       : 0.03613
replay buffer                : 300000 samples [1: 100.0%, 2: 0.0%]
DFA state visits in window   : 1: 10362, 2: 98
DFA state visits cumulative  : 1: 937237, 2: 5913
DFA state entries in window  : 1: 100, 2: 98
DFA state entries cumulative : 1: 8300, 2: 5913
transitions cumulative       : 1->2: 5913
accepted directly from s0    : 0
Gym endings cumulative       : terminated=2387, truncated=0

[Episode 8400/10000 | last 100]
success rate                : 98.0% (cumulative 71.6%)
failure rate                : 0.0% (cumulative 0.0%)
completed cycles / episode  : 0.000
synthetic task reward       : 9800.000
shaping reward              : 485.139
learning reward             : 10285.139
episode length              : 103.0
abstract changes / episode  : 11.1
DFA transitions / episode   : 0.98
DFA transitions in window   : 1->2: 98
epsilon (next episode)       : 0.03471
replay buffer                : 300000 samples [1: 100.0%, 2: 0.0%]
DFA state visits in window   : 1: 10304, 2: 98
DFA state visits cumulative  : 1: 947541, 2: 6011
DFA state entries in window  : 1: 100, 2: 98
DFA state entries cumulative : 1: 8400, 2: 6011
transitions cumulative       : 1->2: 6011
accepted directly from s0    : 0
Gym endings cumulative       : terminated=2389, truncated=0

[Episode 8500/10000 | last 100]
success rate                : 100.0% (cumulative 71.9%)
failure rate                : 0.0% (cumulative 0.0%)
completed cycles / episode  : 0.000
synthetic task reward       : 10000.000
shaping reward              : 490.100
learning reward             : 10490.100
episode length              : 105.8
abstract changes / episode  : 11.2
DFA transitions / episode   : 1.00
DFA transitions in window   : 1->2: 100
epsilon (next episode)       : 0.03335
replay buffer                : 300000 samples [1: 100.0%, 2: 0.0%]
DFA state visits in window   : 1: 10585, 2: 100
DFA state visits cumulative  : 1: 958126, 2: 6111
DFA state entries in window  : 1: 100, 2: 100
DFA state entries cumulative : 1: 8500, 2: 6111
transitions cumulative       : 1->2: 6111
accepted directly from s0    : 0
Gym endings cumulative       : terminated=2389, truncated=0

Starting autonomous greedy evaluation at episode 8500 (1000 fixed-seed episodes)...
[Greedy evaluation at episode 8500 | 1000 fixed-seed episodes]
success=99.7%, failure=0.0%, task reward=9970.000, length=111.3
DFA transitions: 1->2: 997
[Unbiased greedy evaluation at episode 8500 | 1000 fixed-seed episodes]
success=0.0%, failure=0.0%, task reward=0.000, length=157.9
DFA transitions: none

[Episode 8600/10000 | last 100]
success rate                : 97.0% (cumulative 72.2%)
failure rate                : 0.0% (cumulative 0.0%)
completed cycles / episode  : 0.000
synthetic task reward       : 9700.000
shaping reward              : 467.036
learning reward             : 10167.036
episode length              : 104.1
abstract changes / episode  : 10.9
DFA transitions / episode   : 0.97
DFA transitions in window   : 1->2: 97
epsilon (next episode)       : 0.03204
replay buffer                : 300000 samples [1: 100.0%, 2: 0.0%]
DFA state visits in window   : 1: 10415, 2: 97
DFA state visits cumulative  : 1: 968541, 2: 6208
DFA state entries in window  : 1: 100, 2: 97
DFA state entries cumulative : 1: 8600, 2: 6208
transitions cumulative       : 1->2: 6208
accepted directly from s0    : 0
Gym endings cumulative       : terminated=2392, truncated=0

[Episode 8700/10000 | last 100]
success rate                : 98.0% (cumulative 72.5%)
failure rate                : 0.0% (cumulative 0.0%)
completed cycles / episode  : 0.000
synthetic task reward       : 9800.000
shaping reward              : 470.976
learning reward             : 10270.976
episode length              : 105.8
abstract changes / episode  : 10.7
DFA transitions / episode   : 0.98
DFA transitions in window   : 1->2: 98
epsilon (next episode)       : 0.03079
replay buffer                : 300000 samples [1: 100.0%, 2: 0.0%]
DFA state visits in window   : 1: 10587, 2: 98
DFA state visits cumulative  : 1: 979128, 2: 6306
DFA state entries in window  : 1: 100, 2: 98
DFA state entries cumulative : 1: 8700, 2: 6306
transitions cumulative       : 1->2: 6306
accepted directly from s0    : 0
Gym endings cumulative       : terminated=2394, truncated=0

[Episode 8800/10000 | last 100]
success rate                : 99.0% (cumulative 72.8%)
failure rate                : 0.0% (cumulative 0.0%)
completed cycles / episode  : 0.000
synthetic task reward       : 9900.000
shaping reward              : 488.110
learning reward             : 10388.110
episode length              : 95.4
abstract changes / episode  : 10.8
DFA transitions / episode   : 0.99
DFA transitions in window   : 1->2: 99
epsilon (next episode)       : 0.02958
replay buffer                : 300000 samples [1: 100.0%, 2: 0.0%]
DFA state visits in window   : 1: 9542, 2: 99
DFA state visits cumulative  : 1: 988670, 2: 6405
DFA state entries in window  : 1: 100, 2: 99
DFA state entries cumulative : 1: 8800, 2: 6405
transitions cumulative       : 1->2: 6405
accepted directly from s0    : 0
Gym endings cumulative       : terminated=2395, truncated=0

[Episode 8900/10000 | last 100]
success rate                : 98.0% (cumulative 73.1%)
failure rate                : 0.0% (cumulative 0.0%)
completed cycles / episode  : 0.000
synthetic task reward       : 9800.000
shaping reward              : 484.169
learning reward             : 10284.169
episode length              : 104.8
abstract changes / episode  : 11.0
DFA transitions / episode   : 0.98
DFA transitions in window   : 1->2: 98
epsilon (next episode)       : 0.02842
replay buffer                : 300000 samples [1: 100.0%, 2: 0.0%]
DFA state visits in window   : 1: 10481, 2: 98
DFA state visits cumulative  : 1: 999151, 2: 6503
DFA state entries in window  : 1: 100, 2: 98
DFA state entries cumulative : 1: 8900, 2: 6503
transitions cumulative       : 1->2: 6503
accepted directly from s0    : 0
Gym endings cumulative       : terminated=2397, truncated=0

[Episode 9000/10000 | last 100]
success rate                : 97.0% (cumulative 73.3%)
failure rate                : 0.0% (cumulative 0.0%)
completed cycles / episode  : 0.000
synthetic task reward       : 9700.000
shaping reward              : 473.627
learning reward             : 10173.627
episode length              : 99.5
abstract changes / episode  : 11.1
DFA transitions / episode   : 0.97
DFA transitions in window   : 1->2: 97
epsilon (next episode)       : 0.02730
replay buffer                : 300000 samples [1: 100.0%, 2: 0.0%]
DFA state visits in window   : 1: 9954, 2: 97
DFA state visits cumulative  : 1: 1009105, 2: 6600
DFA state entries in window  : 1: 100, 2: 97
DFA state entries cumulative : 1: 9000, 2: 6600
transitions cumulative       : 1->2: 6600
accepted directly from s0    : 0
Gym endings cumulative       : terminated=2400, truncated=0

Starting autonomous greedy evaluation at episode 9000 (1000 fixed-seed episodes)...
[Greedy evaluation at episode 9000 | 1000 fixed-seed episodes]
success=97.6%, failure=0.0%, task reward=9760.000, length=101.7
DFA transitions: 1->2: 976
[Unbiased greedy evaluation at episode 9000 | 1000 fixed-seed episodes]
success=0.0%, failure=0.0%, task reward=0.000, length=158.8
DFA transitions: none

[Episode 9100/10000 | last 100]
success rate                : 100.0% (cumulative 73.6%)
failure rate                : 0.0% (cumulative 0.0%)
completed cycles / episode  : 0.000
synthetic task reward       : 10000.000
shaping reward              : 490.100
learning reward             : 10490.100
episode length              : 98.5
abstract changes / episode  : 10.7
DFA transitions / episode   : 1.00
DFA transitions in window   : 1->2: 100
epsilon (next episode)       : 0.02623
replay buffer                : 300000 samples [1: 100.0%, 2: 0.0%]
DFA state visits in window   : 1: 9846, 2: 100
DFA state visits cumulative  : 1: 1018951, 2: 6700
DFA state entries in window  : 1: 100, 2: 100
DFA state entries cumulative : 1: 9100, 2: 6700
transitions cumulative       : 1->2: 6700
accepted directly from s0    : 0
Gym endings cumulative       : terminated=2400, truncated=0

[Episode 9200/10000 | last 100]
success rate                : 92.0% (cumulative 73.8%)
failure rate                : 0.0% (cumulative 0.0%)
completed cycles / episode  : 0.000
synthetic task reward       : 9200.000
shaping reward              : 478.199
learning reward             : 9678.199
episode length              : 100.8
abstract changes / episode  : 11.3
DFA transitions / episode   : 0.92
DFA transitions in window   : 1->2: 92
epsilon (next episode)       : 0.02520
replay buffer                : 300000 samples [1: 100.0%, 2: 0.0%]
DFA state visits in window   : 1: 10092, 2: 92
DFA state visits cumulative  : 1: 1029043, 2: 6792
DFA state entries in window  : 1: 100, 2: 92
DFA state entries cumulative : 1: 9200, 2: 6792
transitions cumulative       : 1->2: 6792
accepted directly from s0    : 0
Gym endings cumulative       : terminated=2408, truncated=0

[Episode 9300/10000 | last 100]
success rate                : 71.0% (cumulative 73.8%)
failure rate                : 0.0% (cumulative 0.0%)
completed cycles / episode  : 0.000
synthetic task reward       : 7100.000
shaping reward              : 461.100
learning reward             : 7561.100
episode length              : 103.8
abstract changes / episode  : 11.2
DFA transitions / episode   : 0.71
DFA transitions in window   : 1->2: 71
epsilon (next episode)       : 0.02422
replay buffer                : 300000 samples [1: 100.0%, 2: 0.0%]
DFA state visits in window   : 1: 10408, 2: 71
DFA state visits cumulative  : 1: 1039451, 2: 6863
DFA state entries in window  : 1: 100, 2: 71
DFA state entries cumulative : 1: 9300, 2: 6863
transitions cumulative       : 1->2: 6863
accepted directly from s0    : 0
Gym endings cumulative       : terminated=2437, truncated=0

[Episode 9400/10000 | last 100]
success rate                : 89.0% (cumulative 74.0%)
failure rate                : 0.0% (cumulative 0.0%)
completed cycles / episode  : 0.000
synthetic task reward       : 8900.000
shaping reward              : 445.085
learning reward             : 9345.085
episode length              : 109.9
abstract changes / episode  : 11.7
DFA transitions / episode   : 0.89
DFA transitions in window   : 1->2: 89
epsilon (next episode)       : 0.02327
replay buffer                : 300000 samples [1: 100.0%, 2: 0.0%]
DFA state visits in window   : 1: 11004, 2: 89
DFA state visits cumulative  : 1: 1050455, 2: 6952
DFA state entries in window  : 1: 100, 2: 89
DFA state entries cumulative : 1: 9400, 2: 6952
transitions cumulative       : 1->2: 6952
accepted directly from s0    : 0
Gym endings cumulative       : terminated=2448, truncated=0

[Episode 9500/10000 | last 100]
success rate                : 57.0% (cumulative 73.8%)
failure rate                : 0.0% (cumulative 0.0%)
completed cycles / episode  : 0.000
synthetic task reward       : 5700.000
shaping reward              : 422.468
learning reward             : 6122.468
episode length              : 148.2
abstract changes / episode  : 12.1
DFA transitions / episode   : 0.57
DFA transitions in window   : 1->2: 57
epsilon (next episode)       : 0.02235
replay buffer                : 300000 samples [1: 100.0%, 2: 0.0%]
DFA state visits in window   : 1: 14859, 2: 57
DFA state visits cumulative  : 1: 1065314, 2: 7009
DFA state entries in window  : 1: 100, 2: 57
DFA state entries cumulative : 1: 9500, 2: 7009
transitions cumulative       : 1->2: 7009
accepted directly from s0    : 0
Gym endings cumulative       : terminated=2490, truncated=1

Starting autonomous greedy evaluation at episode 9500 (1000 fixed-seed episodes)...
[Greedy evaluation at episode 9500 | 1000 fixed-seed episodes]
success=1.6%, failure=0.0%, task reward=160.000, length=111.9
DFA transitions: 1->2: 16
[Unbiased greedy evaluation at episode 9500 | 1000 fixed-seed episodes]
success=0.0%, failure=0.0%, task reward=0.000, length=183.6
DFA transitions: none

[Episode 9600/10000 | last 100]
success rate                : 54.0% (cumulative 73.6%)
failure rate                : 0.0% (cumulative 0.0%)
completed cycles / episode  : 0.000
synthetic task reward       : 5400.000
shaping reward              : 398.991
learning reward             : 5798.991
episode length              : 99.5
abstract changes / episode  : 11.4
DFA transitions / episode   : 0.54
DFA transitions in window   : 1->2: 54
epsilon (next episode)       : 0.02148
replay buffer                : 300000 samples [1: 100.0%, 2: 0.0%]
DFA state visits in window   : 1: 9992, 2: 54
DFA state visits cumulative  : 1: 1075306, 2: 7063
DFA state entries in window  : 1: 100, 2: 54
DFA state entries cumulative : 1: 9600, 2: 7063
transitions cumulative       : 1->2: 7063
accepted directly from s0    : 0
Gym endings cumulative       : terminated=2536, truncated=1

[Episode 9700/10000 | last 100]
success rate                : 92.0% (cumulative 73.8%)
failure rate                : 0.0% (cumulative 0.0%)
completed cycles / episode  : 0.000
synthetic task reward       : 9200.000
shaping reward              : 462.996
learning reward             : 9662.996
episode length              : 100.9
abstract changes / episode  : 11.8
DFA transitions / episode   : 0.92
DFA transitions in window   : 1->2: 92
epsilon (next episode)       : 0.02063
replay buffer                : 300000 samples [1: 100.0%, 2: 0.0%]
DFA state visits in window   : 1: 10099, 2: 92
DFA state visits cumulative  : 1: 1085405, 2: 7155
DFA state entries in window  : 1: 100, 2: 92
DFA state entries cumulative : 1: 9700, 2: 7155
transitions cumulative       : 1->2: 7155
accepted directly from s0    : 0
Gym endings cumulative       : terminated=2544, truncated=1

[Episode 9800/10000 | last 100]
success rate                : 97.0% (cumulative 74.0%)
failure rate                : 0.0% (cumulative 0.0%)
completed cycles / episode  : 0.000
synthetic task reward       : 9700.000
shaping reward              : 487.100
learning reward             : 10187.100
episode length              : 93.8
abstract changes / episode  : 11.1
DFA transitions / episode   : 0.97
DFA transitions in window   : 1->2: 97
epsilon (next episode)       : 0.01983
replay buffer                : 300000 samples [1: 100.0%, 2: 0.0%]
DFA state visits in window   : 1: 9379, 2: 97
DFA state visits cumulative  : 1: 1094784, 2: 7252
DFA state entries in window  : 1: 100, 2: 97
DFA state entries cumulative : 1: 9800, 2: 7252
transitions cumulative       : 1->2: 7252
accepted directly from s0    : 0
Gym endings cumulative       : terminated=2547, truncated=1

[Episode 9900/10000 | last 100]
success rate                : 98.0% (cumulative 74.2%)
failure rate                : 0.0% (cumulative 0.0%)
completed cycles / episode  : 0.000
synthetic task reward       : 9800.000
shaping reward              : 482.306
learning reward             : 10282.306
episode length              : 97.9
abstract changes / episode  : 11.1
DFA transitions / episode   : 0.98
DFA transitions in window   : 1->2: 98
epsilon (next episode)       : 0.01905
replay buffer                : 300000 samples [1: 100.0%, 2: 0.0%]
DFA state visits in window   : 1: 9795, 2: 98
DFA state visits cumulative  : 1: 1104579, 2: 7350
DFA state entries in window  : 1: 100, 2: 98
DFA state entries cumulative : 1: 9900, 2: 7350
transitions cumulative       : 1->2: 7350
accepted directly from s0    : 0
Gym endings cumulative       : terminated=2549, truncated=1

[Episode 10000/10000 | last 100]
success rate                : 88.0% (cumulative 74.4%)
failure rate                : 0.0% (cumulative 0.0%)
completed cycles / episode  : 0.000
synthetic task reward       : 8800.000
shaping reward              : 411.173
learning reward             : 9211.173
episode length              : 110.4
abstract changes / episode  : 12.0
DFA transitions / episode   : 0.88
DFA transitions in window   : 1->2: 88
epsilon (next episode)       : 0.01830
replay buffer                : 300000 samples [1: 100.0%, 2: 0.0%]
DFA state visits in window   : 1: 11056, 2: 88
DFA state visits cumulative  : 1: 1115635, 2: 7438
DFA state entries in window  : 1: 100, 2: 88
DFA state entries cumulative : 1: 10000, 2: 7438
transitions cumulative       : 1->2: 7438
accepted directly from s0    : 0
Gym endings cumulative       : terminated=2561, truncated=1

Starting autonomous greedy evaluation at episode 10000 (1000 fixed-seed episodes)...
[Greedy evaluation at episode 10000 | 1000 fixed-seed episodes]
success=90.5%, failure=0.0%, task reward=9050.000, length=105.2
DFA transitions: 1->2: 905
[Unbiased greedy evaluation at episode 10000 | 1000 fixed-seed episodes]
success=0.0%, failure=0.0%, task reward=0.000, length=185.8
DFA transitions: none
Last policy saved after episode 10000. Best greedy evaluation: episode 4000, mean task reward=10000.000
Last unbiased policy saved after episode 10000. Best unbiased evaluation: episode 500, mean task reward=60.000
