
=== NEW RUN ===
episodes=8000, shaping=False, goal_reward=10000.0, gamma=0.99
gamma_shaping=1.0, shaping_formula=gamma_shaping*Phi(next)-Phi(state)
eval_interval=1000, eval_episodes=1000, eval_seed=100000
inter_level_shaping=False, inter_level_formula=gamma*Phi(next)-Phi(state)
task_type=ltlf, task=F(wp1 & X(F(wp2 & X(F(g1)))))
regions={wp1: {'center': [-0.75, 1.0625], 'radius': 0.1}, wp2: {'center': [0, 0.1525], 'radius': 0.1}, g1: {'center': [0.75, 1.0625], 'radius': 0.1}}
dfa_states=[1, 2, 3, 4], pre_trace=1, accepting=[4], failure=[]

[Episode 1/8000 | last 1]
success rate                : 0.0% (cumulative 0.0%)
failure rate                : 0.0% (cumulative 0.0%)
completed cycles / episode  : 0.000
synthetic task reward       : 0.000
shaping reward              : 0.000
learning reward             : 0.000
episode length              : 101.0
abstract changes / episode  : 24.0
DFA transitions / episode   : 0.00
DFA transitions in window   : none
epsilon (next episode)       : 0.99960
replay buffer                : 101 samples [1: 100.0%, 2: 0.0%, 3: 0.0%, 4: 0.0%]
DFA state visits in window   : 1: 102, 2: 0, 3: 0, 4: 0
DFA state visits cumulative  : 1: 102, 2: 0, 3: 0, 4: 0
DFA state entries in window  : 1: 1, 2: 0, 3: 0, 4: 0
DFA state entries cumulative : 1: 1, 2: 0, 3: 0, 4: 0
transitions cumulative       : none
accepted directly from s0    : 0
Gym endings cumulative       : terminated=1, truncated=0

[Episode 100/8000 | last 100]
success rate                : 0.0% (cumulative 0.0%)
failure rate                : 0.0% (cumulative 0.0%)
completed cycles / episode  : 0.000
synthetic task reward       : 0.000
shaping reward              : 0.000
learning reward             : 0.000
episode length              : 88.6
abstract changes / episode  : 25.5
DFA transitions / episode   : 0.00
DFA transitions in window   : none
epsilon (next episode)       : 0.96078
replay buffer                : 8861 samples [1: 100.0%, 2: 0.0%, 3: 0.0%, 4: 0.0%]
DFA state visits in window   : 1: 8961, 2: 0, 3: 0, 4: 0
DFA state visits cumulative  : 1: 8961, 2: 0, 3: 0, 4: 0
DFA state entries in window  : 1: 100, 2: 0, 3: 0, 4: 0
DFA state entries cumulative : 1: 100, 2: 0, 3: 0, 4: 0
transitions cumulative       : none
accepted directly from s0    : 0
Gym endings cumulative       : terminated=100, truncated=0

[Episode 200/8000 | last 100]
success rate                : 0.0% (cumulative 0.0%)
failure rate                : 0.0% (cumulative 0.0%)
completed cycles / episode  : 0.000
synthetic task reward       : 0.000
shaping reward              : 0.000
learning reward             : 0.000
episode length              : 95.4
abstract changes / episode  : 26.1
DFA transitions / episode   : 0.01
DFA transitions in window   : 1->2: 1
epsilon (next episode)       : 0.92310
replay buffer                : 18397 samples [1: 99.9%, 2: 0.1%, 3: 0.0%, 4: 0.0%]
DFA state visits in window   : 1: 9616, 2: 20, 3: 0, 4: 0
DFA state visits cumulative  : 1: 18577, 2: 20, 3: 0, 4: 0
DFA state entries in window  : 1: 100, 2: 1, 3: 0, 4: 0
DFA state entries cumulative : 1: 200, 2: 1, 3: 0, 4: 0
transitions cumulative       : 1->2: 1
accepted directly from s0    : 0
Gym endings cumulative       : terminated=200, truncated=0

[Episode 300/8000 | last 100]
success rate                : 0.0% (cumulative 0.0%)
failure rate                : 0.0% (cumulative 0.0%)
completed cycles / episode  : 0.000
synthetic task reward       : 0.000
shaping reward              : 0.000
learning reward             : 0.000
episode length              : 93.5
abstract changes / episode  : 26.1
DFA transitions / episode   : 0.03
DFA transitions in window   : 1->2: 3
epsilon (next episode)       : 0.88690
replay buffer                : 27750 samples [1: 99.7%, 2: 0.3%, 3: 0.0%, 4: 0.0%]
DFA state visits in window   : 1: 9377, 2: 76, 3: 0, 4: 0
DFA state visits cumulative  : 1: 27954, 2: 96, 3: 0, 4: 0
DFA state entries in window  : 1: 100, 2: 3, 3: 0, 4: 0
DFA state entries cumulative : 1: 300, 2: 4, 3: 0, 4: 0
transitions cumulative       : 1->2: 4
accepted directly from s0    : 0
Gym endings cumulative       : terminated=300, truncated=0

[Episode 400/8000 | last 100]
success rate                : 0.0% (cumulative 0.0%)
failure rate                : 0.0% (cumulative 0.0%)
completed cycles / episode  : 0.000
synthetic task reward       : 0.000
shaping reward              : 0.000
learning reward             : 0.000
episode length              : 90.8
abstract changes / episode  : 26.0
DFA transitions / episode   : 0.01
DFA transitions in window   : 1->2: 1
epsilon (next episode)       : 0.85212
replay buffer                : 36833 samples [1: 99.7%, 2: 0.3%, 3: 0.0%, 4: 0.0%]
DFA state visits in window   : 1: 9161, 2: 22, 3: 0, 4: 0
DFA state visits cumulative  : 1: 37115, 2: 118, 3: 0, 4: 0
DFA state entries in window  : 1: 100, 2: 1, 3: 0, 4: 0
DFA state entries cumulative : 1: 400, 2: 5, 3: 0, 4: 0
transitions cumulative       : 1->2: 5
accepted directly from s0    : 0
Gym endings cumulative       : terminated=400, truncated=0

[Episode 500/8000 | last 100]
success rate                : 0.0% (cumulative 0.0%)
failure rate                : 0.0% (cumulative 0.0%)
completed cycles / episode  : 0.000
synthetic task reward       : 0.000
shaping reward              : 0.000
learning reward             : 0.000
episode length              : 94.8
abstract changes / episode  : 25.3
DFA transitions / episode   : 0.01
DFA transitions in window   : 1->2: 1
epsilon (next episode)       : 0.81870
replay buffer                : 46312 samples [1: 99.7%, 2: 0.3%, 3: 0.0%, 4: 0.0%]
DFA state visits in window   : 1: 9558, 2: 21, 3: 0, 4: 0
DFA state visits cumulative  : 1: 46673, 2: 139, 3: 0, 4: 0
DFA state entries in window  : 1: 100, 2: 1, 3: 0, 4: 0
DFA state entries cumulative : 1: 500, 2: 6, 3: 0, 4: 0
transitions cumulative       : 1->2: 6
accepted directly from s0    : 0
Gym endings cumulative       : terminated=500, truncated=0

[Episode 600/8000 | last 100]
success rate                : 0.0% (cumulative 0.0%)
failure rate                : 0.0% (cumulative 0.0%)
completed cycles / episode  : 0.000
synthetic task reward       : 0.000
shaping reward              : 0.000
learning reward             : 0.000
episode length              : 102.7
abstract changes / episode  : 25.4
DFA transitions / episode   : 0.01
DFA transitions in window   : 1->2: 1
epsilon (next episode)       : 0.78659
replay buffer                : 56584 samples [1: 99.7%, 2: 0.3%, 3: 0.0%, 4: 0.0%]
DFA state visits in window   : 1: 10352, 2: 20, 3: 0, 4: 0
DFA state visits cumulative  : 1: 57025, 2: 159, 3: 0, 4: 0
DFA state entries in window  : 1: 100, 2: 1, 3: 0, 4: 0
DFA state entries cumulative : 1: 600, 2: 7, 3: 0, 4: 0
transitions cumulative       : 1->2: 7
accepted directly from s0    : 0
Gym endings cumulative       : terminated=600, truncated=0

[Episode 700/8000 | last 100]
success rate                : 0.0% (cumulative 0.0%)
failure rate                : 0.0% (cumulative 0.0%)
completed cycles / episode  : 0.000
synthetic task reward       : 0.000
shaping reward              : 0.000
learning reward             : 0.000
episode length              : 105.9
abstract changes / episode  : 25.6
DFA transitions / episode   : 0.00
DFA transitions in window   : none
epsilon (next episode)       : 0.75574
replay buffer                : 67176 samples [1: 99.8%, 2: 0.2%, 3: 0.0%, 4: 0.0%]
DFA state visits in window   : 1: 10692, 2: 0, 3: 0, 4: 0
DFA state visits cumulative  : 1: 67717, 2: 159, 3: 0, 4: 0
DFA state entries in window  : 1: 100, 2: 0, 3: 0, 4: 0
DFA state entries cumulative : 1: 700, 2: 7, 3: 0, 4: 0
transitions cumulative       : 1->2: 7
accepted directly from s0    : 0
Gym endings cumulative       : terminated=700, truncated=0

[Episode 800/8000 | last 100]
success rate                : 0.0% (cumulative 0.0%)
failure rate                : 0.0% (cumulative 0.0%)
completed cycles / episode  : 0.000
synthetic task reward       : 0.000
shaping reward              : 0.000
learning reward             : 0.000
episode length              : 114.7
abstract changes / episode  : 26.2
DFA transitions / episode   : 0.03
DFA transitions in window   : 1->2: 3
epsilon (next episode)       : 0.72610
replay buffer                : 78650 samples [1: 99.6%, 2: 0.4%, 3: 0.0%, 4: 0.0%]
DFA state visits in window   : 1: 11444, 2: 130, 3: 0, 4: 0
DFA state visits cumulative  : 1: 79161, 2: 289, 3: 0, 4: 0
DFA state entries in window  : 1: 100, 2: 3, 3: 0, 4: 0
DFA state entries cumulative : 1: 800, 2: 10, 3: 0, 4: 0
transitions cumulative       : 1->2: 10
accepted directly from s0    : 0
Gym endings cumulative       : terminated=800, truncated=0

[Episode 900/8000 | last 100]
success rate                : 0.0% (cumulative 0.0%)
failure rate                : 0.0% (cumulative 0.0%)
completed cycles / episode  : 0.000
synthetic task reward       : 0.000
shaping reward              : 0.000
learning reward             : 0.000
episode length              : 121.1
abstract changes / episode  : 26.5
DFA transitions / episode   : 0.02
DFA transitions in window   : 1->2: 2
epsilon (next episode)       : 0.69763
replay buffer                : 90758 samples [1: 99.6%, 2: 0.4%, 3: 0.0%, 4: 0.0%]
DFA state visits in window   : 1: 12113, 2: 95, 3: 0, 4: 0
DFA state visits cumulative  : 1: 91274, 2: 384, 3: 0, 4: 0
DFA state entries in window  : 1: 100, 2: 2, 3: 0, 4: 0
DFA state entries cumulative : 1: 900, 2: 12, 3: 0, 4: 0
transitions cumulative       : 1->2: 12
accepted directly from s0    : 0
Gym endings cumulative       : terminated=900, truncated=0

[Episode 1000/8000 | last 100]
success rate                : 0.0% (cumulative 0.0%)
failure rate                : 0.0% (cumulative 0.0%)
completed cycles / episode  : 0.000
synthetic task reward       : 0.000
shaping reward              : 0.000
learning reward             : 0.000
episode length              : 128.7
abstract changes / episode  : 26.2
DFA transitions / episode   : 0.03
DFA transitions in window   : 1->2: 3
epsilon (next episode)       : 0.67027
replay buffer                : 103628 samples [1: 99.5%, 2: 0.5%, 3: 0.0%, 4: 0.0%]
DFA state visits in window   : 1: 12862, 2: 108, 3: 0, 4: 0
DFA state visits cumulative  : 1: 104136, 2: 492, 3: 0, 4: 0
DFA state entries in window  : 1: 100, 2: 3, 3: 0, 4: 0
DFA state entries cumulative : 1: 1000, 2: 15, 3: 0, 4: 0
transitions cumulative       : 1->2: 15
accepted directly from s0    : 0
Gym endings cumulative       : terminated=1000, truncated=0

Starting autonomous greedy evaluation at episode 1000 (1000 fixed-seed episodes)...
[Greedy evaluation at episode 1000 | 1000 fixed-seed episodes]
success=0.0%, failure=0.0%, task reward=0.000, length=141.2
DFA transitions: none
Best policy updated from autonomous greedy evaluation at episode 1000.

[Episode 1100/8000 | last 100]
success rate                : 0.0% (cumulative 0.0%)
failure rate                : 0.0% (cumulative 0.0%)
completed cycles / episode  : 0.000
synthetic task reward       : 0.000
shaping reward              : 0.000
learning reward             : 0.000
episode length              : 135.1
abstract changes / episode  : 26.4
DFA transitions / episode   : 0.02
DFA transitions in window   : 1->2: 2
epsilon (next episode)       : 0.64398
replay buffer                : 117135 samples [1: 99.5%, 2: 0.5%, 3: 0.0%, 4: 0.0%]
DFA state visits in window   : 1: 13446, 2: 161, 3: 0, 4: 0
DFA state visits cumulative  : 1: 117582, 2: 653, 3: 0, 4: 0
DFA state entries in window  : 1: 100, 2: 2, 3: 0, 4: 0
DFA state entries cumulative : 1: 1100, 2: 17, 3: 0, 4: 0
transitions cumulative       : 1->2: 17
accepted directly from s0    : 0
Gym endings cumulative       : terminated=1100, truncated=0

[Episode 1200/8000 | last 100]
success rate                : 0.0% (cumulative 0.0%)
failure rate                : 0.0% (cumulative 0.0%)
completed cycles / episode  : 0.000
synthetic task reward       : 0.000
shaping reward              : 0.000
learning reward             : 0.000
episode length              : 143.6
abstract changes / episode  : 26.7
DFA transitions / episode   : 0.04
DFA transitions in window   : 1->2: 3, 2->3: 1
epsilon (next episode)       : 0.61872
replay buffer                : 131492 samples [1: 99.4%, 2: 0.6%, 3: 0.0%, 4: 0.0%]
DFA state visits in window   : 1: 14259, 2: 189, 3: 9, 4: 0
DFA state visits cumulative  : 1: 131841, 2: 842, 3: 9, 4: 0
DFA state entries in window  : 1: 100, 2: 3, 3: 1, 4: 0
DFA state entries cumulative : 1: 1200, 2: 20, 3: 1, 4: 0
transitions cumulative       : 1->2: 20, 2->3: 1
accepted directly from s0    : 0
Gym endings cumulative       : terminated=1200, truncated=0

[Episode 1300/8000 | last 100]
success rate                : 0.0% (cumulative 0.0%)
failure rate                : 0.0% (cumulative 0.0%)
completed cycles / episode  : 0.000
synthetic task reward       : 0.000
shaping reward              : 0.000
learning reward             : 0.000
episode length              : 127.9
abstract changes / episode  : 22.4
DFA transitions / episode   : 0.02
DFA transitions in window   : 1->2: 2
epsilon (next episode)       : 0.59446
replay buffer                : 144281 samples [1: 99.4%, 2: 0.6%, 3: 0.0%, 4: 0.0%]
DFA state visits in window   : 1: 12810, 2: 79, 3: 0, 4: 0
DFA state visits cumulative  : 1: 144651, 2: 921, 3: 9, 4: 0
DFA state entries in window  : 1: 100, 2: 2, 3: 0, 4: 0
DFA state entries cumulative : 1: 1300, 2: 22, 3: 1, 4: 0
transitions cumulative       : 1->2: 22, 2->3: 1
accepted directly from s0    : 0
Gym endings cumulative       : terminated=1300, truncated=0

[Episode 1400/8000 | last 100]
success rate                : 0.0% (cumulative 0.0%)
failure rate                : 0.0% (cumulative 0.0%)
completed cycles / episode  : 0.000
synthetic task reward       : 0.000
shaping reward              : 0.000
learning reward             : 0.000
episode length              : 161.4
abstract changes / episode  : 26.8
DFA transitions / episode   : 0.07
DFA transitions in window   : 1->2: 7
epsilon (next episode)       : 0.57115
replay buffer                : 160425 samples [1: 99.2%, 2: 0.8%, 3: 0.0%, 4: 0.0%]
DFA state visits in window   : 1: 15898, 2: 346, 3: 0, 4: 0
DFA state visits cumulative  : 1: 160549, 2: 1267, 3: 9, 4: 0
DFA state entries in window  : 1: 100, 2: 7, 3: 0, 4: 0
DFA state entries cumulative : 1: 1400, 2: 29, 3: 1, 4: 0
transitions cumulative       : 1->2: 29, 2->3: 1
accepted directly from s0    : 0
Gym endings cumulative       : terminated=1400, truncated=0

[Episode 1500/8000 | last 100]
success rate                : 0.0% (cumulative 0.0%)
failure rate                : 0.0% (cumulative 0.0%)
completed cycles / episode  : 0.000
synthetic task reward       : 0.000
shaping reward              : 0.000
learning reward             : 0.000
episode length              : 177.2
abstract changes / episode  : 31.1
DFA transitions / episode   : 0.01
DFA transitions in window   : 1->2: 1
epsilon (next episode)       : 0.54875
replay buffer                : 178140 samples [1: 99.3%, 2: 0.7%, 3: 0.0%, 4: 0.0%]
DFA state visits in window   : 1: 17744, 2: 71, 3: 0, 4: 0
DFA state visits cumulative  : 1: 178293, 2: 1338, 3: 9, 4: 0
DFA state entries in window  : 1: 100, 2: 1, 3: 0, 4: 0
DFA state entries cumulative : 1: 1500, 2: 30, 3: 1, 4: 0
transitions cumulative       : 1->2: 30, 2->3: 1
accepted directly from s0    : 0
Gym endings cumulative       : terminated=1500, truncated=0

[Episode 1600/8000 | last 100]
success rate                : 0.0% (cumulative 0.0%)
failure rate                : 0.0% (cumulative 0.0%)
completed cycles / episode  : 0.000
synthetic task reward       : 0.000
shaping reward              : 0.000
learning reward             : 0.000
episode length              : 143.0
abstract changes / episode  : 28.6
DFA transitions / episode   : 0.00
DFA transitions in window   : none
epsilon (next episode)       : 0.52722
replay buffer                : 192439 samples [1: 99.3%, 2: 0.7%, 3: 0.0%, 4: 0.0%]
DFA state visits in window   : 1: 14399, 2: 0, 3: 0, 4: 0
DFA state visits cumulative  : 1: 192692, 2: 1338, 3: 9, 4: 0
DFA state entries in window  : 1: 100, 2: 0, 3: 0, 4: 0
DFA state entries cumulative : 1: 1600, 2: 30, 3: 1, 4: 0
transitions cumulative       : 1->2: 30, 2->3: 1
accepted directly from s0    : 0
Gym endings cumulative       : terminated=1600, truncated=0

[Episode 1700/8000 | last 100]
success rate                : 0.0% (cumulative 0.0%)
failure rate                : 0.0% (cumulative 0.0%)
completed cycles / episode  : 0.000
synthetic task reward       : 0.000
shaping reward              : 0.000
learning reward             : 0.000
episode length              : 150.8
abstract changes / episode  : 28.2
DFA transitions / episode   : 0.00
DFA transitions in window   : none
epsilon (next episode)       : 0.50655
replay buffer                : 207517 samples [1: 99.4%, 2: 0.6%, 3: 0.0%, 4: 0.0%]
DFA state visits in window   : 1: 15178, 2: 0, 3: 0, 4: 0
DFA state visits cumulative  : 1: 207870, 2: 1338, 3: 9, 4: 0
DFA state entries in window  : 1: 100, 2: 0, 3: 0, 4: 0
DFA state entries cumulative : 1: 1700, 2: 30, 3: 1, 4: 0
transitions cumulative       : 1->2: 30, 2->3: 1
accepted directly from s0    : 0
Gym endings cumulative       : terminated=1698, truncated=2

[Episode 1800/8000 | last 100]
success rate                : 0.0% (cumulative 0.0%)
failure rate                : 0.0% (cumulative 0.0%)
completed cycles / episode  : 0.000
synthetic task reward       : 0.000
shaping reward              : 0.000
learning reward             : 0.000
episode length              : 174.4
abstract changes / episode  : 28.8
DFA transitions / episode   : 0.00
DFA transitions in window   : none
epsilon (next episode)       : 0.48668
replay buffer                : 224962 samples [1: 99.4%, 2: 0.6%, 3: 0.0%, 4: 0.0%]
DFA state visits in window   : 1: 17545, 2: 0, 3: 0, 4: 0
DFA state visits cumulative  : 1: 225415, 2: 1338, 3: 9, 4: 0
DFA state entries in window  : 1: 100, 2: 0, 3: 0, 4: 0
DFA state entries cumulative : 1: 1800, 2: 30, 3: 1, 4: 0
transitions cumulative       : 1->2: 30, 2->3: 1
accepted directly from s0    : 0
Gym endings cumulative       : terminated=1796, truncated=4

[Episode 1900/8000 | last 100]
success rate                : 0.0% (cumulative 0.0%)
failure rate                : 0.0% (cumulative 0.0%)
completed cycles / episode  : 0.000
synthetic task reward       : 0.000
shaping reward              : 0.000
learning reward             : 0.000
episode length              : 160.8
abstract changes / episode  : 29.3
DFA transitions / episode   : 0.02
DFA transitions in window   : 1->2: 2
epsilon (next episode)       : 0.46760
replay buffer                : 241043 samples [1: 99.4%, 2: 0.6%, 3: 0.0%, 4: 0.0%]
DFA state visits in window   : 1: 16052, 2: 129, 3: 0, 4: 0
DFA state visits cumulative  : 1: 241467, 2: 1467, 3: 9, 4: 0
DFA state entries in window  : 1: 100, 2: 2, 3: 0, 4: 0
DFA state entries cumulative : 1: 1900, 2: 32, 3: 1, 4: 0
transitions cumulative       : 1->2: 32, 2->3: 1
accepted directly from s0    : 0
Gym endings cumulative       : terminated=1895, truncated=5

[Episode 2000/8000 | last 100]
success rate                : 0.0% (cumulative 0.0%)
failure rate                : 0.0% (cumulative 0.0%)
completed cycles / episode  : 0.000
synthetic task reward       : 0.000
shaping reward              : 0.000
learning reward             : 0.000
episode length              : 160.9
abstract changes / episode  : 28.0
DFA transitions / episode   : 0.00
DFA transitions in window   : none
epsilon (next episode)       : 0.44926
replay buffer                : 257131 samples [1: 99.4%, 2: 0.6%, 3: 0.0%, 4: 0.0%]
DFA state visits in window   : 1: 16188, 2: 0, 3: 0, 4: 0
DFA state visits cumulative  : 1: 257655, 2: 1467, 3: 9, 4: 0
DFA state entries in window  : 1: 100, 2: 0, 3: 0, 4: 0
DFA state entries cumulative : 1: 2000, 2: 32, 3: 1, 4: 0
transitions cumulative       : 1->2: 32, 2->3: 1
accepted directly from s0    : 0
Gym endings cumulative       : terminated=1992, truncated=8

Starting autonomous greedy evaluation at episode 2000 (1000 fixed-seed episodes)...
[Greedy evaluation at episode 2000 | 1000 fixed-seed episodes]
success=0.0%, failure=0.0%, task reward=0.000, length=310.7
DFA transitions: 1->2: 21, 2->3: 2

[Episode 2100/8000 | last 100]
success rate                : 0.0% (cumulative 0.0%)
failure rate                : 0.0% (cumulative 0.0%)
completed cycles / episode  : 0.000
synthetic task reward       : 0.000
shaping reward              : 0.000
learning reward             : 0.000
episode length              : 150.1
abstract changes / episode  : 27.6
DFA transitions / episode   : 0.04
DFA transitions in window   : 1->2: 4
epsilon (next episode)       : 0.43164
replay buffer                : 272143 samples [1: 99.4%, 2: 0.6%, 3: 0.0%, 4: 0.0%]
DFA state visits in window   : 1: 14897, 2: 215, 3: 0, 4: 0
DFA state visits cumulative  : 1: 272552, 2: 1682, 3: 9, 4: 0
DFA state entries in window  : 1: 100, 2: 4, 3: 0, 4: 0
DFA state entries cumulative : 1: 2100, 2: 36, 3: 1, 4: 0
transitions cumulative       : 1->2: 36, 2->3: 1
accepted directly from s0    : 0
Gym endings cumulative       : terminated=2090, truncated=10

[Episode 2200/8000 | last 100]
success rate                : 0.0% (cumulative 0.0%)
failure rate                : 0.0% (cumulative 0.0%)
completed cycles / episode  : 0.000
synthetic task reward       : 0.000
shaping reward              : 0.000
learning reward             : 0.000
episode length              : 147.0
abstract changes / episode  : 29.4
DFA transitions / episode   : 0.01
DFA transitions in window   : 1->2: 1
epsilon (next episode)       : 0.41471
replay buffer                : 286841 samples [1: 99.4%, 2: 0.6%, 3: 0.0%, 4: 0.0%]
DFA state visits in window   : 1: 14784, 2: 14, 3: 0, 4: 0
DFA state visits cumulative  : 1: 287336, 2: 1696, 3: 9, 4: 0
DFA state entries in window  : 1: 100, 2: 1, 3: 0, 4: 0
DFA state entries cumulative : 1: 2200, 2: 37, 3: 1, 4: 0
transitions cumulative       : 1->2: 37, 2->3: 1
accepted directly from s0    : 0
Gym endings cumulative       : terminated=2190, truncated=10

[Episode 2300/8000 | last 100]
success rate                : 0.0% (cumulative 0.0%)
failure rate                : 0.0% (cumulative 0.0%)
completed cycles / episode  : 0.000
synthetic task reward       : 0.000
shaping reward              : 0.000
learning reward             : 0.000
episode length              : 187.4
abstract changes / episode  : 32.9
DFA transitions / episode   : 0.00
DFA transitions in window   : none
epsilon (next episode)       : 0.39845
replay buffer                : 300000 samples [1: 99.4%, 2: 0.6%, 3: 0.0%, 4: 0.0%]
DFA state visits in window   : 1: 18837, 2: 0, 3: 0, 4: 0
DFA state visits cumulative  : 1: 306173, 2: 1696, 3: 9, 4: 0
DFA state entries in window  : 1: 100, 2: 0, 3: 0, 4: 0
DFA state entries cumulative : 1: 2300, 2: 37, 3: 1, 4: 0
transitions cumulative       : 1->2: 37, 2->3: 1
accepted directly from s0    : 0
Gym endings cumulative       : terminated=2288, truncated=12

[Episode 2400/8000 | last 100]
success rate                : 0.0% (cumulative 0.0%)
failure rate                : 0.0% (cumulative 0.0%)
completed cycles / episode  : 0.000
synthetic task reward       : 0.000
shaping reward              : 0.000
learning reward             : 0.000
episode length              : 227.1
abstract changes / episode  : 33.5
DFA transitions / episode   : 0.00
DFA transitions in window   : none
epsilon (next episode)       : 0.38282
replay buffer                : 300000 samples [1: 99.5%, 2: 0.5%, 3: 0.0%, 4: 0.0%]
DFA state visits in window   : 1: 22810, 2: 0, 3: 0, 4: 0
DFA state visits cumulative  : 1: 328983, 2: 1696, 3: 9, 4: 0
DFA state entries in window  : 1: 100, 2: 0, 3: 0, 4: 0
DFA state entries cumulative : 1: 2400, 2: 37, 3: 1, 4: 0
transitions cumulative       : 1->2: 37, 2->3: 1
accepted directly from s0    : 0
Gym endings cumulative       : terminated=2382, truncated=18

[Episode 2500/8000 | last 100]
success rate                : 0.0% (cumulative 0.0%)
failure rate                : 0.0% (cumulative 0.0%)
completed cycles / episode  : 0.000
synthetic task reward       : 0.000
shaping reward              : 0.000
learning reward             : 0.000
episode length              : 160.8
abstract changes / episode  : 31.0
DFA transitions / episode   : 0.00
DFA transitions in window   : none
epsilon (next episode)       : 0.36781
replay buffer                : 300000 samples [1: 99.5%, 2: 0.5%, 3: 0.0%, 4: 0.0%]
DFA state visits in window   : 1: 16181, 2: 0, 3: 0, 4: 0
DFA state visits cumulative  : 1: 345164, 2: 1696, 3: 9, 4: 0
DFA state entries in window  : 1: 100, 2: 0, 3: 0, 4: 0
DFA state entries cumulative : 1: 2500, 2: 37, 3: 1, 4: 0
transitions cumulative       : 1->2: 37, 2->3: 1
accepted directly from s0    : 0
Gym endings cumulative       : terminated=2481, truncated=19

[Episode 2600/8000 | last 100]
success rate                : 0.0% (cumulative 0.0%)
failure rate                : 0.0% (cumulative 0.0%)
completed cycles / episode  : 0.000
synthetic task reward       : 0.000
shaping reward              : 0.000
learning reward             : 0.000
episode length              : 193.1
abstract changes / episode  : 33.4
DFA transitions / episode   : 0.00
DFA transitions in window   : none
epsilon (next episode)       : 0.35338
replay buffer                : 300000 samples [1: 99.5%, 2: 0.5%, 3: 0.0%, 4: 0.0%]
DFA state visits in window   : 1: 19405, 2: 0, 3: 0, 4: 0
DFA state visits cumulative  : 1: 364569, 2: 1696, 3: 9, 4: 0
DFA state entries in window  : 1: 100, 2: 0, 3: 0, 4: 0
DFA state entries cumulative : 1: 2600, 2: 37, 3: 1, 4: 0
transitions cumulative       : 1->2: 37, 2->3: 1
accepted directly from s0    : 0
Gym endings cumulative       : terminated=2578, truncated=22

[Episode 2700/8000 | last 100]
success rate                : 0.0% (cumulative 0.0%)
failure rate                : 0.0% (cumulative 0.0%)
completed cycles / episode  : 0.000
synthetic task reward       : 0.000
shaping reward              : 0.000
learning reward             : 0.000
episode length              : 265.2
abstract changes / episode  : 31.9
DFA transitions / episode   : 0.00
DFA transitions in window   : none
epsilon (next episode)       : 0.33952
replay buffer                : 300000 samples [1: 99.6%, 2: 0.4%, 3: 0.0%, 4: 0.0%]
DFA state visits in window   : 1: 26622, 2: 0, 3: 0, 4: 0
DFA state visits cumulative  : 1: 391191, 2: 1696, 3: 9, 4: 0
DFA state entries in window  : 1: 100, 2: 0, 3: 0, 4: 0
DFA state entries cumulative : 1: 2700, 2: 37, 3: 1, 4: 0
transitions cumulative       : 1->2: 37, 2->3: 1
accepted directly from s0    : 0
Gym endings cumulative       : terminated=2665, truncated=35

[Episode 2800/8000 | last 100]
success rate                : 0.0% (cumulative 0.0%)
failure rate                : 0.0% (cumulative 0.0%)
completed cycles / episode  : 0.000
synthetic task reward       : 0.000
shaping reward              : 0.000
learning reward             : 0.000
episode length              : 273.1
abstract changes / episode  : 31.5
DFA transitions / episode   : 0.00
DFA transitions in window   : none
epsilon (next episode)       : 0.32621
replay buffer                : 300000 samples [1: 99.7%, 2: 0.3%, 3: 0.0%, 4: 0.0%]
DFA state visits in window   : 1: 27410, 2: 0, 3: 0, 4: 0
DFA state visits cumulative  : 1: 418601, 2: 1696, 3: 9, 4: 0
DFA state entries in window  : 1: 100, 2: 0, 3: 0, 4: 0
DFA state entries cumulative : 1: 2800, 2: 37, 3: 1, 4: 0
transitions cumulative       : 1->2: 37, 2->3: 1
accepted directly from s0    : 0
Gym endings cumulative       : terminated=2756, truncated=44

[Episode 2900/8000 | last 100]
success rate                : 0.0% (cumulative 0.0%)
failure rate                : 0.0% (cumulative 0.0%)
completed cycles / episode  : 0.000
synthetic task reward       : 0.000
shaping reward              : 0.000
learning reward             : 0.000
episode length              : 254.6
abstract changes / episode  : 32.8
DFA transitions / episode   : 0.01
DFA transitions in window   : 1->2: 1
epsilon (next episode)       : 0.31341
replay buffer                : 300000 samples [1: 99.7%, 2: 0.3%, 3: 0.0%, 4: 0.0%]
DFA state visits in window   : 1: 25522, 2: 38, 3: 0, 4: 0
DFA state visits cumulative  : 1: 444123, 2: 1734, 3: 9, 4: 0
DFA state entries in window  : 1: 100, 2: 1, 3: 0, 4: 0
DFA state entries cumulative : 1: 2900, 2: 38, 3: 1, 4: 0
transitions cumulative       : 1->2: 38, 2->3: 1
accepted directly from s0    : 0
Gym endings cumulative       : terminated=2856, truncated=44

[Episode 3000/8000 | last 100]
success rate                : 0.0% (cumulative 0.0%)
failure rate                : 0.0% (cumulative 0.0%)
completed cycles / episode  : 0.000
synthetic task reward       : 0.000
shaping reward              : 0.000
learning reward             : 0.000
episode length              : 403.2
abstract changes / episode  : 32.6
DFA transitions / episode   : 0.03
DFA transitions in window   : 1->2: 3
epsilon (next episode)       : 0.30112
replay buffer                : 300000 samples [1: 99.8%, 2: 0.2%, 3: 0.0%, 4: 0.0%]
DFA state visits in window   : 1: 40351, 2: 74, 3: 0, 4: 0
DFA state visits cumulative  : 1: 484474, 2: 1808, 3: 9, 4: 0
DFA state entries in window  : 1: 100, 2: 3, 3: 0, 4: 0
DFA state entries cumulative : 1: 3000, 2: 41, 3: 1, 4: 0
transitions cumulative       : 1->2: 41, 2->3: 1
accepted directly from s0    : 0
Gym endings cumulative       : terminated=2937, truncated=63

Starting autonomous greedy evaluation at episode 3000 (1000 fixed-seed episodes)...
[Greedy evaluation at episode 3000 | 1000 fixed-seed episodes]
success=0.0%, failure=0.0%, task reward=0.000, length=546.4
DFA transitions: none

[Episode 3100/8000 | last 100]
success rate                : 0.0% (cumulative 0.0%)
failure rate                : 0.0% (cumulative 0.0%)
completed cycles / episode  : 0.000
synthetic task reward       : 0.000
shaping reward              : 0.000
learning reward             : 0.000
episode length              : 493.8
abstract changes / episode  : 42.8
DFA transitions / episode   : 0.04
DFA transitions in window   : 1->2: 4
epsilon (next episode)       : 0.28931
replay buffer                : 300000 samples [1: 99.8%, 2: 0.2%, 3: 0.0%, 4: 0.0%]
DFA state visits in window   : 1: 49203, 2: 273, 3: 0, 4: 0
DFA state visits cumulative  : 1: 533677, 2: 2081, 3: 9, 4: 0
DFA state entries in window  : 1: 100, 2: 4, 3: 0, 4: 0
DFA state entries cumulative : 1: 3100, 2: 45, 3: 1, 4: 0
transitions cumulative       : 1->2: 45, 2->3: 1
accepted directly from s0    : 0
Gym endings cumulative       : terminated=3012, truncated=88

[Episode 3200/8000 | last 100]
success rate                : 0.0% (cumulative 0.0%)
failure rate                : 0.0% (cumulative 0.0%)
completed cycles / episode  : 0.000
synthetic task reward       : 0.000
shaping reward              : 0.000
learning reward             : 0.000
episode length              : 382.1
abstract changes / episode  : 36.6
DFA transitions / episode   : 0.14
DFA transitions in window   : 1->2: 14
epsilon (next episode)       : 0.27797
replay buffer                : 300000 samples [1: 99.6%, 2: 0.4%, 3: 0.0%, 4: 0.0%]
DFA state visits in window   : 1: 37573, 2: 737, 3: 0, 4: 0
DFA state visits cumulative  : 1: 571250, 2: 2818, 3: 9, 4: 0
DFA state entries in window  : 1: 100, 2: 14, 3: 0, 4: 0
DFA state entries cumulative : 1: 3200, 2: 59, 3: 1, 4: 0
transitions cumulative       : 1->2: 59, 2->3: 1
accepted directly from s0    : 0
Gym endings cumulative       : terminated=3110, truncated=90

[Episode 3300/8000 | last 100]
success rate                : 0.0% (cumulative 0.0%)
failure rate                : 0.0% (cumulative 0.0%)
completed cycles / episode  : 0.000
synthetic task reward       : 0.000
shaping reward              : 0.000
learning reward             : 0.000
episode length              : 219.7
abstract changes / episode  : 25.4
DFA transitions / episode   : 0.01
DFA transitions in window   : 1->2: 1
epsilon (next episode)       : 0.26706
replay buffer                : 300000 samples [1: 99.6%, 2: 0.4%, 3: 0.0%, 4: 0.0%]
DFA state visits in window   : 1: 21997, 2: 75, 3: 0, 4: 0
DFA state visits cumulative  : 1: 593247, 2: 2893, 3: 9, 4: 0
DFA state entries in window  : 1: 100, 2: 1, 3: 0, 4: 0
DFA state entries cumulative : 1: 3300, 2: 60, 3: 1, 4: 0
transitions cumulative       : 1->2: 60, 2->3: 1
accepted directly from s0    : 0
Gym endings cumulative       : terminated=3210, truncated=90

[Episode 3400/8000 | last 100]
success rate                : 0.0% (cumulative 0.0%)
failure rate                : 0.0% (cumulative 0.0%)
completed cycles / episode  : 0.000
synthetic task reward       : 0.000
shaping reward              : 0.000
learning reward             : 0.000
episode length              : 287.7
abstract changes / episode  : 32.7
DFA transitions / episode   : 0.03
DFA transitions in window   : 1->2: 3
epsilon (next episode)       : 0.25659
replay buffer                : 300000 samples [1: 99.6%, 2: 0.4%, 3: 0.0%, 4: 0.0%]
DFA state visits in window   : 1: 28796, 2: 75, 3: 0, 4: 0
DFA state visits cumulative  : 1: 622043, 2: 2968, 3: 9, 4: 0
DFA state entries in window  : 1: 100, 2: 3, 3: 0, 4: 0
DFA state entries cumulative : 1: 3400, 2: 63, 3: 1, 4: 0
transitions cumulative       : 1->2: 63, 2->3: 1
accepted directly from s0    : 0
Gym endings cumulative       : terminated=3308, truncated=92

[Episode 3500/8000 | last 100]
success rate                : 0.0% (cumulative 0.0%)
failure rate                : 0.0% (cumulative 0.0%)
completed cycles / episode  : 0.000
synthetic task reward       : 0.000
shaping reward              : 0.000
learning reward             : 0.000
episode length              : 120.2
abstract changes / episode  : 25.0
DFA transitions / episode   : 0.03
DFA transitions in window   : 1->2: 3
epsilon (next episode)       : 0.24653
replay buffer                : 300000 samples [1: 99.6%, 2: 0.4%, 3: 0.0%, 4: 0.0%]
DFA state visits in window   : 1: 12053, 2: 72, 3: 0, 4: 0
DFA state visits cumulative  : 1: 634096, 2: 3040, 3: 9, 4: 0
DFA state entries in window  : 1: 100, 2: 3, 3: 0, 4: 0
DFA state entries cumulative : 1: 3500, 2: 66, 3: 1, 4: 0
transitions cumulative       : 1->2: 66, 2->3: 1
accepted directly from s0    : 0
Gym endings cumulative       : terminated=3408, truncated=92

[Episode 3600/8000 | last 100]
success rate                : 0.0% (cumulative 0.0%)
failure rate                : 0.0% (cumulative 0.0%)
completed cycles / episode  : 0.000
synthetic task reward       : 0.000
shaping reward              : 0.000
learning reward             : 0.000
episode length              : 271.6
abstract changes / episode  : 29.0
DFA transitions / episode   : 0.05
DFA transitions in window   : 1->2: 5
epsilon (next episode)       : 0.23686
replay buffer                : 300000 samples [1: 99.5%, 2: 0.5%, 3: 0.0%, 4: 0.0%]
DFA state visits in window   : 1: 27104, 2: 156, 3: 0, 4: 0
DFA state visits cumulative  : 1: 661200, 2: 3196, 3: 9, 4: 0
DFA state entries in window  : 1: 100, 2: 5, 3: 0, 4: 0
DFA state entries cumulative : 1: 3600, 2: 71, 3: 1, 4: 0
transitions cumulative       : 1->2: 71, 2->3: 1
accepted directly from s0    : 0
Gym endings cumulative       : terminated=3499, truncated=101

[Episode 3700/8000 | last 100]
success rate                : 0.0% (cumulative 0.0%)
failure rate                : 0.0% (cumulative 0.0%)
completed cycles / episode  : 0.000
synthetic task reward       : 0.000
shaping reward              : 0.000
learning reward             : 0.000
episode length              : 231.9
abstract changes / episode  : 30.6
DFA transitions / episode   : 0.00
DFA transitions in window   : none
epsilon (next episode)       : 0.22757
replay buffer                : 300000 samples [1: 99.5%, 2: 0.5%, 3: 0.0%, 4: 0.0%]
DFA state visits in window   : 1: 23295, 2: 0, 3: 0, 4: 0
DFA state visits cumulative  : 1: 684495, 2: 3196, 3: 9, 4: 0
DFA state entries in window  : 1: 100, 2: 0, 3: 0, 4: 0
DFA state entries cumulative : 1: 3700, 2: 71, 3: 1, 4: 0
transitions cumulative       : 1->2: 71, 2->3: 1
accepted directly from s0    : 0
Gym endings cumulative       : terminated=3595, truncated=105

[Episode 3800/8000 | last 100]
success rate                : 0.0% (cumulative 0.0%)
failure rate                : 0.0% (cumulative 0.0%)
completed cycles / episode  : 0.000
synthetic task reward       : 0.000
shaping reward              : 0.000
learning reward             : 0.000
episode length              : 400.0
abstract changes / episode  : 38.9
DFA transitions / episode   : 0.03
DFA transitions in window   : 1->2: 3
epsilon (next episode)       : 0.21865
replay buffer                : 300000 samples [1: 99.4%, 2: 0.6%, 3: 0.0%, 4: 0.0%]
DFA state visits in window   : 1: 39845, 2: 255, 3: 0, 4: 0
DFA state visits cumulative  : 1: 724340, 2: 3451, 3: 9, 4: 0
DFA state entries in window  : 1: 100, 2: 3, 3: 0, 4: 0
DFA state entries cumulative : 1: 3800, 2: 74, 3: 1, 4: 0
transitions cumulative       : 1->2: 74, 2->3: 1
accepted directly from s0    : 0
Gym endings cumulative       : terminated=3685, truncated=115

[Episode 3900/8000 | last 100]
success rate                : 0.0% (cumulative 0.0%)
failure rate                : 0.0% (cumulative 0.0%)
completed cycles / episode  : 0.000
synthetic task reward       : 0.000
shaping reward              : 0.000
learning reward             : 0.000
episode length              : 273.1
abstract changes / episode  : 31.2
DFA transitions / episode   : 0.00
DFA transitions in window   : none
epsilon (next episode)       : 0.21007
replay buffer                : 300000 samples [1: 99.5%, 2: 0.5%, 3: 0.0%, 4: 0.0%]
DFA state visits in window   : 1: 27410, 2: 0, 3: 0, 4: 0
DFA state visits cumulative  : 1: 751750, 2: 3451, 3: 9, 4: 0
DFA state entries in window  : 1: 100, 2: 0, 3: 0, 4: 0
DFA state entries cumulative : 1: 3900, 2: 74, 3: 1, 4: 0
transitions cumulative       : 1->2: 74, 2->3: 1
accepted directly from s0    : 0
Gym endings cumulative       : terminated=3784, truncated=116

[Episode 4000/8000 | last 100]
success rate                : 0.0% (cumulative 0.0%)
failure rate                : 0.0% (cumulative 0.0%)
completed cycles / episode  : 0.000
synthetic task reward       : 0.000
shaping reward              : 0.000
learning reward             : 0.000
episode length              : 484.6
abstract changes / episode  : 33.1
DFA transitions / episode   : 0.04
DFA transitions in window   : 1->2: 4
epsilon (next episode)       : 0.20183
replay buffer                : 300000 samples [1: 99.4%, 2: 0.6%, 3: 0.0%, 4: 0.0%]
DFA state visits in window   : 1: 48410, 2: 154, 3: 0, 4: 0
DFA state visits cumulative  : 1: 800160, 2: 3605, 3: 9, 4: 0
DFA state entries in window  : 1: 100, 2: 4, 3: 0, 4: 0
DFA state entries cumulative : 1: 4000, 2: 78, 3: 1, 4: 0
transitions cumulative       : 1->2: 78, 2->3: 1
accepted directly from s0    : 0
Gym endings cumulative       : terminated=3869, truncated=131

Starting autonomous greedy evaluation at episode 4000 (1000 fixed-seed episodes)...
[Greedy evaluation at episode 4000 | 1000 fixed-seed episodes]
success=0.0%, failure=0.0%, task reward=0.000, length=494.5
DFA transitions: 1->2: 4

[Episode 4100/8000 | last 100]
success rate                : 0.0% (cumulative 0.0%)
failure rate                : 0.0% (cumulative 0.0%)
completed cycles / episode  : 0.000
synthetic task reward       : 0.000
shaping reward              : 0.000
learning reward             : 0.000
episode length              : 523.4
abstract changes / episode  : 42.8
DFA transitions / episode   : 0.01
DFA transitions in window   : 1->2: 1
epsilon (next episode)       : 0.19392
replay buffer                : 300000 samples [1: 99.6%, 2: 0.4%, 3: 0.0%, 4: 0.0%]
DFA state visits in window   : 1: 52417, 2: 21, 3: 0, 4: 0
DFA state visits cumulative  : 1: 852577, 2: 3626, 3: 9, 4: 0
DFA state entries in window  : 1: 100, 2: 1, 3: 0, 4: 0
DFA state entries cumulative : 1: 4100, 2: 79, 3: 1, 4: 0
transitions cumulative       : 1->2: 79, 2->3: 1
accepted directly from s0    : 0
Gym endings cumulative       : terminated=3960, truncated=140

[Episode 4200/8000 | last 100]
success rate                : 0.0% (cumulative 0.0%)
failure rate                : 0.0% (cumulative 0.0%)
completed cycles / episode  : 0.000
synthetic task reward       : 0.000
shaping reward              : 0.000
learning reward             : 0.000
episode length              : 429.8
abstract changes / episode  : 37.1
DFA transitions / episode   : 0.11
DFA transitions in window   : 1->2: 11
epsilon (next episode)       : 0.18631
replay buffer                : 300000 samples [1: 99.5%, 2: 0.5%, 3: 0.0%, 4: 0.0%]
DFA state visits in window   : 1: 42294, 2: 786, 3: 0, 4: 0
DFA state visits cumulative  : 1: 894871, 2: 4412, 3: 9, 4: 0
DFA state entries in window  : 1: 100, 2: 11, 3: 0, 4: 0
DFA state entries cumulative : 1: 4200, 2: 90, 3: 1, 4: 0
transitions cumulative       : 1->2: 90, 2->3: 1
accepted directly from s0    : 0
Gym endings cumulative       : terminated=4052, truncated=148

[Episode 4300/8000 | last 100]
success rate                : 0.0% (cumulative 0.0%)
failure rate                : 0.0% (cumulative 0.0%)
completed cycles / episode  : 0.000
synthetic task reward       : 0.000
shaping reward              : 0.000
learning reward             : 0.000
episode length              : 291.2
abstract changes / episode  : 22.9
DFA transitions / episode   : 0.00
DFA transitions in window   : none
epsilon (next episode)       : 0.17900
replay buffer                : 300000 samples [1: 99.5%, 2: 0.5%, 3: 0.0%, 4: 0.0%]
DFA state visits in window   : 1: 29216, 2: 0, 3: 0, 4: 0
DFA state visits cumulative  : 1: 924087, 2: 4412, 3: 9, 4: 0
DFA state entries in window  : 1: 100, 2: 0, 3: 0, 4: 0
DFA state entries cumulative : 1: 4300, 2: 90, 3: 1, 4: 0
transitions cumulative       : 1->2: 90, 2->3: 1
accepted directly from s0    : 0
Gym endings cumulative       : terminated=4150, truncated=150

[Episode 4400/8000 | last 100]
success rate                : 0.0% (cumulative 0.0%)
failure rate                : 0.0% (cumulative 0.0%)
completed cycles / episode  : 0.000
synthetic task reward       : 0.000
shaping reward              : 0.000
learning reward             : 0.000
episode length              : 585.6
abstract changes / episode  : 45.5
DFA transitions / episode   : 0.04
DFA transitions in window   : 1->2: 3, 2->3: 1
epsilon (next episode)       : 0.17198
replay buffer                : 300000 samples [1: 99.5%, 2: 0.5%, 3: 0.0%, 4: 0.0%]
DFA state visits in window   : 1: 58463, 2: 188, 3: 7, 4: 0
DFA state visits cumulative  : 1: 982550, 2: 4600, 3: 16, 4: 0
DFA state entries in window  : 1: 100, 2: 3, 3: 1, 4: 0
DFA state entries cumulative : 1: 4400, 2: 93, 3: 2, 4: 0
transitions cumulative       : 1->2: 93, 2->3: 2
accepted directly from s0    : 0
Gym endings cumulative       : terminated=4221, truncated=179

[Episode 4500/8000 | last 100]
success rate                : 0.0% (cumulative 0.0%)
failure rate                : 0.0% (cumulative 0.0%)
completed cycles / episode  : 0.000
synthetic task reward       : 0.000
shaping reward              : 0.000
learning reward             : 0.000
episode length              : 143.9
abstract changes / episode  : 26.8
DFA transitions / episode   : 0.00
DFA transitions in window   : none
epsilon (next episode)       : 0.16524
replay buffer                : 300000 samples [1: 99.6%, 2: 0.4%, 3: 0.0%, 4: 0.0%]
DFA state visits in window   : 1: 14492, 2: 0, 3: 0, 4: 0
DFA state visits cumulative  : 1: 997042, 2: 4600, 3: 16, 4: 0
DFA state entries in window  : 1: 100, 2: 0, 3: 0, 4: 0
DFA state entries cumulative : 1: 4500, 2: 93, 3: 2, 4: 0
transitions cumulative       : 1->2: 93, 2->3: 2
accepted directly from s0    : 0
Gym endings cumulative       : terminated=4321, truncated=179

[Episode 4600/8000 | last 100]
success rate                : 0.0% (cumulative 0.0%)
failure rate                : 0.0% (cumulative 0.0%)
completed cycles / episode  : 0.000
synthetic task reward       : 0.000
shaping reward              : 0.000
learning reward             : 0.000
episode length              : 94.2
abstract changes / episode  : 25.5
DFA transitions / episode   : 0.02
DFA transitions in window   : 1->2: 2
epsilon (next episode)       : 0.15876
replay buffer                : 300000 samples [1: 99.6%, 2: 0.4%, 3: 0.0%, 4: 0.0%]
DFA state visits in window   : 1: 9491, 2: 27, 3: 0, 4: 0
DFA state visits cumulative  : 1: 1006533, 2: 4627, 3: 16, 4: 0
DFA state entries in window  : 1: 100, 2: 2, 3: 0, 4: 0
DFA state entries cumulative : 1: 4600, 2: 95, 3: 2, 4: 0
transitions cumulative       : 1->2: 95, 2->3: 2
accepted directly from s0    : 0
Gym endings cumulative       : terminated=4421, truncated=179

[Episode 4700/8000 | last 100]
success rate                : 0.0% (cumulative 0.0%)
failure rate                : 0.0% (cumulative 0.0%)
completed cycles / episode  : 0.000
synthetic task reward       : 0.000
shaping reward              : 0.000
learning reward             : 0.000
episode length              : 140.2
abstract changes / episode  : 25.9
DFA transitions / episode   : 0.00
DFA transitions in window   : none
epsilon (next episode)       : 0.15253
replay buffer                : 300000 samples [1: 99.6%, 2: 0.4%, 3: 0.0%, 4: 0.0%]
DFA state visits in window   : 1: 14121, 2: 0, 3: 0, 4: 0
DFA state visits cumulative  : 1: 1020654, 2: 4627, 3: 16, 4: 0
DFA state entries in window  : 1: 100, 2: 0, 3: 0, 4: 0
DFA state entries cumulative : 1: 4700, 2: 95, 3: 2, 4: 0
transitions cumulative       : 1->2: 95, 2->3: 2
accepted directly from s0    : 0
Gym endings cumulative       : terminated=4521, truncated=179

[Episode 4800/8000 | last 100]
success rate                : 0.0% (cumulative 0.0%)
failure rate                : 0.0% (cumulative 0.0%)
completed cycles / episode  : 0.000
synthetic task reward       : 0.000
shaping reward              : 0.000
learning reward             : 0.000
episode length              : 162.6
abstract changes / episode  : 24.7
DFA transitions / episode   : 0.02
DFA transitions in window   : 1->2: 2
epsilon (next episode)       : 0.14655
replay buffer                : 300000 samples [1: 99.6%, 2: 0.4%, 3: 0.0%, 4: 0.0%]
DFA state visits in window   : 1: 16300, 2: 56, 3: 0, 4: 0
DFA state visits cumulative  : 1: 1036954, 2: 4683, 3: 16, 4: 0
DFA state entries in window  : 1: 100, 2: 2, 3: 0, 4: 0
DFA state entries cumulative : 1: 4800, 2: 97, 3: 2, 4: 0
transitions cumulative       : 1->2: 97, 2->3: 2
accepted directly from s0    : 0
Gym endings cumulative       : terminated=4621, truncated=179

[Episode 4900/8000 | last 100]
success rate                : 0.0% (cumulative 0.0%)
failure rate                : 0.0% (cumulative 0.0%)
completed cycles / episode  : 0.000
synthetic task reward       : 0.000
shaping reward              : 0.000
learning reward             : 0.000
episode length              : 324.1
abstract changes / episode  : 24.4
DFA transitions / episode   : 0.01
DFA transitions in window   : 1->2: 1
epsilon (next episode)       : 0.14080
replay buffer                : 300000 samples [1: 99.6%, 2: 0.4%, 3: 0.0%, 4: 0.0%]
DFA state visits in window   : 1: 32436, 2: 79, 3: 0, 4: 0
DFA state visits cumulative  : 1: 1069390, 2: 4762, 3: 16, 4: 0
DFA state entries in window  : 1: 100, 2: 1, 3: 0, 4: 0
DFA state entries cumulative : 1: 4900, 2: 98, 3: 2, 4: 0
transitions cumulative       : 1->2: 98, 2->3: 2
accepted directly from s0    : 0
Gym endings cumulative       : terminated=4709, truncated=191

[Episode 5000/8000 | last 100]
success rate                : 0.0% (cumulative 0.0%)
failure rate                : 0.0% (cumulative 0.0%)
completed cycles / episode  : 0.000
synthetic task reward       : 0.000
shaping reward              : 0.000
learning reward             : 0.000
episode length              : 529.2
abstract changes / episode  : 28.5
DFA transitions / episode   : 0.05
DFA transitions in window   : 1->2: 5
epsilon (next episode)       : 0.13528
replay buffer                : 300000 samples [1: 99.4%, 2: 0.6%, 3: 0.0%, 4: 0.0%]
DFA state visits in window   : 1: 52439, 2: 579, 3: 0, 4: 0
DFA state visits cumulative  : 1: 1121829, 2: 5341, 3: 16, 4: 0
DFA state entries in window  : 1: 100, 2: 5, 3: 0, 4: 0
DFA state entries cumulative : 1: 5000, 2: 103, 3: 2, 4: 0
transitions cumulative       : 1->2: 103, 2->3: 2
accepted directly from s0    : 0
Gym endings cumulative       : terminated=4801, truncated=199

Starting autonomous greedy evaluation at episode 5000 (1000 fixed-seed episodes)...
[Greedy evaluation at episode 5000 | 1000 fixed-seed episodes]
success=0.0%, failure=0.0%, task reward=0.000, length=211.8
DFA transitions: none

[Episode 5100/8000 | last 100]
success rate                : 0.0% (cumulative 0.0%)
failure rate                : 0.0% (cumulative 0.0%)
completed cycles / episode  : 0.000
synthetic task reward       : 0.000
shaping reward              : 0.000
learning reward             : 0.000
episode length              : 291.5
abstract changes / episode  : 29.5
DFA transitions / episode   : 0.04
DFA transitions in window   : 1->2: 4
epsilon (next episode)       : 0.12998
replay buffer                : 300000 samples [1: 99.4%, 2: 0.6%, 3: 0.0%, 4: 0.0%]
DFA state visits in window   : 1: 29153, 2: 96, 3: 0, 4: 0
DFA state visits cumulative  : 1: 1150982, 2: 5437, 3: 16, 4: 0
DFA state entries in window  : 1: 100, 2: 4, 3: 0, 4: 0
DFA state entries cumulative : 1: 5100, 2: 107, 3: 2, 4: 0
transitions cumulative       : 1->2: 107, 2->3: 2
accepted directly from s0    : 0
Gym endings cumulative       : terminated=4900, truncated=200

[Episode 5200/8000 | last 100]
success rate                : 0.0% (cumulative 0.0%)
failure rate                : 0.0% (cumulative 0.0%)
completed cycles / episode  : 0.000
synthetic task reward       : 0.000
shaping reward              : 0.000
learning reward             : 0.000
episode length              : 138.7
abstract changes / episode  : 26.9
DFA transitions / episode   : 0.01
DFA transitions in window   : 1->2: 1
epsilon (next episode)       : 0.12488
replay buffer                : 300000 samples [1: 99.5%, 2: 0.5%, 3: 0.0%, 4: 0.0%]
DFA state visits in window   : 1: 13832, 2: 137, 3: 0, 4: 0
DFA state visits cumulative  : 1: 1164814, 2: 5574, 3: 16, 4: 0
DFA state entries in window  : 1: 100, 2: 1, 3: 0, 4: 0
DFA state entries cumulative : 1: 5200, 2: 108, 3: 2, 4: 0
transitions cumulative       : 1->2: 108, 2->3: 2
accepted directly from s0    : 0
Gym endings cumulative       : terminated=5000, truncated=200

[Episode 5300/8000 | last 100]
success rate                : 0.0% (cumulative 0.0%)
failure rate                : 0.0% (cumulative 0.0%)
completed cycles / episode  : 0.000
synthetic task reward       : 0.000
shaping reward              : 0.000
learning reward             : 0.000
episode length              : 145.3
abstract changes / episode  : 25.3
DFA transitions / episode   : 0.05
DFA transitions in window   : 1->2: 5
epsilon (next episode)       : 0.11998
replay buffer                : 300000 samples [1: 99.5%, 2: 0.5%, 3: 0.0%, 4: 0.0%]
DFA state visits in window   : 1: 14530, 2: 101, 3: 0, 4: 0
DFA state visits cumulative  : 1: 1179344, 2: 5675, 3: 16, 4: 0
DFA state entries in window  : 1: 100, 2: 5, 3: 0, 4: 0
DFA state entries cumulative : 1: 5300, 2: 113, 3: 2, 4: 0
transitions cumulative       : 1->2: 113, 2->3: 2
accepted directly from s0    : 0
Gym endings cumulative       : terminated=5100, truncated=200

[Episode 5400/8000 | last 100]
success rate                : 0.0% (cumulative 0.0%)
failure rate                : 0.0% (cumulative 0.0%)
completed cycles / episode  : 0.000
synthetic task reward       : 0.000
shaping reward              : 0.000
learning reward             : 0.000
episode length              : 223.8
abstract changes / episode  : 24.5
DFA transitions / episode   : 0.03
DFA transitions in window   : 1->2: 3
epsilon (next episode)       : 0.11528
replay buffer                : 300000 samples [1: 99.6%, 2: 0.4%, 3: 0.0%, 4: 0.0%]
DFA state visits in window   : 1: 22421, 2: 63, 3: 0, 4: 0
DFA state visits cumulative  : 1: 1201765, 2: 5738, 3: 16, 4: 0
DFA state entries in window  : 1: 100, 2: 3, 3: 0, 4: 0
DFA state entries cumulative : 1: 5400, 2: 116, 3: 2, 4: 0
transitions cumulative       : 1->2: 116, 2->3: 2
accepted directly from s0    : 0
Gym endings cumulative       : terminated=5200, truncated=200

[Episode 5500/8000 | last 100]
success rate                : 0.0% (cumulative 0.0%)
failure rate                : 0.0% (cumulative 0.0%)
completed cycles / episode  : 0.000
synthetic task reward       : 0.000
shaping reward              : 0.000
learning reward             : 0.000
episode length              : 171.0
abstract changes / episode  : 16.9
DFA transitions / episode   : 0.00
DFA transitions in window   : none
epsilon (next episode)       : 0.11075
replay buffer                : 300000 samples [1: 99.6%, 2: 0.4%, 3: 0.0%, 4: 0.0%]
DFA state visits in window   : 1: 17198, 2: 0, 3: 0, 4: 0
DFA state visits cumulative  : 1: 1218963, 2: 5738, 3: 16, 4: 0
DFA state entries in window  : 1: 100, 2: 0, 3: 0, 4: 0
DFA state entries cumulative : 1: 5500, 2: 116, 3: 2, 4: 0
transitions cumulative       : 1->2: 116, 2->3: 2
accepted directly from s0    : 0
Gym endings cumulative       : terminated=5300, truncated=200

[Episode 5600/8000 | last 100]
success rate                : 0.0% (cumulative 0.0%)
failure rate                : 0.0% (cumulative 0.0%)
completed cycles / episode  : 0.000
synthetic task reward       : 0.000
shaping reward              : 0.000
learning reward             : 0.000
episode length              : 167.6
abstract changes / episode  : 17.8
DFA transitions / episode   : 0.01
DFA transitions in window   : 1->2: 1
epsilon (next episode)       : 0.10641
replay buffer                : 300000 samples [1: 99.6%, 2: 0.4%, 3: 0.0%, 4: 0.0%]
DFA state visits in window   : 1: 16846, 2: 16, 3: 0, 4: 0
DFA state visits cumulative  : 1: 1235809, 2: 5754, 3: 16, 4: 0
DFA state entries in window  : 1: 100, 2: 1, 3: 0, 4: 0
DFA state entries cumulative : 1: 5600, 2: 117, 3: 2, 4: 0
transitions cumulative       : 1->2: 117, 2->3: 2
accepted directly from s0    : 0
Gym endings cumulative       : terminated=5400, truncated=200

[Episode 5700/8000 | last 100]
success rate                : 0.0% (cumulative 0.0%)
failure rate                : 0.0% (cumulative 0.0%)
completed cycles / episode  : 0.000
synthetic task reward       : 0.000
shaping reward              : 0.000
learning reward             : 0.000
episode length              : 127.8
abstract changes / episode  : 17.4
DFA transitions / episode   : 0.08
DFA transitions in window   : 1->2: 8
epsilon (next episode)       : 0.10224
replay buffer                : 300000 samples [1: 99.5%, 2: 0.5%, 3: 0.0%, 4: 0.0%]
DFA state visits in window   : 1: 12755, 2: 130, 3: 0, 4: 0
DFA state visits cumulative  : 1: 1248564, 2: 5884, 3: 16, 4: 0
DFA state entries in window  : 1: 100, 2: 8, 3: 0, 4: 0
DFA state entries cumulative : 1: 5700, 2: 125, 3: 2, 4: 0
transitions cumulative       : 1->2: 125, 2->3: 2
accepted directly from s0    : 0
Gym endings cumulative       : terminated=5500, truncated=200

[Episode 5800/8000 | last 100]
success rate                : 0.0% (cumulative 0.0%)
failure rate                : 0.0% (cumulative 0.0%)
completed cycles / episode  : 0.000
synthetic task reward       : 0.000
shaping reward              : 0.000
learning reward             : 0.000
episode length              : 131.8
abstract changes / episode  : 19.9
DFA transitions / episode   : 0.07
DFA transitions in window   : 1->2: 7
epsilon (next episode)       : 0.09823
replay buffer                : 300000 samples [1: 99.5%, 2: 0.5%, 3: 0.0%, 4: 0.0%]
DFA state visits in window   : 1: 13094, 2: 191, 3: 0, 4: 0
DFA state visits cumulative  : 1: 1261658, 2: 6075, 3: 16, 4: 0
DFA state entries in window  : 1: 100, 2: 7, 3: 0, 4: 0
DFA state entries cumulative : 1: 5800, 2: 132, 3: 2, 4: 0
transitions cumulative       : 1->2: 132, 2->3: 2
accepted directly from s0    : 0
Gym endings cumulative       : terminated=5600, truncated=200

[Episode 5900/8000 | last 100]
success rate                : 0.0% (cumulative 0.0%)
failure rate                : 0.0% (cumulative 0.0%)
completed cycles / episode  : 0.000
synthetic task reward       : 0.000
shaping reward              : 0.000
learning reward             : 0.000
episode length              : 136.9
abstract changes / episode  : 28.0
DFA transitions / episode   : 0.01
DFA transitions in window   : 1->2: 1
epsilon (next episode)       : 0.09438
replay buffer                : 300000 samples [1: 99.5%, 2: 0.5%, 3: 0.0%, 4: 0.0%]
DFA state visits in window   : 1: 13755, 2: 33, 3: 0, 4: 0
DFA state visits cumulative  : 1: 1275413, 2: 6108, 3: 16, 4: 0
DFA state entries in window  : 1: 100, 2: 1, 3: 0, 4: 0
DFA state entries cumulative : 1: 5900, 2: 133, 3: 2, 4: 0
transitions cumulative       : 1->2: 133, 2->3: 2
accepted directly from s0    : 0
Gym endings cumulative       : terminated=5700, truncated=200

[Episode 6000/8000 | last 100]
success rate                : 0.0% (cumulative 0.0%)
failure rate                : 0.0% (cumulative 0.0%)
completed cycles / episode  : 0.000
synthetic task reward       : 0.000
shaping reward              : 0.000
learning reward             : 0.000
episode length              : 133.0
abstract changes / episode  : 27.4
DFA transitions / episode   : 0.04
DFA transitions in window   : 1->2: 4
epsilon (next episode)       : 0.09067
replay buffer                : 300000 samples [1: 99.4%, 2: 0.6%, 3: 0.0%, 4: 0.0%]
DFA state visits in window   : 1: 13166, 2: 230, 3: 0, 4: 0
DFA state visits cumulative  : 1: 1288579, 2: 6338, 3: 16, 4: 0
DFA state entries in window  : 1: 100, 2: 4, 3: 0, 4: 0
DFA state entries cumulative : 1: 6000, 2: 137, 3: 2, 4: 0
transitions cumulative       : 1->2: 137, 2->3: 2
accepted directly from s0    : 0
Gym endings cumulative       : terminated=5800, truncated=200

Starting autonomous greedy evaluation at episode 6000 (1000 fixed-seed episodes)...
[Greedy evaluation at episode 6000 | 1000 fixed-seed episodes]
success=0.0%, failure=0.0%, task reward=0.000, length=180.6
DFA transitions: 1->2: 204

[Episode 6100/8000 | last 100]
success rate                : 0.0% (cumulative 0.0%)
failure rate                : 0.0% (cumulative 0.0%)
completed cycles / episode  : 0.000
synthetic task reward       : 0.000
shaping reward              : 0.000
learning reward             : 0.000
episode length              : 397.0
abstract changes / episode  : 33.9
DFA transitions / episode   : 0.18
DFA transitions in window   : 1->2: 18
epsilon (next episode)       : 0.08712
replay buffer                : 300000 samples [1: 99.0%, 2: 1.0%, 3: 0.0%, 4: 0.0%]
DFA state visits in window   : 1: 38339, 2: 1461, 3: 0, 4: 0
DFA state visits cumulative  : 1: 1326918, 2: 7799, 3: 16, 4: 0
DFA state entries in window  : 1: 100, 2: 18, 3: 0, 4: 0
DFA state entries cumulative : 1: 6100, 2: 155, 3: 2, 4: 0
transitions cumulative       : 1->2: 155, 2->3: 2
accepted directly from s0    : 0
Gym endings cumulative       : terminated=5884, truncated=216

[Episode 6200/8000 | last 100]
success rate                : 0.0% (cumulative 0.0%)
failure rate                : 0.0% (cumulative 0.0%)
completed cycles / episode  : 0.000
synthetic task reward       : 0.000
shaping reward              : 0.000
learning reward             : 0.000
episode length              : 233.6
abstract changes / episode  : 30.4
DFA transitions / episode   : 0.09
DFA transitions in window   : 1->2: 9
epsilon (next episode)       : 0.08370
replay buffer                : 300000 samples [1: 98.9%, 2: 1.1%, 3: 0.0%, 4: 0.0%]
DFA state visits in window   : 1: 23105, 2: 351, 3: 0, 4: 0
DFA state visits cumulative  : 1: 1350023, 2: 8150, 3: 16, 4: 0
DFA state entries in window  : 1: 100, 2: 9, 3: 0, 4: 0
DFA state entries cumulative : 1: 6200, 2: 164, 3: 2, 4: 0
transitions cumulative       : 1->2: 164, 2->3: 2
accepted directly from s0    : 0
Gym endings cumulative       : terminated=5981, truncated=219

[Episode 6300/8000 | last 100]
success rate                : 0.0% (cumulative 0.0%)
failure rate                : 0.0% (cumulative 0.0%)
completed cycles / episode  : 0.000
synthetic task reward       : 0.000
shaping reward              : 0.000
learning reward             : 0.000
episode length              : 123.6
abstract changes / episode  : 25.8
DFA transitions / episode   : 0.10
DFA transitions in window   : 1->2: 10
epsilon (next episode)       : 0.08042
replay buffer                : 300000 samples [1: 98.7%, 2: 1.3%, 3: 0.0%, 4: 0.0%]
DFA state visits in window   : 1: 11837, 2: 622, 3: 0, 4: 0
DFA state visits cumulative  : 1: 1361860, 2: 8772, 3: 16, 4: 0
DFA state entries in window  : 1: 100, 2: 10, 3: 0, 4: 0
DFA state entries cumulative : 1: 6300, 2: 174, 3: 2, 4: 0
transitions cumulative       : 1->2: 174, 2->3: 2
accepted directly from s0    : 0
Gym endings cumulative       : terminated=6081, truncated=219

[Episode 6400/8000 | last 100]
success rate                : 0.0% (cumulative 0.0%)
failure rate                : 0.0% (cumulative 0.0%)
completed cycles / episode  : 0.000
synthetic task reward       : 0.000
shaping reward              : 0.000
learning reward             : 0.000
episode length              : 133.2
abstract changes / episode  : 27.0
DFA transitions / episode   : 0.03
DFA transitions in window   : 1->2: 3
epsilon (next episode)       : 0.07727
replay buffer                : 300000 samples [1: 98.6%, 2: 1.4%, 3: 0.0%, 4: 0.0%]
DFA state visits in window   : 1: 13256, 2: 166, 3: 0, 4: 0
DFA state visits cumulative  : 1: 1375116, 2: 8938, 3: 16, 4: 0
DFA state entries in window  : 1: 100, 2: 3, 3: 0, 4: 0
DFA state entries cumulative : 1: 6400, 2: 177, 3: 2, 4: 0
transitions cumulative       : 1->2: 177, 2->3: 2
accepted directly from s0    : 0
Gym endings cumulative       : terminated=6181, truncated=219

[Episode 6500/8000 | last 100]
success rate                : 0.0% (cumulative 0.0%)
failure rate                : 0.0% (cumulative 0.0%)
completed cycles / episode  : 0.000
synthetic task reward       : 0.000
shaping reward              : 0.000
learning reward             : 0.000
episode length              : 101.8
abstract changes / episode  : 26.0
DFA transitions / episode   : 0.00
DFA transitions in window   : none
epsilon (next episode)       : 0.07423
replay buffer                : 300000 samples [1: 98.6%, 2: 1.4%, 3: 0.0%, 4: 0.0%]
DFA state visits in window   : 1: 10277, 2: 0, 3: 0, 4: 0
DFA state visits cumulative  : 1: 1385393, 2: 8938, 3: 16, 4: 0
DFA state entries in window  : 1: 100, 2: 0, 3: 0, 4: 0
DFA state entries cumulative : 1: 6500, 2: 177, 3: 2, 4: 0
transitions cumulative       : 1->2: 177, 2->3: 2
accepted directly from s0    : 0
Gym endings cumulative       : terminated=6281, truncated=219

[Episode 6600/8000 | last 100]
success rate                : 0.0% (cumulative 0.0%)
failure rate                : 0.0% (cumulative 0.0%)
completed cycles / episode  : 0.000
synthetic task reward       : 0.000
shaping reward              : 0.000
learning reward             : 0.000
episode length              : 187.1
abstract changes / episode  : 28.0
DFA transitions / episode   : 0.11
DFA transitions in window   : 1->2: 11
epsilon (next episode)       : 0.07132
replay buffer                : 300000 samples [1: 98.5%, 2: 1.5%, 3: 0.0%, 4: 0.0%]
DFA state visits in window   : 1: 18263, 2: 545, 3: 0, 4: 0
DFA state visits cumulative  : 1: 1403656, 2: 9483, 3: 16, 4: 0
DFA state entries in window  : 1: 100, 2: 11, 3: 0, 4: 0
DFA state entries cumulative : 1: 6600, 2: 188, 3: 2, 4: 0
transitions cumulative       : 1->2: 188, 2->3: 2
accepted directly from s0    : 0
Gym endings cumulative       : terminated=6381, truncated=219

[Episode 6700/8000 | last 100]
success rate                : 0.0% (cumulative 0.0%)
failure rate                : 0.0% (cumulative 0.0%)
completed cycles / episode  : 0.000
synthetic task reward       : 0.000
shaping reward              : 0.000
learning reward             : 0.000
episode length              : 195.1
abstract changes / episode  : 25.9
DFA transitions / episode   : 0.18
DFA transitions in window   : 1->2: 18
epsilon (next episode)       : 0.06853
replay buffer                : 300000 samples [1: 98.4%, 2: 1.6%, 3: 0.0%, 4: 0.0%]
DFA state visits in window   : 1: 18794, 2: 819, 3: 0, 4: 0
DFA state visits cumulative  : 1: 1422450, 2: 10302, 3: 16, 4: 0
DFA state entries in window  : 1: 100, 2: 18, 3: 0, 4: 0
DFA state entries cumulative : 1: 6700, 2: 206, 3: 2, 4: 0
transitions cumulative       : 1->2: 206, 2->3: 2
accepted directly from s0    : 0
Gym endings cumulative       : terminated=6481, truncated=219

[Episode 6800/8000 | last 100]
success rate                : 0.0% (cumulative 0.0%)
failure rate                : 0.0% (cumulative 0.0%)
completed cycles / episode  : 0.000
synthetic task reward       : 0.000
shaping reward              : 0.000
learning reward             : 0.000
episode length              : 282.2
abstract changes / episode  : 34.4
DFA transitions / episode   : 0.03
DFA transitions in window   : 1->2: 3
epsilon (next episode)       : 0.06584
replay buffer                : 300000 samples [1: 98.4%, 2: 1.6%, 3: 0.0%, 4: 0.0%]
DFA state visits in window   : 1: 28287, 2: 37, 3: 0, 4: 0
DFA state visits cumulative  : 1: 1450737, 2: 10339, 3: 16, 4: 0
DFA state entries in window  : 1: 100, 2: 3, 3: 0, 4: 0
DFA state entries cumulative : 1: 6800, 2: 209, 3: 2, 4: 0
transitions cumulative       : 1->2: 209, 2->3: 2
accepted directly from s0    : 0
Gym endings cumulative       : terminated=6573, truncated=227

[Episode 6900/8000 | last 100]
success rate                : 0.0% (cumulative 0.0%)
failure rate                : 0.0% (cumulative 0.0%)
completed cycles / episode  : 0.000
synthetic task reward       : 0.000
shaping reward              : 0.000
learning reward             : 0.000
episode length              : 263.0
abstract changes / episode  : 24.5
DFA transitions / episode   : 0.00
DFA transitions in window   : none
epsilon (next episode)       : 0.06326
replay buffer                : 300000 samples [1: 98.5%, 2: 1.5%, 3: 0.0%, 4: 0.0%]
DFA state visits in window   : 1: 26399, 2: 0, 3: 0, 4: 0
DFA state visits cumulative  : 1: 1477136, 2: 10339, 3: 16, 4: 0
DFA state entries in window  : 1: 100, 2: 0, 3: 0, 4: 0
DFA state entries cumulative : 1: 6900, 2: 209, 3: 2, 4: 0
transitions cumulative       : 1->2: 209, 2->3: 2
accepted directly from s0    : 0
Gym endings cumulative       : terminated=6673, truncated=227

[Episode 7000/8000 | last 100]
success rate                : 0.0% (cumulative 0.0%)
failure rate                : 0.0% (cumulative 0.0%)
completed cycles / episode  : 0.000
synthetic task reward       : 0.000
shaping reward              : 0.000
learning reward             : 0.000
episode length              : 307.8
abstract changes / episode  : 25.4
DFA transitions / episode   : 0.02
DFA transitions in window   : 1->2: 2
epsilon (next episode)       : 0.06078
replay buffer                : 300000 samples [1: 98.5%, 2: 1.5%, 3: 0.0%, 4: 0.0%]
DFA state visits in window   : 1: 30765, 2: 116, 3: 0, 4: 0
DFA state visits cumulative  : 1: 1507901, 2: 10455, 3: 16, 4: 0
DFA state entries in window  : 1: 100, 2: 2, 3: 0, 4: 0
DFA state entries cumulative : 1: 7000, 2: 211, 3: 2, 4: 0
transitions cumulative       : 1->2: 211, 2->3: 2
accepted directly from s0    : 0
Gym endings cumulative       : terminated=6773, truncated=227

Starting autonomous greedy evaluation at episode 7000 (1000 fixed-seed episodes)...
[Greedy evaluation at episode 7000 | 1000 fixed-seed episodes]
success=0.0%, failure=0.0%, task reward=0.000, length=255.1
DFA transitions: 1->2: 171

[Episode 7100/8000 | last 100]
success rate                : 0.0% (cumulative 0.0%)
failure rate                : 0.0% (cumulative 0.0%)
completed cycles / episode  : 0.000
synthetic task reward       : 0.000
shaping reward              : 0.000
learning reward             : 0.000
episode length              : 409.1
abstract changes / episode  : 26.1
DFA transitions / episode   : 0.05
DFA transitions in window   : 1->2: 5
epsilon (next episode)       : 0.05839
replay buffer                : 300000 samples [1: 98.3%, 2: 1.7%, 3: 0.0%, 4: 0.0%]
DFA state visits in window   : 1: 40467, 2: 543, 3: 0, 4: 0
DFA state visits cumulative  : 1: 1548368, 2: 10998, 3: 16, 4: 0
DFA state entries in window  : 1: 100, 2: 5, 3: 0, 4: 0
DFA state entries cumulative : 1: 7100, 2: 216, 3: 2, 4: 0
transitions cumulative       : 1->2: 216, 2->3: 2
accepted directly from s0    : 0
Gym endings cumulative       : terminated=6870, truncated=230

[Episode 7200/8000 | last 100]
success rate                : 0.0% (cumulative 0.0%)
failure rate                : 0.0% (cumulative 0.0%)
completed cycles / episode  : 0.000
synthetic task reward       : 0.000
shaping reward              : 0.000
learning reward             : 0.000
episode length              : 431.8
abstract changes / episode  : 27.8
DFA transitions / episode   : 0.01
DFA transitions in window   : 1->2: 1
epsilon (next episode)       : 0.05610
replay buffer                : 300000 samples [1: 98.8%, 2: 1.2%, 3: 0.0%, 4: 0.0%]
DFA state visits in window   : 1: 43150, 2: 132, 3: 0, 4: 0
DFA state visits cumulative  : 1: 1591518, 2: 11130, 3: 16, 4: 0
DFA state entries in window  : 1: 100, 2: 1, 3: 0, 4: 0
DFA state entries cumulative : 1: 7200, 2: 217, 3: 2, 4: 0
transitions cumulative       : 1->2: 217, 2->3: 2
accepted directly from s0    : 0
Gym endings cumulative       : terminated=6969, truncated=231

[Episode 7300/8000 | last 100]
success rate                : 0.0% (cumulative 0.0%)
failure rate                : 0.0% (cumulative 0.0%)
completed cycles / episode  : 0.000
synthetic task reward       : 0.000
shaping reward              : 0.000
learning reward             : 0.000
episode length              : 417.7
abstract changes / episode  : 36.0
DFA transitions / episode   : 0.04
DFA transitions in window   : 1->2: 4
epsilon (next episode)       : 0.05390
replay buffer                : 300000 samples [1: 98.8%, 2: 1.2%, 3: 0.0%, 4: 0.0%]
DFA state visits in window   : 1: 41411, 2: 461, 3: 0, 4: 0
DFA state visits cumulative  : 1: 1632929, 2: 11591, 3: 16, 4: 0
DFA state entries in window  : 1: 100, 2: 4, 3: 0, 4: 0
DFA state entries cumulative : 1: 7300, 2: 221, 3: 2, 4: 0
transitions cumulative       : 1->2: 221, 2->3: 2
accepted directly from s0    : 0
Gym endings cumulative       : terminated=7069, truncated=231

[Episode 7400/8000 | last 100]
success rate                : 0.0% (cumulative 0.0%)
failure rate                : 0.0% (cumulative 0.0%)
completed cycles / episode  : 0.000
synthetic task reward       : 0.000
shaping reward              : 0.000
learning reward             : 0.000
episode length              : 348.9
abstract changes / episode  : 27.2
DFA transitions / episode   : 0.00
DFA transitions in window   : none
epsilon (next episode)       : 0.05179
replay buffer                : 300000 samples [1: 99.1%, 2: 0.9%, 3: 0.0%, 4: 0.0%]
DFA state visits in window   : 1: 34986, 2: 0, 3: 0, 4: 0
DFA state visits cumulative  : 1: 1667915, 2: 11591, 3: 16, 4: 0
DFA state entries in window  : 1: 100, 2: 0, 3: 0, 4: 0
DFA state entries cumulative : 1: 7400, 2: 221, 3: 2, 4: 0
transitions cumulative       : 1->2: 221, 2->3: 2
accepted directly from s0    : 0
Gym endings cumulative       : terminated=7164, truncated=236

[Episode 7500/8000 | last 100]
success rate                : 0.0% (cumulative 0.0%)
failure rate                : 0.0% (cumulative 0.0%)
completed cycles / episode  : 0.000
synthetic task reward       : 0.000
shaping reward              : 0.000
learning reward             : 0.000
episode length              : 392.1
abstract changes / episode  : 39.7
DFA transitions / episode   : 0.05
DFA transitions in window   : 1->2: 5
epsilon (next episode)       : 0.04976
replay buffer                : 300000 samples [1: 99.4%, 2: 0.6%, 3: 0.0%, 4: 0.0%]
DFA state visits in window   : 1: 39195, 2: 118, 3: 0, 4: 0
DFA state visits cumulative  : 1: 1707110, 2: 11709, 3: 16, 4: 0
DFA state entries in window  : 1: 100, 2: 5, 3: 0, 4: 0
DFA state entries cumulative : 1: 7500, 2: 226, 3: 2, 4: 0
transitions cumulative       : 1->2: 226, 2->3: 2
accepted directly from s0    : 0
Gym endings cumulative       : terminated=7259, truncated=241

[Episode 7600/8000 | last 100]
success rate                : 0.0% (cumulative 0.0%)
failure rate                : 0.0% (cumulative 0.0%)
completed cycles / episode  : 0.000
synthetic task reward       : 0.000
shaping reward              : 0.000
learning reward             : 0.000
episode length              : 187.1
abstract changes / episode  : 29.4
DFA transitions / episode   : 0.01
DFA transitions in window   : 1->2: 1
epsilon (next episode)       : 0.04781
replay buffer                : 300000 samples [1: 99.5%, 2: 0.5%, 3: 0.0%, 4: 0.0%]
DFA state visits in window   : 1: 18799, 2: 9, 3: 0, 4: 0
DFA state visits cumulative  : 1: 1725909, 2: 11718, 3: 16, 4: 0
DFA state entries in window  : 1: 100, 2: 1, 3: 0, 4: 0
DFA state entries cumulative : 1: 7600, 2: 227, 3: 2, 4: 0
transitions cumulative       : 1->2: 227, 2->3: 2
accepted directly from s0    : 0
Gym endings cumulative       : terminated=7356, truncated=244

[Episode 7700/8000 | last 100]
success rate                : 0.0% (cumulative 0.0%)
failure rate                : 0.0% (cumulative 0.0%)
completed cycles / episode  : 0.000
synthetic task reward       : 0.000
shaping reward              : 0.000
learning reward             : 0.000
episode length              : 253.3
abstract changes / episode  : 26.8
DFA transitions / episode   : 0.09
DFA transitions in window   : 1->2: 9
epsilon (next episode)       : 0.04593
replay buffer                : 300000 samples [1: 99.5%, 2: 0.5%, 3: 0.0%, 4: 0.0%]
DFA state visits in window   : 1: 25140, 2: 287, 3: 0, 4: 0
DFA state visits cumulative  : 1: 1751049, 2: 12005, 3: 16, 4: 0
DFA state entries in window  : 1: 100, 2: 9, 3: 0, 4: 0
DFA state entries cumulative : 1: 7700, 2: 236, 3: 2, 4: 0
transitions cumulative       : 1->2: 236, 2->3: 2
accepted directly from s0    : 0
Gym endings cumulative       : terminated=7452, truncated=248

[Episode 7800/8000 | last 100]
success rate                : 0.0% (cumulative 0.0%)
failure rate                : 0.0% (cumulative 0.0%)
completed cycles / episode  : 0.000
synthetic task reward       : 0.000
shaping reward              : 0.000
learning reward             : 0.000
episode length              : 175.7
abstract changes / episode  : 27.2
DFA transitions / episode   : 0.08
DFA transitions in window   : 1->2: 8
epsilon (next episode)       : 0.04413
replay buffer                : 300000 samples [1: 99.4%, 2: 0.6%, 3: 0.0%, 4: 0.0%]
DFA state visits in window   : 1: 17428, 2: 244, 3: 0, 4: 0
DFA state visits cumulative  : 1: 1768477, 2: 12249, 3: 16, 4: 0
DFA state entries in window  : 1: 100, 2: 8, 3: 0, 4: 0
DFA state entries cumulative : 1: 7800, 2: 244, 3: 2, 4: 0
transitions cumulative       : 1->2: 244, 2->3: 2
accepted directly from s0    : 0
Gym endings cumulative       : terminated=7552, truncated=248

[Episode 7900/8000 | last 100]
success rate                : 0.0% (cumulative 0.0%)
failure rate                : 0.0% (cumulative 0.0%)
completed cycles / episode  : 0.000
synthetic task reward       : 0.000
shaping reward              : 0.000
learning reward             : 0.000
episode length              : 127.1
abstract changes / episode  : 25.4
DFA transitions / episode   : 0.03
DFA transitions in window   : 1->2: 3
epsilon (next episode)       : 0.04240
replay buffer                : 300000 samples [1: 99.4%, 2: 0.6%, 3: 0.0%, 4: 0.0%]
DFA state visits in window   : 1: 12754, 2: 55, 3: 0, 4: 0
DFA state visits cumulative  : 1: 1781231, 2: 12304, 3: 16, 4: 0
DFA state entries in window  : 1: 100, 2: 3, 3: 0, 4: 0
DFA state entries cumulative : 1: 7900, 2: 247, 3: 2, 4: 0
transitions cumulative       : 1->2: 247, 2->3: 2
accepted directly from s0    : 0
Gym endings cumulative       : terminated=7652, truncated=248

[Episode 8000/8000 | last 100]
success rate                : 0.0% (cumulative 0.0%)
failure rate                : 0.0% (cumulative 0.0%)
completed cycles / episode  : 0.000
synthetic task reward       : 0.000
shaping reward              : 0.000
learning reward             : 0.000
episode length              : 153.5
abstract changes / episode  : 23.5
DFA transitions / episode   : 0.00
DFA transitions in window   : none
epsilon (next episode)       : 0.04074
replay buffer                : 300000 samples [1: 99.4%, 2: 0.6%, 3: 0.0%, 4: 0.0%]
DFA state visits in window   : 1: 15448, 2: 0, 3: 0, 4: 0
DFA state visits cumulative  : 1: 1796679, 2: 12304, 3: 16, 4: 0
DFA state entries in window  : 1: 100, 2: 0, 3: 0, 4: 0
DFA state entries cumulative : 1: 8000, 2: 247, 3: 2, 4: 0
transitions cumulative       : 1->2: 247, 2->3: 2
accepted directly from s0    : 0
Gym endings cumulative       : terminated=7752, truncated=248

Starting autonomous greedy evaluation at episode 8000 (1000 fixed-seed episodes)...
[Greedy evaluation at episode 8000 | 1000 fixed-seed episodes]
success=0.0%, failure=0.0%, task reward=0.000, length=167.2
DFA transitions: 1->2: 1
Last policy saved after episode 8000. Best greedy evaluation: episode 1000, mean task reward=0.000
