
=== NEW RUN ===
episodes=8000, shaping=True, goal_reward=10000.0, gamma=0.99
gamma_shaping=1.0, shaping_formula=gamma_shaping*Phi(next)-Phi(state)
eval_interval=1000, eval_episodes=1000, eval_seed=100000
inter_level_shaping=False, inter_level_formula=gamma*Phi(next)-Phi(state)
task_type=ltlf, task=F(wp1 & X(F(wp2 & X(F(g1)))))
regions={wp1: {'center': [-0.75, 1.0625], 'radius': 0.1}, wp2: {'center': [0, 0.1525], 'radius': 0.1}, g1: {'center': [0.75, 1.0625], 'radius': 0.1}}
dfa_states=[1, 2, 3, 4], pre_trace=1, accepting=[4], failure=[]

[Episode 1/8000 | last 1]
success rate                : 0.0% (cumulative 0.0%)
failure rate                : 0.0% (cumulative 0.0%)
completed cycles / episode  : 0.000
synthetic task reward       : 0.000
shaping reward              : -565.743
learning reward             : -565.743
episode length              : 123.0
abstract changes / episode  : 30.0
DFA transitions / episode   : 0.00
DFA transitions in window   : none
epsilon (next episode)       : 0.99960
replay buffer                : 123 samples [1: 100.0%, 2: 0.0%, 3: 0.0%, 4: 0.0%]
DFA state visits in window   : 1: 124, 2: 0, 3: 0, 4: 0
DFA state visits cumulative  : 1: 124, 2: 0, 3: 0, 4: 0
DFA state entries in window  : 1: 1, 2: 0, 3: 0, 4: 0
DFA state entries cumulative : 1: 1, 2: 0, 3: 0, 4: 0
transitions cumulative       : none
accepted directly from s0    : 0
Gym endings cumulative       : terminated=1, truncated=0

[Episode 100/8000 | last 100]
success rate                : 0.0% (cumulative 0.0%)
failure rate                : 0.0% (cumulative 0.0%)
completed cycles / episode  : 0.000
synthetic task reward       : 0.000
shaping reward              : -459.155
learning reward             : -459.155
episode length              : 91.7
abstract changes / episode  : 26.0
DFA transitions / episode   : 0.01
DFA transitions in window   : 1->2: 1
epsilon (next episode)       : 0.96078
replay buffer                : 9166 samples [1: 99.8%, 2: 0.2%, 3: 0.0%, 4: 0.0%]
DFA state visits in window   : 1: 9246, 2: 20, 3: 0, 4: 0
DFA state visits cumulative  : 1: 9246, 2: 20, 3: 0, 4: 0
DFA state entries in window  : 1: 100, 2: 1, 3: 0, 4: 0
DFA state entries cumulative : 1: 100, 2: 1, 3: 0, 4: 0
transitions cumulative       : 1->2: 1
accepted directly from s0    : 0
Gym endings cumulative       : terminated=100, truncated=0

[Episode 200/8000 | last 100]
success rate                : 0.0% (cumulative 0.0%)
failure rate                : 0.0% (cumulative 0.0%)
completed cycles / episode  : 0.000
synthetic task reward       : 0.000
shaping reward              : -421.203
learning reward             : -421.203
episode length              : 94.6
abstract changes / episode  : 26.1
DFA transitions / episode   : 0.03
DFA transitions in window   : 1->2: 3
epsilon (next episode)       : 0.92310
replay buffer                : 18625 samples [1: 99.6%, 2: 0.4%, 3: 0.0%, 4: 0.0%]
DFA state visits in window   : 1: 9498, 2: 61, 3: 0, 4: 0
DFA state visits cumulative  : 1: 18744, 2: 81, 3: 0, 4: 0
DFA state entries in window  : 1: 100, 2: 3, 3: 0, 4: 0
DFA state entries cumulative : 1: 200, 2: 4, 3: 0, 4: 0
transitions cumulative       : 1->2: 4
accepted directly from s0    : 0
Gym endings cumulative       : terminated=200, truncated=0

[Episode 300/8000 | last 100]
success rate                : 0.0% (cumulative 0.0%)
failure rate                : 0.0% (cumulative 0.0%)
completed cycles / episode  : 0.000
synthetic task reward       : 0.000
shaping reward              : -419.034
learning reward             : -419.034
episode length              : 100.4
abstract changes / episode  : 26.6
DFA transitions / episode   : 0.04
DFA transitions in window   : 1->2: 4
epsilon (next episode)       : 0.88690
replay buffer                : 28669 samples [1: 99.4%, 2: 0.6%, 3: 0.0%, 4: 0.0%]
DFA state visits in window   : 1: 10046, 2: 98, 3: 0, 4: 0
DFA state visits cumulative  : 1: 28790, 2: 179, 3: 0, 4: 0
DFA state entries in window  : 1: 100, 2: 4, 3: 0, 4: 0
DFA state entries cumulative : 1: 300, 2: 8, 3: 0, 4: 0
transitions cumulative       : 1->2: 8
accepted directly from s0    : 0
Gym endings cumulative       : terminated=300, truncated=0

[Episode 400/8000 | last 100]
success rate                : 0.0% (cumulative 0.0%)
failure rate                : 0.0% (cumulative 0.0%)
completed cycles / episode  : 0.000
synthetic task reward       : 0.000
shaping reward              : -351.120
learning reward             : -351.120
episode length              : 100.7
abstract changes / episode  : 25.7
DFA transitions / episode   : 0.07
DFA transitions in window   : 1->2: 7
epsilon (next episode)       : 0.85212
replay buffer                : 38740 samples [1: 99.2%, 2: 0.8%, 3: 0.0%, 4: 0.0%]
DFA state visits in window   : 1: 10019, 2: 152, 3: 0, 4: 0
DFA state visits cumulative  : 1: 38809, 2: 331, 3: 0, 4: 0
DFA state entries in window  : 1: 100, 2: 7, 3: 0, 4: 0
DFA state entries cumulative : 1: 400, 2: 15, 3: 0, 4: 0
transitions cumulative       : 1->2: 15
accepted directly from s0    : 0
Gym endings cumulative       : terminated=400, truncated=0

[Episode 500/8000 | last 100]
success rate                : 0.0% (cumulative 0.0%)
failure rate                : 0.0% (cumulative 0.0%)
completed cycles / episode  : 0.000
synthetic task reward       : 0.000
shaping reward              : -407.133
learning reward             : -407.133
episode length              : 102.0
abstract changes / episode  : 26.2
DFA transitions / episode   : 0.02
DFA transitions in window   : 1->2: 2
epsilon (next episode)       : 0.81870
replay buffer                : 48944 samples [1: 99.3%, 2: 0.7%, 3: 0.0%, 4: 0.0%]
DFA state visits in window   : 1: 10264, 2: 40, 3: 0, 4: 0
DFA state visits cumulative  : 1: 49073, 2: 371, 3: 0, 4: 0
DFA state entries in window  : 1: 100, 2: 2, 3: 0, 4: 0
DFA state entries cumulative : 1: 500, 2: 17, 3: 0, 4: 0
transitions cumulative       : 1->2: 17
accepted directly from s0    : 0
Gym endings cumulative       : terminated=500, truncated=0

[Episode 600/8000 | last 100]
success rate                : 0.0% (cumulative 0.0%)
failure rate                : 0.0% (cumulative 0.0%)
completed cycles / episode  : 0.000
synthetic task reward       : 0.000
shaping reward              : -394.964
learning reward             : -394.964
episode length              : 110.1
abstract changes / episode  : 26.4
DFA transitions / episode   : 0.04
DFA transitions in window   : 1->2: 4
epsilon (next episode)       : 0.78659
replay buffer                : 59957 samples [1: 99.3%, 2: 0.7%, 3: 0.0%, 4: 0.0%]
DFA state visits in window   : 1: 11039, 2: 74, 3: 0, 4: 0
DFA state visits cumulative  : 1: 60112, 2: 445, 3: 0, 4: 0
DFA state entries in window  : 1: 100, 2: 4, 3: 0, 4: 0
DFA state entries cumulative : 1: 600, 2: 21, 3: 0, 4: 0
transitions cumulative       : 1->2: 21
accepted directly from s0    : 0
Gym endings cumulative       : terminated=599, truncated=1

[Episode 700/8000 | last 100]
success rate                : 0.0% (cumulative 0.0%)
failure rate                : 0.0% (cumulative 0.0%)
completed cycles / episode  : 0.000
synthetic task reward       : 0.000
shaping reward              : -417.927
learning reward             : -417.927
episode length              : 108.8
abstract changes / episode  : 27.1
DFA transitions / episode   : 0.01
DFA transitions in window   : 1->2: 1
epsilon (next episode)       : 0.75574
replay buffer                : 70840 samples [1: 99.4%, 2: 0.6%, 3: 0.0%, 4: 0.0%]
DFA state visits in window   : 1: 10961, 2: 22, 3: 0, 4: 0
DFA state visits cumulative  : 1: 71073, 2: 467, 3: 0, 4: 0
DFA state entries in window  : 1: 100, 2: 1, 3: 0, 4: 0
DFA state entries cumulative : 1: 700, 2: 22, 3: 0, 4: 0
transitions cumulative       : 1->2: 22
accepted directly from s0    : 0
Gym endings cumulative       : terminated=698, truncated=2

[Episode 800/8000 | last 100]
success rate                : 0.0% (cumulative 0.0%)
failure rate                : 0.0% (cumulative 0.0%)
completed cycles / episode  : 0.000
synthetic task reward       : 0.000
shaping reward              : -376.857
learning reward             : -376.857
episode length              : 109.4
abstract changes / episode  : 26.9
DFA transitions / episode   : 0.01
DFA transitions in window   : 1->2: 1
epsilon (next episode)       : 0.72610
replay buffer                : 81779 samples [1: 99.4%, 2: 0.6%, 3: 0.0%, 4: 0.0%]
DFA state visits in window   : 1: 11024, 2: 15, 3: 0, 4: 0
DFA state visits cumulative  : 1: 82097, 2: 482, 3: 0, 4: 0
DFA state entries in window  : 1: 100, 2: 1, 3: 0, 4: 0
DFA state entries cumulative : 1: 800, 2: 23, 3: 0, 4: 0
transitions cumulative       : 1->2: 23
accepted directly from s0    : 0
Gym endings cumulative       : terminated=798, truncated=2

[Episode 900/8000 | last 100]
success rate                : 0.0% (cumulative 0.0%)
failure rate                : 0.0% (cumulative 0.0%)
completed cycles / episode  : 0.000
synthetic task reward       : 0.000
shaping reward              : -349.970
learning reward             : -349.970
episode length              : 108.7
abstract changes / episode  : 27.1
DFA transitions / episode   : 0.03
DFA transitions in window   : 1->2: 3
epsilon (next episode)       : 0.69763
replay buffer                : 92649 samples [1: 99.4%, 2: 0.6%, 3: 0.0%, 4: 0.0%]
DFA state visits in window   : 1: 10900, 2: 70, 3: 0, 4: 0
DFA state visits cumulative  : 1: 92997, 2: 552, 3: 0, 4: 0
DFA state entries in window  : 1: 100, 2: 3, 3: 0, 4: 0
DFA state entries cumulative : 1: 900, 2: 26, 3: 0, 4: 0
transitions cumulative       : 1->2: 26
accepted directly from s0    : 0
Gym endings cumulative       : terminated=898, truncated=2

[Episode 1000/8000 | last 100]
success rate                : 0.0% (cumulative 0.0%)
failure rate                : 0.0% (cumulative 0.0%)
completed cycles / episode  : 0.000
synthetic task reward       : 0.000
shaping reward              : -360.388
learning reward             : -360.388
episode length              : 113.7
abstract changes / episode  : 27.1
DFA transitions / episode   : 0.02
DFA transitions in window   : 1->2: 2
epsilon (next episode)       : 0.67027
replay buffer                : 104018 samples [1: 99.4%, 2: 0.6%, 3: 0.0%, 4: 0.0%]
DFA state visits in window   : 1: 11420, 2: 49, 3: 0, 4: 0
DFA state visits cumulative  : 1: 104417, 2: 601, 3: 0, 4: 0
DFA state entries in window  : 1: 100, 2: 2, 3: 0, 4: 0
DFA state entries cumulative : 1: 1000, 2: 28, 3: 0, 4: 0
transitions cumulative       : 1->2: 28
accepted directly from s0    : 0
Gym endings cumulative       : terminated=998, truncated=2

Starting autonomous greedy evaluation at episode 1000 (1000 fixed-seed episodes)...
[Greedy evaluation at episode 1000 | 1000 fixed-seed episodes]
success=0.0%, failure=0.0%, task reward=0.000, length=158.7
DFA transitions: 1->2: 633
Best policy updated from autonomous greedy evaluation at episode 1000.

[Episode 1100/8000 | last 100]
success rate                : 0.0% (cumulative 0.0%)
failure rate                : 0.0% (cumulative 0.0%)
completed cycles / episode  : 0.000
synthetic task reward       : 0.000
shaping reward              : -352.548
learning reward             : -352.548
episode length              : 114.2
abstract changes / episode  : 27.5
DFA transitions / episode   : 0.02
DFA transitions in window   : 1->2: 2
epsilon (next episode)       : 0.64398
replay buffer                : 115433 samples [1: 99.5%, 2: 0.5%, 3: 0.0%, 4: 0.0%]
DFA state visits in window   : 1: 11472, 2: 43, 3: 0, 4: 0
DFA state visits cumulative  : 1: 115889, 2: 644, 3: 0, 4: 0
DFA state entries in window  : 1: 100, 2: 2, 3: 0, 4: 0
DFA state entries cumulative : 1: 1100, 2: 30, 3: 0, 4: 0
transitions cumulative       : 1->2: 30
accepted directly from s0    : 0
Gym endings cumulative       : terminated=1098, truncated=2

[Episode 1200/8000 | last 100]
success rate                : 0.0% (cumulative 0.0%)
failure rate                : 0.0% (cumulative 0.0%)
completed cycles / episode  : 0.000
synthetic task reward       : 0.000
shaping reward              : -215.593
learning reward             : -215.593
episode length              : 114.2
abstract changes / episode  : 26.6
DFA transitions / episode   : 0.08
DFA transitions in window   : 1->2: 8
epsilon (next episode)       : 0.61872
replay buffer                : 126850 samples [1: 99.4%, 2: 0.6%, 3: 0.0%, 4: 0.0%]
DFA state visits in window   : 1: 11318, 2: 199, 3: 0, 4: 0
DFA state visits cumulative  : 1: 127207, 2: 843, 3: 0, 4: 0
DFA state entries in window  : 1: 100, 2: 8, 3: 0, 4: 0
DFA state entries cumulative : 1: 1200, 2: 38, 3: 0, 4: 0
transitions cumulative       : 1->2: 38
accepted directly from s0    : 0
Gym endings cumulative       : terminated=1198, truncated=2

[Episode 1300/8000 | last 100]
success rate                : 0.0% (cumulative 0.0%)
failure rate                : 0.0% (cumulative 0.0%)
completed cycles / episode  : 0.000
synthetic task reward       : 0.000
shaping reward              : -293.633
learning reward             : -293.633
episode length              : 114.4
abstract changes / episode  : 27.2
DFA transitions / episode   : 0.01
DFA transitions in window   : 1->2: 1
epsilon (next episode)       : 0.59446
replay buffer                : 138294 samples [1: 99.4%, 2: 0.6%, 3: 0.0%, 4: 0.0%]
DFA state visits in window   : 1: 11517, 2: 27, 3: 0, 4: 0
DFA state visits cumulative  : 1: 138724, 2: 870, 3: 0, 4: 0
DFA state entries in window  : 1: 100, 2: 1, 3: 0, 4: 0
DFA state entries cumulative : 1: 1300, 2: 39, 3: 0, 4: 0
transitions cumulative       : 1->2: 39
accepted directly from s0    : 0
Gym endings cumulative       : terminated=1298, truncated=2

[Episode 1400/8000 | last 100]
success rate                : 0.0% (cumulative 0.0%)
failure rate                : 0.0% (cumulative 0.0%)
completed cycles / episode  : 0.000
synthetic task reward       : 0.000
shaping reward              : -248.656
learning reward             : -248.656
episode length              : 115.7
abstract changes / episode  : 26.6
DFA transitions / episode   : 0.00
DFA transitions in window   : none
epsilon (next episode)       : 0.57115
replay buffer                : 149859 samples [1: 99.4%, 2: 0.6%, 3: 0.0%, 4: 0.0%]
DFA state visits in window   : 1: 11665, 2: 0, 3: 0, 4: 0
DFA state visits cumulative  : 1: 150389, 2: 870, 3: 0, 4: 0
DFA state entries in window  : 1: 100, 2: 0, 3: 0, 4: 0
DFA state entries cumulative : 1: 1400, 2: 39, 3: 0, 4: 0
transitions cumulative       : 1->2: 39
accepted directly from s0    : 0
Gym endings cumulative       : terminated=1398, truncated=2

[Episode 1500/8000 | last 100]
success rate                : 0.0% (cumulative 0.0%)
failure rate                : 0.0% (cumulative 0.0%)
completed cycles / episode  : 0.000
synthetic task reward       : 0.000
shaping reward              : -280.455
learning reward             : -280.455
episode length              : 119.3
abstract changes / episode  : 27.6
DFA transitions / episode   : 0.01
DFA transitions in window   : 1->2: 1
epsilon (next episode)       : 0.54875
replay buffer                : 161793 samples [1: 99.5%, 2: 0.5%, 3: 0.0%, 4: 0.0%]
DFA state visits in window   : 1: 12007, 2: 27, 3: 0, 4: 0
DFA state visits cumulative  : 1: 162396, 2: 897, 3: 0, 4: 0
DFA state entries in window  : 1: 100, 2: 1, 3: 0, 4: 0
DFA state entries cumulative : 1: 1500, 2: 40, 3: 0, 4: 0
transitions cumulative       : 1->2: 40
accepted directly from s0    : 0
Gym endings cumulative       : terminated=1498, truncated=2

[Episode 1600/8000 | last 100]
success rate                : 0.0% (cumulative 0.0%)
failure rate                : 0.0% (cumulative 0.0%)
completed cycles / episode  : 0.000
synthetic task reward       : 0.000
shaping reward              : -278.522
learning reward             : -278.522
episode length              : 124.0
abstract changes / episode  : 27.8
DFA transitions / episode   : 0.00
DFA transitions in window   : none
epsilon (next episode)       : 0.52722
replay buffer                : 174198 samples [1: 99.5%, 2: 0.5%, 3: 0.0%, 4: 0.0%]
DFA state visits in window   : 1: 12505, 2: 0, 3: 0, 4: 0
DFA state visits cumulative  : 1: 174901, 2: 897, 3: 0, 4: 0
DFA state entries in window  : 1: 100, 2: 0, 3: 0, 4: 0
DFA state entries cumulative : 1: 1600, 2: 40, 3: 0, 4: 0
transitions cumulative       : 1->2: 40
accepted directly from s0    : 0
Gym endings cumulative       : terminated=1598, truncated=2

[Episode 1700/8000 | last 100]
success rate                : 0.0% (cumulative 0.0%)
failure rate                : 0.0% (cumulative 0.0%)
completed cycles / episode  : 0.000
synthetic task reward       : 0.000
shaping reward              : -195.718
learning reward             : -195.718
episode length              : 125.5
abstract changes / episode  : 26.1
DFA transitions / episode   : 0.01
DFA transitions in window   : 1->2: 1
epsilon (next episode)       : 0.50655
replay buffer                : 186743 samples [1: 99.5%, 2: 0.5%, 3: 0.0%, 4: 0.0%]
DFA state visits in window   : 1: 12624, 2: 21, 3: 0, 4: 0
DFA state visits cumulative  : 1: 187525, 2: 918, 3: 0, 4: 0
DFA state entries in window  : 1: 100, 2: 1, 3: 0, 4: 0
DFA state entries cumulative : 1: 1700, 2: 41, 3: 0, 4: 0
transitions cumulative       : 1->2: 41
accepted directly from s0    : 0
Gym endings cumulative       : terminated=1698, truncated=2

[Episode 1800/8000 | last 100]
success rate                : 0.0% (cumulative 0.0%)
failure rate                : 0.0% (cumulative 0.0%)
completed cycles / episode  : 0.000
synthetic task reward       : 0.000
shaping reward              : -189.632
learning reward             : -189.632
episode length              : 136.7
abstract changes / episode  : 27.1
DFA transitions / episode   : 0.00
DFA transitions in window   : none
epsilon (next episode)       : 0.48668
replay buffer                : 200414 samples [1: 99.6%, 2: 0.4%, 3: 0.0%, 4: 0.0%]
DFA state visits in window   : 1: 13771, 2: 0, 3: 0, 4: 0
DFA state visits cumulative  : 1: 201296, 2: 918, 3: 0, 4: 0
DFA state entries in window  : 1: 100, 2: 0, 3: 0, 4: 0
DFA state entries cumulative : 1: 1800, 2: 41, 3: 0, 4: 0
transitions cumulative       : 1->2: 41
accepted directly from s0    : 0
Gym endings cumulative       : terminated=1798, truncated=2

[Episode 1900/8000 | last 100]
success rate                : 0.0% (cumulative 0.0%)
failure rate                : 0.0% (cumulative 0.0%)
completed cycles / episode  : 0.000
synthetic task reward       : 0.000
shaping reward              : -191.741
learning reward             : -191.741
episode length              : 147.3
abstract changes / episode  : 27.5
DFA transitions / episode   : 0.03
DFA transitions in window   : 1->2: 3
epsilon (next episode)       : 0.46760
replay buffer                : 215148 samples [1: 99.6%, 2: 0.4%, 3: 0.0%, 4: 0.0%]
DFA state visits in window   : 1: 14752, 2: 82, 3: 0, 4: 0
DFA state visits cumulative  : 1: 216048, 2: 1000, 3: 0, 4: 0
DFA state entries in window  : 1: 100, 2: 3, 3: 0, 4: 0
DFA state entries cumulative : 1: 1900, 2: 44, 3: 0, 4: 0
transitions cumulative       : 1->2: 44
accepted directly from s0    : 0
Gym endings cumulative       : terminated=1898, truncated=2

[Episode 2000/8000 | last 100]
success rate                : 0.0% (cumulative 0.0%)
failure rate                : 0.0% (cumulative 0.0%)
completed cycles / episode  : 0.000
synthetic task reward       : 0.000
shaping reward              : -204.211
learning reward             : -204.211
episode length              : 191.7
abstract changes / episode  : 31.2
DFA transitions / episode   : 0.00
DFA transitions in window   : none
epsilon (next episode)       : 0.44926
replay buffer                : 234316 samples [1: 99.6%, 2: 0.4%, 3: 0.0%, 4: 0.0%]
DFA state visits in window   : 1: 19268, 2: 0, 3: 0, 4: 0
DFA state visits cumulative  : 1: 235316, 2: 1000, 3: 0, 4: 0
DFA state entries in window  : 1: 100, 2: 0, 3: 0, 4: 0
DFA state entries cumulative : 1: 2000, 2: 44, 3: 0, 4: 0
transitions cumulative       : 1->2: 44
accepted directly from s0    : 0
Gym endings cumulative       : terminated=1996, truncated=4

Starting autonomous greedy evaluation at episode 2000 (1000 fixed-seed episodes)...
[Greedy evaluation at episode 2000 | 1000 fixed-seed episodes]
success=0.0%, failure=0.0%, task reward=0.000, length=223.2
DFA transitions: 1->2: 426

[Episode 2100/8000 | last 100]
success rate                : 0.0% (cumulative 0.0%)
failure rate                : 0.0% (cumulative 0.0%)
completed cycles / episode  : 0.000
synthetic task reward       : 0.000
shaping reward              : -382.403
learning reward             : -382.403
episode length              : 213.5
abstract changes / episode  : 32.5
DFA transitions / episode   : 0.01
DFA transitions in window   : 1->2: 1
epsilon (next episode)       : 0.43164
replay buffer                : 255663 samples [1: 99.6%, 2: 0.4%, 3: 0.0%, 4: 0.0%]
DFA state visits in window   : 1: 21413, 2: 34, 3: 0, 4: 0
DFA state visits cumulative  : 1: 256729, 2: 1034, 3: 0, 4: 0
DFA state entries in window  : 1: 100, 2: 1, 3: 0, 4: 0
DFA state entries cumulative : 1: 2100, 2: 45, 3: 0, 4: 0
transitions cumulative       : 1->2: 45
accepted directly from s0    : 0
Gym endings cumulative       : terminated=2094, truncated=6

[Episode 2200/8000 | last 100]
success rate                : 0.0% (cumulative 0.0%)
failure rate                : 0.0% (cumulative 0.0%)
completed cycles / episode  : 0.000
synthetic task reward       : 0.000
shaping reward              : -291.714
learning reward             : -291.714
episode length              : 215.5
abstract changes / episode  : 34.9
DFA transitions / episode   : 0.03
DFA transitions in window   : 1->2: 3
epsilon (next episode)       : 0.41471
replay buffer                : 277215 samples [1: 99.5%, 2: 0.5%, 3: 0.0%, 4: 0.0%]
DFA state visits in window   : 1: 21241, 2: 411, 3: 0, 4: 0
DFA state visits cumulative  : 1: 277970, 2: 1445, 3: 0, 4: 0
DFA state entries in window  : 1: 100, 2: 3, 3: 0, 4: 0
DFA state entries cumulative : 1: 2200, 2: 48, 3: 0, 4: 0
transitions cumulative       : 1->2: 48
accepted directly from s0    : 0
Gym endings cumulative       : terminated=2193, truncated=7

[Episode 2300/8000 | last 100]
success rate                : 0.0% (cumulative 0.0%)
failure rate                : 0.0% (cumulative 0.0%)
completed cycles / episode  : 0.000
synthetic task reward       : 0.000
shaping reward              : -164.848
learning reward             : -164.848
episode length              : 168.0
abstract changes / episode  : 32.2
DFA transitions / episode   : 0.05
DFA transitions in window   : 1->2: 5
epsilon (next episode)       : 0.39845
replay buffer                : 294018 samples [1: 99.4%, 2: 0.6%, 3: 0.0%, 4: 0.0%]
DFA state visits in window   : 1: 16658, 2: 245, 3: 0, 4: 0
DFA state visits cumulative  : 1: 294628, 2: 1690, 3: 0, 4: 0
DFA state entries in window  : 1: 100, 2: 5, 3: 0, 4: 0
DFA state entries cumulative : 1: 2300, 2: 53, 3: 0, 4: 0
transitions cumulative       : 1->2: 53
accepted directly from s0    : 0
Gym endings cumulative       : terminated=2292, truncated=8

[Episode 2400/8000 | last 100]
success rate                : 0.0% (cumulative 0.0%)
failure rate                : 0.0% (cumulative 0.0%)
completed cycles / episode  : 0.000
synthetic task reward       : 0.000
shaping reward              : -77.723
learning reward             : -77.723
episode length              : 205.4
abstract changes / episode  : 33.7
DFA transitions / episode   : 0.14
DFA transitions in window   : 1->2: 14
epsilon (next episode)       : 0.38282
replay buffer                : 300000 samples [1: 98.0%, 2: 2.0%, 3: 0.0%, 4: 0.0%]
DFA state visits in window   : 1: 16283, 2: 4360, 3: 0, 4: 0
DFA state visits cumulative  : 1: 310911, 2: 6050, 3: 0, 4: 0
DFA state entries in window  : 1: 100, 2: 14, 3: 0, 4: 0
DFA state entries cumulative : 1: 2400, 2: 67, 3: 0, 4: 0
transitions cumulative       : 1->2: 67
accepted directly from s0    : 0
Gym endings cumulative       : terminated=2388, truncated=12

[Episode 2500/8000 | last 100]
success rate                : 0.0% (cumulative 0.0%)
failure rate                : 0.0% (cumulative 0.0%)
completed cycles / episode  : 0.000
synthetic task reward       : 0.000
shaping reward              : -57.490
learning reward             : -57.490
episode length              : 194.0
abstract changes / episode  : 33.0
DFA transitions / episode   : 0.13
DFA transitions in window   : 1->2: 13
epsilon (next episode)       : 0.36781
replay buffer                : 300000 samples [1: 97.8%, 2: 2.2%, 3: 0.0%, 4: 0.0%]
DFA state visits in window   : 1: 18551, 2: 950, 3: 0, 4: 0
DFA state visits cumulative  : 1: 329462, 2: 7000, 3: 0, 4: 0
DFA state entries in window  : 1: 100, 2: 13, 3: 0, 4: 0
DFA state entries cumulative : 1: 2500, 2: 80, 3: 0, 4: 0
transitions cumulative       : 1->2: 80
accepted directly from s0    : 0
Gym endings cumulative       : terminated=2487, truncated=13

[Episode 2600/8000 | last 100]
success rate                : 0.0% (cumulative 0.0%)
failure rate                : 0.0% (cumulative 0.0%)
completed cycles / episode  : 0.000
synthetic task reward       : 0.000
shaping reward              : 45.213
learning reward             : 45.213
episode length              : 292.9
abstract changes / episode  : 44.8
DFA transitions / episode   : 0.25
DFA transitions in window   : 1->2: 25
epsilon (next episode)       : 0.35338
replay buffer                : 300000 samples [1: 96.5%, 2: 3.5%, 3: 0.0%, 4: 0.0%]
DFA state visits in window   : 1: 25469, 2: 3926, 3: 0, 4: 0
DFA state visits cumulative  : 1: 354931, 2: 10926, 3: 0, 4: 0
DFA state entries in window  : 1: 100, 2: 25, 3: 0, 4: 0
DFA state entries cumulative : 1: 2600, 2: 105, 3: 0, 4: 0
transitions cumulative       : 1->2: 105
accepted directly from s0    : 0
Gym endings cumulative       : terminated=2583, truncated=17

[Episode 2700/8000 | last 100]
success rate                : 0.0% (cumulative 0.0%)
failure rate                : 0.0% (cumulative 0.0%)
completed cycles / episode  : 0.000
synthetic task reward       : 0.000
shaping reward              : 156.734
learning reward             : 156.734
episode length              : 283.2
abstract changes / episode  : 43.8
DFA transitions / episode   : 0.36
DFA transitions in window   : 1->2: 32, 2->3: 4
epsilon (next episode)       : 0.33952
replay buffer                : 300000 samples [1: 94.8%, 2: 4.8%, 3: 0.3%, 4: 0.0%]
DFA state visits in window   : 1: 23118, 2: 4272, 3: 1030, 4: 0
DFA state visits cumulative  : 1: 378049, 2: 15198, 3: 1030, 4: 0
DFA state entries in window  : 1: 100, 2: 32, 3: 4, 4: 0
DFA state entries cumulative : 1: 2700, 2: 137, 3: 4, 4: 0
transitions cumulative       : 1->2: 137, 2->3: 4
accepted directly from s0    : 0
Gym endings cumulative       : terminated=2678, truncated=22

[Episode 2800/8000 | last 100]
success rate                : 0.0% (cumulative 0.0%)
failure rate                : 0.0% (cumulative 0.0%)
completed cycles / episode  : 0.000
synthetic task reward       : 0.000
shaping reward              : 341.450
learning reward             : 341.450
episode length              : 367.3
abstract changes / episode  : 48.8
DFA transitions / episode   : 0.56
DFA transitions in window   : 1->2: 40, 2->3: 16
epsilon (next episode)       : 0.32621
replay buffer                : 300000 samples [1: 89.9%, 2: 7.7%, 3: 2.4%, 4: 0.0%]
DFA state visits in window   : 1: 21788, 2: 8975, 3: 6068, 4: 0
DFA state visits cumulative  : 1: 399837, 2: 24173, 3: 7098, 4: 0
DFA state entries in window  : 1: 100, 2: 40, 3: 16, 4: 0
DFA state entries cumulative : 1: 2800, 2: 177, 3: 20, 4: 0
transitions cumulative       : 1->2: 177, 2->3: 20
accepted directly from s0    : 0
Gym endings cumulative       : terminated=2764, truncated=36

[Episode 2900/8000 | last 100]
success rate                : 0.0% (cumulative 0.0%)
failure rate                : 0.0% (cumulative 0.0%)
completed cycles / episode  : 0.000
synthetic task reward       : 0.000
shaping reward              : 359.612
learning reward             : 359.612
episode length              : 405.3
abstract changes / episode  : 51.0
DFA transitions / episode   : 0.48
DFA transitions in window   : 1->2: 31, 2->3: 17
epsilon (next episode)       : 0.31341
replay buffer                : 300000 samples [1: 84.7%, 2: 10.6%, 3: 4.7%, 4: 0.0%]
DFA state visits in window   : 1: 24917, 2: 8668, 3: 7046, 4: 0
DFA state visits cumulative  : 1: 424754, 2: 32841, 3: 14144, 4: 0
DFA state entries in window  : 1: 100, 2: 31, 3: 17, 4: 0
DFA state entries cumulative : 1: 2900, 2: 208, 3: 37, 4: 0
transitions cumulative       : 1->2: 208, 2->3: 37
accepted directly from s0    : 0
Gym endings cumulative       : terminated=2846, truncated=54

[Episode 3000/8000 | last 100]
success rate                : 0.0% (cumulative 0.0%)
failure rate                : 0.0% (cumulative 0.0%)
completed cycles / episode  : 0.000
synthetic task reward       : 0.000
shaping reward              : 731.596
learning reward             : 731.596
episode length              : 484.9
abstract changes / episode  : 63.2
DFA transitions / episode   : 0.82
DFA transitions in window   : 1->2: 52, 2->3: 30
epsilon (next episode)       : 0.30112
replay buffer                : 300000 samples [1: 76.2%, 2: 15.2%, 3: 8.6%, 4: 0.0%]
DFA state visits in window   : 1: 22829, 2: 14024, 3: 11738, 4: 0
DFA state visits cumulative  : 1: 447583, 2: 46865, 3: 25882, 4: 0
DFA state entries in window  : 1: 100, 2: 52, 3: 30, 4: 0
DFA state entries cumulative : 1: 3000, 2: 260, 3: 67, 4: 0
transitions cumulative       : 1->2: 260, 2->3: 67
accepted directly from s0    : 0
Gym endings cumulative       : terminated=2925, truncated=75

Starting autonomous greedy evaluation at episode 3000 (1000 fixed-seed episodes)...
[Greedy evaluation at episode 3000 | 1000 fixed-seed episodes]
success=0.0%, failure=0.0%, task reward=0.000, length=998.4
DFA transitions: 1->2: 1000, 2->3: 1000

[Episode 3100/8000 | last 100]
success rate                : 5.0% (cumulative 0.2%)
failure rate                : 0.0% (cumulative 0.0%)
completed cycles / episode  : 0.000
synthetic task reward       : 500.000
shaping reward              : 741.844
learning reward             : 1241.844
episode length              : 435.9
abstract changes / episode  : 62.5
DFA transitions / episode   : 0.98
DFA transitions in window   : 1->2: 56, 2->3: 37, 3->4: 5
epsilon (next episode)       : 0.28931
replay buffer                : 300000 samples [1: 69.1%, 2: 19.7%, 3: 11.2%, 4: 0.0%]
DFA state visits in window   : 1: 22432, 2: 13484, 3: 7765, 4: 5
DFA state visits cumulative  : 1: 470015, 2: 60349, 3: 33647, 4: 5
DFA state entries in window  : 1: 100, 2: 56, 3: 37, 4: 5
DFA state entries cumulative : 1: 3100, 2: 316, 3: 104, 4: 5
transitions cumulative       : 1->2: 316, 2->3: 104, 3->4: 5
accepted directly from s0    : 0
Gym endings cumulative       : terminated=3011, truncated=84

[Episode 3200/8000 | last 100]
success rate                : 5.0% (cumulative 0.3%)
failure rate                : 0.0% (cumulative 0.0%)
completed cycles / episode  : 0.000
synthetic task reward       : 500.000
shaping reward              : 702.350
learning reward             : 1202.350
episode length              : 383.9
abstract changes / episode  : 58.6
DFA transitions / episode   : 0.94
DFA transitions in window   : 1->2: 56, 2->3: 33, 3->4: 5
epsilon (next episode)       : 0.27797
replay buffer                : 300000 samples [1: 64.2%, 2: 22.7%, 3: 13.1%, 4: 0.0%]
DFA state visits in window   : 1: 22699, 2: 9988, 3: 5793, 4: 5
DFA state visits cumulative  : 1: 492714, 2: 70337, 3: 39440, 4: 10
DFA state entries in window  : 1: 100, 2: 56, 3: 33, 4: 5
DFA state entries cumulative : 1: 3200, 2: 372, 3: 137, 4: 10
transitions cumulative       : 1->2: 372, 2->3: 137, 3->4: 10
accepted directly from s0    : 0
Gym endings cumulative       : terminated=3102, truncated=88

[Episode 3300/8000 | last 100]
success rate                : 6.0% (cumulative 0.5%)
failure rate                : 0.0% (cumulative 0.0%)
completed cycles / episode  : 0.000
synthetic task reward       : 600.000
shaping reward              : 712.015
learning reward             : 1312.015
episode length              : 383.4
abstract changes / episode  : 62.0
DFA transitions / episode   : 0.90
DFA transitions in window   : 1->2: 50, 2->3: 34, 3->4: 6
epsilon (next episode)       : 0.26706
replay buffer                : 300000 samples [1: 61.0%, 2: 23.9%, 3: 15.1%, 4: 0.0%]
DFA state visits in window   : 1: 23262, 2: 9243, 3: 5927, 4: 6
DFA state visits cumulative  : 1: 515976, 2: 79580, 3: 45367, 4: 16
DFA state entries in window  : 1: 100, 2: 50, 3: 34, 4: 6
DFA state entries cumulative : 1: 3300, 2: 422, 3: 171, 4: 16
transitions cumulative       : 1->2: 422, 2->3: 171, 3->4: 16
accepted directly from s0    : 0
Gym endings cumulative       : terminated=3192, truncated=92

[Episode 3400/8000 | last 100]
success rate                : 13.0% (cumulative 0.9%)
failure rate                : 0.0% (cumulative 0.0%)
completed cycles / episode  : 0.000
synthetic task reward       : 1300.000
shaping reward              : 1023.283
learning reward             : 2323.283
episode length              : 425.4
abstract changes / episode  : 68.0
DFA transitions / episode   : 1.26
DFA transitions in window   : 1->2: 61, 2->3: 52, 3->4: 13
epsilon (next episode)       : 0.25659
replay buffer                : 300000 samples [1: 56.5%, 2: 25.3%, 3: 18.2%, 4: 0.0%]
DFA state visits in window   : 1: 23766, 2: 9381, 3: 9481, 4: 13
DFA state visits cumulative  : 1: 539742, 2: 88961, 3: 54848, 4: 29
DFA state entries in window  : 1: 100, 2: 61, 3: 52, 4: 13
DFA state entries cumulative : 1: 3400, 2: 483, 3: 223, 4: 29
transitions cumulative       : 1->2: 483, 2->3: 223, 3->4: 29
accepted directly from s0    : 0
Gym endings cumulative       : terminated=3275, truncated=96

[Episode 3500/8000 | last 100]
success rate                : 3.0% (cumulative 0.9%)
failure rate                : 0.0% (cumulative 0.0%)
completed cycles / episode  : 0.000
synthetic task reward       : 300.000
shaping reward              : 847.284
learning reward             : 1147.284
episode length              : 380.1
abstract changes / episode  : 64.7
DFA transitions / episode   : 1.03
DFA transitions in window   : 1->2: 58, 2->3: 42, 3->4: 3
epsilon (next episode)       : 0.24653
replay buffer                : 300000 samples [1: 56.1%, 2: 25.4%, 3: 18.4%, 4: 0.0%]
DFA state visits in window   : 1: 23372, 2: 8715, 3: 6021, 4: 3
DFA state visits cumulative  : 1: 563114, 2: 97676, 3: 60869, 4: 32
DFA state entries in window  : 1: 100, 2: 58, 3: 42, 4: 3
DFA state entries cumulative : 1: 3500, 2: 541, 3: 265, 4: 32
transitions cumulative       : 1->2: 541, 2->3: 265, 3->4: 32
accepted directly from s0    : 0
Gym endings cumulative       : terminated=3371, truncated=97

[Episode 3600/8000 | last 100]
success rate                : 14.0% (cumulative 1.3%)
failure rate                : 0.0% (cumulative 0.0%)
completed cycles / episode  : 0.000
synthetic task reward       : 1400.000
shaping reward              : 979.366
learning reward             : 2379.366
episode length              : 425.6
abstract changes / episode  : 68.2
DFA transitions / episode   : 1.20
DFA transitions in window   : 1->2: 59, 2->3: 47, 3->4: 14
epsilon (next episode)       : 0.23686
replay buffer                : 300000 samples [1: 55.8%, 2: 24.9%, 3: 19.3%, 4: 0.0%]
DFA state visits in window   : 1: 23555, 2: 9005, 3: 10082, 4: 14
DFA state visits cumulative  : 1: 586669, 2: 106681, 3: 70951, 4: 46
DFA state entries in window  : 1: 100, 2: 59, 3: 47, 4: 14
DFA state entries cumulative : 1: 3600, 2: 600, 3: 312, 4: 46
transitions cumulative       : 1->2: 600, 2->3: 312, 3->4: 46
accepted directly from s0    : 0
Gym endings cumulative       : terminated=3451, truncated=103

[Episode 3700/8000 | last 100]
success rate                : 23.0% (cumulative 1.9%)
failure rate                : 0.0% (cumulative 0.0%)
completed cycles / episode  : 0.000
synthetic task reward       : 2300.000
shaping reward              : 975.457
learning reward             : 3275.457
episode length              : 388.0
abstract changes / episode  : 61.0
DFA transitions / episode   : 1.26
DFA transitions in window   : 1->2: 62, 2->3: 41, 3->4: 23
epsilon (next episode)       : 0.22757
replay buffer                : 300000 samples [1: 56.4%, 2: 24.4%, 3: 19.2%, 4: 0.0%]
DFA state visits in window   : 1: 22531, 2: 8286, 3: 8059, 4: 23
DFA state visits cumulative  : 1: 609200, 2: 114967, 3: 79010, 4: 69
DFA state entries in window  : 1: 100, 2: 62, 3: 41, 4: 23
DFA state entries cumulative : 1: 3700, 2: 662, 3: 353, 4: 69
transitions cumulative       : 1->2: 662, 2->3: 353, 3->4: 69
accepted directly from s0    : 0
Gym endings cumulative       : terminated=3523, truncated=108

[Episode 3800/8000 | last 100]
success rate                : 23.0% (cumulative 2.4%)
failure rate                : 0.0% (cumulative 0.0%)
completed cycles / episode  : 0.000
synthetic task reward       : 2300.000
shaping reward              : 1161.437
learning reward             : 3461.437
episode length              : 384.9
abstract changes / episode  : 62.1
DFA transitions / episode   : 1.34
DFA transitions in window   : 1->2: 65, 2->3: 46, 3->4: 23
epsilon (next episode)       : 0.21865
replay buffer                : 300000 samples [1: 57.1%, 2: 23.8%, 3: 19.0%, 4: 0.0%]
DFA state visits in window   : 1: 22118, 2: 9008, 3: 7444, 4: 23
DFA state visits cumulative  : 1: 631318, 2: 123975, 3: 86454, 4: 92
DFA state entries in window  : 1: 100, 2: 65, 3: 46, 4: 23
DFA state entries cumulative : 1: 3800, 2: 727, 3: 399, 4: 92
transitions cumulative       : 1->2: 727, 2->3: 399, 3->4: 92
accepted directly from s0    : 0
Gym endings cumulative       : terminated=3598, truncated=110

[Episode 3900/8000 | last 100]
success rate                : 27.0% (cumulative 3.1%)
failure rate                : 0.0% (cumulative 0.0%)
completed cycles / episode  : 0.000
synthetic task reward       : 2700.000
shaping reward              : 1379.376
learning reward             : 4079.376
episode length              : 410.0
abstract changes / episode  : 67.6
DFA transitions / episode   : 1.55
DFA transitions in window   : 1->2: 75, 2->3: 53, 3->4: 27
epsilon (next episode)       : 0.21007
replay buffer                : 300000 samples [1: 57.6%, 2: 23.2%, 3: 19.2%, 4: 0.0%]
DFA state visits in window   : 1: 21185, 2: 11285, 3: 8601, 4: 27
DFA state visits cumulative  : 1: 652503, 2: 135260, 3: 95055, 4: 119
DFA state entries in window  : 1: 100, 2: 75, 3: 53, 4: 27
DFA state entries cumulative : 1: 3900, 2: 802, 3: 452, 4: 119
transitions cumulative       : 1->2: 802, 2->3: 452, 3->4: 119
accepted directly from s0    : 0
Gym endings cumulative       : terminated=3670, truncated=111

[Episode 4000/8000 | last 100]
success rate                : 55.0% (cumulative 4.3%)
failure rate                : 0.0% (cumulative 0.0%)
completed cycles / episode  : 0.000
synthetic task reward       : 5500.000
shaping reward              : 1932.427
learning reward             : 7432.427
episode length              : 463.6
abstract changes / episode  : 72.4
DFA transitions / episode   : 2.21
DFA transitions in window   : 1->2: 88, 2->3: 78, 3->4: 55
epsilon (next episode)       : 0.20183
replay buffer                : 300000 samples [1: 54.1%, 2: 23.3%, 3: 22.6%, 4: 0.0%]
DFA state visits in window   : 1: 19790, 2: 11405, 3: 15214, 4: 55
DFA state visits cumulative  : 1: 672293, 2: 146665, 3: 110269, 4: 174
DFA state entries in window  : 1: 100, 2: 88, 3: 78, 4: 55
DFA state entries cumulative : 1: 4000, 2: 890, 3: 530, 4: 174
transitions cumulative       : 1->2: 890, 2->3: 530, 3->4: 174
accepted directly from s0    : 0
Gym endings cumulative       : terminated=3713, truncated=113

Starting autonomous greedy evaluation at episode 4000 (1000 fixed-seed episodes)...
[Greedy evaluation at episode 4000 | 1000 fixed-seed episodes]
success=94.2%, failure=0.0%, task reward=9420.000, length=449.9
DFA transitions: 1->2: 943, 2->3: 943, 3->4: 942
Best policy updated from autonomous greedy evaluation at episode 4000.

[Episode 4100/8000 | last 100]
success rate                : 44.0% (cumulative 5.3%)
failure rate                : 0.0% (cumulative 0.0%)
completed cycles / episode  : 0.000
synthetic task reward       : 4400.000
shaping reward              : 1625.271
learning reward             : 6025.271
episode length              : 430.0
abstract changes / episode  : 66.9
DFA transitions / episode   : 1.84
DFA transitions in window   : 1->2: 77, 2->3: 63, 3->4: 44
epsilon (next episode)       : 0.19392
replay buffer                : 300000 samples [1: 53.1%, 2: 23.8%, 3: 23.1%, 4: 0.0%]
DFA state visits in window   : 1: 20173, 2: 11507, 3: 11379, 4: 44
DFA state visits cumulative  : 1: 692466, 2: 158172, 3: 121648, 4: 218
DFA state entries in window  : 1: 100, 2: 77, 3: 63, 4: 44
DFA state entries cumulative : 1: 4100, 2: 967, 3: 593, 4: 218
transitions cumulative       : 1->2: 967, 2->3: 593, 3->4: 218
accepted directly from s0    : 0
Gym endings cumulative       : terminated=3765, truncated=117

[Episode 4200/8000 | last 100]
success rate                : 48.0% (cumulative 6.3%)
failure rate                : 0.0% (cumulative 0.0%)
completed cycles / episode  : 0.000
synthetic task reward       : 4800.000
shaping reward              : 1624.446
learning reward             : 6424.446
episode length              : 454.4
abstract changes / episode  : 76.7
DFA transitions / episode   : 1.92
DFA transitions in window   : 1->2: 82, 2->3: 62, 3->4: 48
epsilon (next episode)       : 0.18631
replay buffer                : 300000 samples [1: 50.6%, 2: 25.2%, 3: 24.1%, 4: 0.0%]
DFA state visits in window   : 1: 20059, 2: 14281, 3: 11150, 4: 48
DFA state visits cumulative  : 1: 712525, 2: 172453, 3: 132798, 4: 266
DFA state entries in window  : 1: 100, 2: 82, 3: 62, 4: 48
DFA state entries cumulative : 1: 4200, 2: 1049, 3: 655, 4: 266
transitions cumulative       : 1->2: 1049, 2->3: 655, 3->4: 266
accepted directly from s0    : 0
Gym endings cumulative       : terminated=3815, truncated=119

[Episode 4300/8000 | last 100]
success rate                : 48.0% (cumulative 7.3%)
failure rate                : 0.0% (cumulative 0.0%)
completed cycles / episode  : 0.000
synthetic task reward       : 4800.000
shaping reward              : 1528.929
learning reward             : 6328.929
episode length              : 436.5
abstract changes / episode  : 69.2
DFA transitions / episode   : 1.81
DFA transitions in window   : 1->2: 78, 2->3: 55, 3->4: 48
epsilon (next episode)       : 0.17900
replay buffer                : 300000 samples [1: 48.9%, 2: 27.3%, 3: 23.8%, 4: 0.0%]
DFA state visits in window   : 1: 18920, 2: 15837, 3: 8947, 4: 48
DFA state visits cumulative  : 1: 731445, 2: 188290, 3: 141745, 4: 314
DFA state entries in window  : 1: 100, 2: 78, 3: 55, 4: 48
DFA state entries cumulative : 1: 4300, 2: 1127, 3: 710, 4: 314
transitions cumulative       : 1->2: 1127, 2->3: 710, 3->4: 314
accepted directly from s0    : 0
Gym endings cumulative       : terminated=3862, truncated=124

[Episode 4400/8000 | last 100]
success rate                : 66.0% (cumulative 8.6%)
failure rate                : 0.0% (cumulative 0.0%)
completed cycles / episode  : 0.000
synthetic task reward       : 6600.000
shaping reward              : 2056.594
learning reward             : 8656.594
episode length              : 503.3
abstract changes / episode  : 79.8
DFA transitions / episode   : 2.31
DFA transitions in window   : 1->2: 90, 2->3: 75, 3->4: 66
epsilon (next episode)       : 0.17198
replay buffer                : 300000 samples [1: 47.3%, 2: 28.7%, 3: 24.0%, 4: 0.0%]
DFA state visits in window   : 1: 24506, 2: 15107, 3: 10748, 4: 66
DFA state visits cumulative  : 1: 755951, 2: 203397, 3: 152493, 4: 380
DFA state entries in window  : 1: 100, 2: 90, 3: 75, 4: 66
DFA state entries cumulative : 1: 4400, 2: 1217, 3: 785, 4: 380
transitions cumulative       : 1->2: 1217, 2->3: 785, 3->4: 380
accepted directly from s0    : 0
Gym endings cumulative       : terminated=3892, truncated=128

[Episode 4500/8000 | last 100]
success rate                : 67.0% (cumulative 9.9%)
failure rate                : 0.0% (cumulative 0.0%)
completed cycles / episode  : 0.000
synthetic task reward       : 6700.000
shaping reward              : 1863.212
learning reward             : 8563.212
episode length              : 465.4
abstract changes / episode  : 72.5
DFA transitions / episode   : 2.18
DFA transitions in window   : 1->2: 78, 2->3: 73, 3->4: 67
epsilon (next episode)       : 0.16524
replay buffer                : 300000 samples [1: 46.5%, 2: 28.3%, 3: 25.2%, 4: 0.0%]
DFA state visits in window   : 1: 24474, 2: 9594, 3: 12507, 4: 67
DFA state visits cumulative  : 1: 780425, 2: 212991, 3: 165000, 4: 447
DFA state entries in window  : 1: 100, 2: 78, 3: 73, 4: 67
DFA state entries cumulative : 1: 4500, 2: 1295, 3: 858, 4: 447
transitions cumulative       : 1->2: 1295, 2->3: 858, 3->4: 447
accepted directly from s0    : 0
Gym endings cumulative       : terminated=3921, truncated=133

[Episode 4600/8000 | last 100]
success rate                : 81.0% (cumulative 11.5%)
failure rate                : 0.0% (cumulative 0.0%)
completed cycles / episode  : 0.000
synthetic task reward       : 8100.000
shaping reward              : 2260.362
learning reward             : 10360.362
episode length              : 470.1
abstract changes / episode  : 77.1
DFA transitions / episode   : 2.56
DFA transitions in window   : 1->2: 90, 2->3: 85, 3->4: 81
epsilon (next episode)       : 0.15876
replay buffer                : 300000 samples [1: 45.9%, 2: 28.7%, 3: 25.4%, 4: 0.0%]
DFA state visits in window   : 1: 19323, 2: 14378, 3: 13329, 4: 81
DFA state visits cumulative  : 1: 799748, 2: 227369, 3: 178329, 4: 528
DFA state entries in window  : 1: 100, 2: 90, 3: 85, 4: 81
DFA state entries cumulative : 1: 4600, 2: 1385, 3: 943, 4: 528
transitions cumulative       : 1->2: 1385, 2->3: 943, 3->4: 528
accepted directly from s0    : 0
Gym endings cumulative       : terminated=3937, truncated=136

[Episode 4700/8000 | last 100]
success rate                : 79.0% (cumulative 12.9%)
failure rate                : 0.0% (cumulative 0.0%)
completed cycles / episode  : 0.000
synthetic task reward       : 7900.000
shaping reward              : 2257.391
learning reward             : 10157.391
episode length              : 421.5
abstract changes / episode  : 69.5
DFA transitions / episode   : 2.58
DFA transitions in window   : 1->2: 93, 2->3: 86, 3->4: 79
epsilon (next episode)       : 0.15253
replay buffer                : 300000 samples [1: 45.6%, 2: 29.4%, 3: 25.0%, 4: 0.0%]
DFA state visits in window   : 1: 17532, 2: 12826, 3: 11817, 4: 79
DFA state visits cumulative  : 1: 817280, 2: 240195, 3: 190146, 4: 607
DFA state entries in window  : 1: 100, 2: 93, 3: 86, 4: 79
DFA state entries cumulative : 1: 4700, 2: 1478, 3: 1029, 4: 607
transitions cumulative       : 1->2: 1478, 2->3: 1029, 3->4: 607
accepted directly from s0    : 0
Gym endings cumulative       : terminated=3956, truncated=138

[Episode 4800/8000 | last 100]
success rate                : 84.0% (cumulative 14.4%)
failure rate                : 0.0% (cumulative 0.0%)
completed cycles / episode  : 0.000
synthetic task reward       : 8400.000
shaping reward              : 2346.052
learning reward             : 10746.052
episode length              : 409.4
abstract changes / episode  : 69.3
DFA transitions / episode   : 2.66
DFA transitions in window   : 1->2: 93, 2->3: 89, 3->4: 84
epsilon (next episode)       : 0.14655
replay buffer                : 300000 samples [1: 44.7%, 2: 29.9%, 3: 25.4%, 4: 0.0%]
DFA state visits in window   : 1: 16143, 2: 12474, 3: 12342, 4: 84
DFA state visits cumulative  : 1: 833423, 2: 252669, 3: 202488, 4: 691
DFA state entries in window  : 1: 100, 2: 93, 3: 89, 4: 84
DFA state entries cumulative : 1: 4800, 2: 1571, 3: 1118, 4: 691
transitions cumulative       : 1->2: 1571, 2->3: 1118, 3->4: 691
accepted directly from s0    : 0
Gym endings cumulative       : terminated=3972, truncated=138

[Episode 4900/8000 | last 100]
success rate                : 68.0% (cumulative 15.5%)
failure rate                : 0.0% (cumulative 0.0%)
completed cycles / episode  : 0.000
synthetic task reward       : 6800.000
shaping reward              : 1973.373
learning reward             : 8773.373
episode length              : 345.2
abstract changes / episode  : 59.4
DFA transitions / episode   : 2.28
DFA transitions in window   : 1->2: 86, 2->3: 74, 3->4: 68
epsilon (next episode)       : 0.14080
replay buffer                : 300000 samples [1: 44.3%, 2: 29.5%, 3: 26.2%, 4: 0.0%]
DFA state visits in window   : 1: 14587, 2: 10632, 3: 9336, 4: 68
DFA state visits cumulative  : 1: 848010, 2: 263301, 3: 211824, 4: 759
DFA state entries in window  : 1: 100, 2: 86, 3: 74, 4: 68
DFA state entries cumulative : 1: 4900, 2: 1657, 3: 1192, 4: 759
transitions cumulative       : 1->2: 1657, 2->3: 1192, 3->4: 759
accepted directly from s0    : 0
Gym endings cumulative       : terminated=4004, truncated=138

[Episode 5000/8000 | last 100]
success rate                : 72.0% (cumulative 16.6%)
failure rate                : 0.0% (cumulative 0.0%)
completed cycles / episode  : 0.000
synthetic task reward       : 7200.000
shaping reward              : 2002.654
learning reward             : 9202.654
episode length              : 331.4
abstract changes / episode  : 56.9
DFA transitions / episode   : 2.32
DFA transitions in window   : 1->2: 85, 2->3: 75, 3->4: 72
epsilon (next episode)       : 0.13528
replay buffer                : 300000 samples [1: 44.4%, 2: 28.8%, 3: 26.9%, 4: 0.0%]
DFA state visits in window   : 1: 15100, 2: 9258, 3: 8814, 4: 72
DFA state visits cumulative  : 1: 863110, 2: 272559, 3: 220638, 4: 831
DFA state entries in window  : 1: 100, 2: 85, 3: 75, 4: 72
DFA state entries cumulative : 1: 5000, 2: 1742, 3: 1267, 4: 831
transitions cumulative       : 1->2: 1742, 2->3: 1267, 3->4: 831
accepted directly from s0    : 0
Gym endings cumulative       : terminated=4032, truncated=138

Starting autonomous greedy evaluation at episode 5000 (1000 fixed-seed episodes)...
[Greedy evaluation at episode 5000 | 1000 fixed-seed episodes]
success=31.0%, failure=0.0%, task reward=3100.000, length=501.8
DFA transitions: 1->2: 848, 2->3: 314, 3->4: 310

[Episode 5100/8000 | last 100]
success rate                : 65.0% (cumulative 17.6%)
failure rate                : 0.0% (cumulative 0.0%)
completed cycles / episode  : 0.000
synthetic task reward       : 6500.000
shaping reward              : 1770.110
learning reward             : 8270.110
episode length              : 349.2
abstract changes / episode  : 61.4
DFA transitions / episode   : 2.15
DFA transitions in window   : 1->2: 78, 2->3: 72, 3->4: 65
epsilon (next episode)       : 0.12998
replay buffer                : 300000 samples [1: 44.1%, 2: 28.1%, 3: 27.7%, 4: 0.0%]
DFA state visits in window   : 1: 15416, 2: 9948, 3: 9593, 4: 65
DFA state visits cumulative  : 1: 878526, 2: 282507, 3: 230231, 4: 896
DFA state entries in window  : 1: 100, 2: 78, 3: 72, 4: 65
DFA state entries cumulative : 1: 5100, 2: 1820, 3: 1339, 4: 896
transitions cumulative       : 1->2: 1820, 2->3: 1339, 3->4: 896
accepted directly from s0    : 0
Gym endings cumulative       : terminated=4066, truncated=139

[Episode 5200/8000 | last 100]
success rate                : 61.0% (cumulative 18.4%)
failure rate                : 0.0% (cumulative 0.0%)
completed cycles / episode  : 0.000
synthetic task reward       : 6100.000
shaping reward              : 1642.332
learning reward             : 7742.332
episode length              : 372.0
abstract changes / episode  : 66.6
DFA transitions / episode   : 2.01
DFA transitions in window   : 1->2: 71, 2->3: 69, 3->4: 61
epsilon (next episode)       : 0.12488
replay buffer                : 300000 samples [1: 44.2%, 2: 28.3%, 3: 27.5%, 4: 0.0%]
DFA state visits in window   : 1: 17933, 2: 9801, 3: 9502, 4: 61
DFA state visits cumulative  : 1: 896459, 2: 292308, 3: 239733, 4: 957
DFA state entries in window  : 1: 100, 2: 71, 3: 69, 4: 61
DFA state entries cumulative : 1: 5200, 2: 1891, 3: 1408, 4: 957
transitions cumulative       : 1->2: 1891, 2->3: 1408, 3->4: 957
accepted directly from s0    : 0
Gym endings cumulative       : terminated=4104, truncated=140

[Episode 5300/8000 | last 100]
success rate                : 73.0% (cumulative 19.4%)
failure rate                : 0.0% (cumulative 0.0%)
completed cycles / episode  : 0.000
synthetic task reward       : 7300.000
shaping reward              : 2090.726
learning reward             : 9390.726
episode length              : 382.0
abstract changes / episode  : 64.8
DFA transitions / episode   : 2.34
DFA transitions in window   : 1->2: 83, 2->3: 78, 3->4: 73
epsilon (next episode)       : 0.11998
replay buffer                : 300000 samples [1: 42.5%, 2: 29.9%, 3: 27.6%, 4: 0.0%]
DFA state visits in window   : 1: 14817, 2: 12702, 3: 10709, 4: 73
DFA state visits cumulative  : 1: 911276, 2: 305010, 3: 250442, 4: 1030
DFA state entries in window  : 1: 100, 2: 83, 3: 78, 4: 73
DFA state entries cumulative : 1: 5300, 2: 1974, 3: 1486, 4: 1030
transitions cumulative       : 1->2: 1974, 2->3: 1486, 3->4: 1030
accepted directly from s0    : 0
Gym endings cumulative       : terminated=4129, truncated=142

[Episode 5400/8000 | last 100]
success rate                : 77.0% (cumulative 20.5%)
failure rate                : 0.0% (cumulative 0.0%)
completed cycles / episode  : 0.000
synthetic task reward       : 7700.000
shaping reward              : 2158.715
learning reward             : 9858.715
episode length              : 373.1
abstract changes / episode  : 65.0
DFA transitions / episode   : 2.47
DFA transitions in window   : 1->2: 89, 2->3: 81, 3->4: 77
epsilon (next episode)       : 0.11528
replay buffer                : 300000 samples [1: 41.9%, 2: 31.1%, 3: 27.0%, 4: 0.0%]
DFA state visits in window   : 1: 13697, 2: 15063, 3: 8572, 4: 77
DFA state visits cumulative  : 1: 924973, 2: 320073, 3: 259014, 4: 1107
DFA state entries in window  : 1: 100, 2: 89, 3: 81, 4: 77
DFA state entries cumulative : 1: 5400, 2: 2063, 3: 1567, 4: 1107
transitions cumulative       : 1->2: 2063, 2->3: 1567, 3->4: 1107
accepted directly from s0    : 0
Gym endings cumulative       : terminated=4148, truncated=146

[Episode 5500/8000 | last 100]
success rate                : 70.0% (cumulative 21.4%)
failure rate                : 0.0% (cumulative 0.0%)
completed cycles / episode  : 0.000
synthetic task reward       : 7000.000
shaping reward              : 2037.040
learning reward             : 9037.040
episode length              : 373.7
abstract changes / episode  : 66.3
DFA transitions / episode   : 2.40
DFA transitions in window   : 1->2: 88, 2->3: 82, 3->4: 70
epsilon (next episode)       : 0.11075
replay buffer                : 300000 samples [1: 41.7%, 2: 31.4%, 3: 26.9%, 4: 0.0%]
DFA state visits in window   : 1: 15355, 2: 12516, 3: 9531, 4: 70
DFA state visits cumulative  : 1: 940328, 2: 332589, 3: 268545, 4: 1177
DFA state entries in window  : 1: 100, 2: 88, 3: 82, 4: 70
DFA state entries cumulative : 1: 5500, 2: 2151, 3: 1649, 4: 1177
transitions cumulative       : 1->2: 2151, 2->3: 1649, 3->4: 1177
accepted directly from s0    : 0
Gym endings cumulative       : terminated=4174, truncated=150

[Episode 5600/8000 | last 100]
success rate                : 78.0% (cumulative 22.4%)
failure rate                : 0.0% (cumulative 0.0%)
completed cycles / episode  : 0.000
synthetic task reward       : 7800.000
shaping reward              : 2174.145
learning reward             : 9974.145
episode length              : 366.1
abstract changes / episode  : 64.6
DFA transitions / episode   : 2.49
DFA transitions in window   : 1->2: 88, 2->3: 83, 3->4: 78
epsilon (next episode)       : 0.10641
replay buffer                : 300000 samples [1: 42.2%, 2: 31.6%, 3: 26.3%, 4: 0.0%]
DFA state visits in window   : 1: 15002, 2: 11865, 3: 9766, 4: 78
DFA state visits cumulative  : 1: 955330, 2: 344454, 3: 278311, 4: 1255
DFA state entries in window  : 1: 100, 2: 88, 3: 83, 4: 78
DFA state entries cumulative : 1: 5600, 2: 2239, 3: 1732, 4: 1255
transitions cumulative       : 1->2: 2239, 2->3: 1732, 3->4: 1255
accepted directly from s0    : 0
Gym endings cumulative       : terminated=4194, truncated=152

[Episode 5700/8000 | last 100]
success rate                : 64.0% (cumulative 23.1%)
failure rate                : 0.0% (cumulative 0.0%)
completed cycles / episode  : 0.000
synthetic task reward       : 6400.000
shaping reward              : 1977.953
learning reward             : 8377.953
episode length              : 371.1
abstract changes / episode  : 68.2
DFA transitions / episode   : 2.28
DFA transitions in window   : 1->2: 86, 2->3: 78, 3->4: 64
epsilon (next episode)       : 0.10224
replay buffer                : 300000 samples [1: 42.1%, 2: 32.4%, 3: 25.5%, 4: 0.0%]
DFA state visits in window   : 1: 15948, 2: 13211, 3: 7987, 4: 64
DFA state visits cumulative  : 1: 971278, 2: 357665, 3: 286298, 4: 1319
DFA state entries in window  : 1: 100, 2: 86, 3: 78, 4: 64
DFA state entries cumulative : 1: 5700, 2: 2325, 3: 1810, 4: 1319
transitions cumulative       : 1->2: 2325, 2->3: 1810, 3->4: 1319
accepted directly from s0    : 0
Gym endings cumulative       : terminated=4228, truncated=154

[Episode 5800/8000 | last 100]
success rate                : 77.0% (cumulative 24.1%)
failure rate                : 0.0% (cumulative 0.0%)
completed cycles / episode  : 0.000
synthetic task reward       : 7700.000
shaping reward              : 2058.689
learning reward             : 9758.689
episode length              : 383.0
abstract changes / episode  : 69.0
DFA transitions / episode   : 2.41
DFA transitions in window   : 1->2: 84, 2->3: 80, 3->4: 77
epsilon (next episode)       : 0.09823
replay buffer                : 300000 samples [1: 43.4%, 2: 31.8%, 3: 24.8%, 4: 0.0%]
DFA state visits in window   : 1: 20974, 2: 9379, 3: 7967, 4: 77
DFA state visits cumulative  : 1: 992252, 2: 367044, 3: 294265, 4: 1396
DFA state entries in window  : 1: 100, 2: 84, 3: 80, 4: 77
DFA state entries cumulative : 1: 5800, 2: 2409, 3: 1890, 4: 1396
transitions cumulative       : 1->2: 2409, 2->3: 1890, 3->4: 1396
accepted directly from s0    : 0
Gym endings cumulative       : terminated=4251, truncated=154

[Episode 5900/8000 | last 100]
success rate                : 64.0% (cumulative 24.7%)
failure rate                : 0.0% (cumulative 0.0%)
completed cycles / episode  : 0.000
synthetic task reward       : 6400.000
shaping reward              : 1820.357
learning reward             : 8220.357
episode length              : 349.2
abstract changes / episode  : 64.0
DFA transitions / episode   : 2.19
DFA transitions in window   : 1->2: 79, 2->3: 76, 3->4: 64
epsilon (next episode)       : 0.09438
replay buffer                : 300000 samples [1: 43.9%, 2: 31.6%, 3: 24.5%, 4: 0.0%]
DFA state visits in window   : 1: 16949, 2: 9356, 3: 8655, 4: 64
DFA state visits cumulative  : 1: 1009201, 2: 376400, 3: 302920, 4: 1460
DFA state entries in window  : 1: 100, 2: 79, 3: 76, 4: 64
DFA state entries cumulative : 1: 5900, 2: 2488, 3: 1966, 4: 1460
transitions cumulative       : 1->2: 2488, 2->3: 1966, 3->4: 1460
accepted directly from s0    : 0
Gym endings cumulative       : terminated=4287, truncated=154

[Episode 6000/8000 | last 100]
success rate                : 49.0% (cumulative 25.1%)
failure rate                : 0.0% (cumulative 0.0%)
completed cycles / episode  : 0.000
synthetic task reward       : 4900.000
shaping reward              : 1560.899
learning reward             : 6460.899
episode length              : 323.6
abstract changes / episode  : 57.6
DFA transitions / episode   : 1.88
DFA transitions in window   : 1->2: 79, 2->3: 60, 3->4: 49
epsilon (next episode)       : 0.09067
replay buffer                : 300000 samples [1: 43.5%, 2: 32.2%, 3: 24.3%, 4: 0.0%]
DFA state visits in window   : 1: 15343, 2: 10057, 3: 7012, 4: 49
DFA state visits cumulative  : 1: 1024544, 2: 386457, 3: 309932, 4: 1509
DFA state entries in window  : 1: 100, 2: 79, 3: 60, 4: 49
DFA state entries cumulative : 1: 6000, 2: 2567, 3: 2026, 4: 1509
transitions cumulative       : 1->2: 2567, 2->3: 2026, 3->4: 1509
accepted directly from s0    : 0
Gym endings cumulative       : terminated=4338, truncated=154

Starting autonomous greedy evaluation at episode 6000 (1000 fixed-seed episodes)...
[Greedy evaluation at episode 6000 | 1000 fixed-seed episodes]
success=24.2%, failure=0.0%, task reward=2420.000, length=367.4
DFA transitions: 1->2: 909, 2->3: 253, 3->4: 242

[Episode 6100/8000 | last 100]
success rate                : 81.0% (cumulative 26.1%)
failure rate                : 0.0% (cumulative 0.0%)
completed cycles / episode  : 0.000
synthetic task reward       : 8100.000
shaping reward              : 2144.731
learning reward             : 10244.731
episode length              : 325.1
abstract changes / episode  : 58.3
DFA transitions / episode   : 2.48
DFA transitions in window   : 1->2: 85, 2->3: 82, 3->4: 81
epsilon (next episode)       : 0.08712
replay buffer                : 300000 samples [1: 43.9%, 2: 32.6%, 3: 23.5%, 4: 0.0%]
DFA state visits in window   : 1: 13407, 2: 11127, 3: 7995, 4: 81
DFA state visits cumulative  : 1: 1037951, 2: 397584, 3: 317927, 4: 1590
DFA state entries in window  : 1: 100, 2: 85, 3: 82, 4: 81
DFA state entries cumulative : 1: 6100, 2: 2652, 3: 2108, 4: 1590
transitions cumulative       : 1->2: 2652, 2->3: 2108, 3->4: 1590
accepted directly from s0    : 0
Gym endings cumulative       : terminated=4357, truncated=154

[Episode 6200/8000 | last 100]
success rate                : 75.0% (cumulative 26.9%)
failure rate                : 0.0% (cumulative 0.0%)
completed cycles / episode  : 0.000
synthetic task reward       : 7500.000
shaping reward              : 1965.010
learning reward             : 9465.010
episode length              : 337.6
abstract changes / episode  : 61.4
DFA transitions / episode   : 2.33
DFA transitions in window   : 1->2: 81, 2->3: 77, 3->4: 75
epsilon (next episode)       : 0.08370
replay buffer                : 300000 samples [1: 45.7%, 2: 30.7%, 3: 23.5%, 4: 0.0%]
DFA state visits in window   : 1: 17217, 2: 8841, 3: 7732, 4: 75
DFA state visits cumulative  : 1: 1055168, 2: 406425, 3: 325659, 4: 1665
DFA state entries in window  : 1: 100, 2: 81, 3: 77, 4: 75
DFA state entries cumulative : 1: 6200, 2: 2733, 3: 2185, 4: 1665
transitions cumulative       : 1->2: 2733, 2->3: 2185, 3->4: 1665
accepted directly from s0    : 0
Gym endings cumulative       : terminated=4382, truncated=154

[Episode 6300/8000 | last 100]
success rate                : 85.0% (cumulative 27.8%)
failure rate                : 0.0% (cumulative 0.0%)
completed cycles / episode  : 0.000
synthetic task reward       : 8500.000
shaping reward              : 2308.158
learning reward             : 10808.158
episode length              : 363.7
abstract changes / episode  : 65.4
DFA transitions / episode   : 2.64
DFA transitions in window   : 1->2: 90, 2->3: 89, 3->4: 85
epsilon (next episode)       : 0.08042
replay buffer                : 300000 samples [1: 45.8%, 2: 30.6%, 3: 23.6%, 4: 0.0%]
DFA state visits in window   : 1: 15420, 2: 12339, 3: 8623, 4: 85
DFA state visits cumulative  : 1: 1070588, 2: 418764, 3: 334282, 4: 1750
DFA state entries in window  : 1: 100, 2: 90, 3: 89, 4: 85
DFA state entries cumulative : 1: 6300, 2: 2823, 3: 2274, 4: 1750
transitions cumulative       : 1->2: 2823, 2->3: 2274, 3->4: 1750
accepted directly from s0    : 0
Gym endings cumulative       : terminated=4397, truncated=154

[Episode 6400/8000 | last 100]
success rate                : 71.0% (cumulative 28.5%)
failure rate                : 0.0% (cumulative 0.0%)
completed cycles / episode  : 0.000
synthetic task reward       : 7100.000
shaping reward              : 1983.147
learning reward             : 9083.147
episode length              : 350.7
abstract changes / episode  : 60.3
DFA transitions / episode   : 2.32
DFA transitions in window   : 1->2: 83, 2->3: 78, 3->4: 71
epsilon (next episode)       : 0.07727
replay buffer                : 300000 samples [1: 46.6%, 2: 30.6%, 3: 22.7%, 4: 0.0%]
DFA state visits in window   : 1: 16262, 2: 11055, 3: 7785, 4: 71
DFA state visits cumulative  : 1: 1086850, 2: 429819, 3: 342067, 4: 1821
DFA state entries in window  : 1: 100, 2: 83, 3: 78, 4: 71
DFA state entries cumulative : 1: 6400, 2: 2906, 3: 2352, 4: 1821
transitions cumulative       : 1->2: 2906, 2->3: 2352, 3->4: 1821
accepted directly from s0    : 0
Gym endings cumulative       : terminated=4424, truncated=156

[Episode 6500/8000 | last 100]
success rate                : 50.0% (cumulative 28.8%)
failure rate                : 0.0% (cumulative 0.0%)
completed cycles / episode  : 0.000
synthetic task reward       : 5000.000
shaping reward              : 1441.717
learning reward             : 6441.717
episode length              : 432.1
abstract changes / episode  : 77.7
DFA transitions / episode   : 1.77
DFA transitions in window   : 1->2: 68, 2->3: 59, 3->4: 50
epsilon (next episode)       : 0.07423
replay buffer                : 300000 samples [1: 48.5%, 2: 29.0%, 3: 22.5%, 4: 0.0%]
DFA state visits in window   : 1: 24400, 2: 10137, 3: 8719, 4: 50
DFA state visits cumulative  : 1: 1111250, 2: 439956, 3: 350786, 4: 1871
DFA state entries in window  : 1: 100, 2: 68, 3: 59, 4: 50
DFA state entries cumulative : 1: 6500, 2: 2974, 3: 2411, 4: 1871
transitions cumulative       : 1->2: 2974, 2->3: 2411, 3->4: 1871
accepted directly from s0    : 0
Gym endings cumulative       : terminated=4472, truncated=158

[Episode 6600/8000 | last 100]
success rate                : 77.0% (cumulative 29.5%)
failure rate                : 0.0% (cumulative 0.0%)
completed cycles / episode  : 0.000
synthetic task reward       : 7700.000
shaping reward              : 2175.455
learning reward             : 9875.455
episode length              : 399.7
abstract changes / episode  : 71.5
DFA transitions / episode   : 2.45
DFA transitions in window   : 1->2: 86, 2->3: 82, 3->4: 77
epsilon (next episode)       : 0.07132
replay buffer                : 300000 samples [1: 46.8%, 2: 30.3%, 3: 22.9%, 4: 0.0%]
DFA state visits in window   : 1: 15620, 2: 14869, 3: 9504, 4: 77
DFA state visits cumulative  : 1: 1126870, 2: 454825, 3: 360290, 4: 1948
DFA state entries in window  : 1: 100, 2: 86, 3: 82, 4: 77
DFA state entries cumulative : 1: 6600, 2: 3060, 3: 2493, 4: 1948
transitions cumulative       : 1->2: 3060, 2->3: 2493, 3->4: 1948
accepted directly from s0    : 0
Gym endings cumulative       : terminated=4493, truncated=160

[Episode 6700/8000 | last 100]
success rate                : 83.0% (cumulative 30.3%)
failure rate                : 0.0% (cumulative 0.0%)
completed cycles / episode  : 0.000
synthetic task reward       : 8300.000
shaping reward              : 2311.513
learning reward             : 10611.513
episode length              : 370.1
abstract changes / episode  : 66.9
DFA transitions / episode   : 2.65
DFA transitions in window   : 1->2: 92, 2->3: 90, 3->4: 83
epsilon (next episode)       : 0.06853
replay buffer                : 300000 samples [1: 46.3%, 2: 30.4%, 3: 23.3%, 4: 0.0%]
DFA state visits in window   : 1: 16391, 2: 10664, 3: 9973, 4: 83
DFA state visits cumulative  : 1: 1143261, 2: 465489, 3: 370263, 4: 2031
DFA state entries in window  : 1: 100, 2: 92, 3: 90, 4: 83
DFA state entries cumulative : 1: 6700, 2: 3152, 3: 2583, 4: 2031
transitions cumulative       : 1->2: 3152, 2->3: 2583, 3->4: 2031
accepted directly from s0    : 0
Gym endings cumulative       : terminated=4509, truncated=161

[Episode 6800/8000 | last 100]
success rate                : 84.0% (cumulative 31.1%)
failure rate                : 0.0% (cumulative 0.0%)
completed cycles / episode  : 0.000
synthetic task reward       : 8400.000
shaping reward              : 2346.123
learning reward             : 10746.123
episode length              : 342.9
abstract changes / episode  : 62.9
DFA transitions / episode   : 2.71
DFA transitions in window   : 1->2: 96, 2->3: 91, 3->4: 84
epsilon (next episode)       : 0.06584
replay buffer                : 300000 samples [1: 45.3%, 2: 31.0%, 3: 23.7%, 4: 0.0%]
DFA state visits in window   : 1: 13856, 2: 11293, 3: 9155, 4: 84
DFA state visits cumulative  : 1: 1157117, 2: 476782, 3: 379418, 4: 2115
DFA state entries in window  : 1: 100, 2: 96, 3: 91, 4: 84
DFA state entries cumulative : 1: 6800, 2: 3248, 3: 2674, 4: 2115
transitions cumulative       : 1->2: 3248, 2->3: 2674, 3->4: 2115
accepted directly from s0    : 0
Gym endings cumulative       : terminated=4525, truncated=161

[Episode 6900/8000 | last 100]
success rate                : 68.0% (cumulative 31.6%)
failure rate                : 0.0% (cumulative 0.0%)
completed cycles / episode  : 0.000
synthetic task reward       : 6800.000
shaping reward              : 2012.543
learning reward             : 8812.543
episode length              : 351.1
abstract changes / episode  : 62.0
DFA transitions / episode   : 2.33
DFA transitions in window   : 1->2: 85, 2->3: 80, 3->4: 68
epsilon (next episode)       : 0.06326
replay buffer                : 300000 samples [1: 45.7%, 2: 30.5%, 3: 23.8%, 4: 0.0%]
DFA state visits in window   : 1: 15852, 2: 10532, 3: 8755, 4: 68
DFA state visits cumulative  : 1: 1172969, 2: 487314, 3: 388173, 4: 2183
DFA state entries in window  : 1: 100, 2: 85, 3: 80, 4: 68
DFA state entries cumulative : 1: 6900, 2: 3333, 3: 2754, 4: 2183
transitions cumulative       : 1->2: 3333, 2->3: 2754, 3->4: 2183
accepted directly from s0    : 0
Gym endings cumulative       : terminated=4556, truncated=162

[Episode 7000/8000 | last 100]
success rate                : 71.0% (cumulative 32.2%)
failure rate                : 0.0% (cumulative 0.0%)
completed cycles / episode  : 0.000
synthetic task reward       : 7100.000
shaping reward              : 1900.246
learning reward             : 9000.246
episode length              : 357.5
abstract changes / episode  : 64.8
DFA transitions / episode   : 2.30
DFA transitions in window   : 1->2: 80, 2->3: 79, 3->4: 71
epsilon (next episode)       : 0.06078
replay buffer                : 300000 samples [1: 46.4%, 2: 30.0%, 3: 23.6%, 4: 0.0%]
DFA state visits in window   : 1: 20390, 2: 7961, 3: 7431, 4: 71
DFA state visits cumulative  : 1: 1193359, 2: 495275, 3: 395604, 4: 2254
DFA state entries in window  : 1: 100, 2: 80, 3: 79, 4: 71
DFA state entries cumulative : 1: 7000, 2: 3413, 3: 2833, 4: 2254
transitions cumulative       : 1->2: 3413, 2->3: 2833, 3->4: 2254
accepted directly from s0    : 0
Gym endings cumulative       : terminated=4583, truncated=164

Starting autonomous greedy evaluation at episode 7000 (1000 fixed-seed episodes)...
[Greedy evaluation at episode 7000 | 1000 fixed-seed episodes]
success=73.9%, failure=0.0%, task reward=7390.000, length=452.3
DFA transitions: 1->2: 937, 2->3: 909, 3->4: 739

[Episode 7100/8000 | last 100]
success rate                : 69.0% (cumulative 32.7%)
failure rate                : 0.0% (cumulative 0.0%)
completed cycles / episode  : 0.000
synthetic task reward       : 6900.000
shaping reward              : 2088.470
learning reward             : 8988.470
episode length              : 366.8
abstract changes / episode  : 66.1
DFA transitions / episode   : 2.43
DFA transitions in window   : 1->2: 88, 2->3: 86, 3->4: 69
epsilon (next episode)       : 0.05839
replay buffer                : 300000 samples [1: 47.4%, 2: 28.8%, 3: 23.8%, 4: 0.0%]
DFA state visits in window   : 1: 18302, 2: 9076, 3: 9332, 4: 69
DFA state visits cumulative  : 1: 1211661, 2: 504351, 3: 404936, 4: 2323
DFA state entries in window  : 1: 100, 2: 88, 3: 86, 4: 69
DFA state entries cumulative : 1: 7100, 2: 3501, 3: 2919, 4: 2323
transitions cumulative       : 1->2: 3501, 2->3: 2919, 3->4: 2323
accepted directly from s0    : 0
Gym endings cumulative       : terminated=4613, truncated=165

[Episode 7200/8000 | last 100]
success rate                : 83.0% (cumulative 33.4%)
failure rate                : 0.0% (cumulative 0.0%)
completed cycles / episode  : 0.000
synthetic task reward       : 8300.000
shaping reward              : 2265.900
learning reward             : 10565.900
episode length              : 341.9
abstract changes / episode  : 63.2
DFA transitions / episode   : 2.64
DFA transitions in window   : 1->2: 91, 2->3: 90, 3->4: 83
epsilon (next episode)       : 0.05610
replay buffer                : 300000 samples [1: 47.6%, 2: 28.3%, 3: 24.1%, 4: 0.0%]
DFA state visits in window   : 1: 15974, 2: 9672, 3: 8562, 4: 83
DFA state visits cumulative  : 1: 1227635, 2: 514023, 3: 413498, 4: 2406
DFA state entries in window  : 1: 100, 2: 91, 3: 90, 4: 83
DFA state entries cumulative : 1: 7200, 2: 3592, 3: 3009, 4: 2406
transitions cumulative       : 1->2: 3592, 2->3: 3009, 3->4: 2406
accepted directly from s0    : 0
Gym endings cumulative       : terminated=4630, truncated=165

[Episode 7300/8000 | last 100]
success rate                : 73.0% (cumulative 34.0%)
failure rate                : 0.0% (cumulative 0.0%)
completed cycles / episode  : 0.000
synthetic task reward       : 7300.000
shaping reward              : 2169.560
learning reward             : 9469.560
episode length              : 319.5
abstract changes / episode  : 61.9
DFA transitions / episode   : 2.51
DFA transitions in window   : 1->2: 91, 2->3: 87, 3->4: 73
epsilon (next episode)       : 0.05390
replay buffer                : 300000 samples [1: 45.9%, 2: 29.9%, 3: 24.2%, 4: 0.0%]
DFA state visits in window   : 1: 13155, 2: 11204, 3: 7618, 4: 73
DFA state visits cumulative  : 1: 1240790, 2: 525227, 3: 421116, 4: 2479
DFA state entries in window  : 1: 100, 2: 91, 3: 87, 4: 73
DFA state entries cumulative : 1: 7300, 2: 3683, 3: 3096, 4: 2479
transitions cumulative       : 1->2: 3683, 2->3: 3096, 3->4: 2479
accepted directly from s0    : 0
Gym endings cumulative       : terminated=4657, truncated=165

[Episode 7400/8000 | last 100]
success rate                : 81.0% (cumulative 34.6%)
failure rate                : 0.0% (cumulative 0.0%)
completed cycles / episode  : 0.000
synthetic task reward       : 8100.000
shaping reward              : 2342.376
learning reward             : 10442.376
episode length              : 390.6
abstract changes / episode  : 72.2
DFA transitions / episode   : 2.70
DFA transitions in window   : 1->2: 96, 2->3: 93, 3->4: 81
epsilon (next episode)       : 0.05179
replay buffer                : 300000 samples [1: 44.9%, 2: 29.7%, 3: 25.3%, 4: 0.0%]
DFA state visits in window   : 1: 13988, 2: 14177, 3: 10915, 4: 81
DFA state visits cumulative  : 1: 1254778, 2: 539404, 3: 432031, 4: 2560
DFA state entries in window  : 1: 100, 2: 96, 3: 93, 4: 81
DFA state entries cumulative : 1: 7400, 2: 3779, 3: 3189, 4: 2560
transitions cumulative       : 1->2: 3779, 2->3: 3189, 3->4: 2560
accepted directly from s0    : 0
Gym endings cumulative       : terminated=4675, truncated=166

[Episode 7500/8000 | last 100]
success rate                : 80.0% (cumulative 35.2%)
failure rate                : 0.0% (cumulative 0.0%)
completed cycles / episode  : 0.000
synthetic task reward       : 8000.000
shaping reward              : 2309.705
learning reward             : 10309.705
episode length              : 377.0
abstract changes / episode  : 70.2
DFA transitions / episode   : 2.65
DFA transitions in window   : 1->2: 98, 2->3: 87, 3->4: 80
epsilon (next episode)       : 0.04976
replay buffer                : 300000 samples [1: 43.9%, 2: 31.7%, 3: 24.4%, 4: 0.0%]
DFA state visits in window   : 1: 13465, 2: 16705, 3: 7551, 4: 80
DFA state visits cumulative  : 1: 1268243, 2: 556109, 3: 439582, 4: 2640
DFA state entries in window  : 1: 100, 2: 98, 3: 87, 4: 80
DFA state entries cumulative : 1: 7500, 2: 3877, 3: 3276, 4: 2640
transitions cumulative       : 1->2: 3877, 2->3: 3276, 3->4: 2640
accepted directly from s0    : 0
Gym endings cumulative       : terminated=4691, truncated=170

[Episode 7600/8000 | last 100]
success rate                : 79.0% (cumulative 35.8%)
failure rate                : 0.0% (cumulative 0.0%)
completed cycles / episode  : 0.000
synthetic task reward       : 7900.000
shaping reward              : 2213.362
learning reward             : 10113.362
episode length              : 347.5
abstract changes / episode  : 63.6
DFA transitions / episode   : 2.54
DFA transitions in window   : 1->2: 92, 2->3: 83, 3->4: 79
epsilon (next episode)       : 0.04781
replay buffer                : 300000 samples [1: 44.1%, 2: 32.4%, 3: 23.6%, 4: 0.0%]
DFA state visits in window   : 1: 15284, 2: 12594, 3: 6889, 4: 79
DFA state visits cumulative  : 1: 1283527, 2: 568703, 3: 446471, 4: 2719
DFA state entries in window  : 1: 100, 2: 92, 3: 83, 4: 79
DFA state entries cumulative : 1: 7600, 2: 3969, 3: 3359, 4: 2719
transitions cumulative       : 1->2: 3969, 2->3: 3359, 3->4: 2719
accepted directly from s0    : 0
Gym endings cumulative       : terminated=4710, truncated=172

[Episode 7700/8000 | last 100]
success rate                : 70.0% (cumulative 36.2%)
failure rate                : 0.0% (cumulative 0.0%)
completed cycles / episode  : 0.000
synthetic task reward       : 7000.000
shaping reward              : 2210.761
learning reward             : 9210.761
episode length              : 367.5
abstract changes / episode  : 66.5
DFA transitions / episode   : 2.54
DFA transitions in window   : 1->2: 96, 2->3: 88, 3->4: 70
epsilon (next episode)       : 0.04593
replay buffer                : 300000 samples [1: 44.2%, 2: 31.9%, 3: 23.9%, 4: 0.0%]
DFA state visits in window   : 1: 15660, 2: 10188, 3: 10934, 4: 70
DFA state visits cumulative  : 1: 1299187, 2: 578891, 3: 457405, 4: 2789
DFA state entries in window  : 1: 100, 2: 96, 3: 88, 4: 70
DFA state entries cumulative : 1: 7700, 2: 4065, 3: 3447, 4: 2789
transitions cumulative       : 1->2: 4065, 2->3: 3447, 3->4: 2789
accepted directly from s0    : 0
Gym endings cumulative       : terminated=4739, truncated=173

[Episode 7800/8000 | last 100]
success rate                : 80.0% (cumulative 36.8%)
failure rate                : 0.0% (cumulative 0.0%)
completed cycles / episode  : 0.000
synthetic task reward       : 8000.000
shaping reward              : 2130.415
learning reward             : 10130.415
episode length              : 355.6
abstract changes / episode  : 64.9
DFA transitions / episode   : 2.51
DFA transitions in window   : 1->2: 86, 2->3: 85, 3->4: 80
epsilon (next episode)       : 0.04413
replay buffer                : 300000 samples [1: 43.2%, 2: 32.1%, 3: 24.7%, 4: 0.0%]
DFA state visits in window   : 1: 16685, 2: 9819, 3: 9080, 4: 80
DFA state visits cumulative  : 1: 1315872, 2: 588710, 3: 466485, 4: 2869
DFA state entries in window  : 1: 100, 2: 86, 3: 85, 4: 80
DFA state entries cumulative : 1: 7800, 2: 4151, 3: 3532, 4: 2869
transitions cumulative       : 1->2: 4151, 2->3: 3532, 3->4: 2869
accepted directly from s0    : 0
Gym endings cumulative       : terminated=4758, truncated=174

[Episode 7900/8000 | last 100]
success rate                : 67.0% (cumulative 37.2%)
failure rate                : 0.0% (cumulative 0.0%)
completed cycles / episode  : 0.000
synthetic task reward       : 6700.000
shaping reward              : 1878.427
learning reward             : 8578.427
episode length              : 360.3
abstract changes / episode  : 64.4
DFA transitions / episode   : 2.24
DFA transitions in window   : 1->2: 82, 2->3: 75, 3->4: 67
epsilon (next episode)       : 0.04240
replay buffer                : 300000 samples [1: 42.8%, 2: 32.1%, 3: 25.1%, 4: 0.0%]
DFA state visits in window   : 1: 17787, 2: 8234, 3: 10040, 4: 67
DFA state visits cumulative  : 1: 1333659, 2: 596944, 3: 476525, 4: 2936
DFA state entries in window  : 1: 100, 2: 82, 3: 75, 4: 67
DFA state entries cumulative : 1: 7900, 2: 4233, 3: 3607, 4: 2936
transitions cumulative       : 1->2: 4233, 2->3: 3607, 3->4: 2936
accepted directly from s0    : 0
Gym endings cumulative       : terminated=4790, truncated=175

[Episode 8000/8000 | last 100]
success rate                : 68.0% (cumulative 37.5%)
failure rate                : 0.0% (cumulative 0.0%)
completed cycles / episode  : 0.000
synthetic task reward       : 6800.000
shaping reward              : 1774.273
learning reward             : 8574.273
episode length              : 297.6
abstract changes / episode  : 56.1
DFA transitions / episode   : 2.15
DFA transitions in window   : 1->2: 74, 2->3: 73, 3->4: 68
epsilon (next episode)       : 0.04074
replay buffer                : 300000 samples [1: 42.6%, 2: 32.6%, 3: 24.8%, 4: 0.0%]
DFA state visits in window   : 1: 12425, 2: 10003, 3: 7363, 4: 68
DFA state visits cumulative  : 1: 1346084, 2: 606947, 3: 483888, 4: 3004
DFA state entries in window  : 1: 100, 2: 74, 3: 73, 4: 68
DFA state entries cumulative : 1: 8000, 2: 4307, 3: 3680, 4: 3004
transitions cumulative       : 1->2: 4307, 2->3: 3680, 3->4: 3004
accepted directly from s0    : 0
Gym endings cumulative       : terminated=4822, truncated=175

Starting autonomous greedy evaluation at episode 8000 (1000 fixed-seed episodes)...
[Greedy evaluation at episode 8000 | 1000 fixed-seed episodes]
success=69.3%, failure=0.0%, task reward=6930.000, length=318.5
DFA transitions: 1->2: 818, 2->3: 745, 3->4: 693
Last policy saved after episode 8000. Best greedy evaluation: episode 4000, mean task reward=9420.000
