
=== NEW RUN ===
episodes=8000, shaping=True, goal_reward=10000.0, gamma=0.99
gamma_shaping=1.0, shaping_formula=gamma_shaping*Phi(next)-Phi(state)
ground_unbiased_learner=False
ground_max_episode_steps=1500
eval_interval=500, eval_episodes=1000, eval_seed=100000
inter_level_shaping=False, inter_level_formula=gamma*Phi(next)-Phi(state)
task_type=cyclic_waypoints, task=cycle(g1, g2, g3)
regions={g1: {'center': [0, 1.0625], 'radius': 0.1}, g2: {'center': [-0.5, 0.5], 'radius': 0.1}, g3: {'center': [0.5, 0.5], 'radius': 0.1}}
dfa_states=[0, 1, 2], pre_trace=0, accepting=[], failure=[]

[Episode 1/8000 | last 1]
success rate                : 0.0% (cumulative 0.0%)
failure rate                : 0.0% (cumulative 0.0%)
completed cycles / episode  : 0.000
synthetic task reward       : 0.000
shaping reward              : -2540.798
learning reward             : -2540.798
episode length              : 123.0
abstract changes / episode  : 14.0
same abstract-state steps   : 88.6%
same-state shaping / episode: 0.000
changed-state shaping / ep. : -2540.798
terminal shaping / episode  : 0.000
DFA transitions / episode   : 0.00
DFA transitions in window   : none
epsilon (next episode)       : 0.99960
replay buffer                : 123 samples [0: 100.0%, 1: 0.0%, 2: 0.0%]
DFA state visits in window   : 0: 124, 1: 0, 2: 0
DFA state visits cumulative  : 0: 124, 1: 0, 2: 0
DFA state entries in window  : 0: 1, 1: 0, 2: 0
DFA state entries cumulative : 0: 1, 1: 0, 2: 0
transitions cumulative       : none
accepted directly from s0    : 0
Gym endings cumulative       : terminated=1, truncated=0

[Episode 100/8000 | last 100]
success rate                : 0.0% (cumulative 0.0%)
failure rate                : 0.0% (cumulative 0.0%)
completed cycles / episode  : 0.000
synthetic task reward       : 0.000
shaping reward              : -568.193
learning reward             : -568.193
episode length              : 91.9
abstract changes / episode  : 13.2
same abstract-state steps   : 85.6%
same-state shaping / episode: 0.000
changed-state shaping / ep. : -568.193
terminal shaping / episode  : -33.622
DFA transitions / episode   : 0.31
DFA transitions in window   : 0->1: 31
epsilon (next episode)       : 0.96078
replay buffer                : 9191 samples [0: 83.3%, 1: 16.7%, 2: 0.0%]
DFA state visits in window   : 0: 7721, 1: 1570, 2: 0
DFA state visits cumulative  : 0: 7721, 1: 1570, 2: 0
DFA state entries in window  : 0: 100, 1: 31, 2: 0
DFA state entries cumulative : 0: 100, 1: 31, 2: 0
transitions cumulative       : 0->1: 31
accepted directly from s0    : 0
Gym endings cumulative       : terminated=100, truncated=0

[Episode 200/8000 | last 100]
success rate                : 0.0% (cumulative 0.0%)
failure rate                : 0.0% (cumulative 0.0%)
completed cycles / episode  : 0.000
synthetic task reward       : 0.000
shaping reward              : -890.136
learning reward             : -890.136
episode length              : 97.0
abstract changes / episode  : 13.1
same abstract-state steps   : 86.5%
same-state shaping / episode: 0.000
changed-state shaping / ep. : -890.136
terminal shaping / episode  : -51.167
DFA transitions / episode   : 0.25
DFA transitions in window   : 0->1: 25
epsilon (next episode)       : 0.92310
replay buffer                : 18889 samples [0: 84.7%, 1: 15.3%, 2: 0.0%]
DFA state visits in window   : 0: 8428, 1: 1370, 2: 0
DFA state visits cumulative  : 0: 16149, 1: 2940, 2: 0
DFA state entries in window  : 0: 100, 1: 25, 2: 0
DFA state entries cumulative : 0: 200, 1: 56, 2: 0
transitions cumulative       : 0->1: 56
accepted directly from s0    : 0
Gym endings cumulative       : terminated=200, truncated=0

[Episode 300/8000 | last 100]
success rate                : 0.0% (cumulative 0.0%)
failure rate                : 0.0% (cumulative 0.0%)
completed cycles / episode  : 0.000
synthetic task reward       : 0.000
shaping reward              : -468.877
learning reward             : -468.877
episode length              : 97.1
abstract changes / episode  : 13.2
same abstract-state steps   : 86.4%
same-state shaping / episode: 0.000
changed-state shaping / ep. : -468.877
terminal shaping / episode  : 0.000
DFA transitions / episode   : 0.34
DFA transitions in window   : 0->1: 34
epsilon (next episode)       : 0.88690
replay buffer                : 28597 samples [0: 83.6%, 1: 16.4%, 2: 0.0%]
DFA state visits in window   : 0: 7973, 1: 1835, 2: 0
DFA state visits cumulative  : 0: 24122, 1: 4775, 2: 0
DFA state entries in window  : 0: 100, 1: 34, 2: 0
DFA state entries cumulative : 0: 300, 1: 90, 2: 0
transitions cumulative       : 0->1: 90
accepted directly from s0    : 0
Gym endings cumulative       : terminated=300, truncated=0

[Episode 400/8000 | last 100]
success rate                : 0.0% (cumulative 0.0%)
failure rate                : 0.0% (cumulative 0.0%)
completed cycles / episode  : 0.000
synthetic task reward       : 0.000
shaping reward              : -652.278
learning reward             : -652.278
episode length              : 101.0
abstract changes / episode  : 13.3
same abstract-state steps   : 86.9%
same-state shaping / episode: 0.000
changed-state shaping / ep. : -652.278
terminal shaping / episode  : 8.906
DFA transitions / episode   : 0.30
DFA transitions in window   : 0->1: 30
epsilon (next episode)       : 0.85212
replay buffer                : 38696 samples [0: 83.4%, 1: 16.6%, 2: 0.0%]
DFA state visits in window   : 0: 8439, 1: 1760, 2: 0
DFA state visits cumulative  : 0: 32561, 1: 6535, 2: 0
DFA state entries in window  : 0: 100, 1: 30, 2: 0
DFA state entries cumulative : 0: 400, 1: 120, 2: 0
transitions cumulative       : 0->1: 120
accepted directly from s0    : 0
Gym endings cumulative       : terminated=400, truncated=0

[Episode 500/8000 | last 100]
success rate                : 0.0% (cumulative 0.0%)
failure rate                : 0.0% (cumulative 0.0%)
completed cycles / episode  : 0.000
synthetic task reward       : 0.000
shaping reward              : -340.813
learning reward             : -340.813
episode length              : 97.5
abstract changes / episode  : 12.9
same abstract-state steps   : 86.8%
same-state shaping / episode: 0.000
changed-state shaping / ep. : -340.813
terminal shaping / episode  : -16.769
DFA transitions / episode   : 0.37
DFA transitions in window   : 0->1: 37
epsilon (next episode)       : 0.81870
replay buffer                : 48450 samples [0: 82.4%, 1: 17.6%, 2: 0.0%]
DFA state visits in window   : 0: 7696, 1: 2158, 2: 0
DFA state visits cumulative  : 0: 40257, 1: 8693, 2: 0
DFA state entries in window  : 0: 100, 1: 37, 2: 0
DFA state entries cumulative : 0: 500, 1: 157, 2: 0
transitions cumulative       : 0->1: 157
accepted directly from s0    : 0
Gym endings cumulative       : terminated=500, truncated=0

Starting autonomous greedy evaluation at episode 500 (1000 fixed-seed episodes)...
[Greedy evaluation at episode 500 | 1000 fixed-seed episodes]
success=0.0%, failure=0.0%, task reward=0.000, cycles=0.000, length=468.7
DFA transitions: 0->1: 651, 1->2: 82
Best policy updated from autonomous greedy evaluation at episode 500.

[Episode 600/8000 | last 100]
success rate                : 0.0% (cumulative 0.0%)
failure rate                : 0.0% (cumulative 0.0%)
completed cycles / episode  : 0.000
synthetic task reward       : 0.000
shaping reward              : -572.925
learning reward             : -572.925
episode length              : 117.4
abstract changes / episode  : 13.1
same abstract-state steps   : 88.8%
same-state shaping / episode: 0.000
changed-state shaping / ep. : -572.925
terminal shaping / episode  : 0.000
DFA transitions / episode   : 0.31
DFA transitions in window   : 0->1: 31
epsilon (next episode)       : 0.78659
replay buffer                : 60187 samples [0: 82.7%, 1: 17.3%, 2: 0.0%]
DFA state visits in window   : 0: 9921, 1: 1916, 2: 0
DFA state visits cumulative  : 0: 50178, 1: 10609, 2: 0
DFA state entries in window  : 0: 100, 1: 31, 2: 0
DFA state entries cumulative : 0: 600, 1: 188, 2: 0
transitions cumulative       : 0->1: 188
accepted directly from s0    : 0
Gym endings cumulative       : terminated=599, truncated=1

[Episode 700/8000 | last 100]
success rate                : 0.0% (cumulative 0.0%)
failure rate                : 0.0% (cumulative 0.0%)
completed cycles / episode  : 0.000
synthetic task reward       : 0.000
shaping reward              : -425.923
learning reward             : -425.923
episode length              : 103.6
abstract changes / episode  : 13.2
same abstract-state steps   : 87.3%
same-state shaping / episode: 0.000
changed-state shaping / ep. : -425.923
terminal shaping / episode  : -33.622
DFA transitions / episode   : 0.34
DFA transitions in window   : 0->1: 34
epsilon (next episode)       : 0.75574
replay buffer                : 70548 samples [0: 82.3%, 1: 17.7%, 2: 0.0%]
DFA state visits in window   : 0: 8332, 1: 2129, 2: 0
DFA state visits cumulative  : 0: 58510, 1: 12738, 2: 0
DFA state entries in window  : 0: 100, 1: 34, 2: 0
DFA state entries cumulative : 0: 700, 1: 222, 2: 0
transitions cumulative       : 0->1: 222
accepted directly from s0    : 0
Gym endings cumulative       : terminated=699, truncated=1

[Episode 800/8000 | last 100]
success rate                : 0.0% (cumulative 0.0%)
failure rate                : 0.0% (cumulative 0.0%)
completed cycles / episode  : 0.000
synthetic task reward       : 0.000
shaping reward              : -1345.350
learning reward             : -1345.350
episode length              : 122.0
abstract changes / episode  : 13.1
same abstract-state steps   : 89.2%
same-state shaping / episode: 0.000
changed-state shaping / ep. : -1345.350
terminal shaping / episode  : -8.384
DFA transitions / episode   : 0.18
DFA transitions in window   : 0->1: 18
epsilon (next episode)       : 0.72610
replay buffer                : 82747 samples [0: 81.9%, 1: 18.1%, 2: 0.0%]
DFA state visits in window   : 0: 9785, 1: 2514, 2: 0
DFA state visits cumulative  : 0: 68295, 1: 15252, 2: 0
DFA state entries in window  : 0: 100, 1: 18, 2: 0
DFA state entries cumulative : 0: 800, 1: 240, 2: 0
transitions cumulative       : 0->1: 240
accepted directly from s0    : 0
Gym endings cumulative       : terminated=798, truncated=2

[Episode 900/8000 | last 100]
success rate                : 0.0% (cumulative 0.0%)
failure rate                : 0.0% (cumulative 0.0%)
completed cycles / episode  : 0.000
synthetic task reward       : 0.000
shaping reward              : -64.918
learning reward             : -64.918
episode length              : 118.0
abstract changes / episode  : 13.0
same abstract-state steps   : 89.0%
same-state shaping / episode: 0.000
changed-state shaping / ep. : -64.918
terminal shaping / episode  : 0.000
DFA transitions / episode   : 0.39
DFA transitions in window   : 0->1: 39
epsilon (next episode)       : 0.69763
replay buffer                : 94545 samples [0: 79.8%, 1: 20.2%, 2: 0.0%]
DFA state visits in window   : 0: 7820, 1: 4078, 2: 0
DFA state visits cumulative  : 0: 76115, 1: 19330, 2: 0
DFA state entries in window  : 0: 100, 1: 39, 2: 0
DFA state entries cumulative : 0: 900, 1: 279, 2: 0
transitions cumulative       : 0->1: 279
accepted directly from s0    : 0
Gym endings cumulative       : terminated=897, truncated=3

[Episode 1000/8000 | last 100]
success rate                : 0.0% (cumulative 0.0%)
failure rate                : 0.0% (cumulative 0.0%)
completed cycles / episode  : 0.000
synthetic task reward       : 0.000
shaping reward              : -46.069
learning reward             : -46.069
episode length              : 107.0
abstract changes / episode  : 13.0
same abstract-state steps   : 87.8%
same-state shaping / episode: 0.000
changed-state shaping / ep. : -46.069
terminal shaping / episode  : -8.995
DFA transitions / episode   : 0.40
DFA transitions in window   : 0->1: 40
epsilon (next episode)       : 0.67027
replay buffer                : 105244 samples [0: 79.3%, 1: 20.7%, 2: 0.0%]
DFA state visits in window   : 0: 8018, 1: 2781, 2: 0
DFA state visits cumulative  : 0: 84133, 1: 22111, 2: 0
DFA state entries in window  : 0: 100, 1: 40, 2: 0
DFA state entries cumulative : 0: 1000, 1: 319, 2: 0
transitions cumulative       : 0->1: 319
accepted directly from s0    : 0
Gym endings cumulative       : terminated=997, truncated=3

Starting autonomous greedy evaluation at episode 1000 (1000 fixed-seed episodes)...
[Greedy evaluation at episode 1000 | 1000 fixed-seed episodes]
success=0.0%, failure=0.0%, task reward=0.000, cycles=0.000, length=262.2
DFA transitions: 0->1: 418, 1->2: 3
Best policy updated from autonomous greedy evaluation at episode 1000.

[Episode 1100/8000 | last 100]
success rate                : 0.0% (cumulative 0.0%)
failure rate                : 0.0% (cumulative 0.0%)
completed cycles / episode  : 0.000
synthetic task reward       : 0.000
shaping reward              : -300.182
learning reward             : -300.182
episode length              : 114.7
abstract changes / episode  : 13.6
same abstract-state steps   : 88.1%
same-state shaping / episode: 0.000
changed-state shaping / ep. : -300.182
terminal shaping / episode  : 0.611
DFA transitions / episode   : 0.36
DFA transitions in window   : 0->1: 36
epsilon (next episode)       : 0.64398
replay buffer                : 116709 samples [0: 79.1%, 1: 20.9%, 2: 0.0%]
DFA state visits in window   : 0: 8981, 1: 2584, 2: 0
DFA state visits cumulative  : 0: 93114, 1: 24695, 2: 0
DFA state entries in window  : 0: 100, 1: 36, 2: 0
DFA state entries cumulative : 0: 1100, 1: 355, 2: 0
transitions cumulative       : 0->1: 355
accepted directly from s0    : 0
Gym endings cumulative       : terminated=1097, truncated=3

[Episode 1200/8000 | last 100]
success rate                : 0.0% (cumulative 0.0%)
failure rate                : 0.0% (cumulative 0.0%)
completed cycles / episode  : 0.000
synthetic task reward       : 0.000
shaping reward              : 484.841
learning reward             : 484.841
episode length              : 127.0
abstract changes / episode  : 13.4
same abstract-state steps   : 89.4%
same-state shaping / episode: 0.000
changed-state shaping / ep. : 484.841
terminal shaping / episode  : -8.906
DFA transitions / episode   : 0.47
DFA transitions in window   : 0->1: 47
epsilon (next episode)       : 0.61872
replay buffer                : 129413 samples [0: 77.7%, 1: 22.3%, 2: 0.0%]
DFA state visits in window   : 0: 8236, 1: 4568, 2: 0
DFA state visits cumulative  : 0: 101350, 1: 29263, 2: 0
DFA state entries in window  : 0: 100, 1: 47, 2: 0
DFA state entries cumulative : 0: 1200, 1: 402, 2: 0
transitions cumulative       : 0->1: 402
accepted directly from s0    : 0
Gym endings cumulative       : terminated=1197, truncated=3

[Episode 1300/8000 | last 100]
success rate                : 0.0% (cumulative 0.0%)
failure rate                : 0.0% (cumulative 0.0%)
completed cycles / episode  : 0.000
synthetic task reward       : 0.000
shaping reward              : -87.839
learning reward             : -87.839
episode length              : 118.6
abstract changes / episode  : 13.6
same abstract-state steps   : 88.6%
same-state shaping / episode: 0.000
changed-state shaping / ep. : -87.839
terminal shaping / episode  : -17.901
DFA transitions / episode   : 0.37
DFA transitions in window   : 0->1: 37
epsilon (next episode)       : 0.59446
replay buffer                : 141276 samples [0: 77.5%, 1: 22.5%, 2: 0.0%]
DFA state visits in window   : 0: 8994, 1: 2969, 2: 0
DFA state visits cumulative  : 0: 110344, 1: 32232, 2: 0
DFA state entries in window  : 0: 100, 1: 37, 2: 0
DFA state entries cumulative : 0: 1300, 1: 439, 2: 0
transitions cumulative       : 0->1: 439
accepted directly from s0    : 0
Gym endings cumulative       : terminated=1297, truncated=3

[Episode 1400/8000 | last 100]
success rate                : 0.0% (cumulative 0.0%)
failure rate                : 0.0% (cumulative 0.0%)
completed cycles / episode  : 0.000
synthetic task reward       : 0.000
shaping reward              : -316.760
learning reward             : -316.760
episode length              : 122.2
abstract changes / episode  : 13.5
same abstract-state steps   : 88.9%
same-state shaping / episode: 0.000
changed-state shaping / ep. : -316.760
terminal shaping / episode  : -25.153
DFA transitions / episode   : 0.34
DFA transitions in window   : 0->1: 34
epsilon (next episode)       : 0.57115
replay buffer                : 153497 samples [0: 77.3%, 1: 22.7%, 2: 0.0%]
DFA state visits in window   : 0: 9201, 1: 3120, 2: 0
DFA state visits cumulative  : 0: 119545, 1: 35352, 2: 0
DFA state entries in window  : 0: 100, 1: 34, 2: 0
DFA state entries cumulative : 0: 1400, 1: 473, 2: 0
transitions cumulative       : 0->1: 473
accepted directly from s0    : 0
Gym endings cumulative       : terminated=1397, truncated=3

[Episode 1500/8000 | last 100]
success rate                : 0.0% (cumulative 0.0%)
failure rate                : 0.0% (cumulative 0.0%)
completed cycles / episode  : 0.000
synthetic task reward       : 0.000
shaping reward              : -56.182
learning reward             : -56.182
episode length              : 139.4
abstract changes / episode  : 14.1
same abstract-state steps   : 89.9%
same-state shaping / episode: 0.000
changed-state shaping / ep. : -56.182
terminal shaping / episode  : -8.384
DFA transitions / episode   : 0.39
DFA transitions in window   : 0->1: 39
epsilon (next episode)       : 0.54875
replay buffer                : 167441 samples [0: 77.1%, 1: 22.9%, 2: 0.0%]
DFA state visits in window   : 0: 10460, 1: 3584, 2: 0
DFA state visits cumulative  : 0: 130005, 1: 38936, 2: 0
DFA state entries in window  : 0: 100, 1: 39, 2: 0
DFA state entries cumulative : 0: 1500, 1: 512, 2: 0
transitions cumulative       : 0->1: 512
accepted directly from s0    : 0
Gym endings cumulative       : terminated=1496, truncated=4

Starting autonomous greedy evaluation at episode 1500 (1000 fixed-seed episodes)...
[Greedy evaluation at episode 1500 | 1000 fixed-seed episodes]
success=0.0%, failure=0.0%, task reward=0.000, cycles=0.000, length=217.4
DFA transitions: 0->1: 802, 1->2: 34
Best policy updated from autonomous greedy evaluation at episode 1500.

[Episode 1600/8000 | last 100]
success rate                : 0.0% (cumulative 0.0%)
failure rate                : 0.0% (cumulative 0.0%)
completed cycles / episode  : 0.000
synthetic task reward       : 0.000
shaping reward              : -15.542
learning reward             : -15.542
episode length              : 139.7
abstract changes / episode  : 14.6
same abstract-state steps   : 89.5%
same-state shaping / episode: 0.000
changed-state shaping / ep. : -15.542
terminal shaping / episode  : 0.000
DFA transitions / episode   : 0.37
DFA transitions in window   : 0->1: 37
epsilon (next episode)       : 0.52722
replay buffer                : 181406 samples [0: 76.9%, 1: 23.1%, 2: 0.0%]
DFA state visits in window   : 0: 10616, 1: 3449, 2: 0
DFA state visits cumulative  : 0: 140621, 1: 42385, 2: 0
DFA state entries in window  : 0: 100, 1: 37, 2: 0
DFA state entries cumulative : 0: 1600, 1: 549, 2: 0
transitions cumulative       : 0->1: 549
accepted directly from s0    : 0
Gym endings cumulative       : terminated=1596, truncated=4

[Episode 1700/8000 | last 100]
success rate                : 0.0% (cumulative 0.0%)
failure rate                : 0.0% (cumulative 0.0%)
completed cycles / episode  : 0.000
synthetic task reward       : 0.000
shaping reward              : 250.659
learning reward             : 250.659
episode length              : 148.3
abstract changes / episode  : 14.7
same abstract-state steps   : 90.1%
same-state shaping / episode: 0.000
changed-state shaping / ep. : 250.659
terminal shaping / episode  : -16.938
DFA transitions / episode   : 0.40
DFA transitions in window   : 0->1: 40
epsilon (next episode)       : 0.50655
replay buffer                : 196238 samples [0: 76.6%, 1: 23.4%, 2: 0.0%]
DFA state visits in window   : 0: 10831, 1: 4101, 2: 0
DFA state visits cumulative  : 0: 151452, 1: 46486, 2: 0
DFA state entries in window  : 0: 100, 1: 40, 2: 0
DFA state entries cumulative : 0: 1700, 1: 589, 2: 0
transitions cumulative       : 0->1: 589
accepted directly from s0    : 0
Gym endings cumulative       : terminated=1696, truncated=4

[Episode 1800/8000 | last 100]
success rate                : 0.0% (cumulative 0.0%)
failure rate                : 0.0% (cumulative 0.0%)
completed cycles / episode  : 0.000
synthetic task reward       : 0.000
shaping reward              : 843.601
learning reward             : 843.601
episode length              : 148.1
abstract changes / episode  : 14.7
same abstract-state steps   : 90.1%
same-state shaping / episode: 0.000
changed-state shaping / ep. : 843.601
terminal shaping / episode  : -8.906
DFA transitions / episode   : 0.59
DFA transitions in window   : 0->1: 58, 1->2: 1
epsilon (next episode)       : 0.48668
replay buffer                : 211046 samples [0: 75.7%, 1: 24.2%, 2: 0.0%]
DFA state visits in window   : 0: 9548, 1: 5330, 2: 30
DFA state visits cumulative  : 0: 161000, 1: 51816, 2: 30
DFA state entries in window  : 0: 100, 1: 58, 2: 1
DFA state entries cumulative : 0: 1800, 1: 647, 2: 1
transitions cumulative       : 0->1: 647, 1->2: 1
accepted directly from s0    : 0
Gym endings cumulative       : terminated=1796, truncated=4

[Episode 1900/8000 | last 100]
success rate                : 0.0% (cumulative 0.0%)
failure rate                : 0.0% (cumulative 0.0%)
completed cycles / episode  : 0.000
synthetic task reward       : 0.000
shaping reward              : 522.713
learning reward             : 522.713
episode length              : 166.3
abstract changes / episode  : 15.0
same abstract-state steps   : 91.0%
same-state shaping / episode: 0.000
changed-state shaping / ep. : 522.713
terminal shaping / episode  : -16.853
DFA transitions / episode   : 0.46
DFA transitions in window   : 0->1: 45, 1->2: 1
epsilon (next episode)       : 0.46760
replay buffer                : 227673 samples [0: 75.2%, 1: 24.7%, 2: 0.0%]
DFA state visits in window   : 0: 11485, 1: 5221, 2: 21
DFA state visits cumulative  : 0: 172485, 1: 57037, 2: 51
DFA state entries in window  : 0: 100, 1: 45, 2: 1
DFA state entries cumulative : 0: 1900, 1: 692, 2: 2
transitions cumulative       : 0->1: 692, 1->2: 2
accepted directly from s0    : 0
Gym endings cumulative       : terminated=1896, truncated=4

[Episode 2000/8000 | last 100]
success rate                : 0.0% (cumulative 0.0%)
failure rate                : 0.0% (cumulative 0.0%)
completed cycles / episode  : 0.000
synthetic task reward       : 0.000
shaping reward              : 609.490
learning reward             : 609.490
episode length              : 174.1
abstract changes / episode  : 15.8
same abstract-state steps   : 90.9%
same-state shaping / episode: 0.000
changed-state shaping / ep. : 609.490
terminal shaping / episode  : -25.670
DFA transitions / episode   : 0.53
DFA transitions in window   : 0->1: 48, 1->2: 5
epsilon (next episode)       : 0.44926
replay buffer                : 245083 samples [0: 74.3%, 1: 25.6%, 2: 0.1%]
DFA state visits in window   : 0: 10884, 1: 6467, 2: 159
DFA state visits cumulative  : 0: 183369, 1: 63504, 2: 210
DFA state entries in window  : 0: 100, 1: 48, 2: 5
DFA state entries cumulative : 0: 2000, 1: 740, 2: 7
transitions cumulative       : 0->1: 740, 1->2: 7
accepted directly from s0    : 0
Gym endings cumulative       : terminated=1996, truncated=4

Starting autonomous greedy evaluation at episode 2000 (1000 fixed-seed episodes)...
[Greedy evaluation at episode 2000 | 1000 fixed-seed episodes]
success=0.0%, failure=0.0%, task reward=0.000, cycles=0.000, length=229.2
DFA transitions: 0->1: 712, 1->2: 227

[Episode 2100/8000 | last 100]
success rate                : 0.0% (cumulative 0.0%)
failure rate                : 0.0% (cumulative 0.0%)
completed cycles / episode  : 0.000
synthetic task reward       : 0.000
shaping reward              : 731.848
learning reward             : 731.848
episode length              : 179.8
abstract changes / episode  : 17.5
same abstract-state steps   : 90.3%
same-state shaping / episode: 0.000
changed-state shaping / ep. : 731.848
terminal shaping / episode  : -8.469
DFA transitions / episode   : 0.66
DFA transitions in window   : 0->1: 53, 1->2: 13
epsilon (next episode)       : 0.43164
replay buffer                : 263059 samples [0: 73.6%, 1: 26.1%, 2: 0.2%]
DFA state visits in window   : 0: 11678, 1: 5931, 2: 467
DFA state visits cumulative  : 0: 195047, 1: 69435, 2: 677
DFA state entries in window  : 0: 100, 1: 53, 2: 13
DFA state entries cumulative : 0: 2100, 1: 793, 2: 20
transitions cumulative       : 0->1: 793, 1->2: 20
accepted directly from s0    : 0
Gym endings cumulative       : terminated=2096, truncated=4

[Episode 2200/8000 | last 100]
success rate                : 0.0% (cumulative 0.0%)
failure rate                : 0.0% (cumulative 0.0%)
completed cycles / episode  : 0.000
synthetic task reward       : 0.000
shaping reward              : 734.567
learning reward             : 734.567
episode length              : 192.2
abstract changes / episode  : 17.7
same abstract-state steps   : 90.8%
same-state shaping / episode: 0.000
changed-state shaping / ep. : 734.567
terminal shaping / episode  : -25.238
DFA transitions / episode   : 0.68
DFA transitions in window   : 0->1: 51, 1->2: 17
epsilon (next episode)       : 0.41471
replay buffer                : 282276 samples [0: 73.2%, 1: 26.4%, 2: 0.5%]
DFA state visits in window   : 0: 12887, 1: 5785, 2: 645
DFA state visits cumulative  : 0: 207934, 1: 75220, 2: 1322
DFA state entries in window  : 0: 100, 1: 51, 2: 17
DFA state entries cumulative : 0: 2200, 1: 844, 2: 37
transitions cumulative       : 0->1: 844, 1->2: 37
accepted directly from s0    : 0
Gym endings cumulative       : terminated=2196, truncated=4

[Episode 2300/8000 | last 100]
success rate                : 0.0% (cumulative 0.0%)
failure rate                : 0.0% (cumulative 0.0%)
completed cycles / episode  : 0.000
synthetic task reward       : 0.000
shaping reward              : 1518.991
learning reward             : 1518.991
episode length              : 207.7
abstract changes / episode  : 18.3
same abstract-state steps   : 91.2%
same-state shaping / episode: 0.000
changed-state shaping / ep. : 1518.991
terminal shaping / episode  : 0.611
DFA transitions / episode   : 0.80
DFA transitions in window   : 0->1: 63, 1->2: 17
epsilon (next episode)       : 0.39845
replay buffer                : 300000 samples [0: 71.6%, 1: 27.7%, 2: 0.7%]
DFA state visits in window   : 0: 10765, 1: 9381, 2: 727
DFA state visits cumulative  : 0: 218699, 1: 84601, 2: 2049
DFA state entries in window  : 0: 100, 1: 63, 2: 17
DFA state entries cumulative : 0: 2300, 1: 907, 2: 54
transitions cumulative       : 0->1: 907, 1->2: 54
accepted directly from s0    : 0
Gym endings cumulative       : terminated=2296, truncated=4

[Episode 2400/8000 | last 100]
success rate                : 0.0% (cumulative 0.0%)
failure rate                : 0.0% (cumulative 0.0%)
completed cycles / episode  : 0.000
synthetic task reward       : 0.000
shaping reward              : 587.432
learning reward             : 587.432
episode length              : 218.9
abstract changes / episode  : 19.1
same abstract-state steps   : 91.3%
same-state shaping / episode: 0.000
changed-state shaping / ep. : 587.432
terminal shaping / episode  : -17.991
DFA transitions / episode   : 0.56
DFA transitions in window   : 0->1: 49, 1->2: 7
epsilon (next episode)       : 0.38282
replay buffer                : 300000 samples [0: 69.6%, 1: 29.6%, 2: 0.7%]
DFA state visits in window   : 0: 12543, 1: 9195, 2: 251
DFA state visits cumulative  : 0: 231242, 1: 93796, 2: 2300
DFA state entries in window  : 0: 100, 1: 49, 2: 7
DFA state entries cumulative : 0: 2400, 1: 956, 2: 61
transitions cumulative       : 0->1: 956, 1->2: 61
accepted directly from s0    : 0
Gym endings cumulative       : terminated=2396, truncated=4

[Episode 2500/8000 | last 100]
success rate                : 0.0% (cumulative 0.0%)
failure rate                : 0.0% (cumulative 0.0%)
completed cycles / episode  : 0.000
synthetic task reward       : 0.000
shaping reward              : 1839.606
learning reward             : 1839.606
episode length              : 286.1
abstract changes / episode  : 20.6
same abstract-state steps   : 92.8%
same-state shaping / episode: 0.000
changed-state shaping / ep. : 1839.606
terminal shaping / episode  : 0.000
DFA transitions / episode   : 0.86
DFA transitions in window   : 0->1: 66, 1->2: 20
epsilon (next episode)       : 0.36781
replay buffer                : 300000 samples [0: 66.1%, 1: 32.8%, 2: 1.1%]
DFA state visits in window   : 0: 12575, 1: 15002, 2: 1138
DFA state visits cumulative  : 0: 243817, 1: 108798, 2: 3438
DFA state entries in window  : 0: 100, 1: 66, 2: 20
DFA state entries cumulative : 0: 2500, 1: 1022, 2: 81
transitions cumulative       : 0->1: 1022, 1->2: 81
accepted directly from s0    : 0
Gym endings cumulative       : terminated=2496, truncated=4

Starting autonomous greedy evaluation at episode 2500 (1000 fixed-seed episodes)...
[Greedy evaluation at episode 2500 | 1000 fixed-seed episodes]
success=0.0%, failure=0.0%, task reward=0.000, cycles=0.000, length=1456.6
DFA transitions: 0->1: 821, 1->2: 2

[Episode 2600/8000 | last 100]
success rate                : 1.0% (cumulative 0.0%)
failure rate                : 0.0% (cumulative 0.0%)
completed cycles / episode  : 0.010
synthetic task reward       : 100.000
shaping reward              : 1462.473
learning reward             : 1562.473
episode length              : 331.0
abstract changes / episode  : 22.3
same abstract-state steps   : 93.3%
same-state shaping / episode: 0.000
changed-state shaping / ep. : 1462.473
terminal shaping / episode  : -9.086
DFA transitions / episode   : 0.80
DFA transitions in window   : 0->1: 58, 1->2: 21, 2->0: 1
epsilon (next episode)       : 0.35338
replay buffer                : 300000 samples [0: 61.8%, 1: 36.2%, 2: 2.0%]
DFA state visits in window   : 0: 12343, 1: 18186, 2: 2671
DFA state visits cumulative  : 0: 256160, 1: 126984, 2: 6109
DFA state entries in window  : 0: 101, 1: 58, 2: 21
DFA state entries cumulative : 0: 2601, 1: 1080, 2: 102
transitions cumulative       : 0->1: 1080, 1->2: 102, 2->0: 1
accepted directly from s0    : 0
Gym endings cumulative       : terminated=2594, truncated=6

[Episode 2700/8000 | last 100]
success rate                : 0.0% (cumulative 0.0%)
failure rate                : 0.0% (cumulative 0.0%)
completed cycles / episode  : 0.000
synthetic task reward       : 0.000
shaping reward              : 1467.390
learning reward             : 1467.390
episode length              : 400.9
abstract changes / episode  : 25.5
same abstract-state steps   : 93.6%
same-state shaping / episode: 0.000
changed-state shaping / ep. : 1467.390
terminal shaping / episode  : -17.110
DFA transitions / episode   : 0.78
DFA transitions in window   : 0->1: 57, 1->2: 21
epsilon (next episode)       : 0.33952
replay buffer                : 300000 samples [0: 57.6%, 1: 39.7%, 2: 2.7%]
DFA state visits in window   : 0: 16669, 1: 21502, 2: 2015
DFA state visits cumulative  : 0: 272829, 1: 148486, 2: 8124
DFA state entries in window  : 0: 100, 1: 57, 2: 21
DFA state entries cumulative : 0: 2701, 1: 1137, 2: 123
transitions cumulative       : 0->1: 1137, 1->2: 123, 2->0: 1
accepted directly from s0    : 0
Gym endings cumulative       : terminated=2690, truncated=10

[Episode 2800/8000 | last 100]
success rate                : 6.0% (cumulative 0.2%)
failure rate                : 0.0% (cumulative 0.0%)
completed cycles / episode  : 0.060
synthetic task reward       : 600.000
shaping reward              : 2860.950
learning reward             : 3460.950
episode length              : 491.0
abstract changes / episode  : 29.2
same abstract-state steps   : 94.0%
same-state shaping / episode: 0.000
changed-state shaping / ep. : 2860.950
terminal shaping / episode  : -16.938
DFA transitions / episode   : 1.20
DFA transitions in window   : 0->1: 76, 1->2: 38, 2->0: 6
epsilon (next episode)       : 0.32621
replay buffer                : 300000 samples [0: 51.0%, 1: 43.7%, 2: 5.3%]
DFA state visits in window   : 0: 17225, 1: 23931, 2: 8048
DFA state visits cumulative  : 0: 290054, 1: 172417, 2: 16172
DFA state entries in window  : 0: 106, 1: 76, 2: 38
DFA state entries cumulative : 0: 2807, 1: 1213, 2: 161
transitions cumulative       : 0->1: 1213, 1->2: 161, 2->0: 7
accepted directly from s0    : 0
Gym endings cumulative       : terminated=2784, truncated=16

[Episode 2900/8000 | last 100]
success rate                : 4.0% (cumulative 0.4%)
failure rate                : 0.0% (cumulative 0.0%)
completed cycles / episode  : 0.040
synthetic task reward       : 400.000
shaping reward              : 2346.719
learning reward             : 2746.719
episode length              : 449.6
abstract changes / episode  : 29.9
same abstract-state steps   : 93.3%
same-state shaping / episode: 0.000
changed-state shaping / ep. : 2346.719
terminal shaping / episode  : 9.364
DFA transitions / episode   : 1.03
DFA transitions in window   : 0->1: 65, 1->2: 34, 2->0: 4
epsilon (next episode)       : 0.31341
replay buffer                : 300000 samples [0: 45.9%, 1: 45.6%, 2: 8.4%]
DFA state visits in window   : 0: 15866, 1: 19822, 2: 9367
DFA state visits cumulative  : 0: 305920, 1: 192239, 2: 25539
DFA state entries in window  : 0: 104, 1: 65, 2: 34
DFA state entries cumulative : 0: 2911, 1: 1278, 2: 195
transitions cumulative       : 0->1: 1278, 1->2: 195, 2->0: 11
accepted directly from s0    : 0
Gym endings cumulative       : terminated=2881, truncated=19

[Episode 3000/8000 | last 100]
success rate                : 11.0% (cumulative 0.7%)
failure rate                : 0.0% (cumulative 0.0%)
completed cycles / episode  : 0.110
synthetic task reward       : 1100.000
shaping reward              : 2633.608
learning reward             : 3733.608
episode length              : 464.5
abstract changes / episode  : 34.9
same abstract-state steps   : 92.5%
same-state shaping / episode: 0.000
changed-state shaping / ep. : 2633.608
terminal shaping / episode  : 0.980
DFA transitions / episode   : 1.23
DFA transitions in window   : 0->1: 78, 1->2: 34, 2->0: 11
epsilon (next episode)       : 0.30112
replay buffer                : 300000 samples [0: 44.3%, 1: 45.7%, 2: 10.0%]
DFA state visits in window   : 0: 25073, 1: 16028, 2: 5451
DFA state visits cumulative  : 0: 330993, 1: 208267, 2: 30990
DFA state entries in window  : 0: 111, 1: 78, 2: 34
DFA state entries cumulative : 0: 3022, 1: 1356, 2: 229
transitions cumulative       : 0->1: 1356, 1->2: 229, 2->0: 22
accepted directly from s0    : 0
Gym endings cumulative       : terminated=2978, truncated=22

Starting autonomous greedy evaluation at episode 3000 (1000 fixed-seed episodes)...
[Greedy evaluation at episode 3000 | 1000 fixed-seed episodes]
success=87.0%, failure=0.0%, task reward=12250.000, cycles=1.225, length=857.9
DFA transitions: 0->1: 2118, 1->2: 1546, 2->0: 1225
Best policy updated from autonomous greedy evaluation at episode 3000.

[Episode 3100/8000 | last 100]
success rate                : 7.0% (cumulative 0.9%)
failure rate                : 0.0% (cumulative 0.0%)
completed cycles / episode  : 0.070
synthetic task reward       : 700.000
shaping reward              : 1886.998
learning reward             : 2586.998
episode length              : 490.0
abstract changes / episode  : 36.9
same abstract-state steps   : 92.5%
same-state shaping / episode: 0.000
changed-state shaping / ep. : 1886.998
terminal shaping / episode  : -8.995
DFA transitions / episode   : 1.06
DFA transitions in window   : 0->1: 67, 1->2: 32, 2->0: 7
epsilon (next episode)       : 0.28931
replay buffer                : 300000 samples [0: 47.1%, 1: 42.1%, 2: 10.8%]
DFA state visits in window   : 0: 36283, 1: 9128, 2: 3692
DFA state visits cumulative  : 0: 367276, 1: 217395, 2: 34682
DFA state entries in window  : 0: 107, 1: 67, 2: 32
DFA state entries cumulative : 0: 3129, 1: 1423, 2: 261
transitions cumulative       : 0->1: 1423, 1->2: 261, 2->0: 29
accepted directly from s0    : 0
Gym endings cumulative       : terminated=3073, truncated=27

[Episode 3200/8000 | last 100]
success rate                : 14.0% (cumulative 1.3%)
failure rate                : 0.0% (cumulative 0.0%)
completed cycles / episode  : 0.150
synthetic task reward       : 1500.000
shaping reward              : 2777.656
learning reward             : 4277.656
episode length              : 442.3
abstract changes / episode  : 34.0
same abstract-state steps   : 92.3%
same-state shaping / episode: 0.000
changed-state shaping / ep. : 2777.656
terminal shaping / episode  : 0.000
DFA transitions / episode   : 1.44
DFA transitions in window   : 0->1: 85, 1->2: 44, 2->0: 15
epsilon (next episode)       : 0.27797
replay buffer                : 300000 samples [0: 48.6%, 1: 39.2%, 2: 12.1%]
DFA state visits in window   : 0: 25058, 1: 12507, 2: 6768
DFA state visits cumulative  : 0: 392334, 1: 229902, 2: 41450
DFA state entries in window  : 0: 115, 1: 85, 2: 44
DFA state entries cumulative : 0: 3244, 1: 1508, 2: 305
transitions cumulative       : 0->1: 1508, 1->2: 305, 2->0: 44
accepted directly from s0    : 0
Gym endings cumulative       : terminated=3172, truncated=28

[Episode 3300/8000 | last 100]
success rate                : 26.0% (cumulative 2.1%)
failure rate                : 0.0% (cumulative 0.0%)
completed cycles / episode  : 0.340
synthetic task reward       : 3400.000
shaping reward              : 3666.709
learning reward             : 7066.709
episode length              : 567.7
abstract changes / episode  : 38.9
same abstract-state steps   : 93.2%
same-state shaping / episode: 0.000
changed-state shaping / ep. : 3666.709
terminal shaping / episode  : -26.466
DFA transitions / episode   : 2.12
DFA transitions in window   : 0->1: 106, 1->2: 72, 2->0: 34
epsilon (next episode)       : 0.26706
replay buffer                : 300000 samples [0: 47.9%, 1: 34.3%, 2: 17.8%]
DFA state visits in window   : 0: 20928, 1: 16425, 2: 19513
DFA state visits cumulative  : 0: 413262, 1: 246327, 2: 60963
DFA state entries in window  : 0: 134, 1: 106, 2: 72
DFA state entries cumulative : 0: 3378, 1: 1614, 2: 377
transitions cumulative       : 0->1: 1614, 1->2: 377, 2->0: 78
accepted directly from s0    : 0
Gym endings cumulative       : terminated=3258, truncated=41

[Episode 3400/8000 | last 100]
success rate                : 34.0% (cumulative 3.0%)
failure rate                : 0.0% (cumulative 0.0%)
completed cycles / episode  : 0.410
synthetic task reward       : 4100.000
shaping reward              : 3872.271
learning reward             : 7972.271
episode length              : 606.5
abstract changes / episode  : 45.7
same abstract-state steps   : 92.5%
same-state shaping / episode: 0.000
changed-state shaping / ep. : 3872.271
terminal shaping / episode  : 8.384
DFA transitions / episode   : 2.45
DFA transitions in window   : 0->1: 115, 1->2: 89, 2->0: 41
epsilon (next episode)       : 0.25659
replay buffer                : 300000 samples [0: 49.7%, 1: 30.2%, 2: 20.0%]
DFA state visits in window   : 0: 26528, 1: 18208, 2: 16015
DFA state visits cumulative  : 0: 439790, 1: 264535, 2: 76978
DFA state entries in window  : 0: 141, 1: 115, 2: 89
DFA state entries cumulative : 0: 3519, 1: 1729, 2: 466
transitions cumulative       : 0->1: 1729, 1->2: 466, 2->0: 119
accepted directly from s0    : 0
Gym endings cumulative       : terminated=3350, truncated=49

[Episode 3500/8000 | last 100]
success rate                : 41.0% (cumulative 4.1%)
failure rate                : 0.0% (cumulative 0.0%)
completed cycles / episode  : 0.530
synthetic task reward       : 5300.000
shaping reward              : 3110.235
learning reward             : 8410.235
episode length              : 713.0
abstract changes / episode  : 52.9
same abstract-state steps   : 92.6%
same-state shaping / episode: 0.000
changed-state shaping / ep. : 3110.235
terminal shaping / episode  : -15.420
DFA transitions / episode   : 2.64
DFA transitions in window   : 0->1: 118, 1->2: 93, 2->0: 53
epsilon (next episode)       : 0.24653
replay buffer                : 300000 samples [0: 50.5%, 1: 26.4%, 2: 23.1%]
DFA state visits in window   : 0: 31689, 1: 17935, 2: 21771
DFA state visits cumulative  : 0: 471479, 1: 282470, 2: 98749
DFA state entries in window  : 0: 153, 1: 118, 2: 93
DFA state entries cumulative : 0: 3672, 1: 1847, 2: 559
transitions cumulative       : 0->1: 1847, 1->2: 559, 2->0: 172
accepted directly from s0    : 0
Gym endings cumulative       : terminated=3434, truncated=64

Starting autonomous greedy evaluation at episode 3500 (1000 fixed-seed episodes)...
[Greedy evaluation at episode 3500 | 1000 fixed-seed episodes]
success=78.8%, failure=0.0%, task reward=8000.000, cycles=0.800, length=1500.0
DFA transitions: 0->1: 1744, 1->2: 1285, 2->0: 800

[Episode 3600/8000 | last 100]
success rate                : 44.0% (cumulative 5.2%)
failure rate                : 0.0% (cumulative 0.0%)
completed cycles / episode  : 0.640
synthetic task reward       : 6400.000
shaping reward              : 4420.344
learning reward             : 10820.344
episode length              : 683.0
abstract changes / episode  : 51.6
same abstract-state steps   : 92.4%
same-state shaping / episode: 0.000
changed-state shaping / ep. : 4420.344
terminal shaping / episode  : 0.000
DFA transitions / episode   : 3.18
DFA transitions in window   : 0->1: 146, 1->2: 108, 2->0: 64
epsilon (next episode)       : 0.23686
replay buffer                : 300000 samples [0: 43.9%, 1: 28.0%, 2: 28.1%]
DFA state visits in window   : 0: 28284, 1: 19570, 2: 20541
DFA state visits cumulative  : 0: 499763, 1: 302040, 2: 119290
DFA state entries in window  : 0: 164, 1: 146, 2: 108
DFA state entries cumulative : 0: 3836, 1: 1993, 2: 667
transitions cumulative       : 0->1: 1993, 1->2: 667, 2->0: 236
accepted directly from s0    : 0
Gym endings cumulative       : terminated=3522, truncated=72

[Episode 3700/8000 | last 100]
success rate                : 55.0% (cumulative 6.6%)
failure rate                : 0.0% (cumulative 0.0%)
completed cycles / episode  : 0.890
synthetic task reward       : 8900.000
shaping reward              : 3884.952
learning reward             : 12784.952
episode length              : 770.2
abstract changes / episode  : 57.2
same abstract-state steps   : 92.6%
same-state shaping / episode: 0.000
changed-state shaping / ep. : 3884.952
terminal shaping / episode  : 17.740
DFA transitions / episode   : 3.84
DFA transitions in window   : 0->1: 159, 1->2: 136, 2->0: 89
epsilon (next episode)       : 0.22757
replay buffer                : 300000 samples [0: 43.0%, 1: 27.3%, 2: 29.7%]
DFA state visits in window   : 0: 34602, 1: 20671, 2: 21848
DFA state visits cumulative  : 0: 534365, 1: 322711, 2: 141138
DFA state entries in window  : 0: 189, 1: 159, 2: 136
DFA state entries cumulative : 0: 4025, 1: 2152, 2: 803
transitions cumulative       : 0->1: 2152, 1->2: 803, 2->0: 325
accepted directly from s0    : 0
Gym endings cumulative       : terminated=3604, truncated=82

[Episode 3800/8000 | last 100]
success rate                : 48.0% (cumulative 7.7%)
failure rate                : 0.0% (cumulative 0.0%)
completed cycles / episode  : 0.850
synthetic task reward       : 8500.000
shaping reward              : 3758.963
learning reward             : 12258.963
episode length              : 760.6
abstract changes / episode  : 58.2
same abstract-state steps   : 92.3%
same-state shaping / episode: 0.000
changed-state shaping / ep. : 3758.963
terminal shaping / episode  : -8.384
DFA transitions / episode   : 3.66
DFA transitions in window   : 0->1: 159, 1->2: 122, 2->0: 85
epsilon (next episode)       : 0.21865
replay buffer                : 300000 samples [0: 43.9%, 1: 27.2%, 2: 28.9%]
DFA state visits in window   : 0: 34782, 1: 20952, 2: 20427
DFA state visits cumulative  : 0: 569147, 1: 343663, 2: 161565
DFA state entries in window  : 0: 185, 1: 159, 2: 122
DFA state entries cumulative : 0: 4210, 1: 2311, 2: 925
transitions cumulative       : 0->1: 2311, 1->2: 925, 2->0: 410
accepted directly from s0    : 0
Gym endings cumulative       : terminated=3681, truncated=95

[Episode 3900/8000 | last 100]
success rate                : 68.0% (cumulative 9.2%)
failure rate                : 0.0% (cumulative 0.0%)
completed cycles / episode  : 1.260
synthetic task reward       : 12600.000
shaping reward              : 3371.444
learning reward             : 15971.444
episode length              : 881.6
abstract changes / episode  : 68.2
same abstract-state steps   : 92.3%
same-state shaping / episode: 0.000
changed-state shaping / ep. : 3371.444
terminal shaping / episode  : 18.627
DFA transitions / episode   : 4.73
DFA transitions in window   : 0->1: 183, 1->2: 164, 2->0: 126
epsilon (next episode)       : 0.21007
replay buffer                : 300000 samples [0: 44.4%, 1: 27.0%, 2: 28.6%]
DFA state visits in window   : 0: 40087, 1: 21757, 2: 26419
DFA state visits cumulative  : 0: 609234, 1: 365420, 2: 187984
DFA state entries in window  : 0: 226, 1: 183, 2: 164
DFA state entries cumulative : 0: 4436, 1: 2494, 2: 1089
transitions cumulative       : 0->1: 2494, 1->2: 1089, 2->0: 536
accepted directly from s0    : 0
Gym endings cumulative       : terminated=3751, truncated=110

[Episode 4000/8000 | last 100]
success rate                : 66.0% (cumulative 10.6%)
failure rate                : 0.0% (cumulative 0.0%)
completed cycles / episode  : 1.330
synthetic task reward       : 13300.000
shaping reward              : 4002.724
learning reward             : 17302.724
episode length              : 875.5
abstract changes / episode  : 68.6
same abstract-state steps   : 92.2%
same-state shaping / episode: 0.000
changed-state shaping / ep. : 4002.724
terminal shaping / episode  : 8.469
DFA transitions / episode   : 5.07
DFA transitions in window   : 0->1: 197, 1->2: 177, 2->0: 133
epsilon (next episode)       : 0.20183
replay buffer                : 300000 samples [0: 43.5%, 1: 26.6%, 2: 29.8%]
DFA state visits in window   : 0: 33809, 1: 25105, 2: 28738
DFA state visits cumulative  : 0: 643043, 1: 390525, 2: 216722
DFA state entries in window  : 0: 233, 1: 197, 2: 177
DFA state entries cumulative : 0: 4669, 1: 2691, 2: 1266
transitions cumulative       : 0->1: 2691, 1->2: 1266, 2->0: 669
accepted directly from s0    : 0
Gym endings cumulative       : terminated=3818, truncated=121

Starting autonomous greedy evaluation at episode 4000 (1000 fixed-seed episodes)...
[Greedy evaluation at episode 4000 | 1000 fixed-seed episodes]
success=46.7%, failure=0.0%, task reward=7190.000, cycles=0.719, length=1459.0
DFA transitions: 0->1: 1638, 1->2: 1637, 2->0: 719

[Episode 4100/8000 | last 100]
success rate                : 73.0% (cumulative 12.1%)
failure rate                : 0.0% (cumulative 0.0%)
completed cycles / episode  : 1.500
synthetic task reward       : 15000.000
shaping reward              : 3613.116
learning reward             : 18613.116
episode length              : 954.4
abstract changes / episode  : 72.7
same abstract-state steps   : 92.4%
same-state shaping / episode: 0.000
changed-state shaping / ep. : 3613.116
terminal shaping / episode  : 1.960
DFA transitions / episode   : 5.51
DFA transitions in window   : 0->1: 211, 1->2: 190, 2->0: 150
epsilon (next episode)       : 0.19392
replay buffer                : 300000 samples [0: 41.1%, 1: 26.5%, 2: 32.4%]
DFA state visits in window   : 0: 35380, 1: 25383, 2: 34776
DFA state visits cumulative  : 0: 678423, 1: 415908, 2: 251498
DFA state entries in window  : 0: 250, 1: 211, 2: 190
DFA state entries cumulative : 0: 4919, 1: 2902, 2: 1456
transitions cumulative       : 0->1: 2902, 1->2: 1456, 2->0: 819
accepted directly from s0    : 0
Gym endings cumulative       : terminated=3872, truncated=143

[Episode 4200/8000 | last 100]
success rate                : 66.0% (cumulative 13.4%)
failure rate                : 0.0% (cumulative 0.0%)
completed cycles / episode  : 1.230
synthetic task reward       : 12300.000
shaping reward              : 3688.529
learning reward             : 15988.529
episode length              : 870.2
abstract changes / episode  : 69.8
same abstract-state steps   : 92.0%
same-state shaping / episode: 0.000
changed-state shaping / ep. : 3688.529
terminal shaping / episode  : 18.542
DFA transitions / episode   : 4.75
DFA transitions in window   : 0->1: 199, 1->2: 153, 2->0: 123
epsilon (next episode)       : 0.18631
replay buffer                : 300000 samples [0: 40.1%, 1: 27.5%, 2: 32.3%]
DFA state visits in window   : 0: 37828, 1: 25021, 2: 24270
DFA state visits cumulative  : 0: 716251, 1: 440929, 2: 275768
DFA state entries in window  : 0: 223, 1: 199, 2: 153
DFA state entries cumulative : 0: 5142, 1: 3101, 2: 1609
transitions cumulative       : 0->1: 3101, 1->2: 1609, 2->0: 942
accepted directly from s0    : 0
Gym endings cumulative       : terminated=3939, truncated=159

[Episode 4300/8000 | last 100]
success rate                : 70.0% (cumulative 14.7%)
failure rate                : 0.0% (cumulative 0.0%)
completed cycles / episode  : 1.370
synthetic task reward       : 13700.000
shaping reward              : 3773.377
learning reward             : 17473.377
episode length              : 887.0
abstract changes / episode  : 71.1
same abstract-state steps   : 92.0%
same-state shaping / episode: 0.000
changed-state shaping / ep. : 3773.377
terminal shaping / episode  : 0.000
DFA transitions / episode   : 5.16
DFA transitions in window   : 0->1: 204, 1->2: 175, 2->0: 137
epsilon (next episode)       : 0.17900
replay buffer                : 300000 samples [0: 40.6%, 1: 27.3%, 2: 32.2%]
DFA state visits in window   : 0: 36622, 1: 24043, 2: 28133
DFA state visits cumulative  : 0: 752873, 1: 464972, 2: 303901
DFA state entries in window  : 0: 237, 1: 204, 2: 175
DFA state entries cumulative : 0: 5379, 1: 3305, 2: 1784
transitions cumulative       : 0->1: 3305, 1->2: 1784, 2->0: 1079
accepted directly from s0    : 0
Gym endings cumulative       : terminated=4003, truncated=171

[Episode 4400/8000 | last 100]
success rate                : 65.0% (cumulative 15.9%)
failure rate                : 0.0% (cumulative 0.0%)
completed cycles / episode  : 1.340
synthetic task reward       : 13400.000
shaping reward              : 3699.935
learning reward             : 17099.935
episode length              : 858.4
abstract changes / episode  : 66.1
same abstract-state steps   : 92.3%
same-state shaping / episode: 0.000
changed-state shaping / ep. : 3699.935
terminal shaping / episode  : -0.526
DFA transitions / episode   : 4.95
DFA transitions in window   : 0->1: 198, 1->2: 163, 2->0: 134
epsilon (next episode)       : 0.17198
replay buffer                : 300000 samples [0: 40.3%, 1: 27.9%, 2: 31.7%]
DFA state visits in window   : 0: 32655, 1: 24763, 2: 28518
DFA state visits cumulative  : 0: 785528, 1: 489735, 2: 332419
DFA state entries in window  : 0: 234, 1: 198, 2: 163
DFA state entries cumulative : 0: 5613, 1: 3503, 2: 1947
transitions cumulative       : 0->1: 3503, 1->2: 1947, 2->0: 1213
accepted directly from s0    : 0
Gym endings cumulative       : terminated=4062, truncated=186

[Episode 4500/8000 | last 100]
success rate                : 76.0% (cumulative 17.2%)
failure rate                : 0.0% (cumulative 0.0%)
completed cycles / episode  : 1.710
synthetic task reward       : 17100.000
shaping reward              : 3494.687
learning reward             : 20594.687
episode length              : 1008.6
abstract changes / episode  : 78.4
same abstract-state steps   : 92.2%
same-state shaping / episode: 0.000
changed-state shaping / ep. : 3494.687
terminal shaping / episode  : 9.086
DFA transitions / episode   : 6.01
DFA transitions in window   : 0->1: 227, 1->2: 203, 2->0: 171
epsilon (next episode)       : 0.16524
replay buffer                : 300000 samples [0: 40.1%, 1: 27.7%, 2: 32.3%]
DFA state visits in window   : 0: 39007, 1: 27704, 2: 34253
DFA state visits cumulative  : 0: 824535, 1: 517439, 2: 366672
DFA state entries in window  : 0: 271, 1: 227, 2: 203
DFA state entries cumulative : 0: 5884, 1: 3730, 2: 2150
transitions cumulative       : 0->1: 3730, 1->2: 2150, 2->0: 1384
accepted directly from s0    : 0
Gym endings cumulative       : terminated=4109, truncated=205

Starting autonomous greedy evaluation at episode 4500 (1000 fixed-seed episodes)...
[Greedy evaluation at episode 4500 | 1000 fixed-seed episodes]
success=90.2%, failure=0.0%, task reward=23730.000, cycles=2.373, length=1281.7
DFA transitions: 0->1: 2645, 1->2: 2610, 2->0: 2373
Best policy updated from autonomous greedy evaluation at episode 4500.

[Episode 4600/8000 | last 100]
success rate                : 76.0% (cumulative 18.5%)
failure rate                : 0.0% (cumulative 0.0%)
completed cycles / episode  : 1.600
synthetic task reward       : 16000.000
shaping reward              : 3132.553
learning reward             : 19132.553
episode length              : 903.1
abstract changes / episode  : 72.5
same abstract-state steps   : 92.0%
same-state shaping / episode: 0.000
changed-state shaping / ep. : 3132.553
terminal shaping / episode  : 0.000
DFA transitions / episode   : 5.64
DFA transitions in window   : 0->1: 218, 1->2: 186, 2->0: 160
epsilon (next episode)       : 0.15876
replay buffer                : 300000 samples [0: 37.9%, 1: 27.6%, 2: 34.4%]
DFA state visits in window   : 0: 32071, 1: 25055, 2: 33285
DFA state visits cumulative  : 0: 856606, 1: 542494, 2: 399957
DFA state entries in window  : 0: 260, 1: 218, 2: 186
DFA state entries cumulative : 0: 6144, 1: 3948, 2: 2336
transitions cumulative       : 0->1: 3948, 1->2: 2336, 2->0: 1544
accepted directly from s0    : 0
Gym endings cumulative       : terminated=4167, truncated=215

[Episode 4700/8000 | last 100]
success rate                : 88.0% (cumulative 20.0%)
failure rate                : 0.0% (cumulative 0.0%)
completed cycles / episode  : 1.780
synthetic task reward       : 17800.000
shaping reward              : 3673.666
learning reward             : 21473.666
episode length              : 1029.1
abstract changes / episode  : 81.5
same abstract-state steps   : 92.1%
same-state shaping / episode: 0.000
changed-state shaping / ep. : 3673.666
terminal shaping / episode  : 0.000
DFA transitions / episode   : 6.32
DFA transitions in window   : 0->1: 239, 1->2: 215, 2->0: 178
epsilon (next episode)       : 0.15253
replay buffer                : 300000 samples [0: 38.0%, 1: 27.5%, 2: 34.4%]
DFA state visits in window   : 0: 40518, 1: 28398, 2: 34092
DFA state visits cumulative  : 0: 897124, 1: 570892, 2: 434049
DFA state entries in window  : 0: 278, 1: 239, 2: 215
DFA state entries cumulative : 0: 6422, 1: 4187, 2: 2551
transitions cumulative       : 0->1: 4187, 1->2: 2551, 2->0: 1722
accepted directly from s0    : 0
Gym endings cumulative       : terminated=4218, truncated=237

[Episode 4800/8000 | last 100]
success rate                : 85.0% (cumulative 21.3%)
failure rate                : 0.0% (cumulative 0.0%)
completed cycles / episode  : 2.000
synthetic task reward       : 20000.000
shaping reward              : 2738.924
learning reward             : 22738.924
episode length              : 995.3
abstract changes / episode  : 75.7
same abstract-state steps   : 92.4%
same-state shaping / episode: 0.000
changed-state shaping / ep. : 2738.924
terminal shaping / episode  : 0.000
DFA transitions / episode   : 6.67
DFA transitions in window   : 0->1: 245, 1->2: 222, 2->0: 200
epsilon (next episode)       : 0.14655
replay buffer                : 300000 samples [0: 37.6%, 1: 29.6%, 2: 32.8%]
DFA state visits in window   : 0: 37681, 1: 33195, 2: 28750
DFA state visits cumulative  : 0: 934805, 1: 604087, 2: 462799
DFA state entries in window  : 0: 300, 1: 245, 2: 222
DFA state entries cumulative : 0: 6722, 1: 4432, 2: 2773
transitions cumulative       : 0->1: 4432, 1->2: 2773, 2->0: 1922
accepted directly from s0    : 0
Gym endings cumulative       : terminated=4262, truncated=247

[Episode 4900/8000 | last 100]
success rate                : 73.0% (cumulative 22.4%)
failure rate                : 0.0% (cumulative 0.0%)
completed cycles / episode  : 1.760
synthetic task reward       : 17600.000
shaping reward              : 3148.361
learning reward             : 20748.361
episode length              : 907.4
abstract changes / episode  : 72.0
same abstract-state steps   : 92.1%
same-state shaping / episode: 0.000
changed-state shaping / ep. : 3148.361
terminal shaping / episode  : 0.000
DFA transitions / episode   : 6.05
DFA transitions in window   : 0->1: 227, 1->2: 202, 2->0: 176
epsilon (next episode)       : 0.14080
replay buffer                : 300000 samples [0: 37.9%, 1: 30.6%, 2: 31.5%]
DFA state visits in window   : 0: 33570, 1: 28045, 2: 29224
DFA state visits cumulative  : 0: 968375, 1: 632132, 2: 492023
DFA state entries in window  : 0: 276, 1: 227, 2: 202
DFA state entries cumulative : 0: 6998, 1: 4659, 2: 2975
transitions cumulative       : 0->1: 4659, 1->2: 2975, 2->0: 2098
accepted directly from s0    : 0
Gym endings cumulative       : terminated=4314, truncated=254

[Episode 5000/8000 | last 100]
success rate                : 55.0% (cumulative 23.0%)
failure rate                : 0.0% (cumulative 0.0%)
completed cycles / episode  : 1.030
synthetic task reward       : 10300.000
shaping reward              : 4402.833
learning reward             : 14702.833
episode length              : 898.7
abstract changes / episode  : 68.7
same abstract-state steps   : 92.4%
same-state shaping / episode: 0.000
changed-state shaping / ep. : 4402.833
terminal shaping / episode  : -8.995
DFA transitions / episode   : 4.30
DFA transitions in window   : 0->1: 169, 1->2: 158, 2->0: 103
epsilon (next episode)       : 0.13528
replay buffer                : 300000 samples [0: 36.8%, 1: 28.9%, 2: 34.3%]
DFA state visits in window   : 0: 30394, 1: 20178, 2: 39396
DFA state visits cumulative  : 0: 998769, 1: 652310, 2: 531419
DFA state entries in window  : 0: 203, 1: 169, 2: 158
DFA state entries cumulative : 0: 7201, 1: 4828, 2: 3133
transitions cumulative       : 0->1: 4828, 1->2: 3133, 2->0: 2201
accepted directly from s0    : 0
Gym endings cumulative       : terminated=4381, truncated=270

Starting autonomous greedy evaluation at episode 5000 (1000 fixed-seed episodes)...
[Greedy evaluation at episode 5000 | 1000 fixed-seed episodes]
success=46.5%, failure=0.0%, task reward=9530.000, cycles=0.953, length=861.1
DFA transitions: 0->1: 1753, 1->2: 1735, 2->0: 953

[Episode 5100/8000 | last 100]
success rate                : 75.0% (cumulative 24.1%)
failure rate                : 0.0% (cumulative 0.0%)
completed cycles / episode  : 1.740
synthetic task reward       : 17400.000
shaping reward              : 2921.652
learning reward             : 20321.652
episode length              : 984.2
abstract changes / episode  : 74.6
same abstract-state steps   : 92.4%
same-state shaping / episode: 0.000
changed-state shaping / ep. : 2921.652
terminal shaping / episode  : -8.469
DFA transitions / episode   : 6.07
DFA transitions in window   : 0->1: 223, 1->2: 210, 2->0: 174
epsilon (next episode)       : 0.12998
replay buffer                : 300000 samples [0: 37.4%, 1: 26.8%, 2: 35.8%]
DFA state visits in window   : 0: 40822, 1: 24874, 2: 32820
DFA state visits cumulative  : 0: 1039591, 1: 677184, 2: 564239
DFA state entries in window  : 0: 274, 1: 223, 2: 210
DFA state entries cumulative : 0: 7475, 1: 5051, 2: 3343
transitions cumulative       : 0->1: 5051, 1->2: 3343, 2->0: 2375
accepted directly from s0    : 0
Gym endings cumulative       : terminated=4429, truncated=282

[Episode 5200/8000 | last 100]
success rate                : 76.0% (cumulative 25.1%)
failure rate                : 0.0% (cumulative 0.0%)
completed cycles / episode  : 1.370
synthetic task reward       : 13700.000
shaping reward              : 2778.376
learning reward             : 16478.376
episode length              : 928.8
abstract changes / episode  : 70.1
same abstract-state steps   : 92.4%
same-state shaping / episode: 0.000
changed-state shaping / ep. : 2778.376
terminal shaping / episode  : 0.980
DFA transitions / episode   : 4.94
DFA transitions in window   : 0->1: 191, 1->2: 166, 2->0: 137
epsilon (next episode)       : 0.12488
replay buffer                : 300000 samples [0: 39.7%, 1: 25.2%, 2: 35.1%]
DFA state visits in window   : 0: 40036, 1: 25712, 2: 27235
DFA state visits cumulative  : 0: 1079627, 1: 702896, 2: 591474
DFA state entries in window  : 0: 237, 1: 191, 2: 166
DFA state entries cumulative : 0: 7712, 1: 5242, 2: 3509
transitions cumulative       : 0->1: 5242, 1->2: 3509, 2->0: 2512
accepted directly from s0    : 0
Gym endings cumulative       : terminated=4498, truncated=295

[Episode 5300/8000 | last 100]
success rate                : 71.0% (cumulative 25.9%)
failure rate                : 0.0% (cumulative 0.0%)
completed cycles / episode  : 1.410
synthetic task reward       : 14100.000
shaping reward              : 2400.006
learning reward             : 16500.006
episode length              : 894.4
abstract changes / episode  : 69.7
same abstract-state steps   : 92.2%
same-state shaping / episode: 0.000
changed-state shaping / ep. : 2400.006
terminal shaping / episode  : 0.000
DFA transitions / episode   : 4.99
DFA transitions in window   : 0->1: 187, 1->2: 171, 2->0: 141
epsilon (next episode)       : 0.11998
replay buffer                : 300000 samples [0: 42.3%, 1: 26.6%, 2: 31.1%]
DFA state visits in window   : 0: 39644, 1: 24318, 2: 25582
DFA state visits cumulative  : 0: 1119271, 1: 727214, 2: 617056
DFA state entries in window  : 0: 241, 1: 187, 2: 171
DFA state entries cumulative : 0: 7953, 1: 5429, 2: 3680
transitions cumulative       : 0->1: 5429, 1->2: 3680, 2->0: 2653
accepted directly from s0    : 0
Gym endings cumulative       : terminated=4568, truncated=297

[Episode 5400/8000 | last 100]
success rate                : 76.0% (cumulative 26.9%)
failure rate                : 0.0% (cumulative 0.0%)
completed cycles / episode  : 1.610
synthetic task reward       : 16100.000
shaping reward              : 2203.315
learning reward             : 18303.315
episode length              : 952.6
abstract changes / episode  : 70.5
same abstract-state steps   : 92.6%
same-state shaping / episode: 0.000
changed-state shaping / ep. : 2203.315
terminal shaping / episode  : -8.384
DFA transitions / episode   : 5.50
DFA transitions in window   : 0->1: 214, 1->2: 175, 2->0: 161
epsilon (next episode)       : 0.11528
replay buffer                : 300000 samples [0: 43.9%, 1: 28.1%, 2: 28.0%]
DFA state visits in window   : 0: 42459, 1: 28508, 2: 24389
DFA state visits cumulative  : 0: 1161730, 1: 755722, 2: 641445
DFA state entries in window  : 0: 261, 1: 214, 2: 175
DFA state entries cumulative : 0: 8214, 1: 5643, 2: 3855
transitions cumulative       : 0->1: 5643, 1->2: 3855, 2->0: 2814
accepted directly from s0    : 0
Gym endings cumulative       : terminated=4625, truncated=309

[Episode 5500/8000 | last 100]
success rate                : 91.0% (cumulative 28.0%)
failure rate                : 0.0% (cumulative 0.0%)
completed cycles / episode  : 2.120
synthetic task reward       : 21200.000
shaping reward              : 2816.407
learning reward             : 24016.407
episode length              : 1115.9
abstract changes / episode  : 85.3
same abstract-state steps   : 92.4%
same-state shaping / episode: 0.000
changed-state shaping / ep. : 2816.407
terminal shaping / episode  : -17.722
DFA transitions / episode   : 7.02
DFA transitions in window   : 0->1: 257, 1->2: 233, 2->0: 212
epsilon (next episode)       : 0.11075
replay buffer                : 300000 samples [0: 42.7%, 1: 29.7%, 2: 27.6%]
DFA state visits in window   : 0: 44239, 1: 35606, 2: 31842
DFA state visits cumulative  : 0: 1205969, 1: 791328, 2: 673287
DFA state entries in window  : 0: 312, 1: 257, 2: 233
DFA state entries cumulative : 0: 8526, 1: 5900, 2: 4088
transitions cumulative       : 0->1: 5900, 1->2: 4088, 2->0: 3026
accepted directly from s0    : 0
Gym endings cumulative       : terminated=4657, truncated=328

Starting autonomous greedy evaluation at episode 5500 (1000 fixed-seed episodes)...
[Greedy evaluation at episode 5500 | 1000 fixed-seed episodes]
success=80.0%, failure=0.0%, task reward=20010.000, cycles=2.001, length=820.2
DFA transitions: 0->1: 2226, 1->2: 2163, 2->0: 2001

[Episode 5600/8000 | last 100]
success rate                : 91.0% (cumulative 29.1%)
failure rate                : 0.0% (cumulative 0.0%)
completed cycles / episode  : 2.270
synthetic task reward       : 22700.000
shaping reward              : 1732.066
learning reward             : 24432.066
episode length              : 1084.4
abstract changes / episode  : 82.9
same abstract-state steps   : 92.4%
same-state shaping / episode: 0.000
changed-state shaping / ep. : 1732.066
terminal shaping / episode  : 0.000
DFA transitions / episode   : 7.22
DFA transitions in window   : 0->1: 254, 1->2: 241, 2->0: 227
epsilon (next episode)       : 0.10641
replay buffer                : 300000 samples [0: 40.8%, 1: 30.9%, 2: 28.3%]
DFA state visits in window   : 0: 42978, 1: 32434, 2: 33124
DFA state visits cumulative  : 0: 1248947, 1: 823762, 2: 706411
DFA state entries in window  : 0: 327, 1: 254, 2: 241
DFA state entries cumulative : 0: 8853, 1: 6154, 2: 4329
transitions cumulative       : 0->1: 6154, 1->2: 4329, 2->0: 3253
accepted directly from s0    : 0
Gym endings cumulative       : terminated=4686, truncated=342

[Episode 5700/8000 | last 100]
success rate                : 86.0% (cumulative 30.1%)
failure rate                : 0.0% (cumulative 0.0%)
completed cycles / episode  : 2.070
synthetic task reward       : 20700.000
shaping reward              : 2149.431
learning reward             : 22849.431
episode length              : 1034.5
abstract changes / episode  : 78.7
same abstract-state steps   : 92.4%
same-state shaping / episode: 0.000
changed-state shaping / ep. : 2149.431
terminal shaping / episode  : -16.400
DFA transitions / episode   : 6.70
DFA transitions in window   : 0->1: 242, 1->2: 221, 2->0: 207
epsilon (next episode)       : 0.10224
replay buffer                : 300000 samples [0: 38.1%, 1: 32.3%, 2: 29.7%]
DFA state visits in window   : 0: 39002, 1: 35905, 2: 28645
DFA state visits cumulative  : 0: 1287949, 1: 859667, 2: 735056
DFA state entries in window  : 0: 307, 1: 242, 2: 221
DFA state entries cumulative : 0: 9160, 1: 6396, 2: 4550
transitions cumulative       : 0->1: 6396, 1->2: 4550, 2->0: 3460
accepted directly from s0    : 0
Gym endings cumulative       : terminated=4724, truncated=356

[Episode 5800/8000 | last 100]
success rate                : 92.0% (cumulative 31.2%)
failure rate                : 0.0% (cumulative 0.0%)
completed cycles / episode  : 2.280
synthetic task reward       : 22800.000
shaping reward              : 2082.828
learning reward             : 24882.828
episode length              : 1033.7
abstract changes / episode  : 79.3
same abstract-state steps   : 92.3%
same-state shaping / episode: 0.000
changed-state shaping / ep. : 2082.828
terminal shaping / episode  : 0.000
DFA transitions / episode   : 7.35
DFA transitions in window   : 0->1: 260, 1->2: 247, 2->0: 228
epsilon (next episode)       : 0.09823
replay buffer                : 300000 samples [0: 37.3%, 1: 33.0%, 2: 29.7%]
DFA state visits in window   : 0: 36268, 1: 35127, 2: 32071
DFA state visits cumulative  : 0: 1324217, 1: 894794, 2: 767127
DFA state entries in window  : 0: 328, 1: 260, 2: 247
DFA state entries cumulative : 0: 9488, 1: 6656, 2: 4797
transitions cumulative       : 0->1: 6656, 1->2: 4797, 2->0: 3688
accepted directly from s0    : 0
Gym endings cumulative       : terminated=4759, truncated=361

[Episode 5900/8000 | last 100]
success rate                : 96.0% (cumulative 32.3%)
failure rate                : 0.0% (cumulative 0.0%)
completed cycles / episode  : 2.390
synthetic task reward       : 23900.000
shaping reward              : 1485.874
learning reward             : 25385.874
episode length              : 1123.8
abstract changes / episode  : 82.5
same abstract-state steps   : 92.7%
same-state shaping / episode: 0.000
changed-state shaping / ep. : 1485.874
terminal shaping / episode  : 0.000
DFA transitions / episode   : 7.50
DFA transitions in window   : 0->1: 264, 1->2: 247, 2->0: 239
epsilon (next episode)       : 0.09438
replay buffer                : 300000 samples [0: 36.2%, 1: 32.9%, 2: 30.9%]
DFA state visits in window   : 0: 40428, 1: 34662, 2: 37393
DFA state visits cumulative  : 0: 1364645, 1: 929456, 2: 804520
DFA state entries in window  : 0: 339, 1: 264, 2: 247
DFA state entries cumulative : 0: 9827, 1: 6920, 2: 5044
transitions cumulative       : 0->1: 6920, 1->2: 5044, 2->0: 3927
accepted directly from s0    : 0
Gym endings cumulative       : terminated=4782, truncated=376

[Episode 6000/8000 | last 100]
success rate                : 86.0% (cumulative 33.2%)
failure rate                : 0.0% (cumulative 0.0%)
completed cycles / episode  : 1.850
synthetic task reward       : 18500.000
shaping reward              : 2843.664
learning reward             : 21343.664
episode length              : 1135.8
abstract changes / episode  : 81.1
same abstract-state steps   : 92.9%
same-state shaping / episode: 0.000
changed-state shaping / ep. : 2843.664
terminal shaping / episode  : 0.000
DFA transitions / episode   : 6.29
DFA transitions in window   : 0->1: 228, 1->2: 216, 2->0: 185
epsilon (next episode)       : 0.09067
replay buffer                : 300000 samples [0: 38.6%, 1: 31.4%, 2: 30.0%]
DFA state visits in window   : 0: 50365, 1: 33383, 2: 29928
DFA state visits cumulative  : 0: 1415010, 1: 962839, 2: 834448
DFA state entries in window  : 0: 285, 1: 228, 2: 216
DFA state entries cumulative : 0: 10112, 1: 7148, 2: 5260
transitions cumulative       : 0->1: 7148, 1->2: 5260, 2->0: 4112
accepted directly from s0    : 0
Gym endings cumulative       : terminated=4819, truncated=405

Starting autonomous greedy evaluation at episode 6000 (1000 fixed-seed episodes)...
[Greedy evaluation at episode 6000 | 1000 fixed-seed episodes]
success=57.7%, failure=0.0%, task reward=12080.000, cycles=1.208, length=1387.1
DFA transitions: 0->1: 1664, 1->2: 1322, 2->0: 1208

[Episode 6100/8000 | last 100]
success rate                : 94.0% (cumulative 34.2%)
failure rate                : 0.0% (cumulative 0.0%)
completed cycles / episode  : 2.280
synthetic task reward       : 22800.000
shaping reward              : 2181.673
learning reward             : 24981.673
episode length              : 1127.6
abstract changes / episode  : 87.7
same abstract-state steps   : 92.2%
same-state shaping / episode: 0.000
changed-state shaping / ep. : 2181.673
terminal shaping / episode  : 0.000
DFA transitions / episode   : 7.34
DFA transitions in window   : 0->1: 259, 1->2: 247, 2->0: 228
epsilon (next episode)       : 0.08712
replay buffer                : 300000 samples [0: 40.5%, 1: 29.4%, 2: 30.1%]
DFA state visits in window   : 0: 42207, 1: 33528, 2: 37123
DFA state visits cumulative  : 0: 1457217, 1: 996367, 2: 871571
DFA state entries in window  : 0: 328, 1: 259, 2: 247
DFA state entries cumulative : 0: 10440, 1: 7407, 2: 5507
transitions cumulative       : 0->1: 7407, 1->2: 5507, 2->0: 4340
accepted directly from s0    : 0
Gym endings cumulative       : terminated=4844, truncated=423

[Episode 6200/8000 | last 100]
success rate                : 74.0% (cumulative 34.8%)
failure rate                : 0.0% (cumulative 0.0%)
completed cycles / episode  : 1.550
synthetic task reward       : 15500.000
shaping reward              : 3026.739
learning reward             : 18526.739
episode length              : 903.7
abstract changes / episode  : 75.6
same abstract-state steps   : 91.6%
same-state shaping / episode: 0.000
changed-state shaping / ep. : 3026.739
terminal shaping / episode  : 8.816
DFA transitions / episode   : 5.45
DFA transitions in window   : 0->1: 207, 1->2: 183, 2->0: 155
epsilon (next episode)       : 0.08370
replay buffer                : 300000 samples [0: 41.3%, 1: 28.5%, 2: 30.2%]
DFA state visits in window   : 0: 37370, 1: 25413, 2: 27689
DFA state visits cumulative  : 0: 1494587, 1: 1021780, 2: 899260
DFA state entries in window  : 0: 255, 1: 207, 2: 183
DFA state entries cumulative : 0: 10695, 1: 7614, 2: 5690
transitions cumulative       : 0->1: 7614, 1->2: 5690, 2->0: 4495
accepted directly from s0    : 0
Gym endings cumulative       : terminated=4901, truncated=433

[Episode 6300/8000 | last 100]
success rate                : 84.0% (cumulative 35.6%)
failure rate                : 0.0% (cumulative 0.0%)
completed cycles / episode  : 1.750
synthetic task reward       : 17500.000
shaping reward              : 3600.064
learning reward             : 21100.064
episode length              : 950.0
abstract changes / episode  : 81.0
same abstract-state steps   : 91.5%
same-state shaping / episode: 0.000
changed-state shaping / ep. : 3600.064
terminal shaping / episode  : -9.271
DFA transitions / episode   : 6.18
DFA transitions in window   : 0->1: 229, 1->2: 214, 2->0: 175
epsilon (next episode)       : 0.08042
replay buffer                : 300000 samples [0: 39.2%, 1: 29.5%, 2: 31.3%]
DFA state visits in window   : 0: 37165, 1: 29039, 2: 28893
DFA state visits cumulative  : 0: 1531752, 1: 1050819, 2: 928153
DFA state entries in window  : 0: 275, 1: 229, 2: 214
DFA state entries cumulative : 0: 10970, 1: 7843, 2: 5904
transitions cumulative       : 0->1: 7843, 1->2: 5904, 2->0: 4670
accepted directly from s0    : 0
Gym endings cumulative       : terminated=4959, truncated=441

[Episode 6400/8000 | last 100]
success rate                : 95.0% (cumulative 36.5%)
failure rate                : 0.0% (cumulative 0.0%)
completed cycles / episode  : 2.190
synthetic task reward       : 21900.000
shaping reward              : 4046.962
learning reward             : 25946.962
episode length              : 1043.4
abstract changes / episode  : 87.7
same abstract-state steps   : 91.6%
same-state shaping / episode: 0.000
changed-state shaping / ep. : 4046.962
terminal shaping / episode  : 0.000
DFA transitions / episode   : 7.46
DFA transitions in window   : 0->1: 266, 1->2: 261, 2->0: 219
epsilon (next episode)       : 0.07727
replay buffer                : 300000 samples [0: 38.8%, 1: 28.7%, 2: 32.5%]
DFA state visits in window   : 0: 38612, 1: 28275, 2: 37550
DFA state visits cumulative  : 0: 1570364, 1: 1079094, 2: 965703
DFA state entries in window  : 0: 319, 1: 266, 2: 261
DFA state entries cumulative : 0: 11289, 1: 8109, 2: 6165
transitions cumulative       : 0->1: 8109, 1->2: 6165, 2->0: 4889
accepted directly from s0    : 0
Gym endings cumulative       : terminated=5001, truncated=449

[Episode 6500/8000 | last 100]
success rate                : 97.0% (cumulative 37.5%)
failure rate                : 0.0% (cumulative 0.0%)
completed cycles / episode  : 2.450
synthetic task reward       : 24500.000
shaping reward              : 2276.864
learning reward             : 26776.864
episode length              : 1079.7
abstract changes / episode  : 86.6
same abstract-state steps   : 92.0%
same-state shaping / episode: 0.000
changed-state shaping / ep. : 2276.864
terminal shaping / episode  : 0.000
DFA transitions / episode   : 7.87
DFA transitions in window   : 0->1: 275, 1->2: 267, 2->0: 245
epsilon (next episode)       : 0.07423
replay buffer                : 300000 samples [0: 36.6%, 1: 28.3%, 2: 35.1%]
DFA state visits in window   : 0: 37182, 1: 29604, 2: 41286
DFA state visits cumulative  : 0: 1607546, 1: 1108698, 2: 1006989
DFA state entries in window  : 0: 345, 1: 275, 2: 267
DFA state entries cumulative : 0: 11634, 1: 8384, 2: 6432
transitions cumulative       : 0->1: 8384, 1->2: 6432, 2->0: 5134
accepted directly from s0    : 0
Gym endings cumulative       : terminated=5030, truncated=456

Starting autonomous greedy evaluation at episode 6500 (1000 fixed-seed episodes)...
[Greedy evaluation at episode 6500 | 1000 fixed-seed episodes]
success=100.0%, failure=0.0%, task reward=28230.000, cycles=2.823, length=1118.0
DFA transitions: 0->1: 2964, 1->2: 2939, 2->0: 2823
Best policy updated from autonomous greedy evaluation at episode 6500.

[Episode 6600/8000 | last 100]
success rate                : 93.0% (cumulative 38.3%)
failure rate                : 0.0% (cumulative 0.0%)
completed cycles / episode  : 2.470
synthetic task reward       : 24700.000
shaping reward              : 1735.449
learning reward             : 26435.449
episode length              : 1011.0
abstract changes / episode  : 79.5
same abstract-state steps   : 92.1%
same-state shaping / episode: 0.000
changed-state shaping / ep. : 1735.449
terminal shaping / episode  : -8.995
DFA transitions / episode   : 7.78
DFA transitions in window   : 0->1: 273, 1->2: 258, 2->0: 247
epsilon (next episode)       : 0.07132
replay buffer                : 300000 samples [0: 34.2%, 1: 29.3%, 2: 36.5%]
DFA state visits in window   : 0: 32502, 1: 34147, 2: 34552
DFA state visits cumulative  : 0: 1640048, 1: 1142845, 2: 1041541
DFA state entries in window  : 0: 347, 1: 273, 2: 258
DFA state entries cumulative : 0: 11981, 1: 8657, 2: 6690
transitions cumulative       : 0->1: 8657, 1->2: 6690, 2->0: 5381
accepted directly from s0    : 0
Gym endings cumulative       : terminated=5050, truncated=467

[Episode 6700/8000 | last 100]
success rate                : 86.0% (cumulative 39.0%)
failure rate                : 0.0% (cumulative 0.0%)
completed cycles / episode  : 2.210
synthetic task reward       : 22100.000
shaping reward              : 2034.192
learning reward             : 24134.192
episode length              : 882.9
abstract changes / episode  : 74.1
same abstract-state steps   : 91.6%
same-state shaping / episode: 0.000
changed-state shaping / ep. : 2034.192
terminal shaping / episode  : 0.000
DFA transitions / episode   : 7.13
DFA transitions in window   : 0->1: 251, 1->2: 241, 2->0: 221
epsilon (next episode)       : 0.06853
replay buffer                : 300000 samples [0: 33.1%, 1: 30.9%, 2: 36.0%]
DFA state visits in window   : 0: 28998, 1: 28201, 2: 31187
DFA state visits cumulative  : 0: 1669046, 1: 1171046, 2: 1072728
DFA state entries in window  : 0: 321, 1: 251, 2: 241
DFA state entries cumulative : 0: 12302, 1: 8908, 2: 6931
transitions cumulative       : 0->1: 8908, 1->2: 6931, 2->0: 5602
accepted directly from s0    : 0
Gym endings cumulative       : terminated=5083, truncated=472

[Episode 6800/8000 | last 100]
success rate                : 92.0% (cumulative 39.8%)
failure rate                : 0.0% (cumulative 0.0%)
completed cycles / episode  : 2.330
synthetic task reward       : 23300.000
shaping reward              : 1714.120
learning reward             : 25014.120
episode length              : 944.5
abstract changes / episode  : 77.4
same abstract-state steps   : 91.8%
same-state shaping / episode: 0.000
changed-state shaping / ep. : 1714.120
terminal shaping / episode  : 0.000
DFA transitions / episode   : 7.38
DFA transitions in window   : 0->1: 254, 1->2: 251, 2->0: 233
epsilon (next episode)       : 0.06584
replay buffer                : 300000 samples [0: 33.8%, 1: 30.9%, 2: 35.3%]
DFA state visits in window   : 0: 33979, 1: 25776, 2: 34794
DFA state visits cumulative  : 0: 1703025, 1: 1196822, 2: 1107522
DFA state entries in window  : 0: 333, 1: 254, 2: 251
DFA state entries cumulative : 0: 12635, 1: 9162, 2: 7182
transitions cumulative       : 0->1: 9162, 1->2: 7182, 2->0: 5835
accepted directly from s0    : 0
Gym endings cumulative       : terminated=5115, truncated=477

[Episode 6900/8000 | last 100]
success rate                : 82.0% (cumulative 40.4%)
failure rate                : 0.0% (cumulative 0.0%)
completed cycles / episode  : 1.850
synthetic task reward       : 18500.000
shaping reward              : 3040.008
learning reward             : 21540.008
episode length              : 967.3
abstract changes / episode  : 76.5
same abstract-state steps   : 92.1%
same-state shaping / episode: 0.000
changed-state shaping / ep. : 3040.008
terminal shaping / episode  : 0.000
DFA transitions / episode   : 6.31
DFA transitions in window   : 0->1: 231, 1->2: 215, 2->0: 185
epsilon (next episode)       : 0.06326
replay buffer                : 300000 samples [0: 34.3%, 1: 31.1%, 2: 34.7%]
DFA state visits in window   : 0: 32879, 1: 33027, 2: 30924
DFA state visits cumulative  : 0: 1735904, 1: 1229849, 2: 1138446
DFA state entries in window  : 0: 285, 1: 231, 2: 215
DFA state entries cumulative : 0: 12920, 1: 9393, 2: 7397
transitions cumulative       : 0->1: 9393, 1->2: 7397, 2->0: 6020
accepted directly from s0    : 0
Gym endings cumulative       : terminated=5155, truncated=495

[Episode 7000/8000 | last 100]
success rate                : 85.0% (cumulative 41.1%)
failure rate                : 0.0% (cumulative 0.0%)
completed cycles / episode  : 1.710
synthetic task reward       : 17100.000
shaping reward              : 2212.390
learning reward             : 19312.390
episode length              : 839.1
abstract changes / episode  : 68.7
same abstract-state steps   : 91.8%
same-state shaping / episode: 0.000
changed-state shaping / ep. : 2212.390
terminal shaping / episode  : 8.469
DFA transitions / episode   : 5.78
DFA transitions in window   : 0->1: 219, 1->2: 188, 2->0: 171
epsilon (next episode)       : 0.06078
replay buffer                : 300000 samples [0: 35.9%, 1: 30.3%, 2: 33.7%]
DFA state visits in window   : 0: 32825, 1: 24778, 2: 26412
DFA state visits cumulative  : 0: 1768729, 1: 1254627, 2: 1164858
DFA state entries in window  : 0: 271, 1: 219, 2: 188
DFA state entries cumulative : 0: 13191, 1: 9612, 2: 7585
transitions cumulative       : 0->1: 9612, 1->2: 7585, 2->0: 6191
accepted directly from s0    : 0
Gym endings cumulative       : terminated=5215, truncated=501

Starting autonomous greedy evaluation at episode 7000 (1000 fixed-seed episodes)...
[Greedy evaluation at episode 7000 | 1000 fixed-seed episodes]
success=95.4%, failure=0.0%, task reward=15350.000, cycles=1.535, length=831.2
DFA transitions: 0->1: 2101, 1->2: 1575, 2->0: 1535

[Episode 7100/8000 | last 100]
success rate                : 58.0% (cumulative 41.3%)
failure rate                : 0.0% (cumulative 0.0%)
completed cycles / episode  : 0.790
synthetic task reward       : 7900.000
shaping reward              : 3499.051
learning reward             : 11399.051
episode length              : 825.6
abstract changes / episode  : 58.0
same abstract-state steps   : 93.0%
same-state shaping / episode: 0.000
changed-state shaping / ep. : 3499.051
terminal shaping / episode  : 0.000
DFA transitions / episode   : 3.44
DFA transitions in window   : 0->1: 152, 1->2: 113, 2->0: 79
epsilon (next episode)       : 0.05839
replay buffer                : 300000 samples [0: 35.0%, 1: 34.0%, 2: 31.0%]
DFA state visits in window   : 0: 26563, 1: 34147, 2: 21951
DFA state visits cumulative  : 0: 1795292, 1: 1288774, 2: 1186809
DFA state entries in window  : 0: 179, 1: 152, 2: 113
DFA state entries cumulative : 0: 13370, 1: 9764, 2: 7698
transitions cumulative       : 0->1: 9764, 1->2: 7698, 2->0: 6270
accepted directly from s0    : 0
Gym endings cumulative       : terminated=5293, truncated=522

[Episode 7200/8000 | last 100]
success rate                : 85.0% (cumulative 41.9%)
failure rate                : 0.0% (cumulative 0.0%)
completed cycles / episode  : 1.700
synthetic task reward       : 17000.000
shaping reward              : 3868.280
learning reward             : 20868.280
episode length              : 934.8
abstract changes / episode  : 74.3
same abstract-state steps   : 92.1%
same-state shaping / episode: 0.000
changed-state shaping / ep. : 3868.280
terminal shaping / episode  : 18.552
DFA transitions / episode   : 6.08
DFA transitions in window   : 0->1: 232, 1->2: 206, 2->0: 170
epsilon (next episode)       : 0.05610
replay buffer                : 300000 samples [0: 35.2%, 1: 34.7%, 2: 30.1%]
DFA state visits in window   : 0: 33056, 1: 31383, 2: 29137
DFA state visits cumulative  : 0: 1828348, 1: 1320157, 2: 1215946
DFA state entries in window  : 0: 270, 1: 232, 2: 206
DFA state entries cumulative : 0: 13640, 1: 9996, 2: 7904
transitions cumulative       : 0->1: 9996, 1->2: 7904, 2->0: 6440
accepted directly from s0    : 0
Gym endings cumulative       : terminated=5349, truncated=533

[Episode 7300/8000 | last 100]
success rate                : 80.0% (cumulative 42.4%)
failure rate                : 0.0% (cumulative 0.0%)
completed cycles / episode  : 1.340
synthetic task reward       : 13400.000
shaping reward              : 4160.678
learning reward             : 17560.678
episode length              : 873.4
abstract changes / episode  : 65.4
same abstract-state steps   : 92.5%
same-state shaping / episode: 0.000
changed-state shaping / ep. : 4160.678
terminal shaping / episode  : -7.952
DFA transitions / episode   : 5.13
DFA transitions in window   : 0->1: 203, 1->2: 176, 2->0: 134
epsilon (next episode)       : 0.05390
replay buffer                : 300000 samples [0: 34.8%, 1: 35.5%, 2: 29.6%]
DFA state visits in window   : 0: 29092, 1: 30404, 2: 27942
DFA state visits cumulative  : 0: 1857440, 1: 1350561, 2: 1243888
DFA state entries in window  : 0: 234, 1: 203, 2: 176
DFA state entries cumulative : 0: 13874, 1: 10199, 2: 8080
transitions cumulative       : 0->1: 10199, 1->2: 8080, 2->0: 6574
accepted directly from s0    : 0
Gym endings cumulative       : terminated=5423, truncated=544

[Episode 7400/8000 | last 100]
success rate                : 70.0% (cumulative 42.8%)
failure rate                : 0.0% (cumulative 0.0%)
completed cycles / episode  : 1.120
synthetic task reward       : 11200.000
shaping reward              : 4959.151
learning reward             : 16159.151
episode length              : 814.5
abstract changes / episode  : 60.1
same abstract-state steps   : 92.6%
same-state shaping / episode: 0.000
changed-state shaping / ep. : 4959.151
terminal shaping / episode  : 0.000
DFA transitions / episode   : 4.61
DFA transitions in window   : 0->1: 190, 1->2: 159, 2->0: 112
epsilon (next episode)       : 0.05179
replay buffer                : 300000 samples [0: 33.3%, 1: 35.6%, 2: 31.0%]
DFA state visits in window   : 0: 25626, 1: 30230, 2: 25691
DFA state visits cumulative  : 0: 1883066, 1: 1380791, 2: 1269579
DFA state entries in window  : 0: 212, 1: 190, 2: 159
DFA state entries cumulative : 0: 14086, 1: 10389, 2: 8239
transitions cumulative       : 0->1: 10389, 1->2: 8239, 2->0: 6686
accepted directly from s0    : 0
Gym endings cumulative       : terminated=5500, truncated=558

[Episode 7500/8000 | last 100]
success rate                : 95.0% (cumulative 43.5%)
failure rate                : 0.0% (cumulative 0.0%)
completed cycles / episode  : 2.180
synthetic task reward       : 21800.000
shaping reward              : 2674.279
learning reward             : 24474.279
episode length              : 1091.7
abstract changes / episode  : 82.4
same abstract-state steps   : 92.5%
same-state shaping / episode: 0.000
changed-state shaping / ep. : 2674.279
terminal shaping / episode  : -8.469
DFA transitions / episode   : 7.18
DFA transitions in window   : 0->1: 263, 1->2: 237, 2->0: 218
epsilon (next episode)       : 0.04976
replay buffer                : 300000 samples [0: 33.7%, 1: 33.5%, 2: 32.8%]
DFA state visits in window   : 0: 39588, 1: 32486, 2: 37198
DFA state visits cumulative  : 0: 1922654, 1: 1413277, 2: 1306777
DFA state entries in window  : 0: 318, 1: 263, 2: 237
DFA state entries cumulative : 0: 14404, 1: 10652, 2: 8476
transitions cumulative       : 0->1: 10652, 1->2: 8476, 2->0: 6904
accepted directly from s0    : 0
Gym endings cumulative       : terminated=5541, truncated=571

Starting autonomous greedy evaluation at episode 7500 (1000 fixed-seed episodes)...
[Greedy evaluation at episode 7500 | 1000 fixed-seed episodes]
success=99.5%, failure=0.0%, task reward=15730.000, cycles=1.573, length=758.6
DFA transitions: 0->1: 1585, 1->2: 1578, 2->0: 1573

[Episode 7600/8000 | last 100]
success rate                : 91.0% (cumulative 44.1%)
failure rate                : 0.0% (cumulative 0.0%)
completed cycles / episode  : 2.270
synthetic task reward       : 22700.000
shaping reward              : 2402.937
learning reward             : 25102.937
episode length              : 1039.3
abstract changes / episode  : 75.5
same abstract-state steps   : 92.7%
same-state shaping / episode: 0.000
changed-state shaping / ep. : 2402.937
terminal shaping / episode  : 0.000
DFA transitions / episode   : 7.37
DFA transitions in window   : 0->1: 263, 1->2: 247, 2->0: 227
epsilon (next episode)       : 0.04781
replay buffer                : 300000 samples [0: 33.6%, 1: 33.0%, 2: 33.4%]
DFA state visits in window   : 0: 34090, 1: 34365, 2: 35579
DFA state visits cumulative  : 0: 1956744, 1: 1447642, 2: 1342356
DFA state entries in window  : 0: 327, 1: 263, 2: 247
DFA state entries cumulative : 0: 14731, 1: 10915, 2: 8723
transitions cumulative       : 0->1: 10915, 1->2: 8723, 2->0: 7131
accepted directly from s0    : 0
Gym endings cumulative       : terminated=5574, truncated=579

[Episode 7700/8000 | last 100]
success rate                : 94.0% (cumulative 44.8%)
failure rate                : 0.0% (cumulative 0.0%)
completed cycles / episode  : 2.400
synthetic task reward       : 24000.000
shaping reward              : 2184.096
learning reward             : 26184.096
episode length              : 1050.5
abstract changes / episode  : 77.1
same abstract-state steps   : 92.7%
same-state shaping / episode: 0.000
changed-state shaping / ep. : 2184.096
terminal shaping / episode  : 0.000
DFA transitions / episode   : 7.70
DFA transitions in window   : 0->1: 270, 1->2: 260, 2->0: 240
epsilon (next episode)       : 0.04593
replay buffer                : 300000 samples [0: 33.7%, 1: 31.0%, 2: 35.3%]
DFA state visits in window   : 0: 34894, 1: 31234, 2: 39020
DFA state visits cumulative  : 0: 1991638, 1: 1478876, 2: 1381376
DFA state entries in window  : 0: 340, 1: 270, 2: 260
DFA state entries cumulative : 0: 15071, 1: 11185, 2: 8983
transitions cumulative       : 0->1: 11185, 1->2: 8983, 2->0: 7371
accepted directly from s0    : 0
Gym endings cumulative       : terminated=5600, truncated=589

[Episode 7800/8000 | last 100]
success rate                : 93.0% (cumulative 45.4%)
failure rate                : 0.0% (cumulative 0.0%)
completed cycles / episode  : 2.180
synthetic task reward       : 21800.000
shaping reward              : 2962.756
learning reward             : 24762.756
episode length              : 890.1
abstract changes / episode  : 70.9
same abstract-state steps   : 92.0%
same-state shaping / episode: 0.000
changed-state shaping / ep. : 2962.756
terminal shaping / episode  : 17.918
DFA transitions / episode   : 7.28
DFA transitions in window   : 0->1: 258, 1->2: 252, 2->0: 218
epsilon (next episode)       : 0.04413
replay buffer                : 300000 samples [0: 33.2%, 1: 30.4%, 2: 36.5%]
DFA state visits in window   : 0: 30047, 1: 25050, 2: 34010
DFA state visits cumulative  : 0: 2021685, 1: 1503926, 2: 1415386
DFA state entries in window  : 0: 318, 1: 258, 2: 252
DFA state entries cumulative : 0: 15389, 1: 11443, 2: 9235
transitions cumulative       : 0->1: 11443, 1->2: 9235, 2->0: 7589
accepted directly from s0    : 0
Gym endings cumulative       : terminated=5645, truncated=590

[Episode 7900/8000 | last 100]
success rate                : 88.0% (cumulative 45.9%)
failure rate                : 0.0% (cumulative 0.0%)
completed cycles / episode  : 2.380
synthetic task reward       : 23800.000
shaping reward              : 2252.793
learning reward             : 26052.793
episode length              : 988.7
abstract changes / episode  : 80.4
same abstract-state steps   : 91.9%
same-state shaping / episode: 0.000
changed-state shaping / ep. : 2252.793
terminal shaping / episode  : 0.000
DFA transitions / episode   : 7.67
DFA transitions in window   : 0->1: 269, 1->2: 260, 2->0: 238
epsilon (next episode)       : 0.04240
replay buffer                : 300000 samples [0: 34.2%, 1: 30.0%, 2: 35.8%]
DFA state visits in window   : 0: 36109, 1: 30897, 2: 31968
DFA state visits cumulative  : 0: 2057794, 1: 1534823, 2: 1447354
DFA state entries in window  : 0: 338, 1: 269, 2: 260
DFA state entries cumulative : 0: 15727, 1: 11712, 2: 9495
transitions cumulative       : 0->1: 11712, 1->2: 9495, 2->0: 7827
accepted directly from s0    : 0
Gym endings cumulative       : terminated=5674, truncated=595

[Episode 8000/8000 | last 100]
success rate                : 82.0% (cumulative 46.4%)
failure rate                : 0.0% (cumulative 0.0%)
completed cycles / episode  : 1.940
synthetic task reward       : 19400.000
shaping reward              : 3279.567
learning reward             : 22679.567
episode length              : 1081.6
abstract changes / episode  : 76.1
same abstract-state steps   : 93.0%
same-state shaping / episode: 0.000
changed-state shaping / ep. : 3279.567
terminal shaping / episode  : 8.469
DFA transitions / episode   : 6.61
DFA transitions in window   : 0->1: 237, 1->2: 230, 2->0: 194
epsilon (next episode)       : 0.04074
replay buffer                : 300000 samples [0: 35.2%, 1: 27.5%, 2: 37.4%]
DFA state visits in window   : 0: 38312, 1: 25117, 2: 44830
DFA state visits cumulative  : 0: 2096106, 1: 1559940, 2: 1492184
DFA state entries in window  : 0: 294, 1: 237, 2: 230
DFA state entries cumulative : 0: 16021, 1: 11949, 2: 9725
transitions cumulative       : 0->1: 11949, 1->2: 9725, 2->0: 8021
accepted directly from s0    : 0
Gym endings cumulative       : terminated=5702, truncated=620

Starting autonomous greedy evaluation at episode 8000 (1000 fixed-seed episodes)...
[Greedy evaluation at episode 8000 | 1000 fixed-seed episodes]
success=98.3%, failure=0.0%, task reward=29380.000, cycles=2.938, length=855.9
DFA transitions: 0->1: 2962, 1->2: 2955, 2->0: 2938
Best policy updated from autonomous greedy evaluation at episode 8000.
Last policy saved after episode 8000. Best greedy evaluation: episode 8000, mean task reward=29380.000
