
=== NEW RUN ===
episodes=8000, shaping=True, goal_reward=10000.0, gamma=0.99
gamma_shaping=1.0, shaping_formula=gamma_shaping*Phi(next)-Phi(state)
ground_unbiased_learner=False
ground_max_episode_steps=1500
eval_interval=500, eval_episodes=1000, eval_seed=100000
inter_level_shaping=False, inter_level_formula=gamma*Phi(next)-Phi(state)
task_type=cyclic_waypoints, task=cycle(g1, g2, g3)
regions={g1: {'center': [0, 1.0625], 'radius': 0.1}, g2: {'center': [-0.5, 0.5], 'radius': 0.1}, g3: {'center': [0.5, 0.5], 'radius': 0.1}}
dfa_states=[0, 1, 2], pre_trace=0, accepting=[], failure=[]

[Episode 1/8000 | last 1]
success rate                : 0.0% (cumulative 0.0%)
failure rate                : 0.0% (cumulative 0.0%)
completed cycles / episode  : 0.000
synthetic task reward       : 0.000
shaping reward              : -2540.798
learning reward             : -2540.798
episode length              : 66.0
abstract changes / episode  : 13.0
same abstract-state steps   : 80.3%
same-state shaping / episode: 0.000
changed-state shaping / ep. : -2540.798
terminal shaping / episode  : 0.000
DFA transitions / episode   : 0.00
DFA transitions in window   : none
epsilon (next episode)       : 0.99960
replay buffer                : 66 samples [0: 100.0%, 1: 0.0%, 2: 0.0%]
DFA state visits in window   : 0: 67, 1: 0, 2: 0
DFA state visits cumulative  : 0: 67, 1: 0, 2: 0
DFA state entries in window  : 0: 1, 1: 0, 2: 0
DFA state entries cumulative : 0: 1, 1: 0, 2: 0
transitions cumulative       : none
accepted directly from s0    : 0
Gym endings cumulative       : terminated=1, truncated=0

[Episode 100/8000 | last 100]
success rate                : 0.0% (cumulative 0.0%)
failure rate                : 0.0% (cumulative 0.0%)
completed cycles / episode  : 0.000
synthetic task reward       : 0.000
shaping reward              : -681.350
learning reward             : -681.350
episode length              : 90.2
abstract changes / episode  : 12.9
same abstract-state steps   : 85.7%
same-state shaping / episode: 0.000
changed-state shaping / ep. : -681.350
terminal shaping / episode  : -51.776
DFA transitions / episode   : 0.31
DFA transitions in window   : 0->1: 31
epsilon (next episode)       : 0.96078
replay buffer                : 9015 samples [0: 82.6%, 1: 17.4%, 2: 0.0%]
DFA state visits in window   : 0: 7516, 1: 1599, 2: 0
DFA state visits cumulative  : 0: 7516, 1: 1599, 2: 0
DFA state entries in window  : 0: 100, 1: 31, 2: 0
DFA state entries cumulative : 0: 100, 1: 31, 2: 0
transitions cumulative       : 0->1: 31
accepted directly from s0    : 0
Gym endings cumulative       : terminated=100, truncated=0

[Episode 200/8000 | last 100]
success rate                : 0.0% (cumulative 0.0%)
failure rate                : 0.0% (cumulative 0.0%)
completed cycles / episode  : 0.000
synthetic task reward       : 0.000
shaping reward              : -1076.641
learning reward             : -1076.641
episode length              : 95.0
abstract changes / episode  : 13.2
same abstract-state steps   : 86.1%
same-state shaping / episode: 0.000
changed-state shaping / ep. : -1076.641
terminal shaping / episode  : -33.707
DFA transitions / episode   : 0.23
DFA transitions in window   : 0->1: 23
epsilon (next episode)       : 0.92310
replay buffer                : 18513 samples [0: 84.9%, 1: 15.1%, 2: 0.0%]
DFA state visits in window   : 0: 8355, 1: 1243, 2: 0
DFA state visits cumulative  : 0: 15871, 1: 2842, 2: 0
DFA state entries in window  : 0: 100, 1: 23, 2: 0
DFA state entries cumulative : 0: 200, 1: 54, 2: 0
transitions cumulative       : 0->1: 54
accepted directly from s0    : 0
Gym endings cumulative       : terminated=200, truncated=0

[Episode 300/8000 | last 100]
success rate                : 0.0% (cumulative 0.0%)
failure rate                : 0.0% (cumulative 0.0%)
completed cycles / episode  : 0.000
synthetic task reward       : 0.000
shaping reward              : -799.298
learning reward             : -799.298
episode length              : 95.4
abstract changes / episode  : 13.3
same abstract-state steps   : 86.1%
same-state shaping / episode: 0.000
changed-state shaping / ep. : -799.298
terminal shaping / episode  : -33.622
DFA transitions / episode   : 0.28
DFA transitions in window   : 0->1: 28
epsilon (next episode)       : 0.88690
replay buffer                : 28056 samples [0: 84.4%, 1: 15.6%, 2: 0.0%]
DFA state visits in window   : 0: 8037, 1: 1606, 2: 0
DFA state visits cumulative  : 0: 23908, 1: 4448, 2: 0
DFA state entries in window  : 0: 100, 1: 28, 2: 0
DFA state entries cumulative : 0: 300, 1: 82, 2: 0
transitions cumulative       : 0->1: 82
accepted directly from s0    : 0
Gym endings cumulative       : terminated=300, truncated=0

[Episode 400/8000 | last 100]
success rate                : 0.0% (cumulative 0.0%)
failure rate                : 0.0% (cumulative 0.0%)
completed cycles / episode  : 0.000
synthetic task reward       : 0.000
shaping reward              : -730.584
learning reward             : -730.584
episode length              : 93.3
abstract changes / episode  : 13.0
same abstract-state steps   : 86.1%
same-state shaping / episode: 0.000
changed-state shaping / ep. : -730.584
terminal shaping / episode  : 0.000
DFA transitions / episode   : 0.29
DFA transitions in window   : 0->1: 29
epsilon (next episode)       : 0.85212
replay buffer                : 37387 samples [0: 84.1%, 1: 15.9%, 2: 0.0%]
DFA state visits in window   : 0: 7834, 1: 1597, 2: 0
DFA state visits cumulative  : 0: 31742, 1: 6045, 2: 0
DFA state entries in window  : 0: 100, 1: 29, 2: 0
DFA state entries cumulative : 0: 400, 1: 111, 2: 0
transitions cumulative       : 0->1: 111
accepted directly from s0    : 0
Gym endings cumulative       : terminated=400, truncated=0

[Episode 500/8000 | last 100]
success rate                : 0.0% (cumulative 0.0%)
failure rate                : 0.0% (cumulative 0.0%)
completed cycles / episode  : 0.000
synthetic task reward       : 0.000
shaping reward              : -116.084
learning reward             : -116.084
episode length              : 97.3
abstract changes / episode  : 13.0
same abstract-state steps   : 86.7%
same-state shaping / episode: 0.000
changed-state shaping / ep. : -116.084
terminal shaping / episode  : 0.000
DFA transitions / episode   : 0.39
DFA transitions in window   : 0->1: 39
epsilon (next episode)       : 0.81870
replay buffer                : 47121 samples [0: 82.8%, 1: 17.2%, 2: 0.0%]
DFA state visits in window   : 0: 7624, 1: 2210, 2: 0
DFA state visits cumulative  : 0: 39366, 1: 8255, 2: 0
DFA state entries in window  : 0: 100, 1: 39, 2: 0
DFA state entries cumulative : 0: 500, 1: 150, 2: 0
transitions cumulative       : 0->1: 150
accepted directly from s0    : 0
Gym endings cumulative       : terminated=500, truncated=0

Starting autonomous greedy evaluation at episode 500 (1000 fixed-seed episodes)...
[Greedy evaluation at episode 500 | 1000 fixed-seed episodes]
success=0.0%, failure=0.0%, task reward=0.000, cycles=0.000, length=143.8
DFA transitions: 0->1: 799, 1->2: 63
Best policy updated from autonomous greedy evaluation at episode 500.

[Episode 600/8000 | last 100]
success rate                : 0.0% (cumulative 0.0%)
failure rate                : 0.0% (cumulative 0.0%)
completed cycles / episode  : 0.000
synthetic task reward       : 0.000
shaping reward              : -471.841
learning reward             : -471.841
episode length              : 99.5
abstract changes / episode  : 13.3
same abstract-state steps   : 86.7%
same-state shaping / episode: 0.000
changed-state shaping / ep. : -471.841
terminal shaping / episode  : -8.469
DFA transitions / episode   : 0.35
DFA transitions in window   : 0->1: 35
epsilon (next episode)       : 0.78659
replay buffer                : 57076 samples [0: 82.3%, 1: 17.7%, 2: 0.0%]
DFA state visits in window   : 0: 8008, 1: 2047, 2: 0
DFA state visits cumulative  : 0: 47374, 1: 10302, 2: 0
DFA state entries in window  : 0: 100, 1: 35, 2: 0
DFA state entries cumulative : 0: 600, 1: 185, 2: 0
transitions cumulative       : 0->1: 185
accepted directly from s0    : 0
Gym endings cumulative       : terminated=600, truncated=0

[Episode 700/8000 | last 100]
success rate                : 0.0% (cumulative 0.0%)
failure rate                : 0.0% (cumulative 0.0%)
completed cycles / episode  : 0.000
synthetic task reward       : 0.000
shaping reward              : 191.378
learning reward             : 191.378
episode length              : 117.6
abstract changes / episode  : 13.2
same abstract-state steps   : 88.8%
same-state shaping / episode: 0.000
changed-state shaping / ep. : 191.378
terminal shaping / episode  : -34.310
DFA transitions / episode   : 0.47
DFA transitions in window   : 0->1: 47
epsilon (next episode)       : 0.75574
replay buffer                : 68835 samples [0: 79.3%, 1: 20.7%, 2: 0.0%]
DFA state visits in window   : 0: 7651, 1: 4208, 2: 0
DFA state visits cumulative  : 0: 55025, 1: 14510, 2: 0
DFA state entries in window  : 0: 100, 1: 47, 2: 0
DFA state entries cumulative : 0: 700, 1: 232, 2: 0
transitions cumulative       : 0->1: 232
accepted directly from s0    : 0
Gym endings cumulative       : terminated=699, truncated=1

[Episode 800/8000 | last 100]
success rate                : 0.0% (cumulative 0.0%)
failure rate                : 0.0% (cumulative 0.0%)
completed cycles / episode  : 0.000
synthetic task reward       : 0.000
shaping reward              : -708.116
learning reward             : -708.116
episode length              : 103.6
abstract changes / episode  : 13.1
same abstract-state steps   : 87.3%
same-state shaping / episode: 0.000
changed-state shaping / ep. : -708.116
terminal shaping / episode  : -8.469
DFA transitions / episode   : 0.29
DFA transitions in window   : 0->1: 28, 1->2: 1
epsilon (next episode)       : 0.72610
replay buffer                : 79193 samples [0: 79.8%, 1: 20.2%, 2: 0.0%]
DFA state visits in window   : 0: 8724, 1: 1710, 2: 24
DFA state visits cumulative  : 0: 63749, 1: 16220, 2: 24
DFA state entries in window  : 0: 100, 1: 28, 2: 1
DFA state entries cumulative : 0: 800, 1: 260, 2: 1
transitions cumulative       : 0->1: 260, 1->2: 1
accepted directly from s0    : 0
Gym endings cumulative       : terminated=799, truncated=1

[Episode 900/8000 | last 100]
success rate                : 0.0% (cumulative 0.0%)
failure rate                : 0.0% (cumulative 0.0%)
completed cycles / episode  : 0.000
synthetic task reward       : 0.000
shaping reward              : -43.045
learning reward             : -43.045
episode length              : 108.3
abstract changes / episode  : 13.2
same abstract-state steps   : 87.9%
same-state shaping / episode: 0.000
changed-state shaping / ep. : -43.045
terminal shaping / episode  : -8.384
DFA transitions / episode   : 0.37
DFA transitions in window   : 0->1: 37
epsilon (next episode)       : 0.69763
replay buffer                : 90025 samples [0: 79.6%, 1: 20.3%, 2: 0.0%]
DFA state visits in window   : 0: 8555, 1: 2377, 2: 0
DFA state visits cumulative  : 0: 72304, 1: 18597, 2: 24
DFA state entries in window  : 0: 100, 1: 37, 2: 0
DFA state entries cumulative : 0: 900, 1: 297, 2: 1
transitions cumulative       : 0->1: 297, 1->2: 1
accepted directly from s0    : 0
Gym endings cumulative       : terminated=899, truncated=1

[Episode 1000/8000 | last 100]
success rate                : 0.0% (cumulative 0.0%)
failure rate                : 0.0% (cumulative 0.0%)
completed cycles / episode  : 0.000
synthetic task reward       : 0.000
shaping reward              : -2.967
learning reward             : -2.967
episode length              : 101.3
abstract changes / episode  : 13.3
same abstract-state steps   : 86.8%
same-state shaping / episode: 0.000
changed-state shaping / ep. : -2.967
terminal shaping / episode  : -25.585
DFA transitions / episode   : 0.38
DFA transitions in window   : 0->1: 38
epsilon (next episode)       : 0.67027
replay buffer                : 100155 samples [0: 79.2%, 1: 20.8%, 2: 0.0%]
DFA state visits in window   : 0: 7700, 1: 2530, 2: 0
DFA state visits cumulative  : 0: 80004, 1: 21127, 2: 24
DFA state entries in window  : 0: 100, 1: 38, 2: 0
DFA state entries cumulative : 0: 1000, 1: 335, 2: 1
transitions cumulative       : 0->1: 335, 1->2: 1
accepted directly from s0    : 0
Gym endings cumulative       : terminated=999, truncated=1

Starting autonomous greedy evaluation at episode 1000 (1000 fixed-seed episodes)...
[Greedy evaluation at episode 1000 | 1000 fixed-seed episodes]
success=0.0%, failure=0.0%, task reward=0.000, cycles=0.000, length=170.6
DFA transitions: 0->1: 452, 1->2: 21

[Episode 1100/8000 | last 100]
success rate                : 0.0% (cumulative 0.0%)
failure rate                : 0.0% (cumulative 0.0%)
completed cycles / episode  : 0.000
synthetic task reward       : 0.000
shaping reward              : -375.691
learning reward             : -375.691
episode length              : 108.3
abstract changes / episode  : 13.6
same abstract-state steps   : 87.4%
same-state shaping / episode: 0.000
changed-state shaping / ep. : -375.691
terminal shaping / episode  : 0.000
DFA transitions / episode   : 0.33
DFA transitions in window   : 0->1: 33
epsilon (next episode)       : 0.64398
replay buffer                : 110983 samples [0: 79.2%, 1: 20.7%, 2: 0.0%]
DFA state visits in window   : 0: 8667, 1: 2261, 2: 0
DFA state visits cumulative  : 0: 88671, 1: 23388, 2: 24
DFA state entries in window  : 0: 100, 1: 33, 2: 0
DFA state entries cumulative : 0: 1100, 1: 368, 2: 1
transitions cumulative       : 0->1: 368, 1->2: 1
accepted directly from s0    : 0
Gym endings cumulative       : terminated=1099, truncated=1

[Episode 1200/8000 | last 100]
success rate                : 0.0% (cumulative 0.0%)
failure rate                : 0.0% (cumulative 0.0%)
completed cycles / episode  : 0.000
synthetic task reward       : 0.000
shaping reward              : -227.378
learning reward             : -227.378
episode length              : 105.7
abstract changes / episode  : 13.6
same abstract-state steps   : 87.1%
same-state shaping / episode: 0.000
changed-state shaping / ep. : -227.378
terminal shaping / episode  : 0.000
DFA transitions / episode   : 0.37
DFA transitions in window   : 0->1: 36, 1->2: 1
epsilon (next episode)       : 0.61872
replay buffer                : 121550 samples [0: 79.0%, 1: 21.0%, 2: 0.0%]
DFA state visits in window   : 0: 8112, 1: 2521, 2: 34
DFA state visits cumulative  : 0: 96783, 1: 25909, 2: 58
DFA state entries in window  : 0: 100, 1: 36, 2: 1
DFA state entries cumulative : 0: 1200, 1: 404, 2: 2
transitions cumulative       : 0->1: 404, 1->2: 2
accepted directly from s0    : 0
Gym endings cumulative       : terminated=1199, truncated=1

[Episode 1300/8000 | last 100]
success rate                : 0.0% (cumulative 0.0%)
failure rate                : 0.0% (cumulative 0.0%)
completed cycles / episode  : 0.000
synthetic task reward       : 0.000
shaping reward              : -167.653
learning reward             : -167.653
episode length              : 118.0
abstract changes / episode  : 13.8
same abstract-state steps   : 88.3%
same-state shaping / episode: 0.000
changed-state shaping / ep. : -167.653
terminal shaping / episode  : -8.469
DFA transitions / episode   : 0.37
DFA transitions in window   : 0->1: 35, 1->2: 2
epsilon (next episode)       : 0.59446
replay buffer                : 133351 samples [0: 78.8%, 1: 21.1%, 2: 0.1%]
DFA state visits in window   : 0: 9202, 1: 2605, 2: 94
DFA state visits cumulative  : 0: 105985, 1: 28514, 2: 152
DFA state entries in window  : 0: 100, 1: 35, 2: 2
DFA state entries cumulative : 0: 1300, 1: 439, 2: 4
transitions cumulative       : 0->1: 439, 1->2: 4
accepted directly from s0    : 0
Gym endings cumulative       : terminated=1299, truncated=1

[Episode 1400/8000 | last 100]
success rate                : 0.0% (cumulative 0.0%)
failure rate                : 0.0% (cumulative 0.0%)
completed cycles / episode  : 0.000
synthetic task reward       : 0.000
shaping reward              : -33.625
learning reward             : -33.625
episode length              : 122.2
abstract changes / episode  : 13.9
same abstract-state steps   : 88.6%
same-state shaping / episode: 0.000
changed-state shaping / ep. : -33.625
terminal shaping / episode  : 0.000
DFA transitions / episode   : 0.40
DFA transitions in window   : 0->1: 39, 1->2: 1
epsilon (next episode)       : 0.57115
replay buffer                : 145571 samples [0: 78.6%, 1: 21.2%, 2: 0.1%]
DFA state visits in window   : 0: 9411, 1: 2873, 2: 36
DFA state visits cumulative  : 0: 115396, 1: 31387, 2: 188
DFA state entries in window  : 0: 100, 1: 39, 2: 1
DFA state entries cumulative : 0: 1400, 1: 478, 2: 5
transitions cumulative       : 0->1: 478, 1->2: 5
accepted directly from s0    : 0
Gym endings cumulative       : terminated=1399, truncated=1

[Episode 1500/8000 | last 100]
success rate                : 0.0% (cumulative 0.0%)
failure rate                : 0.0% (cumulative 0.0%)
completed cycles / episode  : 0.000
synthetic task reward       : 0.000
shaping reward              : 629.125
learning reward             : 629.125
episode length              : 121.6
abstract changes / episode  : 13.2
same abstract-state steps   : 89.1%
same-state shaping / episode: 0.000
changed-state shaping / ep. : 629.125
terminal shaping / episode  : -0.090
DFA transitions / episode   : 0.46
DFA transitions in window   : 0->1: 46
epsilon (next episode)       : 0.54875
replay buffer                : 157731 samples [0: 78.1%, 1: 21.8%, 2: 0.1%]
DFA state visits in window   : 0: 8718, 1: 3542, 2: 0
DFA state visits cumulative  : 0: 124114, 1: 34929, 2: 188
DFA state entries in window  : 0: 100, 1: 46, 2: 0
DFA state entries cumulative : 0: 1500, 1: 524, 2: 5
transitions cumulative       : 0->1: 524, 1->2: 5
accepted directly from s0    : 0
Gym endings cumulative       : terminated=1499, truncated=1

Starting autonomous greedy evaluation at episode 1500 (1000 fixed-seed episodes)...
[Greedy evaluation at episode 1500 | 1000 fixed-seed episodes]
success=0.0%, failure=0.0%, task reward=0.000, cycles=0.000, length=182.4
DFA transitions: 0->1: 642, 1->2: 9

[Episode 1600/8000 | last 100]
success rate                : 0.0% (cumulative 0.0%)
failure rate                : 0.0% (cumulative 0.0%)
completed cycles / episode  : 0.000
synthetic task reward       : 0.000
shaping reward              : -46.574
learning reward             : -46.574
episode length              : 145.0
abstract changes / episode  : 13.7
same abstract-state steps   : 90.6%
same-state shaping / episode: 0.000
changed-state shaping / ep. : -46.574
terminal shaping / episode  : -25.322
DFA transitions / episode   : 0.36
DFA transitions in window   : 0->1: 34, 1->2: 2
epsilon (next episode)       : 0.52722
replay buffer                : 172234 samples [0: 78.0%, 1: 21.9%, 2: 0.2%]
DFA state visits in window   : 0: 11188, 1: 3323, 2: 92
DFA state visits cumulative  : 0: 135302, 1: 38252, 2: 280
DFA state entries in window  : 0: 100, 1: 34, 2: 2
DFA state entries cumulative : 0: 1600, 1: 558, 2: 7
transitions cumulative       : 0->1: 558, 1->2: 7
accepted directly from s0    : 0
Gym endings cumulative       : terminated=1599, truncated=1

[Episode 1700/8000 | last 100]
success rate                : 0.0% (cumulative 0.0%)
failure rate                : 0.0% (cumulative 0.0%)
completed cycles / episode  : 0.000
synthetic task reward       : 0.000
shaping reward              : 115.442
learning reward             : 115.442
episode length              : 147.6
abstract changes / episode  : 13.8
same abstract-state steps   : 90.6%
same-state shaping / episode: 0.000
changed-state shaping / ep. : 115.442
terminal shaping / episode  : -17.201
DFA transitions / episode   : 0.43
DFA transitions in window   : 0->1: 40, 1->2: 3
epsilon (next episode)       : 0.50655
replay buffer                : 186992 samples [0: 77.6%, 1: 22.2%, 2: 0.2%]
DFA state visits in window   : 0: 10950, 1: 3766, 2: 142
DFA state visits cumulative  : 0: 146252, 1: 42018, 2: 422
DFA state entries in window  : 0: 100, 1: 40, 2: 3
DFA state entries cumulative : 0: 1700, 1: 598, 2: 10
transitions cumulative       : 0->1: 598, 1->2: 10
accepted directly from s0    : 0
Gym endings cumulative       : terminated=1699, truncated=1

[Episode 1800/8000 | last 100]
success rate                : 0.0% (cumulative 0.0%)
failure rate                : 0.0% (cumulative 0.0%)
completed cycles / episode  : 0.000
synthetic task reward       : 0.000
shaping reward              : 698.052
learning reward             : 698.052
episode length              : 163.5
abstract changes / episode  : 15.4
same abstract-state steps   : 90.6%
same-state shaping / episode: 0.000
changed-state shaping / ep. : 698.052
terminal shaping / episode  : 0.000
DFA transitions / episode   : 0.57
DFA transitions in window   : 0->1: 54, 1->2: 3
epsilon (next episode)       : 0.48668
replay buffer                : 203341 samples [0: 76.3%, 1: 23.4%, 2: 0.3%]
DFA state visits in window   : 0: 10086, 1: 6188, 2: 175
DFA state visits cumulative  : 0: 156338, 1: 48206, 2: 597
DFA state entries in window  : 0: 100, 1: 54, 2: 3
DFA state entries cumulative : 0: 1800, 1: 652, 2: 13
transitions cumulative       : 0->1: 652, 1->2: 13
accepted directly from s0    : 0
Gym endings cumulative       : terminated=1799, truncated=1

[Episode 1900/8000 | last 100]
success rate                : 0.0% (cumulative 0.0%)
failure rate                : 0.0% (cumulative 0.0%)
completed cycles / episode  : 0.000
synthetic task reward       : 0.000
shaping reward              : 913.972
learning reward             : 913.972
episode length              : 182.7
abstract changes / episode  : 16.4
same abstract-state steps   : 91.0%
same-state shaping / episode: 0.000
changed-state shaping / ep. : 913.972
terminal shaping / episode  : 0.085
DFA transitions / episode   : 0.58
DFA transitions in window   : 0->1: 57, 1->2: 1
epsilon (next episode)       : 0.46760
replay buffer                : 221615 samples [0: 74.7%, 1: 25.0%, 2: 0.3%]
DFA state visits in window   : 0: 10408, 1: 7931, 2: 35
DFA state visits cumulative  : 0: 166746, 1: 56137, 2: 632
DFA state entries in window  : 0: 100, 1: 57, 2: 1
DFA state entries cumulative : 0: 1900, 1: 709, 2: 14
transitions cumulative       : 0->1: 709, 1->2: 14
accepted directly from s0    : 0
Gym endings cumulative       : terminated=1899, truncated=1

[Episode 2000/8000 | last 100]
success rate                : 0.0% (cumulative 0.0%)
failure rate                : 0.0% (cumulative 0.0%)
completed cycles / episode  : 0.000
synthetic task reward       : 0.000
shaping reward              : 1426.955
learning reward             : 1426.955
episode length              : 204.5
abstract changes / episode  : 17.2
same abstract-state steps   : 91.6%
same-state shaping / episode: 0.000
changed-state shaping / ep. : 1426.955
terminal shaping / episode  : 0.000
DFA transitions / episode   : 0.71
DFA transitions in window   : 0->1: 62, 1->2: 9
epsilon (next episode)       : 0.44926
replay buffer                : 242067 samples [0: 72.8%, 1: 26.8%, 2: 0.4%]
DFA state visits in window   : 0: 10666, 1: 9575, 2: 311
DFA state visits cumulative  : 0: 177412, 1: 65712, 2: 943
DFA state entries in window  : 0: 100, 1: 62, 2: 9
DFA state entries cumulative : 0: 2000, 1: 771, 2: 23
transitions cumulative       : 0->1: 771, 1->2: 23
accepted directly from s0    : 0
Gym endings cumulative       : terminated=1999, truncated=1

Starting autonomous greedy evaluation at episode 2000 (1000 fixed-seed episodes)...
[Greedy evaluation at episode 2000 | 1000 fixed-seed episodes]
success=0.0%, failure=0.0%, task reward=0.000, cycles=0.000, length=1472.5
DFA transitions: 0->1: 994, 1->2: 6

[Episode 2100/8000 | last 100]
success rate                : 0.0% (cumulative 0.0%)
failure rate                : 0.0% (cumulative 0.0%)
completed cycles / episode  : 0.000
synthetic task reward       : 0.000
shaping reward              : 1262.647
learning reward             : 1262.647
episode length              : 197.4
abstract changes / episode  : 17.0
same abstract-state steps   : 91.4%
same-state shaping / episode: 0.000
changed-state shaping / ep. : 1262.647
terminal shaping / episode  : -8.469
DFA transitions / episode   : 0.73
DFA transitions in window   : 0->1: 57, 1->2: 16
epsilon (next episode)       : 0.43164
replay buffer                : 261806 samples [0: 71.7%, 1: 27.7%, 2: 0.6%]
DFA state visits in window   : 0: 11494, 1: 7586, 2: 759
DFA state visits cumulative  : 0: 188906, 1: 73298, 2: 1702
DFA state entries in window  : 0: 100, 1: 57, 2: 16
DFA state entries cumulative : 0: 2100, 1: 828, 2: 39
transitions cumulative       : 0->1: 828, 1->2: 39
accepted directly from s0    : 0
Gym endings cumulative       : terminated=2099, truncated=1

[Episode 2200/8000 | last 100]
success rate                : 0.0% (cumulative 0.0%)
failure rate                : 0.0% (cumulative 0.0%)
completed cycles / episode  : 0.000
synthetic task reward       : 0.000
shaping reward              : 1535.598
learning reward             : 1535.598
episode length              : 215.5
abstract changes / episode  : 17.6
same abstract-state steps   : 91.8%
same-state shaping / episode: 0.000
changed-state shaping / ep. : 1535.598
terminal shaping / episode  : -9.086
DFA transitions / episode   : 0.70
DFA transitions in window   : 0->1: 61, 1->2: 9
epsilon (next episode)       : 0.41471
replay buffer                : 283357 samples [0: 70.3%, 1: 29.0%, 2: 0.7%]
DFA state visits in window   : 0: 11655, 1: 9623, 2: 373
DFA state visits cumulative  : 0: 200561, 1: 82921, 2: 2075
DFA state entries in window  : 0: 100, 1: 61, 2: 9
DFA state entries cumulative : 0: 2200, 1: 889, 2: 48
transitions cumulative       : 0->1: 889, 1->2: 48
accepted directly from s0    : 0
Gym endings cumulative       : terminated=2199, truncated=1

[Episode 2300/8000 | last 100]
success rate                : 0.0% (cumulative 0.0%)
failure rate                : 0.0% (cumulative 0.0%)
completed cycles / episode  : 0.000
synthetic task reward       : 0.000
shaping reward              : 806.867
learning reward             : 806.867
episode length              : 205.4
abstract changes / episode  : 17.7
same abstract-state steps   : 91.4%
same-state shaping / episode: 0.000
changed-state shaping / ep. : 806.867
terminal shaping / episode  : 0.794
DFA transitions / episode   : 0.53
DFA transitions in window   : 0->1: 45, 1->2: 8
epsilon (next episode)       : 0.39845
replay buffer                : 300000 samples [0: 70.0%, 1: 29.2%, 2: 0.8%]
DFA state visits in window   : 0: 13896, 1: 6290, 2: 455
DFA state visits cumulative  : 0: 214457, 1: 89211, 2: 2530
DFA state entries in window  : 0: 100, 1: 45, 2: 8
DFA state entries cumulative : 0: 2300, 1: 934, 2: 56
transitions cumulative       : 0->1: 934, 1->2: 56
accepted directly from s0    : 0
Gym endings cumulative       : terminated=2299, truncated=1

[Episode 2400/8000 | last 100]
success rate                : 0.0% (cumulative 0.0%)
failure rate                : 0.0% (cumulative 0.0%)
completed cycles / episode  : 0.000
synthetic task reward       : 0.000
shaping reward              : 1262.334
learning reward             : 1262.334
episode length              : 248.4
abstract changes / episode  : 19.2
same abstract-state steps   : 92.3%
same-state shaping / episode: 0.000
changed-state shaping / ep. : 1262.334
terminal shaping / episode  : -51.257
DFA transitions / episode   : 0.70
DFA transitions in window   : 0->1: 55, 1->2: 15
epsilon (next episode)       : 0.38282
replay buffer                : 300000 samples [0: 67.5%, 1: 31.5%, 2: 1.0%]
DFA state visits in window   : 0: 13665, 1: 10608, 2: 672
DFA state visits cumulative  : 0: 228122, 1: 99819, 2: 3202
DFA state entries in window  : 0: 100, 1: 55, 2: 15
DFA state entries cumulative : 0: 2400, 1: 989, 2: 71
transitions cumulative       : 0->1: 989, 1->2: 71
accepted directly from s0    : 0
Gym endings cumulative       : terminated=2399, truncated=1

[Episode 2500/8000 | last 100]
success rate                : 0.0% (cumulative 0.0%)
failure rate                : 0.0% (cumulative 0.0%)
completed cycles / episode  : 0.000
synthetic task reward       : 0.000
shaping reward              : 1751.157
learning reward             : 1751.157
episode length              : 268.6
abstract changes / episode  : 21.0
same abstract-state steps   : 92.2%
same-state shaping / episode: 0.000
changed-state shaping / ep. : 1751.157
terminal shaping / episode  : 8.995
DFA transitions / episode   : 0.86
DFA transitions in window   : 0->1: 64, 1->2: 22
epsilon (next episode)       : 0.36781
replay buffer                : 300000 samples [0: 64.7%, 1: 33.9%, 2: 1.4%]
DFA state visits in window   : 0: 13205, 1: 12761, 2: 995
DFA state visits cumulative  : 0: 241327, 1: 112580, 2: 4197
DFA state entries in window  : 0: 100, 1: 64, 2: 22
DFA state entries cumulative : 0: 2500, 1: 1053, 2: 93
transitions cumulative       : 0->1: 1053, 1->2: 93
accepted directly from s0    : 0
Gym endings cumulative       : terminated=2499, truncated=1

Starting autonomous greedy evaluation at episode 2500 (1000 fixed-seed episodes)...
[Greedy evaluation at episode 2500 | 1000 fixed-seed episodes]
success=0.0%, failure=0.0%, task reward=0.000, cycles=0.000, length=1477.5
DFA transitions: 0->1: 985, 1->2: 1

[Episode 2600/8000 | last 100]
success rate                : 0.0% (cumulative 0.0%)
failure rate                : 0.0% (cumulative 0.0%)
completed cycles / episode  : 0.000
synthetic task reward       : 0.000
shaping reward              : 1854.940
learning reward             : 1854.940
episode length              : 313.2
abstract changes / episode  : 23.1
same abstract-state steps   : 92.6%
same-state shaping / episode: 0.000
changed-state shaping / ep. : 1854.940
terminal shaping / episode  : -26.193
DFA transitions / episode   : 0.89
DFA transitions in window   : 0->1: 70, 1->2: 19
epsilon (next episode)       : 0.35338
replay buffer                : 300000 samples [0: 61.2%, 1: 37.2%, 2: 1.6%]
DFA state visits in window   : 0: 13051, 1: 17700, 2: 671
DFA state visits cumulative  : 0: 254378, 1: 130280, 2: 4868
DFA state entries in window  : 0: 100, 1: 70, 2: 19
DFA state entries cumulative : 0: 2600, 1: 1123, 2: 112
transitions cumulative       : 0->1: 1123, 1->2: 112
accepted directly from s0    : 0
Gym endings cumulative       : terminated=2598, truncated=2

[Episode 2700/8000 | last 100]
success rate                : 1.0% (cumulative 0.0%)
failure rate                : 0.0% (cumulative 0.0%)
completed cycles / episode  : 0.010
synthetic task reward       : 100.000
shaping reward              : 1848.635
learning reward             : 1948.635
episode length              : 347.6
abstract changes / episode  : 24.1
same abstract-state steps   : 93.1%
same-state shaping / episode: 0.000
changed-state shaping / ep. : 1848.635
terminal shaping / episode  : -8.906
DFA transitions / episode   : 0.80
DFA transitions in window   : 0->1: 69, 1->2: 10, 2->0: 1
epsilon (next episode)       : 0.33952
replay buffer                : 300000 samples [0: 57.3%, 1: 41.0%, 2: 1.8%]
DFA state visits in window   : 0: 15090, 1: 19181, 2: 586
DFA state visits cumulative  : 0: 269468, 1: 149461, 2: 5454
DFA state entries in window  : 0: 101, 1: 69, 2: 10
DFA state entries cumulative : 0: 2701, 1: 1192, 2: 122
transitions cumulative       : 0->1: 1192, 1->2: 122, 2->0: 1
accepted directly from s0    : 0
Gym endings cumulative       : terminated=2697, truncated=3

[Episode 2800/8000 | last 100]
success rate                : 0.0% (cumulative 0.0%)
failure rate                : 0.0% (cumulative 0.0%)
completed cycles / episode  : 0.000
synthetic task reward       : 0.000
shaping reward              : 1621.188
learning reward             : 1621.188
episode length              : 415.6
abstract changes / episode  : 27.6
same abstract-state steps   : 93.4%
same-state shaping / episode: 0.000
changed-state shaping / ep. : 1621.188
terminal shaping / episode  : -8.040
DFA transitions / episode   : 0.75
DFA transitions in window   : 0->1: 60, 1->2: 15
epsilon (next episode)       : 0.32621
replay buffer                : 300000 samples [0: 55.6%, 1: 42.4%, 2: 2.0%]
DFA state visits in window   : 0: 26089, 1: 14561, 2: 1012
DFA state visits cumulative  : 0: 295557, 1: 164022, 2: 6466
DFA state entries in window  : 0: 100, 1: 60, 2: 15
DFA state entries cumulative : 0: 2801, 1: 1252, 2: 137
transitions cumulative       : 0->1: 1252, 1->2: 137, 2->0: 1
accepted directly from s0    : 0
Gym endings cumulative       : terminated=2793, truncated=7

[Episode 2900/8000 | last 100]
success rate                : 0.0% (cumulative 0.0%)
failure rate                : 0.0% (cumulative 0.0%)
completed cycles / episode  : 0.000
synthetic task reward       : 0.000
shaping reward              : 1137.180
learning reward             : 1137.180
episode length              : 418.6
abstract changes / episode  : 27.9
same abstract-state steps   : 93.3%
same-state shaping / episode: 0.000
changed-state shaping / ep. : 1137.180
terminal shaping / episode  : -8.384
DFA transitions / episode   : 0.67
DFA transitions in window   : 0->1: 50, 1->2: 17
epsilon (next episode)       : 0.31341
replay buffer                : 300000 samples [0: 56.2%, 1: 41.4%, 2: 2.3%]
DFA state visits in window   : 0: 31052, 1: 9667, 2: 1236
DFA state visits cumulative  : 0: 326609, 1: 173689, 2: 7702
DFA state entries in window  : 0: 100, 1: 50, 2: 17
DFA state entries cumulative : 0: 2901, 1: 1302, 2: 154
transitions cumulative       : 0->1: 1302, 1->2: 154, 2->0: 1
accepted directly from s0    : 0
Gym endings cumulative       : terminated=2888, truncated=12

[Episode 3000/8000 | last 100]
success rate                : 1.0% (cumulative 0.1%)
failure rate                : 0.0% (cumulative 0.0%)
completed cycles / episode  : 0.010
synthetic task reward       : 100.000
shaping reward              : 1873.820
learning reward             : 1973.820
episode length              : 323.0
abstract changes / episode  : 27.6
same abstract-state steps   : 91.5%
same-state shaping / episode: 0.000
changed-state shaping / ep. : 1873.820
terminal shaping / episode  : -8.816
DFA transitions / episode   : 0.88
DFA transitions in window   : 0->1: 64, 1->2: 23, 2->0: 1
epsilon (next episode)       : 0.30112
replay buffer                : 300000 samples [0: 56.3%, 1: 40.9%, 2: 2.7%]
DFA state visits in window   : 0: 18274, 1: 12541, 2: 1583
DFA state visits cumulative  : 0: 344883, 1: 186230, 2: 9285
DFA state entries in window  : 0: 101, 1: 64, 2: 23
DFA state entries cumulative : 0: 3002, 1: 1366, 2: 177
transitions cumulative       : 0->1: 1366, 1->2: 177, 2->0: 2
accepted directly from s0    : 0
Gym endings cumulative       : terminated=2988, truncated=12

Starting autonomous greedy evaluation at episode 3000 (1000 fixed-seed episodes)...
[Greedy evaluation at episode 3000 | 1000 fixed-seed episodes]
success=0.3%, failure=0.0%, task reward=30.000, cycles=0.003, length=1079.4
DFA transitions: 0->1: 960, 1->2: 105, 2->0: 3
Best policy updated from autonomous greedy evaluation at episode 3000.

[Episode 3100/8000 | last 100]
success rate                : 2.0% (cumulative 0.1%)
failure rate                : 0.0% (cumulative 0.0%)
completed cycles / episode  : 0.020
synthetic task reward       : 200.000
shaping reward              : 2048.595
learning reward             : 2248.595
episode length              : 366.2
abstract changes / episode  : 29.0
same abstract-state steps   : 92.1%
same-state shaping / episode: 0.000
changed-state shaping / ep. : 2048.595
terminal shaping / episode  : -9.174
DFA transitions / episode   : 0.95
DFA transitions in window   : 0->1: 65, 1->2: 28, 2->0: 2
epsilon (next episode)       : 0.28931
replay buffer                : 300000 samples [0: 56.1%, 1: 40.5%, 2: 3.4%]
DFA state visits in window   : 0: 19356, 1: 14361, 2: 3001
DFA state visits cumulative  : 0: 364239, 1: 200591, 2: 12286
DFA state entries in window  : 0: 102, 1: 65, 2: 28
DFA state entries cumulative : 0: 3104, 1: 1431, 2: 205
transitions cumulative       : 0->1: 1431, 1->2: 205, 2->0: 4
accepted directly from s0    : 0
Gym endings cumulative       : terminated=3088, truncated=12

[Episode 3200/8000 | last 100]
success rate                : 7.0% (cumulative 0.3%)
failure rate                : 0.0% (cumulative 0.0%)
completed cycles / episode  : 0.070
synthetic task reward       : 700.000
shaping reward              : 2825.693
learning reward             : 3525.693
episode length              : 581.9
abstract changes / episode  : 34.9
same abstract-state steps   : 94.0%
same-state shaping / episode: 0.000
changed-state shaping / ep. : 2825.693
terminal shaping / episode  : 17.197
DFA transitions / episode   : 1.15
DFA transitions in window   : 0->1: 73, 1->2: 35, 2->0: 7
epsilon (next episode)       : 0.27797
replay buffer                : 300000 samples [0: 51.2%, 1: 42.2%, 2: 6.6%]
DFA state visits in window   : 0: 20019, 1: 27268, 2: 11007
DFA state visits cumulative  : 0: 384258, 1: 227859, 2: 23293
DFA state entries in window  : 0: 107, 1: 73, 2: 35
DFA state entries cumulative : 0: 3211, 1: 1504, 2: 240
transitions cumulative       : 0->1: 1504, 1->2: 240, 2->0: 11
accepted directly from s0    : 0
Gym endings cumulative       : terminated=3174, truncated=26

[Episode 3300/8000 | last 100]
success rate                : 16.0% (cumulative 0.8%)
failure rate                : 0.0% (cumulative 0.0%)
completed cycles / episode  : 0.180
synthetic task reward       : 1800.000
shaping reward              : 4340.036
learning reward             : 6140.036
episode length              : 604.9
abstract changes / episode  : 35.1
same abstract-state steps   : 94.2%
same-state shaping / episode: 0.000
changed-state shaping / ep. : 4340.036
terminal shaping / episode  : 0.794
DFA transitions / episode   : 1.80
DFA transitions in window   : 0->1: 96, 1->2: 66, 2->0: 18
epsilon (next episode)       : 0.26706
replay buffer                : 300000 samples [0: 49.5%, 1: 38.1%, 2: 12.5%]
DFA state visits in window   : 0: 21736, 1: 19510, 2: 19348
DFA state visits cumulative  : 0: 405994, 1: 247369, 2: 42641
DFA state entries in window  : 0: 118, 1: 96, 2: 66
DFA state entries cumulative : 0: 3329, 1: 1600, 2: 306
transitions cumulative       : 0->1: 1600, 1->2: 306, 2->0: 29
accepted directly from s0    : 0
Gym endings cumulative       : terminated=3255, truncated=45

[Episode 3400/8000 | last 100]
success rate                : 40.0% (cumulative 2.0%)
failure rate                : 0.0% (cumulative 0.0%)
completed cycles / episode  : 0.510
synthetic task reward       : 5100.000
shaping reward              : 3299.289
learning reward             : 8399.289
episode length              : 682.6
abstract changes / episode  : 48.4
same abstract-state steps   : 92.9%
same-state shaping / episode: 0.000
changed-state shaping / ep. : 3299.289
terminal shaping / episode  : 17.647
DFA transitions / episode   : 2.63
DFA transitions in window   : 0->1: 117, 1->2: 95, 2->0: 51
epsilon (next episode)       : 0.25659
replay buffer                : 300000 samples [0: 48.5%, 1: 34.5%, 2: 17.0%]
DFA state visits in window   : 0: 33480, 1: 19975, 2: 14902
DFA state visits cumulative  : 0: 439474, 1: 267344, 2: 57543
DFA state entries in window  : 0: 151, 1: 117, 2: 95
DFA state entries cumulative : 0: 3480, 1: 1717, 2: 401
transitions cumulative       : 0->1: 1717, 1->2: 401, 2->0: 80
accepted directly from s0    : 0
Gym endings cumulative       : terminated=3344, truncated=55

[Episode 3500/8000 | last 100]
success rate                : 49.0% (cumulative 3.3%)
failure rate                : 0.0% (cumulative 0.0%)
completed cycles / episode  : 0.670
synthetic task reward       : 6700.000
shaping reward              : 3623.805
learning reward             : 10323.805
episode length              : 751.9
abstract changes / episode  : 56.8
same abstract-state steps   : 92.4%
same-state shaping / episode: 0.000
changed-state shaping / ep. : 3623.805
terminal shaping / episode  : 0.000
DFA transitions / episode   : 3.09
DFA transitions in window   : 0->1: 134, 1->2: 108, 2->0: 67
epsilon (next episode)       : 0.24653
replay buffer                : 300000 samples [0: 43.5%, 1: 33.5%, 2: 23.0%]
DFA state visits in window   : 0: 35743, 1: 18710, 2: 20835
DFA state visits cumulative  : 0: 475217, 1: 286054, 2: 78378
DFA state entries in window  : 0: 167, 1: 134, 2: 108
DFA state entries cumulative : 0: 3647, 1: 1851, 2: 509
transitions cumulative       : 0->1: 1851, 1->2: 509, 2->0: 147
accepted directly from s0    : 0
Gym endings cumulative       : terminated=3429, truncated=67

Starting autonomous greedy evaluation at episode 3500 (1000 fixed-seed episodes)...
[Greedy evaluation at episode 3500 | 1000 fixed-seed episodes]
success=1.0%, failure=0.0%, task reward=100.000, cycles=0.010, length=1285.6
DFA transitions: 0->1: 1006, 1->2: 918, 2->0: 10
Best policy updated from autonomous greedy evaluation at episode 3500.

[Episode 3600/8000 | last 100]
success rate                : 45.0% (cumulative 4.5%)
failure rate                : 0.0% (cumulative 0.0%)
completed cycles / episode  : 0.740
synthetic task reward       : 7400.000
shaping reward              : 4256.591
learning reward             : 11656.591
episode length              : 769.0
abstract changes / episode  : 56.1
same abstract-state steps   : 92.7%
same-state shaping / episode: 0.000
changed-state shaping / ep. : 4256.591
terminal shaping / episode  : 9.178
DFA transitions / episode   : 3.45
DFA transitions in window   : 0->1: 145, 1->2: 126, 2->0: 74
epsilon (next episode)       : 0.23686
replay buffer                : 300000 samples [0: 41.8%, 1: 28.9%, 2: 29.4%]
DFA state visits in window   : 0: 30124, 1: 18620, 2: 28257
DFA state visits cumulative  : 0: 505341, 1: 304674, 2: 106635
DFA state entries in window  : 0: 174, 1: 145, 2: 126
DFA state entries cumulative : 0: 3821, 1: 1996, 2: 635
transitions cumulative       : 0->1: 1996, 1->2: 635, 2->0: 221
accepted directly from s0    : 0
Gym endings cumulative       : terminated=3505, truncated=84

[Episode 3700/8000 | last 100]
success rate                : 49.0% (cumulative 5.7%)
failure rate                : 0.0% (cumulative 0.0%)
completed cycles / episode  : 0.900
synthetic task reward       : 9000.000
shaping reward              : 3770.594
learning reward             : 12770.594
episode length              : 787.8
abstract changes / episode  : 57.7
same abstract-state steps   : 92.7%
same-state shaping / episode: 0.000
changed-state shaping / ep. : 3770.594
terminal shaping / episode  : 0.000
DFA transitions / episode   : 3.74
DFA transitions in window   : 0->1: 153, 1->2: 131, 2->0: 90
epsilon (next episode)       : 0.22757
replay buffer                : 300000 samples [0: 44.3%, 1: 25.5%, 2: 30.2%]
DFA state visits in window   : 0: 33673, 1: 18795, 2: 26414
DFA state visits cumulative  : 0: 539014, 1: 323469, 2: 133049
DFA state entries in window  : 0: 190, 1: 153, 2: 131
DFA state entries cumulative : 0: 4011, 1: 2149, 2: 766
transitions cumulative       : 0->1: 2149, 1->2: 766, 2->0: 311
accepted directly from s0    : 0
Gym endings cumulative       : terminated=3577, truncated=102

[Episode 3800/8000 | last 100]
success rate                : 53.0% (cumulative 6.9%)
failure rate                : 0.0% (cumulative 0.0%)
completed cycles / episode  : 0.880
synthetic task reward       : 8800.000
shaping reward              : 5094.033
learning reward             : 13894.033
episode length              : 844.3
abstract changes / episode  : 62.4
same abstract-state steps   : 92.6%
same-state shaping / episode: 0.000
changed-state shaping / ep. : 5094.033
terminal shaping / episode  : 18.449
DFA transitions / episode   : 3.98
DFA transitions in window   : 0->1: 165, 1->2: 145, 2->0: 88
epsilon (next episode)       : 0.21865
replay buffer                : 300000 samples [0: 42.9%, 1: 24.3%, 2: 32.9%]
DFA state visits in window   : 0: 38009, 1: 20166, 2: 26353
DFA state visits cumulative  : 0: 577023, 1: 343635, 2: 159402
DFA state entries in window  : 0: 188, 1: 165, 2: 145
DFA state entries cumulative : 0: 4199, 1: 2314, 2: 911
transitions cumulative       : 0->1: 2314, 1->2: 911, 2->0: 399
accepted directly from s0    : 0
Gym endings cumulative       : terminated=3652, truncated=120

[Episode 3900/8000 | last 100]
success rate                : 65.0% (cumulative 8.4%)
failure rate                : 0.0% (cumulative 0.0%)
completed cycles / episode  : 1.090
synthetic task reward       : 10900.000
shaping reward              : 4612.321
learning reward             : 15512.321
episode length              : 897.0
abstract changes / episode  : 68.4
same abstract-state steps   : 92.4%
same-state shaping / episode: 0.000
changed-state shaping / ep. : 4612.321
terminal shaping / episode  : -18.082
DFA transitions / episode   : 4.60
DFA transitions in window   : 0->1: 189, 1->2: 162, 2->0: 109
epsilon (next episode)       : 0.21007
replay buffer                : 300000 samples [0: 43.3%, 1: 24.7%, 2: 32.0%]
DFA state visits in window   : 0: 38239, 1: 22855, 2: 28703
DFA state visits cumulative  : 0: 615262, 1: 366490, 2: 188105
DFA state entries in window  : 0: 209, 1: 189, 2: 162
DFA state entries cumulative : 0: 4408, 1: 2503, 2: 1073
transitions cumulative       : 0->1: 2503, 1->2: 1073, 2->0: 508
accepted directly from s0    : 0
Gym endings cumulative       : terminated=3722, truncated=138

[Episode 4000/8000 | last 100]
success rate                : 57.0% (cumulative 9.6%)
failure rate                : 0.0% (cumulative 0.0%)
completed cycles / episode  : 0.990
synthetic task reward       : 9900.000
shaping reward              : 4640.003
learning reward             : 14540.003
episode length              : 854.7
abstract changes / episode  : 65.6
same abstract-state steps   : 92.3%
same-state shaping / episode: 0.000
changed-state shaping / ep. : 4640.003
terminal shaping / episode  : -8.384
DFA transitions / episode   : 4.21
DFA transitions in window   : 0->1: 173, 1->2: 149, 2->0: 99
epsilon (next episode)       : 0.20183
replay buffer                : 300000 samples [0: 45.4%, 1: 23.8%, 2: 30.8%]
DFA state visits in window   : 0: 41990, 1: 19540, 2: 24041
DFA state visits cumulative  : 0: 657252, 1: 386030, 2: 212146
DFA state entries in window  : 0: 199, 1: 173, 2: 149
DFA state entries cumulative : 0: 4607, 1: 2676, 2: 1222
transitions cumulative       : 0->1: 2676, 1->2: 1222, 2->0: 607
accepted directly from s0    : 0
Gym endings cumulative       : terminated=3794, truncated=157

Starting autonomous greedy evaluation at episode 4000 (1000 fixed-seed episodes)...
[Greedy evaluation at episode 4000 | 1000 fixed-seed episodes]
success=99.1%, failure=0.0%, task reward=29680.000, cycles=2.968, length=1069.3
DFA transitions: 0->1: 2975, 1->2: 2975, 2->0: 2968
Best policy updated from autonomous greedy evaluation at episode 4000.

[Episode 4100/8000 | last 100]
success rate                : 71.0% (cumulative 11.1%)
failure rate                : 0.0% (cumulative 0.0%)
completed cycles / episode  : 1.560
synthetic task reward       : 15600.000
shaping reward              : 3877.034
learning reward             : 19477.034
episode length              : 910.4
abstract changes / episode  : 70.6
same abstract-state steps   : 92.2%
same-state shaping / episode: 0.000
changed-state shaping / ep. : 3877.034
terminal shaping / episode  : 27.627
DFA transitions / episode   : 5.69
DFA transitions in window   : 0->1: 214, 1->2: 199, 2->0: 156
epsilon (next episode)       : 0.19392
replay buffer                : 300000 samples [0: 44.9%, 1: 23.9%, 2: 31.3%]
DFA state visits in window   : 0: 37662, 1: 22459, 2: 31016
DFA state visits cumulative  : 0: 694914, 1: 408489, 2: 243162
DFA state entries in window  : 0: 256, 1: 214, 2: 199
DFA state entries cumulative : 0: 4863, 1: 2890, 2: 1421
transitions cumulative       : 0->1: 2890, 1->2: 1421, 2->0: 763
accepted directly from s0    : 0
Gym endings cumulative       : terminated=3850, truncated=168

[Episode 4200/8000 | last 100]
success rate                : 78.0% (cumulative 12.7%)
failure rate                : 0.0% (cumulative 0.0%)
completed cycles / episode  : 1.800
synthetic task reward       : 18000.000
shaping reward              : 3754.814
learning reward             : 21754.814
episode length              : 985.4
abstract changes / episode  : 76.0
same abstract-state steps   : 92.3%
same-state shaping / episode: 0.000
changed-state shaping / ep. : 3754.814
terminal shaping / episode  : 0.000
DFA transitions / episode   : 6.33
DFA transitions in window   : 0->1: 233, 1->2: 220, 2->0: 180
epsilon (next episode)       : 0.18631
replay buffer                : 300000 samples [0: 42.7%, 1: 23.3%, 2: 34.0%]
DFA state visits in window   : 0: 37971, 1: 21807, 2: 38866
DFA state visits cumulative  : 0: 732885, 1: 430296, 2: 282028
DFA state entries in window  : 0: 280, 1: 233, 2: 220
DFA state entries cumulative : 0: 5143, 1: 3123, 2: 1641
transitions cumulative       : 0->1: 3123, 1->2: 1641, 2->0: 943
accepted directly from s0    : 0
Gym endings cumulative       : terminated=3896, truncated=180

[Episode 4300/8000 | last 100]
success rate                : 77.0% (cumulative 14.2%)
failure rate                : 0.0% (cumulative 0.0%)
completed cycles / episode  : 1.790
synthetic task reward       : 17900.000
shaping reward              : 2944.078
learning reward             : 20844.078
episode length              : 907.5
abstract changes / episode  : 73.2
same abstract-state steps   : 91.9%
same-state shaping / episode: 0.000
changed-state shaping / ep. : 2944.078
terminal shaping / episode  : -8.811
DFA transitions / episode   : 6.17
DFA transitions in window   : 0->1: 226, 1->2: 212, 2->0: 179
epsilon (next episode)       : 0.17900
replay buffer                : 300000 samples [0: 40.6%, 1: 23.7%, 2: 35.7%]
DFA state visits in window   : 0: 36884, 1: 22135, 2: 31831
DFA state visits cumulative  : 0: 769769, 1: 452431, 2: 313859
DFA state entries in window  : 0: 279, 1: 226, 2: 212
DFA state entries cumulative : 0: 5422, 1: 3349, 2: 1853
transitions cumulative       : 0->1: 3349, 1->2: 1853, 2->0: 1122
accepted directly from s0    : 0
Gym endings cumulative       : terminated=3946, truncated=187

[Episode 4400/8000 | last 100]
success rate                : 80.0% (cumulative 15.7%)
failure rate                : 0.0% (cumulative 0.0%)
completed cycles / episode  : 1.820
synthetic task reward       : 18200.000
shaping reward              : 2962.876
learning reward             : 21162.876
episode length              : 976.5
abstract changes / episode  : 75.4
same abstract-state steps   : 92.3%
same-state shaping / episode: 0.000
changed-state shaping / ep. : 2962.876
terminal shaping / episode  : 9.271
DFA transitions / episode   : 6.29
DFA transitions in window   : 0->1: 232, 1->2: 215, 2->0: 182
epsilon (next episode)       : 0.17198
replay buffer                : 300000 samples [0: 38.5%, 1: 24.3%, 2: 37.2%]
DFA state visits in window   : 0: 35771, 1: 26050, 2: 35925
DFA state visits cumulative  : 0: 805540, 1: 478481, 2: 349784
DFA state entries in window  : 0: 282, 1: 232, 2: 215
DFA state entries cumulative : 0: 5704, 1: 3581, 2: 2068
transitions cumulative       : 0->1: 3581, 1->2: 2068, 2->0: 1304
accepted directly from s0    : 0
Gym endings cumulative       : terminated=3996, truncated=198

[Episode 4500/8000 | last 100]
success rate                : 63.0% (cumulative 16.8%)
failure rate                : 0.0% (cumulative 0.0%)
completed cycles / episode  : 1.220
synthetic task reward       : 12200.000
shaping reward              : 3945.707
learning reward             : 16145.707
episode length              : 856.6
abstract changes / episode  : 64.3
same abstract-state steps   : 92.5%
same-state shaping / episode: 0.000
changed-state shaping / ep. : 3945.707
terminal shaping / episode  : 10.158
DFA transitions / episode   : 4.87
DFA transitions in window   : 0->1: 194, 1->2: 171, 2->0: 122
epsilon (next episode)       : 0.16524
replay buffer                : 300000 samples [0: 39.4%, 1: 25.5%, 2: 35.1%]
DFA state visits in window   : 0: 36000, 1: 22654, 2: 27104
DFA state visits cumulative  : 0: 841540, 1: 501135, 2: 376888
DFA state entries in window  : 0: 222, 1: 194, 2: 171
DFA state entries cumulative : 0: 5926, 1: 3775, 2: 2239
transitions cumulative       : 0->1: 3775, 1->2: 2239, 2->0: 1426
accepted directly from s0    : 0
Gym endings cumulative       : terminated=4065, truncated=211

Starting autonomous greedy evaluation at episode 4500 (1000 fixed-seed episodes)...
[Greedy evaluation at episode 4500 | 1000 fixed-seed episodes]
success=48.7%, failure=0.0%, task reward=7440.000, cycles=0.744, length=1435.8
DFA transitions: 0->1: 1687, 1->2: 818, 2->0: 744

[Episode 4600/8000 | last 100]
success rate                : 75.0% (cumulative 18.0%)
failure rate                : 0.0% (cumulative 0.0%)
completed cycles / episode  : 1.650
synthetic task reward       : 16500.000
shaping reward              : 3881.593
learning reward             : 20381.593
episode length              : 1027.0
abstract changes / episode  : 79.1
same abstract-state steps   : 92.3%
same-state shaping / episode: 0.000
changed-state shaping / ep. : 3881.593
terminal shaping / episode  : 9.271
DFA transitions / episode   : 5.92
DFA transitions in window   : 0->1: 224, 1->2: 203, 2->0: 165
epsilon (next episode)       : 0.15876
replay buffer                : 300000 samples [0: 40.1%, 1: 26.5%, 2: 33.4%]
DFA state visits in window   : 0: 42858, 1: 27335, 2: 32603
DFA state visits cumulative  : 0: 884398, 1: 528470, 2: 409491
DFA state entries in window  : 0: 265, 1: 224, 2: 203
DFA state entries cumulative : 0: 6191, 1: 3999, 2: 2442
transitions cumulative       : 0->1: 3999, 1->2: 2442, 2->0: 1591
accepted directly from s0    : 0
Gym endings cumulative       : terminated=4117, truncated=231

[Episode 4700/8000 | last 100]
success rate                : 74.0% (cumulative 19.2%)
failure rate                : 0.0% (cumulative 0.0%)
completed cycles / episode  : 1.510
synthetic task reward       : 15100.000
shaping reward              : 4239.285
learning reward             : 19339.285
episode length              : 915.1
abstract changes / episode  : 72.3
same abstract-state steps   : 92.1%
same-state shaping / episode: 0.000
changed-state shaping / ep. : 4239.285
terminal shaping / episode  : 0.454
DFA transitions / episode   : 5.63
DFA transitions in window   : 0->1: 220, 1->2: 192, 2->0: 151
epsilon (next episode)       : 0.15253
replay buffer                : 300000 samples [0: 41.1%, 1: 27.0%, 2: 31.9%]
DFA state visits in window   : 0: 35633, 1: 26695, 2: 29285
DFA state visits cumulative  : 0: 920031, 1: 555165, 2: 438776
DFA state entries in window  : 0: 251, 1: 220, 2: 192
DFA state entries cumulative : 0: 6442, 1: 4219, 2: 2634
transitions cumulative       : 0->1: 4219, 1->2: 2634, 2->0: 1742
accepted directly from s0    : 0
Gym endings cumulative       : terminated=4179, truncated=242

[Episode 4800/8000 | last 100]
success rate                : 84.0% (cumulative 20.6%)
failure rate                : 0.0% (cumulative 0.0%)
completed cycles / episode  : 2.020
synthetic task reward       : 20200.000
shaping reward              : 2723.382
learning reward             : 22923.382
episode length              : 1035.0
abstract changes / episode  : 82.4
same abstract-state steps   : 92.0%
same-state shaping / episode: 0.000
changed-state shaping / ep. : 2723.382
terminal shaping / episode  : -17.812
DFA transitions / episode   : 6.74
DFA transitions in window   : 0->1: 247, 1->2: 225, 2->0: 202
epsilon (next episode)       : 0.14655
replay buffer                : 300000 samples [0: 39.9%, 1: 28.0%, 2: 32.1%]
DFA state visits in window   : 0: 40471, 1: 29488, 2: 33645
DFA state visits cumulative  : 0: 960502, 1: 584653, 2: 472421
DFA state entries in window  : 0: 302, 1: 247, 2: 225
DFA state entries cumulative : 0: 6744, 1: 4466, 2: 2859
transitions cumulative       : 0->1: 4466, 1->2: 2859, 2->0: 1944
accepted directly from s0    : 0
Gym endings cumulative       : terminated=4214, truncated=258

[Episode 4900/8000 | last 100]
success rate                : 92.0% (cumulative 22.0%)
failure rate                : 0.0% (cumulative 0.0%)
completed cycles / episode  : 2.160
synthetic task reward       : 21600.000
shaping reward              : 2273.244
learning reward             : 23873.244
episode length              : 1038.3
abstract changes / episode  : 84.5
same abstract-state steps   : 91.9%
same-state shaping / episode: 0.000
changed-state shaping / ep. : 2273.244
terminal shaping / episode  : 0.000
DFA transitions / episode   : 7.08
DFA transitions in window   : 0->1: 253, 1->2: 239, 2->0: 216
epsilon (next episode)       : 0.14080
replay buffer                : 300000 samples [0: 38.9%, 1: 28.3%, 2: 32.8%]
DFA state visits in window   : 0: 39828, 1: 28563, 2: 35541
DFA state visits cumulative  : 0: 1000330, 1: 613216, 2: 507962
DFA state entries in window  : 0: 316, 1: 253, 2: 239
DFA state entries cumulative : 0: 7060, 1: 4719, 2: 3098
transitions cumulative       : 0->1: 4719, 1->2: 3098, 2->0: 2160
accepted directly from s0    : 0
Gym endings cumulative       : terminated=4250, truncated=268

[Episode 5000/8000 | last 100]
success rate                : 81.0% (cumulative 23.2%)
failure rate                : 0.0% (cumulative 0.0%)
completed cycles / episode  : 1.710
synthetic task reward       : 17100.000
shaping reward              : 3468.931
learning reward             : 20568.931
episode length              : 910.3
abstract changes / episode  : 77.1
same abstract-state steps   : 91.5%
same-state shaping / episode: 0.000
changed-state shaping / ep. : 3468.931
terminal shaping / episode  : -8.384
DFA transitions / episode   : 6.07
DFA transitions in window   : 0->1: 228, 1->2: 208, 2->0: 171
epsilon (next episode)       : 0.13528
replay buffer                : 300000 samples [0: 38.4%, 1: 28.0%, 2: 33.6%]
DFA state visits in window   : 0: 34260, 1: 25469, 2: 31405
DFA state visits cumulative  : 0: 1034590, 1: 638685, 2: 539367
DFA state entries in window  : 0: 271, 1: 228, 2: 208
DFA state entries cumulative : 0: 7331, 1: 4947, 2: 3306
transitions cumulative       : 0->1: 4947, 1->2: 3306, 2->0: 2331
accepted directly from s0    : 0
Gym endings cumulative       : terminated=4312, truncated=275

Starting autonomous greedy evaluation at episode 5000 (1000 fixed-seed episodes)...
[Greedy evaluation at episode 5000 | 1000 fixed-seed episodes]
success=100.0%, failure=0.0%, task reward=24400.000, cycles=2.440, length=887.6
DFA transitions: 0->1: 2798, 1->2: 2604, 2->0: 2440

[Episode 5100/8000 | last 100]
success rate                : 84.0% (cumulative 24.4%)
failure rate                : 0.0% (cumulative 0.0%)
completed cycles / episode  : 1.880
synthetic task reward       : 18800.000
shaping reward              : 2928.304
learning reward             : 21728.304
episode length              : 924.7
abstract changes / episode  : 78.0
same abstract-state steps   : 91.6%
same-state shaping / episode: 0.000
changed-state shaping / ep. : 2928.304
terminal shaping / episode  : -8.015
DFA transitions / episode   : 6.45
DFA transitions in window   : 0->1: 238, 1->2: 219, 2->0: 188
epsilon (next episode)       : 0.12998
replay buffer                : 300000 samples [0: 38.4%, 1: 27.5%, 2: 34.1%]
DFA state visits in window   : 0: 35955, 1: 25357, 2: 31260
DFA state visits cumulative  : 0: 1070545, 1: 664042, 2: 570627
DFA state entries in window  : 0: 288, 1: 238, 2: 219
DFA state entries cumulative : 0: 7619, 1: 5185, 2: 3525
transitions cumulative       : 0->1: 5185, 1->2: 3525, 2->0: 2519
accepted directly from s0    : 0
Gym endings cumulative       : terminated=4365, truncated=279

[Episode 5200/8000 | last 100]
success rate                : 77.0% (cumulative 25.4%)
failure rate                : 0.0% (cumulative 0.0%)
completed cycles / episode  : 1.590
synthetic task reward       : 15900.000
shaping reward              : 3015.669
learning reward             : 18915.669
episode length              : 954.6
abstract changes / episode  : 72.8
same abstract-state steps   : 92.4%
same-state shaping / episode: 0.000
changed-state shaping / ep. : 3015.669
terminal shaping / episode  : -17.991
DFA transitions / episode   : 5.59
DFA transitions in window   : 0->1: 211, 1->2: 189, 2->0: 159
epsilon (next episode)       : 0.12488
replay buffer                : 300000 samples [0: 37.6%, 1: 28.9%, 2: 33.4%]
DFA state visits in window   : 0: 34785, 1: 30101, 2: 30677
DFA state visits cumulative  : 0: 1105330, 1: 694143, 2: 601304
DFA state entries in window  : 0: 259, 1: 211, 2: 189
DFA state entries cumulative : 0: 7878, 1: 5396, 2: 3714
transitions cumulative       : 0->1: 5396, 1->2: 3714, 2->0: 2678
accepted directly from s0    : 0
Gym endings cumulative       : terminated=4422, truncated=291

[Episode 5300/8000 | last 100]
success rate                : 83.0% (cumulative 26.5%)
failure rate                : 0.0% (cumulative 0.0%)
completed cycles / episode  : 1.860
synthetic task reward       : 18600.000
shaping reward              : 2342.857
learning reward             : 20942.857
episode length              : 902.0
abstract changes / episode  : 76.1
same abstract-state steps   : 91.6%
same-state shaping / episode: 0.000
changed-state shaping / ep. : 2342.857
terminal shaping / episode  : 0.000
DFA transitions / episode   : 6.23
DFA transitions in window   : 0->1: 232, 1->2: 205, 2->0: 186
epsilon (next episode)       : 0.11998
replay buffer                : 300000 samples [0: 38.3%, 1: 28.5%, 2: 33.2%]
DFA state visits in window   : 0: 36738, 1: 24818, 2: 28741
DFA state visits cumulative  : 0: 1142068, 1: 718961, 2: 630045
DFA state entries in window  : 0: 286, 1: 232, 2: 205
DFA state entries cumulative : 0: 8164, 1: 5628, 2: 3919
transitions cumulative       : 0->1: 5628, 1->2: 3919, 2->0: 2864
accepted directly from s0    : 0
Gym endings cumulative       : terminated=4475, truncated=297

[Episode 5400/8000 | last 100]
success rate                : 72.0% (cumulative 27.3%)
failure rate                : 0.0% (cumulative 0.0%)
completed cycles / episode  : 1.520
synthetic task reward       : 15200.000
shaping reward              : 3068.005
learning reward             : 18268.005
episode length              : 842.8
abstract changes / episode  : 70.9
same abstract-state steps   : 91.6%
same-state shaping / episode: 0.000
changed-state shaping / ep. : 3068.005
terminal shaping / episode  : 0.000
DFA transitions / episode   : 5.40
DFA transitions in window   : 0->1: 206, 1->2: 182, 2->0: 152
epsilon (next episode)       : 0.11528
replay buffer                : 300000 samples [0: 38.4%, 1: 30.5%, 2: 31.0%]
DFA state visits in window   : 0: 32665, 1: 27658, 2: 24056
DFA state visits cumulative  : 0: 1174733, 1: 746619, 2: 654101
DFA state entries in window  : 0: 252, 1: 206, 2: 182
DFA state entries cumulative : 0: 8416, 1: 5834, 2: 4101
transitions cumulative       : 0->1: 5834, 1->2: 4101, 2->0: 3016
accepted directly from s0    : 0
Gym endings cumulative       : terminated=4535, truncated=305

[Episode 5500/8000 | last 100]
success rate                : 84.0% (cumulative 28.4%)
failure rate                : 0.0% (cumulative 0.0%)
completed cycles / episode  : 1.820
synthetic task reward       : 18200.000
shaping reward              : 2508.074
learning reward             : 20708.074
episode length              : 904.8
abstract changes / episode  : 75.0
same abstract-state steps   : 91.7%
same-state shaping / episode: 0.000
changed-state shaping / ep. : 2508.074
terminal shaping / episode  : -6.519
DFA transitions / episode   : 6.15
DFA transitions in window   : 0->1: 231, 1->2: 202, 2->0: 182
epsilon (next episode)       : 0.11075
replay buffer                : 300000 samples [0: 39.1%, 1: 31.2%, 2: 29.7%]
DFA state visits in window   : 0: 35738, 1: 29949, 2: 24891
DFA state visits cumulative  : 0: 1210471, 1: 776568, 2: 678992
DFA state entries in window  : 0: 282, 1: 231, 2: 202
DFA state entries cumulative : 0: 8698, 1: 6065, 2: 4303
transitions cumulative       : 0->1: 6065, 1->2: 4303, 2->0: 3198
accepted directly from s0    : 0
Gym endings cumulative       : terminated=4591, truncated=311

Starting autonomous greedy evaluation at episode 5500 (1000 fixed-seed episodes)...
[Greedy evaluation at episode 5500 | 1000 fixed-seed episodes]
success=98.2%, failure=0.0%, task reward=21160.000, cycles=2.116, length=1413.1
DFA transitions: 0->1: 2595, 1->2: 2326, 2->0: 2116

[Episode 5600/8000 | last 100]
success rate                : 88.0% (cumulative 29.4%)
failure rate                : 0.0% (cumulative 0.0%)
completed cycles / episode  : 2.020
synthetic task reward       : 20200.000
shaping reward              : 2664.144
learning reward             : 22864.144
episode length              : 943.9
abstract changes / episode  : 77.4
same abstract-state steps   : 91.8%
same-state shaping / episode: 0.000
changed-state shaping / ep. : 2664.144
terminal shaping / episode  : 17.740
DFA transitions / episode   : 6.69
DFA transitions in window   : 0->1: 243, 1->2: 224, 2->0: 202
epsilon (next episode)       : 0.10641
replay buffer                : 300000 samples [0: 38.8%, 1: 31.5%, 2: 29.7%]
DFA state visits in window   : 0: 35062, 1: 28897, 2: 30532
DFA state visits cumulative  : 0: 1245533, 1: 805465, 2: 709524
DFA state entries in window  : 0: 302, 1: 243, 2: 224
DFA state entries cumulative : 0: 9000, 1: 6308, 2: 4527
transitions cumulative       : 0->1: 6308, 1->2: 4527, 2->0: 3400
accepted directly from s0    : 0
Gym endings cumulative       : terminated=4633, truncated=321

[Episode 5700/8000 | last 100]
success rate                : 94.0% (cumulative 30.6%)
failure rate                : 0.0% (cumulative 0.0%)
completed cycles / episode  : 2.230
synthetic task reward       : 22300.000
shaping reward              : 2174.192
learning reward             : 24474.192
episode length              : 933.6
abstract changes / episode  : 79.1
same abstract-state steps   : 91.5%
same-state shaping / episode: 0.000
changed-state shaping / ep. : 2174.192
terminal shaping / episode  : 0.000
DFA transitions / episode   : 7.19
DFA transitions in window   : 0->1: 256, 1->2: 240, 2->0: 223
epsilon (next episode)       : 0.10224
replay buffer                : 300000 samples [0: 36.8%, 1: 31.9%, 2: 31.4%]
DFA state visits in window   : 0: 31281, 1: 29435, 2: 32742
DFA state visits cumulative  : 0: 1276814, 1: 834900, 2: 742266
DFA state entries in window  : 0: 323, 1: 256, 2: 240
DFA state entries cumulative : 0: 9323, 1: 6564, 2: 4767
transitions cumulative       : 0->1: 6564, 1->2: 4767, 2->0: 3623
accepted directly from s0    : 0
Gym endings cumulative       : terminated=4670, truncated=326

[Episode 5800/8000 | last 100]
success rate                : 86.0% (cumulative 31.5%)
failure rate                : 0.0% (cumulative 0.0%)
completed cycles / episode  : 1.950
synthetic task reward       : 19500.000
shaping reward              : 3228.815
learning reward             : 22728.815
episode length              : 977.7
abstract changes / episode  : 77.2
same abstract-state steps   : 92.1%
same-state shaping / episode: 0.000
changed-state shaping / ep. : 3228.815
terminal shaping / episode  : 0.000
DFA transitions / episode   : 6.61
DFA transitions in window   : 0->1: 240, 1->2: 226, 2->0: 195
epsilon (next episode)       : 0.09823
replay buffer                : 300000 samples [0: 34.9%, 1: 31.8%, 2: 33.3%]
DFA state visits in window   : 0: 32776, 1: 32835, 2: 32258
DFA state visits cumulative  : 0: 1309590, 1: 867735, 2: 774524
DFA state entries in window  : 0: 295, 1: 240, 2: 226
DFA state entries cumulative : 0: 9618, 1: 6804, 2: 4993
transitions cumulative       : 0->1: 6804, 1->2: 4993, 2->0: 3818
accepted directly from s0    : 0
Gym endings cumulative       : terminated=4716, truncated=333

[Episode 5900/8000 | last 100]
success rate                : 91.0% (cumulative 32.5%)
failure rate                : 0.0% (cumulative 0.0%)
completed cycles / episode  : 2.170
synthetic task reward       : 21700.000
shaping reward              : 2882.088
learning reward             : 24582.088
episode length              : 963.5
abstract changes / episode  : 80.3
same abstract-state steps   : 91.7%
same-state shaping / episode: 0.000
changed-state shaping / ep. : 2882.088
terminal shaping / episode  : 0.000
DFA transitions / episode   : 7.23
DFA transitions in window   : 0->1: 261, 1->2: 245, 2->0: 217
epsilon (next episode)       : 0.09438
replay buffer                : 300000 samples [0: 34.4%, 1: 32.8%, 2: 32.8%]
DFA state visits in window   : 0: 34713, 1: 31740, 2: 29994
DFA state visits cumulative  : 0: 1344303, 1: 899475, 2: 804518
DFA state entries in window  : 0: 317, 1: 261, 2: 245
DFA state entries cumulative : 0: 9935, 1: 7065, 2: 5238
transitions cumulative       : 0->1: 7065, 1->2: 5238, 2->0: 4035
accepted directly from s0    : 0
Gym endings cumulative       : terminated=4756, truncated=340

[Episode 6000/8000 | last 100]
success rate                : 91.0% (cumulative 33.5%)
failure rate                : 0.0% (cumulative 0.0%)
completed cycles / episode  : 2.470
synthetic task reward       : 24700.000
shaping reward              : 1533.792
learning reward             : 26233.792
episode length              : 962.5
abstract changes / episode  : 78.5
same abstract-state steps   : 91.8%
same-state shaping / episode: 0.000
changed-state shaping / ep. : 1533.792
terminal shaping / episode  : 0.980
DFA transitions / episode   : 7.77
DFA transitions in window   : 0->1: 269, 1->2: 261, 2->0: 247
epsilon (next episode)       : 0.09067
replay buffer                : 300000 samples [0: 34.8%, 1: 33.1%, 2: 32.2%]
DFA state visits in window   : 0: 34013, 1: 31839, 2: 30495
DFA state visits cumulative  : 0: 1378316, 1: 931314, 2: 835013
DFA state entries in window  : 0: 347, 1: 269, 2: 261
DFA state entries cumulative : 0: 10282, 1: 7334, 2: 5499
transitions cumulative       : 0->1: 7334, 1->2: 5499, 2->0: 4282
accepted directly from s0    : 0
Gym endings cumulative       : terminated=4781, truncated=344

Starting autonomous greedy evaluation at episode 6000 (1000 fixed-seed episodes)...
[Greedy evaluation at episode 6000 | 1000 fixed-seed episodes]
success=99.9%, failure=0.0%, task reward=29970.000, cycles=2.997, length=923.8
DFA transitions: 0->1: 2998, 1->2: 2998, 2->0: 2997
Best policy updated from autonomous greedy evaluation at episode 6000.

[Episode 6100/8000 | last 100]
success rate                : 91.0% (cumulative 34.4%)
failure rate                : 0.0% (cumulative 0.0%)
completed cycles / episode  : 2.340
synthetic task reward       : 23400.000
shaping reward              : 2585.699
learning reward             : 25985.699
episode length              : 974.7
abstract changes / episode  : 82.9
same abstract-state steps   : 91.5%
same-state shaping / episode: 0.000
changed-state shaping / ep. : 2585.699
terminal shaping / episode  : -9.459
DFA transitions / episode   : 7.63
DFA transitions in window   : 0->1: 269, 1->2: 260, 2->0: 234
epsilon (next episode)       : 0.08712
replay buffer                : 300000 samples [0: 36.0%, 1: 33.2%, 2: 30.8%]
DFA state visits in window   : 0: 35987, 1: 32666, 2: 28915
DFA state visits cumulative  : 0: 1414303, 1: 963980, 2: 863928
DFA state entries in window  : 0: 334, 1: 269, 2: 260
DFA state entries cumulative : 0: 10616, 1: 7603, 2: 5759
transitions cumulative       : 0->1: 7603, 1->2: 5759, 2->0: 4516
accepted directly from s0    : 0
Gym endings cumulative       : terminated=4811, truncated=350

[Episode 6200/8000 | last 100]
success rate                : 90.0% (cumulative 35.3%)
failure rate                : 0.0% (cumulative 0.0%)
completed cycles / episode  : 2.230
synthetic task reward       : 22300.000
shaping reward              : 2077.066
learning reward             : 24377.066
episode length              : 902.1
abstract changes / episode  : 78.1
same abstract-state steps   : 91.3%
same-state shaping / episode: 0.000
changed-state shaping / ep. : 2077.066
terminal shaping / episode  : -9.374
DFA transitions / episode   : 7.18
DFA transitions in window   : 0->1: 254, 1->2: 241, 2->0: 223
epsilon (next episode)       : 0.08370
replay buffer                : 300000 samples [0: 35.5%, 1: 33.3%, 2: 31.2%]
DFA state visits in window   : 0: 31640, 1: 30271, 2: 28397
DFA state visits cumulative  : 0: 1445943, 1: 994251, 2: 892325
DFA state entries in window  : 0: 323, 1: 254, 2: 241
DFA state entries cumulative : 0: 10939, 1: 7857, 2: 6000
transitions cumulative       : 0->1: 7857, 1->2: 6000, 2->0: 4739
accepted directly from s0    : 0
Gym endings cumulative       : terminated=4848, truncated=353

[Episode 6300/8000 | last 100]
success rate                : 88.0% (cumulative 36.2%)
failure rate                : 0.0% (cumulative 0.0%)
completed cycles / episode  : 2.010
synthetic task reward       : 20100.000
shaping reward              : 2291.222
learning reward             : 22391.222
episode length              : 997.8
abstract changes / episode  : 77.0
same abstract-state steps   : 92.3%
same-state shaping / episode: 0.000
changed-state shaping / ep. : 2291.222
terminal shaping / episode  : -17.562
DFA transitions / episode   : 6.63
DFA transitions in window   : 0->1: 239, 1->2: 223, 2->0: 201
epsilon (next episode)       : 0.08042
replay buffer                : 300000 samples [0: 35.3%, 1: 33.8%, 2: 31.0%]
DFA state visits in window   : 0: 34008, 1: 34800, 2: 31075
DFA state visits cumulative  : 0: 1479951, 1: 1029051, 2: 923400
DFA state entries in window  : 0: 301, 1: 239, 2: 223
DFA state entries cumulative : 0: 11240, 1: 8096, 2: 6223
transitions cumulative       : 0->1: 8096, 1->2: 6223, 2->0: 4940
accepted directly from s0    : 0
Gym endings cumulative       : terminated=4890, truncated=366

[Episode 6400/8000 | last 100]
success rate                : 69.0% (cumulative 36.7%)
failure rate                : 0.0% (cumulative 0.0%)
completed cycles / episode  : 1.410
synthetic task reward       : 14100.000
shaping reward              : 3424.070
learning reward             : 17524.070
episode length              : 895.2
abstract changes / episode  : 64.5
same abstract-state steps   : 92.8%
same-state shaping / episode: 0.000
changed-state shaping / ep. : 3424.070
terminal shaping / episode  : -8.469
DFA transitions / episode   : 5.15
DFA transitions in window   : 0->1: 200, 1->2: 174, 2->0: 141
epsilon (next episode)       : 0.07727
replay buffer                : 300000 samples [0: 34.3%, 1: 33.1%, 2: 32.6%]
DFA state visits in window   : 0: 30571, 1: 26436, 2: 32616
DFA state visits cumulative  : 0: 1510522, 1: 1055487, 2: 956016
DFA state entries in window  : 0: 241, 1: 200, 2: 174
DFA state entries cumulative : 0: 11481, 1: 8296, 2: 6397
transitions cumulative       : 0->1: 8296, 1->2: 6397, 2->0: 5081
accepted directly from s0    : 0
Gym endings cumulative       : terminated=4947, truncated=383

[Episode 6500/8000 | last 100]
success rate                : 93.0% (cumulative 37.6%)
failure rate                : 0.0% (cumulative 0.0%)
completed cycles / episode  : 2.260
synthetic task reward       : 22600.000
shaping reward              : 2103.612
learning reward             : 24703.612
episode length              : 972.9
abstract changes / episode  : 78.4
same abstract-state steps   : 91.9%
same-state shaping / episode: 0.000
changed-state shaping / ep. : 2103.612
terminal shaping / episode  : 0.000
DFA transitions / episode   : 7.28
DFA transitions in window   : 0->1: 258, 1->2: 244, 2->0: 226
epsilon (next episode)       : 0.07423
replay buffer                : 300000 samples [0: 34.2%, 1: 32.8%, 2: 33.0%]
DFA state visits in window   : 0: 33381, 1: 32362, 2: 31649
DFA state visits cumulative  : 0: 1543903, 1: 1087849, 2: 987665
DFA state entries in window  : 0: 326, 1: 258, 2: 244
DFA state entries cumulative : 0: 11807, 1: 8554, 2: 6641
transitions cumulative       : 0->1: 8554, 1->2: 6641, 2->0: 5307
accepted directly from s0    : 0
Gym endings cumulative       : terminated=4984, truncated=387

Starting autonomous greedy evaluation at episode 6500 (1000 fixed-seed episodes)...
[Greedy evaluation at episode 6500 | 1000 fixed-seed episodes]
success=98.6%, failure=0.0%, task reward=29510.000, cycles=2.951, length=1082.7
DFA transitions: 0->1: 2958, 1->2: 2958, 2->0: 2951

[Episode 6600/8000 | last 100]
success rate                : 86.0% (cumulative 38.3%)
failure rate                : 0.0% (cumulative 0.0%)
completed cycles / episode  : 1.930
synthetic task reward       : 19300.000
shaping reward              : 2314.358
learning reward             : 21614.358
episode length              : 940.2
abstract changes / episode  : 77.7
same abstract-state steps   : 91.7%
same-state shaping / episode: 0.000
changed-state shaping / ep. : 2314.358
terminal shaping / episode  : -26.629
DFA transitions / episode   : 6.38
DFA transitions in window   : 0->1: 232, 1->2: 213, 2->0: 193
epsilon (next episode)       : 0.07132
replay buffer                : 300000 samples [0: 35.0%, 1: 32.5%, 2: 32.5%]
DFA state visits in window   : 0: 34981, 1: 31806, 2: 27335
DFA state visits cumulative  : 0: 1578884, 1: 1119655, 2: 1015000
DFA state entries in window  : 0: 293, 1: 232, 2: 213
DFA state entries cumulative : 0: 12100, 1: 8786, 2: 6854
transitions cumulative       : 0->1: 8786, 1->2: 6854, 2->0: 5500
accepted directly from s0    : 0
Gym endings cumulative       : terminated=5033, truncated=392

[Episode 6700/8000 | last 100]
success rate                : 86.0% (cumulative 39.0%)
failure rate                : 0.0% (cumulative 0.0%)
completed cycles / episode  : 2.270
synthetic task reward       : 22700.000
shaping reward              : 2302.606
learning reward             : 25002.606
episode length              : 940.7
abstract changes / episode  : 79.0
same abstract-state steps   : 91.6%
same-state shaping / episode: 0.000
changed-state shaping / ep. : 2302.606
terminal shaping / episode  : 0.000
DFA transitions / episode   : 7.38
DFA transitions in window   : 0->1: 262, 1->2: 249, 2->0: 227
epsilon (next episode)       : 0.06853
replay buffer                : 300000 samples [0: 35.6%, 1: 34.5%, 2: 29.9%]
DFA state visits in window   : 0: 33288, 1: 35284, 2: 25600
DFA state visits cumulative  : 0: 1612172, 1: 1154939, 2: 1040600
DFA state entries in window  : 0: 327, 1: 262, 2: 249
DFA state entries cumulative : 0: 12427, 1: 9048, 2: 7103
transitions cumulative       : 0->1: 9048, 1->2: 7103, 2->0: 5727
accepted directly from s0    : 0
Gym endings cumulative       : terminated=5068, truncated=395

[Episode 6800/8000 | last 100]
success rate                : 89.0% (cumulative 39.7%)
failure rate                : 0.0% (cumulative 0.0%)
completed cycles / episode  : 2.250
synthetic task reward       : 22500.000
shaping reward              : 2026.476
learning reward             : 24526.476
episode length              : 967.7
abstract changes / episode  : 79.8
same abstract-state steps   : 91.8%
same-state shaping / episode: 0.000
changed-state shaping / ep. : 2026.476
terminal shaping / episode  : 0.000
DFA transitions / episode   : 7.25
DFA transitions in window   : 0->1: 254, 1->2: 246, 2->0: 225
epsilon (next episode)       : 0.06584
replay buffer                : 300000 samples [0: 36.3%, 1: 34.6%, 2: 29.1%]
DFA state visits in window   : 0: 36341, 1: 31258, 2: 29272
DFA state visits cumulative  : 0: 1648513, 1: 1186197, 2: 1069872
DFA state entries in window  : 0: 325, 1: 254, 2: 246
DFA state entries cumulative : 0: 12752, 1: 9302, 2: 7349
transitions cumulative       : 0->1: 9302, 1->2: 7349, 2->0: 5952
accepted directly from s0    : 0
Gym endings cumulative       : terminated=5101, truncated=400

[Episode 6900/8000 | last 100]
success rate                : 98.0% (cumulative 40.6%)
failure rate                : 0.0% (cumulative 0.0%)
completed cycles / episode  : 2.380
synthetic task reward       : 23800.000
shaping reward              : 2054.913
learning reward             : 25854.913
episode length              : 1005.2
abstract changes / episode  : 82.5
same abstract-state steps   : 91.8%
same-state shaping / episode: 0.000
changed-state shaping / ep. : 2054.913
terminal shaping / episode  : 0.000
DFA transitions / episode   : 7.60
DFA transitions in window   : 0->1: 267, 1->2: 255, 2->0: 238
epsilon (next episode)       : 0.06326
replay buffer                : 300000 samples [0: 36.8%, 1: 34.8%, 2: 28.5%]
DFA state visits in window   : 0: 37910, 1: 34609, 2: 28103
DFA state visits cumulative  : 0: 1686423, 1: 1220806, 2: 1097975
DFA state entries in window  : 0: 338, 1: 267, 2: 255
DFA state entries cumulative : 0: 13090, 1: 9569, 2: 7604
transitions cumulative       : 0->1: 9569, 1->2: 7604, 2->0: 6190
accepted directly from s0    : 0
Gym endings cumulative       : terminated=5134, truncated=403

[Episode 7000/8000 | last 100]
success rate                : 86.0% (cumulative 41.2%)
failure rate                : 0.0% (cumulative 0.0%)
completed cycles / episode  : 1.860
synthetic task reward       : 18600.000
shaping reward              : 2156.814
learning reward             : 20756.814
episode length              : 861.0
abstract changes / episode  : 71.7
same abstract-state steps   : 91.7%
same-state shaping / episode: 0.000
changed-state shaping / ep. : 2156.814
terminal shaping / episode  : -0.617
DFA transitions / episode   : 6.23
DFA transitions in window   : 0->1: 225, 1->2: 212, 2->0: 186
epsilon (next episode)       : 0.06078
replay buffer                : 300000 samples [0: 37.5%, 1: 33.5%, 2: 29.0%]
DFA state visits in window   : 0: 32971, 1: 28825, 2: 24404
DFA state visits cumulative  : 0: 1719394, 1: 1249631, 2: 1122379
DFA state entries in window  : 0: 286, 1: 225, 2: 212
DFA state entries cumulative : 0: 13376, 1: 9794, 2: 7816
transitions cumulative       : 0->1: 9794, 1->2: 7816, 2->0: 6376
accepted directly from s0    : 0
Gym endings cumulative       : terminated=5189, truncated=407

Starting autonomous greedy evaluation at episode 7000 (1000 fixed-seed episodes)...
[Greedy evaluation at episode 7000 | 1000 fixed-seed episodes]
success=97.7%, failure=0.0%, task reward=15020.000, cycles=1.502, length=984.2
DFA transitions: 0->1: 1983, 1->2: 1693, 2->0: 1502

[Episode 7100/8000 | last 100]
success rate                : 78.0% (cumulative 41.7%)
failure rate                : 0.0% (cumulative 0.0%)
completed cycles / episode  : 1.460
synthetic task reward       : 14600.000
shaping reward              : 1777.491
learning reward             : 16377.491
episode length              : 693.6
abstract changes / episode  : 58.0
same abstract-state steps   : 91.6%
same-state shaping / episode: 0.000
changed-state shaping / ep. : 1777.491
terminal shaping / episode  : -8.906
DFA transitions / episode   : 4.92
DFA transitions in window   : 0->1: 183, 1->2: 163, 2->0: 146
epsilon (next episode)       : 0.05839
replay buffer                : 300000 samples [0: 38.9%, 1: 33.4%, 2: 27.7%]
DFA state visits in window   : 0: 28425, 1: 23651, 2: 17383
DFA state visits cumulative  : 0: 1747819, 1: 1273282, 2: 1139762
DFA state entries in window  : 0: 246, 1: 183, 2: 163
DFA state entries cumulative : 0: 13622, 1: 9977, 2: 7979
transitions cumulative       : 0->1: 9977, 1->2: 7979, 2->0: 6522
accepted directly from s0    : 0
Gym endings cumulative       : terminated=5260, truncated=411

[Episode 7200/8000 | last 100]
success rate                : 86.0% (cumulative 42.4%)
failure rate                : 0.0% (cumulative 0.0%)
completed cycles / episode  : 1.750
synthetic task reward       : 17500.000
shaping reward              : 3791.598
learning reward             : 21291.598
episode length              : 907.9
abstract changes / episode  : 72.5
same abstract-state steps   : 92.0%
same-state shaping / episode: 0.000
changed-state shaping / ep. : 3791.598
terminal shaping / episode  : 0.000
DFA transitions / episode   : 6.22
DFA transitions in window   : 0->1: 233, 1->2: 214, 2->0: 175
epsilon (next episode)       : 0.05610
replay buffer                : 300000 samples [0: 39.2%, 1: 34.3%, 2: 26.4%]
DFA state visits in window   : 0: 37005, 1: 31792, 2: 22097
DFA state visits cumulative  : 0: 1784824, 1: 1305074, 2: 1161859
DFA state entries in window  : 0: 275, 1: 233, 2: 214
DFA state entries cumulative : 0: 13897, 1: 10210, 2: 8193
transitions cumulative       : 0->1: 10210, 1->2: 8193, 2->0: 6697
accepted directly from s0    : 0
Gym endings cumulative       : terminated=5320, truncated=419

[Episode 7300/8000 | last 100]
success rate                : 93.0% (cumulative 43.1%)
failure rate                : 0.0% (cumulative 0.0%)
completed cycles / episode  : 1.890
synthetic task reward       : 18900.000
shaping reward              : 3270.941
learning reward             : 22170.941
episode length              : 914.8
abstract changes / episode  : 69.5
same abstract-state steps   : 92.4%
same-state shaping / episode: 0.000
changed-state shaping / ep. : 3270.941
terminal shaping / episode  : 0.000
DFA transitions / episode   : 6.51
DFA transitions in window   : 0->1: 238, 1->2: 224, 2->0: 189
epsilon (next episode)       : 0.05390
replay buffer                : 300000 samples [0: 39.3%, 1: 34.1%, 2: 26.6%]
DFA state visits in window   : 0: 32593, 1: 31345, 2: 27642
DFA state visits cumulative  : 0: 1817417, 1: 1336419, 2: 1189501
DFA state entries in window  : 0: 289, 1: 238, 2: 224
DFA state entries cumulative : 0: 14186, 1: 10448, 2: 8417
transitions cumulative       : 0->1: 10448, 1->2: 8417, 2->0: 6886
accepted directly from s0    : 0
Gym endings cumulative       : terminated=5379, truncated=425

[Episode 7400/8000 | last 100]
success rate                : 85.0% (cumulative 43.6%)
failure rate                : 0.0% (cumulative 0.0%)
completed cycles / episode  : 2.200
synthetic task reward       : 22000.000
shaping reward              : 2019.727
learning reward             : 24019.727
episode length              : 959.6
abstract changes / episode  : 69.9
same abstract-state steps   : 92.7%
same-state shaping / episode: 0.000
changed-state shaping / ep. : 2019.727
terminal shaping / episode  : 0.000
DFA transitions / episode   : 7.11
DFA transitions in window   : 0->1: 251, 1->2: 240, 2->0: 220
epsilon (next episode)       : 0.05179
replay buffer                : 300000 samples [0: 38.0%, 1: 34.3%, 2: 27.7%]
DFA state visits in window   : 0: 34094, 1: 32756, 2: 29209
DFA state visits cumulative  : 0: 1851511, 1: 1369175, 2: 1218710
DFA state entries in window  : 0: 320, 1: 251, 2: 240
DFA state entries cumulative : 0: 14506, 1: 10699, 2: 8657
transitions cumulative       : 0->1: 10699, 1->2: 8657, 2->0: 7106
accepted directly from s0    : 0
Gym endings cumulative       : terminated=5417, truncated=425

[Episode 7500/8000 | last 100]
success rate                : 73.0% (cumulative 44.0%)
failure rate                : 0.0% (cumulative 0.0%)
completed cycles / episode  : 1.700
synthetic task reward       : 17000.000
shaping reward              : 3790.031
learning reward             : 20790.031
episode length              : 899.8
abstract changes / episode  : 63.9
same abstract-state steps   : 92.9%
same-state shaping / episode: 0.000
changed-state shaping / ep. : 3790.031
terminal shaping / episode  : -8.995
DFA transitions / episode   : 6.09
DFA transitions in window   : 0->1: 228, 1->2: 211, 2->0: 170
epsilon (next episode)       : 0.04976
replay buffer                : 300000 samples [0: 33.9%, 1: 34.2%, 2: 31.9%]
DFA state visits in window   : 0: 26489, 1: 30707, 2: 32879
DFA state visits cumulative  : 0: 1878000, 1: 1399882, 2: 1251589
DFA state entries in window  : 0: 270, 1: 228, 2: 211
DFA state entries cumulative : 0: 14776, 1: 10927, 2: 8868
transitions cumulative       : 0->1: 10927, 1->2: 8868, 2->0: 7276
accepted directly from s0    : 0
Gym endings cumulative       : terminated=5472, truncated=434

Starting autonomous greedy evaluation at episode 7500 (1000 fixed-seed episodes)...
[Greedy evaluation at episode 7500 | 1000 fixed-seed episodes]
success=35.6%, failure=0.0%, task reward=4640.000, cycles=0.464, length=369.1
DFA transitions: 0->1: 1241, 1->2: 1038, 2->0: 464

[Episode 7600/8000 | last 100]
success rate                : 82.0% (cumulative 44.5%)
failure rate                : 0.0% (cumulative 0.0%)
completed cycles / episode  : 1.830
synthetic task reward       : 18300.000
shaping reward              : 3418.975
learning reward             : 21718.975
episode length              : 895.6
abstract changes / episode  : 65.7
same abstract-state steps   : 92.7%
same-state shaping / episode: 0.000
changed-state shaping / ep. : 3418.975
terminal shaping / episode  : 0.000
DFA transitions / episode   : 6.34
DFA transitions in window   : 0->1: 235, 1->2: 216, 2->0: 183
epsilon (next episode)       : 0.04781
replay buffer                : 300000 samples [0: 33.6%, 1: 34.0%, 2: 32.5%]
DFA state visits in window   : 0: 31412, 1: 30824, 2: 27423
DFA state visits cumulative  : 0: 1909412, 1: 1430706, 2: 1279012
DFA state entries in window  : 0: 283, 1: 235, 2: 216
DFA state entries cumulative : 0: 15059, 1: 11162, 2: 9084
transitions cumulative       : 0->1: 11162, 1->2: 9084, 2->0: 7459
accepted directly from s0    : 0
Gym endings cumulative       : terminated=5525, truncated=442

[Episode 7700/8000 | last 100]
success rate                : 77.0% (cumulative 44.9%)
failure rate                : 0.0% (cumulative 0.0%)
completed cycles / episode  : 1.570
synthetic task reward       : 15700.000
shaping reward              : 3022.975
learning reward             : 18722.975
episode length              : 831.9
abstract changes / episode  : 63.9
same abstract-state steps   : 92.3%
same-state shaping / episode: 0.000
changed-state shaping / ep. : 3022.975
terminal shaping / episode  : -17.843
DFA transitions / episode   : 5.54
DFA transitions in window   : 0->1: 204, 1->2: 193, 2->0: 157
epsilon (next episode)       : 0.04593
replay buffer                : 300000 samples [0: 35.2%, 1: 32.8%, 2: 32.0%]
DFA state visits in window   : 0: 34514, 1: 24391, 2: 24382
DFA state visits cumulative  : 0: 1943926, 1: 1455097, 2: 1303394
DFA state entries in window  : 0: 257, 1: 204, 2: 193
DFA state entries cumulative : 0: 15316, 1: 11366, 2: 9277
transitions cumulative       : 0->1: 11366, 1->2: 9277, 2->0: 7616
accepted directly from s0    : 0
Gym endings cumulative       : terminated=5586, truncated=452

[Episode 7800/8000 | last 100]
success rate                : 95.0% (cumulative 45.6%)
failure rate                : 0.0% (cumulative 0.0%)
completed cycles / episode  : 2.480
synthetic task reward       : 24800.000
shaping reward              : 1916.327
learning reward             : 26716.327
episode length              : 980.6
abstract changes / episode  : 74.3
same abstract-state steps   : 92.4%
same-state shaping / episode: 0.000
changed-state shaping / ep. : 1916.327
terminal shaping / episode  : 0.000
DFA transitions / episode   : 7.86
DFA transitions in window   : 0->1: 273, 1->2: 265, 2->0: 248
epsilon (next episode)       : 0.04413
replay buffer                : 300000 samples [0: 35.4%, 1: 33.4%, 2: 31.2%]
DFA state visits in window   : 0: 32722, 1: 34340, 2: 31096
DFA state visits cumulative  : 0: 1976648, 1: 1489437, 2: 1334490
DFA state entries in window  : 0: 348, 1: 273, 2: 265
DFA state entries cumulative : 0: 15664, 1: 11639, 2: 9542
transitions cumulative       : 0->1: 11639, 1->2: 9542, 2->0: 7864
accepted directly from s0    : 0
Gym endings cumulative       : terminated=5612, truncated=456

[Episode 7900/8000 | last 100]
success rate                : 92.0% (cumulative 46.2%)
failure rate                : 0.0% (cumulative 0.0%)
completed cycles / episode  : 1.980
synthetic task reward       : 19800.000
shaping reward              : 3334.172
learning reward             : 23134.172
episode length              : 923.5
abstract changes / episode  : 72.6
same abstract-state steps   : 92.1%
same-state shaping / episode: 0.000
changed-state shaping / ep. : 3334.172
terminal shaping / episode  : 29.103
DFA transitions / episode   : 6.79
DFA transitions in window   : 0->1: 252, 1->2: 229, 2->0: 198
epsilon (next episode)       : 0.04240
replay buffer                : 300000 samples [0: 36.0%, 1: 33.5%, 2: 30.5%]
DFA state visits in window   : 0: 31964, 1: 32622, 2: 27867
DFA state visits cumulative  : 0: 2008612, 1: 1522059, 2: 1362357
DFA state entries in window  : 0: 298, 1: 252, 2: 229
DFA state entries cumulative : 0: 15962, 1: 11891, 2: 9771
transitions cumulative       : 0->1: 11891, 1->2: 9771, 2->0: 8062
accepted directly from s0    : 0
Gym endings cumulative       : terminated=5666, truncated=463

[Episode 8000/8000 | last 100]
success rate                : 93.0% (cumulative 46.8%)
failure rate                : 0.0% (cumulative 0.0%)
completed cycles / episode  : 2.270
synthetic task reward       : 22700.000
shaping reward              : 2770.689
learning reward             : 25470.689
episode length              : 1080.9
abstract changes / episode  : 81.6
same abstract-state steps   : 92.5%
same-state shaping / episode: 0.000
changed-state shaping / ep. : 2770.689
terminal shaping / episode  : 0.000
DFA transitions / episode   : 7.47
DFA transitions in window   : 0->1: 267, 1->2: 253, 2->0: 227
epsilon (next episode)       : 0.04074
replay buffer                : 300000 samples [0: 35.0%, 1: 33.8%, 2: 31.2%]
DFA state visits in window   : 0: 40157, 1: 33745, 2: 34292
DFA state visits cumulative  : 0: 2048769, 1: 1555804, 2: 1396649
DFA state entries in window  : 0: 327, 1: 267, 2: 253
DFA state entries cumulative : 0: 16289, 1: 12158, 2: 10024
transitions cumulative       : 0->1: 12158, 1->2: 10024, 2->0: 8289
accepted directly from s0    : 0
Gym endings cumulative       : terminated=5698, truncated=475

Starting autonomous greedy evaluation at episode 8000 (1000 fixed-seed episodes)...
[Greedy evaluation at episode 8000 | 1000 fixed-seed episodes]
success=78.5%, failure=0.0%, task reward=14960.000, cycles=1.496, length=1200.1
DFA transitions: 0->1: 2372, 1->2: 2338, 2->0: 1496
Last policy saved after episode 8000. Best greedy evaluation: episode 6000, mean task reward=29970.000
