
=== NEW RUN ===
episodes=8000, shaping=True, goal_reward=10000.0, gamma=0.99
gamma_shaping=1.0, shaping_formula=gamma_shaping*Phi(next)-Phi(state)
eval_interval=1000, eval_episodes=1000, eval_seed=100000
inter_level_shaping=False, inter_level_formula=gamma*Phi(next)-Phi(state)
task_type=ltlf, task=F(wp1 & X(F(wp2 & X(F(g1)))))
regions={wp1: {'center': [-0.75, 1.0625], 'radius': 0.1}, wp2: {'center': [0, 0.1525], 'radius': 0.1}, g1: {'center': [0.75, 1.0625], 'radius': 0.1}}
dfa_states=[1, 2, 3, 4], pre_trace=1, accepting=[4], failure=[]

[Episode 1/8000 | last 1]
success rate                : 0.0% (cumulative 0.0%)
failure rate                : 0.0% (cumulative 0.0%)
completed cycles / episode  : 0.000
synthetic task reward       : 0.000
shaping reward              : -796.585
learning reward             : -796.585
episode length              : 103.0
abstract changes / episode  : 50.0
DFA transitions / episode   : 0.00
DFA transitions in window   : none
epsilon (next episode)       : 0.99960
replay buffer                : 103 samples [1: 100.0%, 2: 0.0%, 3: 0.0%, 4: 0.0%]
DFA state visits in window   : 1: 104, 2: 0, 3: 0, 4: 0
DFA state visits cumulative  : 1: 104, 2: 0, 3: 0, 4: 0
DFA state entries in window  : 1: 1, 2: 0, 3: 0, 4: 0
DFA state entries cumulative : 1: 1, 2: 0, 3: 0, 4: 0
transitions cumulative       : none
accepted directly from s0    : 0
Gym endings cumulative       : terminated=1, truncated=0

[Episode 100/8000 | last 100]
success rate                : 0.0% (cumulative 0.0%)
failure rate                : 0.0% (cumulative 0.0%)
completed cycles / episode  : 0.000
synthetic task reward       : 0.000
shaping reward              : -620.255
learning reward             : -620.255
episode length              : 92.4
abstract changes / episode  : 49.1
DFA transitions / episode   : 0.02
DFA transitions in window   : 1->2: 2
epsilon (next episode)       : 0.96078
replay buffer                : 9238 samples [1: 99.4%, 2: 0.6%, 3: 0.0%, 4: 0.0%]
DFA state visits in window   : 1: 9285, 2: 53, 3: 0, 4: 0
DFA state visits cumulative  : 1: 9285, 2: 53, 3: 0, 4: 0
DFA state entries in window  : 1: 100, 2: 2, 3: 0, 4: 0
DFA state entries cumulative : 1: 100, 2: 2, 3: 0, 4: 0
transitions cumulative       : 1->2: 2
accepted directly from s0    : 0
Gym endings cumulative       : terminated=100, truncated=0

[Episode 200/8000 | last 100]
success rate                : 0.0% (cumulative 0.0%)
failure rate                : 0.0% (cumulative 0.0%)
completed cycles / episode  : 0.000
synthetic task reward       : 0.000
shaping reward              : -572.253
learning reward             : -572.253
episode length              : 95.0
abstract changes / episode  : 48.5
DFA transitions / episode   : 0.04
DFA transitions in window   : 1->2: 4
epsilon (next episode)       : 0.92310
replay buffer                : 18742 samples [1: 99.3%, 2: 0.7%, 3: 0.0%, 4: 0.0%]
DFA state visits in window   : 1: 9529, 2: 75, 3: 0, 4: 0
DFA state visits cumulative  : 1: 18814, 2: 128, 3: 0, 4: 0
DFA state entries in window  : 1: 100, 2: 4, 3: 0, 4: 0
DFA state entries cumulative : 1: 200, 2: 6, 3: 0, 4: 0
transitions cumulative       : 1->2: 6
accepted directly from s0    : 0
Gym endings cumulative       : terminated=200, truncated=0

[Episode 300/8000 | last 100]
success rate                : 0.0% (cumulative 0.0%)
failure rate                : 0.0% (cumulative 0.0%)
completed cycles / episode  : 0.000
synthetic task reward       : 0.000
shaping reward              : -552.074
learning reward             : -552.074
episode length              : 98.8
abstract changes / episode  : 49.5
DFA transitions / episode   : 0.04
DFA transitions in window   : 1->2: 4
epsilon (next episode)       : 0.88690
replay buffer                : 28620 samples [1: 99.3%, 2: 0.7%, 3: 0.0%, 4: 0.0%]
DFA state visits in window   : 1: 9889, 2: 89, 3: 0, 4: 0
DFA state visits cumulative  : 1: 28703, 2: 217, 3: 0, 4: 0
DFA state entries in window  : 1: 100, 2: 4, 3: 0, 4: 0
DFA state entries cumulative : 1: 300, 2: 10, 3: 0, 4: 0
transitions cumulative       : 1->2: 10
accepted directly from s0    : 0
Gym endings cumulative       : terminated=300, truncated=0

[Episode 400/8000 | last 100]
success rate                : 0.0% (cumulative 0.0%)
failure rate                : 0.0% (cumulative 0.0%)
completed cycles / episode  : 0.000
synthetic task reward       : 0.000
shaping reward              : -607.213
learning reward             : -607.213
episode length              : 102.2
abstract changes / episode  : 50.4
DFA transitions / episode   : 0.01
DFA transitions in window   : 1->2: 1
epsilon (next episode)       : 0.85212
replay buffer                : 38835 samples [1: 99.4%, 2: 0.6%, 3: 0.0%, 4: 0.0%]
DFA state visits in window   : 1: 10292, 2: 23, 3: 0, 4: 0
DFA state visits cumulative  : 1: 38995, 2: 240, 3: 0, 4: 0
DFA state entries in window  : 1: 100, 2: 1, 3: 0, 4: 0
DFA state entries cumulative : 1: 400, 2: 11, 3: 0, 4: 0
transitions cumulative       : 1->2: 11
accepted directly from s0    : 0
Gym endings cumulative       : terminated=400, truncated=0

[Episode 500/8000 | last 100]
success rate                : 0.0% (cumulative 0.0%)
failure rate                : 0.0% (cumulative 0.0%)
completed cycles / episode  : 0.000
synthetic task reward       : 0.000
shaping reward              : -607.860
learning reward             : -607.860
episode length              : 107.2
abstract changes / episode  : 50.9
DFA transitions / episode   : 0.01
DFA transitions in window   : 1->2: 1
epsilon (next episode)       : 0.81870
replay buffer                : 49559 samples [1: 99.5%, 2: 0.5%, 3: 0.0%, 4: 0.0%]
DFA state visits in window   : 1: 10788, 2: 36, 3: 0, 4: 0
DFA state visits cumulative  : 1: 49783, 2: 276, 3: 0, 4: 0
DFA state entries in window  : 1: 100, 2: 1, 3: 0, 4: 0
DFA state entries cumulative : 1: 500, 2: 12, 3: 0, 4: 0
transitions cumulative       : 1->2: 12
accepted directly from s0    : 0
Gym endings cumulative       : terminated=500, truncated=0

[Episode 600/8000 | last 100]
success rate                : 0.0% (cumulative 0.0%)
failure rate                : 0.0% (cumulative 0.0%)
completed cycles / episode  : 0.000
synthetic task reward       : 0.000
shaping reward              : -565.793
learning reward             : -565.793
episode length              : 107.1
abstract changes / episode  : 51.2
DFA transitions / episode   : 0.01
DFA transitions in window   : 1->2: 1
epsilon (next episode)       : 0.78659
replay buffer                : 60269 samples [1: 99.5%, 2: 0.5%, 3: 0.0%, 4: 0.0%]
DFA state visits in window   : 1: 10772, 2: 38, 3: 0, 4: 0
DFA state visits cumulative  : 1: 60555, 2: 314, 3: 0, 4: 0
DFA state entries in window  : 1: 100, 2: 1, 3: 0, 4: 0
DFA state entries cumulative : 1: 600, 2: 13, 3: 0, 4: 0
transitions cumulative       : 1->2: 13
accepted directly from s0    : 0
Gym endings cumulative       : terminated=600, truncated=0

[Episode 700/8000 | last 100]
success rate                : 0.0% (cumulative 0.0%)
failure rate                : 0.0% (cumulative 0.0%)
completed cycles / episode  : 0.000
synthetic task reward       : 0.000
shaping reward              : -584.592
learning reward             : -584.592
episode length              : 106.8
abstract changes / episode  : 51.1
DFA transitions / episode   : 0.02
DFA transitions in window   : 1->2: 2
epsilon (next episode)       : 0.75574
replay buffer                : 70953 samples [1: 99.5%, 2: 0.5%, 3: 0.0%, 4: 0.0%]
DFA state visits in window   : 1: 10727, 2: 57, 3: 0, 4: 0
DFA state visits cumulative  : 1: 71282, 2: 371, 3: 0, 4: 0
DFA state entries in window  : 1: 100, 2: 2, 3: 0, 4: 0
DFA state entries cumulative : 1: 700, 2: 15, 3: 0, 4: 0
transitions cumulative       : 1->2: 15
accepted directly from s0    : 0
Gym endings cumulative       : terminated=700, truncated=0

[Episode 800/8000 | last 100]
success rate                : 0.0% (cumulative 0.0%)
failure rate                : 0.0% (cumulative 0.0%)
completed cycles / episode  : 0.000
synthetic task reward       : 0.000
shaping reward              : -528.527
learning reward             : -528.527
episode length              : 113.5
abstract changes / episode  : 51.0
DFA transitions / episode   : 0.01
DFA transitions in window   : 1->2: 1
epsilon (next episode)       : 0.72610
replay buffer                : 82304 samples [1: 99.5%, 2: 0.5%, 3: 0.0%, 4: 0.0%]
DFA state visits in window   : 1: 11428, 2: 23, 3: 0, 4: 0
DFA state visits cumulative  : 1: 82710, 2: 394, 3: 0, 4: 0
DFA state entries in window  : 1: 100, 2: 1, 3: 0, 4: 0
DFA state entries cumulative : 1: 800, 2: 16, 3: 0, 4: 0
transitions cumulative       : 1->2: 16
accepted directly from s0    : 0
Gym endings cumulative       : terminated=800, truncated=0

[Episode 900/8000 | last 100]
success rate                : 0.0% (cumulative 0.0%)
failure rate                : 0.0% (cumulative 0.0%)
completed cycles / episode  : 0.000
synthetic task reward       : 0.000
shaping reward              : -466.594
learning reward             : -466.594
episode length              : 105.7
abstract changes / episode  : 49.8
DFA transitions / episode   : 0.00
DFA transitions in window   : none
epsilon (next episode)       : 0.69763
replay buffer                : 92874 samples [1: 99.6%, 2: 0.4%, 3: 0.0%, 4: 0.0%]
DFA state visits in window   : 1: 10670, 2: 0, 3: 0, 4: 0
DFA state visits cumulative  : 1: 93380, 2: 394, 3: 0, 4: 0
DFA state entries in window  : 1: 100, 2: 0, 3: 0, 4: 0
DFA state entries cumulative : 1: 900, 2: 16, 3: 0, 4: 0
transitions cumulative       : 1->2: 16
accepted directly from s0    : 0
Gym endings cumulative       : terminated=900, truncated=0

[Episode 1000/8000 | last 100]
success rate                : 0.0% (cumulative 0.0%)
failure rate                : 0.0% (cumulative 0.0%)
completed cycles / episode  : 0.000
synthetic task reward       : 0.000
shaping reward              : -480.446
learning reward             : -480.446
episode length              : 117.2
abstract changes / episode  : 51.3
DFA transitions / episode   : 0.01
DFA transitions in window   : 1->2: 1
epsilon (next episode)       : 0.67027
replay buffer                : 104592 samples [1: 99.6%, 2: 0.4%, 3: 0.0%, 4: 0.0%]
DFA state visits in window   : 1: 11785, 2: 33, 3: 0, 4: 0
DFA state visits cumulative  : 1: 105165, 2: 427, 3: 0, 4: 0
DFA state entries in window  : 1: 100, 2: 1, 3: 0, 4: 0
DFA state entries cumulative : 1: 1000, 2: 17, 3: 0, 4: 0
transitions cumulative       : 1->2: 17
accepted directly from s0    : 0
Gym endings cumulative       : terminated=1000, truncated=0

Starting autonomous greedy evaluation at episode 1000 (1000 fixed-seed episodes)...
[Greedy evaluation at episode 1000 | 1000 fixed-seed episodes]
success=0.0%, failure=0.0%, task reward=0.000, length=150.0
DFA transitions: 1->2: 864
Best policy updated from autonomous greedy evaluation at episode 1000.

[Episode 1100/8000 | last 100]
success rate                : 0.0% (cumulative 0.0%)
failure rate                : 0.0% (cumulative 0.0%)
completed cycles / episode  : 0.000
synthetic task reward       : 0.000
shaping reward              : -428.162
learning reward             : -428.162
episode length              : 120.5
abstract changes / episode  : 51.6
DFA transitions / episode   : 0.03
DFA transitions in window   : 1->2: 3
epsilon (next episode)       : 0.64398
replay buffer                : 116644 samples [1: 99.6%, 2: 0.4%, 3: 0.0%, 4: 0.0%]
DFA state visits in window   : 1: 12061, 2: 91, 3: 0, 4: 0
DFA state visits cumulative  : 1: 117226, 2: 518, 3: 0, 4: 0
DFA state entries in window  : 1: 100, 2: 3, 3: 0, 4: 0
DFA state entries cumulative : 1: 1100, 2: 20, 3: 0, 4: 0
transitions cumulative       : 1->2: 20
accepted directly from s0    : 0
Gym endings cumulative       : terminated=1100, truncated=0

[Episode 1200/8000 | last 100]
success rate                : 0.0% (cumulative 0.0%)
failure rate                : 0.0% (cumulative 0.0%)
completed cycles / episode  : 0.000
synthetic task reward       : 0.000
shaping reward              : -383.329
learning reward             : -383.329
episode length              : 113.1
abstract changes / episode  : 50.1
DFA transitions / episode   : 0.02
DFA transitions in window   : 1->2: 2
epsilon (next episode)       : 0.61872
replay buffer                : 127954 samples [1: 99.6%, 2: 0.4%, 3: 0.0%, 4: 0.0%]
DFA state visits in window   : 1: 11345, 2: 65, 3: 0, 4: 0
DFA state visits cumulative  : 1: 128571, 2: 583, 3: 0, 4: 0
DFA state entries in window  : 1: 100, 2: 2, 3: 0, 4: 0
DFA state entries cumulative : 1: 1200, 2: 22, 3: 0, 4: 0
transitions cumulative       : 1->2: 22
accepted directly from s0    : 0
Gym endings cumulative       : terminated=1200, truncated=0

[Episode 1300/8000 | last 100]
success rate                : 0.0% (cumulative 0.0%)
failure rate                : 0.0% (cumulative 0.0%)
completed cycles / episode  : 0.000
synthetic task reward       : 0.000
shaping reward              : -351.978
learning reward             : -351.978
episode length              : 121.9
abstract changes / episode  : 50.5
DFA transitions / episode   : 0.00
DFA transitions in window   : none
epsilon (next episode)       : 0.59446
replay buffer                : 140148 samples [1: 99.6%, 2: 0.4%, 3: 0.0%, 4: 0.0%]
DFA state visits in window   : 1: 12294, 2: 0, 3: 0, 4: 0
DFA state visits cumulative  : 1: 140865, 2: 583, 3: 0, 4: 0
DFA state entries in window  : 1: 100, 2: 0, 3: 0, 4: 0
DFA state entries cumulative : 1: 1300, 2: 22, 3: 0, 4: 0
transitions cumulative       : 1->2: 22
accepted directly from s0    : 0
Gym endings cumulative       : terminated=1300, truncated=0

[Episode 1400/8000 | last 100]
success rate                : 0.0% (cumulative 0.0%)
failure rate                : 0.0% (cumulative 0.0%)
completed cycles / episode  : 0.000
synthetic task reward       : 0.000
shaping reward              : -338.701
learning reward             : -338.701
episode length              : 128.8
abstract changes / episode  : 51.9
DFA transitions / episode   : 0.00
DFA transitions in window   : none
epsilon (next episode)       : 0.57115
replay buffer                : 153029 samples [1: 99.6%, 2: 0.4%, 3: 0.0%, 4: 0.0%]
DFA state visits in window   : 1: 12981, 2: 0, 3: 0, 4: 0
DFA state visits cumulative  : 1: 153846, 2: 583, 3: 0, 4: 0
DFA state entries in window  : 1: 100, 2: 0, 3: 0, 4: 0
DFA state entries cumulative : 1: 1400, 2: 22, 3: 0, 4: 0
transitions cumulative       : 1->2: 22
accepted directly from s0    : 0
Gym endings cumulative       : terminated=1400, truncated=0

[Episode 1500/8000 | last 100]
success rate                : 0.0% (cumulative 0.0%)
failure rate                : 0.0% (cumulative 0.0%)
completed cycles / episode  : 0.000
synthetic task reward       : 0.000
shaping reward              : -309.929
learning reward             : -309.929
episode length              : 141.4
abstract changes / episode  : 53.1
DFA transitions / episode   : 0.02
DFA transitions in window   : 1->2: 2
epsilon (next episode)       : 0.54875
replay buffer                : 167169 samples [1: 99.6%, 2: 0.4%, 3: 0.0%, 4: 0.0%]
DFA state visits in window   : 1: 14174, 2: 66, 3: 0, 4: 0
DFA state visits cumulative  : 1: 168020, 2: 649, 3: 0, 4: 0
DFA state entries in window  : 1: 100, 2: 2, 3: 0, 4: 0
DFA state entries cumulative : 1: 1500, 2: 24, 3: 0, 4: 0
transitions cumulative       : 1->2: 24
accepted directly from s0    : 0
Gym endings cumulative       : terminated=1500, truncated=0

[Episode 1600/8000 | last 100]
success rate                : 0.0% (cumulative 0.0%)
failure rate                : 0.0% (cumulative 0.0%)
completed cycles / episode  : 0.000
synthetic task reward       : 0.000
shaping reward              : -360.499
learning reward             : -360.499
episode length              : 154.5
abstract changes / episode  : 53.9
DFA transitions / episode   : 0.01
DFA transitions in window   : 1->2: 1
epsilon (next episode)       : 0.52722
replay buffer                : 182618 samples [1: 99.6%, 2: 0.4%, 3: 0.0%, 4: 0.0%]
DFA state visits in window   : 1: 15517, 2: 32, 3: 0, 4: 0
DFA state visits cumulative  : 1: 183537, 2: 681, 3: 0, 4: 0
DFA state entries in window  : 1: 100, 2: 1, 3: 0, 4: 0
DFA state entries cumulative : 1: 1600, 2: 25, 3: 0, 4: 0
transitions cumulative       : 1->2: 25
accepted directly from s0    : 0
Gym endings cumulative       : terminated=1600, truncated=0

[Episode 1700/8000 | last 100]
success rate                : 0.0% (cumulative 0.0%)
failure rate                : 0.0% (cumulative 0.0%)
completed cycles / episode  : 0.000
synthetic task reward       : 0.000
shaping reward              : -290.358
learning reward             : -290.358
episode length              : 145.5
abstract changes / episode  : 54.2
DFA transitions / episode   : 0.06
DFA transitions in window   : 1->2: 6
epsilon (next episode)       : 0.50655
replay buffer                : 197167 samples [1: 99.6%, 2: 0.4%, 3: 0.0%, 4: 0.0%]
DFA state visits in window   : 1: 14551, 2: 98, 3: 0, 4: 0
DFA state visits cumulative  : 1: 198088, 2: 779, 3: 0, 4: 0
DFA state entries in window  : 1: 100, 2: 6, 3: 0, 4: 0
DFA state entries cumulative : 1: 1700, 2: 31, 3: 0, 4: 0
transitions cumulative       : 1->2: 31
accepted directly from s0    : 0
Gym endings cumulative       : terminated=1700, truncated=0

[Episode 1800/8000 | last 100]
success rate                : 0.0% (cumulative 0.0%)
failure rate                : 0.0% (cumulative 0.0%)
completed cycles / episode  : 0.000
synthetic task reward       : 0.000
shaping reward              : -413.988
learning reward             : -413.988
episode length              : 147.4
abstract changes / episode  : 55.6
DFA transitions / episode   : 0.04
DFA transitions in window   : 1->2: 4
epsilon (next episode)       : 0.48668
replay buffer                : 211910 samples [1: 99.6%, 2: 0.4%, 3: 0.0%, 4: 0.0%]
DFA state visits in window   : 1: 14754, 2: 89, 3: 0, 4: 0
DFA state visits cumulative  : 1: 212842, 2: 868, 3: 0, 4: 0
DFA state entries in window  : 1: 100, 2: 4, 3: 0, 4: 0
DFA state entries cumulative : 1: 1800, 2: 35, 3: 0, 4: 0
transitions cumulative       : 1->2: 35
accepted directly from s0    : 0
Gym endings cumulative       : terminated=1800, truncated=0

[Episode 1900/8000 | last 100]
success rate                : 0.0% (cumulative 0.0%)
failure rate                : 0.0% (cumulative 0.0%)
completed cycles / episode  : 0.000
synthetic task reward       : 0.000
shaping reward              : -229.918
learning reward             : -229.918
episode length              : 152.4
abstract changes / episode  : 55.5
DFA transitions / episode   : 0.07
DFA transitions in window   : 1->2: 7
epsilon (next episode)       : 0.46760
replay buffer                : 227152 samples [1: 99.5%, 2: 0.5%, 3: 0.0%, 4: 0.0%]
DFA state visits in window   : 1: 15014, 2: 328, 3: 0, 4: 0
DFA state visits cumulative  : 1: 227856, 2: 1196, 3: 0, 4: 0
DFA state entries in window  : 1: 100, 2: 7, 3: 0, 4: 0
DFA state entries cumulative : 1: 1900, 2: 42, 3: 0, 4: 0
transitions cumulative       : 1->2: 42
accepted directly from s0    : 0
Gym endings cumulative       : terminated=1900, truncated=0

[Episode 2000/8000 | last 100]
success rate                : 0.0% (cumulative 0.0%)
failure rate                : 0.0% (cumulative 0.0%)
completed cycles / episode  : 0.000
synthetic task reward       : 0.000
shaping reward              : -225.118
learning reward             : -225.118
episode length              : 166.2
abstract changes / episode  : 56.7
DFA transitions / episode   : 0.08
DFA transitions in window   : 1->2: 8
epsilon (next episode)       : 0.44926
replay buffer                : 243776 samples [1: 99.5%, 2: 0.5%, 3: 0.0%, 4: 0.0%]
DFA state visits in window   : 1: 16591, 2: 133, 3: 0, 4: 0
DFA state visits cumulative  : 1: 244447, 2: 1329, 3: 0, 4: 0
DFA state entries in window  : 1: 100, 2: 8, 3: 0, 4: 0
DFA state entries cumulative : 1: 2000, 2: 50, 3: 0, 4: 0
transitions cumulative       : 1->2: 50
accepted directly from s0    : 0
Gym endings cumulative       : terminated=2000, truncated=0

Starting autonomous greedy evaluation at episode 2000 (1000 fixed-seed episodes)...
[Greedy evaluation at episode 2000 | 1000 fixed-seed episodes]
success=0.0%, failure=0.0%, task reward=0.000, length=234.8
DFA transitions: 1->2: 43, 2->3: 3

[Episode 2100/8000 | last 100]
success rate                : 0.0% (cumulative 0.0%)
failure rate                : 0.0% (cumulative 0.0%)
completed cycles / episode  : 0.000
synthetic task reward       : 0.000
shaping reward              : -206.156
learning reward             : -206.156
episode length              : 265.6
abstract changes / episode  : 70.2
DFA transitions / episode   : 0.06
DFA transitions in window   : 1->2: 6
epsilon (next episode)       : 0.43164
replay buffer                : 270339 samples [1: 99.4%, 2: 0.6%, 3: 0.0%, 4: 0.0%]
DFA state visits in window   : 1: 26402, 2: 261, 3: 0, 4: 0
DFA state visits cumulative  : 1: 270849, 2: 1590, 3: 0, 4: 0
DFA state entries in window  : 1: 100, 2: 6, 3: 0, 4: 0
DFA state entries cumulative : 1: 2100, 2: 56, 3: 0, 4: 0
transitions cumulative       : 1->2: 56
accepted directly from s0    : 0
Gym endings cumulative       : terminated=2093, truncated=7

[Episode 2200/8000 | last 100]
success rate                : 0.0% (cumulative 0.0%)
failure rate                : 0.0% (cumulative 0.0%)
completed cycles / episode  : 0.000
synthetic task reward       : 0.000
shaping reward              : 29.606
learning reward             : 29.606
episode length              : 167.1
abstract changes / episode  : 54.7
DFA transitions / episode   : 0.20
DFA transitions in window   : 1->2: 20
epsilon (next episode)       : 0.41471
replay buffer                : 287050 samples [1: 99.3%, 2: 0.7%, 3: 0.0%, 4: 0.0%]
DFA state visits in window   : 1: 16298, 2: 513, 3: 0, 4: 0
DFA state visits cumulative  : 1: 287147, 2: 2103, 3: 0, 4: 0
DFA state entries in window  : 1: 100, 2: 20, 3: 0, 4: 0
DFA state entries cumulative : 1: 2200, 2: 76, 3: 0, 4: 0
transitions cumulative       : 1->2: 76
accepted directly from s0    : 0
Gym endings cumulative       : terminated=2193, truncated=7

[Episode 2300/8000 | last 100]
success rate                : 0.0% (cumulative 0.0%)
failure rate                : 0.0% (cumulative 0.0%)
completed cycles / episode  : 0.000
synthetic task reward       : 0.000
shaping reward              : -10.694
learning reward             : -10.694
episode length              : 178.4
abstract changes / episode  : 56.9
DFA transitions / episode   : 0.11
DFA transitions in window   : 1->2: 11
epsilon (next episode)       : 0.39845
replay buffer                : 300000 samples [1: 99.2%, 2: 0.8%, 3: 0.0%, 4: 0.0%]
DFA state visits in window   : 1: 17696, 2: 243, 3: 0, 4: 0
DFA state visits cumulative  : 1: 304843, 2: 2346, 3: 0, 4: 0
DFA state entries in window  : 1: 100, 2: 11, 3: 0, 4: 0
DFA state entries cumulative : 1: 2300, 2: 87, 3: 0, 4: 0
transitions cumulative       : 1->2: 87
accepted directly from s0    : 0
Gym endings cumulative       : terminated=2292, truncated=8

[Episode 2400/8000 | last 100]
success rate                : 0.0% (cumulative 0.0%)
failure rate                : 0.0% (cumulative 0.0%)
completed cycles / episode  : 0.000
synthetic task reward       : 0.000
shaping reward              : -142.463
learning reward             : -142.463
episode length              : 223.2
abstract changes / episode  : 65.8
DFA transitions / episode   : 0.11
DFA transitions in window   : 1->2: 11
epsilon (next episode)       : 0.38282
replay buffer                : 300000 samples [1: 99.2%, 2: 0.8%, 3: 0.0%, 4: 0.0%]
DFA state visits in window   : 1: 22003, 2: 420, 3: 0, 4: 0
DFA state visits cumulative  : 1: 326846, 2: 2766, 3: 0, 4: 0
DFA state entries in window  : 1: 100, 2: 11, 3: 0, 4: 0
DFA state entries cumulative : 1: 2400, 2: 98, 3: 0, 4: 0
transitions cumulative       : 1->2: 98
accepted directly from s0    : 0
Gym endings cumulative       : terminated=2391, truncated=9

[Episode 2500/8000 | last 100]
success rate                : 0.0% (cumulative 0.0%)
failure rate                : 0.0% (cumulative 0.0%)
completed cycles / episode  : 0.000
synthetic task reward       : 0.000
shaping reward              : 86.098
learning reward             : 86.098
episode length              : 218.2
abstract changes / episode  : 68.6
DFA transitions / episode   : 0.21
DFA transitions in window   : 1->2: 21
epsilon (next episode)       : 0.36781
replay buffer                : 300000 samples [1: 98.9%, 2: 1.1%, 3: 0.0%, 4: 0.0%]
DFA state visits in window   : 1: 20996, 2: 925, 3: 0, 4: 0
DFA state visits cumulative  : 1: 347842, 2: 3691, 3: 0, 4: 0
DFA state entries in window  : 1: 100, 2: 21, 3: 0, 4: 0
DFA state entries cumulative : 1: 2500, 2: 119, 3: 0, 4: 0
transitions cumulative       : 1->2: 119
accepted directly from s0    : 0
Gym endings cumulative       : terminated=2491, truncated=9

[Episode 2600/8000 | last 100]
success rate                : 0.0% (cumulative 0.0%)
failure rate                : 0.0% (cumulative 0.0%)
completed cycles / episode  : 0.000
synthetic task reward       : 0.000
shaping reward              : -185.407
learning reward             : -185.407
episode length              : 350.9
abstract changes / episode  : 91.2
DFA transitions / episode   : 0.09
DFA transitions in window   : 1->2: 8, 2->3: 1
epsilon (next episode)       : 0.35338
replay buffer                : 300000 samples [1: 98.8%, 2: 1.2%, 3: 0.0%, 4: 0.0%]
DFA state visits in window   : 1: 34798, 2: 375, 3: 16, 4: 0
DFA state visits cumulative  : 1: 382640, 2: 4066, 3: 16, 4: 0
DFA state entries in window  : 1: 100, 2: 8, 3: 1, 4: 0
DFA state entries cumulative : 1: 2600, 2: 127, 3: 1, 4: 0
transitions cumulative       : 1->2: 127, 2->3: 1
accepted directly from s0    : 0
Gym endings cumulative       : terminated=2582, truncated=18

[Episode 2700/8000 | last 100]
success rate                : 0.0% (cumulative 0.0%)
failure rate                : 0.0% (cumulative 0.0%)
completed cycles / episode  : 0.000
synthetic task reward       : 0.000
shaping reward              : 241.502
learning reward             : 241.502
episode length              : 357.2
abstract changes / episode  : 100.3
DFA transitions / episode   : 0.29
DFA transitions in window   : 1->2: 25, 2->3: 4
epsilon (next episode)       : 0.33952
replay buffer                : 300000 samples [1: 97.9%, 2: 2.1%, 3: 0.0%, 4: 0.0%]
DFA state visits in window   : 1: 32998, 2: 2766, 3: 53, 4: 0
DFA state visits cumulative  : 1: 415638, 2: 6832, 3: 69, 4: 0
DFA state entries in window  : 1: 100, 2: 25, 3: 4, 4: 0
DFA state entries cumulative : 1: 2700, 2: 152, 3: 5, 4: 0
transitions cumulative       : 1->2: 152, 2->3: 5
accepted directly from s0    : 0
Gym endings cumulative       : terminated=2675, truncated=25

[Episode 2800/8000 | last 100]
success rate                : 0.0% (cumulative 0.0%)
failure rate                : 0.0% (cumulative 0.0%)
completed cycles / episode  : 0.000
synthetic task reward       : 0.000
shaping reward              : 779.961
learning reward             : 779.961
episode length              : 254.8
abstract changes / episode  : 78.7
DFA transitions / episode   : 0.62
DFA transitions in window   : 1->2: 46, 2->3: 16
epsilon (next episode)       : 0.32621
replay buffer                : 300000 samples [1: 96.5%, 2: 3.4%, 3: 0.1%, 4: 0.0%]
DFA state visits in window   : 1: 21150, 2: 4148, 3: 284, 4: 0
DFA state visits cumulative  : 1: 436788, 2: 10980, 3: 353, 4: 0
DFA state entries in window  : 1: 100, 2: 46, 3: 16, 4: 0
DFA state entries cumulative : 1: 2800, 2: 198, 3: 21, 4: 0
transitions cumulative       : 1->2: 198, 2->3: 21
accepted directly from s0    : 0
Gym endings cumulative       : terminated=2775, truncated=25

[Episode 2900/8000 | last 100]
success rate                : 0.0% (cumulative 0.0%)
failure rate                : 0.0% (cumulative 0.0%)
completed cycles / episode  : 0.000
synthetic task reward       : 0.000
shaping reward              : 930.471
learning reward             : 930.471
episode length              : 300.6
abstract changes / episode  : 86.8
DFA transitions / episode   : 0.66
DFA transitions in window   : 1->2: 56, 2->3: 10
epsilon (next episode)       : 0.31341
replay buffer                : 300000 samples [1: 93.8%, 2: 5.8%, 3: 0.4%, 4: 0.0%]
DFA state visits in window   : 1: 22016, 2: 7292, 3: 850, 4: 0
DFA state visits cumulative  : 1: 458804, 2: 18272, 3: 1203, 4: 0
DFA state entries in window  : 1: 100, 2: 56, 3: 10, 4: 0
DFA state entries cumulative : 1: 2900, 2: 254, 3: 31, 4: 0
transitions cumulative       : 1->2: 254, 2->3: 31
accepted directly from s0    : 0
Gym endings cumulative       : terminated=2872, truncated=28

[Episode 3000/8000 | last 100]
success rate                : 0.0% (cumulative 0.0%)
failure rate                : 0.0% (cumulative 0.0%)
completed cycles / episode  : 0.000
synthetic task reward       : 0.000
shaping reward              : 999.961
learning reward             : 999.961
episode length              : 427.6
abstract changes / episode  : 99.0
DFA transitions / episode   : 0.75
DFA transitions in window   : 1->2: 60, 2->3: 15
epsilon (next episode)       : 0.30112
replay buffer                : 300000 samples [1: 86.8%, 2: 11.7%, 3: 1.5%, 4: 0.0%]
DFA state visits in window   : 1: 21410, 2: 18134, 3: 3311, 4: 0
DFA state visits cumulative  : 1: 480214, 2: 36406, 3: 4514, 4: 0
DFA state entries in window  : 1: 100, 2: 60, 3: 15, 4: 0
DFA state entries cumulative : 1: 3000, 2: 314, 3: 46, 4: 0
transitions cumulative       : 1->2: 314, 2->3: 46
accepted directly from s0    : 0
Gym endings cumulative       : terminated=2949, truncated=51

Starting autonomous greedy evaluation at episode 3000 (1000 fixed-seed episodes)...
[Greedy evaluation at episode 3000 | 1000 fixed-seed episodes]
success=0.0%, failure=0.0%, task reward=0.000, length=886.2
DFA transitions: 1->2: 1000, 2->3: 935

[Episode 3100/8000 | last 100]
success rate                : 1.0% (cumulative 0.0%)
failure rate                : 0.0% (cumulative 0.0%)
completed cycles / episode  : 0.000
synthetic task reward       : 100.000
shaping reward              : 1284.160
learning reward             : 1384.160
episode length              : 428.7
abstract changes / episode  : 113.4
DFA transitions / episode   : 0.89
DFA transitions in window   : 1->2: 60, 2->3: 28, 3->4: 1
epsilon (next episode)       : 0.28931
replay buffer                : 300000 samples [1: 81.0%, 2: 15.4%, 3: 3.5%, 4: 0.0%]
DFA state visits in window   : 1: 25315, 2: 11503, 3: 6151, 4: 1
DFA state visits cumulative  : 1: 505529, 2: 47909, 3: 10665, 4: 1
DFA state entries in window  : 1: 100, 2: 60, 3: 28, 4: 1
DFA state entries cumulative : 1: 3100, 2: 374, 3: 74, 4: 1
transitions cumulative       : 1->2: 374, 2->3: 74, 3->4: 1
accepted directly from s0    : 0
Gym endings cumulative       : terminated=3035, truncated=64

[Episode 3200/8000 | last 100]
success rate                : 1.0% (cumulative 0.1%)
failure rate                : 0.0% (cumulative 0.0%)
completed cycles / episode  : 0.000
synthetic task reward       : 100.000
shaping reward              : 1269.733
learning reward             : 1369.733
episode length              : 391.7
abstract changes / episode  : 108.9
DFA transitions / episode   : 0.86
DFA transitions in window   : 1->2: 58, 2->3: 27, 3->4: 1
epsilon (next episode)       : 0.27797
replay buffer                : 300000 samples [1: 76.4%, 2: 18.9%, 3: 4.7%, 4: 0.0%]
DFA state visits in window   : 1: 24480, 2: 11231, 3: 3561, 4: 1
DFA state visits cumulative  : 1: 530009, 2: 59140, 3: 14226, 4: 2
DFA state entries in window  : 1: 100, 2: 58, 3: 27, 4: 1
DFA state entries cumulative : 1: 3200, 2: 432, 3: 101, 4: 2
transitions cumulative       : 1->2: 432, 2->3: 101, 3->4: 2
accepted directly from s0    : 0
Gym endings cumulative       : terminated=3127, truncated=71

[Episode 3300/8000 | last 100]
success rate                : 7.0% (cumulative 0.3%)
failure rate                : 0.0% (cumulative 0.0%)
completed cycles / episode  : 0.000
synthetic task reward       : 700.000
shaping reward              : 2098.860
learning reward             : 2798.860
episode length              : 520.3
abstract changes / episode  : 133.7
DFA transitions / episode   : 1.39
DFA transitions in window   : 1->2: 83, 2->3: 49, 3->4: 7
epsilon (next episode)       : 0.26706
replay buffer                : 300000 samples [1: 67.2%, 2: 26.2%, 3: 6.6%, 4: 0.0%]
DFA state visits in window   : 1: 22705, 2: 23600, 3: 5819, 4: 7
DFA state visits cumulative  : 1: 552714, 2: 82740, 3: 20045, 4: 9
DFA state entries in window  : 1: 100, 2: 83, 3: 49, 4: 7
DFA state entries cumulative : 1: 3300, 2: 515, 3: 150, 4: 9
transitions cumulative       : 1->2: 515, 2->3: 150, 3->4: 9
accepted directly from s0    : 0
Gym endings cumulative       : terminated=3212, truncated=79

[Episode 3400/8000 | last 100]
success rate                : 10.0% (cumulative 0.6%)
failure rate                : 0.0% (cumulative 0.0%)
completed cycles / episode  : 0.000
synthetic task reward       : 1000.000
shaping reward              : 1671.687
learning reward             : 2671.687
episode length              : 430.1
abstract changes / episode  : 118.6
DFA transitions / episode   : 1.09
DFA transitions in window   : 1->2: 60, 2->3: 39, 3->4: 10
epsilon (next episode)       : 0.25659
replay buffer                : 300000 samples [1: 61.6%, 2: 29.9%, 3: 8.5%, 4: 0.0%]
DFA state visits in window   : 1: 25387, 2: 12042, 3: 5673, 4: 10
DFA state visits cumulative  : 1: 578101, 2: 94782, 3: 25718, 4: 19
DFA state entries in window  : 1: 100, 2: 60, 3: 39, 4: 10
DFA state entries cumulative : 1: 3400, 2: 575, 3: 189, 4: 19
transitions cumulative       : 1->2: 575, 2->3: 189, 3->4: 19
accepted directly from s0    : 0
Gym endings cumulative       : terminated=3296, truncated=85

[Episode 3500/8000 | last 100]
success rate                : 14.0% (cumulative 0.9%)
failure rate                : 0.0% (cumulative 0.0%)
completed cycles / episode  : 0.000
synthetic task reward       : 1400.000
shaping reward              : 2226.309
learning reward             : 3626.309
episode length              : 422.7
abstract changes / episode  : 125.5
DFA transitions / episode   : 1.45
DFA transitions in window   : 1->2: 75, 2->3: 56, 3->4: 14
epsilon (next episode)       : 0.24653
replay buffer                : 300000 samples [1: 56.9%, 2: 32.0%, 3: 11.1%, 4: 0.0%]
DFA state visits in window   : 1: 23398, 2: 10903, 3: 8051, 4: 14
DFA state visits cumulative  : 1: 601499, 2: 105685, 3: 33769, 4: 33
DFA state entries in window  : 1: 100, 2: 75, 3: 56, 4: 14
DFA state entries cumulative : 1: 3500, 2: 650, 3: 245, 4: 33
transitions cumulative       : 1->2: 650, 2->3: 245, 3->4: 33
accepted directly from s0    : 0
Gym endings cumulative       : terminated=3379, truncated=88

[Episode 3600/8000 | last 100]
success rate                : 16.0% (cumulative 1.4%)
failure rate                : 0.0% (cumulative 0.0%)
completed cycles / episode  : 0.000
synthetic task reward       : 1600.000
shaping reward              : 2648.127
learning reward             : 4248.127
episode length              : 472.9
abstract changes / episode  : 134.0
DFA transitions / episode   : 1.66
DFA transitions in window   : 1->2: 80, 2->3: 70, 3->4: 16
epsilon (next episode)       : 0.23686
replay buffer                : 300000 samples [1: 54.6%, 2: 31.6%, 3: 13.8%, 4: 0.0%]
DFA state visits in window   : 1: 26392, 2: 11526, 3: 9455, 4: 16
DFA state visits cumulative  : 1: 627891, 2: 117211, 3: 43224, 4: 49
DFA state entries in window  : 1: 100, 2: 80, 3: 70, 4: 16
DFA state entries cumulative : 1: 3600, 2: 730, 3: 315, 4: 49
transitions cumulative       : 1->2: 730, 2->3: 315, 3->4: 49
accepted directly from s0    : 0
Gym endings cumulative       : terminated=3459, truncated=92

[Episode 3700/8000 | last 100]
success rate                : 9.0% (cumulative 1.6%)
failure rate                : 0.0% (cumulative 0.0%)
completed cycles / episode  : 0.000
synthetic task reward       : 900.000
shaping reward              : 2252.998
learning reward             : 3152.998
episode length              : 433.8
abstract changes / episode  : 131.6
DFA transitions / episode   : 1.43
DFA transitions in window   : 1->2: 70, 2->3: 64, 3->4: 9
epsilon (next episode)       : 0.22757
replay buffer                : 300000 samples [1: 55.7%, 2: 29.1%, 3: 15.2%, 4: 0.0%]
DFA state visits in window   : 1: 25765, 2: 9120, 3: 8583, 4: 9
DFA state visits cumulative  : 1: 653656, 2: 126331, 3: 51807, 4: 58
DFA state entries in window  : 1: 100, 2: 70, 3: 64, 4: 9
DFA state entries cumulative : 1: 3700, 2: 800, 3: 379, 4: 58
transitions cumulative       : 1->2: 800, 2->3: 379, 3->4: 58
accepted directly from s0    : 0
Gym endings cumulative       : terminated=3548, truncated=94

[Episode 3800/8000 | last 100]
success rate                : 20.0% (cumulative 2.1%)
failure rate                : 0.0% (cumulative 0.0%)
completed cycles / episode  : 0.000
synthetic task reward       : 2000.000
shaping reward              : 2851.691
learning reward             : 4851.691
episode length              : 423.3
abstract changes / episode  : 128.9
DFA transitions / episode   : 1.81
DFA transitions in window   : 1->2: 85, 2->3: 76, 3->4: 20
epsilon (next episode)       : 0.21865
replay buffer                : 300000 samples [1: 54.2%, 2: 28.6%, 3: 17.2%, 4: 0.0%]
DFA state visits in window   : 1: 19431, 2: 10681, 3: 12299, 4: 20
DFA state visits cumulative  : 1: 673087, 2: 137012, 3: 64106, 4: 78
DFA state entries in window  : 1: 100, 2: 85, 3: 76, 4: 20
DFA state entries cumulative : 1: 3800, 2: 885, 3: 455, 4: 78
transitions cumulative       : 1->2: 885, 2->3: 455, 3->4: 78
accepted directly from s0    : 0
Gym endings cumulative       : terminated=3627, truncated=95

[Episode 3900/8000 | last 100]
success rate                : 25.0% (cumulative 2.6%)
failure rate                : 0.0% (cumulative 0.0%)
completed cycles / episode  : 0.000
synthetic task reward       : 2500.000
shaping reward              : 2603.831
learning reward             : 5103.831
episode length              : 369.4
abstract changes / episode  : 119.0
DFA transitions / episode   : 1.61
DFA transitions in window   : 1->2: 74, 2->3: 62, 3->4: 25
epsilon (next episode)       : 0.21007
replay buffer                : 300000 samples [1: 52.8%, 2: 28.0%, 3: 19.3%, 4: 0.0%]
DFA state visits in window   : 1: 18737, 2: 9346, 3: 8933, 4: 25
DFA state visits cumulative  : 1: 691824, 2: 146358, 3: 73039, 4: 103
DFA state entries in window  : 1: 100, 2: 74, 3: 62, 4: 25
DFA state entries cumulative : 1: 3900, 2: 959, 3: 517, 4: 103
transitions cumulative       : 1->2: 959, 2->3: 517, 3->4: 103
accepted directly from s0    : 0
Gym endings cumulative       : terminated=3701, truncated=96

[Episode 4000/8000 | last 100]
success rate                : 26.0% (cumulative 3.2%)
failure rate                : 0.0% (cumulative 0.0%)
completed cycles / episode  : 0.000
synthetic task reward       : 2600.000
shaping reward              : 2845.421
learning reward             : 5445.421
episode length              : 401.0
abstract changes / episode  : 129.0
DFA transitions / episode   : 1.79
DFA transitions in window   : 1->2: 82, 2->3: 71, 3->4: 26
epsilon (next episode)       : 0.20183
replay buffer                : 300000 samples [1: 53.6%, 2: 25.5%, 3: 20.9%, 4: 0.0%]
DFA state visits in window   : 1: 19067, 2: 11936, 3: 9173, 4: 26
DFA state visits cumulative  : 1: 710891, 2: 158294, 3: 82212, 4: 129
DFA state entries in window  : 1: 100, 2: 82, 3: 71, 4: 26
DFA state entries cumulative : 1: 4000, 2: 1041, 3: 588, 4: 129
transitions cumulative       : 1->2: 1041, 2->3: 588, 3->4: 129
accepted directly from s0    : 0
Gym endings cumulative       : terminated=3774, truncated=97

Starting autonomous greedy evaluation at episode 4000 (1000 fixed-seed episodes)...
[Greedy evaluation at episode 4000 | 1000 fixed-seed episodes]
success=16.2%, failure=0.0%, task reward=1620.000, length=494.1
DFA transitions: 1->2: 993, 2->3: 986, 3->4: 162
Best policy updated from autonomous greedy evaluation at episode 4000.

[Episode 4100/8000 | last 100]
success rate                : 42.0% (cumulative 4.2%)
failure rate                : 0.0% (cumulative 0.0%)
completed cycles / episode  : 0.000
synthetic task reward       : 4200.000
shaping reward              : 3193.743
learning reward             : 7393.743
episode length              : 422.9
abstract changes / episode  : 128.4
DFA transitions / episode   : 2.01
DFA transitions in window   : 1->2: 88, 2->3: 71, 3->4: 42
epsilon (next episode)       : 0.19392
replay buffer                : 300000 samples [1: 50.9%, 2: 25.9%, 3: 23.2%, 4: 0.0%]
DFA state visits in window   : 1: 16967, 2: 12460, 3: 12920, 4: 42
DFA state visits cumulative  : 1: 727858, 2: 170754, 3: 95132, 4: 171
DFA state entries in window  : 1: 100, 2: 88, 3: 71, 4: 42
DFA state entries cumulative : 1: 4100, 2: 1129, 3: 659, 4: 171
transitions cumulative       : 1->2: 1129, 2->3: 659, 3->4: 171
accepted directly from s0    : 0
Gym endings cumulative       : terminated=3830, truncated=99

[Episode 4200/8000 | last 100]
success rate                : 46.0% (cumulative 5.2%)
failure rate                : 0.0% (cumulative 0.0%)
completed cycles / episode  : 0.000
synthetic task reward       : 4600.000
shaping reward              : 3248.078
learning reward             : 7848.078
episode length              : 406.1
abstract changes / episode  : 124.6
DFA transitions / episode   : 2.09
DFA transitions in window   : 1->2: 86, 2->3: 77, 3->4: 46
epsilon (next episode)       : 0.18631
replay buffer                : 300000 samples [1: 49.3%, 2: 26.0%, 3: 24.8%, 4: 0.0%]
DFA state visits in window   : 1: 17082, 2: 11141, 3: 12443, 4: 46
DFA state visits cumulative  : 1: 744940, 2: 181895, 3: 107575, 4: 217
DFA state entries in window  : 1: 100, 2: 86, 3: 77, 4: 46
DFA state entries cumulative : 1: 4200, 2: 1215, 3: 736, 4: 217
transitions cumulative       : 1->2: 1215, 2->3: 736, 3->4: 217
accepted directly from s0    : 0
Gym endings cumulative       : terminated=3882, truncated=101

[Episode 4300/8000 | last 100]
success rate                : 56.0% (cumulative 6.3%)
failure rate                : 0.0% (cumulative 0.0%)
completed cycles / episode  : 0.000
synthetic task reward       : 5600.000
shaping reward              : 3324.712
learning reward             : 8924.712
episode length              : 387.5
abstract changes / episode  : 119.7
DFA transitions / episode   : 2.13
DFA transitions in window   : 1->2: 84, 2->3: 73, 3->4: 56
epsilon (next episode)       : 0.17900
replay buffer                : 300000 samples [1: 47.3%, 2: 26.1%, 3: 26.6%, 4: 0.0%]
DFA state visits in window   : 1: 16109, 2: 10133, 3: 12549, 4: 56
DFA state visits cumulative  : 1: 761049, 2: 192028, 3: 120124, 4: 273
DFA state entries in window  : 1: 100, 2: 84, 3: 73, 4: 56
DFA state entries cumulative : 1: 4300, 2: 1299, 3: 809, 4: 273
transitions cumulative       : 1->2: 1299, 2->3: 809, 3->4: 273
accepted directly from s0    : 0
Gym endings cumulative       : terminated=3925, truncated=102

[Episode 4400/8000 | last 100]
success rate                : 58.0% (cumulative 7.5%)
failure rate                : 0.0% (cumulative 0.0%)
completed cycles / episode  : 0.000
synthetic task reward       : 5800.000
shaping reward              : 3414.118
learning reward             : 9214.118
episode length              : 409.1
abstract changes / episode  : 123.8
DFA transitions / episode   : 2.28
DFA transitions in window   : 1->2: 89, 2->3: 81, 3->4: 58
epsilon (next episode)       : 0.17198
replay buffer                : 300000 samples [1: 44.7%, 2: 27.2%, 3: 28.1%, 4: 0.0%]
DFA state visits in window   : 1: 16389, 2: 11930, 3: 12638, 4: 58
DFA state visits cumulative  : 1: 777438, 2: 203958, 3: 132762, 4: 331
DFA state entries in window  : 1: 100, 2: 89, 3: 81, 4: 58
DFA state entries cumulative : 1: 4400, 2: 1388, 3: 890, 4: 331
transitions cumulative       : 1->2: 1388, 2->3: 890, 3->4: 331
accepted directly from s0    : 0
Gym endings cumulative       : terminated=3966, truncated=103

[Episode 4500/8000 | last 100]
success rate                : 54.0% (cumulative 8.6%)
failure rate                : 0.0% (cumulative 0.0%)
completed cycles / episode  : 0.000
synthetic task reward       : 5400.000
shaping reward              : 3385.387
learning reward             : 8785.387
episode length              : 383.9
abstract changes / episode  : 124.5
DFA transitions / episode   : 2.18
DFA transitions in window   : 1->2: 87, 2->3: 77, 3->4: 54
epsilon (next episode)       : 0.16524
replay buffer                : 300000 samples [1: 43.3%, 2: 27.9%, 3: 28.8%, 4: 0.0%]
DFA state visits in window   : 1: 15896, 2: 11120, 3: 11424, 4: 54
DFA state visits cumulative  : 1: 793334, 2: 215078, 3: 144186, 4: 385
DFA state entries in window  : 1: 100, 2: 87, 3: 77, 4: 54
DFA state entries cumulative : 1: 4500, 2: 1475, 3: 967, 4: 385
transitions cumulative       : 1->2: 1475, 2->3: 967, 3->4: 385
accepted directly from s0    : 0
Gym endings cumulative       : terminated=4012, truncated=103

[Episode 4600/8000 | last 100]
success rate                : 68.0% (cumulative 9.8%)
failure rate                : 0.0% (cumulative 0.0%)
completed cycles / episode  : 0.000
synthetic task reward       : 6800.000
shaping reward              : 3388.945
learning reward             : 10188.945
episode length              : 380.3
abstract changes / episode  : 117.3
DFA transitions / episode   : 2.19
DFA transitions in window   : 1->2: 80, 2->3: 71, 3->4: 68
epsilon (next episode)       : 0.15876
replay buffer                : 300000 samples [1: 43.0%, 2: 28.0%, 3: 29.0%, 4: 0.0%]
DFA state visits in window   : 1: 17506, 2: 10260, 3: 10297, 4: 68
DFA state visits cumulative  : 1: 810840, 2: 225338, 3: 154483, 4: 453
DFA state entries in window  : 1: 100, 2: 80, 3: 71, 4: 68
DFA state entries cumulative : 1: 4600, 2: 1555, 3: 1038, 4: 453
transitions cumulative       : 1->2: 1555, 2->3: 1038, 3->4: 453
accepted directly from s0    : 0
Gym endings cumulative       : terminated=4043, truncated=104

[Episode 4700/8000 | last 100]
success rate                : 73.0% (cumulative 11.2%)
failure rate                : 0.0% (cumulative 0.0%)
completed cycles / episode  : 0.000
synthetic task reward       : 7300.000
shaping reward              : 3731.973
learning reward             : 11031.973
episode length              : 421.7
abstract changes / episode  : 130.8
DFA transitions / episode   : 2.44
DFA transitions in window   : 1->2: 89, 2->3: 82, 3->4: 73
epsilon (next episode)       : 0.15253
replay buffer                : 300000 samples [1: 41.8%, 2: 28.6%, 3: 29.6%, 4: 0.0%]
DFA state visits in window   : 1: 17360, 2: 13048, 3: 11792, 4: 73
DFA state visits cumulative  : 1: 828200, 2: 238386, 3: 166275, 4: 526
DFA state entries in window  : 1: 100, 2: 89, 3: 82, 4: 73
DFA state entries cumulative : 1: 4700, 2: 1644, 3: 1120, 4: 526
transitions cumulative       : 1->2: 1644, 2->3: 1120, 3->4: 526
accepted directly from s0    : 0
Gym endings cumulative       : terminated=4070, truncated=104

[Episode 4800/8000 | last 100]
success rate                : 78.0% (cumulative 12.6%)
failure rate                : 0.0% (cumulative 0.0%)
completed cycles / episode  : 0.000
synthetic task reward       : 7800.000
shaping reward              : 3960.732
learning reward             : 11760.732
episode length              : 376.0
abstract changes / episode  : 118.9
DFA transitions / episode   : 2.63
DFA transitions in window   : 1->2: 96, 2->3: 89, 3->4: 78
epsilon (next episode)       : 0.14655
replay buffer                : 300000 samples [1: 40.8%, 2: 29.1%, 3: 30.0%, 4: 0.0%]
DFA state visits in window   : 1: 13733, 2: 12372, 3: 11519, 4: 78
DFA state visits cumulative  : 1: 841933, 2: 250758, 3: 177794, 4: 604
DFA state entries in window  : 1: 100, 2: 96, 3: 89, 4: 78
DFA state entries cumulative : 1: 4800, 2: 1740, 3: 1209, 4: 604
transitions cumulative       : 1->2: 1740, 2->3: 1209, 3->4: 604
accepted directly from s0    : 0
Gym endings cumulative       : terminated=4091, truncated=105

[Episode 4900/8000 | last 100]
success rate                : 79.0% (cumulative 13.9%)
failure rate                : 0.0% (cumulative 0.0%)
completed cycles / episode  : 0.000
synthetic task reward       : 7900.000
shaping reward              : 3901.597
learning reward             : 11801.597
episode length              : 354.7
abstract changes / episode  : 115.8
DFA transitions / episode   : 2.52
DFA transitions in window   : 1->2: 88, 2->3: 85, 3->4: 79
epsilon (next episode)       : 0.14080
replay buffer                : 300000 samples [1: 40.8%, 2: 29.6%, 3: 29.6%, 4: 0.0%]
DFA state visits in window   : 1: 13475, 2: 11737, 3: 10281, 4: 79
DFA state visits cumulative  : 1: 855408, 2: 262495, 3: 188075, 4: 683
DFA state entries in window  : 1: 100, 2: 88, 3: 85, 4: 79
DFA state entries cumulative : 1: 4900, 2: 1828, 3: 1294, 4: 683
transitions cumulative       : 1->2: 1828, 2->3: 1294, 3->4: 683
accepted directly from s0    : 0
Gym endings cumulative       : terminated=4112, truncated=105

[Episode 5000/8000 | last 100]
success rate                : 67.0% (cumulative 15.0%)
failure rate                : 0.0% (cumulative 0.0%)
completed cycles / episode  : 0.000
synthetic task reward       : 6700.000
shaping reward              : 3541.066
learning reward             : 10241.066
episode length              : 361.1
abstract changes / episode  : 118.5
DFA transitions / episode   : 2.35
DFA transitions in window   : 1->2: 92, 2->3: 76, 3->4: 67
epsilon (next episode)       : 0.13528
replay buffer                : 300000 samples [1: 40.8%, 2: 30.4%, 3: 28.8%, 4: 0.0%]
DFA state visits in window   : 1: 14776, 2: 12781, 3: 8586, 4: 67
DFA state visits cumulative  : 1: 870184, 2: 275276, 3: 196661, 4: 750
DFA state entries in window  : 1: 100, 2: 92, 3: 76, 4: 67
DFA state entries cumulative : 1: 5000, 2: 1920, 3: 1370, 4: 750
transitions cumulative       : 1->2: 1920, 2->3: 1370, 3->4: 750
accepted directly from s0    : 0
Gym endings cumulative       : terminated=4144, truncated=106

Starting autonomous greedy evaluation at episode 5000 (1000 fixed-seed episodes)...
[Greedy evaluation at episode 5000 | 1000 fixed-seed episodes]
success=69.9%, failure=0.0%, task reward=6990.000, length=487.8
DFA transitions: 1->2: 755, 2->3: 705, 3->4: 699
Best policy updated from autonomous greedy evaluation at episode 5000.

[Episode 5100/8000 | last 100]
success rate                : 74.0% (cumulative 16.2%)
failure rate                : 0.0% (cumulative 0.0%)
completed cycles / episode  : 0.000
synthetic task reward       : 7400.000
shaping reward              : 3825.158
learning reward             : 11225.158
episode length              : 379.4
abstract changes / episode  : 123.2
DFA transitions / episode   : 2.49
DFA transitions in window   : 1->2: 90, 2->3: 85, 3->4: 74
epsilon (next episode)       : 0.12998
replay buffer                : 300000 samples [1: 40.9%, 2: 30.6%, 3: 28.5%, 4: 0.0%]
DFA state visits in window   : 1: 16104, 2: 10708, 3: 11151, 4: 74
DFA state visits cumulative  : 1: 886288, 2: 285984, 3: 207812, 4: 824
DFA state entries in window  : 1: 100, 2: 90, 3: 85, 4: 74
DFA state entries cumulative : 1: 5100, 2: 2010, 3: 1455, 4: 824
transitions cumulative       : 1->2: 2010, 2->3: 1455, 3->4: 824
accepted directly from s0    : 0
Gym endings cumulative       : terminated=4170, truncated=106

[Episode 5200/8000 | last 100]
success rate                : 73.0% (cumulative 17.2%)
failure rate                : 0.0% (cumulative 0.0%)
completed cycles / episode  : 0.000
synthetic task reward       : 7300.000
shaping reward              : 3818.105
learning reward             : 11118.105
episode length              : 380.9
abstract changes / episode  : 122.8
DFA transitions / episode   : 2.47
DFA transitions in window   : 1->2: 91, 2->3: 83, 3->4: 73
epsilon (next episode)       : 0.12488
replay buffer                : 300000 samples [1: 41.5%, 2: 30.5%, 3: 28.0%, 4: 0.0%]
DFA state visits in window   : 1: 17614, 2: 10695, 3: 9812, 4: 73
DFA state visits cumulative  : 1: 903902, 2: 296679, 3: 217624, 4: 897
DFA state entries in window  : 1: 100, 2: 91, 3: 83, 4: 73
DFA state entries cumulative : 1: 5200, 2: 2101, 3: 1538, 4: 897
transitions cumulative       : 1->2: 2101, 2->3: 1538, 3->4: 897
accepted directly from s0    : 0
Gym endings cumulative       : terminated=4197, truncated=106

[Episode 5300/8000 | last 100]
success rate                : 79.0% (cumulative 18.4%)
failure rate                : 0.0% (cumulative 0.0%)
completed cycles / episode  : 0.000
synthetic task reward       : 7900.000
shaping reward              : 3865.140
learning reward             : 11765.140
episode length              : 419.1
abstract changes / episode  : 124.2
DFA transitions / episode   : 2.54
DFA transitions in window   : 1->2: 90, 2->3: 85, 3->4: 79
epsilon (next episode)       : 0.11998
replay buffer                : 300000 samples [1: 42.6%, 2: 30.3%, 3: 27.2%, 4: 0.0%]
DFA state visits in window   : 1: 20611, 2: 11072, 3: 10250, 4: 79
DFA state visits cumulative  : 1: 924513, 2: 307751, 3: 227874, 4: 976
DFA state entries in window  : 1: 100, 2: 90, 3: 85, 4: 79
DFA state entries cumulative : 1: 5300, 2: 2191, 3: 1623, 4: 976
transitions cumulative       : 1->2: 2191, 2->3: 1623, 3->4: 976
accepted directly from s0    : 0
Gym endings cumulative       : terminated=4217, truncated=107

[Episode 5400/8000 | last 100]
success rate                : 89.0% (cumulative 19.7%)
failure rate                : 0.0% (cumulative 0.0%)
completed cycles / episode  : 0.000
synthetic task reward       : 8900.000
shaping reward              : 4224.607
learning reward             : 13124.607
episode length              : 389.8
abstract changes / episode  : 126.6
DFA transitions / episode   : 2.76
DFA transitions in window   : 1->2: 95, 2->3: 92, 3->4: 89
epsilon (next episode)       : 0.11528
replay buffer                : 300000 samples [1: 41.2%, 2: 30.8%, 3: 28.0%, 4: 0.0%]
DFA state visits in window   : 1: 13703, 2: 12535, 3: 12748, 4: 89
DFA state visits cumulative  : 1: 938216, 2: 320286, 3: 240622, 4: 1065
DFA state entries in window  : 1: 100, 2: 95, 3: 92, 4: 89
DFA state entries cumulative : 1: 5400, 2: 2286, 3: 1715, 4: 1065
transitions cumulative       : 1->2: 2286, 2->3: 1715, 3->4: 1065
accepted directly from s0    : 0
Gym endings cumulative       : terminated=4228, truncated=107

[Episode 5500/8000 | last 100]
success rate                : 73.0% (cumulative 20.7%)
failure rate                : 0.0% (cumulative 0.0%)
completed cycles / episode  : 0.000
synthetic task reward       : 7300.000
shaping reward              : 3661.760
learning reward             : 10961.760
episode length              : 356.6
abstract changes / episode  : 117.4
DFA transitions / episode   : 2.41
DFA transitions in window   : 1->2: 90, 2->3: 78, 3->4: 73
epsilon (next episode)       : 0.11075
replay buffer                : 300000 samples [1: 40.7%, 2: 31.4%, 3: 27.9%, 4: 0.0%]
DFA state visits in window   : 1: 12820, 2: 12986, 3: 9882, 4: 73
DFA state visits cumulative  : 1: 951036, 2: 333272, 3: 250504, 4: 1138
DFA state entries in window  : 1: 100, 2: 90, 3: 78, 4: 73
DFA state entries cumulative : 1: 5500, 2: 2376, 3: 1793, 4: 1138
transitions cumulative       : 1->2: 2376, 2->3: 1793, 3->4: 1138
accepted directly from s0    : 0
Gym endings cumulative       : terminated=4255, truncated=107

[Episode 5600/8000 | last 100]
success rate                : 75.0% (cumulative 21.7%)
failure rate                : 0.0% (cumulative 0.0%)
completed cycles / episode  : 0.000
synthetic task reward       : 7500.000
shaping reward              : 3753.939
learning reward             : 11253.939
episode length              : 366.9
abstract changes / episode  : 121.4
DFA transitions / episode   : 2.46
DFA transitions in window   : 1->2: 89, 2->3: 82, 3->4: 75
epsilon (next episode)       : 0.10641
replay buffer                : 300000 samples [1: 40.9%, 2: 31.2%, 3: 27.9%, 4: 0.0%]
DFA state visits in window   : 1: 14085, 2: 11344, 3: 11288, 4: 75
DFA state visits cumulative  : 1: 965121, 2: 344616, 3: 261792, 4: 1213
DFA state entries in window  : 1: 100, 2: 89, 3: 82, 4: 75
DFA state entries cumulative : 1: 5600, 2: 2465, 3: 1875, 4: 1213
transitions cumulative       : 1->2: 2465, 2->3: 1875, 3->4: 1213
accepted directly from s0    : 0
Gym endings cumulative       : terminated=4280, truncated=107

[Episode 5700/8000 | last 100]
success rate                : 76.0% (cumulative 22.6%)
failure rate                : 0.0% (cumulative 0.0%)
completed cycles / episode  : 0.000
synthetic task reward       : 7600.000
shaping reward              : 3831.792
learning reward             : 11431.792
episode length              : 383.9
abstract changes / episode  : 125.1
DFA transitions / episode   : 2.52
DFA transitions in window   : 1->2: 93, 2->3: 83, 3->4: 76
epsilon (next episode)       : 0.10224
replay buffer                : 300000 samples [1: 41.0%, 2: 31.5%, 3: 27.5%, 4: 0.0%]
DFA state visits in window   : 1: 14589, 2: 14103, 3: 9717, 4: 76
DFA state visits cumulative  : 1: 979710, 2: 358719, 3: 271509, 4: 1289
DFA state entries in window  : 1: 100, 2: 93, 3: 83, 4: 76
DFA state entries cumulative : 1: 5700, 2: 2558, 3: 1958, 4: 1289
transitions cumulative       : 1->2: 2558, 2->3: 1958, 3->4: 1289
accepted directly from s0    : 0
Gym endings cumulative       : terminated=4301, truncated=110

[Episode 5800/8000 | last 100]
success rate                : 67.0% (cumulative 23.4%)
failure rate                : 0.0% (cumulative 0.0%)
completed cycles / episode  : 0.000
synthetic task reward       : 6700.000
shaping reward              : 3564.767
learning reward             : 10264.767
episode length              : 353.6
abstract changes / episode  : 114.6
DFA transitions / episode   : 2.34
DFA transitions in window   : 1->2: 89, 2->3: 78, 3->4: 67
epsilon (next episode)       : 0.09823
replay buffer                : 300000 samples [1: 41.2%, 2: 31.2%, 3: 27.7%, 4: 0.0%]
DFA state visits in window   : 1: 15895, 2: 10793, 3: 8703, 4: 67
DFA state visits cumulative  : 1: 995605, 2: 369512, 3: 280212, 4: 1356
DFA state entries in window  : 1: 100, 2: 89, 3: 78, 4: 67
DFA state entries cumulative : 1: 5800, 2: 2647, 3: 2036, 4: 1356
transitions cumulative       : 1->2: 2647, 2->3: 2036, 3->4: 1356
accepted directly from s0    : 0
Gym endings cumulative       : terminated=4334, truncated=110

[Episode 5900/8000 | last 100]
success rate                : 85.0% (cumulative 24.4%)
failure rate                : 0.0% (cumulative 0.0%)
completed cycles / episode  : 0.000
synthetic task reward       : 8500.000
shaping reward              : 4166.709
learning reward             : 12666.709
episode length              : 367.2
abstract changes / episode  : 119.8
DFA transitions / episode   : 2.72
DFA transitions in window   : 1->2: 95, 2->3: 92, 3->4: 85
epsilon (next episode)       : 0.09438
replay buffer                : 300000 samples [1: 40.8%, 2: 32.0%, 3: 27.2%, 4: 0.0%]
DFA state visits in window   : 1: 13956, 2: 12972, 3: 9809, 4: 85
DFA state visits cumulative  : 1: 1009561, 2: 382484, 3: 290021, 4: 1441
DFA state entries in window  : 1: 100, 2: 95, 3: 92, 4: 85
DFA state entries cumulative : 1: 5900, 2: 2742, 3: 2128, 4: 1441
transitions cumulative       : 1->2: 2742, 2->3: 2128, 3->4: 1441
accepted directly from s0    : 0
Gym endings cumulative       : terminated=4347, truncated=112

[Episode 6000/8000 | last 100]
success rate                : 80.0% (cumulative 25.4%)
failure rate                : 0.0% (cumulative 0.0%)
completed cycles / episode  : 0.000
synthetic task reward       : 8000.000
shaping reward              : 3896.685
learning reward             : 11896.685
episode length              : 391.5
abstract changes / episode  : 125.6
DFA transitions / episode   : 2.56
DFA transitions in window   : 1->2: 89, 2->3: 87, 3->4: 80
epsilon (next episode)       : 0.09067
replay buffer                : 300000 samples [1: 41.5%, 2: 31.8%, 3: 26.8%, 4: 0.0%]
DFA state visits in window   : 1: 20347, 2: 10187, 3: 8635, 4: 80
DFA state visits cumulative  : 1: 1029908, 2: 392671, 3: 298656, 4: 1521
DFA state entries in window  : 1: 100, 2: 89, 3: 87, 4: 80
DFA state entries cumulative : 1: 6000, 2: 2831, 3: 2215, 4: 1521
transitions cumulative       : 1->2: 2831, 2->3: 2215, 3->4: 1521
accepted directly from s0    : 0
Gym endings cumulative       : terminated=4365, truncated=114

Starting autonomous greedy evaluation at episode 6000 (1000 fixed-seed episodes)...
[Greedy evaluation at episode 6000 | 1000 fixed-seed episodes]
success=100.0%, failure=0.0%, task reward=10000.000, length=322.7
DFA transitions: 1->2: 1000, 2->3: 1000, 3->4: 1000
Best policy updated from autonomous greedy evaluation at episode 6000.

[Episode 6100/8000 | last 100]
success rate                : 86.0% (cumulative 26.3%)
failure rate                : 0.0% (cumulative 0.0%)
completed cycles / episode  : 0.000
synthetic task reward       : 8600.000
shaping reward              : 4218.152
learning reward             : 12818.152
episode length              : 364.7
abstract changes / episode  : 121.5
DFA transitions / episode   : 2.76
DFA transitions in window   : 1->2: 96, 2->3: 94, 3->4: 86
epsilon (next episode)       : 0.08712
replay buffer                : 300000 samples [1: 40.4%, 2: 32.3%, 3: 27.3%, 4: 0.0%]
DFA state visits in window   : 1: 14796, 2: 11291, 3: 10399, 4: 86
DFA state visits cumulative  : 1: 1044704, 2: 403962, 3: 309055, 4: 1607
DFA state entries in window  : 1: 100, 2: 96, 3: 94, 4: 86
DFA state entries cumulative : 1: 6100, 2: 2927, 3: 2309, 4: 1607
transitions cumulative       : 1->2: 2927, 2->3: 2309, 3->4: 1607
accepted directly from s0    : 0
Gym endings cumulative       : terminated=4379, truncated=114

[Episode 6200/8000 | last 100]
success rate                : 81.0% (cumulative 27.2%)
failure rate                : 0.0% (cumulative 0.0%)
completed cycles / episode  : 0.000
synthetic task reward       : 8100.000
shaping reward              : 3997.974
learning reward             : 12097.974
episode length              : 351.5
abstract changes / episode  : 120.7
DFA transitions / episode   : 2.63
DFA transitions in window   : 1->2: 94, 2->3: 88, 3->4: 81
epsilon (next episode)       : 0.08370
replay buffer                : 300000 samples [1: 41.2%, 2: 32.3%, 3: 26.5%, 4: 0.0%]
DFA state visits in window   : 1: 15439, 2: 10886, 3: 8846, 4: 81
DFA state visits cumulative  : 1: 1060143, 2: 414848, 3: 317901, 4: 1688
DFA state entries in window  : 1: 100, 2: 94, 3: 88, 4: 81
DFA state entries cumulative : 1: 6200, 2: 3021, 3: 2397, 4: 1688
transitions cumulative       : 1->2: 3021, 2->3: 2397, 3->4: 1688
accepted directly from s0    : 0
Gym endings cumulative       : terminated=4397, truncated=115

[Episode 6300/8000 | last 100]
success rate                : 80.0% (cumulative 28.1%)
failure rate                : 0.0% (cumulative 0.0%)
completed cycles / episode  : 0.000
synthetic task reward       : 8000.000
shaping reward              : 3894.600
learning reward             : 11894.600
episode length              : 370.9
abstract changes / episode  : 125.2
DFA transitions / episode   : 2.53
DFA transitions in window   : 1->2: 87, 2->3: 86, 3->4: 80
epsilon (next episode)       : 0.08042
replay buffer                : 300000 samples [1: 42.3%, 2: 31.4%, 3: 26.3%, 4: 0.0%]
DFA state visits in window   : 1: 15969, 2: 11031, 3: 10110, 4: 80
DFA state visits cumulative  : 1: 1076112, 2: 425879, 3: 328011, 4: 1768
DFA state entries in window  : 1: 100, 2: 87, 3: 86, 4: 80
DFA state entries cumulative : 1: 6300, 2: 3108, 3: 2483, 4: 1768
transitions cumulative       : 1->2: 3108, 2->3: 2483, 3->4: 1768
accepted directly from s0    : 0
Gym endings cumulative       : terminated=4417, truncated=115

[Episode 6400/8000 | last 100]
success rate                : 85.0% (cumulative 29.0%)
failure rate                : 0.0% (cumulative 0.0%)
completed cycles / episode  : 0.000
synthetic task reward       : 8500.000
shaping reward              : 4125.810
learning reward             : 12625.810
episode length              : 393.4
abstract changes / episode  : 124.7
DFA transitions / episode   : 2.72
DFA transitions in window   : 1->2: 96, 2->3: 91, 3->4: 85
epsilon (next episode)       : 0.07727
replay buffer                : 300000 samples [1: 43.2%, 2: 30.9%, 3: 25.9%, 4: 0.0%]
DFA state visits in window   : 1: 18213, 2: 10477, 3: 10670, 4: 85
DFA state visits cumulative  : 1: 1094325, 2: 436356, 3: 338681, 4: 1853
DFA state entries in window  : 1: 100, 2: 96, 3: 91, 4: 85
DFA state entries cumulative : 1: 6400, 2: 3204, 3: 2574, 4: 1853
transitions cumulative       : 1->2: 3204, 2->3: 2574, 3->4: 1853
accepted directly from s0    : 0
Gym endings cumulative       : terminated=4431, truncated=116

[Episode 6500/8000 | last 100]
success rate                : 83.0% (cumulative 29.8%)
failure rate                : 0.0% (cumulative 0.0%)
completed cycles / episode  : 0.000
synthetic task reward       : 8300.000
shaping reward              : 3837.804
learning reward             : 12137.804
episode length              : 359.1
abstract changes / episode  : 116.0
DFA transitions / episode   : 2.54
DFA transitions in window   : 1->2: 87, 2->3: 84, 3->4: 83
epsilon (next episode)       : 0.07423
replay buffer                : 300000 samples [1: 44.4%, 2: 29.8%, 3: 25.9%, 4: 0.0%]
DFA state visits in window   : 1: 17444, 2: 9105, 3: 9379, 4: 83
DFA state visits cumulative  : 1: 1111769, 2: 445461, 3: 348060, 4: 1936
DFA state entries in window  : 1: 100, 2: 87, 3: 84, 4: 83
DFA state entries cumulative : 1: 6500, 2: 3291, 3: 2658, 4: 1936
transitions cumulative       : 1->2: 3291, 2->3: 2658, 3->4: 1936
accepted directly from s0    : 0
Gym endings cumulative       : terminated=4447, truncated=117

[Episode 6600/8000 | last 100]
success rate                : 78.0% (cumulative 30.5%)
failure rate                : 0.0% (cumulative 0.0%)
completed cycles / episode  : 0.000
synthetic task reward       : 7800.000
shaping reward              : 3828.574
learning reward             : 11628.574
episode length              : 369.3
abstract changes / episode  : 124.9
DFA transitions / episode   : 2.54
DFA transitions in window   : 1->2: 89, 2->3: 87, 3->4: 78
epsilon (next episode)       : 0.07132
replay buffer                : 300000 samples [1: 45.0%, 2: 28.8%, 3: 26.1%, 4: 0.0%]
DFA state visits in window   : 1: 17877, 2: 9403, 3: 9673, 4: 78
DFA state visits cumulative  : 1: 1129646, 2: 454864, 3: 357733, 4: 2014
DFA state entries in window  : 1: 100, 2: 89, 3: 87, 4: 78
DFA state entries cumulative : 1: 6600, 2: 3380, 3: 2745, 4: 2014
transitions cumulative       : 1->2: 3380, 2->3: 2745, 3->4: 2014
accepted directly from s0    : 0
Gym endings cumulative       : terminated=4469, truncated=117

[Episode 6700/8000 | last 100]
success rate                : 78.0% (cumulative 31.2%)
failure rate                : 0.0% (cumulative 0.0%)
completed cycles / episode  : 0.000
synthetic task reward       : 7800.000
shaping reward              : 4071.473
learning reward             : 11871.473
episode length              : 407.1
abstract changes / episode  : 134.4
DFA transitions / episode   : 2.64
DFA transitions in window   : 1->2: 96, 2->3: 90, 3->4: 78
epsilon (next episode)       : 0.06853
replay buffer                : 300000 samples [1: 45.5%, 2: 28.1%, 3: 26.4%, 4: 0.0%]
DFA state visits in window   : 1: 16812, 2: 12298, 3: 11622, 4: 78
DFA state visits cumulative  : 1: 1146458, 2: 467162, 3: 369355, 4: 2092
DFA state entries in window  : 1: 100, 2: 96, 3: 90, 4: 78
DFA state entries cumulative : 1: 6700, 2: 3476, 3: 2835, 4: 2092
transitions cumulative       : 1->2: 3476, 2->3: 2835, 3->4: 2092
accepted directly from s0    : 0
Gym endings cumulative       : terminated=4489, truncated=119

[Episode 6800/8000 | last 100]
success rate                : 81.0% (cumulative 32.0%)
failure rate                : 0.0% (cumulative 0.0%)
completed cycles / episode  : 0.000
synthetic task reward       : 8100.000
shaping reward              : 4063.192
learning reward             : 12163.192
episode length              : 351.2
abstract changes / episode  : 123.0
DFA transitions / episode   : 2.64
DFA transitions in window   : 1->2: 94, 2->3: 89, 3->4: 81
epsilon (next episode)       : 0.06584
replay buffer                : 300000 samples [1: 43.8%, 2: 28.9%, 3: 27.3%, 4: 0.0%]
DFA state visits in window   : 1: 13761, 2: 11290, 3: 10085, 4: 81
DFA state visits cumulative  : 1: 1160219, 2: 478452, 3: 379440, 4: 2173
DFA state entries in window  : 1: 100, 2: 94, 3: 89, 4: 81
DFA state entries cumulative : 1: 6800, 2: 3570, 3: 2924, 4: 2173
transitions cumulative       : 1->2: 3570, 2->3: 2924, 3->4: 2173
accepted directly from s0    : 0
Gym endings cumulative       : terminated=4508, truncated=119

[Episode 6900/8000 | last 100]
success rate                : 81.0% (cumulative 32.7%)
failure rate                : 0.0% (cumulative 0.0%)
completed cycles / episode  : 0.000
synthetic task reward       : 8100.000
shaping reward              : 4083.352
learning reward             : 12183.352
episode length              : 356.3
abstract changes / episode  : 118.2
DFA transitions / episode   : 2.64
DFA transitions in window   : 1->2: 93, 2->3: 90, 3->4: 81
epsilon (next episode)       : 0.06326
replay buffer                : 300000 samples [1: 43.9%, 2: 28.5%, 3: 27.6%, 4: 0.0%]
DFA state visits in window   : 1: 14775, 2: 9660, 3: 11215, 4: 81
DFA state visits cumulative  : 1: 1174994, 2: 488112, 3: 390655, 4: 2254
DFA state entries in window  : 1: 100, 2: 93, 3: 90, 4: 81
DFA state entries cumulative : 1: 6900, 2: 3663, 3: 3014, 4: 2254
transitions cumulative       : 1->2: 3663, 2->3: 3014, 3->4: 2254
accepted directly from s0    : 0
Gym endings cumulative       : terminated=4527, truncated=119

[Episode 7000/8000 | last 100]
success rate                : 75.0% (cumulative 33.3%)
failure rate                : 0.0% (cumulative 0.0%)
completed cycles / episode  : 0.000
synthetic task reward       : 7500.000
shaping reward              : 3456.760
learning reward             : 10956.760
episode length              : 354.9
abstract changes / episode  : 111.7
DFA transitions / episode   : 2.34
DFA transitions in window   : 1->2: 81, 2->3: 78, 3->4: 75
epsilon (next episode)       : 0.06078
replay buffer                : 300000 samples [1: 44.9%, 2: 27.8%, 3: 27.4%, 4: 0.0%]
DFA state visits in window   : 1: 17875, 2: 9256, 3: 8386, 4: 75
DFA state visits cumulative  : 1: 1192869, 2: 497368, 3: 399041, 4: 2329
DFA state entries in window  : 1: 100, 2: 81, 3: 78, 4: 75
DFA state entries cumulative : 1: 7000, 2: 3744, 3: 3092, 4: 2329
transitions cumulative       : 1->2: 3744, 2->3: 3092, 3->4: 2329
accepted directly from s0    : 0
Gym endings cumulative       : terminated=4550, truncated=121

Starting autonomous greedy evaluation at episode 7000 (1000 fixed-seed episodes)...
[Greedy evaluation at episode 7000 | 1000 fixed-seed episodes]
success=92.2%, failure=0.0%, task reward=9220.000, length=422.2
DFA transitions: 1->2: 926, 2->3: 926, 3->4: 922

[Episode 7100/8000 | last 100]
success rate                : 83.0% (cumulative 34.0%)
failure rate                : 0.0% (cumulative 0.0%)
completed cycles / episode  : 0.000
synthetic task reward       : 8300.000
shaping reward              : 3911.480
learning reward             : 12211.480
episode length              : 339.8
abstract changes / episode  : 117.4
DFA transitions / episode   : 2.58
DFA transitions in window   : 1->2: 88, 2->3: 87, 3->4: 83
epsilon (next episode)       : 0.05839
replay buffer                : 300000 samples [1: 45.1%, 2: 27.6%, 3: 27.3%, 4: 0.0%]
DFA state visits in window   : 1: 15013, 2: 9980, 3: 9001, 4: 83
DFA state visits cumulative  : 1: 1207882, 2: 507348, 3: 408042, 4: 2412
DFA state entries in window  : 1: 100, 2: 88, 3: 87, 4: 83
DFA state entries cumulative : 1: 7100, 2: 3832, 3: 3179, 4: 2412
transitions cumulative       : 1->2: 3832, 2->3: 3179, 3->4: 2412
accepted directly from s0    : 0
Gym endings cumulative       : terminated=4567, truncated=121

[Episode 7200/8000 | last 100]
success rate                : 69.0% (cumulative 34.5%)
failure rate                : 0.0% (cumulative 0.0%)
completed cycles / episode  : 0.000
synthetic task reward       : 6900.000
shaping reward              : 3395.561
learning reward             : 10295.561
episode length              : 370.4
abstract changes / episode  : 119.2
DFA transitions / episode   : 2.24
DFA transitions in window   : 1->2: 81, 2->3: 74, 3->4: 69
epsilon (next episode)       : 0.05610
replay buffer                : 300000 samples [1: 46.0%, 2: 27.5%, 3: 26.4%, 4: 0.0%]
DFA state visits in window   : 1: 19468, 2: 9263, 3: 8342, 4: 69
DFA state visits cumulative  : 1: 1227350, 2: 516611, 3: 416384, 4: 2481
DFA state entries in window  : 1: 100, 2: 81, 3: 74, 4: 69
DFA state entries cumulative : 1: 7200, 2: 3913, 3: 3253, 4: 2481
transitions cumulative       : 1->2: 3913, 2->3: 3253, 3->4: 2481
accepted directly from s0    : 0
Gym endings cumulative       : terminated=4597, truncated=122

[Episode 7300/8000 | last 100]
success rate                : 84.0% (cumulative 35.1%)
failure rate                : 0.0% (cumulative 0.0%)
completed cycles / episode  : 0.000
synthetic task reward       : 8400.000
shaping reward              : 3954.576
learning reward             : 12354.576
episode length              : 380.5
abstract changes / episode  : 127.3
DFA transitions / episode   : 2.60
DFA transitions in window   : 1->2: 89, 2->3: 87, 3->4: 84
epsilon (next episode)       : 0.05390
replay buffer                : 300000 samples [1: 46.3%, 2: 27.5%, 3: 26.3%, 4: 0.0%]
DFA state visits in window   : 1: 20086, 2: 9291, 3: 8689, 4: 84
DFA state visits cumulative  : 1: 1247436, 2: 525902, 3: 425073, 4: 2565
DFA state entries in window  : 1: 100, 2: 89, 3: 87, 4: 84
DFA state entries cumulative : 1: 7300, 2: 4002, 3: 3340, 4: 2565
transitions cumulative       : 1->2: 4002, 2->3: 3340, 3->4: 2565
accepted directly from s0    : 0
Gym endings cumulative       : terminated=4611, truncated=124

[Episode 7400/8000 | last 100]
success rate                : 68.0% (cumulative 35.6%)
failure rate                : 0.0% (cumulative 0.0%)
completed cycles / episode  : 0.000
synthetic task reward       : 6800.000
shaping reward              : 3246.245
learning reward             : 10046.245
episode length              : 327.7
abstract changes / episode  : 111.1
DFA transitions / episode   : 2.20
DFA transitions in window   : 1->2: 78, 2->3: 74, 3->4: 68
epsilon (next episode)       : 0.05179
replay buffer                : 300000 samples [1: 46.5%, 2: 27.4%, 3: 26.1%, 4: 0.0%]
DFA state visits in window   : 1: 16061, 2: 8570, 3: 8175, 4: 68
DFA state visits cumulative  : 1: 1263497, 2: 534472, 3: 433248, 4: 2633
DFA state entries in window  : 1: 100, 2: 78, 3: 74, 4: 68
DFA state entries cumulative : 1: 7400, 2: 4080, 3: 3414, 4: 2633
transitions cumulative       : 1->2: 4080, 2->3: 3414, 3->4: 2633
accepted directly from s0    : 0
Gym endings cumulative       : terminated=4643, truncated=124

[Episode 7500/8000 | last 100]
success rate                : 69.0% (cumulative 36.0%)
failure rate                : 0.0% (cumulative 0.0%)
completed cycles / episode  : 0.000
synthetic task reward       : 6900.000
shaping reward              : 3516.593
learning reward             : 10416.593
episode length              : 348.0
abstract changes / episode  : 119.0
DFA transitions / episode   : 2.36
DFA transitions in window   : 1->2: 84, 2->3: 83, 3->4: 69
epsilon (next episode)       : 0.04976
replay buffer                : 300000 samples [1: 46.9%, 2: 27.2%, 3: 25.8%, 4: 0.0%]
DFA state visits in window   : 1: 16531, 2: 9416, 3: 8884, 4: 69
DFA state visits cumulative  : 1: 1280028, 2: 543888, 3: 442132, 4: 2702
DFA state entries in window  : 1: 100, 2: 84, 3: 83, 4: 69
DFA state entries cumulative : 1: 7500, 2: 4164, 3: 3497, 4: 2702
transitions cumulative       : 1->2: 4164, 2->3: 3497, 3->4: 2702
accepted directly from s0    : 0
Gym endings cumulative       : terminated=4674, truncated=124

[Episode 7600/8000 | last 100]
success rate                : 75.0% (cumulative 36.5%)
failure rate                : 0.0% (cumulative 0.0%)
completed cycles / episode  : 0.000
synthetic task reward       : 7500.000
shaping reward              : 3749.597
learning reward             : 11249.597
episode length              : 365.2
abstract changes / episode  : 117.7
DFA transitions / episode   : 2.47
DFA transitions in window   : 1->2: 87, 2->3: 85, 3->4: 75
epsilon (next episode)       : 0.04781
replay buffer                : 300000 samples [1: 47.7%, 2: 26.9%, 3: 25.4%, 4: 0.0%]
DFA state visits in window   : 1: 16916, 2: 10429, 3: 9202, 4: 75
DFA state visits cumulative  : 1: 1296944, 2: 554317, 3: 451334, 4: 2777
DFA state entries in window  : 1: 100, 2: 87, 3: 85, 4: 75
DFA state entries cumulative : 1: 7600, 2: 4251, 3: 3582, 4: 2777
transitions cumulative       : 1->2: 4251, 2->3: 3582, 3->4: 2777
accepted directly from s0    : 0
Gym endings cumulative       : terminated=4699, truncated=124

[Episode 7700/8000 | last 100]
success rate                : 71.0% (cumulative 37.0%)
failure rate                : 0.0% (cumulative 0.0%)
completed cycles / episode  : 0.000
synthetic task reward       : 7100.000
shaping reward              : 3501.234
learning reward             : 10601.234
episode length              : 352.0
abstract changes / episode  : 115.8
DFA transitions / episode   : 2.31
DFA transitions in window   : 1->2: 83, 2->3: 77, 3->4: 71
epsilon (next episode)       : 0.04593
replay buffer                : 300000 samples [1: 49.1%, 2: 26.6%, 3: 24.3%, 4: 0.0%]
DFA state visits in window   : 1: 18590, 2: 9512, 3: 7126, 4: 71
DFA state visits cumulative  : 1: 1315534, 2: 563829, 3: 458460, 4: 2848
DFA state entries in window  : 1: 100, 2: 83, 3: 77, 4: 71
DFA state entries cumulative : 1: 7700, 2: 4334, 3: 3659, 4: 2848
transitions cumulative       : 1->2: 4334, 2->3: 3659, 3->4: 2848
accepted directly from s0    : 0
Gym endings cumulative       : terminated=4728, truncated=124

[Episode 7800/8000 | last 100]
success rate                : 77.0% (cumulative 37.5%)
failure rate                : 0.0% (cumulative 0.0%)
completed cycles / episode  : 0.000
synthetic task reward       : 7700.000
shaping reward              : 3870.616
learning reward             : 11570.616
episode length              : 327.8
abstract changes / episode  : 110.8
DFA transitions / episode   : 2.53
DFA transitions in window   : 1->2: 92, 2->3: 84, 3->4: 77
epsilon (next episode)       : 0.04413
replay buffer                : 300000 samples [1: 48.6%, 2: 27.5%, 3: 23.9%, 4: 0.0%]
DFA state visits in window   : 1: 13925, 2: 10963, 3: 7918, 4: 77
DFA state visits cumulative  : 1: 1329459, 2: 574792, 3: 466378, 4: 2925
DFA state entries in window  : 1: 100, 2: 92, 3: 84, 4: 77
DFA state entries cumulative : 1: 7800, 2: 4426, 3: 3743, 4: 2925
transitions cumulative       : 1->2: 4426, 2->3: 3743, 3->4: 2925
accepted directly from s0    : 0
Gym endings cumulative       : terminated=4751, truncated=124

[Episode 7900/8000 | last 100]
success rate                : 68.0% (cumulative 37.9%)
failure rate                : 0.0% (cumulative 0.0%)
completed cycles / episode  : 0.000
synthetic task reward       : 6800.000
shaping reward              : 3562.483
learning reward             : 10362.483
episode length              : 339.9
abstract changes / episode  : 113.4
DFA transitions / episode   : 2.31
DFA transitions in window   : 1->2: 86, 2->3: 77, 3->4: 68
epsilon (next episode)       : 0.04240
replay buffer                : 300000 samples [1: 49.0%, 2: 27.5%, 3: 23.6%, 4: 0.0%]
DFA state visits in window   : 1: 16477, 2: 9676, 3: 7871, 4: 68
DFA state visits cumulative  : 1: 1345936, 2: 584468, 3: 474249, 4: 2993
DFA state entries in window  : 1: 100, 2: 86, 3: 77, 4: 68
DFA state entries cumulative : 1: 7900, 2: 4512, 3: 3820, 4: 2993
transitions cumulative       : 1->2: 4512, 2->3: 3820, 3->4: 2993
accepted directly from s0    : 0
Gym endings cumulative       : terminated=4783, truncated=124

[Episode 8000/8000 | last 100]
success rate                : 78.0% (cumulative 38.4%)
failure rate                : 0.0% (cumulative 0.0%)
completed cycles / episode  : 0.000
synthetic task reward       : 7800.000
shaping reward              : 4024.538
learning reward             : 11824.538
episode length              : 402.1
abstract changes / episode  : 124.6
DFA transitions / episode   : 2.62
DFA transitions in window   : 1->2: 97, 2->3: 87, 3->4: 78
epsilon (next episode)       : 0.04074
replay buffer                : 300000 samples [1: 48.5%, 2: 28.0%, 3: 23.5%, 4: 0.0%]
DFA state visits in window   : 1: 18848, 2: 12568, 3: 8818, 4: 78
DFA state visits cumulative  : 1: 1364784, 2: 597036, 3: 483067, 4: 3071
DFA state entries in window  : 1: 100, 2: 97, 3: 87, 4: 78
DFA state entries cumulative : 1: 8000, 2: 4609, 3: 3907, 4: 3071
transitions cumulative       : 1->2: 4609, 2->3: 3907, 3->4: 3071
accepted directly from s0    : 0
Gym endings cumulative       : terminated=4804, truncated=125

Starting autonomous greedy evaluation at episode 8000 (1000 fixed-seed episodes)...
[Greedy evaluation at episode 8000 | 1000 fixed-seed episodes]
success=79.1%, failure=0.0%, task reward=7910.000, length=486.8
DFA transitions: 1->2: 992, 2->3: 985, 3->4: 791
Last policy saved after episode 8000. Best greedy evaluation: episode 6000, mean task reward=10000.000
