
=== NEW RUN ===
episodes=8000, shaping=True, goal_reward=10000.0, gamma=0.99
gamma_shaping=1.0, shaping_formula=gamma_shaping*Phi(next)-Phi(state)
ground_unbiased_learner=False
eval_interval=500, eval_episodes=1000, eval_seed=100000
inter_level_shaping=False, inter_level_formula=gamma*Phi(next)-Phi(state)
task_type=ltlf, task=F(wp1 & X(F(wp2 & X(F(g1)))))
regions={wp1: {'center': [-0.75, 1.0625], 'radius': 0.1}, wp2: {'center': [0, 0.5], 'radius': 0.1}, g1: {'center': [0.75, 1.0625], 'radius': 0.1}}
dfa_states=[1, 2, 3, 4], pre_trace=1, accepting=[4], failure=[]

[Episode 1/8000 | last 1]
success rate                : 0.0% (cumulative 0.0%)
failure rate                : 0.0% (cumulative 0.0%)
completed cycles / episode  : 0.000
synthetic task reward       : 0.000
shaping reward              : -189.247
learning reward             : -189.247
episode length              : 107.0
abstract changes / episode  : 5.0
same abstract-state steps   : 95.3%
same-state shaping / episode: 0.000
changed-state shaping / ep. : -189.247
terminal shaping / episode  : 0.000
DFA transitions / episode   : 0.00
DFA transitions in window   : none
epsilon (next episode)       : 0.99960
replay buffer                : 107 samples [1: 100.0%, 2: 0.0%, 3: 0.0%, 4: 0.0%]
DFA state visits in window   : 1: 108, 2: 0, 3: 0, 4: 0
DFA state visits cumulative  : 1: 108, 2: 0, 3: 0, 4: 0
DFA state entries in window  : 1: 1, 2: 0, 3: 0, 4: 0
DFA state entries cumulative : 1: 1, 2: 0, 3: 0, 4: 0
transitions cumulative       : none
accepted directly from s0    : 0
Gym endings cumulative       : terminated=1, truncated=0

[Episode 100/8000 | last 100]
success rate                : 0.0% (cumulative 0.0%)
failure rate                : 0.0% (cumulative 0.0%)
completed cycles / episode  : 0.000
synthetic task reward       : 0.000
shaping reward              : -172.437
learning reward             : -172.437
episode length              : 91.4
abstract changes / episode  : 5.9
same abstract-state steps   : 93.6%
same-state shaping / episode: 0.000
changed-state shaping / ep. : -172.437
terminal shaping / episode  : 0.000
DFA transitions / episode   : 0.01
DFA transitions in window   : 1->2: 1
epsilon (next episode)       : 0.96078
replay buffer                : 9144 samples [1: 99.8%, 2: 0.2%, 3: 0.0%, 4: 0.0%]
DFA state visits in window   : 1: 9222, 2: 22, 3: 0, 4: 0
DFA state visits cumulative  : 1: 9222, 2: 22, 3: 0, 4: 0
DFA state entries in window  : 1: 100, 2: 1, 3: 0, 4: 0
DFA state entries cumulative : 1: 100, 2: 1, 3: 0, 4: 0
transitions cumulative       : 1->2: 1
accepted directly from s0    : 0
Gym endings cumulative       : terminated=100, truncated=0

[Episode 200/8000 | last 100]
success rate                : 0.0% (cumulative 0.0%)
failure rate                : 0.0% (cumulative 0.0%)
completed cycles / episode  : 0.000
synthetic task reward       : 0.000
shaping reward              : -156.440
learning reward             : -156.440
episode length              : 104.6
abstract changes / episode  : 5.9
same abstract-state steps   : 94.4%
same-state shaping / episode: 0.000
changed-state shaping / ep. : -156.440
terminal shaping / episode  : 0.000
DFA transitions / episode   : 0.02
DFA transitions in window   : 1->2: 2
epsilon (next episode)       : 0.92310
replay buffer                : 19604 samples [1: 99.7%, 2: 0.3%, 3: 0.0%, 4: 0.0%]
DFA state visits in window   : 1: 10525, 2: 35, 3: 0, 4: 0
DFA state visits cumulative  : 1: 19747, 2: 57, 3: 0, 4: 0
DFA state entries in window  : 1: 100, 2: 2, 3: 0, 4: 0
DFA state entries cumulative : 1: 200, 2: 3, 3: 0, 4: 0
transitions cumulative       : 1->2: 3
accepted directly from s0    : 0
Gym endings cumulative       : terminated=199, truncated=1

[Episode 300/8000 | last 100]
success rate                : 0.0% (cumulative 0.0%)
failure rate                : 0.0% (cumulative 0.0%)
completed cycles / episode  : 0.000
synthetic task reward       : 0.000
shaping reward              : -168.784
learning reward             : -168.784
episode length              : 97.6
abstract changes / episode  : 5.9
same abstract-state steps   : 93.9%
same-state shaping / episode: 0.000
changed-state shaping / ep. : -168.784
terminal shaping / episode  : -0.941
DFA transitions / episode   : 0.00
DFA transitions in window   : none
epsilon (next episode)       : 0.88690
replay buffer                : 29360 samples [1: 99.8%, 2: 0.2%, 3: 0.0%, 4: 0.0%]
DFA state visits in window   : 1: 9856, 2: 0, 3: 0, 4: 0
DFA state visits cumulative  : 1: 29603, 2: 57, 3: 0, 4: 0
DFA state entries in window  : 1: 100, 2: 0, 3: 0, 4: 0
DFA state entries cumulative : 1: 300, 2: 3, 3: 0, 4: 0
transitions cumulative       : 1->2: 3
accepted directly from s0    : 0
Gym endings cumulative       : terminated=299, truncated=1

[Episode 400/8000 | last 100]
success rate                : 0.0% (cumulative 0.0%)
failure rate                : 0.0% (cumulative 0.0%)
completed cycles / episode  : 0.000
synthetic task reward       : 0.000
shaping reward              : -151.666
learning reward             : -151.666
episode length              : 92.4
abstract changes / episode  : 5.8
same abstract-state steps   : 93.7%
same-state shaping / episode: 0.000
changed-state shaping / ep. : -151.666
terminal shaping / episode  : 0.000
DFA transitions / episode   : 0.02
DFA transitions in window   : 1->2: 2
epsilon (next episode)       : 0.85212
replay buffer                : 38599 samples [1: 99.8%, 2: 0.2%, 3: 0.0%, 4: 0.0%]
DFA state visits in window   : 1: 9297, 2: 42, 3: 0, 4: 0
DFA state visits cumulative  : 1: 38900, 2: 99, 3: 0, 4: 0
DFA state entries in window  : 1: 100, 2: 2, 3: 0, 4: 0
DFA state entries cumulative : 1: 400, 2: 5, 3: 0, 4: 0
transitions cumulative       : 1->2: 5
accepted directly from s0    : 0
Gym endings cumulative       : terminated=399, truncated=1

[Episode 500/8000 | last 100]
success rate                : 0.0% (cumulative 0.0%)
failure rate                : 0.0% (cumulative 0.0%)
completed cycles / episode  : 0.000
synthetic task reward       : 0.000
shaping reward              : -153.644
learning reward             : -153.644
episode length              : 100.3
abstract changes / episode  : 6.0
same abstract-state steps   : 94.0%
same-state shaping / episode: 0.000
changed-state shaping / ep. : -153.644
terminal shaping / episode  : -1.883
DFA transitions / episode   : 0.02
DFA transitions in window   : 1->2: 2
epsilon (next episode)       : 0.81870
replay buffer                : 48631 samples [1: 99.7%, 2: 0.3%, 3: 0.0%, 4: 0.0%]
DFA state visits in window   : 1: 10091, 2: 41, 3: 0, 4: 0
DFA state visits cumulative  : 1: 48991, 2: 140, 3: 0, 4: 0
DFA state entries in window  : 1: 100, 2: 2, 3: 0, 4: 0
DFA state entries cumulative : 1: 500, 2: 7, 3: 0, 4: 0
transitions cumulative       : 1->2: 7
accepted directly from s0    : 0
Gym endings cumulative       : terminated=499, truncated=1

Starting autonomous greedy evaluation at episode 500 (1000 fixed-seed episodes)...
[Greedy evaluation at episode 500 | 1000 fixed-seed episodes]
success=0.0%, failure=0.0%, task reward=0.000, length=121.2
DFA transitions: 1->2: 5
Best policy updated from autonomous greedy evaluation at episode 500.

[Episode 600/8000 | last 100]
success rate                : 0.0% (cumulative 0.0%)
failure rate                : 0.0% (cumulative 0.0%)
completed cycles / episode  : 0.000
synthetic task reward       : 0.000
shaping reward              : -155.300
learning reward             : -155.300
episode length              : 106.7
abstract changes / episode  : 6.1
same abstract-state steps   : 94.3%
same-state shaping / episode: 0.000
changed-state shaping / ep. : -155.300
terminal shaping / episode  : 0.000
DFA transitions / episode   : 0.03
DFA transitions in window   : 1->2: 3
epsilon (next episode)       : 0.78659
replay buffer                : 59305 samples [1: 99.6%, 2: 0.4%, 3: 0.0%, 4: 0.0%]
DFA state visits in window   : 1: 10671, 2: 103, 3: 0, 4: 0
DFA state visits cumulative  : 1: 59662, 2: 243, 3: 0, 4: 0
DFA state entries in window  : 1: 100, 2: 3, 3: 0, 4: 0
DFA state entries cumulative : 1: 600, 2: 10, 3: 0, 4: 0
transitions cumulative       : 1->2: 10
accepted directly from s0    : 0
Gym endings cumulative       : terminated=599, truncated=1

[Episode 700/8000 | last 100]
success rate                : 0.0% (cumulative 0.0%)
failure rate                : 0.0% (cumulative 0.0%)
completed cycles / episode  : 0.000
synthetic task reward       : 0.000
shaping reward              : -143.221
learning reward             : -143.221
episode length              : 104.2
abstract changes / episode  : 5.9
same abstract-state steps   : 94.4%
same-state shaping / episode: 0.000
changed-state shaping / ep. : -143.221
terminal shaping / episode  : 0.000
DFA transitions / episode   : 0.03
DFA transitions in window   : 1->2: 3
epsilon (next episode)       : 0.75574
replay buffer                : 69725 samples [1: 99.6%, 2: 0.4%, 3: 0.0%, 4: 0.0%]
DFA state visits in window   : 1: 10451, 2: 69, 3: 0, 4: 0
DFA state visits cumulative  : 1: 70113, 2: 312, 3: 0, 4: 0
DFA state entries in window  : 1: 100, 2: 3, 3: 0, 4: 0
DFA state entries cumulative : 1: 700, 2: 13, 3: 0, 4: 0
transitions cumulative       : 1->2: 13
accepted directly from s0    : 0
Gym endings cumulative       : terminated=699, truncated=1

[Episode 800/8000 | last 100]
success rate                : 0.0% (cumulative 0.0%)
failure rate                : 0.0% (cumulative 0.0%)
completed cycles / episode  : 0.000
synthetic task reward       : 0.000
shaping reward              : -142.242
learning reward             : -142.242
episode length              : 105.9
abstract changes / episode  : 6.0
same abstract-state steps   : 94.4%
same-state shaping / episode: 0.000
changed-state shaping / ep. : -142.242
terminal shaping / episode  : -1.864
DFA transitions / episode   : 0.02
DFA transitions in window   : 1->2: 2
epsilon (next episode)       : 0.72610
replay buffer                : 80316 samples [1: 99.6%, 2: 0.4%, 3: 0.0%, 4: 0.0%]
DFA state visits in window   : 1: 10628, 2: 63, 3: 0, 4: 0
DFA state visits cumulative  : 1: 80741, 2: 375, 3: 0, 4: 0
DFA state entries in window  : 1: 100, 2: 2, 3: 0, 4: 0
DFA state entries cumulative : 1: 800, 2: 15, 3: 0, 4: 0
transitions cumulative       : 1->2: 15
accepted directly from s0    : 0
Gym endings cumulative       : terminated=799, truncated=1

[Episode 900/8000 | last 100]
success rate                : 0.0% (cumulative 0.0%)
failure rate                : 0.0% (cumulative 0.0%)
completed cycles / episode  : 0.000
synthetic task reward       : 0.000
shaping reward              : -139.379
learning reward             : -139.379
episode length              : 111.2
abstract changes / episode  : 6.1
same abstract-state steps   : 94.5%
same-state shaping / episode: 0.000
changed-state shaping / ep. : -139.379
terminal shaping / episode  : -0.941
DFA transitions / episode   : 0.04
DFA transitions in window   : 1->2: 4
epsilon (next episode)       : 0.69763
replay buffer                : 91441 samples [1: 99.4%, 2: 0.6%, 3: 0.0%, 4: 0.0%]
DFA state visits in window   : 1: 11068, 2: 157, 3: 0, 4: 0
DFA state visits cumulative  : 1: 91809, 2: 532, 3: 0, 4: 0
DFA state entries in window  : 1: 100, 2: 4, 3: 0, 4: 0
DFA state entries cumulative : 1: 900, 2: 19, 3: 0, 4: 0
transitions cumulative       : 1->2: 19
accepted directly from s0    : 0
Gym endings cumulative       : terminated=899, truncated=1

[Episode 1000/8000 | last 100]
success rate                : 0.0% (cumulative 0.0%)
failure rate                : 0.0% (cumulative 0.0%)
completed cycles / episode  : 0.000
synthetic task reward       : 0.000
shaping reward              : -110.088
learning reward             : -110.088
episode length              : 119.6
abstract changes / episode  : 6.1
same abstract-state steps   : 94.9%
same-state shaping / episode: 0.000
changed-state shaping / ep. : -110.088
terminal shaping / episode  : -0.941
DFA transitions / episode   : 0.09
DFA transitions in window   : 1->2: 9
epsilon (next episode)       : 0.67027
replay buffer                : 103405 samples [1: 99.3%, 2: 0.7%, 3: 0.0%, 4: 0.0%]
DFA state visits in window   : 1: 11813, 2: 251, 3: 0, 4: 0
DFA state visits cumulative  : 1: 103622, 2: 783, 3: 0, 4: 0
DFA state entries in window  : 1: 100, 2: 9, 3: 0, 4: 0
DFA state entries cumulative : 1: 1000, 2: 28, 3: 0, 4: 0
transitions cumulative       : 1->2: 28
accepted directly from s0    : 0
Gym endings cumulative       : terminated=999, truncated=1

Starting autonomous greedy evaluation at episode 1000 (1000 fixed-seed episodes)...
[Greedy evaluation at episode 1000 | 1000 fixed-seed episodes]
success=0.0%, failure=0.0%, task reward=0.000, length=112.7
DFA transitions: 1->2: 4
Best policy updated from autonomous greedy evaluation at episode 1000.

[Episode 1100/8000 | last 100]
success rate                : 0.0% (cumulative 0.0%)
failure rate                : 0.0% (cumulative 0.0%)
completed cycles / episode  : 0.000
synthetic task reward       : 0.000
shaping reward              : -123.297
learning reward             : -123.297
episode length              : 118.7
abstract changes / episode  : 6.0
same abstract-state steps   : 94.9%
same-state shaping / episode: 0.000
changed-state shaping / ep. : -123.297
terminal shaping / episode  : -2.834
DFA transitions / episode   : 0.09
DFA transitions in window   : 1->2: 9
epsilon (next episode)       : 0.64398
replay buffer                : 115271 samples [1: 99.2%, 2: 0.8%, 3: 0.0%, 4: 0.0%]
DFA state visits in window   : 1: 11738, 2: 228, 3: 0, 4: 0
DFA state visits cumulative  : 1: 115360, 2: 1011, 3: 0, 4: 0
DFA state entries in window  : 1: 100, 2: 9, 3: 0, 4: 0
DFA state entries cumulative : 1: 1100, 2: 37, 3: 0, 4: 0
transitions cumulative       : 1->2: 37
accepted directly from s0    : 0
Gym endings cumulative       : terminated=1099, truncated=1

[Episode 1200/8000 | last 100]
success rate                : 0.0% (cumulative 0.0%)
failure rate                : 0.0% (cumulative 0.0%)
completed cycles / episode  : 0.000
synthetic task reward       : 0.000
shaping reward              : -114.806
learning reward             : -114.806
episode length              : 128.9
abstract changes / episode  : 5.4
same abstract-state steps   : 95.8%
same-state shaping / episode: 0.000
changed-state shaping / ep. : -114.806
terminal shaping / episode  : 0.000
DFA transitions / episode   : 0.04
DFA transitions in window   : 1->2: 4
epsilon (next episode)       : 0.61872
replay buffer                : 128160 samples [1: 99.1%, 2: 0.9%, 3: 0.0%, 4: 0.0%]
DFA state visits in window   : 1: 12849, 2: 140, 3: 0, 4: 0
DFA state visits cumulative  : 1: 128209, 2: 1151, 3: 0, 4: 0
DFA state entries in window  : 1: 100, 2: 4, 3: 0, 4: 0
DFA state entries cumulative : 1: 1200, 2: 41, 3: 0, 4: 0
transitions cumulative       : 1->2: 41
accepted directly from s0    : 0
Gym endings cumulative       : terminated=1199, truncated=1

[Episode 1300/8000 | last 100]
success rate                : 0.0% (cumulative 0.0%)
failure rate                : 0.0% (cumulative 0.0%)
completed cycles / episode  : 0.000
synthetic task reward       : 0.000
shaping reward              : -151.657
learning reward             : -151.657
episode length              : 154.9
abstract changes / episode  : 5.9
same abstract-state steps   : 96.2%
same-state shaping / episode: 0.000
changed-state shaping / ep. : -151.657
terminal shaping / episode  : 0.000
DFA transitions / episode   : 0.03
DFA transitions in window   : 1->2: 3
epsilon (next episode)       : 0.59446
replay buffer                : 143651 samples [1: 99.2%, 2: 0.8%, 3: 0.0%, 4: 0.0%]
DFA state visits in window   : 1: 15485, 2: 106, 3: 0, 4: 0
DFA state visits cumulative  : 1: 143694, 2: 1257, 3: 0, 4: 0
DFA state entries in window  : 1: 100, 2: 3, 3: 0, 4: 0
DFA state entries cumulative : 1: 1300, 2: 44, 3: 0, 4: 0
transitions cumulative       : 1->2: 44
accepted directly from s0    : 0
Gym endings cumulative       : terminated=1299, truncated=1

[Episode 1400/8000 | last 100]
success rate                : 0.0% (cumulative 0.0%)
failure rate                : 0.0% (cumulative 0.0%)
completed cycles / episode  : 0.000
synthetic task reward       : 0.000
shaping reward              : -169.603
learning reward             : -169.603
episode length              : 173.5
abstract changes / episode  : 6.3
same abstract-state steps   : 96.4%
same-state shaping / episode: 0.000
changed-state shaping / ep. : -169.603
terminal shaping / episode  : 0.000
DFA transitions / episode   : 0.00
DFA transitions in window   : none
epsilon (next episode)       : 0.57115
replay buffer                : 160997 samples [1: 99.2%, 2: 0.8%, 3: 0.0%, 4: 0.0%]
DFA state visits in window   : 1: 17446, 2: 0, 3: 0, 4: 0
DFA state visits cumulative  : 1: 161140, 2: 1257, 3: 0, 4: 0
DFA state entries in window  : 1: 100, 2: 0, 3: 0, 4: 0
DFA state entries cumulative : 1: 1400, 2: 44, 3: 0, 4: 0
transitions cumulative       : 1->2: 44
accepted directly from s0    : 0
Gym endings cumulative       : terminated=1399, truncated=1

[Episode 1500/8000 | last 100]
success rate                : 0.0% (cumulative 0.0%)
failure rate                : 0.0% (cumulative 0.0%)
completed cycles / episode  : 0.000
synthetic task reward       : 0.000
shaping reward              : -155.509
learning reward             : -155.509
episode length              : 209.8
abstract changes / episode  : 6.8
same abstract-state steps   : 96.7%
same-state shaping / episode: 0.000
changed-state shaping / ep. : -155.509
terminal shaping / episode  : 0.941
DFA transitions / episode   : 0.00
DFA transitions in window   : none
epsilon (next episode)       : 0.54875
replay buffer                : 181980 samples [1: 99.3%, 2: 0.7%, 3: 0.0%, 4: 0.0%]
DFA state visits in window   : 1: 21083, 2: 0, 3: 0, 4: 0
DFA state visits cumulative  : 1: 182223, 2: 1257, 3: 0, 4: 0
DFA state entries in window  : 1: 100, 2: 0, 3: 0, 4: 0
DFA state entries cumulative : 1: 1500, 2: 44, 3: 0, 4: 0
transitions cumulative       : 1->2: 44
accepted directly from s0    : 0
Gym endings cumulative       : terminated=1499, truncated=1

Starting autonomous greedy evaluation at episode 1500 (1000 fixed-seed episodes)...
[Greedy evaluation at episode 1500 | 1000 fixed-seed episodes]
success=0.0%, failure=0.0%, task reward=0.000, length=182.9
DFA transitions: none

[Episode 1600/8000 | last 100]
success rate                : 0.0% (cumulative 0.0%)
failure rate                : 0.0% (cumulative 0.0%)
completed cycles / episode  : 0.000
synthetic task reward       : 0.000
shaping reward              : -112.132
learning reward             : -112.132
episode length              : 203.2
abstract changes / episode  : 6.7
same abstract-state steps   : 96.7%
same-state shaping / episode: 0.000
changed-state shaping / ep. : -112.132
terminal shaping / episode  : 0.000
DFA transitions / episode   : 0.04
DFA transitions in window   : 1->2: 4
epsilon (next episode)       : 0.52722
replay buffer                : 202304 samples [1: 99.3%, 2: 0.7%, 3: 0.0%, 4: 0.0%]
DFA state visits in window   : 1: 20183, 2: 241, 3: 0, 4: 0
DFA state visits cumulative  : 1: 202406, 2: 1498, 3: 0, 4: 0
DFA state entries in window  : 1: 100, 2: 4, 3: 0, 4: 0
DFA state entries cumulative : 1: 1600, 2: 48, 3: 0, 4: 0
transitions cumulative       : 1->2: 48
accepted directly from s0    : 0
Gym endings cumulative       : terminated=1599, truncated=1

[Episode 1700/8000 | last 100]
success rate                : 0.0% (cumulative 0.0%)
failure rate                : 0.0% (cumulative 0.0%)
completed cycles / episode  : 0.000
synthetic task reward       : 0.000
shaping reward              : -92.019
learning reward             : -92.019
episode length              : 208.3
abstract changes / episode  : 6.5
same abstract-state steps   : 96.9%
same-state shaping / episode: 0.000
changed-state shaping / ep. : -92.019
terminal shaping / episode  : 0.000
DFA transitions / episode   : 0.10
DFA transitions in window   : 1->2: 10
epsilon (next episode)       : 0.50655
replay buffer                : 223138 samples [1: 99.0%, 2: 1.0%, 3: 0.0%, 4: 0.0%]
DFA state visits in window   : 1: 20186, 2: 748, 3: 0, 4: 0
DFA state visits cumulative  : 1: 222592, 2: 2246, 3: 0, 4: 0
DFA state entries in window  : 1: 100, 2: 10, 3: 0, 4: 0
DFA state entries cumulative : 1: 1700, 2: 58, 3: 0, 4: 0
transitions cumulative       : 1->2: 58
accepted directly from s0    : 0
Gym endings cumulative       : terminated=1699, truncated=1

[Episode 1800/8000 | last 100]
success rate                : 0.0% (cumulative 0.0%)
failure rate                : 0.0% (cumulative 0.0%)
completed cycles / episode  : 0.000
synthetic task reward       : 0.000
shaping reward              : -122.499
learning reward             : -122.499
episode length              : 264.4
abstract changes / episode  : 7.6
same abstract-state steps   : 97.1%
same-state shaping / episode: 0.000
changed-state shaping / ep. : -122.499
terminal shaping / episode  : 0.000
DFA transitions / episode   : 0.03
DFA transitions in window   : 1->2: 3
epsilon (next episode)       : 0.48668
replay buffer                : 249581 samples [1: 99.1%, 2: 0.9%, 3: 0.0%, 4: 0.0%]
DFA state visits in window   : 1: 26443, 2: 100, 3: 0, 4: 0
DFA state visits cumulative  : 1: 249035, 2: 2346, 3: 0, 4: 0
DFA state entries in window  : 1: 100, 2: 3, 3: 0, 4: 0
DFA state entries cumulative : 1: 1800, 2: 61, 3: 0, 4: 0
transitions cumulative       : 1->2: 61
accepted directly from s0    : 0
Gym endings cumulative       : terminated=1796, truncated=4

[Episode 1900/8000 | last 100]
success rate                : 0.0% (cumulative 0.0%)
failure rate                : 0.0% (cumulative 0.0%)
completed cycles / episode  : 0.000
synthetic task reward       : 0.000
shaping reward              : -168.699
learning reward             : -168.699
episode length              : 231.9
abstract changes / episode  : 6.6
same abstract-state steps   : 97.2%
same-state shaping / episode: 0.000
changed-state shaping / ep. : -168.699
terminal shaping / episode  : -1.874
DFA transitions / episode   : 0.01
DFA transitions in window   : 1->2: 1
epsilon (next episode)       : 0.46760
replay buffer                : 272775 samples [1: 99.1%, 2: 0.9%, 3: 0.0%, 4: 0.0%]
DFA state visits in window   : 1: 23243, 2: 51, 3: 0, 4: 0
DFA state visits cumulative  : 1: 272278, 2: 2397, 3: 0, 4: 0
DFA state entries in window  : 1: 100, 2: 1, 3: 0, 4: 0
DFA state entries cumulative : 1: 1900, 2: 62, 3: 0, 4: 0
transitions cumulative       : 1->2: 62
accepted directly from s0    : 0
Gym endings cumulative       : terminated=1886, truncated=14

[Episode 2000/8000 | last 100]
success rate                : 0.0% (cumulative 0.0%)
failure rate                : 0.0% (cumulative 0.0%)
completed cycles / episode  : 0.000
synthetic task reward       : 0.000
shaping reward              : -163.097
learning reward             : -163.097
episode length              : 227.7
abstract changes / episode  : 6.4
same abstract-state steps   : 97.2%
same-state shaping / episode: 0.000
changed-state shaping / ep. : -163.097
terminal shaping / episode  : -0.932
DFA transitions / episode   : 0.00
DFA transitions in window   : none
epsilon (next episode)       : 0.44926
replay buffer                : 295546 samples [1: 99.2%, 2: 0.8%, 3: 0.0%, 4: 0.0%]
DFA state visits in window   : 1: 22871, 2: 0, 3: 0, 4: 0
DFA state visits cumulative  : 1: 295149, 2: 2397, 3: 0, 4: 0
DFA state entries in window  : 1: 100, 2: 0, 3: 0, 4: 0
DFA state entries cumulative : 1: 2000, 2: 62, 3: 0, 4: 0
transitions cumulative       : 1->2: 62
accepted directly from s0    : 0
Gym endings cumulative       : terminated=1975, truncated=25

Starting autonomous greedy evaluation at episode 2000 (1000 fixed-seed episodes)...
[Greedy evaluation at episode 2000 | 1000 fixed-seed episodes]
success=0.0%, failure=0.0%, task reward=0.000, length=413.0
DFA transitions: 1->2: 5

[Episode 2100/8000 | last 100]
success rate                : 0.0% (cumulative 0.0%)
failure rate                : 0.0% (cumulative 0.0%)
completed cycles / episode  : 0.000
synthetic task reward       : 0.000
shaping reward              : -143.353
learning reward             : -143.353
episode length              : 261.6
abstract changes / episode  : 6.8
same abstract-state steps   : 97.4%
same-state shaping / episode: 0.000
changed-state shaping / ep. : -143.353
terminal shaping / episode  : 0.951
DFA transitions / episode   : 0.03
DFA transitions in window   : 1->2: 3
epsilon (next episode)       : 0.43164
replay buffer                : 300000 samples [1: 99.2%, 2: 0.8%, 3: 0.0%, 4: 0.0%]
DFA state visits in window   : 1: 26087, 2: 169, 3: 0, 4: 0
DFA state visits cumulative  : 1: 321236, 2: 2566, 3: 0, 4: 0
DFA state entries in window  : 1: 100, 2: 3, 3: 0, 4: 0
DFA state entries cumulative : 1: 2100, 2: 65, 3: 0, 4: 0
transitions cumulative       : 1->2: 65
accepted directly from s0    : 0
Gym endings cumulative       : terminated=2064, truncated=36

[Episode 2200/8000 | last 100]
success rate                : 0.0% (cumulative 0.0%)
failure rate                : 0.0% (cumulative 0.0%)
completed cycles / episode  : 0.000
synthetic task reward       : 0.000
shaping reward              : -62.651
learning reward             : -62.651
episode length              : 212.5
abstract changes / episode  : 6.7
same abstract-state steps   : 96.8%
same-state shaping / episode: 0.000
changed-state shaping / ep. : -62.651
terminal shaping / episode  : 0.000
DFA transitions / episode   : 0.12
DFA transitions in window   : 1->2: 12
epsilon (next episode)       : 0.41471
replay buffer                : 300000 samples [1: 98.9%, 2: 1.1%, 3: 0.0%, 4: 0.0%]
DFA state visits in window   : 1: 20397, 2: 956, 3: 0, 4: 0
DFA state visits cumulative  : 1: 341633, 2: 3522, 3: 0, 4: 0
DFA state entries in window  : 1: 100, 2: 12, 3: 0, 4: 0
DFA state entries cumulative : 1: 2200, 2: 77, 3: 0, 4: 0
transitions cumulative       : 1->2: 77
accepted directly from s0    : 0
Gym endings cumulative       : terminated=2164, truncated=36

[Episode 2300/8000 | last 100]
success rate                : 0.0% (cumulative 0.0%)
failure rate                : 0.0% (cumulative 0.0%)
completed cycles / episode  : 0.000
synthetic task reward       : 0.000
shaping reward              : -96.725
learning reward             : -96.725
episode length              : 324.1
abstract changes / episode  : 9.1
same abstract-state steps   : 97.2%
same-state shaping / episode: 0.000
changed-state shaping / ep. : -96.725
terminal shaping / episode  : 0.000
DFA transitions / episode   : 0.11
DFA transitions in window   : 1->2: 11
epsilon (next episode)       : 0.39845
replay buffer                : 300000 samples [1: 98.4%, 2: 1.6%, 3: 0.0%, 4: 0.0%]
DFA state visits in window   : 1: 30820, 2: 1691, 3: 0, 4: 0
DFA state visits cumulative  : 1: 372453, 2: 5213, 3: 0, 4: 0
DFA state entries in window  : 1: 100, 2: 11, 3: 0, 4: 0
DFA state entries cumulative : 1: 2300, 2: 88, 3: 0, 4: 0
transitions cumulative       : 1->2: 88
accepted directly from s0    : 0
Gym endings cumulative       : terminated=2255, truncated=45

[Episode 2400/8000 | last 100]
success rate                : 1.0% (cumulative 0.0%)
failure rate                : 0.0% (cumulative 0.0%)
completed cycles / episode  : 0.000
synthetic task reward       : 100.000
shaping reward              : -35.846
learning reward             : 64.154
episode length              : 334.3
abstract changes / episode  : 9.6
same abstract-state steps   : 97.1%
same-state shaping / episode: 0.000
changed-state shaping / ep. : -35.846
terminal shaping / episode  : 1.000
DFA transitions / episode   : 0.26
DFA transitions in window   : 1->2: 21, 2->3: 4, 3->4: 1
epsilon (next episode)       : 0.38282
replay buffer                : 300000 samples [1: 97.6%, 2: 2.3%, 3: 0.2%, 4: 0.0%]
DFA state visits in window   : 1: 30563, 2: 2494, 3: 468, 4: 1
DFA state visits cumulative  : 1: 403016, 2: 7707, 3: 468, 4: 1
DFA state entries in window  : 1: 100, 2: 21, 3: 4, 4: 1
DFA state entries cumulative : 1: 2400, 2: 109, 3: 4, 4: 1
transitions cumulative       : 1->2: 109, 2->3: 4, 3->4: 1
accepted directly from s0    : 0
Gym endings cumulative       : terminated=2349, truncated=50

[Episode 2500/8000 | last 100]
success rate                : 0.0% (cumulative 0.0%)
failure rate                : 0.0% (cumulative 0.0%)
completed cycles / episode  : 0.000
synthetic task reward       : 0.000
shaping reward              : -104.866
learning reward             : -104.866
episode length              : 307.6
abstract changes / episode  : 9.7
same abstract-state steps   : 96.8%
same-state shaping / episode: 0.000
changed-state shaping / ep. : -104.866
terminal shaping / episode  : 0.000
DFA transitions / episode   : 0.19
DFA transitions in window   : 1->2: 15, 2->3: 4
epsilon (next episode)       : 0.36781
replay buffer                : 300000 samples [1: 96.7%, 2: 3.1%, 3: 0.3%, 4: 0.0%]
DFA state visits in window   : 1: 27666, 2: 2883, 3: 311, 4: 0
DFA state visits cumulative  : 1: 430682, 2: 10590, 3: 779, 4: 1
DFA state entries in window  : 1: 100, 2: 15, 3: 4, 4: 0
DFA state entries cumulative : 1: 2500, 2: 124, 3: 8, 4: 1
transitions cumulative       : 1->2: 124, 2->3: 8, 3->4: 1
accepted directly from s0    : 0
Gym endings cumulative       : terminated=2443, truncated=56

Starting autonomous greedy evaluation at episode 2500 (1000 fixed-seed episodes)...
[Greedy evaluation at episode 2500 | 1000 fixed-seed episodes]
success=0.0%, failure=0.0%, task reward=0.000, length=713.3
DFA transitions: 1->2: 38

[Episode 2600/8000 | last 100]
success rate                : 0.0% (cumulative 0.0%)
failure rate                : 0.0% (cumulative 0.0%)
completed cycles / episode  : 0.000
synthetic task reward       : 0.000
shaping reward              : -143.366
learning reward             : -143.366
episode length              : 250.7
abstract changes / episode  : 6.6
same abstract-state steps   : 97.4%
same-state shaping / episode: 0.000
changed-state shaping / ep. : -143.366
terminal shaping / episode  : 0.000
DFA transitions / episode   : 0.10
DFA transitions in window   : 1->2: 10
epsilon (next episode)       : 0.35338
replay buffer                : 300000 samples [1: 95.6%, 2: 4.2%, 3: 0.3%, 4: 0.0%]
DFA state visits in window   : 1: 21943, 2: 3229, 3: 0, 4: 0
DFA state visits cumulative  : 1: 452625, 2: 13819, 3: 779, 4: 1
DFA state entries in window  : 1: 100, 2: 10, 3: 0, 4: 0
DFA state entries cumulative : 1: 2600, 2: 134, 3: 8, 4: 1
transitions cumulative       : 1->2: 134, 2->3: 8, 3->4: 1
accepted directly from s0    : 0
Gym endings cumulative       : terminated=2542, truncated=57

[Episode 2700/8000 | last 100]
success rate                : 0.0% (cumulative 0.0%)
failure rate                : 0.0% (cumulative 0.0%)
completed cycles / episode  : 0.000
synthetic task reward       : 0.000
shaping reward              : -86.106
learning reward             : -86.106
episode length              : 481.9
abstract changes / episode  : 10.3
same abstract-state steps   : 97.9%
same-state shaping / episode: 0.000
changed-state shaping / ep. : -86.106
terminal shaping / episode  : 0.000
DFA transitions / episode   : 0.08
DFA transitions in window   : 1->2: 8
epsilon (next episode)       : 0.33952
replay buffer                : 300000 samples [1: 95.6%, 2: 4.2%, 3: 0.3%, 4: 0.0%]
DFA state visits in window   : 1: 47530, 2: 759, 3: 0, 4: 0
DFA state visits cumulative  : 1: 500155, 2: 14578, 3: 779, 4: 1
DFA state entries in window  : 1: 100, 2: 8, 3: 0, 4: 0
DFA state entries cumulative : 1: 2700, 2: 142, 3: 8, 4: 1
transitions cumulative       : 1->2: 142, 2->3: 8, 3->4: 1
accepted directly from s0    : 0
Gym endings cumulative       : terminated=2639, truncated=60

[Episode 2800/8000 | last 100]
success rate                : 0.0% (cumulative 0.0%)
failure rate                : 0.0% (cumulative 0.0%)
completed cycles / episode  : 0.000
synthetic task reward       : 0.000
shaping reward              : 2.974
learning reward             : 2.974
episode length              : 473.1
abstract changes / episode  : 13.7
same abstract-state steps   : 97.1%
same-state shaping / episode: 0.000
changed-state shaping / ep. : 2.974
terminal shaping / episode  : 0.000
DFA transitions / episode   : 0.30
DFA transitions in window   : 1->2: 26, 2->3: 4
epsilon (next episode)       : 0.32621
replay buffer                : 300000 samples [1: 93.8%, 2: 5.6%, 3: 0.6%, 4: 0.0%]
DFA state visits in window   : 1: 41595, 2: 4749, 3: 1061, 4: 0
DFA state visits cumulative  : 1: 541750, 2: 19327, 3: 1840, 4: 1
DFA state entries in window  : 1: 100, 2: 26, 3: 4, 4: 0
DFA state entries cumulative : 1: 2800, 2: 168, 3: 12, 4: 1
transitions cumulative       : 1->2: 168, 2->3: 12, 3->4: 1
accepted directly from s0    : 0
Gym endings cumulative       : terminated=2722, truncated=77

[Episode 2900/8000 | last 100]
success rate                : 1.0% (cumulative 0.1%)
failure rate                : 0.0% (cumulative 0.0%)
completed cycles / episode  : 0.000
synthetic task reward       : 100.000
shaping reward              : 31.146
learning reward             : 131.146
episode length              : 382.1
abstract changes / episode  : 12.6
same abstract-state steps   : 96.7%
same-state shaping / episode: 0.000
changed-state shaping / ep. : 31.146
terminal shaping / episode  : 1.000
DFA transitions / episode   : 0.48
DFA transitions in window   : 1->2: 37, 2->3: 10, 3->4: 1
epsilon (next episode)       : 0.31341
replay buffer                : 300000 samples [1: 89.6%, 2: 9.0%, 3: 1.4%, 4: 0.0%]
DFA state visits in window   : 1: 25763, 2: 10114, 3: 2428, 4: 1
DFA state visits cumulative  : 1: 567513, 2: 29441, 3: 4268, 4: 2
DFA state entries in window  : 1: 100, 2: 37, 3: 10, 4: 1
DFA state entries cumulative : 1: 2900, 2: 205, 3: 22, 4: 2
transitions cumulative       : 1->2: 205, 2->3: 22, 3->4: 2
accepted directly from s0    : 0
Gym endings cumulative       : terminated=2812, truncated=86

[Episode 3000/8000 | last 100]
success rate                : 2.0% (cumulative 0.1%)
failure rate                : 0.0% (cumulative 0.0%)
completed cycles / episode  : 0.000
synthetic task reward       : 200.000
shaping reward              : 70.504
learning reward             : 270.504
episode length              : 382.0
abstract changes / episode  : 13.8
same abstract-state steps   : 96.4%
same-state shaping / episode: 0.000
changed-state shaping / ep. : 70.504
terminal shaping / episode  : 2.951
DFA transitions / episode   : 0.57
DFA transitions in window   : 1->2: 44, 2->3: 11, 3->4: 2
epsilon (next episode)       : 0.30112
replay buffer                : 300000 samples [1: 85.9%, 2: 12.0%, 3: 2.1%, 4: 0.0%]
DFA state visits in window   : 1: 26446, 2: 9769, 3: 2086, 4: 2
DFA state visits cumulative  : 1: 593959, 2: 39210, 3: 6354, 4: 4
DFA state entries in window  : 1: 100, 2: 44, 3: 11, 4: 2
DFA state entries cumulative : 1: 3000, 2: 249, 3: 33, 4: 4
transitions cumulative       : 1->2: 249, 2->3: 33, 3->4: 4
accepted directly from s0    : 0
Gym endings cumulative       : terminated=2898, truncated=98

Starting autonomous greedy evaluation at episode 3000 (1000 fixed-seed episodes)...
[Greedy evaluation at episode 3000 | 1000 fixed-seed episodes]
success=0.0%, failure=0.0%, task reward=0.000, length=762.4
DFA transitions: 1->2: 654, 2->3: 162

[Episode 3100/8000 | last 100]
success rate                : 3.0% (cumulative 0.2%)
failure rate                : 0.0% (cumulative 0.0%)
completed cycles / episode  : 0.000
synthetic task reward       : 300.000
shaping reward              : 172.760
learning reward             : 472.760
episode length              : 588.8
abstract changes / episode  : 17.8
same abstract-state steps   : 97.0%
same-state shaping / episode: 0.000
changed-state shaping / ep. : 172.760
terminal shaping / episode  : 2.059
DFA transitions / episode   : 0.92
DFA transitions in window   : 1->2: 63, 2->3: 26, 3->4: 3
epsilon (next episode)       : 0.28931
replay buffer                : 300000 samples [1: 77.3%, 2: 17.6%, 3: 5.1%, 4: 0.0%]
DFA state visits in window   : 1: 29898, 2: 19912, 3: 9162, 4: 3
DFA state visits cumulative  : 1: 623857, 2: 59122, 3: 15516, 4: 7
DFA state entries in window  : 1: 100, 2: 63, 3: 26, 4: 3
DFA state entries cumulative : 1: 3100, 2: 312, 3: 59, 4: 7
transitions cumulative       : 1->2: 312, 2->3: 59, 3->4: 7
accepted directly from s0    : 0
Gym endings cumulative       : terminated=2962, truncated=131

[Episode 3200/8000 | last 100]
success rate                : 12.0% (cumulative 0.6%)
failure rate                : 0.0% (cumulative 0.0%)
completed cycles / episode  : 0.000
synthetic task reward       : 1200.000
shaping reward              : 212.281
learning reward             : 1412.281
episode length              : 517.7
abstract changes / episode  : 15.6
same abstract-state steps   : 97.0%
same-state shaping / episode: 0.000
changed-state shaping / ep. : 212.281
terminal shaping / episode  : 11.059
DFA transitions / episode   : 1.18
DFA transitions in window   : 1->2: 65, 2->3: 41, 3->4: 12
epsilon (next episode)       : 0.27797
replay buffer                : 300000 samples [1: 70.1%, 2: 19.8%, 3: 10.1%, 4: 0.0%]
DFA state visits in window   : 1: 23085, 2: 13040, 3: 15737, 4: 12
DFA state visits cumulative  : 1: 646942, 2: 72162, 3: 31253, 4: 19
DFA state entries in window  : 1: 100, 2: 65, 3: 41, 4: 12
DFA state entries cumulative : 1: 3200, 2: 377, 3: 100, 4: 19
transitions cumulative       : 1->2: 377, 2->3: 100, 3->4: 19
accepted directly from s0    : 0
Gym endings cumulative       : terminated=3030, truncated=151

[Episode 3300/8000 | last 100]
success rate                : 10.0% (cumulative 0.9%)
failure rate                : 0.0% (cumulative 0.0%)
completed cycles / episode  : 0.000
synthetic task reward       : 1000.000
shaping reward              : 155.589
learning reward             : 1155.589
episode length              : 421.7
abstract changes / episode  : 13.4
same abstract-state steps   : 96.8%
same-state shaping / episode: 0.000
changed-state shaping / ep. : 155.589
terminal shaping / episode  : 10.000
DFA transitions / episode   : 0.98
DFA transitions in window   : 1->2: 53, 2->3: 35, 3->4: 10
epsilon (next episode)       : 0.26706
replay buffer                : 300000 samples [1: 65.0%, 2: 23.0%, 3: 11.9%, 4: 0.0%]
DFA state visits in window   : 1: 25725, 2: 11122, 3: 5417, 4: 10
DFA state visits cumulative  : 1: 672667, 2: 83284, 3: 36670, 4: 29
DFA state entries in window  : 1: 100, 2: 53, 3: 35, 4: 10
DFA state entries cumulative : 1: 3300, 2: 430, 3: 135, 4: 29
transitions cumulative       : 1->2: 430, 2->3: 135, 3->4: 29
accepted directly from s0    : 0
Gym endings cumulative       : terminated=3112, truncated=159

[Episode 3400/8000 | last 100]
success rate                : 8.0% (cumulative 1.1%)
failure rate                : 0.0% (cumulative 0.0%)
completed cycles / episode  : 0.000
synthetic task reward       : 800.000
shaping reward              : 76.504
learning reward             : 876.504
episode length              : 384.4
abstract changes / episode  : 13.3
same abstract-state steps   : 96.5%
same-state shaping / episode: 0.000
changed-state shaping / ep. : 76.504
terminal shaping / episode  : 8.000
DFA transitions / episode   : 0.71
DFA transitions in window   : 1->2: 38, 2->3: 25, 3->4: 8
epsilon (next episode)       : 0.25659
replay buffer                : 300000 samples [1: 62.0%, 2: 24.9%, 3: 13.1%, 4: 0.0%]
DFA state visits in window   : 1: 27405, 2: 7341, 3: 3786, 4: 8
DFA state visits cumulative  : 1: 700072, 2: 90625, 3: 40456, 4: 37
DFA state entries in window  : 1: 100, 2: 38, 3: 25, 4: 8
DFA state entries cumulative : 1: 3400, 2: 468, 3: 160, 4: 37
transitions cumulative       : 1->2: 468, 2->3: 160, 3->4: 37
accepted directly from s0    : 0
Gym endings cumulative       : terminated=3200, truncated=163

[Episode 3500/8000 | last 100]
success rate                : 21.0% (cumulative 1.7%)
failure rate                : 0.0% (cumulative 0.0%)
completed cycles / episode  : 0.000
synthetic task reward       : 2100.000
shaping reward              : 160.008
learning reward             : 2260.008
episode length              : 371.0
abstract changes / episode  : 12.7
same abstract-state steps   : 96.6%
same-state shaping / episode: 0.000
changed-state shaping / ep. : 160.008
terminal shaping / episode  : 21.000
DFA transitions / episode   : 1.08
DFA transitions in window   : 1->2: 52, 2->3: 35, 3->4: 21
epsilon (next episode)       : 0.24653
replay buffer                : 300000 samples [1: 58.0%, 2: 27.3%, 3: 14.7%, 4: 0.0%]
DFA state visits in window   : 1: 19588, 2: 11903, 3: 5684, 4: 21
DFA state visits cumulative  : 1: 719660, 2: 102528, 3: 46140, 4: 58
DFA state entries in window  : 1: 100, 2: 52, 3: 35, 4: 21
DFA state entries cumulative : 1: 3500, 2: 520, 3: 195, 4: 58
transitions cumulative       : 1->2: 520, 2->3: 195, 3->4: 58
accepted directly from s0    : 0
Gym endings cumulative       : terminated=3274, truncated=168

Starting autonomous greedy evaluation at episode 3500 (1000 fixed-seed episodes)...
[Greedy evaluation at episode 3500 | 1000 fixed-seed episodes]
success=3.6%, failure=0.0%, task reward=360.000, length=204.5
DFA transitions: 1->2: 42, 2->3: 36, 3->4: 36
Best policy updated from autonomous greedy evaluation at episode 3500.

[Episode 3600/8000 | last 100]
success rate                : 33.0% (cumulative 2.5%)
failure rate                : 0.0% (cumulative 0.0%)
completed cycles / episode  : 0.000
synthetic task reward       : 3300.000
shaping reward              : 226.129
learning reward             : 3526.129
episode length              : 344.6
abstract changes / episode  : 13.0
same abstract-state steps   : 96.2%
same-state shaping / episode: 0.000
changed-state shaping / ep. : 226.129
terminal shaping / episode  : 32.068
DFA transitions / episode   : 1.35
DFA transitions in window   : 1->2: 58, 2->3: 44, 3->4: 33
epsilon (next episode)       : 0.23686
replay buffer                : 300000 samples [1: 56.3%, 2: 27.5%, 3: 16.3%, 4: 0.0%]
DFA state visits in window   : 1: 17880, 2: 9563, 3: 7082, 4: 33
DFA state visits cumulative  : 1: 737540, 2: 112091, 3: 53222, 4: 91
DFA state entries in window  : 1: 100, 2: 58, 3: 44, 4: 33
DFA state entries cumulative : 1: 3600, 2: 578, 3: 239, 4: 91
transitions cumulative       : 1->2: 578, 2->3: 239, 3->4: 91
accepted directly from s0    : 0
Gym endings cumulative       : terminated=3340, truncated=169

[Episode 3700/8000 | last 100]
success rate                : 44.0% (cumulative 3.6%)
failure rate                : 0.0% (cumulative 0.0%)
completed cycles / episode  : 0.000
synthetic task reward       : 4400.000
shaping reward              : 241.660
learning reward             : 4641.660
episode length              : 386.0
abstract changes / episode  : 14.4
same abstract-state steps   : 96.3%
same-state shaping / episode: 0.000
changed-state shaping / ep. : 241.660
terminal shaping / episode  : 44.000
DFA transitions / episode   : 1.61
DFA transitions in window   : 1->2: 62, 2->3: 55, 3->4: 44
epsilon (next episode)       : 0.22757
replay buffer                : 300000 samples [1: 53.3%, 2: 27.8%, 3: 18.9%, 4: 0.0%]
DFA state visits in window   : 1: 17655, 2: 11002, 3: 9996, 4: 44
DFA state visits cumulative  : 1: 755195, 2: 123093, 3: 63218, 4: 135
DFA state entries in window  : 1: 100, 2: 62, 3: 55, 4: 44
DFA state entries cumulative : 1: 3700, 2: 640, 3: 294, 4: 135
transitions cumulative       : 1->2: 640, 2->3: 294, 3->4: 135
accepted directly from s0    : 0
Gym endings cumulative       : terminated=3393, truncated=172

[Episode 3800/8000 | last 100]
success rate                : 55.0% (cumulative 5.0%)
failure rate                : 0.0% (cumulative 0.0%)
completed cycles / episode  : 0.000
synthetic task reward       : 5500.000
shaping reward              : 339.224
learning reward             : 5839.224
episode length              : 396.3
abstract changes / episode  : 15.0
same abstract-state steps   : 96.2%
same-state shaping / episode: 0.000
changed-state shaping / ep. : 339.224
terminal shaping / episode  : 55.000
DFA transitions / episode   : 2.01
DFA transitions in window   : 1->2: 79, 2->3: 67, 3->4: 55
epsilon (next episode)       : 0.21865
replay buffer                : 300000 samples [1: 53.8%, 2: 26.5%, 3: 19.7%, 4: 0.0%]
DFA state visits in window   : 1: 20158, 2: 10431, 3: 9088, 4: 55
DFA state visits cumulative  : 1: 775353, 2: 133524, 3: 72306, 4: 190
DFA state entries in window  : 1: 100, 2: 79, 3: 67, 4: 55
DFA state entries cumulative : 1: 3800, 2: 719, 3: 361, 4: 190
transitions cumulative       : 1->2: 719, 2->3: 361, 3->4: 190
accepted directly from s0    : 0
Gym endings cumulative       : terminated=3436, truncated=174

[Episode 3900/8000 | last 100]
success rate                : 57.0% (cumulative 6.3%)
failure rate                : 0.0% (cumulative 0.0%)
completed cycles / episode  : 0.000
synthetic task reward       : 5700.000
shaping reward              : 327.821
learning reward             : 6027.821
episode length              : 478.0
abstract changes / episode  : 16.0
same abstract-state steps   : 96.6%
same-state shaping / episode: 0.000
changed-state shaping / ep. : 327.821
terminal shaping / episode  : 57.000
DFA transitions / episode   : 1.93
DFA transitions in window   : 1->2: 71, 2->3: 65, 3->4: 57
epsilon (next episode)       : 0.21007
replay buffer                : 300000 samples [1: 56.4%, 2: 25.6%, 3: 18.0%, 4: 0.0%]
DFA state visits in window   : 1: 30184, 2: 9851, 3: 7807, 4: 57
DFA state visits cumulative  : 1: 805537, 2: 143375, 3: 80113, 4: 247
DFA state entries in window  : 1: 100, 2: 71, 3: 65, 4: 57
DFA state entries cumulative : 1: 3900, 2: 790, 3: 426, 4: 247
transitions cumulative       : 1->2: 790, 2->3: 426, 3->4: 247
accepted directly from s0    : 0
Gym endings cumulative       : terminated=3469, truncated=184

[Episode 4000/8000 | last 100]
success rate                : 45.0% (cumulative 7.3%)
failure rate                : 0.0% (cumulative 0.0%)
completed cycles / episode  : 0.000
synthetic task reward       : 4500.000
shaping reward              : 260.669
learning reward             : 4760.669
episode length              : 500.6
abstract changes / episode  : 15.7
same abstract-state steps   : 96.9%
same-state shaping / episode: 0.000
changed-state shaping / ep. : 260.669
terminal shaping / episode  : 45.000
DFA transitions / episode   : 1.68
DFA transitions in window   : 1->2: 71, 2->3: 52, 3->4: 45
epsilon (next episode)       : 0.20183
replay buffer                : 300000 samples [1: 58.3%, 2: 24.8%, 3: 16.9%, 4: 0.0%]
DFA state visits in window   : 1: 32653, 2: 11638, 3: 5823, 4: 45
DFA state visits cumulative  : 1: 838190, 2: 155013, 3: 85936, 4: 292
DFA state entries in window  : 1: 100, 2: 71, 3: 52, 4: 45
DFA state entries cumulative : 1: 4000, 2: 861, 3: 478, 4: 292
transitions cumulative       : 1->2: 861, 2->3: 478, 3->4: 292
accepted directly from s0    : 0
Gym endings cumulative       : terminated=3513, truncated=195

Starting autonomous greedy evaluation at episode 4000 (1000 fixed-seed episodes)...
[Greedy evaluation at episode 4000 | 1000 fixed-seed episodes]
success=93.4%, failure=0.0%, task reward=9340.000, length=522.9
DFA transitions: 1->2: 947, 2->3: 946, 3->4: 934
Best policy updated from autonomous greedy evaluation at episode 4000.

[Episode 4100/8000 | last 100]
success rate                : 58.0% (cumulative 8.5%)
failure rate                : 0.0% (cumulative 0.0%)
completed cycles / episode  : 0.000
synthetic task reward       : 5800.000
shaping reward              : 331.221
learning reward             : 6131.221
episode length              : 421.4
abstract changes / episode  : 16.9
same abstract-state steps   : 96.0%
same-state shaping / episode: 0.000
changed-state shaping / ep. : 331.221
terminal shaping / episode  : 58.000
DFA transitions / episode   : 1.92
DFA transitions in window   : 1->2: 75, 2->3: 59, 3->4: 58
epsilon (next episode)       : 0.19392
replay buffer                : 300000 samples [1: 55.6%, 2: 26.5%, 3: 17.9%, 4: 0.0%]
DFA state visits in window   : 1: 22783, 2: 12720, 3: 6676, 4: 58
DFA state visits cumulative  : 1: 860973, 2: 167733, 3: 92612, 4: 350
DFA state entries in window  : 1: 100, 2: 75, 3: 59, 4: 58
DFA state entries cumulative : 1: 4100, 2: 936, 3: 537, 4: 350
transitions cumulative       : 1->2: 936, 2->3: 537, 3->4: 350
accepted directly from s0    : 0
Gym endings cumulative       : terminated=3553, truncated=197

[Episode 4200/8000 | last 100]
success rate                : 43.0% (cumulative 9.4%)
failure rate                : 0.0% (cumulative 0.0%)
completed cycles / episode  : 0.000
synthetic task reward       : 4300.000
shaping reward              : 209.809
learning reward             : 4509.809
episode length              : 345.3
abstract changes / episode  : 14.7
same abstract-state steps   : 95.8%
same-state shaping / episode: 0.000
changed-state shaping / ep. : 209.809
terminal shaping / episode  : 43.000
DFA transitions / episode   : 1.47
DFA transitions in window   : 1->2: 57, 2->3: 47, 3->4: 43
epsilon (next episode)       : 0.18631
replay buffer                : 300000 samples [1: 56.9%, 2: 25.4%, 3: 17.7%, 4: 0.0%]
DFA state visits in window   : 1: 23396, 2: 7001, 3: 4193, 4: 43
DFA state visits cumulative  : 1: 884369, 2: 174734, 3: 96805, 4: 393
DFA state entries in window  : 1: 100, 2: 57, 3: 47, 4: 43
DFA state entries cumulative : 1: 4200, 2: 993, 3: 584, 4: 393
transitions cumulative       : 1->2: 993, 2->3: 584, 3->4: 393
accepted directly from s0    : 0
Gym endings cumulative       : terminated=3609, truncated=198

[Episode 4300/8000 | last 100]
success rate                : 71.0% (cumulative 10.8%)
failure rate                : 0.0% (cumulative 0.0%)
completed cycles / episode  : 0.000
synthetic task reward       : 7100.000
shaping reward              : 406.945
learning reward             : 7506.945
episode length              : 383.2
abstract changes / episode  : 16.6
same abstract-state steps   : 95.7%
same-state shaping / episode: 0.000
changed-state shaping / ep. : 406.945
terminal shaping / episode  : 70.068
DFA transitions / episode   : 2.41
DFA transitions in window   : 1->2: 89, 2->3: 81, 3->4: 71
epsilon (next episode)       : 0.17900
replay buffer                : 300000 samples [1: 55.9%, 2: 26.1%, 3: 18.0%, 4: 0.0%]
DFA state visits in window   : 1: 17143, 2: 13407, 3: 7803, 4: 71
DFA state visits cumulative  : 1: 901512, 2: 188141, 3: 104608, 4: 464
DFA state entries in window  : 1: 100, 2: 89, 3: 81, 4: 71
DFA state entries cumulative : 1: 4300, 2: 1082, 3: 665, 4: 464
transitions cumulative       : 1->2: 1082, 2->3: 665, 3->4: 464
accepted directly from s0    : 0
Gym endings cumulative       : terminated=3635, truncated=201

[Episode 4400/8000 | last 100]
success rate                : 77.0% (cumulative 12.3%)
failure rate                : 0.0% (cumulative 0.0%)
completed cycles / episode  : 0.000
synthetic task reward       : 7700.000
shaping reward              : 444.863
learning reward             : 8144.863
episode length              : 380.9
abstract changes / episode  : 16.8
same abstract-state steps   : 95.6%
same-state shaping / episode: 0.000
changed-state shaping / ep. : 444.863
terminal shaping / episode  : 77.000
DFA transitions / episode   : 2.53
DFA transitions in window   : 1->2: 91, 2->3: 85, 3->4: 77
epsilon (next episode)       : 0.17198
replay buffer                : 300000 samples [1: 55.8%, 2: 27.0%, 3: 17.2%, 4: 0.0%]
DFA state visits in window   : 1: 16817, 2: 13299, 3: 7996, 4: 77
DFA state visits cumulative  : 1: 918329, 2: 201440, 3: 112604, 4: 541
DFA state entries in window  : 1: 100, 2: 91, 3: 85, 4: 77
DFA state entries cumulative : 1: 4400, 2: 1173, 3: 750, 4: 541
transitions cumulative       : 1->2: 1173, 2->3: 750, 3->4: 541
accepted directly from s0    : 0
Gym endings cumulative       : terminated=3657, truncated=202

[Episode 4500/8000 | last 100]
success rate                : 62.0% (cumulative 13.4%)
failure rate                : 0.0% (cumulative 0.0%)
completed cycles / episode  : 0.000
synthetic task reward       : 6200.000
shaping reward              : 364.535
learning reward             : 6564.535
episode length              : 370.4
abstract changes / episode  : 16.3
same abstract-state steps   : 95.6%
same-state shaping / episode: 0.000
changed-state shaping / ep. : 364.535
terminal shaping / episode  : 62.000
DFA transitions / episode   : 2.15
DFA transitions in window   : 1->2: 83, 2->3: 70, 3->4: 62
epsilon (next episode)       : 0.16524
replay buffer                : 300000 samples [1: 55.3%, 2: 28.0%, 3: 16.6%, 4: 0.0%]
DFA state visits in window   : 1: 16652, 2: 13464, 3: 6961, 4: 62
DFA state visits cumulative  : 1: 934981, 2: 214904, 3: 119565, 4: 603
DFA state entries in window  : 1: 100, 2: 83, 3: 70, 4: 62
DFA state entries cumulative : 1: 4500, 2: 1256, 3: 820, 4: 603
transitions cumulative       : 1->2: 1256, 2->3: 820, 3->4: 603
accepted directly from s0    : 0
Gym endings cumulative       : terminated=3693, truncated=204

Starting autonomous greedy evaluation at episode 4500 (1000 fixed-seed episodes)...
[Greedy evaluation at episode 4500 | 1000 fixed-seed episodes]
success=96.7%, failure=0.0%, task reward=9670.000, length=307.2
DFA transitions: 1->2: 972, 2->3: 967, 3->4: 967
Best policy updated from autonomous greedy evaluation at episode 4500.

[Episode 4600/8000 | last 100]
success rate                : 70.0% (cumulative 14.6%)
failure rate                : 0.0% (cumulative 0.0%)
completed cycles / episode  : 0.000
synthetic task reward       : 7000.000
shaping reward              : 416.030
learning reward             : 7416.030
episode length              : 355.6
abstract changes / episode  : 16.0
same abstract-state steps   : 95.5%
same-state shaping / episode: 0.000
changed-state shaping / ep. : 416.030
terminal shaping / episode  : 70.000
DFA transitions / episode   : 2.35
DFA transitions in window   : 1->2: 89, 2->3: 76, 3->4: 70
epsilon (next episode)       : 0.15876
replay buffer                : 300000 samples [1: 53.9%, 2: 29.4%, 3: 16.6%, 4: 0.0%]
DFA state visits in window   : 1: 17323, 2: 11530, 3: 6741, 4: 70
DFA state visits cumulative  : 1: 952304, 2: 226434, 3: 126306, 4: 673
DFA state entries in window  : 1: 100, 2: 89, 3: 76, 4: 70
DFA state entries cumulative : 1: 4600, 2: 1345, 3: 896, 4: 673
transitions cumulative       : 1->2: 1345, 2->3: 896, 3->4: 673
accepted directly from s0    : 0
Gym endings cumulative       : terminated=3723, truncated=204

[Episode 4700/8000 | last 100]
success rate                : 74.0% (cumulative 15.9%)
failure rate                : 0.0% (cumulative 0.0%)
completed cycles / episode  : 0.000
synthetic task reward       : 7400.000
shaping reward              : 405.191
learning reward             : 7805.191
episode length              : 351.0
abstract changes / episode  : 15.9
same abstract-state steps   : 95.5%
same-state shaping / episode: 0.000
changed-state shaping / ep. : 405.191
terminal shaping / episode  : 74.000
DFA transitions / episode   : 2.43
DFA transitions in window   : 1->2: 88, 2->3: 81, 3->4: 74
epsilon (next episode)       : 0.15253
replay buffer                : 300000 samples [1: 51.4%, 2: 30.6%, 3: 18.0%, 4: 0.0%]
DFA state visits in window   : 1: 15201, 2: 10713, 3: 9211, 4: 74
DFA state visits cumulative  : 1: 967505, 2: 237147, 3: 135517, 4: 747
DFA state entries in window  : 1: 100, 2: 88, 3: 81, 4: 74
DFA state entries cumulative : 1: 4700, 2: 1433, 3: 977, 4: 747
transitions cumulative       : 1->2: 1433, 2->3: 977, 3->4: 747
accepted directly from s0    : 0
Gym endings cumulative       : terminated=3746, truncated=207

[Episode 4800/8000 | last 100]
success rate                : 65.0% (cumulative 16.9%)
failure rate                : 0.0% (cumulative 0.0%)
completed cycles / episode  : 0.000
synthetic task reward       : 6500.000
shaping reward              : 358.236
learning reward             : 6858.236
episode length              : 327.3
abstract changes / episode  : 14.7
same abstract-state steps   : 95.5%
same-state shaping / episode: 0.000
changed-state shaping / ep. : 358.236
terminal shaping / episode  : 65.000
DFA transitions / episode   : 2.18
DFA transitions in window   : 1->2: 82, 2->3: 71, 3->4: 65
epsilon (next episode)       : 0.14655
replay buffer                : 300000 samples [1: 50.0%, 2: 30.7%, 3: 19.3%, 4: 0.0%]
DFA state visits in window   : 1: 16651, 2: 8650, 3: 7462, 4: 65
DFA state visits cumulative  : 1: 984156, 2: 245797, 3: 142979, 4: 812
DFA state entries in window  : 1: 100, 2: 82, 3: 71, 4: 65
DFA state entries cumulative : 1: 4800, 2: 1515, 3: 1048, 4: 812
transitions cumulative       : 1->2: 1515, 2->3: 1048, 3->4: 812
accepted directly from s0    : 0
Gym endings cumulative       : terminated=3780, truncated=208

[Episode 4900/8000 | last 100]
success rate                : 72.0% (cumulative 18.0%)
failure rate                : 0.0% (cumulative 0.0%)
completed cycles / episode  : 0.000
synthetic task reward       : 7200.000
shaping reward              : 412.691
learning reward             : 7612.691
episode length              : 339.1
abstract changes / episode  : 15.4
same abstract-state steps   : 95.5%
same-state shaping / episode: 0.000
changed-state shaping / ep. : 412.691
terminal shaping / episode  : 72.000
DFA transitions / episode   : 2.39
DFA transitions in window   : 1->2: 85, 2->3: 82, 3->4: 72
epsilon (next episode)       : 0.14080
replay buffer                : 300000 samples [1: 49.3%, 2: 30.4%, 3: 20.3%, 4: 0.0%]
DFA state visits in window   : 1: 15949, 2: 9230, 3: 8764, 4: 72
DFA state visits cumulative  : 1: 1000105, 2: 255027, 3: 151743, 4: 884
DFA state entries in window  : 1: 100, 2: 85, 3: 82, 4: 72
DFA state entries cumulative : 1: 4900, 2: 1600, 3: 1130, 4: 884
transitions cumulative       : 1->2: 1600, 2->3: 1130, 3->4: 884
accepted directly from s0    : 0
Gym endings cumulative       : terminated=3808, truncated=208

[Episode 5000/8000 | last 100]
success rate                : 71.0% (cumulative 19.1%)
failure rate                : 0.0% (cumulative 0.0%)
completed cycles / episode  : 0.000
synthetic task reward       : 7100.000
shaping reward              : 384.791
learning reward             : 7484.791
episode length              : 311.7
abstract changes / episode  : 13.9
same abstract-state steps   : 95.5%
same-state shaping / episode: 0.000
changed-state shaping / ep. : 384.791
terminal shaping / episode  : 70.059
DFA transitions / episode   : 2.25
DFA transitions in window   : 1->2: 79, 2->3: 75, 3->4: 71
epsilon (next episode)       : 0.13528
replay buffer                : 300000 samples [1: 47.9%, 2: 30.7%, 3: 21.4%, 4: 0.0%]
DFA state visits in window   : 1: 15945, 2: 8213, 3: 7040, 4: 71
DFA state visits cumulative  : 1: 1016050, 2: 263240, 3: 158783, 4: 955
DFA state entries in window  : 1: 100, 2: 79, 3: 75, 4: 71
DFA state entries cumulative : 1: 5000, 2: 1679, 3: 1205, 4: 955
transitions cumulative       : 1->2: 1679, 2->3: 1205, 3->4: 955
accepted directly from s0    : 0
Gym endings cumulative       : terminated=3837, truncated=208

Starting autonomous greedy evaluation at episode 5000 (1000 fixed-seed episodes)...
[Greedy evaluation at episode 5000 | 1000 fixed-seed episodes]
success=88.7%, failure=0.0%, task reward=8870.000, length=399.1
DFA transitions: 1->2: 923, 2->3: 901, 3->4: 887

[Episode 5100/8000 | last 100]
success rate                : 79.0% (cumulative 20.3%)
failure rate                : 0.0% (cumulative 0.0%)
completed cycles / episode  : 0.000
synthetic task reward       : 7900.000
shaping reward              : 440.053
learning reward             : 8340.053
episode length              : 329.6
abstract changes / episode  : 15.1
same abstract-state steps   : 95.4%
same-state shaping / episode: 0.000
changed-state shaping / ep. : 440.053
terminal shaping / episode  : 79.000
DFA transitions / episode   : 2.52
DFA transitions in window   : 1->2: 90, 2->3: 83, 3->4: 79
epsilon (next episode)       : 0.12998
replay buffer                : 300000 samples [1: 46.0%, 2: 31.3%, 3: 22.7%, 4: 0.0%]
DFA state visits in window   : 1: 14814, 2: 9413, 3: 8759, 4: 79
DFA state visits cumulative  : 1: 1030864, 2: 272653, 3: 167542, 4: 1034
DFA state entries in window  : 1: 100, 2: 90, 3: 83, 4: 79
DFA state entries cumulative : 1: 5100, 2: 1769, 3: 1288, 4: 1034
transitions cumulative       : 1->2: 1769, 2->3: 1288, 3->4: 1034
accepted directly from s0    : 0
Gym endings cumulative       : terminated=3857, truncated=209

[Episode 5200/8000 | last 100]
success rate                : 82.0% (cumulative 21.5%)
failure rate                : 0.0% (cumulative 0.0%)
completed cycles / episode  : 0.000
synthetic task reward       : 8200.000
shaping reward              : 443.342
learning reward             : 8643.342
episode length              : 332.9
abstract changes / episode  : 16.0
same abstract-state steps   : 95.2%
same-state shaping / episode: 0.000
changed-state shaping / ep. : 443.342
terminal shaping / episode  : 82.000
DFA transitions / episode   : 2.62
DFA transitions in window   : 1->2: 92, 2->3: 88, 3->4: 82
epsilon (next episode)       : 0.12488
replay buffer                : 300000 samples [1: 46.4%, 2: 30.3%, 3: 23.3%, 4: 0.0%]
DFA state visits in window   : 1: 14795, 2: 9699, 3: 8817, 4: 82
DFA state visits cumulative  : 1: 1045659, 2: 282352, 3: 176359, 4: 1116
DFA state entries in window  : 1: 100, 2: 92, 3: 88, 4: 82
DFA state entries cumulative : 1: 5200, 2: 1861, 3: 1376, 4: 1116
transitions cumulative       : 1->2: 1861, 2->3: 1376, 3->4: 1116
accepted directly from s0    : 0
Gym endings cumulative       : terminated=3873, truncated=211

[Episode 5300/8000 | last 100]
success rate                : 61.0% (cumulative 22.2%)
failure rate                : 0.0% (cumulative 0.0%)
completed cycles / episode  : 0.000
synthetic task reward       : 6100.000
shaping reward              : 317.557
learning reward             : 6417.557
episode length              : 379.4
abstract changes / episode  : 16.7
same abstract-state steps   : 95.6%
same-state shaping / episode: 0.000
changed-state shaping / ep. : 317.557
terminal shaping / episode  : 61.000
DFA transitions / episode   : 1.96
DFA transitions in window   : 1->2: 70, 2->3: 65, 3->4: 61
epsilon (next episode)       : 0.11998
replay buffer                : 300000 samples [1: 47.9%, 2: 29.6%, 3: 22.5%, 4: 0.0%]
DFA state visits in window   : 1: 20643, 2: 11605, 3: 5728, 4: 61
DFA state visits cumulative  : 1: 1066302, 2: 293957, 3: 182087, 4: 1177
DFA state entries in window  : 1: 100, 2: 70, 3: 65, 4: 61
DFA state entries cumulative : 1: 5300, 2: 1931, 3: 1441, 4: 1177
transitions cumulative       : 1->2: 1931, 2->3: 1441, 3->4: 1177
accepted directly from s0    : 0
Gym endings cumulative       : terminated=3912, truncated=211

[Episode 5400/8000 | last 100]
success rate                : 63.0% (cumulative 23.0%)
failure rate                : 0.0% (cumulative 0.0%)
completed cycles / episode  : 0.000
synthetic task reward       : 6300.000
shaping reward              : 372.678
learning reward             : 6672.678
episode length              : 330.9
abstract changes / episode  : 15.1
same abstract-state steps   : 95.4%
same-state shaping / episode: 0.000
changed-state shaping / ep. : 372.678
terminal shaping / episode  : 63.000
DFA transitions / episode   : 2.16
DFA transitions in window   : 1->2: 81, 2->3: 72, 3->4: 63
epsilon (next episode)       : 0.11528
replay buffer                : 300000 samples [1: 48.3%, 2: 28.8%, 3: 22.9%, 4: 0.0%]
DFA state visits in window   : 1: 16620, 2: 9168, 3: 7344, 4: 63
DFA state visits cumulative  : 1: 1082922, 2: 303125, 3: 189431, 4: 1240
DFA state entries in window  : 1: 100, 2: 81, 3: 72, 4: 63
DFA state entries cumulative : 1: 5400, 2: 2012, 3: 1513, 4: 1240
transitions cumulative       : 1->2: 2012, 2->3: 1513, 3->4: 1240
accepted directly from s0    : 0
Gym endings cumulative       : terminated=3947, truncated=213

[Episode 5500/8000 | last 100]
success rate                : 57.0% (cumulative 23.6%)
failure rate                : 0.0% (cumulative 0.0%)
completed cycles / episode  : 0.000
synthetic task reward       : 5700.000
shaping reward              : 348.985
learning reward             : 6048.985
episode length              : 374.3
abstract changes / episode  : 16.3
same abstract-state steps   : 95.7%
same-state shaping / episode: 0.000
changed-state shaping / ep. : 348.985
terminal shaping / episode  : 57.000
DFA transitions / episode   : 2.08
DFA transitions in window   : 1->2: 85, 2->3: 66, 3->4: 57
epsilon (next episode)       : 0.11075
replay buffer                : 300000 samples [1: 48.2%, 2: 28.9%, 3: 22.9%, 4: 0.0%]
DFA state visits in window   : 1: 17413, 2: 13095, 3: 6964, 4: 57
DFA state visits cumulative  : 1: 1100335, 2: 316220, 3: 196395, 4: 1297
DFA state entries in window  : 1: 100, 2: 85, 3: 66, 4: 57
DFA state entries cumulative : 1: 5500, 2: 2097, 3: 1579, 4: 1297
transitions cumulative       : 1->2: 2097, 2->3: 1579, 3->4: 1297
accepted directly from s0    : 0
Gym endings cumulative       : terminated=3988, truncated=215

Starting autonomous greedy evaluation at episode 5500 (1000 fixed-seed episodes)...
[Greedy evaluation at episode 5500 | 1000 fixed-seed episodes]
success=83.8%, failure=0.0%, task reward=8380.000, length=387.2
DFA transitions: 1->2: 867, 2->3: 845, 3->4: 838

[Episode 5600/8000 | last 100]
success rate                : 80.0% (cumulative 24.6%)
failure rate                : 0.0% (cumulative 0.0%)
completed cycles / episode  : 0.000
synthetic task reward       : 8000.000
shaping reward              : 450.564
learning reward             : 8450.564
episode length              : 342.3
abstract changes / episode  : 15.2
same abstract-state steps   : 95.6%
same-state shaping / episode: 0.000
changed-state shaping / ep. : 450.564
terminal shaping / episode  : 80.000
DFA transitions / episode   : 2.52
DFA transitions in window   : 1->2: 87, 2->3: 85, 3->4: 80
epsilon (next episode)       : 0.10641
replay buffer                : 300000 samples [1: 48.4%, 2: 28.8%, 3: 22.7%, 4: 0.0%]
DFA state visits in window   : 1: 16403, 2: 8983, 3: 8866, 4: 80
DFA state visits cumulative  : 1: 1116738, 2: 325203, 3: 205261, 4: 1377
DFA state entries in window  : 1: 100, 2: 87, 3: 85, 4: 80
DFA state entries cumulative : 1: 5600, 2: 2184, 3: 1664, 4: 1377
transitions cumulative       : 1->2: 2184, 2->3: 1664, 3->4: 1377
accepted directly from s0    : 0
Gym endings cumulative       : terminated=4007, truncated=216

[Episode 5700/8000 | last 100]
success rate                : 73.0% (cumulative 25.4%)
failure rate                : 0.0% (cumulative 0.0%)
completed cycles / episode  : 0.000
synthetic task reward       : 7300.000
shaping reward              : 412.488
learning reward             : 7712.488
episode length              : 349.3
abstract changes / episode  : 15.8
same abstract-state steps   : 95.5%
same-state shaping / episode: 0.000
changed-state shaping / ep. : 412.488
terminal shaping / episode  : 73.000
DFA transitions / episode   : 2.39
DFA transitions in window   : 1->2: 90, 2->3: 76, 3->4: 73
epsilon (next episode)       : 0.10224
replay buffer                : 300000 samples [1: 48.6%, 2: 28.8%, 3: 22.6%, 4: 0.0%]
DFA state visits in window   : 1: 17386, 2: 9814, 3: 7755, 4: 73
DFA state visits cumulative  : 1: 1134124, 2: 335017, 3: 213016, 4: 1450
DFA state entries in window  : 1: 100, 2: 90, 3: 76, 4: 73
DFA state entries cumulative : 1: 5700, 2: 2274, 3: 1740, 4: 1450
transitions cumulative       : 1->2: 2274, 2->3: 1740, 3->4: 1450
accepted directly from s0    : 0
Gym endings cumulative       : terminated=4033, truncated=217

[Episode 5800/8000 | last 100]
success rate                : 68.0% (cumulative 26.2%)
failure rate                : 0.0% (cumulative 0.0%)
completed cycles / episode  : 0.000
synthetic task reward       : 6800.000
shaping reward              : 368.115
learning reward             : 7168.115
episode length              : 372.4
abstract changes / episode  : 15.3
same abstract-state steps   : 95.9%
same-state shaping / episode: 0.000
changed-state shaping / ep. : 368.115
terminal shaping / episode  : 68.000
DFA transitions / episode   : 2.18
DFA transitions in window   : 1->2: 79, 2->3: 71, 3->4: 68
epsilon (next episode)       : 0.09823
replay buffer                : 300000 samples [1: 49.1%, 2: 28.9%, 3: 22.0%, 4: 0.0%]
DFA state visits in window   : 1: 20096, 2: 9919, 3: 7253, 4: 68
DFA state visits cumulative  : 1: 1154220, 2: 344936, 3: 220269, 4: 1518
DFA state entries in window  : 1: 100, 2: 79, 3: 71, 4: 68
DFA state entries cumulative : 1: 5800, 2: 2353, 3: 1811, 4: 1518
transitions cumulative       : 1->2: 2353, 2->3: 1811, 3->4: 1518
accepted directly from s0    : 0
Gym endings cumulative       : terminated=4063, truncated=219

[Episode 5900/8000 | last 100]
success rate                : 49.0% (cumulative 26.6%)
failure rate                : 0.0% (cumulative 0.0%)
completed cycles / episode  : 0.000
synthetic task reward       : 4900.000
shaping reward              : 273.534
learning reward             : 5173.534
episode length              : 315.1
abstract changes / episode  : 13.7
same abstract-state steps   : 95.6%
same-state shaping / episode: 0.000
changed-state shaping / ep. : 273.534
terminal shaping / episode  : 47.136
DFA transitions / episode   : 1.81
DFA transitions in window   : 1->2: 69, 2->3: 63, 3->4: 49
epsilon (next episode)       : 0.09438
replay buffer                : 300000 samples [1: 50.4%, 2: 28.6%, 3: 21.0%, 4: 0.0%]
DFA state visits in window   : 1: 18437, 2: 7855, 3: 5264, 4: 49
DFA state visits cumulative  : 1: 1172657, 2: 352791, 3: 225533, 4: 1567
DFA state entries in window  : 1: 100, 2: 69, 3: 63, 4: 49
DFA state entries cumulative : 1: 5900, 2: 2422, 3: 1874, 4: 1567
transitions cumulative       : 1->2: 2422, 2->3: 1874, 3->4: 1567
accepted directly from s0    : 0
Gym endings cumulative       : terminated=4113, truncated=220

[Episode 6000/8000 | last 100]
success rate                : 39.0% (cumulative 26.8%)
failure rate                : 0.0% (cumulative 0.0%)
completed cycles / episode  : 0.000
synthetic task reward       : 3900.000
shaping reward              : 329.093
learning reward             : 4229.093
episode length              : 413.9
abstract changes / episode  : 17.4
same abstract-state steps   : 95.8%
same-state shaping / episode: 0.000
changed-state shaping / ep. : 329.093
terminal shaping / episode  : 39.000
DFA transitions / episode   : 1.85
DFA transitions in window   : 1->2: 77, 2->3: 69, 3->4: 39
epsilon (next episode)       : 0.09067
replay buffer                : 300000 samples [1: 53.2%, 2: 27.5%, 3: 19.3%, 4: 0.0%]
DFA state visits in window   : 1: 26315, 2: 8812, 3: 6323, 4: 39
DFA state visits cumulative  : 1: 1198972, 2: 361603, 3: 231856, 4: 1606
DFA state entries in window  : 1: 100, 2: 77, 3: 69, 4: 39
DFA state entries cumulative : 1: 6000, 2: 2499, 3: 1943, 4: 1606
transitions cumulative       : 1->2: 2499, 2->3: 1943, 3->4: 1606
accepted directly from s0    : 0
Gym endings cumulative       : terminated=4168, truncated=226

Starting autonomous greedy evaluation at episode 6000 (1000 fixed-seed episodes)...
[Greedy evaluation at episode 6000 | 1000 fixed-seed episodes]
success=42.6%, failure=0.0%, task reward=4260.000, length=537.7
DFA transitions: 1->2: 558, 2->3: 530, 3->4: 426

[Episode 6100/8000 | last 100]
success rate                : 44.0% (cumulative 27.0%)
failure rate                : 0.0% (cumulative 0.0%)
completed cycles / episode  : 0.000
synthetic task reward       : 4400.000
shaping reward              : 292.345
learning reward             : 4692.345
episode length              : 435.5
abstract changes / episode  : 15.8
same abstract-state steps   : 96.4%
same-state shaping / episode: 0.000
changed-state shaping / ep. : 292.345
terminal shaping / episode  : 44.000
DFA transitions / episode   : 1.71
DFA transitions in window   : 1->2: 69, 2->3: 58, 3->4: 44
epsilon (next episode)       : 0.08712
replay buffer                : 300000 samples [1: 54.0%, 2: 26.5%, 3: 19.5%, 4: 0.0%]
DFA state visits in window   : 1: 25604, 2: 10431, 3: 7568, 4: 44
DFA state visits cumulative  : 1: 1224576, 2: 372034, 3: 239424, 4: 1650
DFA state entries in window  : 1: 100, 2: 69, 3: 58, 4: 44
DFA state entries cumulative : 1: 6100, 2: 2568, 3: 2001, 4: 1650
transitions cumulative       : 1->2: 2568, 2->3: 2001, 3->4: 1650
accepted directly from s0    : 0
Gym endings cumulative       : terminated=4214, truncated=236

[Episode 6200/8000 | last 100]
success rate                : 62.0% (cumulative 27.6%)
failure rate                : 0.0% (cumulative 0.0%)
completed cycles / episode  : 0.000
synthetic task reward       : 6200.000
shaping reward              : 382.160
learning reward             : 6582.160
episode length              : 348.7
abstract changes / episode  : 15.3
same abstract-state steps   : 95.6%
same-state shaping / episode: 0.000
changed-state shaping / ep. : 382.160
terminal shaping / episode  : 62.000
DFA transitions / episode   : 2.18
DFA transitions in window   : 1->2: 83, 2->3: 73, 3->4: 62
epsilon (next episode)       : 0.08370
replay buffer                : 300000 samples [1: 52.1%, 2: 28.4%, 3: 19.5%, 4: 0.0%]
DFA state visits in window   : 1: 13030, 2: 14606, 3: 7276, 4: 62
DFA state visits cumulative  : 1: 1237606, 2: 386640, 3: 246700, 4: 1712
DFA state entries in window  : 1: 100, 2: 83, 3: 73, 4: 62
DFA state entries cumulative : 1: 6200, 2: 2651, 3: 2074, 4: 1712
transitions cumulative       : 1->2: 2651, 2->3: 2074, 3->4: 1712
accepted directly from s0    : 0
Gym endings cumulative       : terminated=4252, truncated=236

[Episode 6300/8000 | last 100]
success rate                : 77.0% (cumulative 28.4%)
failure rate                : 0.0% (cumulative 0.0%)
completed cycles / episode  : 0.000
synthetic task reward       : 7700.000
shaping reward              : 410.151
learning reward             : 8110.151
episode length              : 294.9
abstract changes / episode  : 13.7
same abstract-state steps   : 95.4%
same-state shaping / episode: 0.000
changed-state shaping / ep. : 410.151
terminal shaping / episode  : 77.000
DFA transitions / episode   : 2.39
DFA transitions in window   : 1->2: 83, 2->3: 79, 3->4: 77
epsilon (next episode)       : 0.08042
replay buffer                : 300000 samples [1: 52.3%, 2: 28.0%, 3: 19.7%, 4: 0.0%]
DFA state visits in window   : 1: 13637, 2: 8946, 3: 6928, 4: 77
DFA state visits cumulative  : 1: 1251243, 2: 395586, 3: 253628, 4: 1789
DFA state entries in window  : 1: 100, 2: 83, 3: 79, 4: 77
DFA state entries cumulative : 1: 6300, 2: 2734, 3: 2153, 4: 1789
transitions cumulative       : 1->2: 2734, 2->3: 2153, 3->4: 1789
accepted directly from s0    : 0
Gym endings cumulative       : terminated=4275, truncated=236

[Episode 6400/8000 | last 100]
success rate                : 85.0% (cumulative 29.3%)
failure rate                : 0.0% (cumulative 0.0%)
completed cycles / episode  : 0.000
synthetic task reward       : 8500.000
shaping reward              : 468.254
learning reward             : 8968.254
episode length              : 319.6
abstract changes / episode  : 14.4
same abstract-state steps   : 95.5%
same-state shaping / episode: 0.000
changed-state shaping / ep. : 468.254
terminal shaping / episode  : 85.000
DFA transitions / episode   : 2.65
DFA transitions in window   : 1->2: 91, 2->3: 89, 3->4: 85
epsilon (next episode)       : 0.07727
replay buffer                : 300000 samples [1: 51.7%, 2: 28.5%, 3: 19.9%, 4: 0.0%]
DFA state visits in window   : 1: 13821, 2: 10877, 3: 7282, 4: 85
DFA state visits cumulative  : 1: 1265064, 2: 406463, 3: 260910, 4: 1874
DFA state entries in window  : 1: 100, 2: 91, 3: 89, 4: 85
DFA state entries cumulative : 1: 6400, 2: 2825, 3: 2242, 4: 1874
transitions cumulative       : 1->2: 2825, 2->3: 2242, 3->4: 1874
accepted directly from s0    : 0
Gym endings cumulative       : terminated=4290, truncated=236

[Episode 6500/8000 | last 100]
success rate                : 77.0% (cumulative 30.0%)
failure rate                : 0.0% (cumulative 0.0%)
completed cycles / episode  : 0.000
synthetic task reward       : 7700.000
shaping reward              : 430.481
learning reward             : 8130.481
episode length              : 382.5
abstract changes / episode  : 16.1
same abstract-state steps   : 95.8%
same-state shaping / episode: 0.000
changed-state shaping / ep. : 430.481
terminal shaping / episode  : 77.000
DFA transitions / episode   : 2.53
DFA transitions in window   : 1->2: 90, 2->3: 86, 3->4: 77
epsilon (next episode)       : 0.07423
replay buffer                : 300000 samples [1: 50.8%, 2: 30.2%, 3: 19.0%, 4: 0.0%]
DFA state visits in window   : 1: 15499, 2: 15788, 3: 6987, 4: 77
DFA state visits cumulative  : 1: 1280563, 2: 422251, 3: 267897, 4: 1951
DFA state entries in window  : 1: 100, 2: 90, 3: 86, 4: 77
DFA state entries cumulative : 1: 6500, 2: 2915, 3: 2328, 4: 1951
transitions cumulative       : 1->2: 2915, 2->3: 2328, 3->4: 1951
accepted directly from s0    : 0
Gym endings cumulative       : terminated=4311, truncated=238

Starting autonomous greedy evaluation at episode 6500 (1000 fixed-seed episodes)...
[Greedy evaluation at episode 6500 | 1000 fixed-seed episodes]
success=91.4%, failure=0.0%, task reward=9140.000, length=309.9
DFA transitions: 1->2: 957, 2->3: 944, 3->4: 914

[Episode 6600/8000 | last 100]
success rate                : 75.0% (cumulative 30.7%)
failure rate                : 0.0% (cumulative 0.0%)
completed cycles / episode  : 0.000
synthetic task reward       : 7500.000
shaping reward              : 423.280
learning reward             : 7923.280
episode length              : 374.1
abstract changes / episode  : 15.7
same abstract-state steps   : 95.8%
same-state shaping / episode: 0.000
changed-state shaping / ep. : 423.280
terminal shaping / episode  : 75.000
DFA transitions / episode   : 2.40
DFA transitions in window   : 1->2: 88, 2->3: 77, 3->4: 75
epsilon (next episode)       : 0.07132
replay buffer                : 300000 samples [1: 49.6%, 2: 31.7%, 3: 18.7%, 4: 0.0%]
DFA state visits in window   : 1: 17597, 2: 13512, 3: 6328, 4: 75
DFA state visits cumulative  : 1: 1298160, 2: 435763, 3: 274225, 4: 2026
DFA state entries in window  : 1: 100, 2: 88, 3: 77, 4: 75
DFA state entries cumulative : 1: 6600, 2: 3003, 3: 2405, 4: 2026
transitions cumulative       : 1->2: 3003, 2->3: 2405, 3->4: 2026
accepted directly from s0    : 0
Gym endings cumulative       : terminated=4334, truncated=240

[Episode 6700/8000 | last 100]
success rate                : 53.0% (cumulative 31.0%)
failure rate                : 0.0% (cumulative 0.0%)
completed cycles / episode  : 0.000
synthetic task reward       : 5300.000
shaping reward              : 301.295
learning reward             : 5601.295
episode length              : 387.1
abstract changes / episode  : 16.9
same abstract-state steps   : 95.6%
same-state shaping / episode: 0.000
changed-state shaping / ep. : 301.295
terminal shaping / episode  : 53.000
DFA transitions / episode   : 1.86
DFA transitions in window   : 1->2: 77, 2->3: 56, 3->4: 53
epsilon (next episode)       : 0.06853
replay buffer                : 300000 samples [1: 48.5%, 2: 33.0%, 3: 18.5%, 4: 0.0%]
DFA state visits in window   : 1: 17580, 2: 15073, 3: 6106, 4: 53
DFA state visits cumulative  : 1: 1315740, 2: 450836, 3: 280331, 4: 2079
DFA state entries in window  : 1: 100, 2: 77, 3: 56, 4: 53
DFA state entries cumulative : 1: 6700, 2: 3080, 3: 2461, 4: 2079
transitions cumulative       : 1->2: 3080, 2->3: 2461, 3->4: 2079
accepted directly from s0    : 0
Gym endings cumulative       : terminated=4379, truncated=242

[Episode 6800/8000 | last 100]
success rate                : 59.0% (cumulative 31.4%)
failure rate                : 0.0% (cumulative 0.0%)
completed cycles / episode  : 0.000
synthetic task reward       : 5900.000
shaping reward              : 340.877
learning reward             : 6240.877
episode length              : 318.3
abstract changes / episode  : 14.3
same abstract-state steps   : 95.5%
same-state shaping / episode: 0.000
changed-state shaping / ep. : 340.877
terminal shaping / episode  : 59.000
DFA transitions / episode   : 2.02
DFA transitions in window   : 1->2: 82, 2->3: 61, 3->4: 59
epsilon (next episode)       : 0.06584
replay buffer                : 300000 samples [1: 46.7%, 2: 34.8%, 3: 18.5%, 4: 0.0%]
DFA state visits in window   : 1: 16622, 2: 11026, 3: 4227, 4: 59
DFA state visits cumulative  : 1: 1332362, 2: 461862, 3: 284558, 4: 2138
DFA state entries in window  : 1: 100, 2: 82, 3: 61, 4: 59
DFA state entries cumulative : 1: 6800, 2: 3162, 3: 2522, 4: 2138
transitions cumulative       : 1->2: 3162, 2->3: 2522, 3->4: 2138
accepted directly from s0    : 0
Gym endings cumulative       : terminated=4420, truncated=242

[Episode 6900/8000 | last 100]
success rate                : 69.0% (cumulative 32.0%)
failure rate                : 0.0% (cumulative 0.0%)
completed cycles / episode  : 0.000
synthetic task reward       : 6900.000
shaping reward              : 390.943
learning reward             : 7290.943
episode length              : 330.4
abstract changes / episode  : 14.7
same abstract-state steps   : 95.5%
same-state shaping / episode: 0.000
changed-state shaping / ep. : 390.943
terminal shaping / episode  : 69.000
DFA transitions / episode   : 2.29
DFA transitions in window   : 1->2: 82, 2->3: 78, 3->4: 69
epsilon (next episode)       : 0.06326
replay buffer                : 300000 samples [1: 45.6%, 2: 36.2%, 3: 18.2%, 4: 0.0%]
DFA state visits in window   : 1: 16066, 2: 11122, 3: 5878, 4: 69
DFA state visits cumulative  : 1: 1348428, 2: 472984, 3: 290436, 4: 2207
DFA state entries in window  : 1: 100, 2: 82, 3: 78, 4: 69
DFA state entries cumulative : 1: 6900, 2: 3244, 3: 2600, 4: 2207
transitions cumulative       : 1->2: 3244, 2->3: 2600, 3->4: 2207
accepted directly from s0    : 0
Gym endings cumulative       : terminated=4451, truncated=242

[Episode 7000/8000 | last 100]
success rate                : 77.0% (cumulative 32.6%)
failure rate                : 0.0% (cumulative 0.0%)
completed cycles / episode  : 0.000
synthetic task reward       : 7700.000
shaping reward              : 425.332
learning reward             : 8125.332
episode length              : 346.4
abstract changes / episode  : 15.9
same abstract-state steps   : 95.4%
same-state shaping / episode: 0.000
changed-state shaping / ep. : 425.332
terminal shaping / episode  : 77.000
DFA transitions / episode   : 2.44
DFA transitions in window   : 1->2: 85, 2->3: 82, 3->4: 77
epsilon (next episode)       : 0.06078
replay buffer                : 300000 samples [1: 45.7%, 2: 35.9%, 3: 18.4%, 4: 0.0%]
DFA state visits in window   : 1: 17281, 2: 11061, 3: 6321, 4: 77
DFA state visits cumulative  : 1: 1365709, 2: 484045, 3: 296757, 4: 2284
DFA state entries in window  : 1: 100, 2: 85, 3: 82, 4: 77
DFA state entries cumulative : 1: 7000, 2: 3329, 3: 2682, 4: 2284
transitions cumulative       : 1->2: 3329, 2->3: 2682, 3->4: 2284
accepted directly from s0    : 0
Gym endings cumulative       : terminated=4473, truncated=243

Starting autonomous greedy evaluation at episode 7000 (1000 fixed-seed episodes)...
[Greedy evaluation at episode 7000 | 1000 fixed-seed episodes]
success=77.7%, failure=0.0%, task reward=7770.000, length=391.7
DFA transitions: 1->2: 906, 2->3: 906, 3->4: 777

[Episode 7100/8000 | last 100]
success rate                : 50.0% (cumulative 32.9%)
failure rate                : 0.0% (cumulative 0.0%)
completed cycles / episode  : 0.000
synthetic task reward       : 5000.000
shaping reward              : 254.588
learning reward             : 5254.588
episode length              : 343.7
abstract changes / episode  : 14.6
same abstract-state steps   : 95.8%
same-state shaping / episode: 0.000
changed-state shaping / ep. : 254.588
terminal shaping / episode  : 50.000
DFA transitions / episode   : 1.67
DFA transitions in window   : 1->2: 59, 2->3: 58, 3->4: 50
epsilon (next episode)       : 0.05839
replay buffer                : 300000 samples [1: 49.1%, 2: 33.6%, 3: 17.3%, 4: 0.0%]
DFA state visits in window   : 1: 24059, 2: 6093, 3: 4271, 4: 50
DFA state visits cumulative  : 1: 1389768, 2: 490138, 3: 301028, 4: 2334
DFA state entries in window  : 1: 100, 2: 59, 3: 58, 4: 50
DFA state entries cumulative : 1: 7100, 2: 3388, 3: 2740, 4: 2334
transitions cumulative       : 1->2: 3388, 2->3: 2740, 3->4: 2334
accepted directly from s0    : 0
Gym endings cumulative       : terminated=4523, truncated=243

[Episode 7200/8000 | last 100]
success rate                : 43.0% (cumulative 33.0%)
failure rate                : 0.0% (cumulative 0.0%)
completed cycles / episode  : 0.000
synthetic task reward       : 4300.000
shaping reward              : 206.153
learning reward             : 4506.153
episode length              : 338.4
abstract changes / episode  : 13.5
same abstract-state steps   : 96.0%
same-state shaping / episode: 0.000
changed-state shaping / ep. : 206.153
terminal shaping / episode  : 43.000
DFA transitions / episode   : 1.48
DFA transitions in window   : 1->2: 57, 2->3: 48, 3->4: 43
epsilon (next episode)       : 0.05610
replay buffer                : 300000 samples [1: 51.7%, 2: 32.5%, 3: 15.8%, 4: 0.0%]
DFA state visits in window   : 1: 23661, 2: 7085, 3: 3154, 4: 43
DFA state visits cumulative  : 1: 1413429, 2: 497223, 3: 304182, 4: 2377
DFA state entries in window  : 1: 100, 2: 57, 3: 48, 4: 43
DFA state entries cumulative : 1: 7200, 2: 3445, 3: 2788, 4: 2377
transitions cumulative       : 1->2: 3445, 2->3: 2788, 3->4: 2377
accepted directly from s0    : 0
Gym endings cumulative       : terminated=4579, truncated=244

[Episode 7300/8000 | last 100]
success rate                : 73.0% (cumulative 33.6%)
failure rate                : 0.0% (cumulative 0.0%)
completed cycles / episode  : 0.000
synthetic task reward       : 7300.000
shaping reward              : 381.355
learning reward             : 7681.355
episode length              : 327.6
abstract changes / episode  : 15.0
same abstract-state steps   : 95.4%
same-state shaping / episode: 0.000
changed-state shaping / ep. : 381.355
terminal shaping / episode  : 73.000
DFA transitions / episode   : 2.30
DFA transitions in window   : 1->2: 80, 2->3: 77, 3->4: 73
epsilon (next episode)       : 0.05390
replay buffer                : 300000 samples [1: 53.4%, 2: 31.1%, 3: 15.6%, 4: 0.0%]
DFA state visits in window   : 1: 17769, 2: 8809, 3: 6206, 4: 73
DFA state visits cumulative  : 1: 1431198, 2: 506032, 3: 310388, 4: 2450
DFA state entries in window  : 1: 100, 2: 80, 3: 77, 4: 73
DFA state entries cumulative : 1: 7300, 2: 3525, 3: 2865, 4: 2450
transitions cumulative       : 1->2: 3525, 2->3: 2865, 3->4: 2450
accepted directly from s0    : 0
Gym endings cumulative       : terminated=4606, truncated=244

[Episode 7400/8000 | last 100]
success rate                : 56.0% (cumulative 33.9%)
failure rate                : 0.0% (cumulative 0.0%)
completed cycles / episode  : 0.000
synthetic task reward       : 5600.000
shaping reward              : 311.592
learning reward             : 5911.592
episode length              : 378.7
abstract changes / episode  : 15.2
same abstract-state steps   : 96.0%
same-state shaping / episode: 0.000
changed-state shaping / ep. : 311.592
terminal shaping / episode  : 56.000
DFA transitions / episode   : 1.94
DFA transitions in window   : 1->2: 76, 2->3: 62, 3->4: 56
epsilon (next episode)       : 0.05179
replay buffer                : 300000 samples [1: 55.0%, 2: 29.6%, 3: 15.4%, 4: 0.0%]
DFA state visits in window   : 1: 21326, 2: 10082, 3: 6508, 4: 56
DFA state visits cumulative  : 1: 1452524, 2: 516114, 3: 316896, 4: 2506
DFA state entries in window  : 1: 100, 2: 76, 3: 62, 4: 56
DFA state entries cumulative : 1: 7400, 2: 3601, 3: 2927, 4: 2506
transitions cumulative       : 1->2: 3601, 2->3: 2927, 3->4: 2506
accepted directly from s0    : 0
Gym endings cumulative       : terminated=4647, truncated=247

[Episode 7500/8000 | last 100]
success rate                : 76.0% (cumulative 34.4%)
failure rate                : 0.0% (cumulative 0.0%)
completed cycles / episode  : 0.000
synthetic task reward       : 7600.000
shaping reward              : 431.017
learning reward             : 8031.017
episode length              : 337.3
abstract changes / episode  : 15.2
same abstract-state steps   : 95.5%
same-state shaping / episode: 0.000
changed-state shaping / ep. : 431.017
terminal shaping / episode  : 76.000
DFA transitions / episode   : 2.47
DFA transitions in window   : 1->2: 89, 2->3: 82, 3->4: 76
epsilon (next episode)       : 0.04976
replay buffer                : 300000 samples [1: 54.3%, 2: 29.6%, 3: 16.1%, 4: 0.0%]
DFA state visits in window   : 1: 14765, 2: 11405, 3: 7580, 4: 76
DFA state visits cumulative  : 1: 1467289, 2: 527519, 3: 324476, 4: 2582
DFA state entries in window  : 1: 100, 2: 89, 3: 82, 4: 76
DFA state entries cumulative : 1: 7500, 2: 3690, 3: 3009, 4: 2582
transitions cumulative       : 1->2: 3690, 2->3: 3009, 3->4: 2582
accepted directly from s0    : 0
Gym endings cumulative       : terminated=4671, truncated=247

Starting autonomous greedy evaluation at episode 7500 (1000 fixed-seed episodes)...
[Greedy evaluation at episode 7500 | 1000 fixed-seed episodes]
success=81.3%, failure=0.0%, task reward=8130.000, length=312.7
DFA transitions: 1->2: 814, 2->3: 813, 3->4: 813

[Episode 7600/8000 | last 100]
success rate                : 75.0% (cumulative 35.0%)
failure rate                : 0.0% (cumulative 0.0%)
completed cycles / episode  : 0.000
synthetic task reward       : 7500.000
shaping reward              : 373.661
learning reward             : 7873.661
episode length              : 326.5
abstract changes / episode  : 14.4
same abstract-state steps   : 95.6%
same-state shaping / episode: 0.000
changed-state shaping / ep. : 373.661
terminal shaping / episode  : 74.068
DFA transitions / episode   : 2.30
DFA transitions in window   : 1->2: 80, 2->3: 75, 3->4: 75
epsilon (next episode)       : 0.04781
replay buffer                : 300000 samples [1: 55.1%, 2: 28.5%, 3: 16.4%, 4: 0.0%]
DFA state visits in window   : 1: 16446, 2: 10505, 3: 5726, 4: 75
DFA state visits cumulative  : 1: 1483735, 2: 538024, 3: 330202, 4: 2657
DFA state entries in window  : 1: 100, 2: 80, 3: 75, 4: 75
DFA state entries cumulative : 1: 7600, 2: 3770, 3: 3084, 4: 2657
transitions cumulative       : 1->2: 3770, 2->3: 3084, 3->4: 2657
accepted directly from s0    : 0
Gym endings cumulative       : terminated=4695, truncated=248

[Episode 7700/8000 | last 100]
success rate                : 73.0% (cumulative 35.5%)
failure rate                : 0.0% (cumulative 0.0%)
completed cycles / episode  : 0.000
synthetic task reward       : 7300.000
shaping reward              : 381.919
learning reward             : 7681.919
episode length              : 407.1
abstract changes / episode  : 13.9
same abstract-state steps   : 96.6%
same-state shaping / episode: 0.000
changed-state shaping / ep. : 381.919
terminal shaping / episode  : 73.000
DFA transitions / episode   : 2.26
DFA transitions in window   : 1->2: 78, 2->3: 75, 3->4: 73
epsilon (next episode)       : 0.04593
replay buffer                : 300000 samples [1: 57.3%, 2: 26.5%, 3: 16.2%, 4: 0.0%]
DFA state visits in window   : 1: 27946, 2: 7939, 3: 4849, 4: 73
DFA state visits cumulative  : 1: 1511681, 2: 545963, 3: 335051, 4: 2730
DFA state entries in window  : 1: 100, 2: 78, 3: 75, 4: 73
DFA state entries cumulative : 1: 7700, 2: 3848, 3: 3159, 4: 2730
transitions cumulative       : 1->2: 3848, 2->3: 3159, 3->4: 2730
accepted directly from s0    : 0
Gym endings cumulative       : terminated=4714, truncated=256

[Episode 7800/8000 | last 100]
success rate                : 67.0% (cumulative 35.9%)
failure rate                : 0.0% (cumulative 0.0%)
completed cycles / episode  : 0.000
synthetic task reward       : 6700.000
shaping reward              : 356.511
learning reward             : 7056.511
episode length              : 349.2
abstract changes / episode  : 15.0
same abstract-state steps   : 95.7%
same-state shaping / episode: 0.000
changed-state shaping / ep. : 356.511
terminal shaping / episode  : 67.000
DFA transitions / episode   : 2.12
DFA transitions in window   : 1->2: 75, 2->3: 70, 3->4: 67
epsilon (next episode)       : 0.04413
replay buffer                : 300000 samples [1: 58.7%, 2: 25.8%, 3: 15.6%, 4: 0.0%]
DFA state visits in window   : 1: 20339, 2: 9402, 3: 5214, 4: 67
DFA state visits cumulative  : 1: 1532020, 2: 555365, 3: 340265, 4: 2797
DFA state entries in window  : 1: 100, 2: 75, 3: 70, 4: 67
DFA state entries cumulative : 1: 7800, 2: 3923, 3: 3229, 4: 2797
transitions cumulative       : 1->2: 3923, 2->3: 3229, 3->4: 2797
accepted directly from s0    : 0
Gym endings cumulative       : terminated=4747, truncated=256

[Episode 7900/8000 | last 100]
success rate                : 38.0% (cumulative 35.9%)
failure rate                : 0.0% (cumulative 0.0%)
completed cycles / episode  : 0.000
synthetic task reward       : 3800.000
shaping reward              : 191.487
learning reward             : 3991.487
episode length              : 308.8
abstract changes / episode  : 11.9
same abstract-state steps   : 96.1%
same-state shaping / episode: 0.000
changed-state shaping / ep. : 191.487
terminal shaping / episode  : 38.000
DFA transitions / episode   : 1.26
DFA transitions in window   : 1->2: 50, 2->3: 38, 3->4: 38
epsilon (next episode)       : 0.04240
replay buffer                : 300000 samples [1: 60.0%, 2: 25.2%, 3: 14.8%, 4: 0.0%]
DFA state visits in window   : 1: 21742, 2: 6719, 3: 2479, 4: 38
DFA state visits cumulative  : 1: 1553762, 2: 562084, 3: 342744, 4: 2835
DFA state entries in window  : 1: 100, 2: 50, 3: 38, 4: 38
DFA state entries cumulative : 1: 7900, 2: 3973, 3: 3267, 4: 2835
transitions cumulative       : 1->2: 3973, 2->3: 3267, 3->4: 2835
accepted directly from s0    : 0
Gym endings cumulative       : terminated=4808, truncated=257

[Episode 8000/8000 | last 100]
success rate                : 54.0% (cumulative 36.1%)
failure rate                : 0.0% (cumulative 0.0%)
completed cycles / episode  : 0.000
synthetic task reward       : 5400.000
shaping reward              : 255.013
learning reward             : 5655.013
episode length              : 373.5
abstract changes / episode  : 14.3
same abstract-state steps   : 96.2%
same-state shaping / episode: 0.000
changed-state shaping / ep. : 255.013
terminal shaping / episode  : 54.000
DFA transitions / episode   : 1.72
DFA transitions in window   : 1->2: 63, 2->3: 55, 3->4: 54
epsilon (next episode)       : 0.04074
replay buffer                : 300000 samples [1: 58.4%, 2: 26.7%, 3: 14.9%, 4: 0.0%]
DFA state visits in window   : 1: 22537, 2: 10652, 3: 4211, 4: 54
DFA state visits cumulative  : 1: 1576299, 2: 572736, 3: 346955, 4: 2889
DFA state entries in window  : 1: 100, 2: 63, 3: 55, 4: 54
DFA state entries cumulative : 1: 8000, 2: 4036, 3: 3322, 4: 2889
transitions cumulative       : 1->2: 4036, 2->3: 3322, 3->4: 2889
accepted directly from s0    : 0
Gym endings cumulative       : terminated=4850, truncated=261

Starting autonomous greedy evaluation at episode 8000 (1000 fixed-seed episodes)...
[Greedy evaluation at episode 8000 | 1000 fixed-seed episodes]
success=76.2%, failure=0.0%, task reward=7620.000, length=339.4
DFA transitions: 1->2: 771, 2->3: 768, 3->4: 762
Last policy saved after episode 8000. Best greedy evaluation: episode 4500, mean task reward=9670.000
