
=== NEW RUN ===
episodes=8000, shaping=True, goal_reward=10000.0, gamma=0.99
gamma_shaping=1.0, shaping_formula=gamma_shaping*Phi(next)-Phi(state)
ground_unbiased_learner=False
eval_interval=500, eval_episodes=1000, eval_seed=100000
inter_level_shaping=False, inter_level_formula=gamma*Phi(next)-Phi(state)
task_type=ltlf, task=F(wp1 & X(F(wp2 & X(F(g1)))))
regions={wp1: {'center': [-0.75, 1.0625], 'radius': 0.1}, wp2: {'center': [0, 0.8125], 'radius': 0.1}, g1: {'center': [0.75, 1.0625], 'radius': 0.1}}
dfa_states=[1, 2, 3, 4], pre_trace=1, accepting=[4], failure=[]

[Episode 1/8000 | last 1]
success rate                : 0.0% (cumulative 0.0%)
failure rate                : 0.0% (cumulative 0.0%)
completed cycles / episode  : 0.000
synthetic task reward       : 0.000
shaping reward              : -808.015
learning reward             : -808.015
episode length              : 73.0
abstract changes / episode  : 71.0
same abstract-state steps   : 2.7%
same-state shaping / episode: 0.000
changed-state shaping / ep. : -808.015
terminal shaping / episode  : 0.000
DFA transitions / episode   : 0.00
DFA transitions in window   : none
epsilon (next episode)       : 0.99960
replay buffer                : 73 samples [1: 100.0%, 2: 0.0%, 3: 0.0%, 4: 0.0%]
DFA state visits in window   : 1: 74, 2: 0, 3: 0, 4: 0
DFA state visits cumulative  : 1: 74, 2: 0, 3: 0, 4: 0
DFA state entries in window  : 1: 1, 2: 0, 3: 0, 4: 0
DFA state entries cumulative : 1: 1, 2: 0, 3: 0, 4: 0
transitions cumulative       : none
accepted directly from s0    : 0
Gym endings cumulative       : terminated=1, truncated=0

[Episode 100/8000 | last 100]
success rate                : 0.0% (cumulative 0.0%)
failure rate                : 0.0% (cumulative 0.0%)
completed cycles / episode  : 0.000
synthetic task reward       : 0.000
shaping reward              : -783.622
learning reward             : -783.622
episode length              : 91.7
abstract changes / episode  : 82.2
same abstract-state steps   : 10.4%
same-state shaping / episode: 0.000
changed-state shaping / ep. : -783.622
terminal shaping / episode  : -6.524
DFA transitions / episode   : 0.00
DFA transitions in window   : none
epsilon (next episode)       : 0.96078
replay buffer                : 9170 samples [1: 100.0%, 2: 0.0%, 3: 0.0%, 4: 0.0%]
DFA state visits in window   : 1: 9270, 2: 0, 3: 0, 4: 0
DFA state visits cumulative  : 1: 9270, 2: 0, 3: 0, 4: 0
DFA state entries in window  : 1: 100, 2: 0, 3: 0, 4: 0
DFA state entries cumulative : 1: 100, 2: 0, 3: 0, 4: 0
transitions cumulative       : none
accepted directly from s0    : 0
Gym endings cumulative       : terminated=100, truncated=0

[Episode 200/8000 | last 100]
success rate                : 0.0% (cumulative 0.0%)
failure rate                : 0.0% (cumulative 0.0%)
completed cycles / episode  : 0.000
synthetic task reward       : 0.000
shaping reward              : -731.373
learning reward             : -731.373
episode length              : 92.1
abstract changes / episode  : 82.5
same abstract-state steps   : 10.4%
same-state shaping / episode: 0.000
changed-state shaping / ep. : -731.373
terminal shaping / episode  : -8.060
DFA transitions / episode   : 0.03
DFA transitions in window   : 1->2: 3
epsilon (next episode)       : 0.92310
replay buffer                : 18381 samples [1: 99.6%, 2: 0.4%, 3: 0.0%, 4: 0.0%]
DFA state visits in window   : 1: 9230, 2: 81, 3: 0, 4: 0
DFA state visits cumulative  : 1: 18500, 2: 81, 3: 0, 4: 0
DFA state entries in window  : 1: 100, 2: 3, 3: 0, 4: 0
DFA state entries cumulative : 1: 200, 2: 3, 3: 0, 4: 0
transitions cumulative       : 1->2: 3
accepted directly from s0    : 0
Gym endings cumulative       : terminated=200, truncated=0

[Episode 300/8000 | last 100]
success rate                : 0.0% (cumulative 0.0%)
failure rate                : 0.0% (cumulative 0.0%)
completed cycles / episode  : 0.000
synthetic task reward       : 0.000
shaping reward              : -692.103
learning reward             : -692.103
episode length              : 96.4
abstract changes / episode  : 85.3
same abstract-state steps   : 11.5%
same-state shaping / episode: 0.000
changed-state shaping / ep. : -692.103
terminal shaping / episode  : -6.332
DFA transitions / episode   : 0.05
DFA transitions in window   : 1->2: 5
epsilon (next episode)       : 0.88690
replay buffer                : 28023 samples [1: 99.3%, 2: 0.7%, 3: 0.0%, 4: 0.0%]
DFA state visits in window   : 1: 9627, 2: 115, 3: 0, 4: 0
DFA state visits cumulative  : 1: 28127, 2: 196, 3: 0, 4: 0
DFA state entries in window  : 1: 100, 2: 5, 3: 0, 4: 0
DFA state entries cumulative : 1: 300, 2: 8, 3: 0, 4: 0
transitions cumulative       : 1->2: 8
accepted directly from s0    : 0
Gym endings cumulative       : terminated=300, truncated=0

[Episode 400/8000 | last 100]
success rate                : 0.0% (cumulative 0.0%)
failure rate                : 0.0% (cumulative 0.0%)
completed cycles / episode  : 0.000
synthetic task reward       : 0.000
shaping reward              : -718.785
learning reward             : -718.785
episode length              : 99.9
abstract changes / episode  : 89.4
same abstract-state steps   : 10.5%
same-state shaping / episode: 0.000
changed-state shaping / ep. : -718.785
terminal shaping / episode  : -6.797
DFA transitions / episode   : 0.02
DFA transitions in window   : 1->2: 2
epsilon (next episode)       : 0.85212
replay buffer                : 38012 samples [1: 99.4%, 2: 0.6%, 3: 0.0%, 4: 0.0%]
DFA state visits in window   : 1: 10038, 2: 51, 3: 0, 4: 0
DFA state visits cumulative  : 1: 38165, 2: 247, 3: 0, 4: 0
DFA state entries in window  : 1: 100, 2: 2, 3: 0, 4: 0
DFA state entries cumulative : 1: 400, 2: 10, 3: 0, 4: 0
transitions cumulative       : 1->2: 10
accepted directly from s0    : 0
Gym endings cumulative       : terminated=400, truncated=0

[Episode 500/8000 | last 100]
success rate                : 0.0% (cumulative 0.0%)
failure rate                : 0.0% (cumulative 0.0%)
completed cycles / episode  : 0.000
synthetic task reward       : 0.000
shaping reward              : -624.864
learning reward             : -624.864
episode length              : 99.5
abstract changes / episode  : 88.8
same abstract-state steps   : 10.8%
same-state shaping / episode: 0.000
changed-state shaping / ep. : -624.864
terminal shaping / episode  : -7.776
DFA transitions / episode   : 0.09
DFA transitions in window   : 1->2: 9
epsilon (next episode)       : 0.81870
replay buffer                : 47963 samples [1: 99.1%, 2: 0.9%, 3: 0.0%, 4: 0.0%]
DFA state visits in window   : 1: 9835, 2: 216, 3: 0, 4: 0
DFA state visits cumulative  : 1: 48000, 2: 463, 3: 0, 4: 0
DFA state entries in window  : 1: 100, 2: 9, 3: 0, 4: 0
DFA state entries cumulative : 1: 500, 2: 19, 3: 0, 4: 0
transitions cumulative       : 1->2: 19
accepted directly from s0    : 0
Gym endings cumulative       : terminated=500, truncated=0

Starting autonomous greedy evaluation at episode 500 (1000 fixed-seed episodes)...
[Greedy evaluation at episode 500 | 1000 fixed-seed episodes]
success=0.0%, failure=0.0%, task reward=0.000, length=132.1
DFA transitions: none
Best policy updated from autonomous greedy evaluation at episode 500.

[Episode 600/8000 | last 100]
success rate                : 0.0% (cumulative 0.0%)
failure rate                : 0.0% (cumulative 0.0%)
completed cycles / episode  : 0.000
synthetic task reward       : 0.000
shaping reward              : -624.684
learning reward             : -624.684
episode length              : 105.6
abstract changes / episode  : 92.0
same abstract-state steps   : 12.8%
same-state shaping / episode: 0.000
changed-state shaping / ep. : -624.684
terminal shaping / episode  : -7.839
DFA transitions / episode   : 0.06
DFA transitions in window   : 1->2: 6
epsilon (next episode)       : 0.78659
replay buffer                : 58519 samples [1: 99.0%, 2: 1.0%, 3: 0.0%, 4: 0.0%]
DFA state visits in window   : 1: 10528, 2: 128, 3: 0, 4: 0
DFA state visits cumulative  : 1: 58528, 2: 591, 3: 0, 4: 0
DFA state entries in window  : 1: 100, 2: 6, 3: 0, 4: 0
DFA state entries cumulative : 1: 600, 2: 25, 3: 0, 4: 0
transitions cumulative       : 1->2: 25
accepted directly from s0    : 0
Gym endings cumulative       : terminated=600, truncated=0

[Episode 700/8000 | last 100]
success rate                : 0.0% (cumulative 0.0%)
failure rate                : 0.0% (cumulative 0.0%)
completed cycles / episode  : 0.000
synthetic task reward       : 0.000
shaping reward              : -679.365
learning reward             : -679.365
episode length              : 115.7
abstract changes / episode  : 99.8
same abstract-state steps   : 13.7%
same-state shaping / episode: 0.000
changed-state shaping / ep. : -679.365
terminal shaping / episode  : -4.886
DFA transitions / episode   : 0.04
DFA transitions in window   : 1->2: 4
epsilon (next episode)       : 0.75574
replay buffer                : 70085 samples [1: 99.0%, 2: 1.0%, 3: 0.0%, 4: 0.0%]
DFA state visits in window   : 1: 11538, 2: 128, 3: 0, 4: 0
DFA state visits cumulative  : 1: 70066, 2: 719, 3: 0, 4: 0
DFA state entries in window  : 1: 100, 2: 4, 3: 0, 4: 0
DFA state entries cumulative : 1: 700, 2: 29, 3: 0, 4: 0
transitions cumulative       : 1->2: 29
accepted directly from s0    : 0
Gym endings cumulative       : terminated=700, truncated=0

[Episode 800/8000 | last 100]
success rate                : 0.0% (cumulative 0.0%)
failure rate                : 0.0% (cumulative 0.0%)
completed cycles / episode  : 0.000
synthetic task reward       : 0.000
shaping reward              : -700.383
learning reward             : -700.383
episode length              : 120.1
abstract changes / episode  : 100.9
same abstract-state steps   : 16.0%
same-state shaping / episode: 0.000
changed-state shaping / ep. : -700.383
terminal shaping / episode  : -4.768
DFA transitions / episode   : 0.05
DFA transitions in window   : 1->2: 5
epsilon (next episode)       : 0.72610
replay buffer                : 82094 samples [1: 98.9%, 2: 1.1%, 3: 0.0%, 4: 0.0%]
DFA state visits in window   : 1: 11918, 2: 191, 3: 0, 4: 0
DFA state visits cumulative  : 1: 81984, 2: 910, 3: 0, 4: 0
DFA state entries in window  : 1: 100, 2: 5, 3: 0, 4: 0
DFA state entries cumulative : 1: 800, 2: 34, 3: 0, 4: 0
transitions cumulative       : 1->2: 34
accepted directly from s0    : 0
Gym endings cumulative       : terminated=800, truncated=0

[Episode 900/8000 | last 100]
success rate                : 0.0% (cumulative 0.0%)
failure rate                : 0.0% (cumulative 0.0%)
completed cycles / episode  : 0.000
synthetic task reward       : 0.000
shaping reward              : -763.448
learning reward             : -763.448
episode length              : 127.4
abstract changes / episode  : 105.7
same abstract-state steps   : 17.1%
same-state shaping / episode: 0.000
changed-state shaping / ep. : -763.448
terminal shaping / episode  : -6.694
DFA transitions / episode   : 0.01
DFA transitions in window   : 1->2: 1
epsilon (next episode)       : 0.69763
replay buffer                : 94831 samples [1: 99.0%, 2: 1.0%, 3: 0.0%, 4: 0.0%]
DFA state visits in window   : 1: 12781, 2: 56, 3: 0, 4: 0
DFA state visits cumulative  : 1: 94765, 2: 966, 3: 0, 4: 0
DFA state entries in window  : 1: 100, 2: 1, 3: 0, 4: 0
DFA state entries cumulative : 1: 900, 2: 35, 3: 0, 4: 0
transitions cumulative       : 1->2: 35
accepted directly from s0    : 0
Gym endings cumulative       : terminated=900, truncated=0

[Episode 1000/8000 | last 100]
success rate                : 0.0% (cumulative 0.0%)
failure rate                : 0.0% (cumulative 0.0%)
completed cycles / episode  : 0.000
synthetic task reward       : 0.000
shaping reward              : -748.737
learning reward             : -748.737
episode length              : 144.7
abstract changes / episode  : 111.0
same abstract-state steps   : 23.3%
same-state shaping / episode: 0.000
changed-state shaping / ep. : -748.737
terminal shaping / episode  : -5.709
DFA transitions / episode   : 0.01
DFA transitions in window   : 1->2: 1
epsilon (next episode)       : 0.67027
replay buffer                : 109298 samples [1: 99.1%, 2: 0.9%, 3: 0.0%, 4: 0.0%]
DFA state visits in window   : 1: 14510, 2: 57, 3: 0, 4: 0
DFA state visits cumulative  : 1: 109275, 2: 1023, 3: 0, 4: 0
DFA state entries in window  : 1: 100, 2: 1, 3: 0, 4: 0
DFA state entries cumulative : 1: 1000, 2: 36, 3: 0, 4: 0
transitions cumulative       : 1->2: 36
accepted directly from s0    : 0
Gym endings cumulative       : terminated=999, truncated=1

Starting autonomous greedy evaluation at episode 1000 (1000 fixed-seed episodes)...
[Greedy evaluation at episode 1000 | 1000 fixed-seed episodes]
success=0.0%, failure=0.0%, task reward=0.000, length=171.8
DFA transitions: none

[Episode 1100/8000 | last 100]
success rate                : 0.0% (cumulative 0.0%)
failure rate                : 0.0% (cumulative 0.0%)
completed cycles / episode  : 0.000
synthetic task reward       : 0.000
shaping reward              : -686.175
learning reward             : -686.175
episode length              : 151.8
abstract changes / episode  : 118.8
same abstract-state steps   : 21.8%
same-state shaping / episode: 0.000
changed-state shaping / ep. : -686.175
terminal shaping / episode  : -4.504
DFA transitions / episode   : 0.04
DFA transitions in window   : 1->2: 4
epsilon (next episode)       : 0.64398
replay buffer                : 124478 samples [1: 99.1%, 2: 0.9%, 3: 0.0%, 4: 0.0%]
DFA state visits in window   : 1: 15081, 2: 199, 3: 0, 4: 0
DFA state visits cumulative  : 1: 124356, 2: 1222, 3: 0, 4: 0
DFA state entries in window  : 1: 100, 2: 4, 3: 0, 4: 0
DFA state entries cumulative : 1: 1100, 2: 40, 3: 0, 4: 0
transitions cumulative       : 1->2: 40
accepted directly from s0    : 0
Gym endings cumulative       : terminated=1099, truncated=1

[Episode 1200/8000 | last 100]
success rate                : 0.0% (cumulative 0.0%)
failure rate                : 0.0% (cumulative 0.0%)
completed cycles / episode  : 0.000
synthetic task reward       : 0.000
shaping reward              : -777.074
learning reward             : -777.074
episode length              : 166.4
abstract changes / episode  : 124.1
same abstract-state steps   : 25.5%
same-state shaping / episode: 0.000
changed-state shaping / ep. : -777.074
terminal shaping / episode  : -1.542
DFA transitions / episode   : 0.01
DFA transitions in window   : 1->2: 1
epsilon (next episode)       : 0.61872
replay buffer                : 141120 samples [1: 99.1%, 2: 0.9%, 3: 0.0%, 4: 0.0%]
DFA state visits in window   : 1: 16678, 2: 64, 3: 0, 4: 0
DFA state visits cumulative  : 1: 141034, 2: 1286, 3: 0, 4: 0
DFA state entries in window  : 1: 100, 2: 1, 3: 0, 4: 0
DFA state entries cumulative : 1: 1200, 2: 41, 3: 0, 4: 0
transitions cumulative       : 1->2: 41
accepted directly from s0    : 0
Gym endings cumulative       : terminated=1199, truncated=1

[Episode 1300/8000 | last 100]
success rate                : 0.0% (cumulative 0.0%)
failure rate                : 0.0% (cumulative 0.0%)
completed cycles / episode  : 0.000
synthetic task reward       : 0.000
shaping reward              : -804.557
learning reward             : -804.557
episode length              : 177.6
abstract changes / episode  : 131.9
same abstract-state steps   : 25.7%
same-state shaping / episode: 0.000
changed-state shaping / ep. : -804.557
terminal shaping / episode  : -2.441
DFA transitions / episode   : 0.00
DFA transitions in window   : none
epsilon (next episode)       : 0.59446
replay buffer                : 158877 samples [1: 99.2%, 2: 0.8%, 3: 0.0%, 4: 0.0%]
DFA state visits in window   : 1: 17857, 2: 0, 3: 0, 4: 0
DFA state visits cumulative  : 1: 158891, 2: 1286, 3: 0, 4: 0
DFA state entries in window  : 1: 100, 2: 0, 3: 0, 4: 0
DFA state entries cumulative : 1: 1300, 2: 41, 3: 0, 4: 0
transitions cumulative       : 1->2: 41
accepted directly from s0    : 0
Gym endings cumulative       : terminated=1299, truncated=1

[Episode 1400/8000 | last 100]
success rate                : 0.0% (cumulative 0.0%)
failure rate                : 0.0% (cumulative 0.0%)
completed cycles / episode  : 0.000
synthetic task reward       : 0.000
shaping reward              : -823.576
learning reward             : -823.576
episode length              : 186.5
abstract changes / episode  : 139.1
same abstract-state steps   : 25.4%
same-state shaping / episode: 0.000
changed-state shaping / ep. : -823.576
terminal shaping / episode  : -1.306
DFA transitions / episode   : 0.00
DFA transitions in window   : none
epsilon (next episode)       : 0.57115
replay buffer                : 177524 samples [1: 99.3%, 2: 0.7%, 3: 0.0%, 4: 0.0%]
DFA state visits in window   : 1: 18747, 2: 0, 3: 0, 4: 0
DFA state visits cumulative  : 1: 177638, 2: 1286, 3: 0, 4: 0
DFA state entries in window  : 1: 100, 2: 0, 3: 0, 4: 0
DFA state entries cumulative : 1: 1400, 2: 41, 3: 0, 4: 0
transitions cumulative       : 1->2: 41
accepted directly from s0    : 0
Gym endings cumulative       : terminated=1399, truncated=1

[Episode 1500/8000 | last 100]
success rate                : 0.0% (cumulative 0.0%)
failure rate                : 0.0% (cumulative 0.0%)
completed cycles / episode  : 0.000
synthetic task reward       : 0.000
shaping reward              : -815.039
learning reward             : -815.039
episode length              : 236.5
abstract changes / episode  : 159.5
same abstract-state steps   : 32.5%
same-state shaping / episode: 0.000
changed-state shaping / ep. : -815.039
terminal shaping / episode  : -1.949
DFA transitions / episode   : 0.00
DFA transitions in window   : none
epsilon (next episode)       : 0.54875
replay buffer                : 201176 samples [1: 99.4%, 2: 0.6%, 3: 0.0%, 4: 0.0%]
DFA state visits in window   : 1: 23752, 2: 0, 3: 0, 4: 0
DFA state visits cumulative  : 1: 201390, 2: 1286, 3: 0, 4: 0
DFA state entries in window  : 1: 100, 2: 0, 3: 0, 4: 0
DFA state entries cumulative : 1: 1500, 2: 41, 3: 0, 4: 0
transitions cumulative       : 1->2: 41
accepted directly from s0    : 0
Gym endings cumulative       : terminated=1497, truncated=3

Starting autonomous greedy evaluation at episode 1500 (1000 fixed-seed episodes)...
[Greedy evaluation at episode 1500 | 1000 fixed-seed episodes]
success=0.0%, failure=0.0%, task reward=0.000, length=200.6
DFA transitions: none

[Episode 1600/8000 | last 100]
success rate                : 0.0% (cumulative 0.0%)
failure rate                : 0.0% (cumulative 0.0%)
completed cycles / episode  : 0.000
synthetic task reward       : 0.000
shaping reward              : -784.501
learning reward             : -784.501
episode length              : 216.4
abstract changes / episode  : 152.8
same abstract-state steps   : 29.4%
same-state shaping / episode: 0.000
changed-state shaping / ep. : -784.501
terminal shaping / episode  : -1.492
DFA transitions / episode   : 0.00
DFA transitions in window   : none
epsilon (next episode)       : 0.52722
replay buffer                : 222821 samples [1: 99.4%, 2: 0.6%, 3: 0.0%, 4: 0.0%]
DFA state visits in window   : 1: 21745, 2: 0, 3: 0, 4: 0
DFA state visits cumulative  : 1: 223135, 2: 1286, 3: 0, 4: 0
DFA state entries in window  : 1: 100, 2: 0, 3: 0, 4: 0
DFA state entries cumulative : 1: 1600, 2: 41, 3: 0, 4: 0
transitions cumulative       : 1->2: 41
accepted directly from s0    : 0
Gym endings cumulative       : terminated=1592, truncated=8

[Episode 1700/8000 | last 100]
success rate                : 0.0% (cumulative 0.0%)
failure rate                : 0.0% (cumulative 0.0%)
completed cycles / episode  : 0.000
synthetic task reward       : 0.000
shaping reward              : -790.950
learning reward             : -790.950
episode length              : 163.1
abstract changes / episode  : 124.6
same abstract-state steps   : 23.6%
same-state shaping / episode: 0.000
changed-state shaping / ep. : -790.950
terminal shaping / episode  : -1.915
DFA transitions / episode   : 0.00
DFA transitions in window   : none
epsilon (next episode)       : 0.50655
replay buffer                : 239130 samples [1: 99.5%, 2: 0.5%, 3: 0.0%, 4: 0.0%]
DFA state visits in window   : 1: 16409, 2: 0, 3: 0, 4: 0
DFA state visits cumulative  : 1: 239544, 2: 1286, 3: 0, 4: 0
DFA state entries in window  : 1: 100, 2: 0, 3: 0, 4: 0
DFA state entries cumulative : 1: 1700, 2: 41, 3: 0, 4: 0
transitions cumulative       : 1->2: 41
accepted directly from s0    : 0
Gym endings cumulative       : terminated=1689, truncated=11

[Episode 1800/8000 | last 100]
success rate                : 0.0% (cumulative 0.0%)
failure rate                : 0.0% (cumulative 0.0%)
completed cycles / episode  : 0.000
synthetic task reward       : 0.000
shaping reward              : -790.906
learning reward             : -790.906
episode length              : 209.1
abstract changes / episode  : 126.2
same abstract-state steps   : 39.6%
same-state shaping / episode: 0.000
changed-state shaping / ep. : -790.906
terminal shaping / episode  : -2.818
DFA transitions / episode   : 0.00
DFA transitions in window   : none
epsilon (next episode)       : 0.48668
replay buffer                : 260036 samples [1: 99.5%, 2: 0.5%, 3: 0.0%, 4: 0.0%]
DFA state visits in window   : 1: 21006, 2: 0, 3: 0, 4: 0
DFA state visits cumulative  : 1: 260550, 2: 1286, 3: 0, 4: 0
DFA state entries in window  : 1: 100, 2: 0, 3: 0, 4: 0
DFA state entries cumulative : 1: 1800, 2: 41, 3: 0, 4: 0
transitions cumulative       : 1->2: 41
accepted directly from s0    : 0
Gym endings cumulative       : terminated=1780, truncated=20

[Episode 1900/8000 | last 100]
success rate                : 0.0% (cumulative 0.0%)
failure rate                : 0.0% (cumulative 0.0%)
completed cycles / episode  : 0.000
synthetic task reward       : 0.000
shaping reward              : -797.056
learning reward             : -797.056
episode length              : 188.1
abstract changes / episode  : 110.7
same abstract-state steps   : 41.1%
same-state shaping / episode: 0.000
changed-state shaping / ep. : -797.056
terminal shaping / episode  : -1.764
DFA transitions / episode   : 0.00
DFA transitions in window   : none
epsilon (next episode)       : 0.46760
replay buffer                : 278841 samples [1: 99.6%, 2: 0.4%, 3: 0.0%, 4: 0.0%]
DFA state visits in window   : 1: 18905, 2: 0, 3: 0, 4: 0
DFA state visits cumulative  : 1: 279455, 2: 1286, 3: 0, 4: 0
DFA state entries in window  : 1: 100, 2: 0, 3: 0, 4: 0
DFA state entries cumulative : 1: 1900, 2: 41, 3: 0, 4: 0
transitions cumulative       : 1->2: 41
accepted directly from s0    : 0
Gym endings cumulative       : terminated=1872, truncated=28

[Episode 2000/8000 | last 100]
success rate                : 0.0% (cumulative 0.0%)
failure rate                : 0.0% (cumulative 0.0%)
completed cycles / episode  : 0.000
synthetic task reward       : 0.000
shaping reward              : -775.850
learning reward             : -775.850
episode length              : 237.1
abstract changes / episode  : 129.3
same abstract-state steps   : 45.5%
same-state shaping / episode: 0.000
changed-state shaping / ep. : -775.850
terminal shaping / episode  : -1.577
DFA transitions / episode   : 0.00
DFA transitions in window   : none
epsilon (next episode)       : 0.44926
replay buffer                : 300000 samples [1: 99.6%, 2: 0.4%, 3: 0.0%, 4: 0.0%]
DFA state visits in window   : 1: 23812, 2: 0, 3: 0, 4: 0
DFA state visits cumulative  : 1: 303267, 2: 1286, 3: 0, 4: 0
DFA state entries in window  : 1: 100, 2: 0, 3: 0, 4: 0
DFA state entries cumulative : 1: 2000, 2: 41, 3: 0, 4: 0
transitions cumulative       : 1->2: 41
accepted directly from s0    : 0
Gym endings cumulative       : terminated=1962, truncated=38

Starting autonomous greedy evaluation at episode 2000 (1000 fixed-seed episodes)...
[Greedy evaluation at episode 2000 | 1000 fixed-seed episodes]
success=0.0%, failure=0.0%, task reward=0.000, length=469.4
DFA transitions: 1->2: 7

[Episode 2100/8000 | last 100]
success rate                : 0.0% (cumulative 0.0%)
failure rate                : 0.0% (cumulative 0.0%)
completed cycles / episode  : 0.000
synthetic task reward       : 0.000
shaping reward              : -721.962
learning reward             : -721.962
episode length              : 171.8
abstract changes / episode  : 123.0
same abstract-state steps   : 28.4%
same-state shaping / episode: 0.000
changed-state shaping / ep. : -721.962
terminal shaping / episode  : -4.077
DFA transitions / episode   : 0.02
DFA transitions in window   : 1->2: 2
epsilon (next episode)       : 0.43164
replay buffer                : 300000 samples [1: 99.6%, 2: 0.4%, 3: 0.0%, 4: 0.0%]
DFA state visits in window   : 1: 17212, 2: 67, 3: 0, 4: 0
DFA state visits cumulative  : 1: 320479, 2: 1353, 3: 0, 4: 0
DFA state entries in window  : 1: 100, 2: 2, 3: 0, 4: 0
DFA state entries cumulative : 1: 2100, 2: 43, 3: 0, 4: 0
transitions cumulative       : 1->2: 43
accepted directly from s0    : 0
Gym endings cumulative       : terminated=2060, truncated=40

[Episode 2200/8000 | last 100]
success rate                : 0.0% (cumulative 0.0%)
failure rate                : 0.0% (cumulative 0.0%)
completed cycles / episode  : 0.000
synthetic task reward       : 0.000
shaping reward              : -551.427
learning reward             : -551.427
episode length              : 223.6
abstract changes / episode  : 151.2
same abstract-state steps   : 32.4%
same-state shaping / episode: 0.000
changed-state shaping / ep. : -551.427
terminal shaping / episode  : -4.623
DFA transitions / episode   : 0.04
DFA transitions in window   : 1->2: 4
epsilon (next episode)       : 0.41471
replay buffer                : 300000 samples [1: 99.6%, 2: 0.4%, 3: 0.0%, 4: 0.0%]
DFA state visits in window   : 1: 22195, 2: 267, 3: 0, 4: 0
DFA state visits cumulative  : 1: 342674, 2: 1620, 3: 0, 4: 0
DFA state entries in window  : 1: 100, 2: 4, 3: 0, 4: 0
DFA state entries cumulative : 1: 2200, 2: 47, 3: 0, 4: 0
transitions cumulative       : 1->2: 47
accepted directly from s0    : 0
Gym endings cumulative       : terminated=2160, truncated=40

[Episode 2300/8000 | last 100]
success rate                : 0.0% (cumulative 0.0%)
failure rate                : 0.0% (cumulative 0.0%)
completed cycles / episode  : 0.000
synthetic task reward       : 0.000
shaping reward              : -705.632
learning reward             : -705.632
episode length              : 400.9
abstract changes / episode  : 219.0
same abstract-state steps   : 45.4%
same-state shaping / episode: 0.000
changed-state shaping / ep. : -705.632
terminal shaping / episode  : -5.658
DFA transitions / episode   : 0.03
DFA transitions in window   : 1->2: 2, 2->3: 1
epsilon (next episode)       : 0.39845
replay buffer                : 300000 samples [1: 99.7%, 2: 0.3%, 3: 0.0%, 4: 0.0%]
DFA state visits in window   : 1: 39953, 2: 202, 3: 39, 4: 0
DFA state visits cumulative  : 1: 382627, 2: 1822, 3: 39, 4: 0
DFA state entries in window  : 1: 100, 2: 2, 3: 1, 4: 0
DFA state entries cumulative : 1: 2300, 2: 49, 3: 1, 4: 0
transitions cumulative       : 1->2: 49, 2->3: 1
accepted directly from s0    : 0
Gym endings cumulative       : terminated=2249, truncated=51

[Episode 2400/8000 | last 100]
success rate                : 0.0% (cumulative 0.0%)
failure rate                : 0.0% (cumulative 0.0%)
completed cycles / episode  : 0.000
synthetic task reward       : 0.000
shaping reward              : -625.397
learning reward             : -625.397
episode length              : 294.9
abstract changes / episode  : 201.5
same abstract-state steps   : 31.7%
same-state shaping / episode: 0.000
changed-state shaping / ep. : -625.397
terminal shaping / episode  : -0.921
DFA transitions / episode   : 0.06
DFA transitions in window   : 1->2: 6
epsilon (next episode)       : 0.38282
replay buffer                : 300000 samples [1: 99.5%, 2: 0.5%, 3: 0.0%, 4: 0.0%]
DFA state visits in window   : 1: 28985, 2: 604, 3: 0, 4: 0
DFA state visits cumulative  : 1: 411612, 2: 2426, 3: 39, 4: 0
DFA state entries in window  : 1: 100, 2: 6, 3: 0, 4: 0
DFA state entries cumulative : 1: 2400, 2: 55, 3: 1, 4: 0
transitions cumulative       : 1->2: 55, 2->3: 1
accepted directly from s0    : 0
Gym endings cumulative       : terminated=2342, truncated=58

[Episode 2500/8000 | last 100]
success rate                : 0.0% (cumulative 0.0%)
failure rate                : 0.0% (cumulative 0.0%)
completed cycles / episode  : 0.000
synthetic task reward       : 0.000
shaping reward              : -714.065
learning reward             : -714.065
episode length              : 383.2
abstract changes / episode  : 264.4
same abstract-state steps   : 31.0%
same-state shaping / episode: 0.000
changed-state shaping / ep. : -714.065
terminal shaping / episode  : -1.769
DFA transitions / episode   : 0.03
DFA transitions in window   : 1->2: 3
epsilon (next episode)       : 0.36781
replay buffer                : 300000 samples [1: 99.5%, 2: 0.5%, 3: 0.0%, 4: 0.0%]
DFA state visits in window   : 1: 38193, 2: 229, 3: 0, 4: 0
DFA state visits cumulative  : 1: 449805, 2: 2655, 3: 39, 4: 0
DFA state entries in window  : 1: 100, 2: 3, 3: 0, 4: 0
DFA state entries cumulative : 1: 2500, 2: 58, 3: 1, 4: 0
transitions cumulative       : 1->2: 58, 2->3: 1
accepted directly from s0    : 0
Gym endings cumulative       : terminated=2434, truncated=66

Starting autonomous greedy evaluation at episode 2500 (1000 fixed-seed episodes)...
[Greedy evaluation at episode 2500 | 1000 fixed-seed episodes]
success=0.1%, failure=0.0%, task reward=10.000, length=679.4
DFA transitions: 1->2: 11, 2->3: 7, 3->4: 1
Best policy updated from autonomous greedy evaluation at episode 2500.

[Episode 2600/8000 | last 100]
success rate                : 0.0% (cumulative 0.0%)
failure rate                : 0.0% (cumulative 0.0%)
completed cycles / episode  : 0.000
synthetic task reward       : 0.000
shaping reward              : -245.403
learning reward             : -245.403
episode length              : 360.9
abstract changes / episode  : 228.7
same abstract-state steps   : 36.6%
same-state shaping / episode: 0.000
changed-state shaping / ep. : -245.403
terminal shaping / episode  : -5.921
DFA transitions / episode   : 0.15
DFA transitions in window   : 1->2: 15
epsilon (next episode)       : 0.35338
replay buffer                : 300000 samples [1: 99.1%, 2: 0.9%, 3: 0.0%, 4: 0.0%]
DFA state visits in window   : 1: 34935, 2: 1255, 3: 0, 4: 0
DFA state visits cumulative  : 1: 484740, 2: 3910, 3: 39, 4: 0
DFA state entries in window  : 1: 100, 2: 15, 3: 0, 4: 0
DFA state entries cumulative : 1: 2600, 2: 73, 3: 1, 4: 0
transitions cumulative       : 1->2: 73, 2->3: 1
accepted directly from s0    : 0
Gym endings cumulative       : terminated=2525, truncated=75

[Episode 2700/8000 | last 100]
success rate                : 0.0% (cumulative 0.0%)
failure rate                : 0.0% (cumulative 0.0%)
completed cycles / episode  : 0.000
synthetic task reward       : 0.000
shaping reward              : -508.016
learning reward             : -508.016
episode length              : 503.4
abstract changes / episode  : 289.6
same abstract-state steps   : 42.5%
same-state shaping / episode: 0.000
changed-state shaping / ep. : -508.016
terminal shaping / episode  : -1.250
DFA transitions / episode   : 0.05
DFA transitions in window   : 1->2: 4, 2->3: 1
epsilon (next episode)       : 0.33952
replay buffer                : 300000 samples [1: 98.9%, 2: 1.0%, 3: 0.0%, 4: 0.0%]
DFA state visits in window   : 1: 49848, 2: 537, 3: 55, 4: 0
DFA state visits cumulative  : 1: 534588, 2: 4447, 3: 94, 4: 0
DFA state entries in window  : 1: 100, 2: 4, 3: 1, 4: 0
DFA state entries cumulative : 1: 2700, 2: 77, 3: 2, 4: 0
transitions cumulative       : 1->2: 77, 2->3: 2
accepted directly from s0    : 0
Gym endings cumulative       : terminated=2609, truncated=91

[Episode 2800/8000 | last 100]
success rate                : 1.0% (cumulative 0.0%)
failure rate                : 0.0% (cumulative 0.0%)
completed cycles / episode  : 0.000
synthetic task reward       : 100.000
shaping reward              : -142.792
learning reward             : -42.792
episode length              : 373.5
abstract changes / episode  : 270.2
same abstract-state steps   : 27.7%
same-state shaping / episode: 0.000
changed-state shaping / ep. : -142.792
terminal shaping / episode  : -6.336
DFA transitions / episode   : 0.20
DFA transitions in window   : 1->2: 17, 2->3: 2, 3->4: 1
epsilon (next episode)       : 0.32621
replay buffer                : 300000 samples [1: 97.9%, 2: 2.0%, 3: 0.1%, 4: 0.0%]
DFA state visits in window   : 1: 34490, 2: 2853, 3: 102, 4: 1
DFA state visits cumulative  : 1: 569078, 2: 7300, 3: 196, 4: 1
DFA state entries in window  : 1: 100, 2: 17, 3: 2, 4: 1
DFA state entries cumulative : 1: 2800, 2: 94, 3: 4, 4: 1
transitions cumulative       : 1->2: 94, 2->3: 4, 3->4: 1
accepted directly from s0    : 0
Gym endings cumulative       : terminated=2705, truncated=94

[Episode 2900/8000 | last 100]
success rate                : 0.0% (cumulative 0.0%)
failure rate                : 0.0% (cumulative 0.0%)
completed cycles / episode  : 0.000
synthetic task reward       : 0.000
shaping reward              : -213.235
learning reward             : -213.235
episode length              : 227.2
abstract changes / episode  : 153.5
same abstract-state steps   : 32.4%
same-state shaping / episode: 0.000
changed-state shaping / ep. : -213.235
terminal shaping / episode  : -9.139
DFA transitions / episode   : 0.18
DFA transitions in window   : 1->2: 17, 2->3: 1
epsilon (next episode)       : 0.31341
replay buffer                : 300000 samples [1: 97.4%, 2: 2.5%, 3: 0.1%, 4: 0.0%]
DFA state visits in window   : 1: 21291, 2: 1481, 3: 43, 4: 0
DFA state visits cumulative  : 1: 590369, 2: 8781, 3: 239, 4: 1
DFA state entries in window  : 1: 100, 2: 17, 3: 1, 4: 0
DFA state entries cumulative : 1: 2900, 2: 111, 3: 5, 4: 1
transitions cumulative       : 1->2: 111, 2->3: 5, 3->4: 1
accepted directly from s0    : 0
Gym endings cumulative       : terminated=2805, truncated=94

[Episode 3000/8000 | last 100]
success rate                : 0.0% (cumulative 0.0%)
failure rate                : 0.0% (cumulative 0.0%)
completed cycles / episode  : 0.000
synthetic task reward       : 0.000
shaping reward              : -436.186
learning reward             : -436.186
episode length              : 505.8
abstract changes / episode  : 255.3
same abstract-state steps   : 49.5%
same-state shaping / episode: 0.000
changed-state shaping / ep. : -436.186
terminal shaping / episode  : -1.151
DFA transitions / episode   : 0.03
DFA transitions in window   : 1->2: 3
epsilon (next episode)       : 0.30112
replay buffer                : 300000 samples [1: 97.5%, 2: 2.4%, 3: 0.1%, 4: 0.0%]
DFA state visits in window   : 1: 50332, 2: 351, 3: 0, 4: 0
DFA state visits cumulative  : 1: 640701, 2: 9132, 3: 239, 4: 1
DFA state entries in window  : 1: 100, 2: 3, 3: 0, 4: 0
DFA state entries cumulative : 1: 3000, 2: 114, 3: 5, 4: 1
transitions cumulative       : 1->2: 114, 2->3: 5, 3->4: 1
accepted directly from s0    : 0
Gym endings cumulative       : terminated=2902, truncated=97

Starting autonomous greedy evaluation at episode 3000 (1000 fixed-seed episodes)...
[Greedy evaluation at episode 3000 | 1000 fixed-seed episodes]
success=0.0%, failure=0.0%, task reward=0.000, length=305.1
DFA transitions: 1->2: 104, 2->3: 3

[Episode 3100/8000 | last 100]
success rate                : 0.0% (cumulative 0.0%)
failure rate                : 0.0% (cumulative 0.0%)
completed cycles / episode  : 0.000
synthetic task reward       : 0.000
shaping reward              : 727.535
learning reward             : 727.535
episode length              : 625.6
abstract changes / episode  : 369.5
same abstract-state steps   : 40.9%
same-state shaping / episode: 0.000
changed-state shaping / ep. : 727.535
terminal shaping / episode  : -7.859
DFA transitions / episode   : 0.71
DFA transitions in window   : 1->2: 61, 2->3: 10
epsilon (next episode)       : 0.28931
replay buffer                : 300000 samples [1: 90.1%, 2: 9.6%, 3: 0.3%, 4: 0.0%]
DFA state visits in window   : 1: 39777, 2: 22212, 3: 674, 4: 0
DFA state visits cumulative  : 1: 680478, 2: 31344, 3: 913, 4: 1
DFA state entries in window  : 1: 100, 2: 61, 3: 10, 4: 0
DFA state entries cumulative : 1: 3100, 2: 175, 3: 15, 4: 1
transitions cumulative       : 1->2: 175, 2->3: 15, 3->4: 1
accepted directly from s0    : 0
Gym endings cumulative       : terminated=2981, truncated=118

[Episode 3200/8000 | last 100]
success rate                : 4.0% (cumulative 0.2%)
failure rate                : 0.0% (cumulative 0.0%)
completed cycles / episode  : 0.000
synthetic task reward       : 400.000
shaping reward              : 2062.239
learning reward             : 2462.239
episode length              : 553.0
abstract changes / episode  : 339.7
same abstract-state steps   : 38.6%
same-state shaping / episode: 0.000
changed-state shaping / ep. : 2062.239
terminal shaping / episode  : 1.759
DFA transitions / episode   : 0.97
DFA transitions in window   : 1->2: 63, 2->3: 30, 3->4: 4
epsilon (next episode)       : 0.27797
replay buffer                : 300000 samples [1: 84.4%, 2: 14.0%, 3: 1.6%, 4: 0.0%]
DFA state visits in window   : 1: 37211, 2: 14123, 3: 4061, 4: 4
DFA state visits cumulative  : 1: 717689, 2: 45467, 3: 4974, 4: 5
DFA state entries in window  : 1: 100, 2: 63, 3: 30, 4: 4
DFA state entries cumulative : 1: 3200, 2: 238, 3: 45, 4: 5
transitions cumulative       : 1->2: 238, 2->3: 45, 3->4: 5
accepted directly from s0    : 0
Gym endings cumulative       : terminated=3058, truncated=137

[Episode 3300/8000 | last 100]
success rate                : 3.0% (cumulative 0.2%)
failure rate                : 0.0% (cumulative 0.0%)
completed cycles / episode  : 0.000
synthetic task reward       : 300.000
shaping reward              : 3183.678
learning reward             : 3483.678
episode length              : 516.5
abstract changes / episode  : 352.3
same abstract-state steps   : 31.8%
same-state shaping / episode: 0.000
changed-state shaping / ep. : 3183.678
terminal shaping / episode  : -8.442
DFA transitions / episode   : 1.38
DFA transitions in window   : 1->2: 83, 2->3: 52, 3->4: 3
epsilon (next episode)       : 0.26706
replay buffer                : 300000 samples [1: 75.5%, 2: 19.8%, 3: 4.7%, 4: 0.0%]
DFA state visits in window   : 1: 24500, 2: 17985, 3: 9262, 4: 3
DFA state visits cumulative  : 1: 742189, 2: 63452, 3: 14236, 4: 8
DFA state entries in window  : 1: 100, 2: 83, 3: 52, 4: 3
DFA state entries cumulative : 1: 3300, 2: 321, 3: 97, 4: 8
transitions cumulative       : 1->2: 321, 2->3: 97, 3->4: 8
accepted directly from s0    : 0
Gym endings cumulative       : terminated=3149, truncated=143

[Episode 3400/8000 | last 100]
success rate                : 7.0% (cumulative 0.4%)
failure rate                : 0.0% (cumulative 0.0%)
completed cycles / episode  : 0.000
synthetic task reward       : 700.000
shaping reward              : 2847.894
learning reward             : 3547.894
episode length              : 470.9
abstract changes / episode  : 309.8
same abstract-state steps   : 34.2%
same-state shaping / episode: 0.000
changed-state shaping / ep. : 2847.894
terminal shaping / episode  : -6.595
DFA transitions / episode   : 1.28
DFA transitions in window   : 1->2: 76, 2->3: 45, 3->4: 7
epsilon (next episode)       : 0.25659
replay buffer                : 300000 samples [1: 69.0%, 2: 24.7%, 3: 6.2%, 4: 0.0%]
DFA state visits in window   : 1: 25544, 2: 16882, 3: 4754, 4: 7
DFA state visits cumulative  : 1: 767733, 2: 80334, 3: 18990, 4: 15
DFA state entries in window  : 1: 100, 2: 76, 3: 45, 4: 7
DFA state entries cumulative : 1: 3400, 2: 397, 3: 142, 4: 15
transitions cumulative       : 1->2: 397, 2->3: 142, 3->4: 15
accepted directly from s0    : 0
Gym endings cumulative       : terminated=3236, truncated=149

[Episode 3500/8000 | last 100]
success rate                : 22.0% (cumulative 1.1%)
failure rate                : 0.0% (cumulative 0.0%)
completed cycles / episode  : 0.000
synthetic task reward       : 2200.000
shaping reward              : 3834.663
learning reward             : 6034.663
episode length              : 402.3
abstract changes / episode  : 276.7
same abstract-state steps   : 31.2%
same-state shaping / episode: 0.000
changed-state shaping / ep. : 3834.663
terminal shaping / episode  : 9.485
DFA transitions / episode   : 1.51
DFA transitions in window   : 1->2: 78, 2->3: 51, 3->4: 22
epsilon (next episode)       : 0.24653
replay buffer                : 300000 samples [1: 64.4%, 2: 28.1%, 3: 7.6%, 4: 0.0%]
DFA state visits in window   : 1: 23307, 2: 12949, 3: 4052, 4: 22
DFA state visits cumulative  : 1: 791040, 2: 93283, 3: 23042, 4: 37
DFA state entries in window  : 1: 100, 2: 78, 3: 51, 4: 22
DFA state entries cumulative : 1: 3500, 2: 475, 3: 193, 4: 37
transitions cumulative       : 1->2: 475, 2->3: 193, 3->4: 37
accepted directly from s0    : 0
Gym endings cumulative       : terminated=3313, truncated=150

Starting autonomous greedy evaluation at episode 3500 (1000 fixed-seed episodes)...
[Greedy evaluation at episode 3500 | 1000 fixed-seed episodes]
success=0.0%, failure=0.0%, task reward=0.000, length=254.5
DFA transitions: 1->2: 618, 2->3: 20

[Episode 3600/8000 | last 100]
success rate                : 17.0% (cumulative 1.5%)
failure rate                : 0.0% (cumulative 0.0%)
completed cycles / episode  : 0.000
synthetic task reward       : 1700.000
shaping reward              : 2626.171
learning reward             : 4326.171
episode length              : 309.4
abstract changes / episode  : 225.9
same abstract-state steps   : 27.0%
same-state shaping / episode: 0.000
changed-state shaping / ep. : 2626.171
terminal shaping / episode  : 7.992
DFA transitions / episode   : 1.08
DFA transitions in window   : 1->2: 59, 2->3: 32, 3->4: 17
epsilon (next episode)       : 0.23686
replay buffer                : 300000 samples [1: 61.2%, 2: 30.6%, 3: 8.2%, 4: 0.0%]
DFA state visits in window   : 1: 21234, 2: 7841, 3: 1946, 4: 17
DFA state visits cumulative  : 1: 812274, 2: 101124, 3: 24988, 4: 54
DFA state entries in window  : 1: 100, 2: 59, 3: 32, 4: 17
DFA state entries cumulative : 1: 3600, 2: 534, 3: 225, 4: 54
transitions cumulative       : 1->2: 534, 2->3: 225, 3->4: 54
accepted directly from s0    : 0
Gym endings cumulative       : terminated=3396, truncated=150

[Episode 3700/8000 | last 100]
success rate                : 14.0% (cumulative 1.8%)
failure rate                : 0.0% (cumulative 0.0%)
completed cycles / episode  : 0.000
synthetic task reward       : 1400.000
shaping reward              : 2531.346
learning reward             : 3931.346
episode length              : 310.2
abstract changes / episode  : 228.5
same abstract-state steps   : 26.3%
same-state shaping / episode: 0.000
changed-state shaping / ep. : 2531.346
terminal shaping / episode  : 4.740
DFA transitions / episode   : 1.09
DFA transitions in window   : 1->2: 65, 2->3: 30, 3->4: 14
epsilon (next episode)       : 0.22757
replay buffer                : 300000 samples [1: 59.8%, 2: 31.4%, 3: 8.8%, 4: 0.0%]
DFA state visits in window   : 1: 22049, 2: 7026, 3: 2031, 4: 14
DFA state visits cumulative  : 1: 834323, 2: 108150, 3: 27019, 4: 68
DFA state entries in window  : 1: 100, 2: 65, 3: 30, 4: 14
DFA state entries cumulative : 1: 3700, 2: 599, 3: 255, 4: 68
transitions cumulative       : 1->2: 599, 2->3: 255, 3->4: 68
accepted directly from s0    : 0
Gym endings cumulative       : terminated=3482, truncated=150

[Episode 3800/8000 | last 100]
success rate                : 39.0% (cumulative 2.8%)
failure rate                : 0.0% (cumulative 0.0%)
completed cycles / episode  : 0.000
synthetic task reward       : 3900.000
shaping reward              : 4566.863
learning reward             : 8466.863
episode length              : 353.0
abstract changes / episode  : 240.2
same abstract-state steps   : 31.9%
same-state shaping / episode: 0.000
changed-state shaping / ep. : 4566.863
terminal shaping / episode  : 33.037
DFA transitions / episode   : 1.78
DFA transitions in window   : 1->2: 83, 2->3: 56, 3->4: 39
epsilon (next episode)       : 0.21865
replay buffer                : 300000 samples [1: 60.4%, 2: 29.6%, 3: 10.0%, 4: 0.0%]
DFA state visits in window   : 1: 22124, 2: 9175, 3: 4063, 4: 39
DFA state visits cumulative  : 1: 856447, 2: 117325, 3: 31082, 4: 107
DFA state entries in window  : 1: 100, 2: 83, 3: 56, 4: 39
DFA state entries cumulative : 1: 3800, 2: 682, 3: 311, 4: 107
transitions cumulative       : 1->2: 682, 2->3: 311, 3->4: 107
accepted directly from s0    : 0
Gym endings cumulative       : terminated=3542, truncated=151

[Episode 3900/8000 | last 100]
success rate                : 40.0% (cumulative 3.8%)
failure rate                : 0.0% (cumulative 0.0%)
completed cycles / episode  : 0.000
synthetic task reward       : 4000.000
shaping reward              : 5385.173
learning reward             : 9385.173
episode length              : 360.8
abstract changes / episode  : 261.9
same abstract-state steps   : 27.4%
same-state shaping / episode: 0.000
changed-state shaping / ep. : 5385.173
terminal shaping / episode  : 37.722
DFA transitions / episode   : 1.92
DFA transitions in window   : 1->2: 83, 2->3: 69, 3->4: 40
epsilon (next episode)       : 0.21007
replay buffer                : 300000 samples [1: 60.2%, 2: 28.9%, 3: 10.9%, 4: 0.0%]
DFA state visits in window   : 1: 23709, 2: 8507, 3: 3919, 4: 40
DFA state visits cumulative  : 1: 880156, 2: 125832, 3: 35001, 4: 147
DFA state entries in window  : 1: 100, 2: 83, 3: 69, 4: 40
DFA state entries cumulative : 1: 3900, 2: 765, 3: 380, 4: 147
transitions cumulative       : 1->2: 765, 2->3: 380, 3->4: 147
accepted directly from s0    : 0
Gym endings cumulative       : terminated=3600, truncated=153

[Episode 4000/8000 | last 100]
success rate                : 37.0% (cumulative 4.6%)
failure rate                : 0.0% (cumulative 0.0%)
completed cycles / episode  : 0.000
synthetic task reward       : 3700.000
shaping reward              : 3749.903
learning reward             : 7449.903
episode length              : 277.9
abstract changes / episode  : 212.7
same abstract-state steps   : 23.5%
same-state shaping / episode: 0.000
changed-state shaping / ep. : 3749.903
terminal shaping / episode  : 29.526
DFA transitions / episode   : 1.41
DFA transitions in window   : 1->2: 53, 2->3: 51, 3->4: 37
epsilon (next episode)       : 0.20183
replay buffer                : 300000 samples [1: 60.4%, 2: 28.7%, 3: 10.9%, 4: 0.0%]
DFA state visits in window   : 1: 18994, 2: 5866, 3: 2996, 4: 37
DFA state visits cumulative  : 1: 899150, 2: 131698, 3: 37997, 4: 184
DFA state entries in window  : 1: 100, 2: 53, 3: 51, 4: 37
DFA state entries cumulative : 1: 4000, 2: 818, 3: 431, 4: 184
transitions cumulative       : 1->2: 818, 2->3: 431, 3->4: 184
accepted directly from s0    : 0
Gym endings cumulative       : terminated=3663, truncated=153

Starting autonomous greedy evaluation at episode 4000 (1000 fixed-seed episodes)...
[Greedy evaluation at episode 4000 | 1000 fixed-seed episodes]
success=36.9%, failure=0.0%, task reward=3690.000, length=371.2
DFA transitions: 1->2: 513, 2->3: 374, 3->4: 369
Best policy updated from autonomous greedy evaluation at episode 4000.

[Episode 4100/8000 | last 100]
success rate                : 55.0% (cumulative 5.8%)
failure rate                : 0.0% (cumulative 0.0%)
completed cycles / episode  : 0.000
synthetic task reward       : 5500.000
shaping reward              : 5889.370
learning reward             : 11389.370
episode length              : 331.7
abstract changes / episode  : 249.2
same abstract-state steps   : 24.9%
same-state shaping / episode: 0.000
changed-state shaping / ep. : 5889.370
terminal shaping / episode  : 50.569
DFA transitions / episode   : 2.20
DFA transitions in window   : 1->2: 89, 2->3: 76, 3->4: 55
epsilon (next episode)       : 0.19392
replay buffer                : 300000 samples [1: 60.9%, 2: 28.2%, 3: 10.9%, 4: 0.0%]
DFA state visits in window   : 1: 19267, 2: 9913, 3: 4035, 4: 55
DFA state visits cumulative  : 1: 918417, 2: 141611, 3: 42032, 4: 239
DFA state entries in window  : 1: 100, 2: 89, 3: 76, 4: 55
DFA state entries cumulative : 1: 4100, 2: 907, 3: 507, 4: 239
transitions cumulative       : 1->2: 907, 2->3: 507, 3->4: 239
accepted directly from s0    : 0
Gym endings cumulative       : terminated=3708, truncated=153

[Episode 4200/8000 | last 100]
success rate                : 63.0% (cumulative 7.2%)
failure rate                : 0.0% (cumulative 0.0%)
completed cycles / episode  : 0.000
synthetic task reward       : 6300.000
shaping reward              : 5814.000
learning reward             : 12114.000
episode length              : 344.2
abstract changes / episode  : 248.8
same abstract-state steps   : 27.7%
same-state shaping / episode: 0.000
changed-state shaping / ep. : 5814.000
terminal shaping / episode  : 60.522
DFA transitions / episode   : 2.17
DFA transitions in window   : 1->2: 82, 2->3: 72, 3->4: 63
epsilon (next episode)       : 0.18631
replay buffer                : 300000 samples [1: 62.9%, 2: 27.1%, 3: 10.1%, 4: 0.0%]
DFA state visits in window   : 1: 20990, 2: 9378, 3: 4089, 4: 63
DFA state visits cumulative  : 1: 939407, 2: 150989, 3: 46121, 4: 302
DFA state entries in window  : 1: 100, 2: 82, 3: 72, 4: 63
DFA state entries cumulative : 1: 4200, 2: 989, 3: 579, 4: 302
transitions cumulative       : 1->2: 989, 2->3: 579, 3->4: 302
accepted directly from s0    : 0
Gym endings cumulative       : terminated=3742, truncated=156

[Episode 4300/8000 | last 100]
success rate                : 43.0% (cumulative 8.0%)
failure rate                : 0.0% (cumulative 0.0%)
completed cycles / episode  : 0.000
synthetic task reward       : 4300.000
shaping reward              : 5552.868
learning reward             : 9852.868
episode length              : 319.4
abstract changes / episode  : 241.0
same abstract-state steps   : 24.5%
same-state shaping / episode: 0.000
changed-state shaping / ep. : 5552.868
terminal shaping / episode  : 31.600
DFA transitions / episode   : 2.05
DFA transitions in window   : 1->2: 88, 2->3: 74, 3->4: 43
epsilon (next episode)       : 0.17900
replay buffer                : 300000 samples [1: 62.8%, 2: 26.7%, 3: 10.6%, 4: 0.0%]
DFA state visits in window   : 1: 17556, 2: 9584, 3: 4853, 4: 43
DFA state visits cumulative  : 1: 956963, 2: 160573, 3: 50974, 4: 345
DFA state entries in window  : 1: 100, 2: 88, 3: 74, 4: 43
DFA state entries cumulative : 1: 4300, 2: 1077, 3: 653, 4: 345
transitions cumulative       : 1->2: 1077, 2->3: 653, 3->4: 345
accepted directly from s0    : 0
Gym endings cumulative       : terminated=3799, truncated=156

[Episode 4400/8000 | last 100]
success rate                : 53.0% (cumulative 9.0%)
failure rate                : 0.0% (cumulative 0.0%)
completed cycles / episode  : 0.000
synthetic task reward       : 5300.000
shaping reward              : 6155.471
learning reward             : 11455.471
episode length              : 312.3
abstract changes / episode  : 245.9
same abstract-state steps   : 21.3%
same-state shaping / episode: 0.000
changed-state shaping / ep. : 6155.471
terminal shaping / episode  : 47.834
DFA transitions / episode   : 2.26
DFA transitions in window   : 1->2: 93, 2->3: 80, 3->4: 53
epsilon (next episode)       : 0.17198
replay buffer                : 300000 samples [1: 62.6%, 2: 26.5%, 3: 10.9%, 4: 0.0%]
DFA state visits in window   : 1: 16794, 2: 10178, 3: 4301, 4: 53
DFA state visits cumulative  : 1: 973757, 2: 170751, 3: 55275, 4: 398
DFA state entries in window  : 1: 100, 2: 93, 3: 80, 4: 53
DFA state entries cumulative : 1: 4400, 2: 1170, 3: 733, 4: 398
transitions cumulative       : 1->2: 1170, 2->3: 733, 3->4: 398
accepted directly from s0    : 0
Gym endings cumulative       : terminated=3846, truncated=156

[Episode 4500/8000 | last 100]
success rate                : 39.0% (cumulative 9.7%)
failure rate                : 0.0% (cumulative 0.0%)
completed cycles / episode  : 0.000
synthetic task reward       : 3900.000
shaping reward              : 4997.549
learning reward             : 8897.549
episode length              : 337.5
abstract changes / episode  : 269.2
same abstract-state steps   : 20.2%
same-state shaping / episode: 0.000
changed-state shaping / ep. : 4997.549
terminal shaping / episode  : 27.616
DFA transitions / episode   : 1.96
DFA transitions in window   : 1->2: 96, 2->3: 61, 3->4: 39
epsilon (next episode)       : 0.16524
replay buffer                : 300000 samples [1: 60.7%, 2: 28.2%, 3: 11.1%, 4: 0.0%]
DFA state visits in window   : 1: 17245, 2: 13779, 3: 2783, 4: 39
DFA state visits cumulative  : 1: 991002, 2: 184530, 3: 58058, 4: 437
DFA state entries in window  : 1: 100, 2: 96, 3: 61, 4: 39
DFA state entries cumulative : 1: 4500, 2: 1266, 3: 794, 4: 437
transitions cumulative       : 1->2: 1266, 2->3: 794, 3->4: 437
accepted directly from s0    : 0
Gym endings cumulative       : terminated=3906, truncated=157

Starting autonomous greedy evaluation at episode 4500 (1000 fixed-seed episodes)...
[Greedy evaluation at episode 4500 | 1000 fixed-seed episodes]
success=49.7%, failure=0.0%, task reward=4970.000, length=323.7
DFA transitions: 1->2: 997, 2->3: 497, 3->4: 497
Best policy updated from autonomous greedy evaluation at episode 4500.

[Episode 4600/8000 | last 100]
success rate                : 58.0% (cumulative 10.8%)
failure rate                : 0.0% (cumulative 0.0%)
completed cycles / episode  : 0.000
synthetic task reward       : 5800.000
shaping reward              : 5819.788
learning reward             : 11619.788
episode length              : 289.2
abstract changes / episode  : 222.2
same abstract-state steps   : 23.2%
same-state shaping / episode: 0.000
changed-state shaping / ep. : 5819.788
terminal shaping / episode  : 56.269
DFA transitions / episode   : 2.17
DFA transitions in window   : 1->2: 89, 2->3: 70, 3->4: 58
epsilon (next episode)       : 0.15876
replay buffer                : 300000 samples [1: 58.5%, 2: 29.9%, 3: 11.6%, 4: 0.0%]
DFA state visits in window   : 1: 13975, 2: 11534, 3: 3449, 4: 58
DFA state visits cumulative  : 1: 1004977, 2: 196064, 3: 61507, 4: 495
DFA state entries in window  : 1: 100, 2: 89, 3: 70, 4: 58
DFA state entries cumulative : 1: 4600, 2: 1355, 3: 864, 4: 495
transitions cumulative       : 1->2: 1355, 2->3: 864, 3->4: 495
accepted directly from s0    : 0
Gym endings cumulative       : terminated=3947, truncated=158

[Episode 4700/8000 | last 100]
success rate                : 60.0% (cumulative 11.8%)
failure rate                : 0.0% (cumulative 0.0%)
completed cycles / episode  : 0.000
synthetic task reward       : 6000.000
shaping reward              : 5430.261
learning reward             : 11430.261
episode length              : 286.1
abstract changes / episode  : 215.8
same abstract-state steps   : 24.6%
same-state shaping / episode: 0.000
changed-state shaping / ep. : 5430.261
terminal shaping / episode  : 64.002
DFA transitions / episode   : 2.09
DFA transitions in window   : 1->2: 82, 2->3: 67, 3->4: 60
epsilon (next episode)       : 0.15253
replay buffer                : 300000 samples [1: 57.4%, 2: 30.7%, 3: 11.8%, 4: 0.0%]
DFA state visits in window   : 1: 15152, 2: 10074, 3: 3421, 4: 60
DFA state visits cumulative  : 1: 1020129, 2: 206138, 3: 64928, 4: 555
DFA state entries in window  : 1: 100, 2: 82, 3: 67, 4: 60
DFA state entries cumulative : 1: 4700, 2: 1437, 3: 931, 4: 555
transitions cumulative       : 1->2: 1437, 2->3: 931, 3->4: 555
accepted directly from s0    : 0
Gym endings cumulative       : terminated=3987, truncated=158

[Episode 4800/8000 | last 100]
success rate                : 67.0% (cumulative 13.0%)
failure rate                : 0.0% (cumulative 0.0%)
completed cycles / episode  : 0.000
synthetic task reward       : 6700.000
shaping reward              : 6091.085
learning reward             : 12791.085
episode length              : 339.6
abstract changes / episode  : 253.0
same abstract-state steps   : 25.5%
same-state shaping / episode: 0.000
changed-state shaping / ep. : 6091.085
terminal shaping / episode  : 67.566
DFA transitions / episode   : 2.33
DFA transitions in window   : 1->2: 93, 2->3: 73, 3->4: 67
epsilon (next episode)       : 0.14655
replay buffer                : 300000 samples [1: 56.2%, 2: 32.1%, 3: 11.7%, 4: 0.0%]
DFA state visits in window   : 1: 17291, 2: 12690, 3: 4009, 4: 67
DFA state visits cumulative  : 1: 1037420, 2: 218828, 3: 68937, 4: 622
DFA state entries in window  : 1: 100, 2: 93, 3: 73, 4: 67
DFA state entries cumulative : 1: 4800, 2: 1530, 3: 1004, 4: 622
transitions cumulative       : 1->2: 1530, 2->3: 1004, 3->4: 622
accepted directly from s0    : 0
Gym endings cumulative       : terminated=4017, truncated=161

[Episode 4900/8000 | last 100]
success rate                : 69.0% (cumulative 14.1%)
failure rate                : 0.0% (cumulative 0.0%)
completed cycles / episode  : 0.000
synthetic task reward       : 6900.000
shaping reward              : 6287.125
learning reward             : 13187.125
episode length              : 306.7
abstract changes / episode  : 238.2
same abstract-state steps   : 22.3%
same-state shaping / episode: 0.000
changed-state shaping / ep. : 6287.125
terminal shaping / episode  : 68.268
DFA transitions / episode   : 2.38
DFA transitions in window   : 1->2: 94, 2->3: 75, 3->4: 69
epsilon (next episode)       : 0.14080
replay buffer                : 300000 samples [1: 53.8%, 2: 34.2%, 3: 11.9%, 4: 0.0%]
DFA state visits in window   : 1: 14097, 2: 12732, 3: 3869, 4: 69
DFA state visits cumulative  : 1: 1051517, 2: 231560, 3: 72806, 4: 691
DFA state entries in window  : 1: 100, 2: 94, 3: 75, 4: 69
DFA state entries cumulative : 1: 4900, 2: 1624, 3: 1079, 4: 691
transitions cumulative       : 1->2: 1624, 2->3: 1079, 3->4: 691
accepted directly from s0    : 0
Gym endings cumulative       : terminated=4047, truncated=162

[Episode 5000/8000 | last 100]
success rate                : 79.0% (cumulative 15.4%)
failure rate                : 0.0% (cumulative 0.0%)
completed cycles / episode  : 0.000
synthetic task reward       : 7900.000
shaping reward              : 6931.834
learning reward             : 14831.834
episode length              : 309.8
abstract changes / episode  : 235.2
same abstract-state steps   : 24.1%
same-state shaping / episode: 0.000
changed-state shaping / ep. : 6931.834
terminal shaping / episode  : 78.330
DFA transitions / episode   : 2.57
DFA transitions in window   : 1->2: 93, 2->3: 85, 3->4: 79
epsilon (next episode)       : 0.13528
replay buffer                : 300000 samples [1: 52.3%, 2: 35.4%, 3: 12.3%, 4: 0.0%]
DFA state visits in window   : 1: 14800, 2: 11782, 3: 4422, 4: 79
DFA state visits cumulative  : 1: 1066317, 2: 243342, 3: 77228, 4: 770
DFA state entries in window  : 1: 100, 2: 93, 3: 85, 4: 79
DFA state entries cumulative : 1: 5000, 2: 1717, 3: 1164, 4: 770
transitions cumulative       : 1->2: 1717, 2->3: 1164, 3->4: 770
accepted directly from s0    : 0
Gym endings cumulative       : terminated=4067, truncated=163

Starting autonomous greedy evaluation at episode 5000 (1000 fixed-seed episodes)...
[Greedy evaluation at episode 5000 | 1000 fixed-seed episodes]
success=35.7%, failure=0.0%, task reward=3570.000, length=662.1
DFA transitions: 1->2: 993, 2->3: 654, 3->4: 357

[Episode 5100/8000 | last 100]
success rate                : 69.0% (cumulative 16.5%)
failure rate                : 0.0% (cumulative 0.0%)
completed cycles / episode  : 0.000
synthetic task reward       : 6900.000
shaping reward              : 6143.803
learning reward             : 13043.803
episode length              : 304.2
abstract changes / episode  : 235.4
same abstract-state steps   : 22.6%
same-state shaping / episode: 0.000
changed-state shaping / ep. : 6143.803
terminal shaping / episode  : 69.522
DFA transitions / episode   : 2.30
DFA transitions in window   : 1->2: 85, 2->3: 76, 3->4: 69
epsilon (next episode)       : 0.12998
replay buffer                : 300000 samples [1: 51.2%, 2: 36.0%, 3: 12.8%, 4: 0.0%]
DFA state visits in window   : 1: 15721, 2: 10257, 3: 4477, 4: 69
DFA state visits cumulative  : 1: 1082038, 2: 253599, 3: 81705, 4: 839
DFA state entries in window  : 1: 100, 2: 85, 3: 76, 4: 69
DFA state entries cumulative : 1: 5100, 2: 1802, 3: 1240, 4: 839
transitions cumulative       : 1->2: 1802, 2->3: 1240, 3->4: 839
accepted directly from s0    : 0
Gym endings cumulative       : terminated=4097, truncated=164

[Episode 5200/8000 | last 100]
success rate                : 72.0% (cumulative 17.5%)
failure rate                : 0.0% (cumulative 0.0%)
completed cycles / episode  : 0.000
synthetic task reward       : 7200.000
shaping reward              : 6566.505
learning reward             : 13766.505
episode length              : 302.1
abstract changes / episode  : 222.3
same abstract-state steps   : 26.4%
same-state shaping / episode: 0.000
changed-state shaping / ep. : 6566.505
terminal shaping / episode  : 75.987
DFA transitions / episode   : 2.38
DFA transitions in window   : 1->2: 84, 2->3: 82, 3->4: 72
epsilon (next episode)       : 0.12488
replay buffer                : 300000 samples [1: 51.3%, 2: 36.2%, 3: 12.5%, 4: 0.0%]
DFA state visits in window   : 1: 17392, 2: 9080, 3: 3765, 4: 72
DFA state visits cumulative  : 1: 1099430, 2: 262679, 3: 85470, 4: 911
DFA state entries in window  : 1: 100, 2: 84, 3: 82, 4: 72
DFA state entries cumulative : 1: 5200, 2: 1886, 3: 1322, 4: 911
transitions cumulative       : 1->2: 1886, 2->3: 1322, 3->4: 911
accepted directly from s0    : 0
Gym endings cumulative       : terminated=4120, truncated=169

[Episode 5300/8000 | last 100]
success rate                : 65.0% (cumulative 18.4%)
failure rate                : 0.0% (cumulative 0.0%)
completed cycles / episode  : 0.000
synthetic task reward       : 6500.000
shaping reward              : 5575.170
learning reward             : 12075.170
episode length              : 268.3
abstract changes / episode  : 198.8
same abstract-state steps   : 25.9%
same-state shaping / episode: 0.000
changed-state shaping / ep. : 5575.170
terminal shaping / episode  : 67.933
DFA transitions / episode   : 2.09
DFA transitions in window   : 1->2: 77, 2->3: 67, 3->4: 65
epsilon (next episode)       : 0.11998
replay buffer                : 300000 samples [1: 51.7%, 2: 36.2%, 3: 12.1%, 4: 0.0%]
DFA state visits in window   : 1: 15759, 2: 8389, 3: 2719, 4: 65
DFA state visits cumulative  : 1: 1115189, 2: 271068, 3: 88189, 4: 976
DFA state entries in window  : 1: 100, 2: 77, 3: 67, 4: 65
DFA state entries cumulative : 1: 5300, 2: 1963, 3: 1389, 4: 976
transitions cumulative       : 1->2: 1963, 2->3: 1389, 3->4: 976
accepted directly from s0    : 0
Gym endings cumulative       : terminated=4154, truncated=170

[Episode 5400/8000 | last 100]
success rate                : 4.0% (cumulative 18.1%)
failure rate                : 0.0% (cumulative 0.0%)
completed cycles / episode  : 0.000
synthetic task reward       : 400.000
shaping reward              : 1038.372
learning reward             : 1438.372
episode length              : 450.5
abstract changes / episode  : 284.6
same abstract-state steps   : 36.8%
same-state shaping / episode: 0.000
changed-state shaping / ep. : 1038.372
terminal shaping / episode  : 1.534
DFA transitions / episode   : 0.69
DFA transitions in window   : 1->2: 48, 2->3: 17, 3->4: 4
epsilon (next episode)       : 0.11528
replay buffer                : 300000 samples [1: 52.4%, 2: 35.2%, 3: 12.3%, 4: 0.0%]
DFA state visits in window   : 1: 26066, 2: 13193, 3: 5889, 4: 4
DFA state visits cumulative  : 1: 1141255, 2: 284261, 3: 94078, 4: 980
DFA state entries in window  : 1: 100, 2: 48, 3: 17, 4: 4
DFA state entries cumulative : 1: 5400, 2: 2011, 3: 1406, 4: 980
transitions cumulative       : 1->2: 2011, 2->3: 1406, 3->4: 980
accepted directly from s0    : 0
Gym endings cumulative       : terminated=4232, truncated=188

[Episode 5500/8000 | last 100]
success rate                : 38.0% (cumulative 18.5%)
failure rate                : 0.0% (cumulative 0.0%)
completed cycles / episode  : 0.000
synthetic task reward       : 3800.000
shaping reward              : 5116.882
learning reward             : 8916.882
episode length              : 494.6
abstract changes / episode  : 328.6
same abstract-state steps   : 33.6%
same-state shaping / episode: 0.000
changed-state shaping / ep. : 5116.882
terminal shaping / episode  : 29.223
DFA transitions / episode   : 2.13
DFA transitions in window   : 1->2: 93, 2->3: 82, 3->4: 38
epsilon (next episode)       : 0.11075
replay buffer                : 300000 samples [1: 51.0%, 2: 33.4%, 3: 15.6%, 4: 0.0%]
DFA state visits in window   : 1: 20350, 2: 14155, 3: 15016, 4: 38
DFA state visits cumulative  : 1: 1161605, 2: 298416, 3: 109094, 4: 1018
DFA state entries in window  : 1: 100, 2: 93, 3: 82, 4: 38
DFA state entries cumulative : 1: 5500, 2: 2104, 3: 1488, 4: 1018
transitions cumulative       : 1->2: 2104, 2->3: 1488, 3->4: 1018
accepted directly from s0    : 0
Gym endings cumulative       : terminated=4277, truncated=205

Starting autonomous greedy evaluation at episode 5500 (1000 fixed-seed episodes)...
[Greedy evaluation at episode 5500 | 1000 fixed-seed episodes]
success=13.5%, failure=0.0%, task reward=1350.000, length=444.5
DFA transitions: 1->2: 827, 2->3: 693, 3->4: 135

[Episode 5600/8000 | last 100]
success rate                : 73.0% (cumulative 19.5%)
failure rate                : 0.0% (cumulative 0.0%)
completed cycles / episode  : 0.000
synthetic task reward       : 7300.000
shaping reward              : 6859.505
learning reward             : 14159.505
episode length              : 319.0
abstract changes / episode  : 232.3
same abstract-state steps   : 27.2%
same-state shaping / episode: 0.000
changed-state shaping / ep. : 6859.505
terminal shaping / episode  : 72.692
DFA transitions / episode   : 2.49
DFA transitions in window   : 1->2: 90, 2->3: 86, 3->4: 73
epsilon (next episode)       : 0.10641
replay buffer                : 300000 samples [1: 51.5%, 2: 32.9%, 3: 15.6%, 4: 0.0%]
DFA state visits in window   : 1: 18851, 2: 9242, 3: 3838, 4: 73
DFA state visits cumulative  : 1: 1180456, 2: 307658, 3: 112932, 4: 1091
DFA state entries in window  : 1: 100, 2: 90, 3: 86, 4: 73
DFA state entries cumulative : 1: 5600, 2: 2194, 3: 1574, 4: 1091
transitions cumulative       : 1->2: 2194, 2->3: 1574, 3->4: 1091
accepted directly from s0    : 0
Gym endings cumulative       : terminated=4303, truncated=206

[Episode 5700/8000 | last 100]
success rate                : 73.0% (cumulative 20.4%)
failure rate                : 0.0% (cumulative 0.0%)
completed cycles / episode  : 0.000
synthetic task reward       : 7300.000
shaping reward              : 7082.064
learning reward             : 14382.064
episode length              : 280.4
abstract changes / episode  : 208.8
same abstract-state steps   : 25.5%
same-state shaping / episode: 0.000
changed-state shaping / ep. : 7082.064
terminal shaping / episode  : 64.361
DFA transitions / episode   : 2.56
DFA transitions in window   : 1->2: 94, 2->3: 89, 3->4: 73
epsilon (next episode)       : 0.10224
replay buffer                : 300000 samples [1: 52.0%, 2: 32.3%, 3: 15.7%, 4: 0.0%]
DFA state visits in window   : 1: 15089, 2: 9650, 3: 3328, 4: 73
DFA state visits cumulative  : 1: 1195545, 2: 317308, 3: 116260, 4: 1164
DFA state entries in window  : 1: 100, 2: 94, 3: 89, 4: 73
DFA state entries cumulative : 1: 5700, 2: 2288, 3: 1663, 4: 1164
transitions cumulative       : 1->2: 2288, 2->3: 1663, 3->4: 1164
accepted directly from s0    : 0
Gym endings cumulative       : terminated=4329, truncated=207

[Episode 5800/8000 | last 100]
success rate                : 49.0% (cumulative 20.9%)
failure rate                : 0.0% (cumulative 0.0%)
completed cycles / episode  : 0.000
synthetic task reward       : 4900.000
shaping reward              : 5098.428
learning reward             : 9998.428
episode length              : 322.4
abstract changes / episode  : 247.3
same abstract-state steps   : 23.3%
same-state shaping / episode: 0.000
changed-state shaping / ep. : 5098.428
terminal shaping / episode  : 40.086
DFA transitions / episode   : 2.04
DFA transitions in window   : 1->2: 90, 2->3: 65, 3->4: 49
epsilon (next episode)       : 0.09823
replay buffer                : 300000 samples [1: 52.5%, 2: 32.2%, 3: 15.3%, 4: 0.0%]
DFA state visits in window   : 1: 16077, 2: 13106, 3: 3112, 4: 49
DFA state visits cumulative  : 1: 1211622, 2: 330414, 3: 119372, 4: 1213
DFA state entries in window  : 1: 100, 2: 90, 3: 65, 4: 49
DFA state entries cumulative : 1: 5800, 2: 2378, 3: 1728, 4: 1213
transitions cumulative       : 1->2: 2378, 2->3: 1728, 3->4: 1213
accepted directly from s0    : 0
Gym endings cumulative       : terminated=4380, truncated=207

[Episode 5900/8000 | last 100]
success rate                : 64.0% (cumulative 21.6%)
failure rate                : 0.0% (cumulative 0.0%)
completed cycles / episode  : 0.000
synthetic task reward       : 6400.000
shaping reward              : 5381.876
learning reward             : 11781.876
episode length              : 282.8
abstract changes / episode  : 211.8
same abstract-state steps   : 25.1%
same-state shaping / episode: 0.000
changed-state shaping / ep. : 5381.876
terminal shaping / episode  : 62.751
DFA transitions / episode   : 2.00
DFA transitions in window   : 1->2: 69, 2->3: 67, 3->4: 64
epsilon (next episode)       : 0.09438
replay buffer                : 300000 samples [1: 54.1%, 2: 31.0%, 3: 14.9%, 4: 0.0%]
DFA state visits in window   : 1: 18525, 2: 6889, 3: 2899, 4: 64
DFA state visits cumulative  : 1: 1230147, 2: 337303, 3: 122271, 4: 1277
DFA state entries in window  : 1: 100, 2: 69, 3: 67, 4: 64
DFA state entries cumulative : 1: 5900, 2: 2447, 3: 1795, 4: 1277
transitions cumulative       : 1->2: 2447, 2->3: 1795, 3->4: 1277
accepted directly from s0    : 0
Gym endings cumulative       : terminated=4415, truncated=208

[Episode 6000/8000 | last 100]
success rate                : 71.0% (cumulative 22.5%)
failure rate                : 0.0% (cumulative 0.0%)
completed cycles / episode  : 0.000
synthetic task reward       : 7100.000
shaping reward              : 6621.349
learning reward             : 13721.349
episode length              : 288.8
abstract changes / episode  : 216.2
same abstract-state steps   : 25.1%
same-state shaping / episode: 0.000
changed-state shaping / ep. : 6621.349
terminal shaping / episode  : 68.070
DFA transitions / episode   : 2.37
DFA transitions in window   : 1->2: 84, 2->3: 82, 3->4: 71
epsilon (next episode)       : 0.09067
replay buffer                : 300000 samples [1: 54.8%, 2: 30.6%, 3: 14.6%, 4: 0.0%]
DFA state visits in window   : 1: 16943, 2: 8565, 3: 3399, 4: 71
DFA state visits cumulative  : 1: 1247090, 2: 345868, 3: 125670, 4: 1348
DFA state entries in window  : 1: 100, 2: 84, 3: 82, 4: 71
DFA state entries cumulative : 1: 6000, 2: 2531, 3: 1877, 4: 1348
transitions cumulative       : 1->2: 2531, 2->3: 1877, 3->4: 1348
accepted directly from s0    : 0
Gym endings cumulative       : terminated=4444, truncated=208

Starting autonomous greedy evaluation at episode 6000 (1000 fixed-seed episodes)...
[Greedy evaluation at episode 6000 | 1000 fixed-seed episodes]
success=91.4%, failure=0.0%, task reward=9140.000, length=310.9
DFA transitions: 1->2: 914, 2->3: 914, 3->4: 914
Best policy updated from autonomous greedy evaluation at episode 6000.

[Episode 6100/8000 | last 100]
success rate                : 70.0% (cumulative 23.2%)
failure rate                : 0.0% (cumulative 0.0%)
completed cycles / episode  : 0.000
synthetic task reward       : 7000.000
shaping reward              : 6639.179
learning reward             : 13639.179
episode length              : 296.9
abstract changes / episode  : 222.5
same abstract-state steps   : 25.1%
same-state shaping / episode: 0.000
changed-state shaping / ep. : 6639.179
terminal shaping / episode  : 61.287
DFA transitions / episode   : 2.41
DFA transitions in window   : 1->2: 88, 2->3: 83, 3->4: 70
epsilon (next episode)       : 0.08712
replay buffer                : 300000 samples [1: 55.0%, 2: 30.4%, 3: 14.6%, 4: 0.0%]
DFA state visits in window   : 1: 17750, 2: 8130, 3: 3840, 4: 70
DFA state visits cumulative  : 1: 1264840, 2: 353998, 3: 129510, 4: 1418
DFA state entries in window  : 1: 100, 2: 88, 3: 83, 4: 70
DFA state entries cumulative : 1: 6100, 2: 2619, 3: 1960, 4: 1418
transitions cumulative       : 1->2: 2619, 2->3: 1960, 3->4: 1418
accepted directly from s0    : 0
Gym endings cumulative       : terminated=4474, truncated=208

[Episode 6200/8000 | last 100]
success rate                : 70.0% (cumulative 24.0%)
failure rate                : 0.0% (cumulative 0.0%)
completed cycles / episode  : 0.000
synthetic task reward       : 7000.000
shaping reward              : 7037.699
learning reward             : 14037.699
episode length              : 290.8
abstract changes / episode  : 222.6
same abstract-state steps   : 23.5%
same-state shaping / episode: 0.000
changed-state shaping / ep. : 7037.699
terminal shaping / episode  : 64.324
DFA transitions / episode   : 2.53
DFA transitions in window   : 1->2: 95, 2->3: 88, 3->4: 70
epsilon (next episode)       : 0.08370
replay buffer                : 300000 samples [1: 54.6%, 2: 30.4%, 3: 15.0%, 4: 0.0%]
DFA state visits in window   : 1: 16454, 2: 8819, 3: 3839, 4: 70
DFA state visits cumulative  : 1: 1281294, 2: 362817, 3: 133349, 4: 1488
DFA state entries in window  : 1: 100, 2: 95, 3: 88, 4: 70
DFA state entries cumulative : 1: 6200, 2: 2714, 3: 2048, 4: 1488
transitions cumulative       : 1->2: 2714, 2->3: 2048, 3->4: 1488
accepted directly from s0    : 0
Gym endings cumulative       : terminated=4504, truncated=208

[Episode 6300/8000 | last 100]
success rate                : 82.0% (cumulative 24.9%)
failure rate                : 0.0% (cumulative 0.0%)
completed cycles / episode  : 0.000
synthetic task reward       : 8200.000
shaping reward              : 7544.311
learning reward             : 15744.311
episode length              : 285.0
abstract changes / episode  : 218.4
same abstract-state steps   : 23.3%
same-state shaping / episode: 0.000
changed-state shaping / ep. : 7544.311
terminal shaping / episode  : 79.754
DFA transitions / episode   : 2.73
DFA transitions in window   : 1->2: 99, 2->3: 92, 3->4: 82
epsilon (next episode)       : 0.08042
replay buffer                : 300000 samples [1: 54.0%, 2: 31.0%, 3: 14.9%, 4: 0.0%]
DFA state visits in window   : 1: 16322, 2: 8560, 3: 3635, 4: 82
DFA state visits cumulative  : 1: 1297616, 2: 371377, 3: 136984, 4: 1570
DFA state entries in window  : 1: 100, 2: 99, 3: 92, 4: 82
DFA state entries cumulative : 1: 6300, 2: 2813, 3: 2140, 4: 1570
transitions cumulative       : 1->2: 2813, 2->3: 2140, 3->4: 1570
accepted directly from s0    : 0
Gym endings cumulative       : terminated=4522, truncated=208

[Episode 6400/8000 | last 100]
success rate                : 76.0% (cumulative 25.7%)
failure rate                : 0.0% (cumulative 0.0%)
completed cycles / episode  : 0.000
synthetic task reward       : 7600.000
shaping reward              : 7043.617
learning reward             : 14643.617
episode length              : 289.8
abstract changes / episode  : 219.0
same abstract-state steps   : 24.4%
same-state shaping / episode: 0.000
changed-state shaping / ep. : 7043.617
terminal shaping / episode  : 72.199
DFA transitions / episode   : 2.58
DFA transitions in window   : 1->2: 97, 2->3: 85, 3->4: 76
epsilon (next episode)       : 0.07727
replay buffer                : 300000 samples [1: 56.3%, 2: 30.5%, 3: 13.3%, 4: 0.0%]
DFA state visits in window   : 1: 17009, 2: 8725, 3: 3273, 4: 76
DFA state visits cumulative  : 1: 1314625, 2: 380102, 3: 140257, 4: 1646
DFA state entries in window  : 1: 100, 2: 97, 3: 85, 4: 76
DFA state entries cumulative : 1: 6400, 2: 2910, 3: 2225, 4: 1646
transitions cumulative       : 1->2: 2910, 2->3: 2225, 3->4: 1646
accepted directly from s0    : 0
Gym endings cumulative       : terminated=4546, truncated=208

[Episode 6500/8000 | last 100]
success rate                : 77.0% (cumulative 26.5%)
failure rate                : 0.0% (cumulative 0.0%)
completed cycles / episode  : 0.000
synthetic task reward       : 7700.000
shaping reward              : 7226.919
learning reward             : 14926.919
episode length              : 284.9
abstract changes / episode  : 219.9
same abstract-state steps   : 22.8%
same-state shaping / episode: 0.000
changed-state shaping / ep. : 7226.919
terminal shaping / episode  : 75.136
DFA transitions / episode   : 2.61
DFA transitions in window   : 1->2: 95, 2->3: 89, 3->4: 77
epsilon (next episode)       : 0.07423
replay buffer                : 300000 samples [1: 57.5%, 2: 30.6%, 3: 11.9%, 4: 0.0%]
DFA state visits in window   : 1: 16167, 2: 8710, 3: 3636, 4: 77
DFA state visits cumulative  : 1: 1330792, 2: 388812, 3: 143893, 4: 1723
DFA state entries in window  : 1: 100, 2: 95, 3: 89, 4: 77
DFA state entries cumulative : 1: 6500, 2: 3005, 3: 2314, 4: 1723
transitions cumulative       : 1->2: 3005, 2->3: 2314, 3->4: 1723
accepted directly from s0    : 0
Gym endings cumulative       : terminated=4569, truncated=208

Starting autonomous greedy evaluation at episode 6500 (1000 fixed-seed episodes)...
[Greedy evaluation at episode 6500 | 1000 fixed-seed episodes]
success=93.3%, failure=0.0%, task reward=9330.000, length=305.1
DFA transitions: 1->2: 1000, 2->3: 942, 3->4: 933
Best policy updated from autonomous greedy evaluation at episode 6500.

[Episode 6600/8000 | last 100]
success rate                : 84.0% (cumulative 27.4%)
failure rate                : 0.0% (cumulative 0.0%)
completed cycles / episode  : 0.000
synthetic task reward       : 8400.000
shaping reward              : 7434.032
learning reward             : 15834.032
episode length              : 297.9
abstract changes / episode  : 227.0
same abstract-state steps   : 23.8%
same-state shaping / episode: 0.000
changed-state shaping / ep. : 7434.032
terminal shaping / episode  : 85.082
DFA transitions / episode   : 2.71
DFA transitions in window   : 1->2: 95, 2->3: 92, 3->4: 84
epsilon (next episode)       : 0.07132
replay buffer                : 300000 samples [1: 56.8%, 2: 31.1%, 3: 12.1%, 4: 0.0%]
DFA state visits in window   : 1: 15625, 2: 9844, 3: 4332, 4: 84
DFA state visits cumulative  : 1: 1346417, 2: 398656, 3: 148225, 4: 1807
DFA state entries in window  : 1: 100, 2: 95, 3: 92, 4: 84
DFA state entries cumulative : 1: 6600, 2: 3100, 3: 2406, 4: 1807
transitions cumulative       : 1->2: 3100, 2->3: 2406, 3->4: 1807
accepted directly from s0    : 0
Gym endings cumulative       : terminated=4585, truncated=208

[Episode 6700/8000 | last 100]
success rate                : 89.0% (cumulative 28.3%)
failure rate                : 0.0% (cumulative 0.0%)
completed cycles / episode  : 0.000
synthetic task reward       : 8900.000
shaping reward              : 7804.735
learning reward             : 16704.735
episode length              : 297.5
abstract changes / episode  : 221.9
same abstract-state steps   : 25.4%
same-state shaping / episode: 0.000
changed-state shaping / ep. : 7804.735
terminal shaping / episode  : 91.012
DFA transitions / episode   : 2.81
DFA transitions in window   : 1->2: 97, 2->3: 95, 3->4: 89
epsilon (next episode)       : 0.06853
replay buffer                : 300000 samples [1: 57.4%, 2: 30.3%, 3: 12.3%, 4: 0.0%]
DFA state visits in window   : 1: 17762, 2: 7861, 3: 4139, 4: 89
DFA state visits cumulative  : 1: 1364179, 2: 406517, 3: 152364, 4: 1896
DFA state entries in window  : 1: 100, 2: 97, 3: 95, 4: 89
DFA state entries cumulative : 1: 6700, 2: 3197, 3: 2501, 4: 1896
transitions cumulative       : 1->2: 3197, 2->3: 2501, 3->4: 1896
accepted directly from s0    : 0
Gym endings cumulative       : terminated=4596, truncated=208

[Episode 6800/8000 | last 100]
success rate                : 87.0% (cumulative 29.2%)
failure rate                : 0.0% (cumulative 0.0%)
completed cycles / episode  : 0.000
synthetic task reward       : 8700.000
shaping reward              : 7585.492
learning reward             : 16285.492
episode length              : 296.5
abstract changes / episode  : 222.0
same abstract-state steps   : 25.1%
same-state shaping / episode: 0.000
changed-state shaping / ep. : 7585.492
terminal shaping / episode  : 91.196
DFA transitions / episode   : 2.80
DFA transitions in window   : 1->2: 99, 2->3: 94, 3->4: 87
epsilon (next episode)       : 0.06584
replay buffer                : 300000 samples [1: 57.7%, 2: 29.8%, 3: 12.5%, 4: 0.0%]
DFA state visits in window   : 1: 16920, 2: 9041, 3: 3699, 4: 87
DFA state visits cumulative  : 1: 1381099, 2: 415558, 3: 156063, 4: 1983
DFA state entries in window  : 1: 100, 2: 99, 3: 94, 4: 87
DFA state entries cumulative : 1: 6800, 2: 3296, 3: 2595, 4: 1983
transitions cumulative       : 1->2: 3296, 2->3: 2595, 3->4: 1983
accepted directly from s0    : 0
Gym endings cumulative       : terminated=4608, truncated=209

[Episode 6900/8000 | last 100]
success rate                : 83.0% (cumulative 29.9%)
failure rate                : 0.0% (cumulative 0.0%)
completed cycles / episode  : 0.000
synthetic task reward       : 8300.000
shaping reward              : 7333.920
learning reward             : 15633.920
episode length              : 318.5
abstract changes / episode  : 248.2
same abstract-state steps   : 22.1%
same-state shaping / episode: 0.000
changed-state shaping / ep. : 7333.920
terminal shaping / episode  : 86.279
DFA transitions / episode   : 2.70
DFA transitions in window   : 1->2: 94, 2->3: 93, 3->4: 83
epsilon (next episode)       : 0.06326
replay buffer                : 300000 samples [1: 58.3%, 2: 29.1%, 3: 12.6%, 4: 0.0%]
DFA state visits in window   : 1: 19801, 2: 8413, 3: 3656, 4: 83
DFA state visits cumulative  : 1: 1400900, 2: 423971, 3: 159719, 4: 2066
DFA state entries in window  : 1: 100, 2: 94, 3: 93, 4: 83
DFA state entries cumulative : 1: 6900, 2: 3390, 3: 2688, 4: 2066
transitions cumulative       : 1->2: 3390, 2->3: 2688, 3->4: 2066
accepted directly from s0    : 0
Gym endings cumulative       : terminated=4625, truncated=209

[Episode 7000/8000 | last 100]
success rate                : 86.0% (cumulative 30.7%)
failure rate                : 0.0% (cumulative 0.0%)
completed cycles / episode  : 0.000
synthetic task reward       : 8600.000
shaping reward              : 7154.256
learning reward             : 15754.256
episode length              : 291.7
abstract changes / episode  : 224.5
same abstract-state steps   : 23.0%
same-state shaping / episode: 0.000
changed-state shaping / ep. : 7154.256
terminal shaping / episode  : 94.105
DFA transitions / episode   : 2.65
DFA transitions in window   : 1->2: 93, 2->3: 86, 3->4: 86
epsilon (next episode)       : 0.06078
replay buffer                : 300000 samples [1: 58.2%, 2: 29.2%, 3: 12.6%, 4: 0.0%]
DFA state visits in window   : 1: 18066, 2: 7906, 3: 3209, 4: 86
DFA state visits cumulative  : 1: 1418966, 2: 431877, 3: 162928, 4: 2152
DFA state entries in window  : 1: 100, 2: 93, 3: 86, 4: 86
DFA state entries cumulative : 1: 7000, 2: 3483, 3: 2774, 4: 2152
transitions cumulative       : 1->2: 3483, 2->3: 2774, 3->4: 2152
accepted directly from s0    : 0
Gym endings cumulative       : terminated=4638, truncated=210

Starting autonomous greedy evaluation at episode 7000 (1000 fixed-seed episodes)...
[Greedy evaluation at episode 7000 | 1000 fixed-seed episodes]
success=96.9%, failure=0.0%, task reward=9690.000, length=277.0
DFA transitions: 1->2: 996, 2->3: 979, 3->4: 969
Best policy updated from autonomous greedy evaluation at episode 7000.

[Episode 7100/8000 | last 100]
success rate                : 70.0% (cumulative 31.3%)
failure rate                : 0.0% (cumulative 0.0%)
completed cycles / episode  : 0.000
synthetic task reward       : 7000.000
shaping reward              : 6740.607
learning reward             : 13740.607
episode length              : 277.4
abstract changes / episode  : 219.0
same abstract-state steps   : 21.1%
same-state shaping / episode: 0.000
changed-state shaping / ep. : 6740.607
terminal shaping / episode  : 74.694
DFA transitions / episode   : 2.50
DFA transitions in window   : 1->2: 95, 2->3: 85, 3->4: 70
epsilon (next episode)       : 0.05839
replay buffer                : 300000 samples [1: 57.4%, 2: 29.5%, 3: 13.1%, 4: 0.0%]
DFA state visits in window   : 1: 14041, 2: 8628, 3: 5098, 4: 70
DFA state visits cumulative  : 1: 1433007, 2: 440505, 3: 168026, 4: 2222
DFA state entries in window  : 1: 100, 2: 95, 3: 85, 4: 70
DFA state entries cumulative : 1: 7100, 2: 3578, 3: 2859, 4: 2222
transitions cumulative       : 1->2: 3578, 2->3: 2859, 3->4: 2222
accepted directly from s0    : 0
Gym endings cumulative       : terminated=4667, truncated=211

[Episode 7200/8000 | last 100]
success rate                : 80.0% (cumulative 32.0%)
failure rate                : 0.0% (cumulative 0.0%)
completed cycles / episode  : 0.000
synthetic task reward       : 8000.000
shaping reward              : 6864.341
learning reward             : 14864.341
episode length              : 275.9
abstract changes / episode  : 210.5
same abstract-state steps   : 23.7%
same-state shaping / episode: 0.000
changed-state shaping / ep. : 6864.341
terminal shaping / episode  : 83.571
DFA transitions / episode   : 2.60
DFA transitions in window   : 1->2: 94, 2->3: 86, 3->4: 80
epsilon (next episode)       : 0.05610
replay buffer                : 300000 samples [1: 56.6%, 2: 29.7%, 3: 13.7%, 4: 0.0%]
DFA state visits in window   : 1: 13430, 2: 8780, 3: 5397, 4: 80
DFA state visits cumulative  : 1: 1446437, 2: 449285, 3: 173423, 4: 2302
DFA state entries in window  : 1: 100, 2: 94, 3: 86, 4: 80
DFA state entries cumulative : 1: 7200, 2: 3672, 3: 2945, 4: 2302
transitions cumulative       : 1->2: 3672, 2->3: 2945, 3->4: 2302
accepted directly from s0    : 0
Gym endings cumulative       : terminated=4686, truncated=212

[Episode 7300/8000 | last 100]
success rate                : 66.0% (cumulative 32.4%)
failure rate                : 0.0% (cumulative 0.0%)
completed cycles / episode  : 0.000
synthetic task reward       : 6600.000
shaping reward              : 6489.094
learning reward             : 13089.094
episode length              : 313.3
abstract changes / episode  : 225.7
same abstract-state steps   : 28.0%
same-state shaping / episode: 0.000
changed-state shaping / ep. : 6489.094
terminal shaping / episode  : 63.649
DFA transitions / episode   : 2.39
DFA transitions in window   : 1->2: 93, 2->3: 80, 3->4: 66
epsilon (next episode)       : 0.05390
replay buffer                : 300000 samples [1: 55.3%, 2: 30.2%, 3: 14.5%, 4: 0.0%]
DFA state visits in window   : 1: 14207, 2: 10903, 3: 6252, 4: 66
DFA state visits cumulative  : 1: 1460644, 2: 460188, 3: 179675, 4: 2368
DFA state entries in window  : 1: 100, 2: 93, 3: 80, 4: 66
DFA state entries cumulative : 1: 7300, 2: 3765, 3: 3025, 4: 2368
transitions cumulative       : 1->2: 3765, 2->3: 3025, 3->4: 2368
accepted directly from s0    : 0
Gym endings cumulative       : terminated=4714, truncated=218

[Episode 7400/8000 | last 100]
success rate                : 74.0% (cumulative 33.0%)
failure rate                : 0.0% (cumulative 0.0%)
completed cycles / episode  : 0.000
synthetic task reward       : 7400.000
shaping reward              : 6522.482
learning reward             : 13922.482
episode length              : 259.4
abstract changes / episode  : 201.9
same abstract-state steps   : 22.2%
same-state shaping / episode: 0.000
changed-state shaping / ep. : 6522.482
terminal shaping / episode  : 74.519
DFA transitions / episode   : 2.45
DFA transitions in window   : 1->2: 92, 2->3: 79, 3->4: 74
epsilon (next episode)       : 0.05179
replay buffer                : 300000 samples [1: 55.4%, 2: 30.2%, 3: 14.4%, 4: 0.0%]
DFA state visits in window   : 1: 14503, 2: 8497, 3: 2967, 4: 74
DFA state visits cumulative  : 1: 1475147, 2: 468685, 3: 182642, 4: 2442
DFA state entries in window  : 1: 100, 2: 92, 3: 79, 4: 74
DFA state entries cumulative : 1: 7400, 2: 3857, 3: 3104, 4: 2442
transitions cumulative       : 1->2: 3857, 2->3: 3104, 3->4: 2442
accepted directly from s0    : 0
Gym endings cumulative       : terminated=4740, truncated=218

[Episode 7500/8000 | last 100]
success rate                : 88.0% (cumulative 33.7%)
failure rate                : 0.0% (cumulative 0.0%)
completed cycles / episode  : 0.000
synthetic task reward       : 8800.000
shaping reward              : 7735.961
learning reward             : 16535.961
episode length              : 266.5
abstract changes / episode  : 209.9
same abstract-state steps   : 21.3%
same-state shaping / episode: 0.000
changed-state shaping / ep. : 7735.961
terminal shaping / episode  : 97.068
DFA transitions / episode   : 2.80
DFA transitions in window   : 1->2: 98, 2->3: 94, 3->4: 88
epsilon (next episode)       : 0.04976
replay buffer                : 300000 samples [1: 54.8%, 2: 30.7%, 3: 14.5%, 4: 0.0%]
DFA state visits in window   : 1: 14659, 2: 8760, 3: 3246, 4: 88
DFA state visits cumulative  : 1: 1489806, 2: 477445, 3: 185888, 4: 2530
DFA state entries in window  : 1: 100, 2: 98, 3: 94, 4: 88
DFA state entries cumulative : 1: 7500, 2: 3955, 3: 3198, 4: 2530
transitions cumulative       : 1->2: 3955, 2->3: 3198, 3->4: 2530
accepted directly from s0    : 0
Gym endings cumulative       : terminated=4752, truncated=218

Starting autonomous greedy evaluation at episode 7500 (1000 fixed-seed episodes)...
[Greedy evaluation at episode 7500 | 1000 fixed-seed episodes]
success=82.7%, failure=0.0%, task reward=8270.000, length=250.7
DFA transitions: 1->2: 978, 2->3: 834, 3->4: 827

[Episode 7600/8000 | last 100]
success rate                : 89.0% (cumulative 34.5%)
failure rate                : 0.0% (cumulative 0.0%)
completed cycles / episode  : 0.000
synthetic task reward       : 8900.000
shaping reward              : 7544.291
learning reward             : 16444.291
episode length              : 250.4
abstract changes / episode  : 195.5
same abstract-state steps   : 21.9%
same-state shaping / episode: 0.000
changed-state shaping / ep. : 7544.291
terminal shaping / episode  : 101.419
DFA transitions / episode   : 2.75
DFA transitions in window   : 1->2: 94, 2->3: 92, 3->4: 89
epsilon (next episode)       : 0.04781
replay buffer                : 300000 samples [1: 55.1%, 2: 30.6%, 3: 14.3%, 4: 0.0%]
DFA state visits in window   : 1: 14210, 2: 7606, 3: 3235, 4: 89
DFA state visits cumulative  : 1: 1504016, 2: 485051, 3: 189123, 4: 2619
DFA state entries in window  : 1: 100, 2: 94, 3: 92, 4: 89
DFA state entries cumulative : 1: 7600, 2: 4049, 3: 3290, 4: 2619
transitions cumulative       : 1->2: 4049, 2->3: 3290, 3->4: 2619
accepted directly from s0    : 0
Gym endings cumulative       : terminated=4763, truncated=218

[Episode 7700/8000 | last 100]
success rate                : 76.0% (cumulative 35.0%)
failure rate                : 0.0% (cumulative 0.0%)
completed cycles / episode  : 0.000
synthetic task reward       : 7600.000
shaping reward              : 7217.950
learning reward             : 14817.950
episode length              : 247.7
abstract changes / episode  : 195.0
same abstract-state steps   : 21.3%
same-state shaping / episode: 0.000
changed-state shaping / ep. : 7217.950
terminal shaping / episode  : 77.900
DFA transitions / episode   : 2.56
DFA transitions in window   : 1->2: 91, 2->3: 89, 3->4: 76
epsilon (next episode)       : 0.04593
replay buffer                : 300000 samples [1: 55.3%, 2: 30.5%, 3: 14.3%, 4: 0.0%]
DFA state visits in window   : 1: 13878, 2: 7664, 3: 3249, 4: 76
DFA state visits cumulative  : 1: 1517894, 2: 492715, 3: 192372, 4: 2695
DFA state entries in window  : 1: 100, 2: 91, 3: 89, 4: 76
DFA state entries cumulative : 1: 7700, 2: 4140, 3: 3379, 4: 2695
transitions cumulative       : 1->2: 4140, 2->3: 3379, 3->4: 2695
accepted directly from s0    : 0
Gym endings cumulative       : terminated=4787, truncated=218

[Episode 7800/8000 | last 100]
success rate                : 87.0% (cumulative 35.7%)
failure rate                : 0.0% (cumulative 0.0%)
completed cycles / episode  : 0.000
synthetic task reward       : 8700.000
shaping reward              : 7530.728
learning reward             : 16230.728
episode length              : 251.6
abstract changes / episode  : 199.9
same abstract-state steps   : 20.6%
same-state shaping / episode: 0.000
changed-state shaping / ep. : 7530.728
terminal shaping / episode  : 95.871
DFA transitions / episode   : 2.74
DFA transitions in window   : 1->2: 96, 2->3: 91, 3->4: 87
epsilon (next episode)       : 0.04413
replay buffer                : 300000 samples [1: 54.7%, 2: 31.1%, 3: 14.2%, 4: 0.0%]
DFA state visits in window   : 1: 13780, 2: 8218, 3: 3177, 4: 87
DFA state visits cumulative  : 1: 1531674, 2: 500933, 3: 195549, 4: 2782
DFA state entries in window  : 1: 100, 2: 96, 3: 91, 4: 87
DFA state entries cumulative : 1: 7800, 2: 4236, 3: 3470, 4: 2782
transitions cumulative       : 1->2: 4236, 2->3: 3470, 3->4: 2782
accepted directly from s0    : 0
Gym endings cumulative       : terminated=4800, truncated=218

[Episode 7900/8000 | last 100]
success rate                : 91.0% (cumulative 36.4%)
failure rate                : 0.0% (cumulative 0.0%)
completed cycles / episode  : 0.000
synthetic task reward       : 9100.000
shaping reward              : 7932.092
learning reward             : 17032.092
episode length              : 262.5
abstract changes / episode  : 203.6
same abstract-state steps   : 22.4%
same-state shaping / episode: 0.000
changed-state shaping / ep. : 7932.092
terminal shaping / episode  : 100.053
DFA transitions / episode   : 2.87
DFA transitions in window   : 1->2: 100, 2->3: 96, 3->4: 91
epsilon (next episode)       : 0.04240
replay buffer                : 300000 samples [1: 54.4%, 2: 31.4%, 3: 14.2%, 4: 0.0%]
DFA state visits in window   : 1: 13762, 2: 9070, 3: 3423, 4: 91
DFA state visits cumulative  : 1: 1545436, 2: 510003, 3: 198972, 4: 2873
DFA state entries in window  : 1: 100, 2: 100, 3: 96, 4: 91
DFA state entries cumulative : 1: 7900, 2: 4336, 3: 3566, 4: 2873
transitions cumulative       : 1->2: 4336, 2->3: 3566, 3->4: 2873
accepted directly from s0    : 0
Gym endings cumulative       : terminated=4809, truncated=218

[Episode 8000/8000 | last 100]
success rate                : 84.0% (cumulative 37.0%)
failure rate                : 0.0% (cumulative 0.0%)
completed cycles / episode  : 0.000
synthetic task reward       : 8400.000
shaping reward              : 7483.779
learning reward             : 15883.779
episode length              : 254.8
abstract changes / episode  : 198.0
same abstract-state steps   : 22.3%
same-state shaping / episode: 0.000
changed-state shaping / ep. : 7483.779
terminal shaping / episode  : 102.241
DFA transitions / episode   : 2.70
DFA transitions in window   : 1->2: 95, 2->3: 91, 3->4: 84
epsilon (next episode)       : 0.04074
replay buffer                : 300000 samples [1: 53.9%, 2: 31.8%, 3: 14.3%, 4: 0.0%]
DFA state visits in window   : 1: 14224, 2: 8067, 3: 3200, 4: 84
DFA state visits cumulative  : 1: 1559660, 2: 518070, 3: 202172, 4: 2957
DFA state entries in window  : 1: 100, 2: 95, 3: 91, 4: 84
DFA state entries cumulative : 1: 8000, 2: 4431, 3: 3657, 4: 2957
transitions cumulative       : 1->2: 4431, 2->3: 3657, 3->4: 2957
accepted directly from s0    : 0
Gym endings cumulative       : terminated=4825, truncated=218

Starting autonomous greedy evaluation at episode 8000 (1000 fixed-seed episodes)...
[Greedy evaluation at episode 8000 | 1000 fixed-seed episodes]
success=94.7%, failure=0.0%, task reward=9470.000, length=246.6
DFA transitions: 1->2: 949, 2->3: 948, 3->4: 947
Last policy saved after episode 8000. Best greedy evaluation: episode 7000, mean task reward=9690.000
