
=== NEW RUN ===
episodes=8000, shaping=True, goal_reward=10000.0, gamma=0.99
gamma_shaping=1.0, shaping_formula=gamma_shaping*Phi(next)-Phi(state)
ground_unbiased_learner=False
eval_interval=500, eval_episodes=1000, eval_seed=100000
inter_level_shaping=False, inter_level_formula=gamma*Phi(next)-Phi(state)
task_type=ltlf, task=F(wp1 & X(F(wp2 & X(F(g1)))))
regions={wp1: {'center': [-0.75, 1.0625], 'radius': 0.1}, wp2: {'center': [0, 0.8125], 'radius': 0.1}, g1: {'center': [0.75, 1.0625], 'radius': 0.1}}
dfa_states=[1, 2, 3, 4], pre_trace=1, accepting=[4], failure=[]

[Episode 1/8000 | last 1]
success rate                : 0.0% (cumulative 0.0%)
failure rate                : 0.0% (cumulative 0.0%)
completed cycles / episode  : 0.000
synthetic task reward       : 0.000
shaping reward              : -989.181
learning reward             : -989.181
episode length              : 107.0
abstract changes / episode  : 51.0
same abstract-state steps   : 52.3%
same-state shaping / episode: 0.000
changed-state shaping / ep. : -989.181
terminal shaping / episode  : 0.000
DFA transitions / episode   : 0.00
DFA transitions in window   : none
epsilon (next episode)       : 0.99960
replay buffer                : 107 samples [1: 100.0%, 2: 0.0%, 3: 0.0%, 4: 0.0%]
DFA state visits in window   : 1: 108, 2: 0, 3: 0, 4: 0
DFA state visits cumulative  : 1: 108, 2: 0, 3: 0, 4: 0
DFA state entries in window  : 1: 1, 2: 0, 3: 0, 4: 0
DFA state entries cumulative : 1: 1, 2: 0, 3: 0, 4: 0
transitions cumulative       : none
accepted directly from s0    : 0
Gym endings cumulative       : terminated=1, truncated=0

[Episode 100/8000 | last 100]
success rate                : 0.0% (cumulative 0.0%)
failure rate                : 0.0% (cumulative 0.0%)
completed cycles / episode  : 0.000
synthetic task reward       : 0.000
shaping reward              : -911.758
learning reward             : -911.758
episode length              : 90.8
abstract changes / episode  : 48.9
same abstract-state steps   : 46.2%
same-state shaping / episode: 0.000
changed-state shaping / ep. : -911.758
terminal shaping / episode  : -8.296
DFA transitions / episode   : 0.01
DFA transitions in window   : 1->2: 1
epsilon (next episode)       : 0.96078
replay buffer                : 9082 samples [1: 99.8%, 2: 0.2%, 3: 0.0%, 4: 0.0%]
DFA state visits in window   : 1: 9159, 2: 23, 3: 0, 4: 0
DFA state visits cumulative  : 1: 9159, 2: 23, 3: 0, 4: 0
DFA state entries in window  : 1: 100, 2: 1, 3: 0, 4: 0
DFA state entries cumulative : 1: 100, 2: 1, 3: 0, 4: 0
transitions cumulative       : 1->2: 1
accepted directly from s0    : 0
Gym endings cumulative       : terminated=100, truncated=0

[Episode 200/8000 | last 100]
success rate                : 0.0% (cumulative 0.0%)
failure rate                : 0.0% (cumulative 0.0%)
completed cycles / episode  : 0.000
synthetic task reward       : 0.000
shaping reward              : -878.979
learning reward             : -878.979
episode length              : 96.6
abstract changes / episode  : 49.3
same abstract-state steps   : 49.0%
same-state shaping / episode: 0.000
changed-state shaping / ep. : -878.979
terminal shaping / episode  : -12.725
DFA transitions / episode   : 0.03
DFA transitions in window   : 1->2: 3
epsilon (next episode)       : 0.92310
replay buffer                : 18739 samples [1: 99.6%, 2: 0.4%, 3: 0.0%, 4: 0.0%]
DFA state visits in window   : 1: 9697, 2: 60, 3: 0, 4: 0
DFA state visits cumulative  : 1: 18856, 2: 83, 3: 0, 4: 0
DFA state entries in window  : 1: 100, 2: 3, 3: 0, 4: 0
DFA state entries cumulative : 1: 200, 2: 4, 3: 0, 4: 0
transitions cumulative       : 1->2: 4
accepted directly from s0    : 0
Gym endings cumulative       : terminated=200, truncated=0

[Episode 300/8000 | last 100]
success rate                : 0.0% (cumulative 0.0%)
failure rate                : 0.0% (cumulative 0.0%)
completed cycles / episode  : 0.000
synthetic task reward       : 0.000
shaping reward              : -846.354
learning reward             : -846.354
episode length              : 94.4
abstract changes / episode  : 49.0
same abstract-state steps   : 48.1%
same-state shaping / episode: 0.000
changed-state shaping / ep. : -846.354
terminal shaping / episode  : -7.242
DFA transitions / episode   : 0.05
DFA transitions in window   : 1->2: 5
epsilon (next episode)       : 0.88690
replay buffer                : 28178 samples [1: 99.3%, 2: 0.7%, 3: 0.0%, 4: 0.0%]
DFA state visits in window   : 1: 9427, 2: 112, 3: 0, 4: 0
DFA state visits cumulative  : 1: 28283, 2: 195, 3: 0, 4: 0
DFA state entries in window  : 1: 100, 2: 5, 3: 0, 4: 0
DFA state entries cumulative : 1: 300, 2: 9, 3: 0, 4: 0
transitions cumulative       : 1->2: 9
accepted directly from s0    : 0
Gym endings cumulative       : terminated=300, truncated=0

[Episode 400/8000 | last 100]
success rate                : 0.0% (cumulative 0.0%)
failure rate                : 0.0% (cumulative 0.0%)
completed cycles / episode  : 0.000
synthetic task reward       : 0.000
shaping reward              : -791.855
learning reward             : -791.855
episode length              : 97.0
abstract changes / episode  : 49.0
same abstract-state steps   : 49.5%
same-state shaping / episode: 0.000
changed-state shaping / ep. : -791.855
terminal shaping / episode  : -4.919
DFA transitions / episode   : 0.06
DFA transitions in window   : 1->2: 6
epsilon (next episode)       : 0.85212
replay buffer                : 37880 samples [1: 99.1%, 2: 0.9%, 3: 0.0%, 4: 0.0%]
DFA state visits in window   : 1: 9626, 2: 176, 3: 0, 4: 0
DFA state visits cumulative  : 1: 37909, 2: 371, 3: 0, 4: 0
DFA state entries in window  : 1: 100, 2: 6, 3: 0, 4: 0
DFA state entries cumulative : 1: 400, 2: 15, 3: 0, 4: 0
transitions cumulative       : 1->2: 15
accepted directly from s0    : 0
Gym endings cumulative       : terminated=400, truncated=0

[Episode 500/8000 | last 100]
success rate                : 0.0% (cumulative 0.0%)
failure rate                : 0.0% (cumulative 0.0%)
completed cycles / episode  : 0.000
synthetic task reward       : 0.000
shaping reward              : -753.654
learning reward             : -753.654
episode length              : 99.0
abstract changes / episode  : 48.4
same abstract-state steps   : 51.1%
same-state shaping / episode: 0.000
changed-state shaping / ep. : -753.654
terminal shaping / episode  : -6.123
DFA transitions / episode   : 0.06
DFA transitions in window   : 1->2: 6
epsilon (next episode)       : 0.81870
replay buffer                : 47779 samples [1: 99.0%, 2: 1.0%, 3: 0.0%, 4: 0.0%]
DFA state visits in window   : 1: 9849, 2: 150, 3: 0, 4: 0
DFA state visits cumulative  : 1: 47758, 2: 521, 3: 0, 4: 0
DFA state entries in window  : 1: 100, 2: 6, 3: 0, 4: 0
DFA state entries cumulative : 1: 500, 2: 21, 3: 0, 4: 0
transitions cumulative       : 1->2: 21
accepted directly from s0    : 0
Gym endings cumulative       : terminated=500, truncated=0

Starting autonomous greedy evaluation at episode 500 (1000 fixed-seed episodes)...
[Greedy evaluation at episode 500 | 1000 fixed-seed episodes]
success=0.0%, failure=0.0%, task reward=0.000, length=118.4
DFA transitions: none
Best policy updated from autonomous greedy evaluation at episode 500.

[Episode 600/8000 | last 100]
success rate                : 0.0% (cumulative 0.0%)
failure rate                : 0.0% (cumulative 0.0%)
completed cycles / episode  : 0.000
synthetic task reward       : 0.000
shaping reward              : -830.867
learning reward             : -830.867
episode length              : 109.2
abstract changes / episode  : 50.4
same abstract-state steps   : 53.9%
same-state shaping / episode: 0.000
changed-state shaping / ep. : -830.867
terminal shaping / episode  : -11.668
DFA transitions / episode   : 0.04
DFA transitions in window   : 1->2: 4
epsilon (next episode)       : 0.78659
replay buffer                : 58697 samples [1: 98.9%, 2: 1.1%, 3: 0.0%, 4: 0.0%]
DFA state visits in window   : 1: 10891, 2: 127, 3: 0, 4: 0
DFA state visits cumulative  : 1: 58649, 2: 648, 3: 0, 4: 0
DFA state entries in window  : 1: 100, 2: 4, 3: 0, 4: 0
DFA state entries cumulative : 1: 600, 2: 25, 3: 0, 4: 0
transitions cumulative       : 1->2: 25
accepted directly from s0    : 0
Gym endings cumulative       : terminated=600, truncated=0

[Episode 700/8000 | last 100]
success rate                : 0.0% (cumulative 0.0%)
failure rate                : 0.0% (cumulative 0.0%)
completed cycles / episode  : 0.000
synthetic task reward       : 0.000
shaping reward              : -787.867
learning reward             : -787.867
episode length              : 119.3
abstract changes / episode  : 49.5
same abstract-state steps   : 58.5%
same-state shaping / episode: 0.000
changed-state shaping / ep. : -787.867
terminal shaping / episode  : -7.709
DFA transitions / episode   : 0.05
DFA transitions in window   : 1->2: 5
epsilon (next episode)       : 0.75574
replay buffer                : 70629 samples [1: 99.0%, 2: 1.0%, 3: 0.0%, 4: 0.0%]
DFA state visits in window   : 1: 11911, 2: 121, 3: 0, 4: 0
DFA state visits cumulative  : 1: 70560, 2: 769, 3: 0, 4: 0
DFA state entries in window  : 1: 100, 2: 5, 3: 0, 4: 0
DFA state entries cumulative : 1: 700, 2: 30, 3: 0, 4: 0
transitions cumulative       : 1->2: 30
accepted directly from s0    : 0
Gym endings cumulative       : terminated=700, truncated=0

[Episode 800/8000 | last 100]
success rate                : 0.0% (cumulative 0.0%)
failure rate                : 0.0% (cumulative 0.0%)
completed cycles / episode  : 0.000
synthetic task reward       : 0.000
shaping reward              : -771.353
learning reward             : -771.353
episode length              : 119.6
abstract changes / episode  : 50.0
same abstract-state steps   : 58.2%
same-state shaping / episode: 0.000
changed-state shaping / ep. : -771.353
terminal shaping / episode  : -8.313
DFA transitions / episode   : 0.04
DFA transitions in window   : 1->2: 4
epsilon (next episode)       : 0.72610
replay buffer                : 82585 samples [1: 99.0%, 2: 1.0%, 3: 0.0%, 4: 0.0%]
DFA state visits in window   : 1: 11927, 2: 129, 3: 0, 4: 0
DFA state visits cumulative  : 1: 82487, 2: 898, 3: 0, 4: 0
DFA state entries in window  : 1: 100, 2: 4, 3: 0, 4: 0
DFA state entries cumulative : 1: 800, 2: 34, 3: 0, 4: 0
transitions cumulative       : 1->2: 34
accepted directly from s0    : 0
Gym endings cumulative       : terminated=800, truncated=0

[Episode 900/8000 | last 100]
success rate                : 0.0% (cumulative 0.0%)
failure rate                : 0.0% (cumulative 0.0%)
completed cycles / episode  : 0.000
synthetic task reward       : 0.000
shaping reward              : -677.190
learning reward             : -677.190
episode length              : 138.4
abstract changes / episode  : 49.8
same abstract-state steps   : 64.0%
same-state shaping / episode: 0.000
changed-state shaping / ep. : -677.190
terminal shaping / episode  : -5.198
DFA transitions / episode   : 0.04
DFA transitions in window   : 1->2: 4
epsilon (next episode)       : 0.69763
replay buffer                : 96430 samples [1: 99.0%, 2: 1.0%, 3: 0.0%, 4: 0.0%]
DFA state visits in window   : 1: 13799, 2: 146, 3: 0, 4: 0
DFA state visits cumulative  : 1: 96286, 2: 1044, 3: 0, 4: 0
DFA state entries in window  : 1: 100, 2: 4, 3: 0, 4: 0
DFA state entries cumulative : 1: 900, 2: 38, 3: 0, 4: 0
transitions cumulative       : 1->2: 38
accepted directly from s0    : 0
Gym endings cumulative       : terminated=899, truncated=1

[Episode 1000/8000 | last 100]
success rate                : 0.0% (cumulative 0.0%)
failure rate                : 0.0% (cumulative 0.0%)
completed cycles / episode  : 0.000
synthetic task reward       : 0.000
shaping reward              : -754.377
learning reward             : -754.377
episode length              : 136.5
abstract changes / episode  : 51.5
same abstract-state steps   : 62.3%
same-state shaping / episode: 0.000
changed-state shaping / ep. : -754.377
terminal shaping / episode  : -7.706
DFA transitions / episode   : 0.03
DFA transitions in window   : 1->2: 3
epsilon (next episode)       : 0.67027
replay buffer                : 110078 samples [1: 99.0%, 2: 1.0%, 3: 0.0%, 4: 0.0%]
DFA state visits in window   : 1: 13666, 2: 82, 3: 0, 4: 0
DFA state visits cumulative  : 1: 109952, 2: 1126, 3: 0, 4: 0
DFA state entries in window  : 1: 100, 2: 3, 3: 0, 4: 0
DFA state entries cumulative : 1: 1000, 2: 41, 3: 0, 4: 0
transitions cumulative       : 1->2: 41
accepted directly from s0    : 0
Gym endings cumulative       : terminated=999, truncated=1

Starting autonomous greedy evaluation at episode 1000 (1000 fixed-seed episodes)...
[Greedy evaluation at episode 1000 | 1000 fixed-seed episodes]
success=0.0%, failure=0.0%, task reward=0.000, length=133.3
DFA transitions: none

[Episode 1100/8000 | last 100]
success rate                : 0.0% (cumulative 0.0%)
failure rate                : 0.0% (cumulative 0.0%)
completed cycles / episode  : 0.000
synthetic task reward       : 0.000
shaping reward              : -747.180
learning reward             : -747.180
episode length              : 131.5
abstract changes / episode  : 50.9
same abstract-state steps   : 61.3%
same-state shaping / episode: 0.000
changed-state shaping / ep. : -747.180
terminal shaping / episode  : -7.748
DFA transitions / episode   : 0.05
DFA transitions in window   : 1->2: 5
epsilon (next episode)       : 0.64398
replay buffer                : 123227 samples [1: 98.9%, 2: 1.1%, 3: 0.0%, 4: 0.0%]
DFA state visits in window   : 1: 13027, 2: 222, 3: 0, 4: 0
DFA state visits cumulative  : 1: 122979, 2: 1348, 3: 0, 4: 0
DFA state entries in window  : 1: 100, 2: 5, 3: 0, 4: 0
DFA state entries cumulative : 1: 1100, 2: 46, 3: 0, 4: 0
transitions cumulative       : 1->2: 46
accepted directly from s0    : 0
Gym endings cumulative       : terminated=1099, truncated=1

[Episode 1200/8000 | last 100]
success rate                : 0.0% (cumulative 0.0%)
failure rate                : 0.0% (cumulative 0.0%)
completed cycles / episode  : 0.000
synthetic task reward       : 0.000
shaping reward              : -934.503
learning reward             : -934.503
episode length              : 138.8
abstract changes / episode  : 53.6
same abstract-state steps   : 61.4%
same-state shaping / episode: 0.000
changed-state shaping / ep. : -934.503
terminal shaping / episode  : -6.498
DFA transitions / episode   : 0.00
DFA transitions in window   : none
epsilon (next episode)       : 0.61872
replay buffer                : 137107 samples [1: 99.1%, 2: 0.9%, 3: 0.0%, 4: 0.0%]
DFA state visits in window   : 1: 13980, 2: 0, 3: 0, 4: 0
DFA state visits cumulative  : 1: 136959, 2: 1348, 3: 0, 4: 0
DFA state entries in window  : 1: 100, 2: 0, 3: 0, 4: 0
DFA state entries cumulative : 1: 1200, 2: 46, 3: 0, 4: 0
transitions cumulative       : 1->2: 46
accepted directly from s0    : 0
Gym endings cumulative       : terminated=1199, truncated=1

[Episode 1300/8000 | last 100]
success rate                : 0.0% (cumulative 0.0%)
failure rate                : 0.0% (cumulative 0.0%)
completed cycles / episode  : 0.000
synthetic task reward       : 0.000
shaping reward              : -957.859
learning reward             : -957.859
episode length              : 126.5
abstract changes / episode  : 53.0
same abstract-state steps   : 58.1%
same-state shaping / episode: 0.000
changed-state shaping / ep. : -957.859
terminal shaping / episode  : -3.788
DFA transitions / episode   : 0.00
DFA transitions in window   : none
epsilon (next episode)       : 0.59446
replay buffer                : 149759 samples [1: 99.1%, 2: 0.9%, 3: 0.0%, 4: 0.0%]
DFA state visits in window   : 1: 12752, 2: 0, 3: 0, 4: 0
DFA state visits cumulative  : 1: 149711, 2: 1348, 3: 0, 4: 0
DFA state entries in window  : 1: 100, 2: 0, 3: 0, 4: 0
DFA state entries cumulative : 1: 1300, 2: 46, 3: 0, 4: 0
transitions cumulative       : 1->2: 46
accepted directly from s0    : 0
Gym endings cumulative       : terminated=1299, truncated=1

[Episode 1400/8000 | last 100]
success rate                : 0.0% (cumulative 0.0%)
failure rate                : 0.0% (cumulative 0.0%)
completed cycles / episode  : 0.000
synthetic task reward       : 0.000
shaping reward              : -942.572
learning reward             : -942.572
episode length              : 131.4
abstract changes / episode  : 52.9
same abstract-state steps   : 59.7%
same-state shaping / episode: 0.000
changed-state shaping / ep. : -942.572
terminal shaping / episode  : -2.698
DFA transitions / episode   : 0.00
DFA transitions in window   : none
epsilon (next episode)       : 0.57115
replay buffer                : 162902 samples [1: 99.2%, 2: 0.8%, 3: 0.0%, 4: 0.0%]
DFA state visits in window   : 1: 13243, 2: 0, 3: 0, 4: 0
DFA state visits cumulative  : 1: 162954, 2: 1348, 3: 0, 4: 0
DFA state entries in window  : 1: 100, 2: 0, 3: 0, 4: 0
DFA state entries cumulative : 1: 1400, 2: 46, 3: 0, 4: 0
transitions cumulative       : 1->2: 46
accepted directly from s0    : 0
Gym endings cumulative       : terminated=1399, truncated=1

[Episode 1500/8000 | last 100]
success rate                : 0.0% (cumulative 0.0%)
failure rate                : 0.0% (cumulative 0.0%)
completed cycles / episode  : 0.000
synthetic task reward       : 0.000
shaping reward              : -955.357
learning reward             : -955.357
episode length              : 131.3
abstract changes / episode  : 53.0
same abstract-state steps   : 59.6%
same-state shaping / episode: 0.000
changed-state shaping / ep. : -955.357
terminal shaping / episode  : -2.178
DFA transitions / episode   : 0.00
DFA transitions in window   : none
epsilon (next episode)       : 0.54875
replay buffer                : 176033 samples [1: 99.3%, 2: 0.7%, 3: 0.0%, 4: 0.0%]
DFA state visits in window   : 1: 13231, 2: 0, 3: 0, 4: 0
DFA state visits cumulative  : 1: 176185, 2: 1348, 3: 0, 4: 0
DFA state entries in window  : 1: 100, 2: 0, 3: 0, 4: 0
DFA state entries cumulative : 1: 1500, 2: 46, 3: 0, 4: 0
transitions cumulative       : 1->2: 46
accepted directly from s0    : 0
Gym endings cumulative       : terminated=1498, truncated=2

Starting autonomous greedy evaluation at episode 1500 (1000 fixed-seed episodes)...
[Greedy evaluation at episode 1500 | 1000 fixed-seed episodes]
success=0.0%, failure=0.0%, task reward=0.000, length=1000.0
DFA transitions: none

[Episode 1600/8000 | last 100]
success rate                : 0.0% (cumulative 0.0%)
failure rate                : 0.0% (cumulative 0.0%)
completed cycles / episode  : 0.000
synthetic task reward       : 0.000
shaping reward              : -954.662
learning reward             : -954.662
episode length              : 153.0
abstract changes / episode  : 53.6
same abstract-state steps   : 65.0%
same-state shaping / episode: 0.000
changed-state shaping / ep. : -954.662
terminal shaping / episode  : -1.625
DFA transitions / episode   : 0.00
DFA transitions in window   : none
epsilon (next episode)       : 0.52722
replay buffer                : 191334 samples [1: 99.3%, 2: 0.7%, 3: 0.0%, 4: 0.0%]
DFA state visits in window   : 1: 15401, 2: 0, 3: 0, 4: 0
DFA state visits cumulative  : 1: 191586, 2: 1348, 3: 0, 4: 0
DFA state entries in window  : 1: 100, 2: 0, 3: 0, 4: 0
DFA state entries cumulative : 1: 1600, 2: 46, 3: 0, 4: 0
transitions cumulative       : 1->2: 46
accepted directly from s0    : 0
Gym endings cumulative       : terminated=1597, truncated=3

[Episode 1700/8000 | last 100]
success rate                : 0.0% (cumulative 0.0%)
failure rate                : 0.0% (cumulative 0.0%)
completed cycles / episode  : 0.000
synthetic task reward       : 0.000
shaping reward              : -945.809
learning reward             : -945.809
episode length              : 170.0
abstract changes / episode  : 52.5
same abstract-state steps   : 69.1%
same-state shaping / episode: 0.000
changed-state shaping / ep. : -945.809
terminal shaping / episode  : -2.195
DFA transitions / episode   : 0.00
DFA transitions in window   : none
epsilon (next episode)       : 0.50655
replay buffer                : 208332 samples [1: 99.4%, 2: 0.6%, 3: 0.0%, 4: 0.0%]
DFA state visits in window   : 1: 17098, 2: 0, 3: 0, 4: 0
DFA state visits cumulative  : 1: 208684, 2: 1348, 3: 0, 4: 0
DFA state entries in window  : 1: 100, 2: 0, 3: 0, 4: 0
DFA state entries cumulative : 1: 1700, 2: 46, 3: 0, 4: 0
transitions cumulative       : 1->2: 46
accepted directly from s0    : 0
Gym endings cumulative       : terminated=1693, truncated=7

[Episode 1800/8000 | last 100]
success rate                : 0.0% (cumulative 0.0%)
failure rate                : 0.0% (cumulative 0.0%)
completed cycles / episode  : 0.000
synthetic task reward       : 0.000
shaping reward              : -863.219
learning reward             : -863.219
episode length              : 147.4
abstract changes / episode  : 51.8
same abstract-state steps   : 64.9%
same-state shaping / episode: 0.000
changed-state shaping / ep. : -863.219
terminal shaping / episode  : -3.906
DFA transitions / episode   : 0.01
DFA transitions in window   : 1->2: 1
epsilon (next episode)       : 0.48668
replay buffer                : 223069 samples [1: 99.4%, 2: 0.6%, 3: 0.0%, 4: 0.0%]
DFA state visits in window   : 1: 14811, 2: 26, 3: 0, 4: 0
DFA state visits cumulative  : 1: 223495, 2: 1374, 3: 0, 4: 0
DFA state entries in window  : 1: 100, 2: 1, 3: 0, 4: 0
DFA state entries cumulative : 1: 1800, 2: 47, 3: 0, 4: 0
transitions cumulative       : 1->2: 47
accepted directly from s0    : 0
Gym endings cumulative       : terminated=1790, truncated=10

[Episode 1900/8000 | last 100]
success rate                : 0.0% (cumulative 0.0%)
failure rate                : 0.0% (cumulative 0.0%)
completed cycles / episode  : 0.000
synthetic task reward       : 0.000
shaping reward              : -603.161
learning reward             : -603.161
episode length              : 195.9
abstract changes / episode  : 55.3
same abstract-state steps   : 71.8%
same-state shaping / episode: 0.000
changed-state shaping / ep. : -603.161
terminal shaping / episode  : -4.736
DFA transitions / episode   : 0.12
DFA transitions in window   : 1->2: 12
epsilon (next episode)       : 0.46760
replay buffer                : 242664 samples [1: 99.3%, 2: 0.7%, 3: 0.0%, 4: 0.0%]
DFA state visits in window   : 1: 19291, 2: 404, 3: 0, 4: 0
DFA state visits cumulative  : 1: 242786, 2: 1778, 3: 0, 4: 0
DFA state entries in window  : 1: 100, 2: 12, 3: 0, 4: 0
DFA state entries cumulative : 1: 1900, 2: 59, 3: 0, 4: 0
transitions cumulative       : 1->2: 59
accepted directly from s0    : 0
Gym endings cumulative       : terminated=1885, truncated=15

[Episode 2000/8000 | last 100]
success rate                : 0.0% (cumulative 0.0%)
failure rate                : 0.0% (cumulative 0.0%)
completed cycles / episode  : 0.000
synthetic task reward       : 0.000
shaping reward              : -364.843
learning reward             : -364.843
episode length              : 159.0
abstract changes / episode  : 54.2
same abstract-state steps   : 65.9%
same-state shaping / episode: 0.000
changed-state shaping / ep. : -364.843
terminal shaping / episode  : -9.313
DFA transitions / episode   : 0.25
DFA transitions in window   : 1->2: 25
epsilon (next episode)       : 0.44926
replay buffer                : 258565 samples [1: 98.9%, 2: 1.1%, 3: 0.0%, 4: 0.0%]
DFA state visits in window   : 1: 14837, 2: 1164, 3: 0, 4: 0
DFA state visits cumulative  : 1: 257623, 2: 2942, 3: 0, 4: 0
DFA state entries in window  : 1: 100, 2: 25, 3: 0, 4: 0
DFA state entries cumulative : 1: 2000, 2: 84, 3: 0, 4: 0
transitions cumulative       : 1->2: 84
accepted directly from s0    : 0
Gym endings cumulative       : terminated=1984, truncated=16

Starting autonomous greedy evaluation at episode 2000 (1000 fixed-seed episodes)...
[Greedy evaluation at episode 2000 | 1000 fixed-seed episodes]
success=0.0%, failure=0.0%, task reward=0.000, length=200.5
DFA transitions: 1->2: 42

[Episode 2100/8000 | last 100]
success rate                : 0.0% (cumulative 0.0%)
failure rate                : 0.0% (cumulative 0.0%)
completed cycles / episode  : 0.000
synthetic task reward       : 0.000
shaping reward              : -156.551
learning reward             : -156.551
episode length              : 181.9
abstract changes / episode  : 58.1
same abstract-state steps   : 68.1%
same-state shaping / episode: 0.000
changed-state shaping / ep. : -156.551
terminal shaping / episode  : -6.375
DFA transitions / episode   : 0.29
DFA transitions in window   : 1->2: 29
epsilon (next episode)       : 0.43164
replay buffer                : 276757 samples [1: 98.3%, 2: 1.7%, 3: 0.0%, 4: 0.0%]
DFA state visits in window   : 1: 16457, 2: 1835, 3: 0, 4: 0
DFA state visits cumulative  : 1: 274080, 2: 4777, 3: 0, 4: 0
DFA state entries in window  : 1: 100, 2: 29, 3: 0, 4: 0
DFA state entries cumulative : 1: 2100, 2: 113, 3: 0, 4: 0
transitions cumulative       : 1->2: 113
accepted directly from s0    : 0
Gym endings cumulative       : terminated=2084, truncated=16

[Episode 2200/8000 | last 100]
success rate                : 0.0% (cumulative 0.0%)
failure rate                : 0.0% (cumulative 0.0%)
completed cycles / episode  : 0.000
synthetic task reward       : 0.000
shaping reward              : -379.160
learning reward             : -379.160
episode length              : 226.3
abstract changes / episode  : 67.1
same abstract-state steps   : 70.4%
same-state shaping / episode: 0.000
changed-state shaping / ep. : -379.160
terminal shaping / episode  : -2.231
DFA transitions / episode   : 0.22
DFA transitions in window   : 1->2: 21, 2->3: 1
epsilon (next episode)       : 0.41471
replay buffer                : 299391 samples [1: 97.8%, 2: 2.2%, 3: 0.0%, 4: 0.0%]
DFA state visits in window   : 1: 20706, 2: 1960, 3: 68, 4: 0
DFA state visits cumulative  : 1: 294786, 2: 6737, 3: 68, 4: 0
DFA state entries in window  : 1: 100, 2: 21, 3: 1, 4: 0
DFA state entries cumulative : 1: 2200, 2: 134, 3: 1, 4: 0
transitions cumulative       : 1->2: 134, 2->3: 1
accepted directly from s0    : 0
Gym endings cumulative       : terminated=2183, truncated=17

[Episode 2300/8000 | last 100]
success rate                : 0.0% (cumulative 0.0%)
failure rate                : 0.0% (cumulative 0.0%)
completed cycles / episode  : 0.000
synthetic task reward       : 0.000
shaping reward              : -61.386
learning reward             : -61.386
episode length              : 219.2
abstract changes / episode  : 66.7
same abstract-state steps   : 69.6%
same-state shaping / episode: 0.000
changed-state shaping / ep. : -61.386
terminal shaping / episode  : -4.399
DFA transitions / episode   : 0.29
DFA transitions in window   : 1->2: 29
epsilon (next episode)       : 0.39845
replay buffer                : 300000 samples [1: 96.7%, 2: 3.2%, 3: 0.0%, 4: 0.0%]
DFA state visits in window   : 1: 18775, 2: 3244, 3: 0, 4: 0
DFA state visits cumulative  : 1: 313561, 2: 9981, 3: 68, 4: 0
DFA state entries in window  : 1: 100, 2: 29, 3: 0, 4: 0
DFA state entries cumulative : 1: 2300, 2: 163, 3: 1, 4: 0
transitions cumulative       : 1->2: 163, 2->3: 1
accepted directly from s0    : 0
Gym endings cumulative       : terminated=2283, truncated=17

[Episode 2400/8000 | last 100]
success rate                : 0.0% (cumulative 0.0%)
failure rate                : 0.0% (cumulative 0.0%)
completed cycles / episode  : 0.000
synthetic task reward       : 0.000
shaping reward              : 122.992
learning reward             : 122.992
episode length              : 252.5
abstract changes / episode  : 74.5
same abstract-state steps   : 70.5%
same-state shaping / episode: 0.000
changed-state shaping / ep. : 122.992
terminal shaping / episode  : -2.515
DFA transitions / episode   : 0.47
DFA transitions in window   : 1->2: 40, 2->3: 7
epsilon (next episode)       : 0.38282
replay buffer                : 300000 samples [1: 94.7%, 2: 5.1%, 3: 0.2%, 4: 0.0%]
DFA state visits in window   : 1: 18690, 2: 6010, 3: 651, 4: 0
DFA state visits cumulative  : 1: 332251, 2: 15991, 3: 719, 4: 0
DFA state entries in window  : 1: 100, 2: 40, 3: 7, 4: 0
DFA state entries cumulative : 1: 2400, 2: 203, 3: 8, 4: 0
transitions cumulative       : 1->2: 203, 2->3: 8
accepted directly from s0    : 0
Gym endings cumulative       : terminated=2382, truncated=18

[Episode 2500/8000 | last 100]
success rate                : 1.0% (cumulative 0.0%)
failure rate                : 0.0% (cumulative 0.0%)
completed cycles / episode  : 0.000
synthetic task reward       : 100.000
shaping reward              : 386.450
learning reward             : 486.450
episode length              : 228.9
abstract changes / episode  : 70.3
same abstract-state steps   : 69.3%
same-state shaping / episode: 0.000
changed-state shaping / ep. : 386.450
terminal shaping / episode  : -2.290
DFA transitions / episode   : 0.51
DFA transitions in window   : 1->2: 39, 2->3: 11, 3->4: 1
epsilon (next episode)       : 0.36781
replay buffer                : 300000 samples [1: 92.6%, 2: 6.7%, 3: 0.7%, 4: 0.0%]
DFA state visits in window   : 1: 16564, 2: 5095, 3: 1335, 4: 1
DFA state visits cumulative  : 1: 348815, 2: 21086, 3: 2054, 4: 1
DFA state entries in window  : 1: 100, 2: 39, 3: 11, 4: 1
DFA state entries cumulative : 1: 2500, 2: 242, 3: 19, 4: 1
transitions cumulative       : 1->2: 242, 2->3: 19, 3->4: 1
accepted directly from s0    : 0
Gym endings cumulative       : terminated=2481, truncated=18

Starting autonomous greedy evaluation at episode 2500 (1000 fixed-seed episodes)...
[Greedy evaluation at episode 2500 | 1000 fixed-seed episodes]
success=0.3%, failure=0.0%, task reward=30.000, length=797.0
DFA transitions: 1->2: 6, 2->3: 6, 3->4: 3
Best policy updated from autonomous greedy evaluation at episode 2500.

[Episode 2600/8000 | last 100]
success rate                : 0.0% (cumulative 0.0%)
failure rate                : 0.0% (cumulative 0.0%)
completed cycles / episode  : 0.000
synthetic task reward       : 0.000
shaping reward              : 210.493
learning reward             : 210.493
episode length              : 301.8
abstract changes / episode  : 81.0
same abstract-state steps   : 73.2%
same-state shaping / episode: 0.000
changed-state shaping / ep. : 210.493
terminal shaping / episode  : -2.562
DFA transitions / episode   : 0.34
DFA transitions in window   : 1->2: 32, 2->3: 2
epsilon (next episode)       : 0.35338
replay buffer                : 300000 samples [1: 88.9%, 2: 10.3%, 3: 0.8%, 4: 0.0%]
DFA state visits in window   : 1: 18885, 2: 10962, 3: 430, 4: 0
DFA state visits cumulative  : 1: 367700, 2: 32048, 3: 2484, 4: 1
DFA state entries in window  : 1: 100, 2: 32, 3: 2, 4: 0
DFA state entries cumulative : 1: 2600, 2: 274, 3: 21, 4: 1
transitions cumulative       : 1->2: 274, 2->3: 21, 3->4: 1
accepted directly from s0    : 0
Gym endings cumulative       : terminated=2573, truncated=26

[Episode 2700/8000 | last 100]
success rate                : 1.0% (cumulative 0.1%)
failure rate                : 0.0% (cumulative 0.0%)
completed cycles / episode  : 0.000
synthetic task reward       : 100.000
shaping reward              : 222.725
learning reward             : 322.725
episode length              : 297.5
abstract changes / episode  : 83.5
same abstract-state steps   : 72.0%
same-state shaping / episode: 0.000
changed-state shaping / ep. : 222.725
terminal shaping / episode  : -5.080
DFA transitions / episode   : 0.40
DFA transitions in window   : 1->2: 31, 2->3: 8, 3->4: 1
epsilon (next episode)       : 0.33952
replay buffer                : 300000 samples [1: 85.7%, 2: 13.0%, 3: 1.3%, 4: 0.0%]
DFA state visits in window   : 1: 19993, 2: 8506, 3: 1351, 4: 1
DFA state visits cumulative  : 1: 387693, 2: 40554, 3: 3835, 4: 2
DFA state entries in window  : 1: 100, 2: 31, 3: 8, 4: 1
DFA state entries cumulative : 1: 2700, 2: 305, 3: 29, 4: 2
transitions cumulative       : 1->2: 305, 2->3: 29, 3->4: 2
accepted directly from s0    : 0
Gym endings cumulative       : terminated=2668, truncated=30

[Episode 2800/8000 | last 100]
success rate                : 0.0% (cumulative 0.1%)
failure rate                : 0.0% (cumulative 0.0%)
completed cycles / episode  : 0.000
synthetic task reward       : 0.000
shaping reward              : 196.052
learning reward             : 196.052
episode length              : 295.6
abstract changes / episode  : 87.8
same abstract-state steps   : 70.3%
same-state shaping / episode: 0.000
changed-state shaping / ep. : 196.052
terminal shaping / episode  : -4.756
DFA transitions / episode   : 0.48
DFA transitions in window   : 1->2: 39, 2->3: 9
epsilon (next episode)       : 0.32621
replay buffer                : 300000 samples [1: 82.2%, 2: 16.1%, 3: 1.7%, 4: 0.0%]
DFA state visits in window   : 1: 19149, 2: 9238, 3: 1276, 4: 0
DFA state visits cumulative  : 1: 406842, 2: 49792, 3: 5111, 4: 2
DFA state entries in window  : 1: 100, 2: 39, 3: 9, 4: 0
DFA state entries cumulative : 1: 2800, 2: 344, 3: 38, 4: 2
transitions cumulative       : 1->2: 344, 2->3: 38, 3->4: 2
accepted directly from s0    : 0
Gym endings cumulative       : terminated=2764, truncated=34

[Episode 2900/8000 | last 100]
success rate                : 3.0% (cumulative 0.2%)
failure rate                : 0.0% (cumulative 0.0%)
completed cycles / episode  : 0.000
synthetic task reward       : 300.000
shaping reward              : 665.763
learning reward             : 965.763
episode length              : 376.2
abstract changes / episode  : 111.8
same abstract-state steps   : 70.3%
same-state shaping / episode: 0.000
changed-state shaping / ep. : 665.763
terminal shaping / episode  : 1.420
DFA transitions / episode   : 0.87
DFA transitions in window   : 1->2: 60, 2->3: 24, 3->4: 3
epsilon (next episode)       : 0.31341
replay buffer                : 300000 samples [1: 76.6%, 2: 20.6%, 3: 2.8%, 4: 0.0%]
DFA state visits in window   : 1: 20615, 2: 13671, 3: 3430, 4: 3
DFA state visits cumulative  : 1: 427457, 2: 63463, 3: 8541, 4: 5
DFA state entries in window  : 1: 100, 2: 60, 3: 24, 4: 3
DFA state entries cumulative : 1: 2900, 2: 404, 3: 62, 4: 5
transitions cumulative       : 1->2: 404, 2->3: 62, 3->4: 5
accepted directly from s0    : 0
Gym endings cumulative       : terminated=2857, truncated=38

[Episode 3000/8000 | last 100]
success rate                : 8.0% (cumulative 0.4%)
failure rate                : 0.0% (cumulative 0.0%)
completed cycles / episode  : 0.000
synthetic task reward       : 800.000
shaping reward              : 1158.879
learning reward             : 1958.879
episode length              : 435.7
abstract changes / episode  : 120.7
same abstract-state steps   : 72.3%
same-state shaping / episode: 0.000
changed-state shaping / ep. : 1158.879
terminal shaping / episode  : 6.406
DFA transitions / episode   : 1.19
DFA transitions in window   : 1->2: 72, 2->3: 39, 3->4: 8
epsilon (next episode)       : 0.30112
replay buffer                : 300000 samples [1: 68.7%, 2: 25.9%, 3: 5.5%, 4: 0.0%]
DFA state visits in window   : 1: 19597, 2: 16102, 3: 7959, 4: 8
DFA state visits cumulative  : 1: 447054, 2: 79565, 3: 16500, 4: 13
DFA state entries in window  : 1: 100, 2: 72, 3: 39, 4: 8
DFA state entries cumulative : 1: 3000, 2: 476, 3: 101, 4: 13
transitions cumulative       : 1->2: 476, 2->3: 101, 3->4: 13
accepted directly from s0    : 0
Gym endings cumulative       : terminated=2943, truncated=44

Starting autonomous greedy evaluation at episode 3000 (1000 fixed-seed episodes)...
[Greedy evaluation at episode 3000 | 1000 fixed-seed episodes]
success=11.5%, failure=0.0%, task reward=1150.000, length=724.4
DFA transitions: 1->2: 996, 2->3: 996, 3->4: 115
Best policy updated from autonomous greedy evaluation at episode 3000.

[Episode 3100/8000 | last 100]
success rate                : 15.0% (cumulative 0.9%)
failure rate                : 0.0% (cumulative 0.0%)
completed cycles / episode  : 0.000
synthetic task reward       : 1500.000
shaping reward              : 1128.432
learning reward             : 2628.432
episode length              : 445.9
abstract changes / episode  : 123.0
same abstract-state steps   : 72.4%
same-state shaping / episode: 0.000
changed-state shaping / ep. : 1128.432
terminal shaping / episode  : 13.759
DFA transitions / episode   : 1.19
DFA transitions in window   : 1->2: 72, 2->3: 32, 3->4: 15
epsilon (next episode)       : 0.28931
replay buffer                : 300000 samples [1: 61.7%, 2: 31.0%, 3: 7.3%, 4: 0.0%]
DFA state visits in window   : 1: 20169, 2: 18855, 3: 5651, 4: 15
DFA state visits cumulative  : 1: 467223, 2: 98420, 3: 22151, 4: 28
DFA state entries in window  : 1: 100, 2: 72, 3: 32, 4: 15
DFA state entries cumulative : 1: 3100, 2: 548, 3: 133, 4: 28
transitions cumulative       : 1->2: 548, 2->3: 133, 3->4: 28
accepted directly from s0    : 0
Gym endings cumulative       : terminated=3017, truncated=55

[Episode 3200/8000 | last 100]
success rate                : 12.0% (cumulative 1.2%)
failure rate                : 0.0% (cumulative 0.0%)
completed cycles / episode  : 0.000
synthetic task reward       : 1200.000
shaping reward              : 1025.391
learning reward             : 2225.391
episode length              : 461.1
abstract changes / episode  : 140.1
same abstract-state steps   : 69.6%
same-state shaping / episode: 0.000
changed-state shaping / ep. : 1025.391
terminal shaping / episode  : 8.396
DFA transitions / episode   : 1.11
DFA transitions in window   : 1->2: 70, 2->3: 29, 3->4: 12
epsilon (next episode)       : 0.27797
replay buffer                : 300000 samples [1: 56.5%, 2: 35.1%, 3: 8.5%, 4: 0.0%]
DFA state visits in window   : 1: 23544, 2: 19219, 3: 3437, 4: 12
DFA state visits cumulative  : 1: 490767, 2: 117639, 3: 25588, 4: 40
DFA state entries in window  : 1: 100, 2: 70, 3: 29, 4: 12
DFA state entries cumulative : 1: 3200, 2: 618, 3: 162, 4: 40
transitions cumulative       : 1->2: 618, 2->3: 162, 3->4: 40
accepted directly from s0    : 0
Gym endings cumulative       : terminated=3096, truncated=64

[Episode 3300/8000 | last 100]
success rate                : 23.0% (cumulative 1.9%)
failure rate                : 0.0% (cumulative 0.0%)
completed cycles / episode  : 0.000
synthetic task reward       : 2300.000
shaping reward              : 1519.037
learning reward             : 3819.037
episode length              : 523.8
abstract changes / episode  : 150.0
same abstract-state steps   : 71.4%
same-state shaping / episode: 0.000
changed-state shaping / ep. : 1519.037
terminal shaping / episode  : 20.462
DFA transitions / episode   : 1.48
DFA transitions in window   : 1->2: 82, 2->3: 43, 3->4: 23
epsilon (next episode)       : 0.26706
replay buffer                : 300000 samples [1: 51.7%, 2: 38.8%, 3: 9.5%, 4: 0.0%]
DFA state visits in window   : 1: 22866, 2: 23961, 3: 5626, 4: 23
DFA state visits cumulative  : 1: 513633, 2: 141600, 3: 31214, 4: 63
DFA state entries in window  : 1: 100, 2: 82, 3: 43, 4: 23
DFA state entries cumulative : 1: 3300, 2: 700, 3: 205, 4: 63
transitions cumulative       : 1->2: 700, 2->3: 205, 3->4: 63
accepted directly from s0    : 0
Gym endings cumulative       : terminated=3160, truncated=77

[Episode 3400/8000 | last 100]
success rate                : 28.0% (cumulative 2.7%)
failure rate                : 0.0% (cumulative 0.0%)
completed cycles / episode  : 0.000
synthetic task reward       : 2800.000
shaping reward              : 1658.127
learning reward             : 4458.127
episode length              : 456.6
abstract changes / episode  : 136.5
same abstract-state steps   : 70.1%
same-state shaping / episode: 0.000
changed-state shaping / ep. : 1658.127
terminal shaping / episode  : 25.817
DFA transitions / episode   : 1.51
DFA transitions in window   : 1->2: 80, 2->3: 43, 3->4: 28
epsilon (next episode)       : 0.25659
replay buffer                : 300000 samples [1: 49.7%, 2: 39.9%, 3: 10.4%, 4: 0.0%]
DFA state visits in window   : 1: 23176, 2: 18903, 3: 3658, 4: 28
DFA state visits cumulative  : 1: 536809, 2: 160503, 3: 34872, 4: 91
DFA state entries in window  : 1: 100, 2: 80, 3: 43, 4: 28
DFA state entries cumulative : 1: 3400, 2: 780, 3: 248, 4: 91
transitions cumulative       : 1->2: 780, 2->3: 248, 3->4: 91
accepted directly from s0    : 0
Gym endings cumulative       : terminated=3224, truncated=85

[Episode 3500/8000 | last 100]
success rate                : 39.0% (cumulative 3.7%)
failure rate                : 0.0% (cumulative 0.0%)
completed cycles / episode  : 0.000
synthetic task reward       : 3900.000
shaping reward              : 1904.298
learning reward             : 5804.298
episode length              : 354.1
abstract changes / episode  : 105.5
same abstract-state steps   : 70.2%
same-state shaping / episode: 0.000
changed-state shaping / ep. : 1904.298
terminal shaping / episode  : 36.184
DFA transitions / episode   : 1.70
DFA transitions in window   : 1->2: 78, 2->3: 53, 3->4: 39
epsilon (next episode)       : 0.24653
replay buffer                : 300000 samples [1: 48.3%, 2: 40.6%, 3: 11.1%, 4: 0.0%]
DFA state visits in window   : 1: 18420, 2: 13200, 3: 3850, 4: 39
DFA state visits cumulative  : 1: 555229, 2: 173703, 3: 38722, 4: 130
DFA state entries in window  : 1: 100, 2: 78, 3: 53, 4: 39
DFA state entries cumulative : 1: 3500, 2: 858, 3: 301, 4: 130
transitions cumulative       : 1->2: 858, 2->3: 301, 3->4: 130
accepted directly from s0    : 0
Gym endings cumulative       : terminated=3283, truncated=87

Starting autonomous greedy evaluation at episode 3500 (1000 fixed-seed episodes)...
[Greedy evaluation at episode 3500 | 1000 fixed-seed episodes]
success=12.6%, failure=0.0%, task reward=1260.000, length=621.7
DFA transitions: 1->2: 1000, 2->3: 983, 3->4: 126
Best policy updated from autonomous greedy evaluation at episode 3500.

[Episode 3600/8000 | last 100]
success rate                : 53.0% (cumulative 5.1%)
failure rate                : 0.0% (cumulative 0.0%)
completed cycles / episode  : 0.000
synthetic task reward       : 5300.000
shaping reward              : 2474.047
learning reward             : 7774.047
episode length              : 428.0
abstract changes / episode  : 121.8
same abstract-state steps   : 71.5%
same-state shaping / episode: 0.000
changed-state shaping / ep. : 2474.047
terminal shaping / episode  : 52.452
DFA transitions / episode   : 2.06
DFA transitions in window   : 1->2: 85, 2->3: 68, 3->4: 53
epsilon (next episode)       : 0.23686
replay buffer                : 300000 samples [1: 48.2%, 2: 40.6%, 3: 11.2%, 4: 0.0%]
DFA state visits in window   : 1: 22371, 2: 15337, 3: 5141, 4: 53
DFA state visits cumulative  : 1: 577600, 2: 189040, 3: 43863, 4: 183
DFA state entries in window  : 1: 100, 2: 85, 3: 68, 4: 53
DFA state entries cumulative : 1: 3600, 2: 943, 3: 369, 4: 183
transitions cumulative       : 1->2: 943, 2->3: 369, 3->4: 183
accepted directly from s0    : 0
Gym endings cumulative       : terminated=3325, truncated=92

[Episode 3700/8000 | last 100]
success rate                : 66.0% (cumulative 6.7%)
failure rate                : 0.0% (cumulative 0.0%)
completed cycles / episode  : 0.000
synthetic task reward       : 6600.000
shaping reward              : 2846.474
learning reward             : 9446.474
episode length              : 374.4
abstract changes / episode  : 103.8
same abstract-state steps   : 72.3%
same-state shaping / episode: 0.000
changed-state shaping / ep. : 2846.474
terminal shaping / episode  : 64.288
DFA transitions / episode   : 2.27
DFA transitions in window   : 1->2: 87, 2->3: 74, 3->4: 66
epsilon (next episode)       : 0.22757
replay buffer                : 300000 samples [1: 50.3%, 2: 39.4%, 3: 10.2%, 4: 0.0%]
DFA state visits in window   : 1: 22600, 2: 10217, 3: 4661, 4: 66
DFA state visits cumulative  : 1: 600200, 2: 199257, 3: 48524, 4: 249
DFA state entries in window  : 1: 100, 2: 87, 3: 74, 4: 66
DFA state entries cumulative : 1: 3700, 2: 1030, 3: 443, 4: 249
transitions cumulative       : 1->2: 1030, 2->3: 443, 3->4: 249
accepted directly from s0    : 0
Gym endings cumulative       : terminated=3357, truncated=94

[Episode 3800/8000 | last 100]
success rate                : 68.0% (cumulative 8.3%)
failure rate                : 0.0% (cumulative 0.0%)
completed cycles / episode  : 0.000
synthetic task reward       : 6800.000
shaping reward              : 2813.867
learning reward             : 9613.867
episode length              : 333.0
abstract changes / episode  : 92.1
same abstract-state steps   : 72.3%
same-state shaping / episode: 0.000
changed-state shaping / ep. : 2813.867
terminal shaping / episode  : 67.692
DFA transitions / episode   : 2.32
DFA transitions in window   : 1->2: 89, 2->3: 75, 3->4: 68
epsilon (next episode)       : 0.21865
replay buffer                : 300000 samples [1: 51.8%, 2: 37.4%, 3: 10.8%, 4: 0.0%]
DFA state visits in window   : 1: 17926, 2: 9978, 3: 5426, 4: 68
DFA state visits cumulative  : 1: 618126, 2: 209235, 3: 53950, 4: 317
DFA state entries in window  : 1: 100, 2: 89, 3: 75, 4: 68
DFA state entries cumulative : 1: 3800, 2: 1119, 3: 518, 4: 317
transitions cumulative       : 1->2: 1119, 2->3: 518, 3->4: 317
accepted directly from s0    : 0
Gym endings cumulative       : terminated=3389, truncated=94

[Episode 3900/8000 | last 100]
success rate                : 72.0% (cumulative 10.0%)
failure rate                : 0.0% (cumulative 0.0%)
completed cycles / episode  : 0.000
synthetic task reward       : 7200.000
shaping reward              : 2750.809
learning reward             : 9950.809
episode length              : 369.5
abstract changes / episode  : 109.2
same abstract-state steps   : 70.4%
same-state shaping / episode: 0.000
changed-state shaping / ep. : 2750.809
terminal shaping / episode  : 70.467
DFA transitions / episode   : 2.34
DFA transitions in window   : 1->2: 85, 2->3: 77, 3->4: 72
epsilon (next episode)       : 0.21007
replay buffer                : 300000 samples [1: 52.5%, 2: 36.1%, 3: 11.3%, 4: 0.0%]
DFA state visits in window   : 1: 22784, 2: 9486, 3: 4704, 4: 72
DFA state visits cumulative  : 1: 640910, 2: 218721, 3: 58654, 4: 389
DFA state entries in window  : 1: 100, 2: 85, 3: 77, 4: 72
DFA state entries cumulative : 1: 3900, 2: 1204, 3: 595, 4: 389
transitions cumulative       : 1->2: 1204, 2->3: 595, 3->4: 389
accepted directly from s0    : 0
Gym endings cumulative       : terminated=3415, truncated=96

[Episode 4000/8000 | last 100]
success rate                : 85.0% (cumulative 11.8%)
failure rate                : 0.0% (cumulative 0.0%)
completed cycles / episode  : 0.000
synthetic task reward       : 8500.000
shaping reward              : 3256.990
learning reward             : 11756.990
episode length              : 354.8
abstract changes / episode  : 102.5
same abstract-state steps   : 71.1%
same-state shaping / episode: 0.000
changed-state shaping / ep. : 3256.990
terminal shaping / episode  : 83.542
DFA transitions / episode   : 2.66
DFA transitions in window   : 1->2: 94, 2->3: 87, 3->4: 85
epsilon (next episode)       : 0.20183
replay buffer                : 300000 samples [1: 53.6%, 2: 34.6%, 3: 11.8%, 4: 0.0%]
DFA state visits in window   : 1: 19591, 2: 11346, 3: 4561, 4: 85
DFA state visits cumulative  : 1: 660501, 2: 230067, 3: 63215, 4: 474
DFA state entries in window  : 1: 100, 2: 94, 3: 87, 4: 85
DFA state entries cumulative : 1: 4000, 2: 1298, 3: 682, 4: 474
transitions cumulative       : 1->2: 1298, 2->3: 682, 3->4: 474
accepted directly from s0    : 0
Gym endings cumulative       : terminated=3429, truncated=97

Starting autonomous greedy evaluation at episode 4000 (1000 fixed-seed episodes)...
[Greedy evaluation at episode 4000 | 1000 fixed-seed episodes]
success=81.2%, failure=0.0%, task reward=8120.000, length=294.1
DFA transitions: 1->2: 1000, 2->3: 1000, 3->4: 812
Best policy updated from autonomous greedy evaluation at episode 4000.

[Episode 4100/8000 | last 100]
success rate                : 67.0% (cumulative 13.2%)
failure rate                : 0.0% (cumulative 0.0%)
completed cycles / episode  : 0.000
synthetic task reward       : 6700.000
shaping reward              : 2952.923
learning reward             : 9652.923
episode length              : 335.7
abstract changes / episode  : 99.6
same abstract-state steps   : 70.3%
same-state shaping / episode: 0.000
changed-state shaping / ep. : 2952.923
terminal shaping / episode  : 67.000
DFA transitions / episode   : 2.39
DFA transitions in window   : 1->2: 90, 2->3: 82, 3->4: 67
epsilon (next episode)       : 0.19392
replay buffer                : 300000 samples [1: 55.2%, 2: 32.7%, 3: 12.1%, 4: 0.0%]
DFA state visits in window   : 1: 19161, 2: 10045, 3: 4401, 4: 67
DFA state visits cumulative  : 1: 679662, 2: 240112, 3: 67616, 4: 541
DFA state entries in window  : 1: 100, 2: 90, 3: 82, 4: 67
DFA state entries cumulative : 1: 4100, 2: 1388, 3: 764, 4: 541
transitions cumulative       : 1->2: 1388, 2->3: 764, 3->4: 541
accepted directly from s0    : 0
Gym endings cumulative       : terminated=3462, truncated=97

[Episode 4200/8000 | last 100]
success rate                : 66.0% (cumulative 14.5%)
failure rate                : 0.0% (cumulative 0.0%)
completed cycles / episode  : 0.000
synthetic task reward       : 6600.000
shaping reward              : 2866.237
learning reward             : 9466.237
episode length              : 316.8
abstract changes / episode  : 91.0
same abstract-state steps   : 71.3%
same-state shaping / episode: 0.000
changed-state shaping / ep. : 2866.237
terminal shaping / episode  : 66.264
DFA transitions / episode   : 2.34
DFA transitions in window   : 1->2: 94, 2->3: 74, 3->4: 66
epsilon (next episode)       : 0.18631
replay buffer                : 300000 samples [1: 55.5%, 2: 32.0%, 3: 12.5%, 4: 0.0%]
DFA state visits in window   : 1: 17186, 2: 10619, 3: 3912, 4: 66
DFA state visits cumulative  : 1: 696848, 2: 250731, 3: 71528, 4: 607
DFA state entries in window  : 1: 100, 2: 94, 3: 74, 4: 66
DFA state entries cumulative : 1: 4200, 2: 1482, 3: 838, 4: 607
transitions cumulative       : 1->2: 1482, 2->3: 838, 3->4: 607
accepted directly from s0    : 0
Gym endings cumulative       : terminated=3495, truncated=98

[Episode 4300/8000 | last 100]
success rate                : 69.0% (cumulative 15.7%)
failure rate                : 0.0% (cumulative 0.0%)
completed cycles / episode  : 0.000
synthetic task reward       : 6900.000
shaping reward              : 2867.635
learning reward             : 9767.635
episode length              : 331.3
abstract changes / episode  : 95.5
same abstract-state steps   : 71.2%
same-state shaping / episode: 0.000
changed-state shaping / ep. : 2867.635
terminal shaping / episode  : 69.611
DFA transitions / episode   : 2.35
DFA transitions in window   : 1->2: 90, 2->3: 76, 3->4: 69
epsilon (next episode)       : 0.17900
replay buffer                : 300000 samples [1: 56.4%, 2: 30.6%, 3: 13.0%, 4: 0.0%]
DFA state visits in window   : 1: 19094, 2: 9886, 3: 4183, 4: 69
DFA state visits cumulative  : 1: 715942, 2: 260617, 3: 75711, 4: 676
DFA state entries in window  : 1: 100, 2: 90, 3: 76, 4: 69
DFA state entries cumulative : 1: 4300, 2: 1572, 3: 914, 4: 676
transitions cumulative       : 1->2: 1572, 2->3: 914, 3->4: 676
accepted directly from s0    : 0
Gym endings cumulative       : terminated=3524, truncated=100

[Episode 4400/8000 | last 100]
success rate                : 74.0% (cumulative 17.0%)
failure rate                : 0.0% (cumulative 0.0%)
completed cycles / episode  : 0.000
synthetic task reward       : 7400.000
shaping reward              : 3155.469
learning reward             : 10555.469
episode length              : 320.7
abstract changes / episode  : 90.0
same abstract-state steps   : 71.9%
same-state shaping / episode: 0.000
changed-state shaping / ep. : 3155.469
terminal shaping / episode  : 70.761
DFA transitions / episode   : 2.52
DFA transitions in window   : 1->2: 94, 2->3: 84, 3->4: 74
epsilon (next episode)       : 0.17198
replay buffer                : 300000 samples [1: 56.7%, 2: 30.2%, 3: 13.0%, 4: 0.0%]
DFA state visits in window   : 1: 18001, 2: 9816, 3: 4275, 4: 74
DFA state visits cumulative  : 1: 733943, 2: 270433, 3: 79986, 4: 750
DFA state entries in window  : 1: 100, 2: 94, 3: 84, 4: 74
DFA state entries cumulative : 1: 4400, 2: 1666, 3: 998, 4: 750
transitions cumulative       : 1->2: 1666, 2->3: 998, 3->4: 750
accepted directly from s0    : 0
Gym endings cumulative       : terminated=3546, truncated=104

[Episode 4500/8000 | last 100]
success rate                : 74.0% (cumulative 18.3%)
failure rate                : 0.0% (cumulative 0.0%)
completed cycles / episode  : 0.000
synthetic task reward       : 7400.000
shaping reward              : 2926.477
learning reward             : 10326.477
episode length              : 286.7
abstract changes / episode  : 89.5
same abstract-state steps   : 68.8%
same-state shaping / episode: 0.000
changed-state shaping / ep. : 2926.477
terminal shaping / episode  : 73.297
DFA transitions / episode   : 2.43
DFA transitions in window   : 1->2: 91, 2->3: 78, 3->4: 74
epsilon (next episode)       : 0.16524
replay buffer                : 300000 samples [1: 56.3%, 2: 30.7%, 3: 13.0%, 4: 0.0%]
DFA state visits in window   : 1: 14117, 2: 11294, 3: 3282, 4: 74
DFA state visits cumulative  : 1: 748060, 2: 281727, 3: 83268, 4: 824
DFA state entries in window  : 1: 100, 2: 91, 3: 78, 4: 74
DFA state entries cumulative : 1: 4500, 2: 1757, 3: 1076, 4: 824
transitions cumulative       : 1->2: 1757, 2->3: 1076, 3->4: 824
accepted directly from s0    : 0
Gym endings cumulative       : terminated=3572, truncated=104

Starting autonomous greedy evaluation at episode 4500 (1000 fixed-seed episodes)...
[Greedy evaluation at episode 4500 | 1000 fixed-seed episodes]
success=77.4%, failure=0.0%, task reward=7740.000, length=259.1
DFA transitions: 1->2: 977, 2->3: 775, 3->4: 774

[Episode 4600/8000 | last 100]
success rate                : 59.0% (cumulative 19.2%)
failure rate                : 0.0% (cumulative 0.0%)
completed cycles / episode  : 0.000
synthetic task reward       : 5900.000
shaping reward              : 2761.520
learning reward             : 8661.520
episode length              : 302.1
abstract changes / episode  : 93.6
same abstract-state steps   : 69.0%
same-state shaping / episode: 0.000
changed-state shaping / ep. : 2761.520
terminal shaping / episode  : 58.458
DFA transitions / episode   : 2.25
DFA transitions in window   : 1->2: 91, 2->3: 75, 3->4: 59
epsilon (next episode)       : 0.15876
replay buffer                : 300000 samples [1: 55.4%, 2: 31.6%, 3: 13.0%, 4: 0.0%]
DFA state visits in window   : 1: 15905, 2: 10921, 3: 3430, 4: 59
DFA state visits cumulative  : 1: 763965, 2: 292648, 3: 86698, 4: 883
DFA state entries in window  : 1: 100, 2: 91, 3: 75, 4: 59
DFA state entries cumulative : 1: 4600, 2: 1848, 3: 1151, 4: 883
transitions cumulative       : 1->2: 1848, 2->3: 1151, 3->4: 883
accepted directly from s0    : 0
Gym endings cumulative       : terminated=3613, truncated=104

[Episode 4700/8000 | last 100]
success rate                : 70.0% (cumulative 20.3%)
failure rate                : 0.0% (cumulative 0.0%)
completed cycles / episode  : 0.000
synthetic task reward       : 7000.000
shaping reward              : 2940.691
learning reward             : 9940.691
episode length              : 301.6
abstract changes / episode  : 93.5
same abstract-state steps   : 69.0%
same-state shaping / episode: 0.000
changed-state shaping / ep. : 2940.691
terminal shaping / episode  : 68.534
DFA transitions / episode   : 2.42
DFA transitions in window   : 1->2: 93, 2->3: 79, 3->4: 70
epsilon (next episode)       : 0.15253
replay buffer                : 300000 samples [1: 54.7%, 2: 32.7%, 3: 12.6%, 4: 0.0%]
DFA state visits in window   : 1: 14359, 2: 12326, 3: 3509, 4: 70
DFA state visits cumulative  : 1: 778324, 2: 304974, 3: 90207, 4: 953
DFA state entries in window  : 1: 100, 2: 93, 3: 79, 4: 70
DFA state entries cumulative : 1: 4700, 2: 1941, 3: 1230, 4: 953
transitions cumulative       : 1->2: 1941, 2->3: 1230, 3->4: 953
accepted directly from s0    : 0
Gym endings cumulative       : terminated=3643, truncated=104

[Episode 4800/8000 | last 100]
success rate                : 72.0% (cumulative 21.4%)
failure rate                : 0.0% (cumulative 0.0%)
completed cycles / episode  : 0.000
synthetic task reward       : 7200.000
shaping reward              : 2964.586
learning reward             : 10164.586
episode length              : 283.4
abstract changes / episode  : 85.6
same abstract-state steps   : 69.8%
same-state shaping / episode: 0.000
changed-state shaping / ep. : 2964.586
terminal shaping / episode  : 68.755
DFA transitions / episode   : 2.46
DFA transitions in window   : 1->2: 90, 2->3: 84, 3->4: 72
epsilon (next episode)       : 0.14655
replay buffer                : 300000 samples [1: 53.7%, 2: 33.9%, 3: 12.4%, 4: 0.0%]
DFA state visits in window   : 1: 14238, 2: 10734, 3: 3399, 4: 72
DFA state visits cumulative  : 1: 792562, 2: 315708, 3: 93606, 4: 1025
DFA state entries in window  : 1: 100, 2: 90, 3: 84, 4: 72
DFA state entries cumulative : 1: 4800, 2: 2031, 3: 1314, 4: 1025
transitions cumulative       : 1->2: 2031, 2->3: 1314, 3->4: 1025
accepted directly from s0    : 0
Gym endings cumulative       : terminated=3669, truncated=106

[Episode 4900/8000 | last 100]
success rate                : 72.0% (cumulative 22.4%)
failure rate                : 0.0% (cumulative 0.0%)
completed cycles / episode  : 0.000
synthetic task reward       : 7200.000
shaping reward              : 2982.427
learning reward             : 10182.427
episode length              : 301.9
abstract changes / episode  : 90.1
same abstract-state steps   : 70.2%
same-state shaping / episode: 0.000
changed-state shaping / ep. : 2982.427
terminal shaping / episode  : 70.090
DFA transitions / episode   : 2.44
DFA transitions in window   : 1->2: 91, 2->3: 81, 3->4: 72
epsilon (next episode)       : 0.14080
replay buffer                : 300000 samples [1: 53.6%, 2: 34.2%, 3: 12.2%, 4: 0.0%]
DFA state visits in window   : 1: 16779, 2: 10126, 3: 3316, 4: 72
DFA state visits cumulative  : 1: 809341, 2: 325834, 3: 96922, 4: 1097
DFA state entries in window  : 1: 100, 2: 91, 3: 81, 4: 72
DFA state entries cumulative : 1: 4900, 2: 2122, 3: 1395, 4: 1097
transitions cumulative       : 1->2: 2122, 2->3: 1395, 3->4: 1097
accepted directly from s0    : 0
Gym endings cumulative       : terminated=3696, truncated=107

[Episode 5000/8000 | last 100]
success rate                : 76.0% (cumulative 23.5%)
failure rate                : 0.0% (cumulative 0.0%)
completed cycles / episode  : 0.000
synthetic task reward       : 7600.000
shaping reward              : 3113.336
learning reward             : 10713.336
episode length              : 281.4
abstract changes / episode  : 84.8
same abstract-state steps   : 69.9%
same-state shaping / episode: 0.000
changed-state shaping / ep. : 3113.336
terminal shaping / episode  : 74.541
DFA transitions / episode   : 2.52
DFA transitions in window   : 1->2: 93, 2->3: 83, 3->4: 76
epsilon (next episode)       : 0.13528
replay buffer                : 300000 samples [1: 53.3%, 2: 34.6%, 3: 12.1%, 4: 0.0%]
DFA state visits in window   : 1: 14843, 2: 9861, 3: 3465, 4: 76
DFA state visits cumulative  : 1: 824184, 2: 335695, 3: 100387, 4: 1173
DFA state entries in window  : 1: 100, 2: 93, 3: 83, 4: 76
DFA state entries cumulative : 1: 5000, 2: 2215, 3: 1478, 4: 1173
transitions cumulative       : 1->2: 2215, 2->3: 1478, 3->4: 1173
accepted directly from s0    : 0
Gym endings cumulative       : terminated=3720, truncated=107

Starting autonomous greedy evaluation at episode 5000 (1000 fixed-seed episodes)...
[Greedy evaluation at episode 5000 | 1000 fixed-seed episodes]
success=91.0%, failure=0.0%, task reward=9100.000, length=261.5
DFA transitions: 1->2: 923, 2->3: 910, 3->4: 910
Best policy updated from autonomous greedy evaluation at episode 5000.

[Episode 5100/8000 | last 100]
success rate                : 76.0% (cumulative 24.5%)
failure rate                : 0.0% (cumulative 0.0%)
completed cycles / episode  : 0.000
synthetic task reward       : 7600.000
shaping reward              : 2934.012
learning reward             : 10534.012
episode length              : 274.8
abstract changes / episode  : 83.8
same abstract-state steps   : 69.5%
same-state shaping / episode: 0.000
changed-state shaping / ep. : 2934.012
terminal shaping / episode  : 73.191
DFA transitions / episode   : 2.44
DFA transitions in window   : 1->2: 88, 2->3: 80, 3->4: 76
epsilon (next episode)       : 0.12998
replay buffer                : 300000 samples [1: 53.0%, 2: 35.1%, 3: 11.9%, 4: 0.0%]
DFA state visits in window   : 1: 14684, 2: 9742, 3: 3082, 4: 76
DFA state visits cumulative  : 1: 838868, 2: 345437, 3: 103469, 4: 1249
DFA state entries in window  : 1: 100, 2: 88, 3: 80, 4: 76
DFA state entries cumulative : 1: 5100, 2: 2303, 3: 1558, 4: 1249
transitions cumulative       : 1->2: 2303, 2->3: 1558, 3->4: 1249
accepted directly from s0    : 0
Gym endings cumulative       : terminated=3743, truncated=108

[Episode 5200/8000 | last 100]
success rate                : 72.0% (cumulative 25.4%)
failure rate                : 0.0% (cumulative 0.0%)
completed cycles / episode  : 0.000
synthetic task reward       : 7200.000
shaping reward              : 2781.815
learning reward             : 9981.815
episode length              : 269.3
abstract changes / episode  : 83.4
same abstract-state steps   : 69.0%
same-state shaping / episode: 0.000
changed-state shaping / ep. : 2781.815
terminal shaping / episode  : 69.867
DFA transitions / episode   : 2.34
DFA transitions in window   : 1->2: 84, 2->3: 78, 3->4: 72
epsilon (next episode)       : 0.12488
replay buffer                : 300000 samples [1: 53.2%, 2: 35.0%, 3: 11.8%, 4: 0.0%]
DFA state visits in window   : 1: 14968, 2: 8842, 3: 3148, 4: 72
DFA state visits cumulative  : 1: 853836, 2: 354279, 3: 106617, 4: 1321
DFA state entries in window  : 1: 100, 2: 84, 3: 78, 4: 72
DFA state entries cumulative : 1: 5200, 2: 2387, 3: 1636, 4: 1321
transitions cumulative       : 1->2: 2387, 2->3: 1636, 3->4: 1321
accepted directly from s0    : 0
Gym endings cumulative       : terminated=3771, truncated=108

[Episode 5300/8000 | last 100]
success rate                : 66.0% (cumulative 26.2%)
failure rate                : 0.0% (cumulative 0.0%)
completed cycles / episode  : 0.000
synthetic task reward       : 6600.000
shaping reward              : 2518.230
learning reward             : 9118.230
episode length              : 285.3
abstract changes / episode  : 85.9
same abstract-state steps   : 69.9%
same-state shaping / episode: 0.000
changed-state shaping / ep. : 2518.230
terminal shaping / episode  : 64.032
DFA transitions / episode   : 2.19
DFA transitions in window   : 1->2: 79, 2->3: 74, 3->4: 66
epsilon (next episode)       : 0.11998
replay buffer                : 300000 samples [1: 54.2%, 2: 34.3%, 3: 11.5%, 4: 0.0%]
DFA state visits in window   : 1: 18508, 2: 7153, 3: 2899, 4: 66
DFA state visits cumulative  : 1: 872344, 2: 361432, 3: 109516, 4: 1387
DFA state entries in window  : 1: 100, 2: 79, 3: 74, 4: 66
DFA state entries cumulative : 1: 5300, 2: 2466, 3: 1710, 4: 1387
transitions cumulative       : 1->2: 2466, 2->3: 1710, 3->4: 1387
accepted directly from s0    : 0
Gym endings cumulative       : terminated=3805, truncated=108

[Episode 5400/8000 | last 100]
success rate                : 46.0% (cumulative 26.5%)
failure rate                : 0.0% (cumulative 0.0%)
completed cycles / episode  : 0.000
synthetic task reward       : 4600.000
shaping reward              : 1562.361
learning reward             : 6162.361
episode length              : 195.5
abstract changes / episode  : 68.3
same abstract-state steps   : 65.1%
same-state shaping / episode: 0.000
changed-state shaping / ep. : 1562.361
terminal shaping / episode  : 39.755
DFA transitions / episode   : 1.57
DFA transitions in window   : 1->2: 60, 2->3: 51, 3->4: 46
epsilon (next episode)       : 0.11528
replay buffer                : 300000 samples [1: 53.8%, 2: 34.7%, 3: 11.5%, 4: 0.0%]
DFA state visits in window   : 1: 11692, 2: 6119, 3: 1796, 4: 46
DFA state visits cumulative  : 1: 884036, 2: 367551, 3: 111312, 4: 1433
DFA state entries in window  : 1: 100, 2: 60, 3: 51, 4: 46
DFA state entries cumulative : 1: 5400, 2: 2526, 3: 1761, 4: 1433
transitions cumulative       : 1->2: 2526, 2->3: 1761, 3->4: 1433
accepted directly from s0    : 0
Gym endings cumulative       : terminated=3859, truncated=108

[Episode 5500/8000 | last 100]
success rate                : 15.0% (cumulative 26.3%)
failure rate                : 0.0% (cumulative 0.0%)
completed cycles / episode  : 0.000
synthetic task reward       : 1500.000
shaping reward              : -72.375
learning reward             : 1427.625
episode length              : 140.4
abstract changes / episode  : 58.1
same abstract-state steps   : 58.6%
same-state shaping / episode: 0.000
changed-state shaping / ep. : -72.375
terminal shaping / episode  : 0.246
DFA transitions / episode   : 0.54
DFA transitions in window   : 1->2: 22, 2->3: 17, 3->4: 15
epsilon (next episode)       : 0.11075
replay buffer                : 300000 samples [1: 55.2%, 2: 33.8%, 3: 11.0%, 4: 0.0%]
DFA state visits in window   : 1: 11532, 2: 2012, 3: 586, 4: 15
DFA state visits cumulative  : 1: 895568, 2: 369563, 3: 111898, 4: 1448
DFA state entries in window  : 1: 100, 2: 22, 3: 17, 4: 15
DFA state entries cumulative : 1: 5500, 2: 2548, 3: 1778, 4: 1448
transitions cumulative       : 1->2: 2548, 2->3: 1778, 3->4: 1448
accepted directly from s0    : 0
Gym endings cumulative       : terminated=3944, truncated=108

Starting autonomous greedy evaluation at episode 5500 (1000 fixed-seed episodes)...
[Greedy evaluation at episode 5500 | 1000 fixed-seed episodes]
success=3.0%, failure=0.0%, task reward=300.000, length=174.6
DFA transitions: 1->2: 190, 2->3: 30, 3->4: 30

[Episode 5600/8000 | last 100]
success rate                : 27.0% (cumulative 26.3%)
failure rate                : 0.0% (cumulative 0.0%)
completed cycles / episode  : 0.000
synthetic task reward       : 2700.000
shaping reward              : 435.593
learning reward             : 3135.593
episode length              : 242.6
abstract changes / episode  : 69.2
same abstract-state steps   : 71.5%
same-state shaping / episode: 0.000
changed-state shaping / ep. : 435.593
terminal shaping / episode  : 25.224
DFA transitions / episode   : 0.91
DFA transitions in window   : 1->2: 35, 2->3: 29, 3->4: 27
epsilon (next episode)       : 0.10641
replay buffer                : 300000 samples [1: 57.7%, 2: 31.9%, 3: 10.4%, 4: 0.0%]
DFA state visits in window   : 1: 19519, 2: 3588, 3: 1227, 4: 27
DFA state visits cumulative  : 1: 915087, 2: 373151, 3: 113125, 4: 1475
DFA state entries in window  : 1: 100, 2: 35, 3: 29, 4: 27
DFA state entries cumulative : 1: 5600, 2: 2583, 3: 1807, 4: 1475
transitions cumulative       : 1->2: 2583, 2->3: 1807, 3->4: 1475
accepted directly from s0    : 0
Gym endings cumulative       : terminated=4017, truncated=108

[Episode 5700/8000 | last 100]
success rate                : 30.0% (cumulative 26.4%)
failure rate                : 0.0% (cumulative 0.0%)
completed cycles / episode  : 0.000
synthetic task reward       : 3000.000
shaping reward              : 719.031
learning reward             : 3719.031
episode length              : 306.8
abstract changes / episode  : 79.8
same abstract-state steps   : 74.0%
same-state shaping / episode: 0.000
changed-state shaping / ep. : 719.031
terminal shaping / episode  : 28.946
DFA transitions / episode   : 1.10
DFA transitions in window   : 1->2: 46, 2->3: 34, 3->4: 30
epsilon (next episode)       : 0.10224
replay buffer                : 300000 samples [1: 60.2%, 2: 29.9%, 3: 9.9%, 4: 0.0%]
DFA state visits in window   : 1: 23963, 2: 5026, 3: 1763, 4: 30
DFA state visits cumulative  : 1: 939050, 2: 378177, 3: 114888, 4: 1505
DFA state entries in window  : 1: 100, 2: 46, 3: 34, 4: 30
DFA state entries cumulative : 1: 5700, 2: 2629, 3: 1841, 4: 1505
transitions cumulative       : 1->2: 2629, 2->3: 1841, 3->4: 1505
accepted directly from s0    : 0
Gym endings cumulative       : terminated=4086, truncated=109

[Episode 5800/8000 | last 100]
success rate                : 56.0% (cumulative 26.9%)
failure rate                : 0.0% (cumulative 0.0%)
completed cycles / episode  : 0.000
synthetic task reward       : 5600.000
shaping reward              : 2364.893
learning reward             : 7964.893
episode length              : 315.0
abstract changes / episode  : 90.6
same abstract-state steps   : 71.2%
same-state shaping / episode: 0.000
changed-state shaping / ep. : 2364.893
terminal shaping / episode  : 55.616
DFA transitions / episode   : 1.90
DFA transitions in window   : 1->2: 73, 2->3: 61, 3->4: 56
epsilon (next episode)       : 0.09823
replay buffer                : 300000 samples [1: 61.9%, 2: 28.5%, 3: 9.6%, 4: 0.0%]
DFA state visits in window   : 1: 20616, 2: 7941, 3: 2988, 4: 56
DFA state visits cumulative  : 1: 959666, 2: 386118, 3: 117876, 4: 1561
DFA state entries in window  : 1: 100, 2: 73, 3: 61, 4: 56
DFA state entries cumulative : 1: 5800, 2: 2702, 3: 1902, 4: 1561
transitions cumulative       : 1->2: 2702, 2->3: 1902, 3->4: 1561
accepted directly from s0    : 0
Gym endings cumulative       : terminated=4130, truncated=109

[Episode 5900/8000 | last 100]
success rate                : 84.0% (cumulative 27.9%)
failure rate                : 0.0% (cumulative 0.0%)
completed cycles / episode  : 0.000
synthetic task reward       : 8400.000
shaping reward              : 3238.996
learning reward             : 11638.996
episode length              : 302.5
abstract changes / episode  : 91.0
same abstract-state steps   : 69.9%
same-state shaping / episode: 0.000
changed-state shaping / ep. : 3238.996
terminal shaping / episode  : 84.000
DFA transitions / episode   : 2.65
DFA transitions in window   : 1->2: 95, 2->3: 86, 3->4: 84
epsilon (next episode)       : 0.09438
replay buffer                : 300000 samples [1: 63.0%, 2: 27.5%, 3: 9.5%, 4: 0.0%]
DFA state visits in window   : 1: 17514, 2: 9438, 3: 3316, 4: 84
DFA state visits cumulative  : 1: 977180, 2: 395556, 3: 121192, 4: 1645
DFA state entries in window  : 1: 100, 2: 95, 3: 86, 4: 84
DFA state entries cumulative : 1: 5900, 2: 2797, 3: 1988, 4: 1645
transitions cumulative       : 1->2: 2797, 2->3: 1988, 3->4: 1645
accepted directly from s0    : 0
Gym endings cumulative       : terminated=4146, truncated=109

[Episode 6000/8000 | last 100]
success rate                : 72.0% (cumulative 28.6%)
failure rate                : 0.0% (cumulative 0.0%)
completed cycles / episode  : 0.000
synthetic task reward       : 7200.000
shaping reward              : 2917.180
learning reward             : 10117.180
episode length              : 293.4
abstract changes / episode  : 93.1
same abstract-state steps   : 68.3%
same-state shaping / episode: 0.000
changed-state shaping / ep. : 2917.180
terminal shaping / episode  : 72.000
DFA transitions / episode   : 2.43
DFA transitions in window   : 1->2: 95, 2->3: 76, 3->4: 72
epsilon (next episode)       : 0.09067
replay buffer                : 300000 samples [1: 62.7%, 2: 27.9%, 3: 9.4%, 4: 0.0%]
DFA state visits in window   : 1: 15008, 2: 11353, 3: 3002, 4: 72
DFA state visits cumulative  : 1: 992188, 2: 406909, 3: 124194, 4: 1717
DFA state entries in window  : 1: 100, 2: 95, 3: 76, 4: 72
DFA state entries cumulative : 1: 6000, 2: 2892, 3: 2064, 4: 1717
transitions cumulative       : 1->2: 2892, 2->3: 2064, 3->4: 1717
accepted directly from s0    : 0
Gym endings cumulative       : terminated=4174, truncated=109

Starting autonomous greedy evaluation at episode 6000 (1000 fixed-seed episodes)...
[Greedy evaluation at episode 6000 | 1000 fixed-seed episodes]
success=37.8%, failure=0.0%, task reward=3780.000, length=524.9
DFA transitions: 1->2: 859, 2->3: 390, 3->4: 378

[Episode 6100/8000 | last 100]
success rate                : 68.0% (cumulative 29.3%)
failure rate                : 0.0% (cumulative 0.0%)
completed cycles / episode  : 0.000
synthetic task reward       : 6800.000
shaping reward              : 2907.262
learning reward             : 9707.262
episode length              : 287.9
abstract changes / episode  : 90.7
same abstract-state steps   : 68.5%
same-state shaping / episode: 0.000
changed-state shaping / ep. : 2907.262
terminal shaping / episode  : 67.425
DFA transitions / episode   : 2.38
DFA transitions in window   : 1->2: 94, 2->3: 76, 3->4: 68
epsilon (next episode)       : 0.08712
replay buffer                : 300000 samples [1: 62.7%, 2: 28.1%, 3: 9.2%, 4: 0.0%]
DFA state visits in window   : 1: 15769, 2: 10227, 3: 2829, 4: 68
DFA state visits cumulative  : 1: 1007957, 2: 417136, 3: 127023, 4: 1785
DFA state entries in window  : 1: 100, 2: 94, 3: 76, 4: 68
DFA state entries cumulative : 1: 6100, 2: 2986, 3: 2140, 4: 1785
transitions cumulative       : 1->2: 2986, 2->3: 2140, 3->4: 1785
accepted directly from s0    : 0
Gym endings cumulative       : terminated=4206, truncated=109

[Episode 6200/8000 | last 100]
success rate                : 72.0% (cumulative 30.0%)
failure rate                : 0.0% (cumulative 0.0%)
completed cycles / episode  : 0.000
synthetic task reward       : 7200.000
shaping reward              : 2820.489
learning reward             : 10020.489
episode length              : 299.7
abstract changes / episode  : 89.3
same abstract-state steps   : 70.2%
same-state shaping / episode: 0.000
changed-state shaping / ep. : 2820.489
terminal shaping / episode  : 72.696
DFA transitions / episode   : 2.33
DFA transitions in window   : 1->2: 87, 2->3: 74, 3->4: 72
epsilon (next episode)       : 0.08370
replay buffer                : 300000 samples [1: 63.6%, 2: 27.4%, 3: 9.0%, 4: 0.0%]
DFA state visits in window   : 1: 18865, 2: 8274, 3: 2863, 4: 72
DFA state visits cumulative  : 1: 1026822, 2: 425410, 3: 129886, 4: 1857
DFA state entries in window  : 1: 100, 2: 87, 3: 74, 4: 72
DFA state entries cumulative : 1: 6200, 2: 3073, 3: 2214, 4: 1857
transitions cumulative       : 1->2: 3073, 2->3: 2214, 3->4: 1857
accepted directly from s0    : 0
Gym endings cumulative       : terminated=4234, truncated=109

[Episode 6300/8000 | last 100]
success rate                : 59.0% (cumulative 30.4%)
failure rate                : 0.0% (cumulative 0.0%)
completed cycles / episode  : 0.000
synthetic task reward       : 5900.000
shaping reward              : 2236.049
learning reward             : 8136.049
episode length              : 379.9
abstract changes / episode  : 95.7
same abstract-state steps   : 74.8%
same-state shaping / episode: 0.000
changed-state shaping / ep. : 2236.049
terminal shaping / episode  : 58.762
DFA transitions / episode   : 1.96
DFA transitions in window   : 1->2: 73, 2->3: 64, 3->4: 59
epsilon (next episode)       : 0.08042
replay buffer                : 300000 samples [1: 65.5%, 2: 25.8%, 3: 8.7%, 4: 0.0%]
DFA state visits in window   : 1: 27035, 2: 7862, 3: 3135, 4: 59
DFA state visits cumulative  : 1: 1053857, 2: 433272, 3: 133021, 4: 1916
DFA state entries in window  : 1: 100, 2: 73, 3: 64, 4: 59
DFA state entries cumulative : 1: 6300, 2: 3146, 3: 2278, 4: 1916
transitions cumulative       : 1->2: 3146, 2->3: 2278, 3->4: 1916
accepted directly from s0    : 0
Gym endings cumulative       : terminated=4268, truncated=116

[Episode 6400/8000 | last 100]
success rate                : 65.0% (cumulative 31.0%)
failure rate                : 0.0% (cumulative 0.0%)
completed cycles / episode  : 0.000
synthetic task reward       : 6500.000
shaping reward              : 2862.795
learning reward             : 9362.795
episode length              : 274.7
abstract changes / episode  : 85.5
same abstract-state steps   : 68.9%
same-state shaping / episode: 0.000
changed-state shaping / ep. : 2862.795
terminal shaping / episode  : 63.113
DFA transitions / episode   : 2.35
DFA transitions in window   : 1->2: 91, 2->3: 79, 3->4: 65
epsilon (next episode)       : 0.07727
replay buffer                : 300000 samples [1: 64.7%, 2: 26.5%, 3: 8.8%, 4: 0.0%]
DFA state visits in window   : 1: 14961, 2: 9134, 3: 3413, 4: 65
DFA state visits cumulative  : 1: 1068818, 2: 442406, 3: 136434, 4: 1981
DFA state entries in window  : 1: 100, 2: 91, 3: 79, 4: 65
DFA state entries cumulative : 1: 6400, 2: 3237, 3: 2357, 4: 1981
transitions cumulative       : 1->2: 3237, 2->3: 2357, 3->4: 1981
accepted directly from s0    : 0
Gym endings cumulative       : terminated=4303, truncated=116

[Episode 6500/8000 | last 100]
success rate                : 60.0% (cumulative 31.4%)
failure rate                : 0.0% (cumulative 0.0%)
completed cycles / episode  : 0.000
synthetic task reward       : 6000.000
shaping reward              : 2493.322
learning reward             : 8493.322
episode length              : 274.2
abstract changes / episode  : 84.5
same abstract-state steps   : 69.2%
same-state shaping / episode: 0.000
changed-state shaping / ep. : 2493.322
terminal shaping / episode  : 59.436
DFA transitions / episode   : 2.11
DFA transitions in window   : 1->2: 85, 2->3: 66, 3->4: 60
epsilon (next episode)       : 0.07423
replay buffer                : 300000 samples [1: 63.6%, 2: 27.4%, 3: 9.0%, 4: 0.0%]
DFA state visits in window   : 1: 16075, 2: 8990, 3: 2391, 4: 60
DFA state visits cumulative  : 1: 1084893, 2: 451396, 3: 138825, 4: 2041
DFA state entries in window  : 1: 100, 2: 85, 3: 66, 4: 60
DFA state entries cumulative : 1: 6500, 2: 3322, 3: 2423, 4: 2041
transitions cumulative       : 1->2: 3322, 2->3: 2423, 3->4: 2041
accepted directly from s0    : 0
Gym endings cumulative       : terminated=4343, truncated=116

Starting autonomous greedy evaluation at episode 6500 (1000 fixed-seed episodes)...
[Greedy evaluation at episode 6500 | 1000 fixed-seed episodes]
success=4.7%, failure=0.0%, task reward=470.000, length=311.8
DFA transitions: 1->2: 413, 2->3: 69, 3->4: 47

[Episode 6600/8000 | last 100]
success rate                : 53.0% (cumulative 31.7%)
failure rate                : 0.0% (cumulative 0.0%)
completed cycles / episode  : 0.000
synthetic task reward       : 5300.000
shaping reward              : 2043.268
learning reward             : 7343.268
episode length              : 316.6
abstract changes / episode  : 98.0
same abstract-state steps   : 69.1%
same-state shaping / episode: 0.000
changed-state shaping / ep. : 2043.268
terminal shaping / episode  : 53.000
DFA transitions / episode   : 1.86
DFA transitions in window   : 1->2: 76, 2->3: 57, 3->4: 53
epsilon (next episode)       : 0.07132
replay buffer                : 300000 samples [1: 61.8%, 2: 29.0%, 3: 9.2%, 4: 0.0%]
DFA state visits in window   : 1: 20021, 2: 9409, 3: 2282, 4: 53
DFA state visits cumulative  : 1: 1104914, 2: 460805, 3: 141107, 4: 2094
DFA state entries in window  : 1: 100, 2: 76, 3: 57, 4: 53
DFA state entries cumulative : 1: 6600, 2: 3398, 3: 2480, 4: 2094
transitions cumulative       : 1->2: 3398, 2->3: 2480, 3->4: 2094
accepted directly from s0    : 0
Gym endings cumulative       : terminated=4390, truncated=116

[Episode 6700/8000 | last 100]
success rate                : 70.0% (cumulative 32.3%)
failure rate                : 0.0% (cumulative 0.0%)
completed cycles / episode  : 0.000
synthetic task reward       : 7000.000
shaping reward              : 2776.509
learning reward             : 9776.509
episode length              : 324.7
abstract changes / episode  : 101.7
same abstract-state steps   : 68.7%
same-state shaping / episode: 0.000
changed-state shaping / ep. : 2776.509
terminal shaping / episode  : 68.057
DFA transitions / episode   : 2.33
DFA transitions in window   : 1->2: 88, 2->3: 75, 3->4: 70
epsilon (next episode)       : 0.06853
replay buffer                : 300000 samples [1: 60.6%, 2: 30.0%, 3: 9.4%, 4: 0.0%]
DFA state visits in window   : 1: 20322, 2: 9356, 3: 2825, 4: 70
DFA state visits cumulative  : 1: 1125236, 2: 470161, 3: 143932, 4: 2164
DFA state entries in window  : 1: 100, 2: 88, 3: 75, 4: 70
DFA state entries cumulative : 1: 6700, 2: 3486, 3: 2555, 4: 2164
transitions cumulative       : 1->2: 3486, 2->3: 2555, 3->4: 2164
accepted directly from s0    : 0
Gym endings cumulative       : terminated=4420, truncated=116

[Episode 6800/8000 | last 100]
success rate                : 87.0% (cumulative 33.1%)
failure rate                : 0.0% (cumulative 0.0%)
completed cycles / episode  : 0.000
synthetic task reward       : 8700.000
shaping reward              : 3401.955
learning reward             : 12101.955
episode length              : 285.0
abstract changes / episode  : 90.9
same abstract-state steps   : 68.1%
same-state shaping / episode: 0.000
changed-state shaping / ep. : 3401.955
terminal shaping / episode  : 86.569
DFA transitions / episode   : 2.72
DFA transitions in window   : 1->2: 93, 2->3: 92, 3->4: 87
epsilon (next episode)       : 0.06584
replay buffer                : 300000 samples [1: 59.6%, 2: 30.7%, 3: 9.7%, 4: 0.0%]
DFA state visits in window   : 1: 15501, 2: 9467, 3: 3547, 4: 87
DFA state visits cumulative  : 1: 1140737, 2: 479628, 3: 147479, 4: 2251
DFA state entries in window  : 1: 100, 2: 93, 3: 92, 4: 87
DFA state entries cumulative : 1: 6800, 2: 3579, 3: 2647, 4: 2251
transitions cumulative       : 1->2: 3579, 2->3: 2647, 3->4: 2251
accepted directly from s0    : 0
Gym endings cumulative       : terminated=4433, truncated=116

[Episode 6900/8000 | last 100]
success rate                : 77.0% (cumulative 33.7%)
failure rate                : 0.0% (cumulative 0.0%)
completed cycles / episode  : 0.000
synthetic task reward       : 7700.000
shaping reward              : 3004.611
learning reward             : 10704.611
episode length              : 291.7
abstract changes / episode  : 91.1
same abstract-state steps   : 68.8%
same-state shaping / episode: 0.000
changed-state shaping / ep. : 3004.611
terminal shaping / episode  : 72.938
DFA transitions / episode   : 2.48
DFA transitions in window   : 1->2: 91, 2->3: 80, 3->4: 77
epsilon (next episode)       : 0.06326
replay buffer                : 300000 samples [1: 58.9%, 2: 31.4%, 3: 9.7%, 4: 0.0%]
DFA state visits in window   : 1: 15223, 2: 10817, 3: 3151, 4: 77
DFA state visits cumulative  : 1: 1155960, 2: 490445, 3: 150630, 4: 2328
DFA state entries in window  : 1: 100, 2: 91, 3: 80, 4: 77
DFA state entries cumulative : 1: 6900, 2: 3670, 3: 2727, 4: 2328
transitions cumulative       : 1->2: 3670, 2->3: 2727, 3->4: 2328
accepted directly from s0    : 0
Gym endings cumulative       : terminated=4456, truncated=116

[Episode 7000/8000 | last 100]
success rate                : 88.0% (cumulative 34.5%)
failure rate                : 0.0% (cumulative 0.0%)
completed cycles / episode  : 0.000
synthetic task reward       : 8800.000
shaping reward              : 3425.257
learning reward             : 12225.257
episode length              : 286.0
abstract changes / episode  : 89.2
same abstract-state steps   : 68.8%
same-state shaping / episode: 0.000
changed-state shaping / ep. : 3425.257
terminal shaping / episode  : 86.579
DFA transitions / episode   : 2.77
DFA transitions in window   : 1->2: 98, 2->3: 91, 3->4: 88
epsilon (next episode)       : 0.06078
replay buffer                : 300000 samples [1: 59.1%, 2: 31.0%, 3: 9.9%, 4: 0.0%]
DFA state visits in window   : 1: 14502, 2: 10614, 3: 3498, 4: 88
DFA state visits cumulative  : 1: 1170462, 2: 501059, 3: 154128, 4: 2416
DFA state entries in window  : 1: 100, 2: 98, 3: 91, 4: 88
DFA state entries cumulative : 1: 7000, 2: 3768, 3: 2818, 4: 2416
transitions cumulative       : 1->2: 3768, 2->3: 2818, 3->4: 2416
accepted directly from s0    : 0
Gym endings cumulative       : terminated=4468, truncated=116

Starting autonomous greedy evaluation at episode 7000 (1000 fixed-seed episodes)...
[Greedy evaluation at episode 7000 | 1000 fixed-seed episodes]
success=99.8%, failure=0.0%, task reward=9980.000, length=268.0
DFA transitions: 1->2: 1000, 2->3: 999, 3->4: 998
Best policy updated from autonomous greedy evaluation at episode 7000.

[Episode 7100/8000 | last 100]
success rate                : 90.0% (cumulative 35.3%)
failure rate                : 0.0% (cumulative 0.0%)
completed cycles / episode  : 0.000
synthetic task reward       : 9000.000
shaping reward              : 3548.999
learning reward             : 12548.999
episode length              : 270.9
abstract changes / episode  : 87.2
same abstract-state steps   : 67.8%
same-state shaping / episode: 0.000
changed-state shaping / ep. : 3548.999
terminal shaping / episode  : 90.000
DFA transitions / episode   : 2.83
DFA transitions in window   : 1->2: 97, 2->3: 96, 3->4: 90
epsilon (next episode)       : 0.05839
replay buffer                : 300000 samples [1: 58.4%, 2: 31.4%, 3: 10.2%, 4: 0.0%]
DFA state visits in window   : 1: 12900, 2: 10484, 3: 3715, 4: 90
DFA state visits cumulative  : 1: 1183362, 2: 511543, 3: 157843, 4: 2506
DFA state entries in window  : 1: 100, 2: 97, 3: 96, 4: 90
DFA state entries cumulative : 1: 7100, 2: 3865, 3: 2914, 4: 2506
transitions cumulative       : 1->2: 3865, 2->3: 2914, 3->4: 2506
accepted directly from s0    : 0
Gym endings cumulative       : terminated=4478, truncated=116

[Episode 7200/8000 | last 100]
success rate                : 82.0% (cumulative 35.9%)
failure rate                : 0.0% (cumulative 0.0%)
completed cycles / episode  : 0.000
synthetic task reward       : 8200.000
shaping reward              : 3148.604
learning reward             : 11348.604
episode length              : 254.7
abstract changes / episode  : 84.6
same abstract-state steps   : 66.8%
same-state shaping / episode: 0.000
changed-state shaping / ep. : 3148.604
terminal shaping / episode  : 82.000
DFA transitions / episode   : 2.54
DFA transitions in window   : 1->2: 89, 2->3: 83, 3->4: 82
epsilon (next episode)       : 0.05610
replay buffer                : 300000 samples [1: 57.8%, 2: 31.8%, 3: 10.4%, 4: 0.0%]
DFA state visits in window   : 1: 14132, 2: 8504, 3: 2851, 4: 82
DFA state visits cumulative  : 1: 1197494, 2: 520047, 3: 160694, 4: 2588
DFA state entries in window  : 1: 100, 2: 89, 3: 83, 4: 82
DFA state entries cumulative : 1: 7200, 2: 3954, 3: 2997, 4: 2588
transitions cumulative       : 1->2: 3954, 2->3: 2997, 3->4: 2588
accepted directly from s0    : 0
Gym endings cumulative       : terminated=4496, truncated=116

[Episode 7300/8000 | last 100]
success rate                : 85.0% (cumulative 36.6%)
failure rate                : 0.0% (cumulative 0.0%)
completed cycles / episode  : 0.000
synthetic task reward       : 8500.000
shaping reward              : 3104.202
learning reward             : 11604.202
episode length              : 276.7
abstract changes / episode  : 87.2
same abstract-state steps   : 68.5%
same-state shaping / episode: 0.000
changed-state shaping / ep. : 3104.202
terminal shaping / episode  : 84.464
DFA transitions / episode   : 2.59
DFA transitions in window   : 1->2: 88, 2->3: 86, 3->4: 85
epsilon (next episode)       : 0.05390
replay buffer                : 300000 samples [1: 55.9%, 2: 33.2%, 3: 10.9%, 4: 0.0%]
DFA state visits in window   : 1: 15301, 2: 9053, 3: 3328, 4: 85
DFA state visits cumulative  : 1: 1212795, 2: 529100, 3: 164022, 4: 2673
DFA state entries in window  : 1: 100, 2: 88, 3: 86, 4: 85
DFA state entries cumulative : 1: 7300, 2: 4042, 3: 3083, 4: 2673
transitions cumulative       : 1->2: 4042, 2->3: 3083, 3->4: 2673
accepted directly from s0    : 0
Gym endings cumulative       : terminated=4511, truncated=116

[Episode 7400/8000 | last 100]
success rate                : 80.0% (cumulative 37.2%)
failure rate                : 0.0% (cumulative 0.0%)
completed cycles / episode  : 0.000
synthetic task reward       : 8000.000
shaping reward              : 3189.851
learning reward             : 11189.851
episode length              : 262.1
abstract changes / episode  : 85.5
same abstract-state steps   : 67.4%
same-state shaping / episode: 0.000
changed-state shaping / ep. : 3189.851
terminal shaping / episode  : 80.000
DFA transitions / episode   : 2.58
DFA transitions in window   : 1->2: 93, 2->3: 85, 3->4: 80
epsilon (next episode)       : 0.05179
replay buffer                : 300000 samples [1: 55.6%, 2: 33.6%, 3: 10.9%, 4: 0.0%]
DFA state visits in window   : 1: 14486, 2: 8776, 3: 2970, 4: 80
DFA state visits cumulative  : 1: 1227281, 2: 537876, 3: 166992, 4: 2753
DFA state entries in window  : 1: 100, 2: 93, 3: 85, 4: 80
DFA state entries cumulative : 1: 7400, 2: 4135, 3: 3168, 4: 2753
transitions cumulative       : 1->2: 4135, 2->3: 3168, 3->4: 2753
accepted directly from s0    : 0
Gym endings cumulative       : terminated=4531, truncated=116

[Episode 7500/8000 | last 100]
success rate                : 83.0% (cumulative 37.8%)
failure rate                : 0.0% (cumulative 0.0%)
completed cycles / episode  : 0.000
synthetic task reward       : 8300.000
shaping reward              : 3258.527
learning reward             : 11558.527
episode length              : 257.7
abstract changes / episode  : 84.2
same abstract-state steps   : 67.3%
same-state shaping / episode: 0.000
changed-state shaping / ep. : 3258.527
terminal shaping / episode  : 83.000
DFA transitions / episode   : 2.66
DFA transitions in window   : 1->2: 96, 2->3: 87, 3->4: 83
epsilon (next episode)       : 0.04976
replay buffer                : 300000 samples [1: 55.4%, 2: 33.8%, 3: 10.8%, 4: 0.0%]
DFA state visits in window   : 1: 13189, 2: 9514, 3: 3086, 4: 83
DFA state visits cumulative  : 1: 1240470, 2: 547390, 3: 170078, 4: 2836
DFA state entries in window  : 1: 100, 2: 96, 3: 87, 4: 83
DFA state entries cumulative : 1: 7500, 2: 4231, 3: 3255, 4: 2836
transitions cumulative       : 1->2: 4231, 2->3: 3255, 3->4: 2836
accepted directly from s0    : 0
Gym endings cumulative       : terminated=4548, truncated=116

Starting autonomous greedy evaluation at episode 7500 (1000 fixed-seed episodes)...
[Greedy evaluation at episode 7500 | 1000 fixed-seed episodes]
success=81.4%, failure=0.0%, task reward=8140.000, length=245.5
DFA transitions: 1->2: 996, 2->3: 891, 3->4: 814

[Episode 7600/8000 | last 100]
success rate                : 65.0% (cumulative 38.2%)
failure rate                : 0.0% (cumulative 0.0%)
completed cycles / episode  : 0.000
synthetic task reward       : 6500.000
shaping reward              : 2779.547
learning reward             : 9279.547
episode length              : 269.6
abstract changes / episode  : 88.5
same abstract-state steps   : 67.2%
same-state shaping / episode: 0.000
changed-state shaping / ep. : 2779.547
terminal shaping / episode  : 63.549
DFA transitions / episode   : 2.38
DFA transitions in window   : 1->2: 95, 2->3: 78, 3->4: 65
epsilon (next episode)       : 0.04781
replay buffer                : 300000 samples [1: 54.1%, 2: 34.7%, 3: 11.2%, 4: 0.0%]
DFA state visits in window   : 1: 13604, 2: 10471, 3: 2919, 4: 65
DFA state visits cumulative  : 1: 1254074, 2: 557861, 3: 172997, 4: 2901
DFA state entries in window  : 1: 100, 2: 95, 3: 78, 4: 65
DFA state entries cumulative : 1: 7600, 2: 4326, 3: 3333, 4: 2901
transitions cumulative       : 1->2: 4326, 2->3: 3333, 3->4: 2901
accepted directly from s0    : 0
Gym endings cumulative       : terminated=4583, truncated=116

[Episode 7700/8000 | last 100]
success rate                : 79.0% (cumulative 38.7%)
failure rate                : 0.0% (cumulative 0.0%)
completed cycles / episode  : 0.000
synthetic task reward       : 7900.000
shaping reward              : 3118.011
learning reward             : 11018.011
episode length              : 247.6
abstract changes / episode  : 77.9
same abstract-state steps   : 68.5%
same-state shaping / episode: 0.000
changed-state shaping / ep. : 3118.011
terminal shaping / episode  : 79.000
DFA transitions / episode   : 2.56
DFA transitions in window   : 1->2: 96, 2->3: 81, 3->4: 79
epsilon (next episode)       : 0.04593
replay buffer                : 300000 samples [1: 53.5%, 2: 35.1%, 3: 11.4%, 4: 0.0%]
DFA state visits in window   : 1: 13105, 2: 9164, 3: 2508, 4: 79
DFA state visits cumulative  : 1: 1267179, 2: 567025, 3: 175505, 4: 2980
DFA state entries in window  : 1: 100, 2: 96, 3: 81, 4: 79
DFA state entries cumulative : 1: 7700, 2: 4422, 3: 3414, 4: 2980
transitions cumulative       : 1->2: 4422, 2->3: 3414, 3->4: 2980
accepted directly from s0    : 0
Gym endings cumulative       : terminated=4604, truncated=116

[Episode 7800/8000 | last 100]
success rate                : 73.0% (cumulative 39.1%)
failure rate                : 0.0% (cumulative 0.0%)
completed cycles / episode  : 0.000
synthetic task reward       : 7300.000
shaping reward              : 3170.107
learning reward             : 10470.107
episode length              : 235.0
abstract changes / episode  : 77.5
same abstract-state steps   : 67.0%
same-state shaping / episode: 0.000
changed-state shaping / ep. : 3170.107
terminal shaping / episode  : 72.059
DFA transitions / episode   : 2.53
DFA transitions in window   : 1->2: 97, 2->3: 83, 3->4: 73
epsilon (next episode)       : 0.04413
replay buffer                : 300000 samples [1: 52.6%, 2: 35.8%, 3: 11.6%, 4: 0.0%]
DFA state visits in window   : 1: 12075, 2: 8792, 3: 2657, 4: 73
DFA state visits cumulative  : 1: 1279254, 2: 575817, 3: 178162, 4: 3053
DFA state entries in window  : 1: 100, 2: 97, 3: 83, 4: 73
DFA state entries cumulative : 1: 7800, 2: 4519, 3: 3497, 4: 3053
transitions cumulative       : 1->2: 4519, 2->3: 3497, 3->4: 3053
accepted directly from s0    : 0
Gym endings cumulative       : terminated=4631, truncated=116

[Episode 7900/8000 | last 100]
success rate                : 62.0% (cumulative 39.4%)
failure rate                : 0.0% (cumulative 0.0%)
completed cycles / episode  : 0.000
synthetic task reward       : 6200.000
shaping reward              : 2369.245
learning reward             : 8569.245
episode length              : 287.4
abstract changes / episode  : 86.5
same abstract-state steps   : 69.9%
same-state shaping / episode: 0.000
changed-state shaping / ep. : 2369.245
terminal shaping / episode  : 60.905
DFA transitions / episode   : 2.08
DFA transitions in window   : 1->2: 83, 2->3: 63, 3->4: 62
epsilon (next episode)       : 0.04240
replay buffer                : 300000 samples [1: 53.1%, 2: 35.6%, 3: 11.2%, 4: 0.0%]
DFA state visits in window   : 1: 18035, 2: 8741, 3: 2001, 4: 62
DFA state visits cumulative  : 1: 1297289, 2: 584558, 3: 180163, 4: 3115
DFA state entries in window  : 1: 100, 2: 83, 3: 63, 4: 62
DFA state entries cumulative : 1: 7900, 2: 4602, 3: 3560, 4: 3115
transitions cumulative       : 1->2: 4602, 2->3: 3560, 3->4: 3115
accepted directly from s0    : 0
Gym endings cumulative       : terminated=4667, truncated=118

[Episode 8000/8000 | last 100]
success rate                : 81.0% (cumulative 40.0%)
failure rate                : 0.0% (cumulative 0.0%)
completed cycles / episode  : 0.000
synthetic task reward       : 8100.000
shaping reward              : 3147.682
learning reward             : 11247.682
episode length              : 267.0
abstract changes / episode  : 81.6
same abstract-state steps   : 69.4%
same-state shaping / episode: 0.000
changed-state shaping / ep. : 3147.682
terminal shaping / episode  : 81.000
DFA transitions / episode   : 2.59
DFA transitions in window   : 1->2: 95, 2->3: 83, 3->4: 81
epsilon (next episode)       : 0.04074
replay buffer                : 300000 samples [1: 53.4%, 2: 35.5%, 3: 11.1%, 4: 0.0%]
DFA state visits in window   : 1: 14905, 2: 8983, 3: 2830, 4: 81
DFA state visits cumulative  : 1: 1312194, 2: 593541, 3: 182993, 4: 3196
DFA state entries in window  : 1: 100, 2: 95, 3: 83, 4: 81
DFA state entries cumulative : 1: 8000, 2: 4697, 3: 3643, 4: 3196
transitions cumulative       : 1->2: 4697, 2->3: 3643, 3->4: 3196
accepted directly from s0    : 0
Gym endings cumulative       : terminated=4685, truncated=119

Starting autonomous greedy evaluation at episode 8000 (1000 fixed-seed episodes)...
[Greedy evaluation at episode 8000 | 1000 fixed-seed episodes]
success=99.0%, failure=0.0%, task reward=9900.000, length=249.2
DFA transitions: 1->2: 995, 2->3: 991, 3->4: 990
Last policy saved after episode 8000. Best greedy evaluation: episode 7000, mean task reward=9980.000
