
=== NEW RUN ===
episodes=8000, shaping=True, goal_reward=10000.0, gamma=0.99
gamma_shaping=1.0, shaping_formula=gamma_shaping*Phi(next)-Phi(state)
ground_unbiased_learner=False
eval_interval=500, eval_episodes=1000, eval_seed=100000
inter_level_shaping=False, inter_level_formula=gamma*Phi(next)-Phi(state)
task_type=ltlf, task=F(wp1 & X(F(wp2 & X(F(g1)))))
regions={wp1: {'center': [-0.75, 1.0625], 'radius': 0.1}, wp2: {'center': [0, 0.8125], 'radius': 0.1}, g1: {'center': [0.75, 1.0625], 'radius': 0.1}}
dfa_states=[1, 2, 3, 4], pre_trace=1, accepting=[4], failure=[]

[Episode 1/8000 | last 1]
success rate                : 0.0% (cumulative 0.0%)
failure rate                : 0.0% (cumulative 0.0%)
completed cycles / episode  : 0.000
synthetic task reward       : 0.000
shaping reward              : -926.199
learning reward             : -926.199
episode length              : 123.0
abstract changes / episode  : 56.0
same abstract-state steps   : 54.5%
same-state shaping / episode: 0.000
changed-state shaping / ep. : -926.199
terminal shaping / episode  : 0.000
DFA transitions / episode   : 0.00
DFA transitions in window   : none
epsilon (next episode)       : 0.99960
replay buffer                : 123 samples [1: 100.0%, 2: 0.0%, 3: 0.0%, 4: 0.0%]
DFA state visits in window   : 1: 124, 2: 0, 3: 0, 4: 0
DFA state visits cumulative  : 1: 124, 2: 0, 3: 0, 4: 0
DFA state entries in window  : 1: 1, 2: 0, 3: 0, 4: 0
DFA state entries cumulative : 1: 1, 2: 0, 3: 0, 4: 0
transitions cumulative       : none
accepted directly from s0    : 0
Gym endings cumulative       : terminated=1, truncated=0

[Episode 100/8000 | last 100]
success rate                : 0.0% (cumulative 0.0%)
failure rate                : 0.0% (cumulative 0.0%)
completed cycles / episode  : 0.000
synthetic task reward       : 0.000
shaping reward              : -925.142
learning reward             : -925.142
episode length              : 86.1
abstract changes / episode  : 48.2
same abstract-state steps   : 44.0%
same-state shaping / episode: 0.000
changed-state shaping / ep. : -925.142
terminal shaping / episode  : -8.782
DFA transitions / episode   : 0.01
DFA transitions in window   : 1->2: 1
epsilon (next episode)       : 0.96078
replay buffer                : 8613 samples [1: 99.8%, 2: 0.2%, 3: 0.0%, 4: 0.0%]
DFA state visits in window   : 1: 8693, 2: 20, 3: 0, 4: 0
DFA state visits cumulative  : 1: 8693, 2: 20, 3: 0, 4: 0
DFA state entries in window  : 1: 100, 2: 1, 3: 0, 4: 0
DFA state entries cumulative : 1: 100, 2: 1, 3: 0, 4: 0
transitions cumulative       : 1->2: 1
accepted directly from s0    : 0
Gym endings cumulative       : terminated=100, truncated=0

[Episode 200/8000 | last 100]
success rate                : 0.0% (cumulative 0.0%)
failure rate                : 0.0% (cumulative 0.0%)
completed cycles / episode  : 0.000
synthetic task reward       : 0.000
shaping reward              : -855.790
learning reward             : -855.790
episode length              : 96.1
abstract changes / episode  : 49.3
same abstract-state steps   : 48.7%
same-state shaping / episode: 0.000
changed-state shaping / ep. : -855.790
terminal shaping / episode  : -7.148
DFA transitions / episode   : 0.05
DFA transitions in window   : 1->2: 5
epsilon (next episode)       : 0.92310
replay buffer                : 18220 samples [1: 99.4%, 2: 0.6%, 3: 0.0%, 4: 0.0%]
DFA state visits in window   : 1: 9617, 2: 90, 3: 0, 4: 0
DFA state visits cumulative  : 1: 18310, 2: 110, 3: 0, 4: 0
DFA state entries in window  : 1: 100, 2: 5, 3: 0, 4: 0
DFA state entries cumulative : 1: 200, 2: 6, 3: 0, 4: 0
transitions cumulative       : 1->2: 6
accepted directly from s0    : 0
Gym endings cumulative       : terminated=200, truncated=0

[Episode 300/8000 | last 100]
success rate                : 0.0% (cumulative 0.0%)
failure rate                : 0.0% (cumulative 0.0%)
completed cycles / episode  : 0.000
synthetic task reward       : 0.000
shaping reward              : -893.220
learning reward             : -893.220
episode length              : 99.0
abstract changes / episode  : 50.2
same abstract-state steps   : 49.3%
same-state shaping / episode: 0.000
changed-state shaping / ep. : -893.220
terminal shaping / episode  : -7.764
DFA transitions / episode   : 0.02
DFA transitions in window   : 1->2: 2
epsilon (next episode)       : 0.88690
replay buffer                : 28121 samples [1: 99.4%, 2: 0.6%, 3: 0.0%, 4: 0.0%]
DFA state visits in window   : 1: 9941, 2: 60, 3: 0, 4: 0
DFA state visits cumulative  : 1: 28251, 2: 170, 3: 0, 4: 0
DFA state entries in window  : 1: 100, 2: 2, 3: 0, 4: 0
DFA state entries cumulative : 1: 300, 2: 8, 3: 0, 4: 0
transitions cumulative       : 1->2: 8
accepted directly from s0    : 0
Gym endings cumulative       : terminated=300, truncated=0

[Episode 400/8000 | last 100]
success rate                : 0.0% (cumulative 0.0%)
failure rate                : 0.0% (cumulative 0.0%)
completed cycles / episode  : 0.000
synthetic task reward       : 0.000
shaping reward              : -796.360
learning reward             : -796.360
episode length              : 95.7
abstract changes / episode  : 48.2
same abstract-state steps   : 49.6%
same-state shaping / episode: 0.000
changed-state shaping / ep. : -796.360
terminal shaping / episode  : -8.156
DFA transitions / episode   : 0.06
DFA transitions in window   : 1->2: 6
epsilon (next episode)       : 0.85212
replay buffer                : 37693 samples [1: 99.3%, 2: 0.7%, 3: 0.0%, 4: 0.0%]
DFA state visits in window   : 1: 9550, 2: 122, 3: 0, 4: 0
DFA state visits cumulative  : 1: 37801, 2: 292, 3: 0, 4: 0
DFA state entries in window  : 1: 100, 2: 6, 3: 0, 4: 0
DFA state entries cumulative : 1: 400, 2: 14, 3: 0, 4: 0
transitions cumulative       : 1->2: 14
accepted directly from s0    : 0
Gym endings cumulative       : terminated=400, truncated=0

[Episode 500/8000 | last 100]
success rate                : 0.0% (cumulative 0.0%)
failure rate                : 0.0% (cumulative 0.0%)
completed cycles / episode  : 0.000
synthetic task reward       : 0.000
shaping reward              : -832.607
learning reward             : -832.607
episode length              : 102.4
abstract changes / episode  : 49.5
same abstract-state steps   : 51.7%
same-state shaping / episode: 0.000
changed-state shaping / ep. : -832.607
terminal shaping / episode  : -12.151
DFA transitions / episode   : 0.05
DFA transitions in window   : 1->2: 5
epsilon (next episode)       : 0.81870
replay buffer                : 47929 samples [1: 99.1%, 2: 0.9%, 3: 0.0%, 4: 0.0%]
DFA state visits in window   : 1: 10186, 2: 150, 3: 0, 4: 0
DFA state visits cumulative  : 1: 47987, 2: 442, 3: 0, 4: 0
DFA state entries in window  : 1: 100, 2: 5, 3: 0, 4: 0
DFA state entries cumulative : 1: 500, 2: 19, 3: 0, 4: 0
transitions cumulative       : 1->2: 19
accepted directly from s0    : 0
Gym endings cumulative       : terminated=500, truncated=0

Starting autonomous greedy evaluation at episode 500 (1000 fixed-seed episodes)...
[Greedy evaluation at episode 500 | 1000 fixed-seed episodes]
success=0.0%, failure=0.0%, task reward=0.000, length=189.3
DFA transitions: 1->2: 1
Best policy updated from autonomous greedy evaluation at episode 500.

[Episode 600/8000 | last 100]
success rate                : 0.0% (cumulative 0.0%)
failure rate                : 0.0% (cumulative 0.0%)
completed cycles / episode  : 0.000
synthetic task reward       : 0.000
shaping reward              : -765.303
learning reward             : -765.303
episode length              : 104.2
abstract changes / episode  : 49.4
same abstract-state steps   : 52.6%
same-state shaping / episode: 0.000
changed-state shaping / ep. : -765.303
terminal shaping / episode  : -12.559
DFA transitions / episode   : 0.03
DFA transitions in window   : 1->2: 3
epsilon (next episode)       : 0.78659
replay buffer                : 58351 samples [1: 99.2%, 2: 0.8%, 3: 0.0%, 4: 0.0%]
DFA state visits in window   : 1: 10447, 2: 75, 3: 0, 4: 0
DFA state visits cumulative  : 1: 58434, 2: 517, 3: 0, 4: 0
DFA state entries in window  : 1: 100, 2: 3, 3: 0, 4: 0
DFA state entries cumulative : 1: 600, 2: 22, 3: 0, 4: 0
transitions cumulative       : 1->2: 22
accepted directly from s0    : 0
Gym endings cumulative       : terminated=600, truncated=0

[Episode 700/8000 | last 100]
success rate                : 0.0% (cumulative 0.0%)
failure rate                : 0.0% (cumulative 0.0%)
completed cycles / episode  : 0.000
synthetic task reward       : 0.000
shaping reward              : -749.939
learning reward             : -749.939
episode length              : 106.8
abstract changes / episode  : 49.4
same abstract-state steps   : 53.7%
same-state shaping / episode: 0.000
changed-state shaping / ep. : -749.939
terminal shaping / episode  : -12.643
DFA transitions / episode   : 0.02
DFA transitions in window   : 1->2: 2
epsilon (next episode)       : 0.75574
replay buffer                : 69033 samples [1: 99.2%, 2: 0.8%, 3: 0.0%, 4: 0.0%]
DFA state visits in window   : 1: 10724, 2: 58, 3: 0, 4: 0
DFA state visits cumulative  : 1: 69158, 2: 575, 3: 0, 4: 0
DFA state entries in window  : 1: 100, 2: 2, 3: 0, 4: 0
DFA state entries cumulative : 1: 700, 2: 24, 3: 0, 4: 0
transitions cumulative       : 1->2: 24
accepted directly from s0    : 0
Gym endings cumulative       : terminated=700, truncated=0

[Episode 800/8000 | last 100]
success rate                : 0.0% (cumulative 0.0%)
failure rate                : 0.0% (cumulative 0.0%)
completed cycles / episode  : 0.000
synthetic task reward       : 0.000
shaping reward              : -752.823
learning reward             : -752.823
episode length              : 117.4
abstract changes / episode  : 50.9
same abstract-state steps   : 56.7%
same-state shaping / episode: 0.000
changed-state shaping / ep. : -752.823
terminal shaping / episode  : -8.186
DFA transitions / episode   : 0.05
DFA transitions in window   : 1->2: 5
epsilon (next episode)       : 0.72610
replay buffer                : 80769 samples [1: 99.1%, 2: 0.9%, 3: 0.0%, 4: 0.0%]
DFA state visits in window   : 1: 11678, 2: 158, 3: 0, 4: 0
DFA state visits cumulative  : 1: 80836, 2: 733, 3: 0, 4: 0
DFA state entries in window  : 1: 100, 2: 5, 3: 0, 4: 0
DFA state entries cumulative : 1: 800, 2: 29, 3: 0, 4: 0
transitions cumulative       : 1->2: 29
accepted directly from s0    : 0
Gym endings cumulative       : terminated=800, truncated=0

[Episode 900/8000 | last 100]
success rate                : 0.0% (cumulative 0.0%)
failure rate                : 0.0% (cumulative 0.0%)
completed cycles / episode  : 0.000
synthetic task reward       : 0.000
shaping reward              : -753.294
learning reward             : -753.294
episode length              : 120.0
abstract changes / episode  : 51.6
same abstract-state steps   : 57.0%
same-state shaping / episode: 0.000
changed-state shaping / ep. : -753.294
terminal shaping / episode  : -17.018
DFA transitions / episode   : 0.03
DFA transitions in window   : 1->2: 3
epsilon (next episode)       : 0.69763
replay buffer                : 92765 samples [1: 99.2%, 2: 0.8%, 3: 0.0%, 4: 0.0%]
DFA state visits in window   : 1: 12026, 2: 70, 3: 0, 4: 0
DFA state visits cumulative  : 1: 92862, 2: 803, 3: 0, 4: 0
DFA state entries in window  : 1: 100, 2: 3, 3: 0, 4: 0
DFA state entries cumulative : 1: 900, 2: 32, 3: 0, 4: 0
transitions cumulative       : 1->2: 32
accepted directly from s0    : 0
Gym endings cumulative       : terminated=899, truncated=1

[Episode 1000/8000 | last 100]
success rate                : 0.0% (cumulative 0.0%)
failure rate                : 0.0% (cumulative 0.0%)
completed cycles / episode  : 0.000
synthetic task reward       : 0.000
shaping reward              : -730.645
learning reward             : -730.645
episode length              : 116.2
abstract changes / episode  : 51.5
same abstract-state steps   : 55.7%
same-state shaping / episode: 0.000
changed-state shaping / ep. : -730.645
terminal shaping / episode  : -12.550
DFA transitions / episode   : 0.07
DFA transitions in window   : 1->2: 7
epsilon (next episode)       : 0.67027
replay buffer                : 104382 samples [1: 99.1%, 2: 0.9%, 3: 0.0%, 4: 0.0%]
DFA state visits in window   : 1: 11507, 2: 210, 3: 0, 4: 0
DFA state visits cumulative  : 1: 104369, 2: 1013, 3: 0, 4: 0
DFA state entries in window  : 1: 100, 2: 7, 3: 0, 4: 0
DFA state entries cumulative : 1: 1000, 2: 39, 3: 0, 4: 0
transitions cumulative       : 1->2: 39
accepted directly from s0    : 0
Gym endings cumulative       : terminated=999, truncated=1

Starting autonomous greedy evaluation at episode 1000 (1000 fixed-seed episodes)...
[Greedy evaluation at episode 1000 | 1000 fixed-seed episodes]
success=0.0%, failure=0.0%, task reward=0.000, length=171.5
DFA transitions: 1->2: 48
Best policy updated from autonomous greedy evaluation at episode 1000.

[Episode 1100/8000 | last 100]
success rate                : 0.0% (cumulative 0.0%)
failure rate                : 0.0% (cumulative 0.0%)
completed cycles / episode  : 0.000
synthetic task reward       : 0.000
shaping reward              : -722.467
learning reward             : -722.467
episode length              : 122.7
abstract changes / episode  : 52.5
same abstract-state steps   : 57.3%
same-state shaping / episode: 0.000
changed-state shaping / ep. : -722.467
terminal shaping / episode  : -10.879
DFA transitions / episode   : 0.04
DFA transitions in window   : 1->2: 4
epsilon (next episode)       : 0.64398
replay buffer                : 116654 samples [1: 99.1%, 2: 0.9%, 3: 0.0%, 4: 0.0%]
DFA state visits in window   : 1: 12237, 2: 135, 3: 0, 4: 0
DFA state visits cumulative  : 1: 116606, 2: 1148, 3: 0, 4: 0
DFA state entries in window  : 1: 100, 2: 4, 3: 0, 4: 0
DFA state entries cumulative : 1: 1100, 2: 43, 3: 0, 4: 0
transitions cumulative       : 1->2: 43
accepted directly from s0    : 0
Gym endings cumulative       : terminated=1099, truncated=1

[Episode 1200/8000 | last 100]
success rate                : 0.0% (cumulative 0.0%)
failure rate                : 0.0% (cumulative 0.0%)
completed cycles / episode  : 0.000
synthetic task reward       : 0.000
shaping reward              : -804.742
learning reward             : -804.742
episode length              : 127.0
abstract changes / episode  : 53.5
same abstract-state steps   : 57.8%
same-state shaping / episode: 0.000
changed-state shaping / ep. : -804.742
terminal shaping / episode  : -9.253
DFA transitions / episode   : 0.00
DFA transitions in window   : none
epsilon (next episode)       : 0.61872
replay buffer                : 129352 samples [1: 99.1%, 2: 0.9%, 3: 0.0%, 4: 0.0%]
DFA state visits in window   : 1: 12798, 2: 0, 3: 0, 4: 0
DFA state visits cumulative  : 1: 129404, 2: 1148, 3: 0, 4: 0
DFA state entries in window  : 1: 100, 2: 0, 3: 0, 4: 0
DFA state entries cumulative : 1: 1200, 2: 43, 3: 0, 4: 0
transitions cumulative       : 1->2: 43
accepted directly from s0    : 0
Gym endings cumulative       : terminated=1199, truncated=1

[Episode 1300/8000 | last 100]
success rate                : 0.0% (cumulative 0.0%)
failure rate                : 0.0% (cumulative 0.0%)
completed cycles / episode  : 0.000
synthetic task reward       : 0.000
shaping reward              : -792.373
learning reward             : -792.373
episode length              : 132.8
abstract changes / episode  : 54.6
same abstract-state steps   : 58.9%
same-state shaping / episode: 0.000
changed-state shaping / ep. : -792.373
terminal shaping / episode  : -11.979
DFA transitions / episode   : 0.02
DFA transitions in window   : 1->2: 2
epsilon (next episode)       : 0.59446
replay buffer                : 142633 samples [1: 99.2%, 2: 0.8%, 3: 0.0%, 4: 0.0%]
DFA state visits in window   : 1: 13303, 2: 78, 3: 0, 4: 0
DFA state visits cumulative  : 1: 142707, 2: 1226, 3: 0, 4: 0
DFA state entries in window  : 1: 100, 2: 2, 3: 0, 4: 0
DFA state entries cumulative : 1: 1300, 2: 45, 3: 0, 4: 0
transitions cumulative       : 1->2: 45
accepted directly from s0    : 0
Gym endings cumulative       : terminated=1299, truncated=1

[Episode 1400/8000 | last 100]
success rate                : 0.0% (cumulative 0.0%)
failure rate                : 0.0% (cumulative 0.0%)
completed cycles / episode  : 0.000
synthetic task reward       : 0.000
shaping reward              : -805.053
learning reward             : -805.053
episode length              : 136.4
abstract changes / episode  : 53.6
same abstract-state steps   : 60.7%
same-state shaping / episode: 0.000
changed-state shaping / ep. : -805.053
terminal shaping / episode  : -11.585
DFA transitions / episode   : 0.00
DFA transitions in window   : none
epsilon (next episode)       : 0.57115
replay buffer                : 156274 samples [1: 99.2%, 2: 0.8%, 3: 0.0%, 4: 0.0%]
DFA state visits in window   : 1: 13741, 2: 0, 3: 0, 4: 0
DFA state visits cumulative  : 1: 156448, 2: 1226, 3: 0, 4: 0
DFA state entries in window  : 1: 100, 2: 0, 3: 0, 4: 0
DFA state entries cumulative : 1: 1400, 2: 45, 3: 0, 4: 0
transitions cumulative       : 1->2: 45
accepted directly from s0    : 0
Gym endings cumulative       : terminated=1399, truncated=1

[Episode 1500/8000 | last 100]
success rate                : 0.0% (cumulative 0.0%)
failure rate                : 0.0% (cumulative 0.0%)
completed cycles / episode  : 0.000
synthetic task reward       : 0.000
shaping reward              : -849.503
learning reward             : -849.503
episode length              : 141.1
abstract changes / episode  : 55.0
same abstract-state steps   : 61.0%
same-state shaping / episode: 0.000
changed-state shaping / ep. : -849.503
terminal shaping / episode  : -9.606
DFA transitions / episode   : 0.00
DFA transitions in window   : none
epsilon (next episode)       : 0.54875
replay buffer                : 170384 samples [1: 99.3%, 2: 0.7%, 3: 0.0%, 4: 0.0%]
DFA state visits in window   : 1: 14210, 2: 0, 3: 0, 4: 0
DFA state visits cumulative  : 1: 170658, 2: 1226, 3: 0, 4: 0
DFA state entries in window  : 1: 100, 2: 0, 3: 0, 4: 0
DFA state entries cumulative : 1: 1500, 2: 45, 3: 0, 4: 0
transitions cumulative       : 1->2: 45
accepted directly from s0    : 0
Gym endings cumulative       : terminated=1499, truncated=1

Starting autonomous greedy evaluation at episode 1500 (1000 fixed-seed episodes)...
[Greedy evaluation at episode 1500 | 1000 fixed-seed episodes]
success=0.0%, failure=0.0%, task reward=0.000, length=539.2
DFA transitions: 1->2: 598

[Episode 1600/8000 | last 100]
success rate                : 0.0% (cumulative 0.0%)
failure rate                : 0.0% (cumulative 0.0%)
completed cycles / episode  : 0.000
synthetic task reward       : 0.000
shaping reward              : -657.476
learning reward             : -657.476
episode length              : 153.0
abstract changes / episode  : 54.3
same abstract-state steps   : 64.5%
same-state shaping / episode: 0.000
changed-state shaping / ep. : -657.476
terminal shaping / episode  : -8.253
DFA transitions / episode   : 0.04
DFA transitions in window   : 1->2: 4
epsilon (next episode)       : 0.52722
replay buffer                : 185683 samples [1: 99.3%, 2: 0.7%, 3: 0.0%, 4: 0.0%]
DFA state visits in window   : 1: 15280, 2: 119, 3: 0, 4: 0
DFA state visits cumulative  : 1: 185938, 2: 1345, 3: 0, 4: 0
DFA state entries in window  : 1: 100, 2: 4, 3: 0, 4: 0
DFA state entries cumulative : 1: 1600, 2: 49, 3: 0, 4: 0
transitions cumulative       : 1->2: 49
accepted directly from s0    : 0
Gym endings cumulative       : terminated=1599, truncated=1

[Episode 1700/8000 | last 100]
success rate                : 0.0% (cumulative 0.0%)
failure rate                : 0.0% (cumulative 0.0%)
completed cycles / episode  : 0.000
synthetic task reward       : 0.000
shaping reward              : -537.350
learning reward             : -537.350
episode length              : 148.9
abstract changes / episode  : 53.1
same abstract-state steps   : 64.4%
same-state shaping / episode: 0.000
changed-state shaping / ep. : -537.350
terminal shaping / episode  : -10.398
DFA transitions / episode   : 0.12
DFA transitions in window   : 1->2: 12
epsilon (next episode)       : 0.50655
replay buffer                : 200574 samples [1: 99.2%, 2: 0.8%, 3: 0.0%, 4: 0.0%]
DFA state visits in window   : 1: 14658, 2: 333, 3: 0, 4: 0
DFA state visits cumulative  : 1: 200596, 2: 1678, 3: 0, 4: 0
DFA state entries in window  : 1: 100, 2: 12, 3: 0, 4: 0
DFA state entries cumulative : 1: 1700, 2: 61, 3: 0, 4: 0
transitions cumulative       : 1->2: 61
accepted directly from s0    : 0
Gym endings cumulative       : terminated=1698, truncated=2

[Episode 1800/8000 | last 100]
success rate                : 0.0% (cumulative 0.0%)
failure rate                : 0.0% (cumulative 0.0%)
completed cycles / episode  : 0.000
synthetic task reward       : 0.000
shaping reward              : -680.522
learning reward             : -680.522
episode length              : 190.0
abstract changes / episode  : 60.4
same abstract-state steps   : 68.2%
same-state shaping / episode: 0.000
changed-state shaping / ep. : -680.522
terminal shaping / episode  : -3.499
DFA transitions / episode   : 0.07
DFA transitions in window   : 1->2: 7
epsilon (next episode)       : 0.48668
replay buffer                : 219573 samples [1: 99.2%, 2: 0.8%, 3: 0.0%, 4: 0.0%]
DFA state visits in window   : 1: 18910, 2: 189, 3: 0, 4: 0
DFA state visits cumulative  : 1: 219506, 2: 1867, 3: 0, 4: 0
DFA state entries in window  : 1: 100, 2: 7, 3: 0, 4: 0
DFA state entries cumulative : 1: 1800, 2: 68, 3: 0, 4: 0
transitions cumulative       : 1->2: 68
accepted directly from s0    : 0
Gym endings cumulative       : terminated=1797, truncated=3

[Episode 1900/8000 | last 100]
success rate                : 0.0% (cumulative 0.0%)
failure rate                : 0.0% (cumulative 0.0%)
completed cycles / episode  : 0.000
synthetic task reward       : 0.000
shaping reward              : -795.288
learning reward             : -795.288
episode length              : 195.7
abstract changes / episode  : 60.1
same abstract-state steps   : 69.3%
same-state shaping / episode: 0.000
changed-state shaping / ep. : -795.288
terminal shaping / episode  : -6.276
DFA transitions / episode   : 0.04
DFA transitions in window   : 1->2: 4
epsilon (next episode)       : 0.46760
replay buffer                : 239143 samples [1: 99.2%, 2: 0.8%, 3: 0.0%, 4: 0.0%]
DFA state visits in window   : 1: 19453, 2: 217, 3: 0, 4: 0
DFA state visits cumulative  : 1: 238959, 2: 2084, 3: 0, 4: 0
DFA state entries in window  : 1: 100, 2: 4, 3: 0, 4: 0
DFA state entries cumulative : 1: 1900, 2: 72, 3: 0, 4: 0
transitions cumulative       : 1->2: 72
accepted directly from s0    : 0
Gym endings cumulative       : terminated=1896, truncated=4

[Episode 2000/8000 | last 100]
success rate                : 0.0% (cumulative 0.0%)
failure rate                : 0.0% (cumulative 0.0%)
completed cycles / episode  : 0.000
synthetic task reward       : 0.000
shaping reward              : -521.971
learning reward             : -521.971
episode length              : 206.6
abstract changes / episode  : 64.7
same abstract-state steps   : 68.7%
same-state shaping / episode: 0.000
changed-state shaping / ep. : -521.971
terminal shaping / episode  : -13.813
DFA transitions / episode   : 0.12
DFA transitions in window   : 1->2: 11, 2->3: 1
epsilon (next episode)       : 0.44926
replay buffer                : 259805 samples [1: 98.8%, 2: 1.2%, 3: 0.0%, 4: 0.0%]
DFA state visits in window   : 1: 19668, 2: 1068, 3: 26, 4: 0
DFA state visits cumulative  : 1: 258627, 2: 3152, 3: 26, 4: 0
DFA state entries in window  : 1: 100, 2: 11, 3: 1, 4: 0
DFA state entries cumulative : 1: 2000, 2: 83, 3: 1, 4: 0
transitions cumulative       : 1->2: 83, 2->3: 1
accepted directly from s0    : 0
Gym endings cumulative       : terminated=1994, truncated=6

Starting autonomous greedy evaluation at episode 2000 (1000 fixed-seed episodes)...
[Greedy evaluation at episode 2000 | 1000 fixed-seed episodes]
success=0.0%, failure=0.0%, task reward=0.000, length=659.5
DFA transitions: 1->2: 40

[Episode 2100/8000 | last 100]
success rate                : 0.0% (cumulative 0.0%)
failure rate                : 0.0% (cumulative 0.0%)
completed cycles / episode  : 0.000
synthetic task reward       : 0.000
shaping reward              : -143.787
learning reward             : -143.787
episode length              : 173.5
abstract changes / episode  : 58.8
same abstract-state steps   : 66.1%
same-state shaping / episode: 0.000
changed-state shaping / ep. : -143.787
terminal shaping / episode  : -14.324
DFA transitions / episode   : 0.20
DFA transitions in window   : 1->2: 18, 2->3: 2
epsilon (next episode)       : 0.43164
replay buffer                : 277157 samples [1: 98.4%, 2: 1.5%, 3: 0.0%, 4: 0.0%]
DFA state visits in window   : 1: 16151, 2: 1237, 3: 64, 4: 0
DFA state visits cumulative  : 1: 274778, 2: 4389, 3: 90, 4: 0
DFA state entries in window  : 1: 100, 2: 18, 3: 2, 4: 0
DFA state entries cumulative : 1: 2100, 2: 101, 3: 3, 4: 0
transitions cumulative       : 1->2: 101, 2->3: 3
accepted directly from s0    : 0
Gym endings cumulative       : terminated=2094, truncated=6

[Episode 2200/8000 | last 100]
success rate                : 0.0% (cumulative 0.0%)
failure rate                : 0.0% (cumulative 0.0%)
completed cycles / episode  : 0.000
synthetic task reward       : 0.000
shaping reward              : -233.762
learning reward             : -233.762
episode length              : 236.7
abstract changes / episode  : 72.2
same abstract-state steps   : 69.5%
same-state shaping / episode: 0.000
changed-state shaping / ep. : -233.762
terminal shaping / episode  : -5.785
DFA transitions / episode   : 0.19
DFA transitions in window   : 1->2: 19
epsilon (next episode)       : 0.41471
replay buffer                : 300000 samples [1: 97.8%, 2: 2.2%, 3: 0.0%, 4: 0.0%]
DFA state visits in window   : 1: 21560, 2: 2210, 3: 0, 4: 0
DFA state visits cumulative  : 1: 296338, 2: 6599, 3: 90, 4: 0
DFA state entries in window  : 1: 100, 2: 19, 3: 0, 4: 0
DFA state entries cumulative : 1: 2200, 2: 120, 3: 3, 4: 0
transitions cumulative       : 1->2: 120, 2->3: 3
accepted directly from s0    : 0
Gym endings cumulative       : terminated=2194, truncated=6

[Episode 2300/8000 | last 100]
success rate                : 0.0% (cumulative 0.0%)
failure rate                : 0.0% (cumulative 0.0%)
completed cycles / episode  : 0.000
synthetic task reward       : 0.000
shaping reward              : -192.442
learning reward             : -192.442
episode length              : 241.3
abstract changes / episode  : 70.9
same abstract-state steps   : 70.6%
same-state shaping / episode: 0.000
changed-state shaping / ep. : -192.442
terminal shaping / episode  : -6.686
DFA transitions / episode   : 0.14
DFA transitions in window   : 1->2: 13, 2->3: 1
epsilon (next episode)       : 0.39845
replay buffer                : 300000 samples [1: 97.3%, 2: 2.7%, 3: 0.0%, 4: 0.0%]
DFA state visits in window   : 1: 22509, 2: 1695, 3: 24, 4: 0
DFA state visits cumulative  : 1: 318847, 2: 8294, 3: 114, 4: 0
DFA state entries in window  : 1: 100, 2: 13, 3: 1, 4: 0
DFA state entries cumulative : 1: 2300, 2: 133, 3: 4, 4: 0
transitions cumulative       : 1->2: 133, 2->3: 4
accepted directly from s0    : 0
Gym endings cumulative       : terminated=2293, truncated=7

[Episode 2400/8000 | last 100]
success rate                : 0.0% (cumulative 0.0%)
failure rate                : 0.0% (cumulative 0.0%)
completed cycles / episode  : 0.000
synthetic task reward       : 0.000
shaping reward              : -172.175
learning reward             : -172.175
episode length              : 235.6
abstract changes / episode  : 73.2
same abstract-state steps   : 68.9%
same-state shaping / episode: 0.000
changed-state shaping / ep. : -172.175
terminal shaping / episode  : -7.997
DFA transitions / episode   : 0.16
DFA transitions in window   : 1->2: 15, 2->3: 1
epsilon (next episode)       : 0.38282
replay buffer                : 300000 samples [1: 96.8%, 2: 3.1%, 3: 0.0%, 4: 0.0%]
DFA state visits in window   : 1: 21934, 2: 1694, 3: 34, 4: 0
DFA state visits cumulative  : 1: 340781, 2: 9988, 3: 148, 4: 0
DFA state entries in window  : 1: 100, 2: 15, 3: 1, 4: 0
DFA state entries cumulative : 1: 2400, 2: 148, 3: 5, 4: 0
transitions cumulative       : 1->2: 148, 2->3: 5
accepted directly from s0    : 0
Gym endings cumulative       : terminated=2393, truncated=7

[Episode 2500/8000 | last 100]
success rate                : 0.0% (cumulative 0.0%)
failure rate                : 0.0% (cumulative 0.0%)
completed cycles / episode  : 0.000
synthetic task reward       : 0.000
shaping reward              : 15.121
learning reward             : 15.121
episode length              : 296.4
abstract changes / episode  : 87.6
same abstract-state steps   : 70.5%
same-state shaping / episode: 0.000
changed-state shaping / ep. : 15.121
terminal shaping / episode  : -3.938
DFA transitions / episode   : 0.35
DFA transitions in window   : 1->2: 34, 2->3: 1
epsilon (next episode)       : 0.36781
replay buffer                : 300000 samples [1: 95.0%, 2: 5.0%, 3: 0.1%, 4: 0.0%]
DFA state visits in window   : 1: 23949, 2: 5753, 3: 35, 4: 0
DFA state visits cumulative  : 1: 364730, 2: 15741, 3: 183, 4: 0
DFA state entries in window  : 1: 100, 2: 34, 3: 1, 4: 0
DFA state entries cumulative : 1: 2500, 2: 182, 3: 6, 4: 0
transitions cumulative       : 1->2: 182, 2->3: 6
accepted directly from s0    : 0
Gym endings cumulative       : terminated=2490, truncated=10

Starting autonomous greedy evaluation at episode 2500 (1000 fixed-seed episodes)...
[Greedy evaluation at episode 2500 | 1000 fixed-seed episodes]
success=0.0%, failure=0.0%, task reward=0.000, length=870.1
DFA transitions: 1->2: 151, 2->3: 2

[Episode 2600/8000 | last 100]
success rate                : 0.0% (cumulative 0.0%)
failure rate                : 0.0% (cumulative 0.0%)
completed cycles / episode  : 0.000
synthetic task reward       : 0.000
shaping reward              : -59.485
learning reward             : -59.485
episode length              : 285.0
abstract changes / episode  : 89.7
same abstract-state steps   : 68.5%
same-state shaping / episode: 0.000
changed-state shaping / ep. : -59.485
terminal shaping / episode  : -3.052
DFA transitions / episode   : 0.33
DFA transitions in window   : 1->2: 28, 2->3: 5
epsilon (next episode)       : 0.35338
replay buffer                : 300000 samples [1: 93.8%, 2: 6.1%, 3: 0.1%, 4: 0.0%]
DFA state visits in window   : 1: 24649, 2: 3707, 3: 242, 4: 0
DFA state visits cumulative  : 1: 389379, 2: 19448, 3: 425, 4: 0
DFA state entries in window  : 1: 100, 2: 28, 3: 5, 4: 0
DFA state entries cumulative : 1: 2600, 2: 210, 3: 11, 4: 0
transitions cumulative       : 1->2: 210, 2->3: 11
accepted directly from s0    : 0
Gym endings cumulative       : terminated=2588, truncated=12

[Episode 2700/8000 | last 100]
success rate                : 0.0% (cumulative 0.0%)
failure rate                : 0.0% (cumulative 0.0%)
completed cycles / episode  : 0.000
synthetic task reward       : 0.000
shaping reward              : 8.066
learning reward             : 8.066
episode length              : 306.2
abstract changes / episode  : 89.5
same abstract-state steps   : 70.8%
same-state shaping / episode: 0.000
changed-state shaping / ep. : 8.066
terminal shaping / episode  : -7.145
DFA transitions / episode   : 0.39
DFA transitions in window   : 1->2: 31, 2->3: 8
epsilon (next episode)       : 0.33952
replay buffer                : 300000 samples [1: 91.6%, 2: 8.1%, 3: 0.4%, 4: 0.0%]
DFA state visits in window   : 1: 23827, 2: 6200, 3: 692, 4: 0
DFA state visits cumulative  : 1: 413206, 2: 25648, 3: 1117, 4: 0
DFA state entries in window  : 1: 100, 2: 31, 3: 8, 4: 0
DFA state entries cumulative : 1: 2700, 2: 241, 3: 19, 4: 0
transitions cumulative       : 1->2: 241, 2->3: 19
accepted directly from s0    : 0
Gym endings cumulative       : terminated=2684, truncated=16

[Episode 2800/8000 | last 100]
success rate                : 0.0% (cumulative 0.0%)
failure rate                : 0.0% (cumulative 0.0%)
completed cycles / episode  : 0.000
synthetic task reward       : 0.000
shaping reward              : 78.954
learning reward             : 78.954
episode length              : 320.9
abstract changes / episode  : 99.1
same abstract-state steps   : 69.1%
same-state shaping / episode: 0.000
changed-state shaping / ep. : 78.954
terminal shaping / episode  : -4.862
DFA transitions / episode   : 0.37
DFA transitions in window   : 1->2: 29, 2->3: 8
epsilon (next episode)       : 0.32621
replay buffer                : 300000 samples [1: 89.3%, 2: 9.9%, 3: 0.8%, 4: 0.0%]
DFA state visits in window   : 1: 25320, 2: 5609, 3: 1260, 4: 0
DFA state visits cumulative  : 1: 438526, 2: 31257, 3: 2377, 4: 0
DFA state entries in window  : 1: 100, 2: 29, 3: 8, 4: 0
DFA state entries cumulative : 1: 2800, 2: 270, 3: 27, 4: 0
transitions cumulative       : 1->2: 270, 2->3: 27
accepted directly from s0    : 0
Gym endings cumulative       : terminated=2780, truncated=20

[Episode 2900/8000 | last 100]
success rate                : 0.0% (cumulative 0.0%)
failure rate                : 0.0% (cumulative 0.0%)
completed cycles / episode  : 0.000
synthetic task reward       : 0.000
shaping reward              : 130.367
learning reward             : 130.367
episode length              : 275.7
abstract changes / episode  : 92.9
same abstract-state steps   : 66.3%
same-state shaping / episode: 0.000
changed-state shaping / ep. : 130.367
terminal shaping / episode  : -4.395
DFA transitions / episode   : 0.53
DFA transitions in window   : 1->2: 41, 2->3: 12
epsilon (next episode)       : 0.31341
replay buffer                : 300000 samples [1: 87.1%, 2: 11.7%, 3: 1.2%, 4: 0.0%]
DFA state visits in window   : 1: 20636, 2: 5709, 3: 1322, 4: 0
DFA state visits cumulative  : 1: 459162, 2: 36966, 3: 3699, 4: 0
DFA state entries in window  : 1: 100, 2: 41, 3: 12, 4: 0
DFA state entries cumulative : 1: 2900, 2: 311, 3: 39, 4: 0
transitions cumulative       : 1->2: 311, 2->3: 39
accepted directly from s0    : 0
Gym endings cumulative       : terminated=2879, truncated=21

[Episode 3000/8000 | last 100]
success rate                : 5.0% (cumulative 0.2%)
failure rate                : 0.0% (cumulative 0.0%)
completed cycles / episode  : 0.000
synthetic task reward       : 500.000
shaping reward              : 478.918
learning reward             : 978.918
episode length              : 339.2
abstract changes / episode  : 104.2
same abstract-state steps   : 69.3%
same-state shaping / episode: 0.000
changed-state shaping / ep. : 478.918
terminal shaping / episode  : 0.102
DFA transitions / episode   : 0.75
DFA transitions in window   : 1->2: 54, 2->3: 16, 3->4: 5
epsilon (next episode)       : 0.30112
replay buffer                : 300000 samples [1: 83.2%, 2: 14.9%, 3: 2.0%, 4: 0.0%]
DFA state visits in window   : 1: 21929, 2: 9882, 3: 2206, 4: 5
DFA state visits cumulative  : 1: 481091, 2: 46848, 3: 5905, 4: 5
DFA state entries in window  : 1: 100, 2: 54, 3: 16, 4: 5
DFA state entries cumulative : 1: 3000, 2: 365, 3: 55, 4: 5
transitions cumulative       : 1->2: 365, 2->3: 55, 3->4: 5
accepted directly from s0    : 0
Gym endings cumulative       : terminated=2968, truncated=27

Starting autonomous greedy evaluation at episode 3000 (1000 fixed-seed episodes)...
[Greedy evaluation at episode 3000 | 1000 fixed-seed episodes]
success=1.6%, failure=0.0%, task reward=160.000, length=864.3
DFA transitions: 1->2: 366, 2->3: 32, 3->4: 16
Best policy updated from autonomous greedy evaluation at episode 3000.

[Episode 3100/8000 | last 100]
success rate                : 3.0% (cumulative 0.3%)
failure rate                : 0.0% (cumulative 0.0%)
completed cycles / episode  : 0.000
synthetic task reward       : 300.000
shaping reward              : 397.900
learning reward             : 697.900
episode length              : 302.1
abstract changes / episode  : 96.4
same abstract-state steps   : 68.1%
same-state shaping / episode: 0.000
changed-state shaping / ep. : 397.900
terminal shaping / episode  : -6.347
DFA transitions / episode   : 0.64
DFA transitions in window   : 1->2: 47, 2->3: 14, 3->4: 3
epsilon (next episode)       : 0.28931
replay buffer                : 300000 samples [1: 80.4%, 2: 17.0%, 3: 2.6%, 4: 0.0%]
DFA state visits in window   : 1: 20644, 2: 7703, 3: 1962, 4: 3
DFA state visits cumulative  : 1: 501735, 2: 54551, 3: 7867, 4: 8
DFA state entries in window  : 1: 100, 2: 47, 3: 14, 4: 3
DFA state entries cumulative : 1: 3100, 2: 412, 3: 69, 4: 8
transitions cumulative       : 1->2: 412, 2->3: 69, 3->4: 8
accepted directly from s0    : 0
Gym endings cumulative       : terminated=3064, truncated=28

[Episode 3200/8000 | last 100]
success rate                : 3.0% (cumulative 0.3%)
failure rate                : 0.0% (cumulative 0.0%)
completed cycles / episode  : 0.000
synthetic task reward       : 300.000
shaping reward              : 800.974
learning reward             : 1100.974
episode length              : 294.9
abstract changes / episode  : 98.3
same abstract-state steps   : 66.7%
same-state shaping / episode: 0.000
changed-state shaping / ep. : 800.974
terminal shaping / episode  : -0.919
DFA transitions / episode   : 0.84
DFA transitions in window   : 1->2: 56, 2->3: 25, 3->4: 3
epsilon (next episode)       : 0.27797
replay buffer                : 300000 samples [1: 78.3%, 2: 18.5%, 3: 3.2%, 4: 0.0%]
DFA state visits in window   : 1: 20723, 2: 6919, 3: 1947, 4: 3
DFA state visits cumulative  : 1: 522458, 2: 61470, 3: 9814, 4: 11
DFA state entries in window  : 1: 100, 2: 56, 3: 25, 4: 3
DFA state entries cumulative : 1: 3200, 2: 468, 3: 94, 4: 11
transitions cumulative       : 1->2: 468, 2->3: 94, 3->4: 11
accepted directly from s0    : 0
Gym endings cumulative       : terminated=3161, truncated=28

[Episode 3300/8000 | last 100]
success rate                : 4.0% (cumulative 0.5%)
failure rate                : 0.0% (cumulative 0.0%)
completed cycles / episode  : 0.000
synthetic task reward       : 400.000
shaping reward              : 510.264
learning reward             : 910.264
episode length              : 412.5
abstract changes / episode  : 126.1
same abstract-state steps   : 69.4%
same-state shaping / episode: 0.000
changed-state shaping / ep. : 510.264
terminal shaping / episode  : -1.907
DFA transitions / episode   : 0.74
DFA transitions in window   : 1->2: 54, 2->3: 16, 3->4: 4
epsilon (next episode)       : 0.26706
replay buffer                : 300000 samples [1: 75.8%, 2: 20.2%, 3: 4.0%, 4: 0.0%]
DFA state visits in window   : 1: 30661, 2: 8352, 3: 2336, 4: 4
DFA state visits cumulative  : 1: 553119, 2: 69822, 3: 12150, 4: 15
DFA state entries in window  : 1: 100, 2: 54, 3: 16, 4: 4
DFA state entries cumulative : 1: 3300, 2: 522, 3: 110, 4: 15
transitions cumulative       : 1->2: 522, 2->3: 110, 3->4: 15
accepted directly from s0    : 0
Gym endings cumulative       : terminated=3250, truncated=35

[Episode 3400/8000 | last 100]
success rate                : 8.0% (cumulative 0.7%)
failure rate                : 0.0% (cumulative 0.0%)
completed cycles / episode  : 0.000
synthetic task reward       : 800.000
shaping reward              : 1061.673
learning reward             : 1861.673
episode length              : 396.9
abstract changes / episode  : 126.0
same abstract-state steps   : 68.3%
same-state shaping / episode: 0.000
changed-state shaping / ep. : 1061.673
terminal shaping / episode  : 5.358
DFA transitions / episode   : 1.09
DFA transitions in window   : 1->2: 75, 2->3: 26, 3->4: 8
epsilon (next episode)       : 0.25659
replay buffer                : 300000 samples [1: 72.0%, 2: 23.0%, 3: 5.0%, 4: 0.0%]
DFA state visits in window   : 1: 23502, 2: 13214, 3: 3063, 4: 8
DFA state visits cumulative  : 1: 576621, 2: 83036, 3: 15213, 4: 23
DFA state entries in window  : 1: 100, 2: 75, 3: 26, 4: 8
DFA state entries cumulative : 1: 3400, 2: 597, 3: 136, 4: 23
transitions cumulative       : 1->2: 597, 2->3: 136, 3->4: 23
accepted directly from s0    : 0
Gym endings cumulative       : terminated=3334, truncated=43

[Episode 3500/8000 | last 100]
success rate                : 9.0% (cumulative 0.9%)
failure rate                : 0.0% (cumulative 0.0%)
completed cycles / episode  : 0.000
synthetic task reward       : 900.000
shaping reward              : 930.119
learning reward             : 1830.119
episode length              : 430.3
abstract changes / episode  : 128.9
same abstract-state steps   : 70.0%
same-state shaping / episode: 0.000
changed-state shaping / ep. : 930.119
terminal shaping / episode  : 6.769
DFA transitions / episode   : 1.07
DFA transitions in window   : 1->2: 68, 2->3: 30, 3->4: 9
epsilon (next episode)       : 0.24653
replay buffer                : 300000 samples [1: 68.4%, 2: 24.8%, 3: 6.9%, 4: 0.0%]
DFA state visits in window   : 1: 23987, 2: 13243, 3: 5889, 4: 9
DFA state visits cumulative  : 1: 600608, 2: 96279, 3: 21102, 4: 32
DFA state entries in window  : 1: 100, 2: 68, 3: 30, 4: 9
DFA state entries cumulative : 1: 3500, 2: 665, 3: 166, 4: 32
transitions cumulative       : 1->2: 665, 2->3: 166, 3->4: 32
accepted directly from s0    : 0
Gym endings cumulative       : terminated=3419, truncated=49

Starting autonomous greedy evaluation at episode 3500 (1000 fixed-seed episodes)...
[Greedy evaluation at episode 3500 | 1000 fixed-seed episodes]
success=0.0%, failure=0.0%, task reward=0.000, length=671.4
DFA transitions: 1->2: 982, 2->3: 945

[Episode 3600/8000 | last 100]
success rate                : 24.0% (cumulative 1.6%)
failure rate                : 0.0% (cumulative 0.0%)
completed cycles / episode  : 0.000
synthetic task reward       : 2400.000
shaping reward              : 1392.901
learning reward             : 3792.901
episode length              : 438.3
abstract changes / episode  : 135.2
same abstract-state steps   : 69.1%
same-state shaping / episode: 0.000
changed-state shaping / ep. : 1392.901
terminal shaping / episode  : 23.868
DFA transitions / episode   : 1.40
DFA transitions in window   : 1->2: 72, 2->3: 44, 3->4: 24
epsilon (next episode)       : 0.23686
replay buffer                : 300000 samples [1: 64.6%, 2: 27.2%, 3: 8.2%, 4: 0.0%]
DFA state visits in window   : 1: 23398, 2: 14995, 3: 5510, 4: 24
DFA state visits cumulative  : 1: 624006, 2: 111274, 3: 26612, 4: 56
DFA state entries in window  : 1: 100, 2: 72, 3: 44, 4: 24
DFA state entries cumulative : 1: 3600, 2: 737, 3: 210, 4: 56
transitions cumulative       : 1->2: 737, 2->3: 210, 3->4: 56
accepted directly from s0    : 0
Gym endings cumulative       : terminated=3492, truncated=52

[Episode 3700/8000 | last 100]
success rate                : 37.0% (cumulative 2.5%)
failure rate                : 0.0% (cumulative 0.0%)
completed cycles / episode  : 0.000
synthetic task reward       : 3700.000
shaping reward              : 2034.833
learning reward             : 5734.833
episode length              : 444.8
abstract changes / episode  : 129.0
same abstract-state steps   : 71.0%
same-state shaping / episode: 0.000
changed-state shaping / ep. : 2034.833
terminal shaping / episode  : 34.686
DFA transitions / episode   : 1.77
DFA transitions in window   : 1->2: 80, 2->3: 60, 3->4: 37
epsilon (next episode)       : 0.22757
replay buffer                : 300000 samples [1: 60.6%, 2: 29.7%, 3: 9.7%, 4: 0.0%]
DFA state visits in window   : 1: 20193, 2: 17434, 3: 6917, 4: 37
DFA state visits cumulative  : 1: 644199, 2: 128708, 3: 33529, 4: 93
DFA state entries in window  : 1: 100, 2: 80, 3: 60, 4: 37
DFA state entries cumulative : 1: 3700, 2: 817, 3: 270, 4: 93
transitions cumulative       : 1->2: 817, 2->3: 270, 3->4: 93
accepted directly from s0    : 0
Gym endings cumulative       : terminated=3547, truncated=60

[Episode 3800/8000 | last 100]
success rate                : 28.0% (cumulative 3.2%)
failure rate                : 0.0% (cumulative 0.0%)
completed cycles / episode  : 0.000
synthetic task reward       : 2800.000
shaping reward              : 1607.147
learning reward             : 4407.147
episode length              : 423.1
abstract changes / episode  : 130.3
same abstract-state steps   : 69.2%
same-state shaping / episode: 0.000
changed-state shaping / ep. : 1607.147
terminal shaping / episode  : 28.515
DFA transitions / episode   : 1.49
DFA transitions in window   : 1->2: 74, 2->3: 47, 3->4: 28
epsilon (next episode)       : 0.21865
replay buffer                : 300000 samples [1: 58.9%, 2: 30.7%, 3: 10.4%, 4: 0.0%]
DFA state visits in window   : 1: 23243, 2: 14595, 3: 4548, 4: 28
DFA state visits cumulative  : 1: 667442, 2: 143303, 3: 38077, 4: 121
DFA state entries in window  : 1: 100, 2: 74, 3: 47, 4: 28
DFA state entries cumulative : 1: 3800, 2: 891, 3: 317, 4: 121
transitions cumulative       : 1->2: 891, 2->3: 317, 3->4: 121
accepted directly from s0    : 0
Gym endings cumulative       : terminated=3613, truncated=66

[Episode 3900/8000 | last 100]
success rate                : 51.0% (cumulative 4.4%)
failure rate                : 0.0% (cumulative 0.0%)
completed cycles / episode  : 0.000
synthetic task reward       : 5100.000
shaping reward              : 2532.248
learning reward             : 7632.248
episode length              : 423.4
abstract changes / episode  : 130.7
same abstract-state steps   : 69.1%
same-state shaping / episode: 0.000
changed-state shaping / ep. : 2532.248
terminal shaping / episode  : 52.670
DFA transitions / episode   : 2.13
DFA transitions in window   : 1->2: 92, 2->3: 70, 3->4: 51
epsilon (next episode)       : 0.21007
replay buffer                : 300000 samples [1: 55.3%, 2: 32.3%, 3: 12.3%, 4: 0.0%]
DFA state visits in window   : 1: 19111, 2: 14477, 3: 8796, 4: 51
DFA state visits cumulative  : 1: 686553, 2: 157780, 3: 46873, 4: 172
DFA state entries in window  : 1: 100, 2: 92, 3: 70, 4: 51
DFA state entries cumulative : 1: 3900, 2: 983, 3: 387, 4: 172
transitions cumulative       : 1->2: 983, 2->3: 387, 3->4: 172
accepted directly from s0    : 0
Gym endings cumulative       : terminated=3659, truncated=69

[Episode 4000/8000 | last 100]
success rate                : 60.0% (cumulative 5.8%)
failure rate                : 0.0% (cumulative 0.0%)
completed cycles / episode  : 0.000
synthetic task reward       : 6000.000
shaping reward              : 2615.425
learning reward             : 8615.425
episode length              : 364.0
abstract changes / episode  : 114.0
same abstract-state steps   : 68.7%
same-state shaping / episode: 0.000
changed-state shaping / ep. : 2615.425
terminal shaping / episode  : 59.049
DFA transitions / episode   : 2.18
DFA transitions in window   : 1->2: 88, 2->3: 70, 3->4: 60
epsilon (next episode)       : 0.20183
replay buffer                : 300000 samples [1: 52.4%, 2: 34.1%, 3: 13.6%, 4: 0.0%]
DFA state visits in window   : 1: 17481, 2: 12877, 3: 6079, 4: 60
DFA state visits cumulative  : 1: 704034, 2: 170657, 3: 52952, 4: 232
DFA state entries in window  : 1: 100, 2: 88, 3: 70, 4: 60
DFA state entries cumulative : 1: 4000, 2: 1071, 3: 457, 4: 232
transitions cumulative       : 1->2: 1071, 2->3: 457, 3->4: 232
accepted directly from s0    : 0
Gym endings cumulative       : terminated=3697, truncated=71

Starting autonomous greedy evaluation at episode 4000 (1000 fixed-seed episodes)...
[Greedy evaluation at episode 4000 | 1000 fixed-seed episodes]
success=76.5%, failure=0.0%, task reward=7650.000, length=450.7
DFA transitions: 1->2: 990, 2->3: 902, 3->4: 765
Best policy updated from autonomous greedy evaluation at episode 4000.

[Episode 4100/8000 | last 100]
success rate                : 43.0% (cumulative 6.7%)
failure rate                : 0.0% (cumulative 0.0%)
completed cycles / episode  : 0.000
synthetic task reward       : 4300.000
shaping reward              : 2226.276
learning reward             : 6526.276
episode length              : 376.4
abstract changes / episode  : 117.0
same abstract-state steps   : 68.9%
same-state shaping / episode: 0.000
changed-state shaping / ep. : 2226.276
terminal shaping / episode  : 41.577
DFA transitions / episode   : 1.87
DFA transitions in window   : 1->2: 86, 2->3: 58, 3->4: 43
epsilon (next episode)       : 0.19392
replay buffer                : 300000 samples [1: 50.4%, 2: 34.9%, 3: 14.8%, 4: 0.0%]
DFA state visits in window   : 1: 18110, 2: 14072, 3: 5510, 4: 43
DFA state visits cumulative  : 1: 722144, 2: 184729, 3: 58462, 4: 275
DFA state entries in window  : 1: 100, 2: 86, 3: 58, 4: 43
DFA state entries cumulative : 1: 4100, 2: 1157, 3: 515, 4: 275
transitions cumulative       : 1->2: 1157, 2->3: 515, 3->4: 275
accepted directly from s0    : 0
Gym endings cumulative       : terminated=3753, truncated=72

[Episode 4200/8000 | last 100]
success rate                : 55.0% (cumulative 7.9%)
failure rate                : 0.0% (cumulative 0.0%)
completed cycles / episode  : 0.000
synthetic task reward       : 5500.000
shaping reward              : 2739.617
learning reward             : 8239.617
episode length              : 412.7
abstract changes / episode  : 123.2
same abstract-state steps   : 70.2%
same-state shaping / episode: 0.000
changed-state shaping / ep. : 2739.617
terminal shaping / episode  : 55.928
DFA transitions / episode   : 2.16
DFA transitions in window   : 1->2: 90, 2->3: 71, 3->4: 55
epsilon (next episode)       : 0.18631
replay buffer                : 300000 samples [1: 48.6%, 2: 36.3%, 3: 15.1%, 4: 0.0%]
DFA state visits in window   : 1: 18288, 2: 16528, 3: 6503, 4: 55
DFA state visits cumulative  : 1: 740432, 2: 201257, 3: 64965, 4: 330
DFA state entries in window  : 1: 100, 2: 90, 3: 71, 4: 55
DFA state entries cumulative : 1: 4200, 2: 1247, 3: 586, 4: 330
transitions cumulative       : 1->2: 1247, 2->3: 586, 3->4: 330
accepted directly from s0    : 0
Gym endings cumulative       : terminated=3792, truncated=78

[Episode 4300/8000 | last 100]
success rate                : 70.0% (cumulative 9.3%)
failure rate                : 0.0% (cumulative 0.0%)
completed cycles / episode  : 0.000
synthetic task reward       : 7000.000
shaping reward              : 2898.507
learning reward             : 9898.507
episode length              : 370.5
abstract changes / episode  : 111.2
same abstract-state steps   : 70.0%
same-state shaping / episode: 0.000
changed-state shaping / ep. : 2898.507
terminal shaping / episode  : 70.065
DFA transitions / episode   : 2.35
DFA transitions in window   : 1->2: 88, 2->3: 77, 3->4: 70
epsilon (next episode)       : 0.17900
replay buffer                : 300000 samples [1: 47.4%, 2: 37.7%, 3: 14.9%, 4: 0.0%]
DFA state visits in window   : 1: 16323, 2: 15765, 3: 4991, 4: 70
DFA state visits cumulative  : 1: 756755, 2: 217022, 3: 69956, 4: 400
DFA state entries in window  : 1: 100, 2: 88, 3: 77, 4: 70
DFA state entries cumulative : 1: 4300, 2: 1335, 3: 663, 4: 400
transitions cumulative       : 1->2: 1335, 2->3: 663, 3->4: 400
accepted directly from s0    : 0
Gym endings cumulative       : terminated=3820, truncated=80

[Episode 4400/8000 | last 100]
success rate                : 67.0% (cumulative 10.6%)
failure rate                : 0.0% (cumulative 0.0%)
completed cycles / episode  : 0.000
synthetic task reward       : 6700.000
shaping reward              : 3009.327
learning reward             : 9709.327
episode length              : 370.2
abstract changes / episode  : 109.2
same abstract-state steps   : 70.5%
same-state shaping / episode: 0.000
changed-state shaping / ep. : 3009.327
terminal shaping / episode  : 67.769
DFA transitions / episode   : 2.41
DFA transitions in window   : 1->2: 93, 2->3: 81, 3->4: 67
epsilon (next episode)       : 0.17198
replay buffer                : 300000 samples [1: 47.9%, 2: 37.4%, 3: 14.8%, 4: 0.0%]
DFA state visits in window   : 1: 19384, 2: 12867, 3: 4801, 4: 67
DFA state visits cumulative  : 1: 776139, 2: 229889, 3: 74757, 4: 467
DFA state entries in window  : 1: 100, 2: 93, 3: 81, 4: 67
DFA state entries cumulative : 1: 4400, 2: 1428, 3: 744, 4: 467
transitions cumulative       : 1->2: 1428, 2->3: 744, 3->4: 467
accepted directly from s0    : 0
Gym endings cumulative       : terminated=3849, truncated=84

[Episode 4500/8000 | last 100]
success rate                : 58.0% (cumulative 11.7%)
failure rate                : 0.0% (cumulative 0.0%)
completed cycles / episode  : 0.000
synthetic task reward       : 5800.000
shaping reward              : 2712.581
learning reward             : 8512.581
episode length              : 319.4
abstract changes / episode  : 100.6
same abstract-state steps   : 68.5%
same-state shaping / episode: 0.000
changed-state shaping / ep. : 2712.581
terminal shaping / episode  : 59.223
DFA transitions / episode   : 2.15
DFA transitions in window   : 1->2: 86, 2->3: 71, 3->4: 58
epsilon (next episode)       : 0.16524
replay buffer                : 300000 samples [1: 48.0%, 2: 37.2%, 3: 14.8%, 4: 0.0%]
DFA state visits in window   : 1: 16535, 2: 11627, 3: 3824, 4: 58
DFA state visits cumulative  : 1: 792674, 2: 241516, 3: 78581, 4: 525
DFA state entries in window  : 1: 100, 2: 86, 3: 71, 4: 58
DFA state entries cumulative : 1: 4500, 2: 1514, 3: 815, 4: 525
transitions cumulative       : 1->2: 1514, 2->3: 815, 3->4: 525
accepted directly from s0    : 0
Gym endings cumulative       : terminated=3889, truncated=86

Starting autonomous greedy evaluation at episode 4500 (1000 fixed-seed episodes)...
[Greedy evaluation at episode 4500 | 1000 fixed-seed episodes]
success=79.6%, failure=0.0%, task reward=7960.000, length=290.2
DFA transitions: 1->2: 886, 2->3: 876, 3->4: 796
Best policy updated from autonomous greedy evaluation at episode 4500.

[Episode 4600/8000 | last 100]
success rate                : 73.0% (cumulative 13.0%)
failure rate                : 0.0% (cumulative 0.0%)
completed cycles / episode  : 0.000
synthetic task reward       : 7300.000
shaping reward              : 2930.619
learning reward             : 10230.619
episode length              : 344.0
abstract changes / episode  : 108.0
same abstract-state steps   : 68.6%
same-state shaping / episode: 0.000
changed-state shaping / ep. : 2930.619
terminal shaping / episode  : 73.382
DFA transitions / episode   : 2.44
DFA transitions in window   : 1->2: 93, 2->3: 78, 3->4: 73
epsilon (next episode)       : 0.15876
replay buffer                : 300000 samples [1: 47.4%, 2: 37.5%, 3: 15.1%, 4: 0.0%]
DFA state visits in window   : 1: 16150, 2: 13630, 3: 4646, 4: 73
DFA state visits cumulative  : 1: 808824, 2: 255146, 3: 83227, 4: 598
DFA state entries in window  : 1: 100, 2: 93, 3: 78, 4: 73
DFA state entries cumulative : 1: 4600, 2: 1607, 3: 893, 4: 598
transitions cumulative       : 1->2: 1607, 2->3: 893, 3->4: 598
accepted directly from s0    : 0
Gym endings cumulative       : terminated=3916, truncated=86

[Episode 4700/8000 | last 100]
success rate                : 71.0% (cumulative 14.2%)
failure rate                : 0.0% (cumulative 0.0%)
completed cycles / episode  : 0.000
synthetic task reward       : 7100.000
shaping reward              : 2922.308
learning reward             : 10022.308
episode length              : 329.0
abstract changes / episode  : 99.2
same abstract-state steps   : 69.9%
same-state shaping / episode: 0.000
changed-state shaping / ep. : 2922.308
terminal shaping / episode  : 69.438
DFA transitions / episode   : 2.42
DFA transitions in window   : 1->2: 90, 2->3: 81, 3->4: 71
epsilon (next episode)       : 0.15253
replay buffer                : 300000 samples [1: 47.6%, 2: 37.9%, 3: 14.5%, 4: 0.0%]
DFA state visits in window   : 1: 16270, 2: 12261, 3: 4398, 4: 71
DFA state visits cumulative  : 1: 825094, 2: 267407, 3: 87625, 4: 669
DFA state entries in window  : 1: 100, 2: 90, 3: 81, 4: 71
DFA state entries cumulative : 1: 4700, 2: 1697, 3: 974, 4: 669
transitions cumulative       : 1->2: 1697, 2->3: 974, 3->4: 669
accepted directly from s0    : 0
Gym endings cumulative       : terminated=3944, truncated=87

[Episode 4800/8000 | last 100]
success rate                : 81.0% (cumulative 15.6%)
failure rate                : 0.0% (cumulative 0.0%)
completed cycles / episode  : 0.000
synthetic task reward       : 8100.000
shaping reward              : 3128.115
learning reward             : 11228.115
episode length              : 280.4
abstract changes / episode  : 88.9
same abstract-state steps   : 68.3%
same-state shaping / episode: 0.000
changed-state shaping / ep. : 3128.115
terminal shaping / episode  : 80.370
DFA transitions / episode   : 2.57
DFA transitions in window   : 1->2: 92, 2->3: 84, 3->4: 81
epsilon (next episode)       : 0.14655
replay buffer                : 300000 samples [1: 47.9%, 2: 38.1%, 3: 13.9%, 4: 0.0%]
DFA state visits in window   : 1: 13651, 2: 10370, 3: 4038, 4: 81
DFA state visits cumulative  : 1: 838745, 2: 277777, 3: 91663, 4: 750
DFA state entries in window  : 1: 100, 2: 92, 3: 84, 4: 81
DFA state entries cumulative : 1: 4800, 2: 1789, 3: 1058, 4: 750
transitions cumulative       : 1->2: 1789, 2->3: 1058, 3->4: 750
accepted directly from s0    : 0
Gym endings cumulative       : terminated=3963, truncated=87

[Episode 4900/8000 | last 100]
success rate                : 84.0% (cumulative 17.0%)
failure rate                : 0.0% (cumulative 0.0%)
completed cycles / episode  : 0.000
synthetic task reward       : 8400.000
shaping reward              : 3247.356
learning reward             : 11647.356
episode length              : 303.2
abstract changes / episode  : 92.0
same abstract-state steps   : 69.6%
same-state shaping / episode: 0.000
changed-state shaping / ep. : 3247.356
terminal shaping / episode  : 83.495
DFA transitions / episode   : 2.65
DFA transitions in window   : 1->2: 92, 2->3: 89, 3->4: 84
epsilon (next episode)       : 0.14080
replay buffer                : 300000 samples [1: 48.1%, 2: 37.9%, 3: 14.1%, 4: 0.0%]
DFA state visits in window   : 1: 14554, 2: 10599, 3: 5182, 4: 84
DFA state visits cumulative  : 1: 853299, 2: 288376, 3: 96845, 4: 834
DFA state entries in window  : 1: 100, 2: 92, 3: 89, 4: 84
DFA state entries cumulative : 1: 4900, 2: 1881, 3: 1147, 4: 834
transitions cumulative       : 1->2: 1881, 2->3: 1147, 3->4: 834
accepted directly from s0    : 0
Gym endings cumulative       : terminated=3979, truncated=87

[Episode 5000/8000 | last 100]
success rate                : 62.0% (cumulative 17.9%)
failure rate                : 0.0% (cumulative 0.0%)
completed cycles / episode  : 0.000
synthetic task reward       : 6200.000
shaping reward              : 2635.051
learning reward             : 8835.051
episode length              : 252.7
abstract changes / episode  : 79.4
same abstract-state steps   : 68.6%
same-state shaping / episode: 0.000
changed-state shaping / ep. : 2635.051
terminal shaping / episode  : 56.822
DFA transitions / episode   : 2.14
DFA transitions in window   : 1->2: 83, 2->3: 69, 3->4: 62
epsilon (next episode)       : 0.13528
replay buffer                : 300000 samples [1: 48.3%, 2: 37.7%, 3: 14.0%, 4: 0.0%]
DFA state visits in window   : 1: 13486, 2: 8449, 3: 3368, 4: 62
DFA state visits cumulative  : 1: 866785, 2: 296825, 3: 100213, 4: 896
DFA state entries in window  : 1: 100, 2: 83, 3: 69, 4: 62
DFA state entries cumulative : 1: 5000, 2: 1964, 3: 1216, 4: 896
transitions cumulative       : 1->2: 1964, 2->3: 1216, 3->4: 896
accepted directly from s0    : 0
Gym endings cumulative       : terminated=4017, truncated=87

Starting autonomous greedy evaluation at episode 5000 (1000 fixed-seed episodes)...
[Greedy evaluation at episode 5000 | 1000 fixed-seed episodes]
success=76.5%, failure=0.0%, task reward=7650.000, length=238.3
DFA transitions: 1->2: 796, 2->3: 766, 3->4: 765

[Episode 5100/8000 | last 100]
success rate                : 77.0% (cumulative 19.1%)
failure rate                : 0.0% (cumulative 0.0%)
completed cycles / episode  : 0.000
synthetic task reward       : 7700.000
shaping reward              : 3193.527
learning reward             : 10893.527
episode length              : 262.5
abstract changes / episode  : 82.0
same abstract-state steps   : 68.8%
same-state shaping / episode: 0.000
changed-state shaping / ep. : 3193.527
terminal shaping / episode  : 75.457
DFA transitions / episode   : 2.56
DFA transitions in window   : 1->2: 93, 2->3: 86, 3->4: 77
epsilon (next episode)       : 0.12998
replay buffer                : 300000 samples [1: 49.1%, 2: 37.0%, 3: 13.8%, 4: 0.0%]
DFA state visits in window   : 1: 13402, 2: 9080, 3: 3794, 4: 77
DFA state visits cumulative  : 1: 880187, 2: 305905, 3: 104007, 4: 973
DFA state entries in window  : 1: 100, 2: 93, 3: 86, 4: 77
DFA state entries cumulative : 1: 5100, 2: 2057, 3: 1302, 4: 973
transitions cumulative       : 1->2: 2057, 2->3: 1302, 3->4: 973
accepted directly from s0    : 0
Gym endings cumulative       : terminated=4040, truncated=87

[Episode 5200/8000 | last 100]
success rate                : 85.0% (cumulative 20.3%)
failure rate                : 0.0% (cumulative 0.0%)
completed cycles / episode  : 0.000
synthetic task reward       : 8500.000
shaping reward              : 3347.192
learning reward             : 11847.192
episode length              : 282.7
abstract changes / episode  : 82.0
same abstract-state steps   : 71.0%
same-state shaping / episode: 0.000
changed-state shaping / ep. : 3347.192
terminal shaping / episode  : 83.248
DFA transitions / episode   : 2.66
DFA transitions in window   : 1->2: 91, 2->3: 90, 3->4: 85
epsilon (next episode)       : 0.12488
replay buffer                : 300000 samples [1: 50.0%, 2: 36.2%, 3: 13.7%, 4: 0.0%]
DFA state visits in window   : 1: 14991, 2: 9244, 3: 4049, 4: 85
DFA state visits cumulative  : 1: 895178, 2: 315149, 3: 108056, 4: 1058
DFA state entries in window  : 1: 100, 2: 91, 3: 90, 4: 85
DFA state entries cumulative : 1: 5200, 2: 2148, 3: 1392, 4: 1058
transitions cumulative       : 1->2: 2148, 2->3: 1392, 3->4: 1058
accepted directly from s0    : 0
Gym endings cumulative       : terminated=4055, truncated=87

[Episode 5300/8000 | last 100]
success rate                : 64.0% (cumulative 21.2%)
failure rate                : 0.0% (cumulative 0.0%)
completed cycles / episode  : 0.000
synthetic task reward       : 6400.000
shaping reward              : 2797.867
learning reward             : 9197.867
episode length              : 277.8
abstract changes / episode  : 83.0
same abstract-state steps   : 70.1%
same-state shaping / episode: 0.000
changed-state shaping / ep. : 2797.867
terminal shaping / episode  : 60.095
DFA transitions / episode   : 2.30
DFA transitions in window   : 1->2: 88, 2->3: 78, 3->4: 64
epsilon (next episode)       : 0.11998
replay buffer                : 300000 samples [1: 50.9%, 2: 35.4%, 3: 13.7%, 4: 0.0%]
DFA state visits in window   : 1: 15954, 2: 8537, 3: 3322, 4: 64
DFA state visits cumulative  : 1: 911132, 2: 323686, 3: 111378, 4: 1122
DFA state entries in window  : 1: 100, 2: 88, 3: 78, 4: 64
DFA state entries cumulative : 1: 5300, 2: 2236, 3: 1470, 4: 1122
transitions cumulative       : 1->2: 2236, 2->3: 1470, 3->4: 1122
accepted directly from s0    : 0
Gym endings cumulative       : terminated=4090, truncated=88

[Episode 5400/8000 | last 100]
success rate                : 73.0% (cumulative 22.1%)
failure rate                : 0.0% (cumulative 0.0%)
completed cycles / episode  : 0.000
synthetic task reward       : 7300.000
shaping reward              : 3156.589
learning reward             : 10456.589
episode length              : 306.6
abstract changes / episode  : 90.6
same abstract-state steps   : 70.4%
same-state shaping / episode: 0.000
changed-state shaping / ep. : 3156.589
terminal shaping / episode  : 70.714
DFA transitions / episode   : 2.55
DFA transitions in window   : 1->2: 97, 2->3: 85, 3->4: 73
epsilon (next episode)       : 0.11528
replay buffer                : 300000 samples [1: 51.6%, 2: 35.0%, 3: 13.5%, 4: 0.0%]
DFA state visits in window   : 1: 17056, 2: 10164, 3: 3468, 4: 73
DFA state visits cumulative  : 1: 928188, 2: 333850, 3: 114846, 4: 1195
DFA state entries in window  : 1: 100, 2: 97, 3: 85, 4: 73
DFA state entries cumulative : 1: 5400, 2: 2333, 3: 1555, 4: 1195
transitions cumulative       : 1->2: 2333, 2->3: 1555, 3->4: 1195
accepted directly from s0    : 0
Gym endings cumulative       : terminated=4117, truncated=88

[Episode 5500/8000 | last 100]
success rate                : 72.0% (cumulative 23.0%)
failure rate                : 0.0% (cumulative 0.0%)
completed cycles / episode  : 0.000
synthetic task reward       : 7200.000
shaping reward              : 3048.209
learning reward             : 10248.209
episode length              : 322.3
abstract changes / episode  : 98.9
same abstract-state steps   : 69.3%
same-state shaping / episode: 0.000
changed-state shaping / ep. : 3048.209
terminal shaping / episode  : 72.593
DFA transitions / episode   : 2.48
DFA transitions in window   : 1->2: 93, 2->3: 83, 3->4: 72
epsilon (next episode)       : 0.11075
replay buffer                : 300000 samples [1: 52.2%, 2: 34.4%, 3: 13.4%, 4: 0.0%]
DFA state visits in window   : 1: 19037, 2: 9810, 3: 3412, 4: 72
DFA state visits cumulative  : 1: 947225, 2: 343660, 3: 118258, 4: 1267
DFA state entries in window  : 1: 100, 2: 93, 3: 83, 4: 72
DFA state entries cumulative : 1: 5500, 2: 2426, 3: 1638, 4: 1267
transitions cumulative       : 1->2: 2426, 2->3: 1638, 3->4: 1267
accepted directly from s0    : 0
Gym endings cumulative       : terminated=4145, truncated=88

Starting autonomous greedy evaluation at episode 5500 (1000 fixed-seed episodes)...
[Greedy evaluation at episode 5500 | 1000 fixed-seed episodes]
success=79.6%, failure=0.0%, task reward=7960.000, length=288.1
DFA transitions: 1->2: 997, 2->3: 796, 3->4: 796
Best policy updated from autonomous greedy evaluation at episode 5500.

[Episode 5600/8000 | last 100]
success rate                : 86.0% (cumulative 24.2%)
failure rate                : 0.0% (cumulative 0.0%)
completed cycles / episode  : 0.000
synthetic task reward       : 8600.000
shaping reward              : 3377.799
learning reward             : 11977.799
episode length              : 279.7
abstract changes / episode  : 88.9
same abstract-state steps   : 68.2%
same-state shaping / episode: 0.000
changed-state shaping / ep. : 3377.799
terminal shaping / episode  : 86.138
DFA transitions / episode   : 2.73
DFA transitions in window   : 1->2: 97, 2->3: 90, 3->4: 86
epsilon (next episode)       : 0.10641
replay buffer                : 300000 samples [1: 52.6%, 2: 34.0%, 3: 13.4%, 4: 0.0%]
DFA state visits in window   : 1: 14983, 2: 9363, 3: 3640, 4: 86
DFA state visits cumulative  : 1: 962208, 2: 353023, 3: 121898, 4: 1353
DFA state entries in window  : 1: 100, 2: 97, 3: 90, 4: 86
DFA state entries cumulative : 1: 5600, 2: 2523, 3: 1728, 4: 1353
transitions cumulative       : 1->2: 2523, 2->3: 1728, 3->4: 1353
accepted directly from s0    : 0
Gym endings cumulative       : terminated=4159, truncated=88

[Episode 5700/8000 | last 100]
success rate                : 75.0% (cumulative 25.1%)
failure rate                : 0.0% (cumulative 0.0%)
completed cycles / episode  : 0.000
synthetic task reward       : 7500.000
shaping reward              : 3060.904
learning reward             : 10560.904
episode length              : 338.1
abstract changes / episode  : 105.1
same abstract-state steps   : 68.9%
same-state shaping / episode: 0.000
changed-state shaping / ep. : 3060.904
terminal shaping / episode  : 73.959
DFA transitions / episode   : 2.47
DFA transitions in window   : 1->2: 91, 2->3: 81, 3->4: 75
epsilon (next episode)       : 0.10224
replay buffer                : 300000 samples [1: 53.8%, 2: 33.3%, 3: 12.9%, 4: 0.0%]
DFA state visits in window   : 1: 19286, 2: 10877, 3: 3670, 4: 75
DFA state visits cumulative  : 1: 981494, 2: 363900, 3: 125568, 4: 1428
DFA state entries in window  : 1: 100, 2: 91, 3: 81, 4: 75
DFA state entries cumulative : 1: 5700, 2: 2614, 3: 1809, 4: 1428
transitions cumulative       : 1->2: 2614, 2->3: 1809, 3->4: 1428
accepted directly from s0    : 0
Gym endings cumulative       : terminated=4183, truncated=89

[Episode 5800/8000 | last 100]
success rate                : 75.0% (cumulative 25.9%)
failure rate                : 0.0% (cumulative 0.0%)
completed cycles / episode  : 0.000
synthetic task reward       : 7500.000
shaping reward              : 3115.868
learning reward             : 10615.868
episode length              : 271.5
abstract changes / episode  : 86.7
same abstract-state steps   : 68.1%
same-state shaping / episode: 0.000
changed-state shaping / ep. : 3115.868
terminal shaping / episode  : 73.737
DFA transitions / episode   : 2.56
DFA transitions in window   : 1->2: 98, 2->3: 83, 3->4: 75
epsilon (next episode)       : 0.09823
replay buffer                : 300000 samples [1: 53.8%, 2: 33.3%, 3: 12.9%, 4: 0.0%]
DFA state visits in window   : 1: 13788, 2: 10021, 3: 3362, 4: 75
DFA state visits cumulative  : 1: 995282, 2: 373921, 3: 128930, 4: 1503
DFA state entries in window  : 1: 100, 2: 98, 3: 83, 4: 75
DFA state entries cumulative : 1: 5800, 2: 2712, 3: 1892, 4: 1503
transitions cumulative       : 1->2: 2712, 2->3: 1892, 3->4: 1503
accepted directly from s0    : 0
Gym endings cumulative       : terminated=4208, truncated=89

[Episode 5900/8000 | last 100]
success rate                : 74.0% (cumulative 26.7%)
failure rate                : 0.0% (cumulative 0.0%)
completed cycles / episode  : 0.000
synthetic task reward       : 7400.000
shaping reward              : 3092.034
learning reward             : 10492.034
episode length              : 273.7
abstract changes / episode  : 83.6
same abstract-state steps   : 69.5%
same-state shaping / episode: 0.000
changed-state shaping / ep. : 3092.034
terminal shaping / episode  : 71.632
DFA transitions / episode   : 2.51
DFA transitions in window   : 1->2: 94, 2->3: 83, 3->4: 74
epsilon (next episode)       : 0.09438
replay buffer                : 300000 samples [1: 54.5%, 2: 32.9%, 3: 12.6%, 4: 0.0%]
DFA state visits in window   : 1: 15009, 2: 8891, 3: 3500, 4: 74
DFA state visits cumulative  : 1: 1010291, 2: 382812, 3: 132430, 4: 1577
DFA state entries in window  : 1: 100, 2: 94, 3: 83, 4: 74
DFA state entries cumulative : 1: 5900, 2: 2806, 3: 1975, 4: 1577
transitions cumulative       : 1->2: 2806, 2->3: 1975, 3->4: 1577
accepted directly from s0    : 0
Gym endings cumulative       : terminated=4233, truncated=90

[Episode 6000/8000 | last 100]
success rate                : 83.0% (cumulative 27.7%)
failure rate                : 0.0% (cumulative 0.0%)
completed cycles / episode  : 0.000
synthetic task reward       : 8300.000
shaping reward              : 3212.069
learning reward             : 11512.069
episode length              : 306.2
abstract changes / episode  : 88.1
same abstract-state steps   : 71.2%
same-state shaping / episode: 0.000
changed-state shaping / ep. : 3212.069
terminal shaping / episode  : 83.000
DFA transitions / episode   : 2.60
DFA transitions in window   : 1->2: 90, 2->3: 87, 3->4: 83
epsilon (next episode)       : 0.09067
replay buffer                : 300000 samples [1: 55.4%, 2: 32.4%, 3: 12.2%, 4: 0.0%]
DFA state visits in window   : 1: 18561, 2: 8573, 3: 3508, 4: 83
DFA state visits cumulative  : 1: 1028852, 2: 391385, 3: 135938, 4: 1660
DFA state entries in window  : 1: 100, 2: 90, 3: 87, 4: 83
DFA state entries cumulative : 1: 6000, 2: 2896, 3: 2062, 4: 1660
transitions cumulative       : 1->2: 2896, 2->3: 2062, 3->4: 1660
accepted directly from s0    : 0
Gym endings cumulative       : terminated=4248, truncated=92

Starting autonomous greedy evaluation at episode 6000 (1000 fixed-seed episodes)...
[Greedy evaluation at episode 6000 | 1000 fixed-seed episodes]
success=42.7%, failure=0.0%, task reward=4270.000, length=685.2
DFA transitions: 1->2: 448, 2->3: 430, 3->4: 427

[Episode 6100/8000 | last 100]
success rate                : 78.0% (cumulative 28.5%)
failure rate                : 0.0% (cumulative 0.0%)
completed cycles / episode  : 0.000
synthetic task reward       : 7800.000
shaping reward              : 3106.981
learning reward             : 10906.981
episode length              : 315.7
abstract changes / episode  : 98.3
same abstract-state steps   : 68.9%
same-state shaping / episode: 0.000
changed-state shaping / ep. : 3106.981
terminal shaping / episode  : 75.875
DFA transitions / episode   : 2.56
DFA transitions in window   : 1->2: 95, 2->3: 83, 3->4: 78
epsilon (next episode)       : 0.08712
replay buffer                : 300000 samples [1: 55.9%, 2: 32.2%, 3: 11.9%, 4: 0.0%]
DFA state visits in window   : 1: 17667, 2: 10230, 3: 3699, 4: 78
DFA state visits cumulative  : 1: 1046519, 2: 401615, 3: 139637, 4: 1738
DFA state entries in window  : 1: 100, 2: 95, 3: 83, 4: 78
DFA state entries cumulative : 1: 6100, 2: 2991, 3: 2145, 4: 1738
transitions cumulative       : 1->2: 2991, 2->3: 2145, 3->4: 1738
accepted directly from s0    : 0
Gym endings cumulative       : terminated=4268, truncated=94

[Episode 6200/8000 | last 100]
success rate                : 82.0% (cumulative 29.4%)
failure rate                : 0.0% (cumulative 0.0%)
completed cycles / episode  : 0.000
synthetic task reward       : 8200.000
shaping reward              : 3084.352
learning reward             : 11284.352
episode length              : 278.0
abstract changes / episode  : 86.6
same abstract-state steps   : 68.9%
same-state shaping / episode: 0.000
changed-state shaping / ep. : 3084.352
terminal shaping / episode  : 81.097
DFA transitions / episode   : 2.57
DFA transitions in window   : 1->2: 89, 2->3: 86, 3->4: 82
epsilon (next episode)       : 0.08370
replay buffer                : 300000 samples [1: 56.6%, 2: 31.7%, 3: 11.7%, 4: 0.0%]
DFA state visits in window   : 1: 16602, 2: 8053, 3: 3166, 4: 82
DFA state visits cumulative  : 1: 1063121, 2: 409668, 3: 142803, 4: 1820
DFA state entries in window  : 1: 100, 2: 89, 3: 86, 4: 82
DFA state entries cumulative : 1: 6200, 2: 3080, 3: 2231, 4: 1820
transitions cumulative       : 1->2: 3080, 2->3: 2231, 3->4: 1820
accepted directly from s0    : 0
Gym endings cumulative       : terminated=4286, truncated=94

[Episode 6300/8000 | last 100]
success rate                : 80.0% (cumulative 30.2%)
failure rate                : 0.0% (cumulative 0.0%)
completed cycles / episode  : 0.000
synthetic task reward       : 8000.000
shaping reward              : 3103.514
learning reward             : 11103.514
episode length              : 272.5
abstract changes / episode  : 85.5
same abstract-state steps   : 68.6%
same-state shaping / episode: 0.000
changed-state shaping / ep. : 3103.514
terminal shaping / episode  : 77.811
DFA transitions / episode   : 2.54
DFA transitions in window   : 1->2: 91, 2->3: 83, 3->4: 80
epsilon (next episode)       : 0.08042
replay buffer                : 300000 samples [1: 56.3%, 2: 32.1%, 3: 11.6%, 4: 0.0%]
DFA state visits in window   : 1: 15097, 2: 9059, 3: 3115, 4: 80
DFA state visits cumulative  : 1: 1078218, 2: 418727, 3: 145918, 4: 1900
DFA state entries in window  : 1: 100, 2: 91, 3: 83, 4: 80
DFA state entries cumulative : 1: 6300, 2: 3171, 3: 2314, 4: 1900
transitions cumulative       : 1->2: 3171, 2->3: 2314, 3->4: 1900
accepted directly from s0    : 0
Gym endings cumulative       : terminated=4306, truncated=94

[Episode 6400/8000 | last 100]
success rate                : 73.0% (cumulative 30.8%)
failure rate                : 0.0% (cumulative 0.0%)
completed cycles / episode  : 0.000
synthetic task reward       : 7300.000
shaping reward              : 2800.813
learning reward             : 10100.813
episode length              : 272.4
abstract changes / episode  : 88.0
same abstract-state steps   : 67.7%
same-state shaping / episode: 0.000
changed-state shaping / ep. : 2800.813
terminal shaping / episode  : 71.640
DFA transitions / episode   : 2.30
DFA transitions in window   : 1->2: 83, 2->3: 74, 3->4: 73
epsilon (next episode)       : 0.07727
replay buffer                : 300000 samples [1: 56.8%, 2: 31.6%, 3: 11.6%, 4: 0.0%]
DFA state visits in window   : 1: 16550, 2: 8040, 3: 2681, 4: 73
DFA state visits cumulative  : 1: 1094768, 2: 426767, 3: 148599, 4: 1973
DFA state entries in window  : 1: 100, 2: 83, 3: 74, 4: 73
DFA state entries cumulative : 1: 6400, 2: 3254, 3: 2388, 4: 1973
transitions cumulative       : 1->2: 3254, 2->3: 2388, 3->4: 1973
accepted directly from s0    : 0
Gym endings cumulative       : terminated=4332, truncated=95

[Episode 6500/8000 | last 100]
success rate                : 86.0% (cumulative 31.7%)
failure rate                : 0.0% (cumulative 0.0%)
completed cycles / episode  : 0.000
synthetic task reward       : 8600.000
shaping reward              : 3386.743
learning reward             : 11986.743
episode length              : 267.4
abstract changes / episode  : 86.7
same abstract-state steps   : 67.6%
same-state shaping / episode: 0.000
changed-state shaping / ep. : 3386.743
terminal shaping / episode  : 86.051
DFA transitions / episode   : 2.76
DFA transitions in window   : 1->2: 100, 2->3: 90, 3->4: 86
epsilon (next episode)       : 0.07423
replay buffer                : 300000 samples [1: 55.9%, 2: 32.4%, 3: 11.6%, 4: 0.0%]
DFA state visits in window   : 1: 13725, 2: 9726, 3: 3307, 4: 86
DFA state visits cumulative  : 1: 1108493, 2: 436493, 3: 151906, 4: 2059
DFA state entries in window  : 1: 100, 2: 100, 3: 90, 4: 86
DFA state entries cumulative : 1: 6500, 2: 3354, 3: 2478, 4: 2059
transitions cumulative       : 1->2: 3354, 2->3: 2478, 3->4: 2059
accepted directly from s0    : 0
Gym endings cumulative       : terminated=4346, truncated=95

Starting autonomous greedy evaluation at episode 6500 (1000 fixed-seed episodes)...
[Greedy evaluation at episode 6500 | 1000 fixed-seed episodes]
success=97.8%, failure=0.0%, task reward=9780.000, length=246.2
DFA transitions: 1->2: 1000, 2->3: 984, 3->4: 978
Best policy updated from autonomous greedy evaluation at episode 6500.

[Episode 6600/8000 | last 100]
success rate                : 87.0% (cumulative 32.5%)
failure rate                : 0.0% (cumulative 0.0%)
completed cycles / episode  : 0.000
synthetic task reward       : 8700.000
shaping reward              : 3349.941
learning reward             : 12049.941
episode length              : 268.0
abstract changes / episode  : 84.5
same abstract-state steps   : 68.5%
same-state shaping / episode: 0.000
changed-state shaping / ep. : 3349.941
terminal shaping / episode  : 87.000
DFA transitions / episode   : 2.72
DFA transitions in window   : 1->2: 95, 2->3: 90, 3->4: 87
epsilon (next episode)       : 0.07132
replay buffer                : 300000 samples [1: 56.1%, 2: 32.1%, 3: 11.8%, 4: 0.0%]
DFA state visits in window   : 1: 14779, 2: 8571, 3: 3467, 4: 87
DFA state visits cumulative  : 1: 1123272, 2: 445064, 3: 155373, 4: 2146
DFA state entries in window  : 1: 100, 2: 95, 3: 90, 4: 87
DFA state entries cumulative : 1: 6600, 2: 3449, 3: 2568, 4: 2146
transitions cumulative       : 1->2: 3449, 2->3: 2568, 3->4: 2146
accepted directly from s0    : 0
Gym endings cumulative       : terminated=4359, truncated=95

[Episode 6700/8000 | last 100]
success rate                : 85.0% (cumulative 33.3%)
failure rate                : 0.0% (cumulative 0.0%)
completed cycles / episode  : 0.000
synthetic task reward       : 8500.000
shaping reward              : 3442.590
learning reward             : 11942.590
episode length              : 270.9
abstract changes / episode  : 87.9
same abstract-state steps   : 67.6%
same-state shaping / episode: 0.000
changed-state shaping / ep. : 3442.590
terminal shaping / episode  : 85.000
DFA transitions / episode   : 2.74
DFA transitions in window   : 1->2: 98, 2->3: 91, 3->4: 85
epsilon (next episode)       : 0.06853
replay buffer                : 300000 samples [1: 56.0%, 2: 32.3%, 3: 11.7%, 4: 0.0%]
DFA state visits in window   : 1: 15001, 2: 8752, 3: 3353, 4: 85
DFA state visits cumulative  : 1: 1138273, 2: 453816, 3: 158726, 4: 2231
DFA state entries in window  : 1: 100, 2: 98, 3: 91, 4: 85
DFA state entries cumulative : 1: 6700, 2: 3547, 3: 2659, 4: 2231
transitions cumulative       : 1->2: 3547, 2->3: 2659, 3->4: 2231
accepted directly from s0    : 0
Gym endings cumulative       : terminated=4374, truncated=95

[Episode 6800/8000 | last 100]
success rate                : 86.0% (cumulative 34.1%)
failure rate                : 0.0% (cumulative 0.0%)
completed cycles / episode  : 0.000
synthetic task reward       : 8600.000
shaping reward              : 3432.443
learning reward             : 12032.443
episode length              : 254.2
abstract changes / episode  : 83.5
same abstract-state steps   : 67.1%
same-state shaping / episode: 0.000
changed-state shaping / ep. : 3432.443
terminal shaping / episode  : 86.000
DFA transitions / episode   : 2.75
DFA transitions in window   : 1->2: 97, 2->3: 92, 3->4: 86
epsilon (next episode)       : 0.06584
replay buffer                : 300000 samples [1: 56.0%, 2: 32.1%, 3: 11.9%, 4: 0.0%]
DFA state visits in window   : 1: 13986, 2: 8164, 3: 3283, 4: 86
DFA state visits cumulative  : 1: 1152259, 2: 461980, 3: 162009, 4: 2317
DFA state entries in window  : 1: 100, 2: 97, 3: 92, 4: 86
DFA state entries cumulative : 1: 6800, 2: 3644, 3: 2751, 4: 2317
transitions cumulative       : 1->2: 3644, 2->3: 2751, 3->4: 2317
accepted directly from s0    : 0
Gym endings cumulative       : terminated=4388, truncated=95

[Episode 6900/8000 | last 100]
success rate                : 82.0% (cumulative 34.8%)
failure rate                : 0.0% (cumulative 0.0%)
completed cycles / episode  : 0.000
synthetic task reward       : 8200.000
shaping reward              : 3274.970
learning reward             : 11474.970
episode length              : 254.2
abstract changes / episode  : 82.1
same abstract-state steps   : 67.7%
same-state shaping / episode: 0.000
changed-state shaping / ep. : 3274.970
terminal shaping / episode  : 81.059
DFA transitions / episode   : 2.65
DFA transitions in window   : 1->2: 95, 2->3: 88, 3->4: 82
epsilon (next episode)       : 0.06326
replay buffer                : 300000 samples [1: 56.1%, 2: 32.0%, 3: 11.9%, 4: 0.0%]
DFA state visits in window   : 1: 13385, 2: 8836, 3: 3218, 4: 82
DFA state visits cumulative  : 1: 1165644, 2: 470816, 3: 165227, 4: 2399
DFA state entries in window  : 1: 100, 2: 95, 3: 88, 4: 82
DFA state entries cumulative : 1: 6900, 2: 3739, 3: 2839, 4: 2399
transitions cumulative       : 1->2: 3739, 2->3: 2839, 3->4: 2399
accepted directly from s0    : 0
Gym endings cumulative       : terminated=4406, truncated=95

[Episode 7000/8000 | last 100]
success rate                : 74.0% (cumulative 35.3%)
failure rate                : 0.0% (cumulative 0.0%)
completed cycles / episode  : 0.000
synthetic task reward       : 7400.000
shaping reward              : 3188.463
learning reward             : 10588.463
episode length              : 255.4
abstract changes / episode  : 80.2
same abstract-state steps   : 68.6%
same-state shaping / episode: 0.000
changed-state shaping / ep. : 3188.463
terminal shaping / episode  : 73.245
DFA transitions / episode   : 2.57
DFA transitions in window   : 1->2: 97, 2->3: 86, 3->4: 74
epsilon (next episode)       : 0.06078
replay buffer                : 300000 samples [1: 55.8%, 2: 32.3%, 3: 12.0%, 4: 0.0%]
DFA state visits in window   : 1: 13391, 2: 9014, 3: 3162, 4: 74
DFA state visits cumulative  : 1: 1179035, 2: 479830, 3: 168389, 4: 2473
DFA state entries in window  : 1: 100, 2: 97, 3: 86, 4: 74
DFA state entries cumulative : 1: 7000, 2: 3836, 3: 2925, 4: 2473
transitions cumulative       : 1->2: 3836, 2->3: 2925, 3->4: 2473
accepted directly from s0    : 0
Gym endings cumulative       : terminated=4432, truncated=95

Starting autonomous greedy evaluation at episode 7000 (1000 fixed-seed episodes)...
[Greedy evaluation at episode 7000 | 1000 fixed-seed episodes]
success=94.6%, failure=0.0%, task reward=9460.000, length=244.8
DFA transitions: 1->2: 988, 2->3: 949, 3->4: 946

[Episode 7100/8000 | last 100]
success rate                : 81.0% (cumulative 36.0%)
failure rate                : 0.0% (cumulative 0.0%)
completed cycles / episode  : 0.000
synthetic task reward       : 8100.000
shaping reward              : 3493.970
learning reward             : 11593.970
episode length              : 267.1
abstract changes / episode  : 83.7
same abstract-state steps   : 68.6%
same-state shaping / episode: 0.000
changed-state shaping / ep. : 3493.970
terminal shaping / episode  : 78.454
DFA transitions / episode   : 2.75
DFA transitions in window   : 1->2: 98, 2->3: 96, 3->4: 81
epsilon (next episode)       : 0.05839
replay buffer                : 300000 samples [1: 55.3%, 2: 32.6%, 3: 12.1%, 4: 0.0%]
DFA state visits in window   : 1: 14323, 2: 8830, 3: 3571, 4: 81
DFA state visits cumulative  : 1: 1193358, 2: 488660, 3: 171960, 4: 2554
DFA state entries in window  : 1: 100, 2: 98, 3: 96, 4: 81
DFA state entries cumulative : 1: 7100, 2: 3934, 3: 3021, 4: 2554
transitions cumulative       : 1->2: 3934, 2->3: 3021, 3->4: 2554
accepted directly from s0    : 0
Gym endings cumulative       : terminated=4451, truncated=95

[Episode 7200/8000 | last 100]
success rate                : 75.0% (cumulative 36.5%)
failure rate                : 0.0% (cumulative 0.0%)
completed cycles / episode  : 0.000
synthetic task reward       : 7500.000
shaping reward              : 2829.232
learning reward             : 10329.232
episode length              : 243.7
abstract changes / episode  : 77.8
same abstract-state steps   : 68.1%
same-state shaping / episode: 0.000
changed-state shaping / ep. : 2829.232
terminal shaping / episode  : 74.797
DFA transitions / episode   : 2.36
DFA transitions in window   : 1->2: 84, 2->3: 77, 3->4: 75
epsilon (next episode)       : 0.05610
replay buffer                : 300000 samples [1: 55.4%, 2: 32.7%, 3: 12.0%, 4: 0.0%]
DFA state visits in window   : 1: 14610, 2: 7136, 3: 2650, 4: 75
DFA state visits cumulative  : 1: 1207968, 2: 495796, 3: 174610, 4: 2629
DFA state entries in window  : 1: 100, 2: 84, 3: 77, 4: 75
DFA state entries cumulative : 1: 7200, 2: 4018, 3: 3098, 4: 2629
transitions cumulative       : 1->2: 4018, 2->3: 3098, 3->4: 2629
accepted directly from s0    : 0
Gym endings cumulative       : terminated=4476, truncated=95

[Episode 7300/8000 | last 100]
success rate                : 74.0% (cumulative 37.0%)
failure rate                : 0.0% (cumulative 0.0%)
completed cycles / episode  : 0.000
synthetic task reward       : 7400.000
shaping reward              : 2817.964
learning reward             : 10217.964
episode length              : 276.7
abstract changes / episode  : 81.3
same abstract-state steps   : 70.6%
same-state shaping / episode: 0.000
changed-state shaping / ep. : 2817.964
terminal shaping / episode  : 72.739
DFA transitions / episode   : 2.34
DFA transitions in window   : 1->2: 84, 2->3: 76, 3->4: 74
epsilon (next episode)       : 0.05390
replay buffer                : 300000 samples [1: 56.2%, 2: 32.1%, 3: 11.8%, 4: 0.0%]
DFA state visits in window   : 1: 17848, 2: 7321, 3: 2525, 4: 74
DFA state visits cumulative  : 1: 1225816, 2: 503117, 3: 177135, 4: 2703
DFA state entries in window  : 1: 100, 2: 84, 3: 76, 4: 74
DFA state entries cumulative : 1: 7300, 2: 4102, 3: 3174, 4: 2703
transitions cumulative       : 1->2: 4102, 2->3: 3174, 3->4: 2703
accepted directly from s0    : 0
Gym endings cumulative       : terminated=4500, truncated=97

[Episode 7400/8000 | last 100]
success rate                : 72.0% (cumulative 37.5%)
failure rate                : 0.0% (cumulative 0.0%)
completed cycles / episode  : 0.000
synthetic task reward       : 7200.000
shaping reward              : 2774.093
learning reward             : 9974.093
episode length              : 280.7
abstract changes / episode  : 88.1
same abstract-state steps   : 68.6%
same-state shaping / episode: 0.000
changed-state shaping / ep. : 2774.093
terminal shaping / episode  : 71.436
DFA transitions / episode   : 2.34
DFA transitions in window   : 1->2: 85, 2->3: 77, 3->4: 72
epsilon (next episode)       : 0.05179
replay buffer                : 300000 samples [1: 56.7%, 2: 31.7%, 3: 11.6%, 4: 0.0%]
DFA state visits in window   : 1: 17706, 2: 7619, 3: 2769, 4: 72
DFA state visits cumulative  : 1: 1243522, 2: 510736, 3: 179904, 4: 2775
DFA state entries in window  : 1: 100, 2: 85, 3: 77, 4: 72
DFA state entries cumulative : 1: 7400, 2: 4187, 3: 3251, 4: 2775
transitions cumulative       : 1->2: 4187, 2->3: 3251, 3->4: 2775
accepted directly from s0    : 0
Gym endings cumulative       : terminated=4528, truncated=97

[Episode 7500/8000 | last 100]
success rate                : 78.0% (cumulative 38.0%)
failure rate                : 0.0% (cumulative 0.0%)
completed cycles / episode  : 0.000
synthetic task reward       : 7800.000
shaping reward              : 2943.270
learning reward             : 10743.270
episode length              : 279.7
abstract changes / episode  : 86.5
same abstract-state steps   : 69.1%
same-state shaping / episode: 0.000
changed-state shaping / ep. : 2943.270
terminal shaping / episode  : 76.090
DFA transitions / episode   : 2.44
DFA transitions in window   : 1->2: 86, 2->3: 80, 3->4: 78
epsilon (next episode)       : 0.04976
replay buffer                : 300000 samples [1: 57.0%, 2: 31.3%, 3: 11.7%, 4: 0.0%]
DFA state visits in window   : 1: 17654, 2: 7515, 3: 2823, 4: 78
DFA state visits cumulative  : 1: 1261176, 2: 518251, 3: 182727, 4: 2853
DFA state entries in window  : 1: 100, 2: 86, 3: 80, 4: 78
DFA state entries cumulative : 1: 7500, 2: 4273, 3: 3331, 4: 2853
transitions cumulative       : 1->2: 4273, 2->3: 3331, 3->4: 2853
accepted directly from s0    : 0
Gym endings cumulative       : terminated=4549, truncated=98

Starting autonomous greedy evaluation at episode 7500 (1000 fixed-seed episodes)...
[Greedy evaluation at episode 7500 | 1000 fixed-seed episodes]
success=87.9%, failure=0.0%, task reward=8790.000, length=255.3
DFA transitions: 1->2: 905, 2->3: 889, 3->4: 879

[Episode 7600/8000 | last 100]
success rate                : 87.0% (cumulative 38.7%)
failure rate                : 0.0% (cumulative 0.0%)
completed cycles / episode  : 0.000
synthetic task reward       : 8700.000
shaping reward              : 3272.912
learning reward             : 11972.912
episode length              : 257.5
abstract changes / episode  : 81.3
same abstract-state steps   : 68.4%
same-state shaping / episode: 0.000
changed-state shaping / ep. : 3272.912
terminal shaping / episode  : 86.282
DFA transitions / episode   : 2.69
DFA transitions in window   : 1->2: 94, 2->3: 88, 3->4: 87
epsilon (next episode)       : 0.04781
replay buffer                : 300000 samples [1: 57.1%, 2: 31.2%, 3: 11.7%, 4: 0.0%]
DFA state visits in window   : 1: 13846, 2: 8811, 3: 3106, 4: 87
DFA state visits cumulative  : 1: 1275022, 2: 527062, 3: 185833, 4: 2940
DFA state entries in window  : 1: 100, 2: 94, 3: 88, 4: 87
DFA state entries cumulative : 1: 7600, 2: 4367, 3: 3419, 4: 2940
transitions cumulative       : 1->2: 4367, 2->3: 3419, 3->4: 2940
accepted directly from s0    : 0
Gym endings cumulative       : terminated=4562, truncated=98

[Episode 7700/8000 | last 100]
success rate                : 86.0% (cumulative 39.3%)
failure rate                : 0.0% (cumulative 0.0%)
completed cycles / episode  : 0.000
synthetic task reward       : 8600.000
shaping reward              : 3374.226
learning reward             : 11974.226
episode length              : 249.6
abstract changes / episode  : 81.0
same abstract-state steps   : 67.6%
same-state shaping / episode: 0.000
changed-state shaping / ep. : 3374.226
terminal shaping / episode  : 86.000
DFA transitions / episode   : 2.72
DFA transitions in window   : 1->2: 97, 2->3: 89, 3->4: 86
epsilon (next episode)       : 0.04593
replay buffer                : 300000 samples [1: 57.0%, 2: 31.4%, 3: 11.5%, 4: 0.0%]
DFA state visits in window   : 1: 13251, 2: 8947, 3: 2778, 4: 86
DFA state visits cumulative  : 1: 1288273, 2: 536009, 3: 188611, 4: 3026
DFA state entries in window  : 1: 100, 2: 97, 3: 89, 4: 86
DFA state entries cumulative : 1: 7700, 2: 4464, 3: 3508, 4: 3026
transitions cumulative       : 1->2: 4464, 2->3: 3508, 3->4: 3026
accepted directly from s0    : 0
Gym endings cumulative       : terminated=4576, truncated=98

[Episode 7800/8000 | last 100]
success rate                : 92.0% (cumulative 40.0%)
failure rate                : 0.0% (cumulative 0.0%)
completed cycles / episode  : 0.000
synthetic task reward       : 9200.000
shaping reward              : 3495.058
learning reward             : 12695.058
episode length              : 240.5
abstract changes / episode  : 76.6
same abstract-state steps   : 68.1%
same-state shaping / episode: 0.000
changed-state shaping / ep. : 3495.058
terminal shaping / episode  : 92.000
DFA transitions / episode   : 2.83
DFA transitions in window   : 1->2: 97, 2->3: 94, 3->4: 92
epsilon (next episode)       : 0.04413
replay buffer                : 300000 samples [1: 56.8%, 2: 31.7%, 3: 11.5%, 4: 0.0%]
DFA state visits in window   : 1: 13212, 2: 7865, 3: 2980, 4: 92
DFA state visits cumulative  : 1: 1301485, 2: 543874, 3: 191591, 4: 3118
DFA state entries in window  : 1: 100, 2: 97, 3: 94, 4: 92
DFA state entries cumulative : 1: 7800, 2: 4561, 3: 3602, 4: 3118
transitions cumulative       : 1->2: 4561, 2->3: 3602, 3->4: 3118
accepted directly from s0    : 0
Gym endings cumulative       : terminated=4584, truncated=98

[Episode 7900/8000 | last 100]
success rate                : 87.0% (cumulative 40.6%)
failure rate                : 0.0% (cumulative 0.0%)
completed cycles / episode  : 0.000
synthetic task reward       : 8700.000
shaping reward              : 3335.435
learning reward             : 12035.435
episode length              : 257.4
abstract changes / episode  : 84.7
same abstract-state steps   : 67.1%
same-state shaping / episode: 0.000
changed-state shaping / ep. : 3335.435
terminal shaping / episode  : 85.927
DFA transitions / episode   : 2.70
DFA transitions in window   : 1->2: 92, 2->3: 91, 3->4: 87
epsilon (next episode)       : 0.04240
replay buffer                : 300000 samples [1: 57.4%, 2: 31.2%, 3: 11.4%, 4: 0.0%]
DFA state visits in window   : 1: 15496, 2: 7411, 3: 2844, 4: 87
DFA state visits cumulative  : 1: 1316981, 2: 551285, 3: 194435, 4: 3205
DFA state entries in window  : 1: 100, 2: 92, 3: 91, 4: 87
DFA state entries cumulative : 1: 7900, 2: 4653, 3: 3693, 4: 3205
transitions cumulative       : 1->2: 4653, 2->3: 3693, 3->4: 3205
accepted directly from s0    : 0
Gym endings cumulative       : terminated=4597, truncated=98

[Episode 8000/8000 | last 100]
success rate                : 89.0% (cumulative 41.2%)
failure rate                : 0.0% (cumulative 0.0%)
completed cycles / episode  : 0.000
synthetic task reward       : 8900.000
shaping reward              : 3431.829
learning reward             : 12331.829
episode length              : 263.6
abstract changes / episode  : 82.9
same abstract-state steps   : 68.5%
same-state shaping / episode: 0.000
changed-state shaping / ep. : 3431.829
terminal shaping / episode  : 89.000
DFA transitions / episode   : 2.77
DFA transitions in window   : 1->2: 96, 2->3: 92, 3->4: 89
epsilon (next episode)       : 0.04074
replay buffer                : 300000 samples [1: 57.9%, 2: 30.9%, 3: 11.2%, 4: 0.0%]
DFA state visits in window   : 1: 15756, 2: 7651, 3: 2959, 4: 89
DFA state visits cumulative  : 1: 1332737, 2: 558936, 3: 197394, 4: 3294
DFA state entries in window  : 1: 100, 2: 96, 3: 92, 4: 89
DFA state entries cumulative : 1: 8000, 2: 4749, 3: 3785, 4: 3294
transitions cumulative       : 1->2: 4749, 2->3: 3785, 3->4: 3294
accepted directly from s0    : 0
Gym endings cumulative       : terminated=4608, truncated=98

Starting autonomous greedy evaluation at episode 8000 (1000 fixed-seed episodes)...
[Greedy evaluation at episode 8000 | 1000 fixed-seed episodes]
success=87.5%, failure=0.0%, task reward=8750.000, length=237.7
DFA transitions: 1->2: 886, 2->3: 882, 3->4: 875
Last policy saved after episode 8000. Best greedy evaluation: episode 6500, mean task reward=9780.000
