
=== NEW RUN ===
episodes=8000, shaping=True, goal_reward=10000.0, gamma=0.99
gamma_shaping=1.0, shaping_formula=gamma_shaping*Phi(next)-Phi(state)
ground_unbiased_learner=False
eval_interval=500, eval_episodes=1000, eval_seed=100000
inter_level_shaping=False, inter_level_formula=gamma*Phi(next)-Phi(state)
task_type=ltlf, task=F(wp1 & X(F(wp2 & X(F(g1)))))
regions={wp1: {'center': [-0.75, 1.0625], 'radius': 0.1}, wp2: {'center': [0, 0.8125], 'radius': 0.1}, g1: {'center': [0.75, 1.0625], 'radius': 0.1}}
dfa_states=[1, 2, 3, 4], pre_trace=1, accepting=[4], failure=[]

[Episode 1/8000 | last 1]
success rate                : 0.0% (cumulative 0.0%)
failure rate                : 0.0% (cumulative 0.0%)
completed cycles / episode  : 0.000
synthetic task reward       : 0.000
shaping reward              : -926.199
learning reward             : -926.199
episode length              : 66.0
abstract changes / episode  : 47.0
same abstract-state steps   : 28.8%
same-state shaping / episode: 0.000
changed-state shaping / ep. : -926.199
terminal shaping / episode  : 0.000
DFA transitions / episode   : 0.00
DFA transitions in window   : none
epsilon (next episode)       : 0.99960
replay buffer                : 66 samples [1: 100.0%, 2: 0.0%, 3: 0.0%, 4: 0.0%]
DFA state visits in window   : 1: 67, 2: 0, 3: 0, 4: 0
DFA state visits cumulative  : 1: 67, 2: 0, 3: 0, 4: 0
DFA state entries in window  : 1: 1, 2: 0, 3: 0, 4: 0
DFA state entries cumulative : 1: 1, 2: 0, 3: 0, 4: 0
transitions cumulative       : none
accepted directly from s0    : 0
Gym endings cumulative       : terminated=1, truncated=0

[Episode 100/8000 | last 100]
success rate                : 0.0% (cumulative 0.0%)
failure rate                : 0.0% (cumulative 0.0%)
completed cycles / episode  : 0.000
synthetic task reward       : 0.000
shaping reward              : -910.193
learning reward             : -910.193
episode length              : 93.1
abstract changes / episode  : 49.4
same abstract-state steps   : 47.0%
same-state shaping / episode: 0.000
changed-state shaping / ep. : -910.193
terminal shaping / episode  : -6.019
DFA transitions / episode   : 0.03
DFA transitions in window   : 1->2: 3
epsilon (next episode)       : 0.96078
replay buffer                : 9311 samples [1: 99.2%, 2: 0.8%, 3: 0.0%, 4: 0.0%]
DFA state visits in window   : 1: 9329, 2: 82, 3: 0, 4: 0
DFA state visits cumulative  : 1: 9329, 2: 82, 3: 0, 4: 0
DFA state entries in window  : 1: 100, 2: 3, 3: 0, 4: 0
DFA state entries cumulative : 1: 100, 2: 3, 3: 0, 4: 0
transitions cumulative       : 1->2: 3
accepted directly from s0    : 0
Gym endings cumulative       : terminated=100, truncated=0

[Episode 200/8000 | last 100]
success rate                : 0.0% (cumulative 0.0%)
failure rate                : 0.0% (cumulative 0.0%)
completed cycles / episode  : 0.000
synthetic task reward       : 0.000
shaping reward              : -849.660
learning reward             : -849.660
episode length              : 91.4
abstract changes / episode  : 48.0
same abstract-state steps   : 47.5%
same-state shaping / episode: 0.000
changed-state shaping / ep. : -849.660
terminal shaping / episode  : -6.167
DFA transitions / episode   : 0.03
DFA transitions in window   : 1->2: 3
epsilon (next episode)       : 0.92310
replay buffer                : 18454 samples [1: 99.2%, 2: 0.8%, 3: 0.0%, 4: 0.0%]
DFA state visits in window   : 1: 9179, 2: 64, 3: 0, 4: 0
DFA state visits cumulative  : 1: 18508, 2: 146, 3: 0, 4: 0
DFA state entries in window  : 1: 100, 2: 3, 3: 0, 4: 0
DFA state entries cumulative : 1: 200, 2: 6, 3: 0, 4: 0
transitions cumulative       : 1->2: 6
accepted directly from s0    : 0
Gym endings cumulative       : terminated=200, truncated=0

[Episode 300/8000 | last 100]
success rate                : 0.0% (cumulative 0.0%)
failure rate                : 0.0% (cumulative 0.0%)
completed cycles / episode  : 0.000
synthetic task reward       : 0.000
shaping reward              : -867.741
learning reward             : -867.741
episode length              : 90.3
abstract changes / episode  : 48.6
same abstract-state steps   : 46.2%
same-state shaping / episode: 0.000
changed-state shaping / ep. : -867.741
terminal shaping / episode  : -9.340
DFA transitions / episode   : 0.03
DFA transitions in window   : 1->2: 3
epsilon (next episode)       : 0.88690
replay buffer                : 27484 samples [1: 99.2%, 2: 0.8%, 3: 0.0%, 4: 0.0%]
DFA state visits in window   : 1: 9054, 2: 76, 3: 0, 4: 0
DFA state visits cumulative  : 1: 27562, 2: 222, 3: 0, 4: 0
DFA state entries in window  : 1: 100, 2: 3, 3: 0, 4: 0
DFA state entries cumulative : 1: 300, 2: 9, 3: 0, 4: 0
transitions cumulative       : 1->2: 9
accepted directly from s0    : 0
Gym endings cumulative       : terminated=300, truncated=0

[Episode 400/8000 | last 100]
success rate                : 0.0% (cumulative 0.0%)
failure rate                : 0.0% (cumulative 0.0%)
completed cycles / episode  : 0.000
synthetic task reward       : 0.000
shaping reward              : -882.951
learning reward             : -882.951
episode length              : 99.3
abstract changes / episode  : 49.9
same abstract-state steps   : 49.7%
same-state shaping / episode: 0.000
changed-state shaping / ep. : -882.951
terminal shaping / episode  : -9.961
DFA transitions / episode   : 0.01
DFA transitions in window   : 1->2: 1
epsilon (next episode)       : 0.85212
replay buffer                : 37410 samples [1: 99.4%, 2: 0.6%, 3: 0.0%, 4: 0.0%]
DFA state visits in window   : 1: 10006, 2: 20, 3: 0, 4: 0
DFA state visits cumulative  : 1: 37568, 2: 242, 3: 0, 4: 0
DFA state entries in window  : 1: 100, 2: 1, 3: 0, 4: 0
DFA state entries cumulative : 1: 400, 2: 10, 3: 0, 4: 0
transitions cumulative       : 1->2: 10
accepted directly from s0    : 0
Gym endings cumulative       : terminated=400, truncated=0

[Episode 500/8000 | last 100]
success rate                : 0.0% (cumulative 0.0%)
failure rate                : 0.0% (cumulative 0.0%)
completed cycles / episode  : 0.000
synthetic task reward       : 0.000
shaping reward              : -856.825
learning reward             : -856.825
episode length              : 113.3
abstract changes / episode  : 50.4
same abstract-state steps   : 55.5%
same-state shaping / episode: 0.000
changed-state shaping / ep. : -856.825
terminal shaping / episode  : -12.183
DFA transitions / episode   : 0.03
DFA transitions in window   : 1->2: 3
epsilon (next episode)       : 0.81870
replay buffer                : 48744 samples [1: 99.4%, 2: 0.6%, 3: 0.0%, 4: 0.0%]
DFA state visits in window   : 1: 11360, 2: 74, 3: 0, 4: 0
DFA state visits cumulative  : 1: 48928, 2: 316, 3: 0, 4: 0
DFA state entries in window  : 1: 100, 2: 3, 3: 0, 4: 0
DFA state entries cumulative : 1: 500, 2: 13, 3: 0, 4: 0
transitions cumulative       : 1->2: 13
accepted directly from s0    : 0
Gym endings cumulative       : terminated=499, truncated=1

Starting autonomous greedy evaluation at episode 500 (1000 fixed-seed episodes)...
[Greedy evaluation at episode 500 | 1000 fixed-seed episodes]
success=0.0%, failure=0.0%, task reward=0.000, length=159.6
DFA transitions: none
Best policy updated from autonomous greedy evaluation at episode 500.

[Episode 600/8000 | last 100]
success rate                : 0.0% (cumulative 0.0%)
failure rate                : 0.0% (cumulative 0.0%)
completed cycles / episode  : 0.000
synthetic task reward       : 0.000
shaping reward              : -796.033
learning reward             : -796.033
episode length              : 101.0
abstract changes / episode  : 49.7
same abstract-state steps   : 50.8%
same-state shaping / episode: 0.000
changed-state shaping / ep. : -796.033
terminal shaping / episode  : -10.587
DFA transitions / episode   : 0.04
DFA transitions in window   : 1->2: 4
epsilon (next episode)       : 0.78659
replay buffer                : 58840 samples [1: 99.3%, 2: 0.7%, 3: 0.0%, 4: 0.0%]
DFA state visits in window   : 1: 10101, 2: 95, 3: 0, 4: 0
DFA state visits cumulative  : 1: 59029, 2: 411, 3: 0, 4: 0
DFA state entries in window  : 1: 100, 2: 4, 3: 0, 4: 0
DFA state entries cumulative : 1: 600, 2: 17, 3: 0, 4: 0
transitions cumulative       : 1->2: 17
accepted directly from s0    : 0
Gym endings cumulative       : terminated=599, truncated=1

[Episode 700/8000 | last 100]
success rate                : 0.0% (cumulative 0.0%)
failure rate                : 0.0% (cumulative 0.0%)
completed cycles / episode  : 0.000
synthetic task reward       : 0.000
shaping reward              : -830.159
learning reward             : -830.159
episode length              : 105.6
abstract changes / episode  : 50.3
same abstract-state steps   : 52.4%
same-state shaping / episode: 0.000
changed-state shaping / ep. : -830.159
terminal shaping / episode  : -8.463
DFA transitions / episode   : 0.03
DFA transitions in window   : 1->2: 3
epsilon (next episode)       : 0.75574
replay buffer                : 69396 samples [1: 99.3%, 2: 0.7%, 3: 0.0%, 4: 0.0%]
DFA state visits in window   : 1: 10586, 2: 70, 3: 0, 4: 0
DFA state visits cumulative  : 1: 69615, 2: 481, 3: 0, 4: 0
DFA state entries in window  : 1: 100, 2: 3, 3: 0, 4: 0
DFA state entries cumulative : 1: 700, 2: 20, 3: 0, 4: 0
transitions cumulative       : 1->2: 20
accepted directly from s0    : 0
Gym endings cumulative       : terminated=699, truncated=1

[Episode 800/8000 | last 100]
success rate                : 0.0% (cumulative 0.0%)
failure rate                : 0.0% (cumulative 0.0%)
completed cycles / episode  : 0.000
synthetic task reward       : 0.000
shaping reward              : -655.139
learning reward             : -655.139
episode length              : 108.6
abstract changes / episode  : 48.6
same abstract-state steps   : 55.2%
same-state shaping / episode: 0.000
changed-state shaping / ep. : -655.139
terminal shaping / episode  : -8.404
DFA transitions / episode   : 0.08
DFA transitions in window   : 1->2: 8
epsilon (next episode)       : 0.72610
replay buffer                : 80260 samples [1: 99.2%, 2: 0.8%, 3: 0.0%, 4: 0.0%]
DFA state visits in window   : 1: 10775, 2: 189, 3: 0, 4: 0
DFA state visits cumulative  : 1: 80390, 2: 670, 3: 0, 4: 0
DFA state entries in window  : 1: 100, 2: 8, 3: 0, 4: 0
DFA state entries cumulative : 1: 800, 2: 28, 3: 0, 4: 0
transitions cumulative       : 1->2: 28
accepted directly from s0    : 0
Gym endings cumulative       : terminated=799, truncated=1

[Episode 900/8000 | last 100]
success rate                : 0.0% (cumulative 0.0%)
failure rate                : 0.0% (cumulative 0.0%)
completed cycles / episode  : 0.000
synthetic task reward       : 0.000
shaping reward              : -707.180
learning reward             : -707.180
episode length              : 113.6
abstract changes / episode  : 49.6
same abstract-state steps   : 56.3%
same-state shaping / episode: 0.000
changed-state shaping / ep. : -707.180
terminal shaping / episode  : -12.553
DFA transitions / episode   : 0.05
DFA transitions in window   : 1->2: 5
epsilon (next episode)       : 0.69763
replay buffer                : 91617 samples [1: 99.2%, 2: 0.8%, 3: 0.0%, 4: 0.0%]
DFA state visits in window   : 1: 11330, 2: 127, 3: 0, 4: 0
DFA state visits cumulative  : 1: 91720, 2: 797, 3: 0, 4: 0
DFA state entries in window  : 1: 100, 2: 5, 3: 0, 4: 0
DFA state entries cumulative : 1: 900, 2: 33, 3: 0, 4: 0
transitions cumulative       : 1->2: 33
accepted directly from s0    : 0
Gym endings cumulative       : terminated=899, truncated=1

[Episode 1000/8000 | last 100]
success rate                : 0.0% (cumulative 0.0%)
failure rate                : 0.0% (cumulative 0.0%)
completed cycles / episode  : 0.000
synthetic task reward       : 0.000
shaping reward              : -699.118
learning reward             : -699.118
episode length              : 112.2
abstract changes / episode  : 49.5
same abstract-state steps   : 55.9%
same-state shaping / episode: 0.000
changed-state shaping / ep. : -699.118
terminal shaping / episode  : -7.000
DFA transitions / episode   : 0.04
DFA transitions in window   : 1->2: 4
epsilon (next episode)       : 0.67027
replay buffer                : 102835 samples [1: 99.2%, 2: 0.8%, 3: 0.0%, 4: 0.0%]
DFA state visits in window   : 1: 11224, 2: 94, 3: 0, 4: 0
DFA state visits cumulative  : 1: 102944, 2: 891, 3: 0, 4: 0
DFA state entries in window  : 1: 100, 2: 4, 3: 0, 4: 0
DFA state entries cumulative : 1: 1000, 2: 37, 3: 0, 4: 0
transitions cumulative       : 1->2: 37
accepted directly from s0    : 0
Gym endings cumulative       : terminated=999, truncated=1

Starting autonomous greedy evaluation at episode 1000 (1000 fixed-seed episodes)...
[Greedy evaluation at episode 1000 | 1000 fixed-seed episodes]
success=0.0%, failure=0.0%, task reward=0.000, length=240.2
DFA transitions: none

[Episode 1100/8000 | last 100]
success rate                : 0.0% (cumulative 0.0%)
failure rate                : 0.0% (cumulative 0.0%)
completed cycles / episode  : 0.000
synthetic task reward       : 0.000
shaping reward              : -809.967
learning reward             : -809.967
episode length              : 118.2
abstract changes / episode  : 51.7
same abstract-state steps   : 56.2%
same-state shaping / episode: 0.000
changed-state shaping / ep. : -809.967
terminal shaping / episode  : -7.380
DFA transitions / episode   : 0.03
DFA transitions in window   : 1->2: 3
epsilon (next episode)       : 0.64398
replay buffer                : 114653 samples [1: 99.2%, 2: 0.8%, 3: 0.0%, 4: 0.0%]
DFA state visits in window   : 1: 11845, 2: 73, 3: 0, 4: 0
DFA state visits cumulative  : 1: 114789, 2: 964, 3: 0, 4: 0
DFA state entries in window  : 1: 100, 2: 3, 3: 0, 4: 0
DFA state entries cumulative : 1: 1100, 2: 40, 3: 0, 4: 0
transitions cumulative       : 1->2: 40
accepted directly from s0    : 0
Gym endings cumulative       : terminated=1099, truncated=1

[Episode 1200/8000 | last 100]
success rate                : 0.0% (cumulative 0.0%)
failure rate                : 0.0% (cumulative 0.0%)
completed cycles / episode  : 0.000
synthetic task reward       : 0.000
shaping reward              : -764.856
learning reward             : -764.856
episode length              : 120.1
abstract changes / episode  : 51.6
same abstract-state steps   : 57.1%
same-state shaping / episode: 0.000
changed-state shaping / ep. : -764.856
terminal shaping / episode  : -12.664
DFA transitions / episode   : 0.00
DFA transitions in window   : none
epsilon (next episode)       : 0.61872
replay buffer                : 126667 samples [1: 99.3%, 2: 0.7%, 3: 0.0%, 4: 0.0%]
DFA state visits in window   : 1: 12114, 2: 0, 3: 0, 4: 0
DFA state visits cumulative  : 1: 126903, 2: 964, 3: 0, 4: 0
DFA state entries in window  : 1: 100, 2: 0, 3: 0, 4: 0
DFA state entries cumulative : 1: 1200, 2: 40, 3: 0, 4: 0
transitions cumulative       : 1->2: 40
accepted directly from s0    : 0
Gym endings cumulative       : terminated=1199, truncated=1

[Episode 1300/8000 | last 100]
success rate                : 0.0% (cumulative 0.0%)
failure rate                : 0.0% (cumulative 0.0%)
completed cycles / episode  : 0.000
synthetic task reward       : 0.000
shaping reward              : -752.251
learning reward             : -752.251
episode length              : 121.8
abstract changes / episode  : 51.7
same abstract-state steps   : 57.5%
same-state shaping / episode: 0.000
changed-state shaping / ep. : -752.251
terminal shaping / episode  : -11.580
DFA transitions / episode   : 0.02
DFA transitions in window   : 1->2: 2
epsilon (next episode)       : 0.59446
replay buffer                : 138842 samples [1: 99.3%, 2: 0.7%, 3: 0.0%, 4: 0.0%]
DFA state visits in window   : 1: 12223, 2: 52, 3: 0, 4: 0
DFA state visits cumulative  : 1: 139126, 2: 1016, 3: 0, 4: 0
DFA state entries in window  : 1: 100, 2: 2, 3: 0, 4: 0
DFA state entries cumulative : 1: 1300, 2: 42, 3: 0, 4: 0
transitions cumulative       : 1->2: 42
accepted directly from s0    : 0
Gym endings cumulative       : terminated=1299, truncated=1

[Episode 1400/8000 | last 100]
success rate                : 0.0% (cumulative 0.0%)
failure rate                : 0.0% (cumulative 0.0%)
completed cycles / episode  : 0.000
synthetic task reward       : 0.000
shaping reward              : -696.325
learning reward             : -696.325
episode length              : 116.6
abstract changes / episode  : 51.7
same abstract-state steps   : 55.6%
same-state shaping / episode: 0.000
changed-state shaping / ep. : -696.325
terminal shaping / episode  : -14.018
DFA transitions / episode   : 0.00
DFA transitions in window   : none
epsilon (next episode)       : 0.57115
replay buffer                : 150502 samples [1: 99.4%, 2: 0.6%, 3: 0.0%, 4: 0.0%]
DFA state visits in window   : 1: 11760, 2: 0, 3: 0, 4: 0
DFA state visits cumulative  : 1: 150886, 2: 1016, 3: 0, 4: 0
DFA state entries in window  : 1: 100, 2: 0, 3: 0, 4: 0
DFA state entries cumulative : 1: 1400, 2: 42, 3: 0, 4: 0
transitions cumulative       : 1->2: 42
accepted directly from s0    : 0
Gym endings cumulative       : terminated=1399, truncated=1

[Episode 1500/8000 | last 100]
success rate                : 0.0% (cumulative 0.0%)
failure rate                : 0.0% (cumulative 0.0%)
completed cycles / episode  : 0.000
synthetic task reward       : 0.000
shaping reward              : -761.837
learning reward             : -761.837
episode length              : 123.5
abstract changes / episode  : 52.2
same abstract-state steps   : 57.7%
same-state shaping / episode: 0.000
changed-state shaping / ep. : -761.837
terminal shaping / episode  : -6.332
DFA transitions / episode   : 0.00
DFA transitions in window   : none
epsilon (next episode)       : 0.54875
replay buffer                : 162847 samples [1: 99.4%, 2: 0.6%, 3: 0.0%, 4: 0.0%]
DFA state visits in window   : 1: 12445, 2: 0, 3: 0, 4: 0
DFA state visits cumulative  : 1: 163331, 2: 1016, 3: 0, 4: 0
DFA state entries in window  : 1: 100, 2: 0, 3: 0, 4: 0
DFA state entries cumulative : 1: 1500, 2: 42, 3: 0, 4: 0
transitions cumulative       : 1->2: 42
accepted directly from s0    : 0
Gym endings cumulative       : terminated=1499, truncated=1

Starting autonomous greedy evaluation at episode 1500 (1000 fixed-seed episodes)...
[Greedy evaluation at episode 1500 | 1000 fixed-seed episodes]
success=0.0%, failure=0.0%, task reward=0.000, length=379.4
DFA transitions: 1->2: 104

[Episode 1600/8000 | last 100]
success rate                : 0.0% (cumulative 0.0%)
failure rate                : 0.0% (cumulative 0.0%)
completed cycles / episode  : 0.000
synthetic task reward       : 0.000
shaping reward              : -811.260
learning reward             : -811.260
episode length              : 122.8
abstract changes / episode  : 52.1
same abstract-state steps   : 57.5%
same-state shaping / episode: 0.000
changed-state shaping / ep. : -811.260
terminal shaping / episode  : -7.915
DFA transitions / episode   : 0.02
DFA transitions in window   : 1->2: 2
epsilon (next episode)       : 0.52722
replay buffer                : 175129 samples [1: 99.4%, 2: 0.6%, 3: 0.0%, 4: 0.0%]
DFA state visits in window   : 1: 12325, 2: 57, 3: 0, 4: 0
DFA state visits cumulative  : 1: 175656, 2: 1073, 3: 0, 4: 0
DFA state entries in window  : 1: 100, 2: 2, 3: 0, 4: 0
DFA state entries cumulative : 1: 1600, 2: 44, 3: 0, 4: 0
transitions cumulative       : 1->2: 44
accepted directly from s0    : 0
Gym endings cumulative       : terminated=1599, truncated=1

[Episode 1700/8000 | last 100]
success rate                : 0.0% (cumulative 0.0%)
failure rate                : 0.0% (cumulative 0.0%)
completed cycles / episode  : 0.000
synthetic task reward       : 0.000
shaping reward              : -672.005
learning reward             : -672.005
episode length              : 131.6
abstract changes / episode  : 51.8
same abstract-state steps   : 60.7%
same-state shaping / episode: 0.000
changed-state shaping / ep. : -672.005
terminal shaping / episode  : -8.282
DFA transitions / episode   : 0.09
DFA transitions in window   : 1->2: 9
epsilon (next episode)       : 0.50655
replay buffer                : 188286 samples [1: 99.3%, 2: 0.7%, 3: 0.0%, 4: 0.0%]
DFA state visits in window   : 1: 13025, 2: 232, 3: 0, 4: 0
DFA state visits cumulative  : 1: 188681, 2: 1305, 3: 0, 4: 0
DFA state entries in window  : 1: 100, 2: 9, 3: 0, 4: 0
DFA state entries cumulative : 1: 1700, 2: 53, 3: 0, 4: 0
transitions cumulative       : 1->2: 53
accepted directly from s0    : 0
Gym endings cumulative       : terminated=1699, truncated=1

[Episode 1800/8000 | last 100]
success rate                : 0.0% (cumulative 0.0%)
failure rate                : 0.0% (cumulative 0.0%)
completed cycles / episode  : 0.000
synthetic task reward       : 0.000
shaping reward              : -729.138
learning reward             : -729.138
episode length              : 137.7
abstract changes / episode  : 53.2
same abstract-state steps   : 61.4%
same-state shaping / episode: 0.000
changed-state shaping / ep. : -729.138
terminal shaping / episode  : -4.334
DFA transitions / episode   : 0.06
DFA transitions in window   : 1->2: 6
epsilon (next episode)       : 0.48668
replay buffer                : 202051 samples [1: 99.3%, 2: 0.7%, 3: 0.0%, 4: 0.0%]
DFA state visits in window   : 1: 13616, 2: 249, 3: 0, 4: 0
DFA state visits cumulative  : 1: 202297, 2: 1554, 3: 0, 4: 0
DFA state entries in window  : 1: 100, 2: 6, 3: 0, 4: 0
DFA state entries cumulative : 1: 1800, 2: 59, 3: 0, 4: 0
transitions cumulative       : 1->2: 59
accepted directly from s0    : 0
Gym endings cumulative       : terminated=1799, truncated=1

[Episode 1900/8000 | last 100]
success rate                : 0.0% (cumulative 0.0%)
failure rate                : 0.0% (cumulative 0.0%)
completed cycles / episode  : 0.000
synthetic task reward       : 0.000
shaping reward              : -729.503
learning reward             : -729.503
episode length              : 172.0
abstract changes / episode  : 57.4
same abstract-state steps   : 66.6%
same-state shaping / episode: 0.000
changed-state shaping / ep. : -729.503
terminal shaping / episode  : -5.609
DFA transitions / episode   : 0.07
DFA transitions in window   : 1->2: 7
epsilon (next episode)       : 0.46760
replay buffer                : 219255 samples [1: 99.2%, 2: 0.8%, 3: 0.0%, 4: 0.0%]
DFA state visits in window   : 1: 17088, 2: 216, 3: 0, 4: 0
DFA state visits cumulative  : 1: 219385, 2: 1770, 3: 0, 4: 0
DFA state entries in window  : 1: 100, 2: 7, 3: 0, 4: 0
DFA state entries cumulative : 1: 1900, 2: 66, 3: 0, 4: 0
transitions cumulative       : 1->2: 66
accepted directly from s0    : 0
Gym endings cumulative       : terminated=1898, truncated=2

[Episode 2000/8000 | last 100]
success rate                : 0.0% (cumulative 0.0%)
failure rate                : 0.0% (cumulative 0.0%)
completed cycles / episode  : 0.000
synthetic task reward       : 0.000
shaping reward              : -414.643
learning reward             : -414.643
episode length              : 164.9
abstract changes / episode  : 54.7
same abstract-state steps   : 66.8%
same-state shaping / episode: 0.000
changed-state shaping / ep. : -414.643
terminal shaping / episode  : -4.080
DFA transitions / episode   : 0.17
DFA transitions in window   : 1->2: 17
epsilon (next episode)       : 0.44926
replay buffer                : 235741 samples [1: 99.0%, 2: 1.0%, 3: 0.0%, 4: 0.0%]
DFA state visits in window   : 1: 16028, 2: 558, 3: 0, 4: 0
DFA state visits cumulative  : 1: 235413, 2: 2328, 3: 0, 4: 0
DFA state entries in window  : 1: 100, 2: 17, 3: 0, 4: 0
DFA state entries cumulative : 1: 2000, 2: 83, 3: 0, 4: 0
transitions cumulative       : 1->2: 83
accepted directly from s0    : 0
Gym endings cumulative       : terminated=1997, truncated=3

Starting autonomous greedy evaluation at episode 2000 (1000 fixed-seed episodes)...
[Greedy evaluation at episode 2000 | 1000 fixed-seed episodes]
success=0.0%, failure=0.0%, task reward=0.000, length=161.9
DFA transitions: 1->2: 445

[Episode 2100/8000 | last 100]
success rate                : 0.0% (cumulative 0.0%)
failure rate                : 0.0% (cumulative 0.0%)
completed cycles / episode  : 0.000
synthetic task reward       : 0.000
shaping reward              : -248.979
learning reward             : -248.979
episode length              : 160.4
abstract changes / episode  : 50.8
same abstract-state steps   : 68.3%
same-state shaping / episode: 0.000
changed-state shaping / ep. : -248.979
terminal shaping / episode  : -4.433
DFA transitions / episode   : 0.25
DFA transitions in window   : 1->2: 25
epsilon (next episode)       : 0.43164
replay buffer                : 251780 samples [1: 98.8%, 2: 1.2%, 3: 0.0%, 4: 0.0%]
DFA state visits in window   : 1: 15248, 2: 891, 3: 0, 4: 0
DFA state visits cumulative  : 1: 250661, 2: 3219, 3: 0, 4: 0
DFA state entries in window  : 1: 100, 2: 25, 3: 0, 4: 0
DFA state entries cumulative : 1: 2100, 2: 108, 3: 0, 4: 0
transitions cumulative       : 1->2: 108
accepted directly from s0    : 0
Gym endings cumulative       : terminated=2096, truncated=4

[Episode 2200/8000 | last 100]
success rate                : 0.0% (cumulative 0.0%)
failure rate                : 0.0% (cumulative 0.0%)
completed cycles / episode  : 0.000
synthetic task reward       : 0.000
shaping reward              : -25.029
learning reward             : -25.029
episode length              : 154.5
abstract changes / episode  : 50.5
same abstract-state steps   : 67.3%
same-state shaping / episode: 0.000
changed-state shaping / ep. : -25.029
terminal shaping / episode  : -9.940
DFA transitions / episode   : 0.24
DFA transitions in window   : 1->2: 24
epsilon (next episode)       : 0.41471
replay buffer                : 267227 samples [1: 98.6%, 2: 1.4%, 3: 0.0%, 4: 0.0%]
DFA state visits in window   : 1: 14822, 2: 725, 3: 0, 4: 0
DFA state visits cumulative  : 1: 265483, 2: 3944, 3: 0, 4: 0
DFA state entries in window  : 1: 100, 2: 24, 3: 0, 4: 0
DFA state entries cumulative : 1: 2200, 2: 132, 3: 0, 4: 0
transitions cumulative       : 1->2: 132
accepted directly from s0    : 0
Gym endings cumulative       : terminated=2195, truncated=5

[Episode 2300/8000 | last 100]
success rate                : 0.0% (cumulative 0.0%)
failure rate                : 0.0% (cumulative 0.0%)
completed cycles / episode  : 0.000
synthetic task reward       : 0.000
shaping reward              : -144.732
learning reward             : -144.732
episode length              : 164.4
abstract changes / episode  : 54.2
same abstract-state steps   : 67.0%
same-state shaping / episode: 0.000
changed-state shaping / ep. : -144.732
terminal shaping / episode  : -8.660
DFA transitions / episode   : 0.20
DFA transitions in window   : 1->2: 20
epsilon (next episode)       : 0.39845
replay buffer                : 283669 samples [1: 98.4%, 2: 1.6%, 3: 0.0%, 4: 0.0%]
DFA state visits in window   : 1: 15872, 2: 670, 3: 0, 4: 0
DFA state visits cumulative  : 1: 281355, 2: 4614, 3: 0, 4: 0
DFA state entries in window  : 1: 100, 2: 20, 3: 0, 4: 0
DFA state entries cumulative : 1: 2300, 2: 152, 3: 0, 4: 0
transitions cumulative       : 1->2: 152
accepted directly from s0    : 0
Gym endings cumulative       : terminated=2295, truncated=5

[Episode 2400/8000 | last 100]
success rate                : 0.0% (cumulative 0.0%)
failure rate                : 0.0% (cumulative 0.0%)
completed cycles / episode  : 0.000
synthetic task reward       : 0.000
shaping reward              : -11.412
learning reward             : -11.412
episode length              : 171.4
abstract changes / episode  : 56.2
same abstract-state steps   : 67.2%
same-state shaping / episode: 0.000
changed-state shaping / ep. : -11.412
terminal shaping / episode  : -7.606
DFA transitions / episode   : 0.28
DFA transitions in window   : 1->2: 28
epsilon (next episode)       : 0.38282
replay buffer                : 300000 samples [1: 98.3%, 2: 1.7%, 3: 0.0%, 4: 0.0%]
DFA state visits in window   : 1: 16434, 2: 809, 3: 0, 4: 0
DFA state visits cumulative  : 1: 297789, 2: 5423, 3: 0, 4: 0
DFA state entries in window  : 1: 100, 2: 28, 3: 0, 4: 0
DFA state entries cumulative : 1: 2400, 2: 180, 3: 0, 4: 0
transitions cumulative       : 1->2: 180
accepted directly from s0    : 0
Gym endings cumulative       : terminated=2395, truncated=5

[Episode 2500/8000 | last 100]
success rate                : 0.0% (cumulative 0.0%)
failure rate                : 0.0% (cumulative 0.0%)
completed cycles / episode  : 0.000
synthetic task reward       : 0.000
shaping reward              : -141.775
learning reward             : -141.775
episode length              : 220.6
abstract changes / episode  : 64.8
same abstract-state steps   : 70.6%
same-state shaping / episode: 0.000
changed-state shaping / ep. : -141.775
terminal shaping / episode  : -7.816
DFA transitions / episode   : 0.20
DFA transitions in window   : 1->2: 20
epsilon (next episode)       : 0.36781
replay buffer                : 300000 samples [1: 98.1%, 2: 1.9%, 3: 0.0%, 4: 0.0%]
DFA state visits in window   : 1: 21417, 2: 738, 3: 0, 4: 0
DFA state visits cumulative  : 1: 319206, 2: 6161, 3: 0, 4: 0
DFA state entries in window  : 1: 100, 2: 20, 3: 0, 4: 0
DFA state entries cumulative : 1: 2500, 2: 200, 3: 0, 4: 0
transitions cumulative       : 1->2: 200
accepted directly from s0    : 0
Gym endings cumulative       : terminated=2493, truncated=7

Starting autonomous greedy evaluation at episode 2500 (1000 fixed-seed episodes)...
[Greedy evaluation at episode 2500 | 1000 fixed-seed episodes]
success=0.0%, failure=0.0%, task reward=0.000, length=830.1
DFA transitions: 1->2: 134, 2->3: 21

[Episode 2600/8000 | last 100]
success rate                : 0.0% (cumulative 0.0%)
failure rate                : 0.0% (cumulative 0.0%)
completed cycles / episode  : 0.000
synthetic task reward       : 0.000
shaping reward              : -178.222
learning reward             : -178.222
episode length              : 323.0
abstract changes / episode  : 86.7
same abstract-state steps   : 73.2%
same-state shaping / episode: 0.000
changed-state shaping / ep. : -178.222
terminal shaping / episode  : -4.906
DFA transitions / episode   : 0.16
DFA transitions in window   : 1->2: 16
epsilon (next episode)       : 0.35338
replay buffer                : 300000 samples [1: 97.5%, 2: 2.5%, 3: 0.0%, 4: 0.0%]
DFA state visits in window   : 1: 30463, 2: 1937, 3: 0, 4: 0
DFA state visits cumulative  : 1: 349669, 2: 8098, 3: 0, 4: 0
DFA state entries in window  : 1: 100, 2: 16, 3: 0, 4: 0
DFA state entries cumulative : 1: 2600, 2: 216, 3: 0, 4: 0
transitions cumulative       : 1->2: 216
accepted directly from s0    : 0
Gym endings cumulative       : terminated=2589, truncated=11

[Episode 2700/8000 | last 100]
success rate                : 0.0% (cumulative 0.0%)
failure rate                : 0.0% (cumulative 0.0%)
completed cycles / episode  : 0.000
synthetic task reward       : 0.000
shaping reward              : -43.153
learning reward             : -43.153
episode length              : 299.9
abstract changes / episode  : 83.9
same abstract-state steps   : 72.0%
same-state shaping / episode: 0.000
changed-state shaping / ep. : -43.153
terminal shaping / episode  : -2.790
DFA transitions / episode   : 0.20
DFA transitions in window   : 1->2: 20
epsilon (next episode)       : 0.33952
replay buffer                : 300000 samples [1: 97.0%, 2: 3.0%, 3: 0.0%, 4: 0.0%]
DFA state visits in window   : 1: 28289, 2: 1799, 3: 0, 4: 0
DFA state visits cumulative  : 1: 377958, 2: 9897, 3: 0, 4: 0
DFA state entries in window  : 1: 100, 2: 20, 3: 0, 4: 0
DFA state entries cumulative : 1: 2700, 2: 236, 3: 0, 4: 0
transitions cumulative       : 1->2: 236
accepted directly from s0    : 0
Gym endings cumulative       : terminated=2688, truncated=12

[Episode 2800/8000 | last 100]
success rate                : 0.0% (cumulative 0.0%)
failure rate                : 0.0% (cumulative 0.0%)
completed cycles / episode  : 0.000
synthetic task reward       : 0.000
shaping reward              : -99.507
learning reward             : -99.507
episode length              : 287.1
abstract changes / episode  : 88.5
same abstract-state steps   : 69.2%
same-state shaping / episode: 0.000
changed-state shaping / ep. : -99.507
terminal shaping / episode  : 0.491
DFA transitions / episode   : 0.27
DFA transitions in window   : 1->2: 25, 2->3: 2
epsilon (next episode)       : 0.32621
replay buffer                : 300000 samples [1: 96.1%, 2: 3.9%, 3: 0.0%, 4: 0.0%]
DFA state visits in window   : 1: 25879, 2: 2858, 3: 68, 4: 0
DFA state visits cumulative  : 1: 403837, 2: 12755, 3: 68, 4: 0
DFA state entries in window  : 1: 100, 2: 25, 3: 2, 4: 0
DFA state entries cumulative : 1: 2800, 2: 261, 3: 2, 4: 0
transitions cumulative       : 1->2: 261, 2->3: 2
accepted directly from s0    : 0
Gym endings cumulative       : terminated=2788, truncated=12

[Episode 2900/8000 | last 100]
success rate                : 0.0% (cumulative 0.0%)
failure rate                : 0.0% (cumulative 0.0%)
completed cycles / episode  : 0.000
synthetic task reward       : 0.000
shaping reward              : 244.698
learning reward             : 244.698
episode length              : 362.3
abstract changes / episode  : 102.4
same abstract-state steps   : 71.7%
same-state shaping / episode: 0.000
changed-state shaping / ep. : 244.698
terminal shaping / episode  : -5.609
DFA transitions / episode   : 0.58
DFA transitions in window   : 1->2: 45, 2->3: 13
epsilon (next episode)       : 0.31341
replay buffer                : 300000 samples [1: 93.1%, 2: 6.3%, 3: 0.5%, 4: 0.0%]
DFA state visits in window   : 1: 27315, 2: 7430, 3: 1587, 4: 0
DFA state visits cumulative  : 1: 431152, 2: 20185, 3: 1655, 4: 0
DFA state entries in window  : 1: 100, 2: 45, 3: 13, 4: 0
DFA state entries cumulative : 1: 2900, 2: 306, 3: 15, 4: 0
transitions cumulative       : 1->2: 306, 2->3: 15
accepted directly from s0    : 0
Gym endings cumulative       : terminated=2884, truncated=16

[Episode 3000/8000 | last 100]
success rate                : 0.0% (cumulative 0.0%)
failure rate                : 0.0% (cumulative 0.0%)
completed cycles / episode  : 0.000
synthetic task reward       : 0.000
shaping reward              : 201.707
learning reward             : 201.707
episode length              : 326.4
abstract changes / episode  : 99.4
same abstract-state steps   : 69.5%
same-state shaping / episode: 0.000
changed-state shaping / ep. : 201.707
terminal shaping / episode  : -4.456
DFA transitions / episode   : 0.51
DFA transitions in window   : 1->2: 43, 2->3: 8
epsilon (next episode)       : 0.30112
replay buffer                : 300000 samples [1: 91.3%, 2: 8.0%, 3: 0.6%, 4: 0.0%]
DFA state visits in window   : 1: 27101, 2: 5323, 3: 314, 4: 0
DFA state visits cumulative  : 1: 458253, 2: 25508, 3: 1969, 4: 0
DFA state entries in window  : 1: 100, 2: 43, 3: 8, 4: 0
DFA state entries cumulative : 1: 3000, 2: 349, 3: 23, 4: 0
transitions cumulative       : 1->2: 349, 2->3: 23
accepted directly from s0    : 0
Gym endings cumulative       : terminated=2980, truncated=20

Starting autonomous greedy evaluation at episode 3000 (1000 fixed-seed episodes)...
[Greedy evaluation at episode 3000 | 1000 fixed-seed episodes]
success=0.0%, failure=0.0%, task reward=0.000, length=320.1
DFA transitions: 1->2: 783, 2->3: 12

[Episode 3100/8000 | last 100]
success rate                : 1.0% (cumulative 0.0%)
failure rate                : 0.0% (cumulative 0.0%)
completed cycles / episode  : 0.000
synthetic task reward       : 100.000
shaping reward              : 382.734
learning reward             : 482.734
episode length              : 344.2
abstract changes / episode  : 103.0
same abstract-state steps   : 70.1%
same-state shaping / episode: 0.000
changed-state shaping / ep. : 382.734
terminal shaping / episode  : -1.842
DFA transitions / episode   : 0.66
DFA transitions in window   : 1->2: 51, 2->3: 14, 3->4: 1
epsilon (next episode)       : 0.28931
replay buffer                : 300000 samples [1: 88.1%, 2: 10.7%, 3: 1.3%, 4: 0.0%]
DFA state visits in window   : 1: 24157, 2: 8514, 3: 1852, 4: 1
DFA state visits cumulative  : 1: 482410, 2: 34022, 3: 3821, 4: 1
DFA state entries in window  : 1: 100, 2: 51, 3: 14, 4: 1
DFA state entries cumulative : 1: 3100, 2: 400, 3: 37, 4: 1
transitions cumulative       : 1->2: 400, 2->3: 37, 3->4: 1
accepted directly from s0    : 0
Gym endings cumulative       : terminated=3079, truncated=20

[Episode 3200/8000 | last 100]
success rate                : 0.0% (cumulative 0.0%)
failure rate                : 0.0% (cumulative 0.0%)
completed cycles / episode  : 0.000
synthetic task reward       : 0.000
shaping reward              : 248.423
learning reward             : 248.423
episode length              : 363.2
abstract changes / episode  : 110.0
same abstract-state steps   : 69.7%
same-state shaping / episode: 0.000
changed-state shaping / ep. : 248.423
terminal shaping / episode  : -3.863
DFA transitions / episode   : 0.59
DFA transitions in window   : 1->2: 47, 2->3: 12
epsilon (next episode)       : 0.27797
replay buffer                : 300000 samples [1: 85.2%, 2: 13.0%, 3: 1.8%, 4: 0.0%]
DFA state visits in window   : 1: 26111, 2: 8580, 3: 1725, 4: 0
DFA state visits cumulative  : 1: 508521, 2: 42602, 3: 5546, 4: 1
DFA state entries in window  : 1: 100, 2: 47, 3: 12, 4: 0
DFA state entries cumulative : 1: 3200, 2: 447, 3: 49, 4: 1
transitions cumulative       : 1->2: 447, 2->3: 49, 3->4: 1
accepted directly from s0    : 0
Gym endings cumulative       : terminated=3178, truncated=21

[Episode 3300/8000 | last 100]
success rate                : 7.0% (cumulative 0.2%)
failure rate                : 0.0% (cumulative 0.0%)
completed cycles / episode  : 0.000
synthetic task reward       : 700.000
shaping reward              : 805.872
learning reward             : 1505.872
episode length              : 435.8
abstract changes / episode  : 118.5
same abstract-state steps   : 72.8%
same-state shaping / episode: 0.000
changed-state shaping / ep. : 805.872
terminal shaping / episode  : 3.359
DFA transitions / episode   : 0.89
DFA transitions in window   : 1->2: 55, 2->3: 27, 3->4: 7
epsilon (next episode)       : 0.26706
replay buffer                : 300000 samples [1: 79.8%, 2: 15.6%, 3: 4.5%, 4: 0.0%]
DFA state visits in window   : 1: 25659, 2: 9872, 3: 8137, 4: 7
DFA state visits cumulative  : 1: 534180, 2: 52474, 3: 13683, 4: 8
DFA state entries in window  : 1: 100, 2: 55, 3: 27, 4: 7
DFA state entries cumulative : 1: 3300, 2: 502, 3: 76, 4: 8
transitions cumulative       : 1->2: 502, 2->3: 76, 3->4: 8
accepted directly from s0    : 0
Gym endings cumulative       : terminated=3262, truncated=30

[Episode 3400/8000 | last 100]
success rate                : 16.0% (cumulative 0.7%)
failure rate                : 0.0% (cumulative 0.0%)
completed cycles / episode  : 0.000
synthetic task reward       : 1600.000
shaping reward              : 1301.953
learning reward             : 2901.953
episode length              : 485.5
abstract changes / episode  : 127.7
same abstract-state steps   : 73.7%
same-state shaping / episode: 0.000
changed-state shaping / ep. : 1301.953
terminal shaping / episode  : 13.538
DFA transitions / episode   : 1.26
DFA transitions in window   : 1->2: 70, 2->3: 40, 3->4: 16
epsilon (next episode)       : 0.25659
replay buffer                : 300000 samples [1: 72.4%, 2: 19.7%, 3: 7.9%, 4: 0.0%]
DFA state visits in window   : 1: 23814, 2: 14712, 3: 10105, 4: 16
DFA state visits cumulative  : 1: 557994, 2: 67186, 3: 23788, 4: 24
DFA state entries in window  : 1: 100, 2: 70, 3: 40, 4: 16
DFA state entries cumulative : 1: 3400, 2: 572, 3: 116, 4: 24
transitions cumulative       : 1->2: 572, 2->3: 116, 3->4: 24
accepted directly from s0    : 0
Gym endings cumulative       : terminated=3333, truncated=43

[Episode 3500/8000 | last 100]
success rate                : 21.0% (cumulative 1.3%)
failure rate                : 0.0% (cumulative 0.0%)
completed cycles / episode  : 0.000
synthetic task reward       : 2100.000
shaping reward              : 1694.503
learning reward             : 3794.503
episode length              : 503.3
abstract changes / episode  : 134.7
same abstract-state steps   : 73.2%
same-state shaping / episode: 0.000
changed-state shaping / ep. : 1694.503
terminal shaping / episode  : 20.493
DFA transitions / episode   : 1.52
DFA transitions in window   : 1->2: 79, 2->3: 52, 3->4: 21
epsilon (next episode)       : 0.24653
replay buffer                : 300000 samples [1: 64.3%, 2: 24.3%, 3: 11.3%, 4: 0.0%]
DFA state visits in window   : 1: 22945, 2: 17130, 3: 10337, 4: 21
DFA state visits cumulative  : 1: 580939, 2: 84316, 3: 34125, 4: 45
DFA state entries in window  : 1: 100, 2: 79, 3: 52, 4: 21
DFA state entries cumulative : 1: 3500, 2: 651, 3: 168, 4: 45
transitions cumulative       : 1->2: 651, 2->3: 168, 3->4: 45
accepted directly from s0    : 0
Gym endings cumulative       : terminated=3396, truncated=59

Starting autonomous greedy evaluation at episode 3500 (1000 fixed-seed episodes)...
[Greedy evaluation at episode 3500 | 1000 fixed-seed episodes]
success=2.8%, failure=0.0%, task reward=280.000, length=990.5
DFA transitions: 1->2: 1000, 2->3: 1000, 3->4: 28
Best policy updated from autonomous greedy evaluation at episode 3500.

[Episode 3600/8000 | last 100]
success rate                : 40.0% (cumulative 2.4%)
failure rate                : 0.0% (cumulative 0.0%)
completed cycles / episode  : 0.000
synthetic task reward       : 4000.000
shaping reward              : 1802.807
learning reward             : 5802.807
episode length              : 491.6
abstract changes / episode  : 133.3
same abstract-state steps   : 72.9%
same-state shaping / episode: 0.000
changed-state shaping / ep. : 1802.807
terminal shaping / episode  : 36.146
DFA transitions / episode   : 1.63
DFA transitions in window   : 1->2: 76, 2->3: 47, 3->4: 40
epsilon (next episode)       : 0.23686
replay buffer                : 300000 samples [1: 59.2%, 2: 27.8%, 3: 13.0%, 4: 0.0%]
DFA state visits in window   : 1: 24191, 2: 18470, 3: 6557, 4: 40
DFA state visits cumulative  : 1: 605130, 2: 102786, 3: 40682, 4: 85
DFA state entries in window  : 1: 100, 2: 76, 3: 47, 4: 40
DFA state entries cumulative : 1: 3600, 2: 727, 3: 215, 4: 85
transitions cumulative       : 1->2: 727, 2->3: 215, 3->4: 85
accepted directly from s0    : 0
Gym endings cumulative       : terminated=3448, truncated=67

[Episode 3700/8000 | last 100]
success rate                : 50.0% (cumulative 3.6%)
failure rate                : 0.0% (cumulative 0.0%)
completed cycles / episode  : 0.000
synthetic task reward       : 5000.000
shaping reward              : 2051.307
learning reward             : 7051.307
episode length              : 469.2
abstract changes / episode  : 133.2
same abstract-state steps   : 71.6%
same-state shaping / episode: 0.000
changed-state shaping / ep. : 2051.307
terminal shaping / episode  : 50.644
DFA transitions / episode   : 1.78
DFA transitions in window   : 1->2: 68, 2->3: 60, 3->4: 50
epsilon (next episode)       : 0.22757
replay buffer                : 300000 samples [1: 55.7%, 2: 29.0%, 3: 15.3%, 4: 0.0%]
DFA state visits in window   : 1: 27165, 2: 11968, 3: 7837, 4: 50
DFA state visits cumulative  : 1: 632295, 2: 114754, 3: 48519, 4: 135
DFA state entries in window  : 1: 100, 2: 68, 3: 60, 4: 50
DFA state entries cumulative : 1: 3700, 2: 795, 3: 275, 4: 135
transitions cumulative       : 1->2: 795, 2->3: 275, 3->4: 135
accepted directly from s0    : 0
Gym endings cumulative       : terminated=3494, truncated=71

[Episode 3800/8000 | last 100]
success rate                : 48.0% (cumulative 4.8%)
failure rate                : 0.0% (cumulative 0.0%)
completed cycles / episode  : 0.000
synthetic task reward       : 4800.000
shaping reward              : 2225.700
learning reward             : 7025.700
episode length              : 481.8
abstract changes / episode  : 139.5
same abstract-state steps   : 71.1%
same-state shaping / episode: 0.000
changed-state shaping / ep. : 2225.700
terminal shaping / episode  : 46.252
DFA transitions / episode   : 1.91
DFA transitions in window   : 1->2: 79, 2->3: 64, 3->4: 48
epsilon (next episode)       : 0.21865
replay buffer                : 300000 samples [1: 52.5%, 2: 30.1%, 3: 17.5%, 4: 0.0%]
DFA state visits in window   : 1: 24728, 2: 15106, 3: 8398, 4: 48
DFA state visits cumulative  : 1: 657023, 2: 129860, 3: 56917, 4: 183
DFA state entries in window  : 1: 100, 2: 79, 3: 64, 4: 48
DFA state entries cumulative : 1: 3800, 2: 874, 3: 339, 4: 183
transitions cumulative       : 1->2: 874, 2->3: 339, 3->4: 183
accepted directly from s0    : 0
Gym endings cumulative       : terminated=3541, truncated=76

[Episode 3900/8000 | last 100]
success rate                : 70.0% (cumulative 6.5%)
failure rate                : 0.0% (cumulative 0.0%)
completed cycles / episode  : 0.000
synthetic task reward       : 7000.000
shaping reward              : 2769.037
learning reward             : 9769.037
episode length              : 428.2
abstract changes / episode  : 118.4
same abstract-state steps   : 72.3%
same-state shaping / episode: 0.000
changed-state shaping / ep. : 2769.037
terminal shaping / episode  : 70.005
DFA transitions / episode   : 2.30
DFA transitions in window   : 1->2: 85, 2->3: 75, 3->4: 70
epsilon (next episode)       : 0.21007
replay buffer                : 300000 samples [1: 50.5%, 2: 31.3%, 3: 18.2%, 4: 0.0%]
DFA state visits in window   : 1: 21340, 2: 12868, 3: 8643, 4: 70
DFA state visits cumulative  : 1: 678363, 2: 142728, 3: 65560, 4: 253
DFA state entries in window  : 1: 100, 2: 85, 3: 75, 4: 70
DFA state entries cumulative : 1: 3900, 2: 959, 3: 414, 4: 253
transitions cumulative       : 1->2: 959, 2->3: 414, 3->4: 253
accepted directly from s0    : 0
Gym endings cumulative       : terminated=3569, truncated=78

[Episode 4000/8000 | last 100]
success rate                : 58.0% (cumulative 7.8%)
failure rate                : 0.0% (cumulative 0.0%)
completed cycles / episode  : 0.000
synthetic task reward       : 5800.000
shaping reward              : 2431.401
learning reward             : 8231.401
episode length              : 379.2
abstract changes / episode  : 109.4
same abstract-state steps   : 71.1%
same-state shaping / episode: 0.000
changed-state shaping / ep. : 2431.401
terminal shaping / episode  : 55.512
DFA transitions / episode   : 2.03
DFA transitions in window   : 1->2: 76, 2->3: 69, 3->4: 58
epsilon (next episode)       : 0.20183
replay buffer                : 300000 samples [1: 51.0%, 2: 31.2%, 3: 17.8%, 4: 0.0%]
DFA state visits in window   : 1: 19770, 2: 11680, 3: 6510, 4: 58
DFA state visits cumulative  : 1: 698133, 2: 154408, 3: 72070, 4: 311
DFA state entries in window  : 1: 100, 2: 76, 3: 69, 4: 58
DFA state entries cumulative : 1: 4000, 2: 1035, 3: 483, 4: 311
transitions cumulative       : 1->2: 1035, 2->3: 483, 3->4: 311
accepted directly from s0    : 0
Gym endings cumulative       : terminated=3611, truncated=78

Starting autonomous greedy evaluation at episode 4000 (1000 fixed-seed episodes)...
[Greedy evaluation at episode 4000 | 1000 fixed-seed episodes]
success=92.6%, failure=0.0%, task reward=9260.000, length=404.2
DFA transitions: 1->2: 975, 2->3: 972, 3->4: 926
Best policy updated from autonomous greedy evaluation at episode 4000.

[Episode 4100/8000 | last 100]
success rate                : 66.0% (cumulative 9.2%)
failure rate                : 0.0% (cumulative 0.0%)
completed cycles / episode  : 0.000
synthetic task reward       : 6600.000
shaping reward              : 2673.936
learning reward             : 9273.936
episode length              : 400.8
abstract changes / episode  : 109.3
same abstract-state steps   : 72.7%
same-state shaping / episode: 0.000
changed-state shaping / ep. : 2673.936
terminal shaping / episode  : 63.683
DFA transitions / episode   : 2.23
DFA transitions in window   : 1->2: 82, 2->3: 75, 3->4: 66
epsilon (next episode)       : 0.19392
replay buffer                : 300000 samples [1: 51.8%, 2: 31.5%, 3: 16.7%, 4: 0.0%]
DFA state visits in window   : 1: 21361, 2: 12941, 3: 5816, 4: 66
DFA state visits cumulative  : 1: 719494, 2: 167349, 3: 77886, 4: 377
DFA state entries in window  : 1: 100, 2: 82, 3: 75, 4: 66
DFA state entries cumulative : 1: 4100, 2: 1117, 3: 558, 4: 377
transitions cumulative       : 1->2: 1117, 2->3: 558, 3->4: 377
accepted directly from s0    : 0
Gym endings cumulative       : terminated=3643, truncated=80

[Episode 4200/8000 | last 100]
success rate                : 64.0% (cumulative 10.5%)
failure rate                : 0.0% (cumulative 0.0%)
completed cycles / episode  : 0.000
synthetic task reward       : 6400.000
shaping reward              : 2764.270
learning reward             : 9164.270
episode length              : 437.0
abstract changes / episode  : 119.5
same abstract-state steps   : 72.7%
same-state shaping / episode: 0.000
changed-state shaping / ep. : 2764.270
terminal shaping / episode  : 65.186
DFA transitions / episode   : 2.25
DFA transitions in window   : 1->2: 86, 2->3: 75, 3->4: 64
epsilon (next episode)       : 0.18631
replay buffer                : 300000 samples [1: 52.1%, 2: 31.0%, 3: 16.9%, 4: 0.0%]
DFA state visits in window   : 1: 21798, 2: 14644, 3: 7291, 4: 64
DFA state visits cumulative  : 1: 741292, 2: 181993, 3: 85177, 4: 441
DFA state entries in window  : 1: 100, 2: 86, 3: 75, 4: 64
DFA state entries cumulative : 1: 4200, 2: 1203, 3: 633, 4: 441
transitions cumulative       : 1->2: 1203, 2->3: 633, 3->4: 441
accepted directly from s0    : 0
Gym endings cumulative       : terminated=3676, truncated=83

[Episode 4300/8000 | last 100]
success rate                : 65.0% (cumulative 11.8%)
failure rate                : 0.0% (cumulative 0.0%)
completed cycles / episode  : 0.000
synthetic task reward       : 6500.000
shaping reward              : 2988.111
learning reward             : 9488.111
episode length              : 365.9
abstract changes / episode  : 111.5
same abstract-state steps   : 69.5%
same-state shaping / episode: 0.000
changed-state shaping / ep. : 2988.111
terminal shaping / episode  : 64.464
DFA transitions / episode   : 2.40
DFA transitions in window   : 1->2: 92, 2->3: 83, 3->4: 65
epsilon (next episode)       : 0.17900
replay buffer                : 300000 samples [1: 51.8%, 2: 30.7%, 3: 17.5%, 4: 0.0%]
DFA state visits in window   : 1: 17787, 2: 11681, 3: 7160, 4: 65
DFA state visits cumulative  : 1: 759079, 2: 193674, 3: 92337, 4: 506
DFA state entries in window  : 1: 100, 2: 92, 3: 83, 4: 65
DFA state entries cumulative : 1: 4300, 2: 1295, 3: 716, 4: 506
transitions cumulative       : 1->2: 1295, 2->3: 716, 3->4: 506
accepted directly from s0    : 0
Gym endings cumulative       : terminated=3711, truncated=83

[Episode 4400/8000 | last 100]
success rate                : 71.0% (cumulative 13.1%)
failure rate                : 0.0% (cumulative 0.0%)
completed cycles / episode  : 0.000
synthetic task reward       : 7100.000
shaping reward              : 2831.764
learning reward             : 9931.764
episode length              : 399.1
abstract changes / episode  : 113.5
same abstract-state steps   : 71.6%
same-state shaping / episode: 0.000
changed-state shaping / ep. : 2831.764
terminal shaping / episode  : 69.769
DFA transitions / episode   : 2.39
DFA transitions in window   : 1->2: 89, 2->3: 79, 3->4: 71
epsilon (next episode)       : 0.17198
replay buffer                : 300000 samples [1: 49.9%, 2: 32.1%, 3: 18.0%, 4: 0.0%]
DFA state visits in window   : 1: 17555, 2: 14515, 3: 7870, 4: 71
DFA state visits cumulative  : 1: 776634, 2: 208189, 3: 100207, 4: 577
DFA state entries in window  : 1: 100, 2: 89, 3: 79, 4: 71
DFA state entries cumulative : 1: 4400, 2: 1384, 3: 795, 4: 577
transitions cumulative       : 1->2: 1384, 2->3: 795, 3->4: 577
accepted directly from s0    : 0
Gym endings cumulative       : terminated=3737, truncated=86

[Episode 4500/8000 | last 100]
success rate                : 71.0% (cumulative 14.4%)
failure rate                : 0.0% (cumulative 0.0%)
completed cycles / episode  : 0.000
synthetic task reward       : 7100.000
shaping reward              : 2933.679
learning reward             : 10033.679
episode length              : 345.6
abstract changes / episode  : 104.7
same abstract-state steps   : 69.7%
same-state shaping / episode: 0.000
changed-state shaping / ep. : 2933.679
terminal shaping / episode  : 69.290
DFA transitions / episode   : 2.42
DFA transitions in window   : 1->2: 91, 2->3: 80, 3->4: 71
epsilon (next episode)       : 0.16524
replay buffer                : 300000 samples [1: 49.3%, 2: 32.9%, 3: 17.8%, 4: 0.0%]
DFA state visits in window   : 1: 16270, 2: 12048, 3: 6273, 4: 71
DFA state visits cumulative  : 1: 792904, 2: 220237, 3: 106480, 4: 648
DFA state entries in window  : 1: 100, 2: 91, 3: 80, 4: 71
DFA state entries cumulative : 1: 4500, 2: 1475, 3: 875, 4: 648
transitions cumulative       : 1->2: 1475, 2->3: 875, 3->4: 648
accepted directly from s0    : 0
Gym endings cumulative       : terminated=3766, truncated=86

Starting autonomous greedy evaluation at episode 4500 (1000 fixed-seed episodes)...
[Greedy evaluation at episode 4500 | 1000 fixed-seed episodes]
success=94.7%, failure=0.0%, task reward=9470.000, length=298.5
DFA transitions: 1->2: 996, 2->3: 995, 3->4: 947
Best policy updated from autonomous greedy evaluation at episode 4500.

[Episode 4600/8000 | last 100]
success rate                : 71.0% (cumulative 15.6%)
failure rate                : 0.0% (cumulative 0.0%)
completed cycles / episode  : 0.000
synthetic task reward       : 7100.000
shaping reward              : 2873.308
learning reward             : 9973.308
episode length              : 335.8
abstract changes / episode  : 105.4
same abstract-state steps   : 68.6%
same-state shaping / episode: 0.000
changed-state shaping / ep. : 2873.308
terminal shaping / episode  : 70.505
DFA transitions / episode   : 2.39
DFA transitions in window   : 1->2: 87, 2->3: 81, 3->4: 71
epsilon (next episode)       : 0.15876
replay buffer                : 300000 samples [1: 49.2%, 2: 32.8%, 3: 18.0%, 4: 0.0%]
DFA state visits in window   : 1: 16120, 2: 11332, 3: 6155, 4: 71
DFA state visits cumulative  : 1: 809024, 2: 231569, 3: 112635, 4: 719
DFA state entries in window  : 1: 100, 2: 87, 3: 81, 4: 71
DFA state entries cumulative : 1: 4600, 2: 1562, 3: 956, 4: 719
transitions cumulative       : 1->2: 1562, 2->3: 956, 3->4: 719
accepted directly from s0    : 0
Gym endings cumulative       : terminated=3793, truncated=88

[Episode 4700/8000 | last 100]
success rate                : 77.0% (cumulative 16.9%)
failure rate                : 0.0% (cumulative 0.0%)
completed cycles / episode  : 0.000
synthetic task reward       : 7700.000
shaping reward              : 3184.590
learning reward             : 10884.590
episode length              : 379.1
abstract changes / episode  : 116.1
same abstract-state steps   : 69.4%
same-state shaping / episode: 0.000
changed-state shaping / ep. : 3184.590
terminal shaping / episode  : 76.889
DFA transitions / episode   : 2.57
DFA transitions in window   : 1->2: 92, 2->3: 88, 3->4: 77
epsilon (next episode)       : 0.15253
replay buffer                : 300000 samples [1: 48.2%, 2: 33.7%, 3: 18.1%, 4: 0.0%]
DFA state visits in window   : 1: 16428, 2: 13474, 3: 8027, 4: 77
DFA state visits cumulative  : 1: 825452, 2: 245043, 3: 120662, 4: 796
DFA state entries in window  : 1: 100, 2: 92, 3: 88, 4: 77
DFA state entries cumulative : 1: 4700, 2: 1654, 3: 1044, 4: 796
transitions cumulative       : 1->2: 1654, 2->3: 1044, 3->4: 796
accepted directly from s0    : 0
Gym endings cumulative       : terminated=3815, truncated=89

[Episode 4800/8000 | last 100]
success rate                : 67.0% (cumulative 18.0%)
failure rate                : 0.0% (cumulative 0.0%)
completed cycles / episode  : 0.000
synthetic task reward       : 6700.000
shaping reward              : 2552.651
learning reward             : 9252.651
episode length              : 319.5
abstract changes / episode  : 97.6
same abstract-state steps   : 69.5%
same-state shaping / episode: 0.000
changed-state shaping / ep. : 2552.651
terminal shaping / episode  : 67.649
DFA transitions / episode   : 2.23
DFA transitions in window   : 1->2: 84, 2->3: 72, 3->4: 67
epsilon (next episode)       : 0.14655
replay buffer                : 300000 samples [1: 47.5%, 2: 34.5%, 3: 18.0%, 4: 0.0%]
DFA state visits in window   : 1: 14706, 2: 12269, 3: 5010, 4: 67
DFA state visits cumulative  : 1: 840158, 2: 257312, 3: 125672, 4: 863
DFA state entries in window  : 1: 100, 2: 84, 3: 72, 4: 67
DFA state entries cumulative : 1: 4800, 2: 1738, 3: 1116, 4: 863
transitions cumulative       : 1->2: 1738, 2->3: 1116, 3->4: 863
accepted directly from s0    : 0
Gym endings cumulative       : terminated=3848, truncated=89

[Episode 4900/8000 | last 100]
success rate                : 78.0% (cumulative 19.2%)
failure rate                : 0.0% (cumulative 0.0%)
completed cycles / episode  : 0.000
synthetic task reward       : 7800.000
shaping reward              : 3383.909
learning reward             : 11183.909
episode length              : 307.9
abstract changes / episode  : 101.5
same abstract-state steps   : 67.0%
same-state shaping / episode: 0.000
changed-state shaping / ep. : 3383.909
terminal shaping / episode  : 76.763
DFA transitions / episode   : 2.67
DFA transitions in window   : 1->2: 96, 2->3: 93, 3->4: 78
epsilon (next episode)       : 0.14080
replay buffer                : 300000 samples [1: 47.5%, 2: 34.4%, 3: 18.1%, 4: 0.0%]
DFA state visits in window   : 1: 15276, 2: 10301, 3: 5237, 4: 78
DFA state visits cumulative  : 1: 855434, 2: 267613, 3: 130909, 4: 941
DFA state entries in window  : 1: 100, 2: 96, 3: 93, 4: 78
DFA state entries cumulative : 1: 4900, 2: 1834, 3: 1209, 4: 941
transitions cumulative       : 1->2: 1834, 2->3: 1209, 3->4: 941
accepted directly from s0    : 0
Gym endings cumulative       : terminated=3870, truncated=89

[Episode 5000/8000 | last 100]
success rate                : 79.0% (cumulative 20.4%)
failure rate                : 0.0% (cumulative 0.0%)
completed cycles / episode  : 0.000
synthetic task reward       : 7900.000
shaping reward              : 3185.529
learning reward             : 11085.529
episode length              : 311.4
abstract changes / episode  : 97.1
same abstract-state steps   : 68.8%
same-state shaping / episode: 0.000
changed-state shaping / ep. : 3185.529
terminal shaping / episode  : 77.195
DFA transitions / episode   : 2.58
DFA transitions in window   : 1->2: 94, 2->3: 85, 3->4: 79
epsilon (next episode)       : 0.13528
replay buffer                : 300000 samples [1: 46.7%, 2: 34.8%, 3: 18.6%, 4: 0.0%]
DFA state visits in window   : 1: 14108, 2: 11810, 3: 5247, 4: 79
DFA state visits cumulative  : 1: 869542, 2: 279423, 3: 136156, 4: 1020
DFA state entries in window  : 1: 100, 2: 94, 3: 85, 4: 79
DFA state entries cumulative : 1: 5000, 2: 1928, 3: 1294, 4: 1020
transitions cumulative       : 1->2: 1928, 2->3: 1294, 3->4: 1020
accepted directly from s0    : 0
Gym endings cumulative       : terminated=3891, truncated=89

Starting autonomous greedy evaluation at episode 5000 (1000 fixed-seed episodes)...
[Greedy evaluation at episode 5000 | 1000 fixed-seed episodes]
success=91.6%, failure=0.0%, task reward=9160.000, length=280.6
DFA transitions: 1->2: 994, 2->3: 969, 3->4: 916

[Episode 5100/8000 | last 100]
success rate                : 70.0% (cumulative 21.4%)
failure rate                : 0.0% (cumulative 0.0%)
completed cycles / episode  : 0.000
synthetic task reward       : 7000.000
shaping reward              : 2967.347
learning reward             : 9967.347
episode length              : 315.1
abstract changes / episode  : 98.5
same abstract-state steps   : 68.7%
same-state shaping / episode: 0.000
changed-state shaping / ep. : 2967.347
terminal shaping / episode  : 70.676
DFA transitions / episode   : 2.38
DFA transitions in window   : 1->2: 88, 2->3: 80, 3->4: 70
epsilon (next episode)       : 0.12998
replay buffer                : 300000 samples [1: 47.0%, 2: 35.2%, 3: 17.8%, 4: 0.0%]
DFA state visits in window   : 1: 16511, 2: 10699, 3: 4328, 4: 70
DFA state visits cumulative  : 1: 886053, 2: 290122, 3: 140484, 4: 1090
DFA state entries in window  : 1: 100, 2: 88, 3: 80, 4: 70
DFA state entries cumulative : 1: 5100, 2: 2016, 3: 1374, 4: 1090
transitions cumulative       : 1->2: 2016, 2->3: 1374, 3->4: 1090
accepted directly from s0    : 0
Gym endings cumulative       : terminated=3920, truncated=90

[Episode 5200/8000 | last 100]
success rate                : 71.0% (cumulative 22.3%)
failure rate                : 0.0% (cumulative 0.0%)
completed cycles / episode  : 0.000
synthetic task reward       : 7100.000
shaping reward              : 3133.938
learning reward             : 10233.938
episode length              : 347.7
abstract changes / episode  : 110.0
same abstract-state steps   : 68.4%
same-state shaping / episode: 0.000
changed-state shaping / ep. : 3133.938
terminal shaping / episode  : 69.529
DFA transitions / episode   : 2.49
DFA transitions in window   : 1->2: 93, 2->3: 85, 3->4: 71
epsilon (next episode)       : 0.12488
replay buffer                : 300000 samples [1: 46.7%, 2: 35.5%, 3: 17.8%, 4: 0.0%]
DFA state visits in window   : 1: 16313, 2: 12092, 3: 6392, 4: 71
DFA state visits cumulative  : 1: 902366, 2: 302214, 3: 146876, 4: 1161
DFA state entries in window  : 1: 100, 2: 93, 3: 85, 4: 71
DFA state entries cumulative : 1: 5200, 2: 2109, 3: 1459, 4: 1161
transitions cumulative       : 1->2: 2109, 2->3: 1459, 3->4: 1161
accepted directly from s0    : 0
Gym endings cumulative       : terminated=3949, truncated=90

[Episode 5300/8000 | last 100]
success rate                : 60.0% (cumulative 23.0%)
failure rate                : 0.0% (cumulative 0.0%)
completed cycles / episode  : 0.000
synthetic task reward       : 6000.000
shaping reward              : 2632.675
learning reward             : 8632.675
episode length              : 356.1
abstract changes / episode  : 112.1
same abstract-state steps   : 68.5%
same-state shaping / episode: 0.000
changed-state shaping / ep. : 2632.675
terminal shaping / episode  : 64.018
DFA transitions / episode   : 2.12
DFA transitions in window   : 1->2: 79, 2->3: 73, 3->4: 60
epsilon (next episode)       : 0.11998
replay buffer                : 300000 samples [1: 48.5%, 2: 34.6%, 3: 16.9%, 4: 0.0%]
DFA state visits in window   : 1: 20571, 2: 10744, 3: 4340, 4: 60
DFA state visits cumulative  : 1: 922937, 2: 312958, 3: 151216, 4: 1221
DFA state entries in window  : 1: 100, 2: 79, 3: 73, 4: 60
DFA state entries cumulative : 1: 5300, 2: 2188, 3: 1532, 4: 1221
transitions cumulative       : 1->2: 2188, 2->3: 1532, 3->4: 1221
accepted directly from s0    : 0
Gym endings cumulative       : terminated=3988, truncated=91

[Episode 5400/8000 | last 100]
success rate                : 60.0% (cumulative 23.7%)
failure rate                : 0.0% (cumulative 0.0%)
completed cycles / episode  : 0.000
synthetic task reward       : 6000.000
shaping reward              : 2717.839
learning reward             : 8717.839
episode length              : 311.6
abstract changes / episode  : 98.9
same abstract-state steps   : 68.3%
same-state shaping / episode: 0.000
changed-state shaping / ep. : 2717.839
terminal shaping / episode  : 60.191
DFA transitions / episode   : 2.14
DFA transitions in window   : 1->2: 82, 2->3: 72, 3->4: 60
epsilon (next episode)       : 0.11528
replay buffer                : 300000 samples [1: 50.1%, 2: 33.8%, 3: 16.1%, 4: 0.0%]
DFA state visits in window   : 1: 19589, 2: 8344, 3: 3264, 4: 60
DFA state visits cumulative  : 1: 942526, 2: 321302, 3: 154480, 4: 1281
DFA state entries in window  : 1: 100, 2: 82, 3: 72, 4: 60
DFA state entries cumulative : 1: 5400, 2: 2270, 3: 1604, 4: 1281
transitions cumulative       : 1->2: 2270, 2->3: 1604, 3->4: 1281
accepted directly from s0    : 0
Gym endings cumulative       : terminated=4028, truncated=91

[Episode 5500/8000 | last 100]
success rate                : 56.0% (cumulative 24.3%)
failure rate                : 0.0% (cumulative 0.0%)
completed cycles / episode  : 0.000
synthetic task reward       : 5600.000
shaping reward              : 2352.769
learning reward             : 7952.769
episode length              : 280.2
abstract changes / episode  : 87.8
same abstract-state steps   : 68.7%
same-state shaping / episode: 0.000
changed-state shaping / ep. : 2352.769
terminal shaping / episode  : 55.289
DFA transitions / episode   : 2.04
DFA transitions in window   : 1->2: 81, 2->3: 67, 3->4: 56
epsilon (next episode)       : 0.11075
replay buffer                : 300000 samples [1: 51.0%, 2: 33.4%, 3: 15.6%, 4: 0.0%]
DFA state visits in window   : 1: 16221, 2: 8323, 3: 3518, 4: 56
DFA state visits cumulative  : 1: 958747, 2: 329625, 3: 157998, 4: 1337
DFA state entries in window  : 1: 100, 2: 81, 3: 67, 4: 56
DFA state entries cumulative : 1: 5500, 2: 2351, 3: 1671, 4: 1337
transitions cumulative       : 1->2: 2351, 2->3: 1671, 3->4: 1337
accepted directly from s0    : 0
Gym endings cumulative       : terminated=4072, truncated=91

Starting autonomous greedy evaluation at episode 5500 (1000 fixed-seed episodes)...
[Greedy evaluation at episode 5500 | 1000 fixed-seed episodes]
success=36.0%, failure=0.0%, task reward=3600.000, length=271.9
DFA transitions: 1->2: 736, 2->3: 490, 3->4: 360

[Episode 5600/8000 | last 100]
success rate                : 60.0% (cumulative 24.9%)
failure rate                : 0.0% (cumulative 0.0%)
completed cycles / episode  : 0.000
synthetic task reward       : 6000.000
shaping reward              : 2359.550
learning reward             : 8359.550
episode length              : 266.3
abstract changes / episode  : 86.0
same abstract-state steps   : 67.7%
same-state shaping / episode: 0.000
changed-state shaping / ep. : 2359.550
terminal shaping / episode  : 57.777
DFA transitions / episode   : 2.07
DFA transitions in window   : 1->2: 80, 2->3: 67, 3->4: 60
epsilon (next episode)       : 0.10641
replay buffer                : 300000 samples [1: 52.2%, 2: 33.1%, 3: 14.7%, 4: 0.0%]
DFA state visits in window   : 1: 14969, 2: 8595, 3: 3102, 4: 60
DFA state visits cumulative  : 1: 973716, 2: 338220, 3: 161100, 4: 1397
DFA state entries in window  : 1: 100, 2: 80, 3: 67, 4: 60
DFA state entries cumulative : 1: 5600, 2: 2431, 3: 1738, 4: 1397
transitions cumulative       : 1->2: 2431, 2->3: 1738, 3->4: 1397
accepted directly from s0    : 0
Gym endings cumulative       : terminated=4112, truncated=91

[Episode 5700/8000 | last 100]
success rate                : 73.0% (cumulative 25.8%)
failure rate                : 0.0% (cumulative 0.0%)
completed cycles / episode  : 0.000
synthetic task reward       : 7300.000
shaping reward              : 2954.926
learning reward             : 10254.926
episode length              : 309.2
abstract changes / episode  : 97.6
same abstract-state steps   : 68.4%
same-state shaping / episode: 0.000
changed-state shaping / ep. : 2954.926
terminal shaping / episode  : 73.000
DFA transitions / episode   : 2.44
DFA transitions in window   : 1->2: 89, 2->3: 82, 3->4: 73
epsilon (next episode)       : 0.10224
replay buffer                : 300000 samples [1: 53.1%, 2: 32.6%, 3: 14.3%, 4: 0.0%]
DFA state visits in window   : 1: 16869, 2: 9660, 3: 4419, 4: 73
DFA state visits cumulative  : 1: 990585, 2: 347880, 3: 165519, 4: 1470
DFA state entries in window  : 1: 100, 2: 89, 3: 82, 4: 73
DFA state entries cumulative : 1: 5700, 2: 2520, 3: 1820, 4: 1470
transitions cumulative       : 1->2: 2520, 2->3: 1820, 3->4: 1470
accepted directly from s0    : 0
Gym endings cumulative       : terminated=4138, truncated=92

[Episode 5800/8000 | last 100]
success rate                : 70.0% (cumulative 26.6%)
failure rate                : 0.0% (cumulative 0.0%)
completed cycles / episode  : 0.000
synthetic task reward       : 7000.000
shaping reward              : 3195.797
learning reward             : 10195.797
episode length              : 336.2
abstract changes / episode  : 102.4
same abstract-state steps   : 69.5%
same-state shaping / episode: 0.000
changed-state shaping / ep. : 3195.797
terminal shaping / episode  : 70.146
DFA transitions / episode   : 2.53
DFA transitions in window   : 1->2: 96, 2->3: 87, 3->4: 70
epsilon (next episode)       : 0.09823
replay buffer                : 300000 samples [1: 53.6%, 2: 32.0%, 3: 14.3%, 4: 0.0%]
DFA state visits in window   : 1: 17782, 2: 10456, 3: 5411, 4: 70
DFA state visits cumulative  : 1: 1008367, 2: 358336, 3: 170930, 4: 1540
DFA state entries in window  : 1: 100, 2: 96, 3: 87, 4: 70
DFA state entries cumulative : 1: 5800, 2: 2616, 3: 1907, 4: 1540
transitions cumulative       : 1->2: 2616, 2->3: 1907, 3->4: 1540
accepted directly from s0    : 0
Gym endings cumulative       : terminated=4168, truncated=92

[Episode 5900/8000 | last 100]
success rate                : 79.0% (cumulative 27.4%)
failure rate                : 0.0% (cumulative 0.0%)
completed cycles / episode  : 0.000
synthetic task reward       : 7900.000
shaping reward              : 3276.231
learning reward             : 11176.231
episode length              : 290.3
abstract changes / episode  : 90.1
same abstract-state steps   : 69.0%
same-state shaping / episode: 0.000
changed-state shaping / ep. : 3276.231
terminal shaping / episode  : 78.615
DFA transitions / episode   : 2.64
DFA transitions in window   : 1->2: 96, 2->3: 89, 3->4: 79
epsilon (next episode)       : 0.09438
replay buffer                : 300000 samples [1: 54.2%, 2: 31.9%, 3: 13.9%, 4: 0.0%]
DFA state visits in window   : 1: 15651, 2: 9914, 3: 3482, 4: 79
DFA state visits cumulative  : 1: 1024018, 2: 368250, 3: 174412, 4: 1619
DFA state entries in window  : 1: 100, 2: 96, 3: 89, 4: 79
DFA state entries cumulative : 1: 5900, 2: 2712, 3: 1996, 4: 1619
transitions cumulative       : 1->2: 2712, 2->3: 1996, 3->4: 1619
accepted directly from s0    : 0
Gym endings cumulative       : terminated=4188, truncated=93

[Episode 6000/8000 | last 100]
success rate                : 77.0% (cumulative 28.3%)
failure rate                : 0.0% (cumulative 0.0%)
completed cycles / episode  : 0.000
synthetic task reward       : 7700.000
shaping reward              : 2853.919
learning reward             : 10553.919
episode length              : 268.7
abstract changes / episode  : 84.4
same abstract-state steps   : 68.6%
same-state shaping / episode: 0.000
changed-state shaping / ep. : 2853.919
terminal shaping / episode  : 75.917
DFA transitions / episode   : 2.40
DFA transitions in window   : 1->2: 83, 2->3: 80, 3->4: 77
epsilon (next episode)       : 0.09067
replay buffer                : 300000 samples [1: 54.2%, 2: 31.9%, 3: 13.9%, 4: 0.0%]
DFA state visits in window   : 1: 13043, 2: 9593, 3: 4255, 4: 77
DFA state visits cumulative  : 1: 1037061, 2: 377843, 3: 178667, 4: 1696
DFA state entries in window  : 1: 100, 2: 83, 3: 80, 4: 77
DFA state entries cumulative : 1: 6000, 2: 2795, 3: 2076, 4: 1696
transitions cumulative       : 1->2: 2795, 2->3: 2076, 3->4: 1696
accepted directly from s0    : 0
Gym endings cumulative       : terminated=4211, truncated=93

Starting autonomous greedy evaluation at episode 6000 (1000 fixed-seed episodes)...
[Greedy evaluation at episode 6000 | 1000 fixed-seed episodes]
success=86.3%, failure=0.0%, task reward=8630.000, length=240.9
DFA transitions: 1->2: 877, 2->3: 863, 3->4: 863

[Episode 6100/8000 | last 100]
success rate                : 74.0% (cumulative 29.0%)
failure rate                : 0.0% (cumulative 0.0%)
completed cycles / episode  : 0.000
synthetic task reward       : 7400.000
shaping reward              : 2859.833
learning reward             : 10259.833
episode length              : 277.9
abstract changes / episode  : 87.8
same abstract-state steps   : 68.4%
same-state shaping / episode: 0.000
changed-state shaping / ep. : 2859.833
terminal shaping / episode  : 71.622
DFA transitions / episode   : 2.39
DFA transitions in window   : 1->2: 88, 2->3: 77, 3->4: 74
epsilon (next episode)       : 0.08712
replay buffer                : 300000 samples [1: 54.0%, 2: 32.4%, 3: 13.5%, 4: 0.0%]
DFA state visits in window   : 1: 13135, 2: 11280, 3: 3406, 4: 74
DFA state visits cumulative  : 1: 1050196, 2: 389123, 3: 182073, 4: 1770
DFA state entries in window  : 1: 100, 2: 88, 3: 77, 4: 74
DFA state entries cumulative : 1: 6100, 2: 2883, 3: 2153, 4: 1770
transitions cumulative       : 1->2: 2883, 2->3: 2153, 3->4: 1770
accepted directly from s0    : 0
Gym endings cumulative       : terminated=4237, truncated=93

[Episode 6200/8000 | last 100]
success rate                : 53.0% (cumulative 29.4%)
failure rate                : 0.0% (cumulative 0.0%)
completed cycles / episode  : 0.000
synthetic task reward       : 5300.000
shaping reward              : 1906.761
learning reward             : 7206.761
episode length              : 259.8
abstract changes / episode  : 81.9
same abstract-state steps   : 68.5%
same-state shaping / episode: 0.000
changed-state shaping / ep. : 1906.761
terminal shaping / episode  : 51.336
DFA transitions / episode   : 1.77
DFA transitions in window   : 1->2: 66, 2->3: 58, 3->4: 53
epsilon (next episode)       : 0.08370
replay buffer                : 300000 samples [1: 55.6%, 2: 31.5%, 3: 12.9%, 4: 0.0%]
DFA state visits in window   : 1: 16787, 2: 6722, 3: 2519, 4: 53
DFA state visits cumulative  : 1: 1066983, 2: 395845, 3: 184592, 4: 1823
DFA state entries in window  : 1: 100, 2: 66, 3: 58, 4: 53
DFA state entries cumulative : 1: 6200, 2: 2949, 3: 2211, 4: 1823
transitions cumulative       : 1->2: 2949, 2->3: 2211, 3->4: 1823
accepted directly from s0    : 0
Gym endings cumulative       : terminated=4284, truncated=93

[Episode 6300/8000 | last 100]
success rate                : 63.0% (cumulative 29.9%)
failure rate                : 0.0% (cumulative 0.0%)
completed cycles / episode  : 0.000
synthetic task reward       : 6300.000
shaping reward              : 2650.310
learning reward             : 8950.310
episode length              : 277.6
abstract changes / episode  : 82.0
same abstract-state steps   : 70.4%
same-state shaping / episode: 0.000
changed-state shaping / ep. : 2650.310
terminal shaping / episode  : 61.893
DFA transitions / episode   : 2.19
DFA transitions in window   : 1->2: 82, 2->3: 74, 3->4: 63
epsilon (next episode)       : 0.08042
replay buffer                : 300000 samples [1: 56.0%, 2: 31.5%, 3: 12.5%, 4: 0.0%]
DFA state visits in window   : 1: 16520, 2: 8153, 3: 3119, 4: 63
DFA state visits cumulative  : 1: 1083503, 2: 403998, 3: 187711, 4: 1886
DFA state entries in window  : 1: 100, 2: 82, 3: 74, 4: 63
DFA state entries cumulative : 1: 6300, 2: 3031, 3: 2285, 4: 1886
transitions cumulative       : 1->2: 3031, 2->3: 2285, 3->4: 1886
accepted directly from s0    : 0
Gym endings cumulative       : terminated=4320, truncated=94

[Episode 6400/8000 | last 100]
success rate                : 75.0% (cumulative 30.6%)
failure rate                : 0.0% (cumulative 0.0%)
completed cycles / episode  : 0.000
synthetic task reward       : 7500.000
shaping reward              : 2974.652
learning reward             : 10474.652
episode length              : 268.0
abstract changes / episode  : 82.0
same abstract-state steps   : 69.4%
same-state shaping / episode: 0.000
changed-state shaping / ep. : 2974.652
terminal shaping / episode  : 72.673
DFA transitions / episode   : 2.45
DFA transitions in window   : 1->2: 91, 2->3: 79, 3->4: 75
epsilon (next episode)       : 0.07727
replay buffer                : 300000 samples [1: 55.1%, 2: 32.2%, 3: 12.6%, 4: 0.0%]
DFA state visits in window   : 1: 14176, 2: 9607, 3: 3046, 4: 75
DFA state visits cumulative  : 1: 1097679, 2: 413605, 3: 190757, 4: 1961
DFA state entries in window  : 1: 100, 2: 91, 3: 79, 4: 75
DFA state entries cumulative : 1: 6400, 2: 3122, 3: 2364, 4: 1961
transitions cumulative       : 1->2: 3122, 2->3: 2364, 3->4: 1961
accepted directly from s0    : 0
Gym endings cumulative       : terminated=4345, truncated=94

[Episode 6500/8000 | last 100]
success rate                : 75.0% (cumulative 31.3%)
failure rate                : 0.0% (cumulative 0.0%)
completed cycles / episode  : 0.000
synthetic task reward       : 7500.000
shaping reward              : 3166.069
learning reward             : 10666.069
episode length              : 258.8
abstract changes / episode  : 80.1
same abstract-state steps   : 69.0%
same-state shaping / episode: 0.000
changed-state shaping / ep. : 3166.069
terminal shaping / episode  : 71.600
DFA transitions / episode   : 2.53
DFA transitions in window   : 1->2: 91, 2->3: 87, 3->4: 75
epsilon (next episode)       : 0.07423
replay buffer                : 300000 samples [1: 54.4%, 2: 32.7%, 3: 13.0%, 4: 0.0%]
DFA state visits in window   : 1: 14021, 2: 8278, 3: 3608, 4: 75
DFA state visits cumulative  : 1: 1111700, 2: 421883, 3: 194365, 4: 2036
DFA state entries in window  : 1: 100, 2: 91, 3: 87, 4: 75
DFA state entries cumulative : 1: 6500, 2: 3213, 3: 2451, 4: 2036
transitions cumulative       : 1->2: 3213, 2->3: 2451, 3->4: 2036
accepted directly from s0    : 0
Gym endings cumulative       : terminated=4370, truncated=94

Starting autonomous greedy evaluation at episode 6500 (1000 fixed-seed episodes)...
[Greedy evaluation at episode 6500 | 1000 fixed-seed episodes]
success=92.4%, failure=0.0%, task reward=9240.000, length=247.3
DFA transitions: 1->2: 934, 2->3: 929, 3->4: 924

[Episode 6600/8000 | last 100]
success rate                : 81.0% (cumulative 32.1%)
failure rate                : 0.0% (cumulative 0.0%)
completed cycles / episode  : 0.000
synthetic task reward       : 8100.000
shaping reward              : 3128.962
learning reward             : 11228.962
episode length              : 259.6
abstract changes / episode  : 79.6
same abstract-state steps   : 69.3%
same-state shaping / episode: 0.000
changed-state shaping / ep. : 3128.962
terminal shaping / episode  : 80.474
DFA transitions / episode   : 2.58
DFA transitions in window   : 1->2: 91, 2->3: 86, 3->4: 81
epsilon (next episode)       : 0.07132
replay buffer                : 300000 samples [1: 54.4%, 2: 32.7%, 3: 13.0%, 4: 0.0%]
DFA state visits in window   : 1: 13767, 2: 8742, 3: 3474, 4: 81
DFA state visits cumulative  : 1: 1125467, 2: 430625, 3: 197839, 4: 2117
DFA state entries in window  : 1: 100, 2: 91, 3: 86, 4: 81
DFA state entries cumulative : 1: 6600, 2: 3304, 3: 2537, 4: 2117
transitions cumulative       : 1->2: 3304, 2->3: 2537, 3->4: 2117
accepted directly from s0    : 0
Gym endings cumulative       : terminated=4389, truncated=94

[Episode 6700/8000 | last 100]
success rate                : 81.0% (cumulative 32.8%)
failure rate                : 0.0% (cumulative 0.0%)
completed cycles / episode  : 0.000
synthetic task reward       : 8100.000
shaping reward              : 3127.825
learning reward             : 11227.825
episode length              : 271.2
abstract changes / episode  : 82.3
same abstract-state steps   : 69.7%
same-state shaping / episode: 0.000
changed-state shaping / ep. : 3127.825
terminal shaping / episode  : 79.900
DFA transitions / episode   : 2.57
DFA transitions in window   : 1->2: 89, 2->3: 87, 3->4: 81
epsilon (next episode)       : 0.06853
replay buffer                : 300000 samples [1: 54.1%, 2: 32.7%, 3: 13.3%, 4: 0.0%]
DFA state visits in window   : 1: 14950, 2: 8497, 3: 3693, 4: 81
DFA state visits cumulative  : 1: 1140417, 2: 439122, 3: 201532, 4: 2198
DFA state entries in window  : 1: 100, 2: 89, 3: 87, 4: 81
DFA state entries cumulative : 1: 6700, 2: 3393, 3: 2624, 4: 2198
transitions cumulative       : 1->2: 3393, 2->3: 2624, 3->4: 2198
accepted directly from s0    : 0
Gym endings cumulative       : terminated=4408, truncated=94

[Episode 6800/8000 | last 100]
success rate                : 64.0% (cumulative 33.3%)
failure rate                : 0.0% (cumulative 0.0%)
completed cycles / episode  : 0.000
synthetic task reward       : 6400.000
shaping reward              : 2649.507
learning reward             : 9049.507
episode length              : 317.3
abstract changes / episode  : 85.0
same abstract-state steps   : 73.2%
same-state shaping / episode: 0.000
changed-state shaping / ep. : 2649.507
terminal shaping / episode  : 63.447
DFA transitions / episode   : 2.16
DFA transitions in window   : 1->2: 80, 2->3: 72, 3->4: 64
epsilon (next episode)       : 0.06584
replay buffer                : 300000 samples [1: 54.8%, 2: 32.8%, 3: 12.5%, 4: 0.0%]
DFA state visits in window   : 1: 19394, 2: 9503, 3: 2868, 4: 64
DFA state visits cumulative  : 1: 1159811, 2: 448625, 3: 204400, 4: 2262
DFA state entries in window  : 1: 100, 2: 80, 3: 72, 4: 64
DFA state entries cumulative : 1: 6800, 2: 3473, 3: 2696, 4: 2262
transitions cumulative       : 1->2: 3473, 2->3: 2696, 3->4: 2262
accepted directly from s0    : 0
Gym endings cumulative       : terminated=4438, truncated=100

[Episode 6900/8000 | last 100]
success rate                : 69.0% (cumulative 33.8%)
failure rate                : 0.0% (cumulative 0.0%)
completed cycles / episode  : 0.000
synthetic task reward       : 6900.000
shaping reward              : 2789.201
learning reward             : 9689.201
episode length              : 306.8
abstract changes / episode  : 96.2
same abstract-state steps   : 68.6%
same-state shaping / episode: 0.000
changed-state shaping / ep. : 2789.201
terminal shaping / episode  : 67.493
DFA transitions / episode   : 2.31
DFA transitions in window   : 1->2: 86, 2->3: 76, 3->4: 69
epsilon (next episode)       : 0.06326
replay buffer                : 300000 samples [1: 55.9%, 2: 32.2%, 3: 11.9%, 4: 0.0%]
DFA state visits in window   : 1: 19253, 2: 8533, 3: 2927, 4: 69
DFA state visits cumulative  : 1: 1179064, 2: 457158, 3: 207327, 4: 2331
DFA state entries in window  : 1: 100, 2: 86, 3: 76, 4: 69
DFA state entries cumulative : 1: 6900, 2: 3559, 3: 2772, 4: 2331
transitions cumulative       : 1->2: 3559, 2->3: 2772, 3->4: 2331
accepted directly from s0    : 0
Gym endings cumulative       : terminated=4468, truncated=101

[Episode 7000/8000 | last 100]
success rate                : 71.0% (cumulative 34.3%)
failure rate                : 0.0% (cumulative 0.0%)
completed cycles / episode  : 0.000
synthetic task reward       : 7100.000
shaping reward              : 2953.044
learning reward             : 10053.044
episode length              : 281.2
abstract changes / episode  : 84.8
same abstract-state steps   : 69.8%
same-state shaping / episode: 0.000
changed-state shaping / ep. : 2953.044
terminal shaping / episode  : 69.577
DFA transitions / episode   : 2.41
DFA transitions in window   : 1->2: 87, 2->3: 83, 3->4: 71
epsilon (next episode)       : 0.06078
replay buffer                : 300000 samples [1: 56.6%, 2: 31.5%, 3: 11.9%, 4: 0.0%]
DFA state visits in window   : 1: 17225, 2: 7589, 3: 3338, 4: 71
DFA state visits cumulative  : 1: 1196289, 2: 464747, 3: 210665, 4: 2402
DFA state entries in window  : 1: 100, 2: 87, 3: 83, 4: 71
DFA state entries cumulative : 1: 7000, 2: 3646, 3: 2855, 4: 2402
transitions cumulative       : 1->2: 3646, 2->3: 2855, 3->4: 2402
accepted directly from s0    : 0
Gym endings cumulative       : terminated=4496, truncated=102

Starting autonomous greedy evaluation at episode 7000 (1000 fixed-seed episodes)...
[Greedy evaluation at episode 7000 | 1000 fixed-seed episodes]
success=86.9%, failure=0.0%, task reward=8690.000, length=326.8
DFA transitions: 1->2: 879, 2->3: 872, 3->4: 869

[Episode 7100/8000 | last 100]
success rate                : 71.0% (cumulative 34.8%)
failure rate                : 0.0% (cumulative 0.0%)
completed cycles / episode  : 0.000
synthetic task reward       : 7100.000
shaping reward              : 2711.430
learning reward             : 9811.430
episode length              : 272.0
abstract changes / episode  : 86.5
same abstract-state steps   : 68.2%
same-state shaping / episode: 0.000
changed-state shaping / ep. : 2711.430
terminal shaping / episode  : 68.064
DFA transitions / episode   : 2.31
DFA transitions in window   : 1->2: 82, 2->3: 78, 3->4: 71
epsilon (next episode)       : 0.05839
replay buffer                : 300000 samples [1: 57.7%, 2: 30.8%, 3: 11.4%, 4: 0.0%]
DFA state visits in window   : 1: 16392, 2: 7902, 3: 2935, 4: 71
DFA state visits cumulative  : 1: 1212681, 2: 472649, 3: 213600, 4: 2473
DFA state entries in window  : 1: 100, 2: 82, 3: 78, 4: 71
DFA state entries cumulative : 1: 7100, 2: 3728, 3: 2933, 4: 2473
transitions cumulative       : 1->2: 3728, 2->3: 2933, 3->4: 2473
accepted directly from s0    : 0
Gym endings cumulative       : terminated=4525, truncated=102

[Episode 7200/8000 | last 100]
success rate                : 54.0% (cumulative 35.1%)
failure rate                : 0.0% (cumulative 0.0%)
completed cycles / episode  : 0.000
synthetic task reward       : 5400.000
shaping reward              : 2087.833
learning reward             : 7487.833
episode length              : 330.3
abstract changes / episode  : 79.0
same abstract-state steps   : 76.1%
same-state shaping / episode: 0.000
changed-state shaping / ep. : 2087.833
terminal shaping / episode  : 48.930
DFA transitions / episode   : 1.77
DFA transitions in window   : 1->2: 65, 2->3: 58, 3->4: 54
epsilon (next episode)       : 0.05610
replay buffer                : 300000 samples [1: 60.8%, 2: 28.3%, 3: 10.9%, 4: 0.0%]
DFA state visits in window   : 1: 26180, 2: 4620, 3: 2276, 4: 54
DFA state visits cumulative  : 1: 1238861, 2: 477269, 3: 215876, 4: 2527
DFA state entries in window  : 1: 100, 2: 65, 3: 58, 4: 54
DFA state entries cumulative : 1: 7200, 2: 3793, 3: 2991, 4: 2527
transitions cumulative       : 1->2: 3793, 2->3: 2991, 3->4: 2527
accepted directly from s0    : 0
Gym endings cumulative       : terminated=4561, truncated=112

[Episode 7300/8000 | last 100]
success rate                : 80.0% (cumulative 35.7%)
failure rate                : 0.0% (cumulative 0.0%)
completed cycles / episode  : 0.000
synthetic task reward       : 8000.000
shaping reward              : 2936.092
learning reward             : 10936.092
episode length              : 239.0
abstract changes / episode  : 77.8
same abstract-state steps   : 67.5%
same-state shaping / episode: 0.000
changed-state shaping / ep. : 2936.092
terminal shaping / episode  : 79.447
DFA transitions / episode   : 2.46
DFA transitions in window   : 1->2: 85, 2->3: 81, 3->4: 80
epsilon (next episode)       : 0.05390
replay buffer                : 300000 samples [1: 59.9%, 2: 29.0%, 3: 11.1%, 4: 0.0%]
DFA state visits in window   : 1: 13659, 2: 7362, 3: 2898, 4: 80
DFA state visits cumulative  : 1: 1252520, 2: 484631, 3: 218774, 4: 2607
DFA state entries in window  : 1: 100, 2: 85, 3: 81, 4: 80
DFA state entries cumulative : 1: 7300, 2: 3878, 3: 3072, 4: 2607
transitions cumulative       : 1->2: 3878, 2->3: 3072, 3->4: 2607
accepted directly from s0    : 0
Gym endings cumulative       : terminated=4581, truncated=112

[Episode 7400/8000 | last 100]
success rate                : 81.0% (cumulative 36.3%)
failure rate                : 0.0% (cumulative 0.0%)
completed cycles / episode  : 0.000
synthetic task reward       : 8100.000
shaping reward              : 3035.584
learning reward             : 11135.584
episode length              : 240.4
abstract changes / episode  : 78.4
same abstract-state steps   : 67.4%
same-state shaping / episode: 0.000
changed-state shaping / ep. : 3035.584
terminal shaping / episode  : 79.894
DFA transitions / episode   : 2.52
DFA transitions in window   : 1->2: 86, 2->3: 85, 3->4: 81
epsilon (next episode)       : 0.05179
replay buffer                : 300000 samples [1: 59.9%, 2: 28.9%, 3: 11.2%, 4: 0.0%]
DFA state visits in window   : 1: 13327, 2: 7599, 3: 3134, 4: 81
DFA state visits cumulative  : 1: 1265847, 2: 492230, 3: 221908, 4: 2688
DFA state entries in window  : 1: 100, 2: 86, 3: 85, 4: 81
DFA state entries cumulative : 1: 7400, 2: 3964, 3: 3157, 4: 2688
transitions cumulative       : 1->2: 3964, 2->3: 3157, 3->4: 2688
accepted directly from s0    : 0
Gym endings cumulative       : terminated=4600, truncated=112

[Episode 7500/8000 | last 100]
success rate                : 76.0% (cumulative 36.9%)
failure rate                : 0.0% (cumulative 0.0%)
completed cycles / episode  : 0.000
synthetic task reward       : 7600.000
shaping reward              : 2910.127
learning reward             : 10510.127
episode length              : 262.3
abstract changes / episode  : 86.1
same abstract-state steps   : 67.2%
same-state shaping / episode: 0.000
changed-state shaping / ep. : 2910.127
terminal shaping / episode  : 75.030
DFA transitions / episode   : 2.44
DFA transitions in window   : 1->2: 88, 2->3: 80, 3->4: 76
epsilon (next episode)       : 0.04976
replay buffer                : 300000 samples [1: 60.2%, 2: 28.5%, 3: 11.3%, 4: 0.0%]
DFA state visits in window   : 1: 15002, 2: 8034, 3: 3214, 4: 76
DFA state visits cumulative  : 1: 1280849, 2: 500264, 3: 225122, 4: 2764
DFA state entries in window  : 1: 100, 2: 88, 3: 80, 4: 76
DFA state entries cumulative : 1: 7500, 2: 4052, 3: 3237, 4: 2764
transitions cumulative       : 1->2: 4052, 2->3: 3237, 3->4: 2764
accepted directly from s0    : 0
Gym endings cumulative       : terminated=4624, truncated=112

Starting autonomous greedy evaluation at episode 7500 (1000 fixed-seed episodes)...
[Greedy evaluation at episode 7500 | 1000 fixed-seed episodes]
success=85.5%, failure=0.0%, task reward=8550.000, length=262.5
DFA transitions: 1->2: 948, 2->3: 922, 3->4: 855

[Episode 7600/8000 | last 100]
success rate                : 75.0% (cumulative 37.4%)
failure rate                : 0.0% (cumulative 0.0%)
completed cycles / episode  : 0.000
synthetic task reward       : 7500.000
shaping reward              : 2946.048
learning reward             : 10446.048
episode length              : 260.9
abstract changes / episode  : 84.3
same abstract-state steps   : 67.7%
same-state shaping / episode: 0.000
changed-state shaping / ep. : 2946.048
terminal shaping / episode  : 74.275
DFA transitions / episode   : 2.46
DFA transitions in window   : 1->2: 93, 2->3: 78, 3->4: 75
epsilon (next episode)       : 0.04781
replay buffer                : 300000 samples [1: 60.9%, 2: 28.0%, 3: 11.1%, 4: 0.0%]
DFA state visits in window   : 1: 15730, 2: 7467, 3: 2923, 4: 75
DFA state visits cumulative  : 1: 1296579, 2: 507731, 3: 228045, 4: 2839
DFA state entries in window  : 1: 100, 2: 93, 3: 78, 4: 75
DFA state entries cumulative : 1: 7600, 2: 4145, 3: 3315, 4: 2839
transitions cumulative       : 1->2: 4145, 2->3: 3315, 3->4: 2839
accepted directly from s0    : 0
Gym endings cumulative       : terminated=4649, truncated=112

[Episode 7700/8000 | last 100]
success rate                : 77.0% (cumulative 37.9%)
failure rate                : 0.0% (cumulative 0.0%)
completed cycles / episode  : 0.000
synthetic task reward       : 7700.000
shaping reward              : 3002.701
learning reward             : 10702.701
episode length              : 238.3
abstract changes / episode  : 76.0
same abstract-state steps   : 68.1%
same-state shaping / episode: 0.000
changed-state shaping / ep. : 3002.701
terminal shaping / episode  : 75.705
DFA transitions / episode   : 2.44
DFA transitions in window   : 1->2: 86, 2->3: 81, 3->4: 77
epsilon (next episode)       : 0.04593
replay buffer                : 300000 samples [1: 61.4%, 2: 27.7%, 3: 10.9%, 4: 0.0%]
DFA state visits in window   : 1: 14339, 2: 6661, 3: 2849, 4: 77
DFA state visits cumulative  : 1: 1310918, 2: 514392, 3: 230894, 4: 2916
DFA state entries in window  : 1: 100, 2: 86, 3: 81, 4: 77
DFA state entries cumulative : 1: 7700, 2: 4231, 3: 3396, 4: 2916
transitions cumulative       : 1->2: 4231, 2->3: 3396, 3->4: 2916
accepted directly from s0    : 0
Gym endings cumulative       : terminated=4672, truncated=112

[Episode 7800/8000 | last 100]
success rate                : 78.0% (cumulative 38.4%)
failure rate                : 0.0% (cumulative 0.0%)
completed cycles / episode  : 0.000
synthetic task reward       : 7800.000
shaping reward              : 3081.882
learning reward             : 10881.882
episode length              : 251.1
abstract changes / episode  : 79.6
same abstract-state steps   : 68.3%
same-state shaping / episode: 0.000
changed-state shaping / ep. : 3081.882
terminal shaping / episode  : 77.407
DFA transitions / episode   : 2.50
DFA transitions in window   : 1->2: 90, 2->3: 82, 3->4: 78
epsilon (next episode)       : 0.04413
replay buffer                : 300000 samples [1: 61.6%, 2: 27.6%, 3: 10.7%, 4: 0.0%]
DFA state visits in window   : 1: 14524, 2: 7744, 3: 2864, 4: 78
DFA state visits cumulative  : 1: 1325442, 2: 522136, 3: 233758, 4: 2994
DFA state entries in window  : 1: 100, 2: 90, 3: 82, 4: 78
DFA state entries cumulative : 1: 7800, 2: 4321, 3: 3478, 4: 2994
transitions cumulative       : 1->2: 4321, 2->3: 3478, 3->4: 2994
accepted directly from s0    : 0
Gym endings cumulative       : terminated=4694, truncated=112

[Episode 7900/8000 | last 100]
success rate                : 57.0% (cumulative 38.6%)
failure rate                : 0.0% (cumulative 0.0%)
completed cycles / episode  : 0.000
synthetic task reward       : 5700.000
shaping reward              : 2282.247
learning reward             : 7982.247
episode length              : 340.5
abstract changes / episode  : 105.2
same abstract-state steps   : 69.1%
same-state shaping / episode: 0.000
changed-state shaping / ep. : 2282.247
terminal shaping / episode  : 52.801
DFA transitions / episode   : 1.97
DFA transitions in window   : 1->2: 76, 2->3: 64, 3->4: 57
epsilon (next episode)       : 0.04240
replay buffer                : 300000 samples [1: 63.0%, 2: 26.4%, 3: 10.6%, 4: 0.0%]
DFA state visits in window   : 1: 25298, 2: 6233, 3: 2565, 4: 57
DFA state visits cumulative  : 1: 1350740, 2: 528369, 3: 236323, 4: 3051
DFA state entries in window  : 1: 100, 2: 76, 3: 64, 4: 57
DFA state entries cumulative : 1: 7900, 2: 4397, 3: 3542, 4: 3051
transitions cumulative       : 1->2: 4397, 2->3: 3542, 3->4: 3051
accepted directly from s0    : 0
Gym endings cumulative       : terminated=4736, truncated=113

[Episode 8000/8000 | last 100]
success rate                : 67.0% (cumulative 39.0%)
failure rate                : 0.0% (cumulative 0.0%)
completed cycles / episode  : 0.000
synthetic task reward       : 6700.000
shaping reward              : 2782.711
learning reward             : 9482.711
episode length              : 302.3
abstract changes / episode  : 97.2
same abstract-state steps   : 67.8%
same-state shaping / episode: 0.000
changed-state shaping / ep. : 2782.711
terminal shaping / episode  : 66.447
DFA transitions / episode   : 2.34
DFA transitions in window   : 1->2: 91, 2->3: 76, 3->4: 67
epsilon (next episode)       : 0.04074
replay buffer                : 300000 samples [1: 63.1%, 2: 26.4%, 3: 10.5%, 4: 0.0%]
DFA state visits in window   : 1: 18768, 2: 8531, 3: 2966, 4: 67
DFA state visits cumulative  : 1: 1369508, 2: 536900, 3: 239289, 4: 3118
DFA state entries in window  : 1: 100, 2: 91, 3: 76, 4: 67
DFA state entries cumulative : 1: 8000, 2: 4488, 3: 3618, 4: 3118
transitions cumulative       : 1->2: 4488, 2->3: 3618, 3->4: 3118
accepted directly from s0    : 0
Gym endings cumulative       : terminated=4769, truncated=113

Starting autonomous greedy evaluation at episode 8000 (1000 fixed-seed episodes)...
[Greedy evaluation at episode 8000 | 1000 fixed-seed episodes]
success=70.9%, failure=0.0%, task reward=7090.000, length=316.9
DFA transitions: 1->2: 927, 2->3: 711, 3->4: 709
Last policy saved after episode 8000. Best greedy evaluation: episode 4500, mean task reward=9470.000
