
=== NEW RUN ===
episodes=8000, shaping=True, goal_reward=10000.0, gamma=0.99
gamma_shaping=1.0, shaping_formula=gamma_shaping*Phi(next)-Phi(state)
ground_unbiased_learner=False
ground_max_episode_steps=Gym default
eval_interval=500, eval_episodes=1000, eval_seed=100000
inter_level_shaping=False, inter_level_formula=gamma*Phi(next)-Phi(state)
task_type=ltlf, task=F(wp1 & X(F(g1 & X(F(landing)))))
regions={wp1: {'center': [-0.2, 1], 'radius': 0.1}, g1: {'center': [0.2, 0.6], 'radius': 0.1}, landing: {'center': [0.0, 0.05], 'radius': 0.1}}
dfa_states=[1, 2, 3, 4], pre_trace=1, accepting=[4], failure=[]

[Episode 1/8000 | last 1]
success rate                : 0.0% (cumulative 0.0%)
failure rate                : 0.0% (cumulative 0.0%)
completed cycles / episode  : 0.000
synthetic task reward       : 0.000
shaping reward              : -478.638
learning reward             : -478.638
episode length              : 103.0
abstract changes / episode  : 26.0
same abstract-state steps   : 74.8%
same-state shaping / episode: 0.000
changed-state shaping / ep. : -478.638
terminal shaping / episode  : 0.000
DFA transitions / episode   : 0.00
DFA transitions in window   : none
epsilon (next episode)       : 0.99960
replay buffer                : 103 samples [1: 100.0%, 2: 0.0%, 3: 0.0%, 4: 0.0%]
DFA state visits in window   : 1: 104, 2: 0, 3: 0, 4: 0
DFA state visits cumulative  : 1: 104, 2: 0, 3: 0, 4: 0
DFA state entries in window  : 1: 1, 2: 0, 3: 0, 4: 0
DFA state entries cumulative : 1: 1, 2: 0, 3: 0, 4: 0
transitions cumulative       : none
accepted directly from s0    : 0
Gym endings cumulative       : terminated=1, truncated=0

[Episode 100/8000 | last 100]
success rate                : 0.0% (cumulative 0.0%)
failure rate                : 0.0% (cumulative 0.0%)
completed cycles / episode  : 0.000
synthetic task reward       : 0.000
shaping reward              : -156.664
learning reward             : -156.664
episode length              : 92.2
abstract changes / episode  : 25.9
same abstract-state steps   : 71.8%
same-state shaping / episode: 0.000
changed-state shaping / ep. : -156.664
terminal shaping / episode  : -3.277
DFA transitions / episode   : 0.27
DFA transitions in window   : 1->2: 27
epsilon (next episode)       : 0.96078
replay buffer                : 9217 samples [1: 86.0%, 2: 14.0%, 3: 0.0%, 4: 0.0%]
DFA state visits in window   : 1: 8001, 2: 1316, 3: 0, 4: 0
DFA state visits cumulative  : 1: 8001, 2: 1316, 3: 0, 4: 0
DFA state entries in window  : 1: 100, 2: 27, 3: 0, 4: 0
DFA state entries cumulative : 1: 100, 2: 27, 3: 0, 4: 0
transitions cumulative       : 1->2: 27
accepted directly from s0    : 0
Gym endings cumulative       : terminated=100, truncated=0

[Episode 200/8000 | last 100]
success rate                : 0.0% (cumulative 0.0%)
failure rate                : 0.0% (cumulative 0.0%)
completed cycles / episode  : 0.000
synthetic task reward       : 0.000
shaping reward              : -161.441
learning reward             : -161.441
episode length              : 106.2
abstract changes / episode  : 26.0
same abstract-state steps   : 75.5%
same-state shaping / episode: 0.000
changed-state shaping / ep. : -161.441
terminal shaping / episode  : -4.003
DFA transitions / episode   : 0.26
DFA transitions in window   : 1->2: 26
epsilon (next episode)       : 0.92310
replay buffer                : 19838 samples [1: 87.3%, 2: 12.7%, 3: 0.0%, 4: 0.0%]
DFA state visits in window   : 1: 9463, 2: 1258, 3: 0, 4: 0
DFA state visits cumulative  : 1: 17464, 2: 2574, 3: 0, 4: 0
DFA state entries in window  : 1: 100, 2: 26, 3: 0, 4: 0
DFA state entries cumulative : 1: 200, 2: 53, 3: 0, 4: 0
transitions cumulative       : 1->2: 53
accepted directly from s0    : 0
Gym endings cumulative       : terminated=199, truncated=1

[Episode 300/8000 | last 100]
success rate                : 0.0% (cumulative 0.0%)
failure rate                : 0.0% (cumulative 0.0%)
completed cycles / episode  : 0.000
synthetic task reward       : 0.000
shaping reward              : -79.476
learning reward             : -79.476
episode length              : 94.5
abstract changes / episode  : 26.1
same abstract-state steps   : 72.4%
same-state shaping / episode: 0.000
changed-state shaping / ep. : -79.476
terminal shaping / episode  : -4.014
DFA transitions / episode   : 0.35
DFA transitions in window   : 1->2: 35
epsilon (next episode)       : 0.88690
replay buffer                : 29290 samples [1: 85.4%, 2: 14.6%, 3: 0.0%, 4: 0.0%]
DFA state visits in window   : 1: 7775, 2: 1777, 3: 0, 4: 0
DFA state visits cumulative  : 1: 25239, 2: 4351, 3: 0, 4: 0
DFA state entries in window  : 1: 100, 2: 35, 3: 0, 4: 0
DFA state entries cumulative : 1: 300, 2: 88, 3: 0, 4: 0
transitions cumulative       : 1->2: 88
accepted directly from s0    : 0
Gym endings cumulative       : terminated=299, truncated=1

[Episode 400/8000 | last 100]
success rate                : 0.0% (cumulative 0.0%)
failure rate                : 0.0% (cumulative 0.0%)
completed cycles / episode  : 0.000
synthetic task reward       : 0.000
shaping reward              : -137.998
learning reward             : -137.998
episode length              : 106.0
abstract changes / episode  : 26.3
same abstract-state steps   : 75.2%
same-state shaping / episode: 0.000
changed-state shaping / ep. : -137.998
terminal shaping / episode  : -4.204
DFA transitions / episode   : 0.29
DFA transitions in window   : 1->2: 29
epsilon (next episode)       : 0.85212
replay buffer                : 39887 samples [1: 85.7%, 2: 14.3%, 3: 0.0%, 4: 0.0%]
DFA state visits in window   : 1: 9226, 2: 1471, 3: 0, 4: 0
DFA state visits cumulative  : 1: 34465, 2: 5822, 3: 0, 4: 0
DFA state entries in window  : 1: 100, 2: 29, 3: 0, 4: 0
DFA state entries cumulative : 1: 400, 2: 117, 3: 0, 4: 0
transitions cumulative       : 1->2: 117
accepted directly from s0    : 0
Gym endings cumulative       : terminated=398, truncated=2

[Episode 500/8000 | last 100]
success rate                : 0.0% (cumulative 0.0%)
failure rate                : 0.0% (cumulative 0.0%)
completed cycles / episode  : 0.000
synthetic task reward       : 0.000
shaping reward              : -233.559
learning reward             : -233.559
episode length              : 98.1
abstract changes / episode  : 25.8
same abstract-state steps   : 73.7%
same-state shaping / episode: 0.000
changed-state shaping / ep. : -233.559
terminal shaping / episode  : -2.341
DFA transitions / episode   : 0.20
DFA transitions in window   : 1->2: 20
epsilon (next episode)       : 0.81870
replay buffer                : 49695 samples [1: 86.4%, 2: 13.6%, 3: 0.0%, 4: 0.0%]
DFA state visits in window   : 1: 8827, 2: 1081, 3: 0, 4: 0
DFA state visits cumulative  : 1: 43292, 2: 6903, 3: 0, 4: 0
DFA state entries in window  : 1: 100, 2: 20, 3: 0, 4: 0
DFA state entries cumulative : 1: 500, 2: 137, 3: 0, 4: 0
transitions cumulative       : 1->2: 137
accepted directly from s0    : 0
Gym endings cumulative       : terminated=498, truncated=2

Starting autonomous greedy evaluation at episode 500 (1000 fixed-seed episodes)...
[Greedy evaluation at episode 500 | 1000 fixed-seed episodes]
success=0.0%, failure=0.0%, task reward=0.000, length=307.9
DFA transitions: 1->2: 911, 2->3: 42
Best policy updated from autonomous greedy evaluation at episode 500.

[Episode 600/8000 | last 100]
success rate                : 0.0% (cumulative 0.0%)
failure rate                : 0.0% (cumulative 0.0%)
completed cycles / episode  : 0.000
synthetic task reward       : 0.000
shaping reward              : -188.910
learning reward             : -188.910
episode length              : 99.8
abstract changes / episode  : 26.2
same abstract-state steps   : 73.7%
same-state shaping / episode: 0.000
changed-state shaping / ep. : -188.910
terminal shaping / episode  : -7.372
DFA transitions / episode   : 0.25
DFA transitions in window   : 1->2: 25
epsilon (next episode)       : 0.78659
replay buffer                : 59676 samples [1: 86.5%, 2: 13.5%, 3: 0.0%, 4: 0.0%]
DFA state visits in window   : 1: 8742, 2: 1339, 3: 0, 4: 0
DFA state visits cumulative  : 1: 52034, 2: 8242, 3: 0, 4: 0
DFA state entries in window  : 1: 100, 2: 25, 3: 0, 4: 0
DFA state entries cumulative : 1: 600, 2: 162, 3: 0, 4: 0
transitions cumulative       : 1->2: 162
accepted directly from s0    : 0
Gym endings cumulative       : terminated=598, truncated=2

[Episode 700/8000 | last 100]
success rate                : 0.0% (cumulative 0.0%)
failure rate                : 0.0% (cumulative 0.0%)
completed cycles / episode  : 0.000
synthetic task reward       : 0.000
shaping reward              : -127.537
learning reward             : -127.537
episode length              : 105.7
abstract changes / episode  : 26.4
same abstract-state steps   : 75.0%
same-state shaping / episode: 0.000
changed-state shaping / ep. : -127.537
terminal shaping / episode  : -0.794
DFA transitions / episode   : 0.29
DFA transitions in window   : 1->2: 29
epsilon (next episode)       : 0.75574
replay buffer                : 70250 samples [1: 86.3%, 2: 13.7%, 3: 0.0%, 4: 0.0%]
DFA state visits in window   : 1: 9105, 2: 1569, 3: 0, 4: 0
DFA state visits cumulative  : 1: 61139, 2: 9811, 3: 0, 4: 0
DFA state entries in window  : 1: 100, 2: 29, 3: 0, 4: 0
DFA state entries cumulative : 1: 700, 2: 191, 3: 0, 4: 0
transitions cumulative       : 1->2: 191
accepted directly from s0    : 0
Gym endings cumulative       : terminated=698, truncated=2

[Episode 800/8000 | last 100]
success rate                : 0.0% (cumulative 0.0%)
failure rate                : 0.0% (cumulative 0.0%)
completed cycles / episode  : 0.000
synthetic task reward       : 0.000
shaping reward              : -12.122
learning reward             : -12.122
episode length              : 105.6
abstract changes / episode  : 26.8
same abstract-state steps   : 74.6%
same-state shaping / episode: 0.000
changed-state shaping / ep. : -12.122
terminal shaping / episode  : -5.676
DFA transitions / episode   : 0.40
DFA transitions in window   : 1->2: 40
epsilon (next episode)       : 0.72610
replay buffer                : 80812 samples [1: 85.5%, 2: 14.5%, 3: 0.0%, 4: 0.0%]
DFA state visits in window   : 1: 8485, 2: 2177, 3: 0, 4: 0
DFA state visits cumulative  : 1: 69624, 2: 11988, 3: 0, 4: 0
DFA state entries in window  : 1: 100, 2: 40, 3: 0, 4: 0
DFA state entries cumulative : 1: 800, 2: 231, 3: 0, 4: 0
transitions cumulative       : 1->2: 231
accepted directly from s0    : 0
Gym endings cumulative       : terminated=798, truncated=2

[Episode 900/8000 | last 100]
success rate                : 0.0% (cumulative 0.0%)
failure rate                : 0.0% (cumulative 0.0%)
completed cycles / episode  : 0.000
synthetic task reward       : 0.000
shaping reward              : 22.285
learning reward             : 22.285
episode length              : 99.5
abstract changes / episode  : 26.5
same abstract-state steps   : 73.3%
same-state shaping / episode: 0.000
changed-state shaping / ep. : 22.285
terminal shaping / episode  : -4.983
DFA transitions / episode   : 0.44
DFA transitions in window   : 1->2: 44
epsilon (next episode)       : 0.69763
replay buffer                : 90763 samples [1: 84.6%, 2: 15.4%, 3: 0.0%, 4: 0.0%]
DFA state visits in window   : 1: 7821, 2: 2230, 3: 0, 4: 0
DFA state visits cumulative  : 1: 77445, 2: 14218, 3: 0, 4: 0
DFA state entries in window  : 1: 100, 2: 44, 3: 0, 4: 0
DFA state entries cumulative : 1: 900, 2: 275, 3: 0, 4: 0
transitions cumulative       : 1->2: 275
accepted directly from s0    : 0
Gym endings cumulative       : terminated=898, truncated=2

[Episode 1000/8000 | last 100]
success rate                : 0.0% (cumulative 0.0%)
failure rate                : 0.0% (cumulative 0.0%)
completed cycles / episode  : 0.000
synthetic task reward       : 0.000
shaping reward              : -29.943
learning reward             : -29.943
episode length              : 103.8
abstract changes / episode  : 27.0
same abstract-state steps   : 74.0%
same-state shaping / episode: 0.000
changed-state shaping / ep. : -29.943
terminal shaping / episode  : -3.266
DFA transitions / episode   : 0.38
DFA transitions in window   : 1->2: 38
epsilon (next episode)       : 0.67027
replay buffer                : 101140 samples [1: 84.4%, 2: 15.6%, 3: 0.0%, 4: 0.0%]
DFA state visits in window   : 1: 8650, 2: 1827, 3: 0, 4: 0
DFA state visits cumulative  : 1: 86095, 2: 16045, 3: 0, 4: 0
DFA state entries in window  : 1: 100, 2: 38, 3: 0, 4: 0
DFA state entries cumulative : 1: 1000, 2: 313, 3: 0, 4: 0
transitions cumulative       : 1->2: 313
accepted directly from s0    : 0
Gym endings cumulative       : terminated=998, truncated=2

Starting autonomous greedy evaluation at episode 1000 (1000 fixed-seed episodes)...
[Greedy evaluation at episode 1000 | 1000 fixed-seed episodes]
success=0.0%, failure=0.0%, task reward=0.000, length=116.1
DFA transitions: 1->2: 737, 2->3: 32
Best policy updated from autonomous greedy evaluation at episode 1000.

[Episode 1100/8000 | last 100]
success rate                : 0.0% (cumulative 0.0%)
failure rate                : 0.0% (cumulative 0.0%)
completed cycles / episode  : 0.000
synthetic task reward       : 0.000
shaping reward              : -1.406
learning reward             : -1.406
episode length              : 120.1
abstract changes / episode  : 27.9
same abstract-state steps   : 76.7%
same-state shaping / episode: 0.000
changed-state shaping / ep. : -1.406
terminal shaping / episode  : -3.310
DFA transitions / episode   : 0.42
DFA transitions in window   : 1->2: 42
epsilon (next episode)       : 0.64398
replay buffer                : 113151 samples [1: 83.6%, 2: 16.4%, 3: 0.0%, 4: 0.0%]
DFA state visits in window   : 1: 9192, 2: 2919, 3: 0, 4: 0
DFA state visits cumulative  : 1: 95287, 2: 18964, 3: 0, 4: 0
DFA state entries in window  : 1: 100, 2: 42, 3: 0, 4: 0
DFA state entries cumulative : 1: 1100, 2: 355, 3: 0, 4: 0
transitions cumulative       : 1->2: 355
accepted directly from s0    : 0
Gym endings cumulative       : terminated=1098, truncated=2

[Episode 1200/8000 | last 100]
success rate                : 0.0% (cumulative 0.0%)
failure rate                : 0.0% (cumulative 0.0%)
completed cycles / episode  : 0.000
synthetic task reward       : 0.000
shaping reward              : -57.715
learning reward             : -57.715
episode length              : 116.7
abstract changes / episode  : 28.0
same abstract-state steps   : 76.0%
same-state shaping / episode: 0.000
changed-state shaping / ep. : -57.715
terminal shaping / episode  : -1.746
DFA transitions / episode   : 0.36
DFA transitions in window   : 1->2: 36
epsilon (next episode)       : 0.61872
replay buffer                : 124823 samples [1: 83.6%, 2: 16.4%, 3: 0.0%, 4: 0.0%]
DFA state visits in window   : 1: 9875, 2: 1897, 3: 0, 4: 0
DFA state visits cumulative  : 1: 105162, 2: 20861, 3: 0, 4: 0
DFA state entries in window  : 1: 100, 2: 36, 3: 0, 4: 0
DFA state entries cumulative : 1: 1200, 2: 391, 3: 0, 4: 0
transitions cumulative       : 1->2: 391
accepted directly from s0    : 0
Gym endings cumulative       : terminated=1198, truncated=2

[Episode 1300/8000 | last 100]
success rate                : 0.0% (cumulative 0.0%)
failure rate                : 0.0% (cumulative 0.0%)
completed cycles / episode  : 0.000
synthetic task reward       : 0.000
shaping reward              : 25.967
learning reward             : 25.967
episode length              : 118.2
abstract changes / episode  : 27.8
same abstract-state steps   : 76.5%
same-state shaping / episode: 0.000
changed-state shaping / ep. : 25.967
terminal shaping / episode  : -4.900
DFA transitions / episode   : 0.43
DFA transitions in window   : 1->2: 43
epsilon (next episode)       : 0.59446
replay buffer                : 136642 samples [1: 83.4%, 2: 16.6%, 3: 0.0%, 4: 0.0%]
DFA state visits in window   : 1: 9660, 2: 2259, 3: 0, 4: 0
DFA state visits cumulative  : 1: 114822, 2: 23120, 3: 0, 4: 0
DFA state entries in window  : 1: 100, 2: 43, 3: 0, 4: 0
DFA state entries cumulative : 1: 1300, 2: 434, 3: 0, 4: 0
transitions cumulative       : 1->2: 434
accepted directly from s0    : 0
Gym endings cumulative       : terminated=1298, truncated=2

[Episode 1400/8000 | last 100]
success rate                : 0.0% (cumulative 0.0%)
failure rate                : 0.0% (cumulative 0.0%)
completed cycles / episode  : 0.000
synthetic task reward       : 0.000
shaping reward              : 138.431
learning reward             : 138.431
episode length              : 122.5
abstract changes / episode  : 28.0
same abstract-state steps   : 77.1%
same-state shaping / episode: 0.000
changed-state shaping / ep. : 138.431
terminal shaping / episode  : -5.022
DFA transitions / episode   : 0.54
DFA transitions in window   : 1->2: 54
epsilon (next episode)       : 0.57115
replay buffer                : 148887 samples [1: 83.0%, 2: 17.0%, 3: 0.0%, 4: 0.0%]
DFA state visits in window   : 1: 9593, 2: 2752, 3: 0, 4: 0
DFA state visits cumulative  : 1: 124415, 2: 25872, 3: 0, 4: 0
DFA state entries in window  : 1: 100, 2: 54, 3: 0, 4: 0
DFA state entries cumulative : 1: 1400, 2: 488, 3: 0, 4: 0
transitions cumulative       : 1->2: 488
accepted directly from s0    : 0
Gym endings cumulative       : terminated=1398, truncated=2

[Episode 1500/8000 | last 100]
success rate                : 0.0% (cumulative 0.0%)
failure rate                : 0.0% (cumulative 0.0%)
completed cycles / episode  : 0.000
synthetic task reward       : 0.000
shaping reward              : 100.634
learning reward             : 100.634
episode length              : 126.3
abstract changes / episode  : 28.3
same abstract-state steps   : 77.6%
same-state shaping / episode: 0.000
changed-state shaping / ep. : 100.634
terminal shaping / episode  : -4.880
DFA transitions / episode   : 0.49
DFA transitions in window   : 1->2: 49
epsilon (next episode)       : 0.54875
replay buffer                : 161518 samples [1: 82.7%, 2: 17.3%, 3: 0.0%, 4: 0.0%]
DFA state visits in window   : 1: 10183, 2: 2548, 3: 0, 4: 0
DFA state visits cumulative  : 1: 134598, 2: 28420, 3: 0, 4: 0
DFA state entries in window  : 1: 100, 2: 49, 3: 0, 4: 0
DFA state entries cumulative : 1: 1500, 2: 537, 3: 0, 4: 0
transitions cumulative       : 1->2: 537
accepted directly from s0    : 0
Gym endings cumulative       : terminated=1498, truncated=2

Starting autonomous greedy evaluation at episode 1500 (1000 fixed-seed episodes)...
[Greedy evaluation at episode 1500 | 1000 fixed-seed episodes]
success=0.0%, failure=0.0%, task reward=0.000, length=179.2
DFA transitions: 1->2: 927, 2->3: 53

[Episode 1600/8000 | last 100]
success rate                : 0.0% (cumulative 0.0%)
failure rate                : 0.0% (cumulative 0.0%)
completed cycles / episode  : 0.000
synthetic task reward       : 0.000
shaping reward              : 230.659
learning reward             : 230.659
episode length              : 132.2
abstract changes / episode  : 28.6
same abstract-state steps   : 78.4%
same-state shaping / episode: 0.000
changed-state shaping / ep. : 230.659
terminal shaping / episode  : -1.589
DFA transitions / episode   : 0.62
DFA transitions in window   : 1->2: 61, 2->3: 1
epsilon (next episode)       : 0.52722
replay buffer                : 174739 samples [1: 82.0%, 2: 18.0%, 3: 0.0%, 4: 0.0%]
DFA state visits in window   : 1: 9684, 2: 3605, 3: 32, 4: 0
DFA state visits cumulative  : 1: 144282, 2: 32025, 3: 32, 4: 0
DFA state entries in window  : 1: 100, 2: 61, 3: 1, 4: 0
DFA state entries cumulative : 1: 1600, 2: 598, 3: 1, 4: 0
transitions cumulative       : 1->2: 598, 2->3: 1
accepted directly from s0    : 0
Gym endings cumulative       : terminated=1598, truncated=2

[Episode 1700/8000 | last 100]
success rate                : 0.0% (cumulative 0.0%)
failure rate                : 0.0% (cumulative 0.0%)
completed cycles / episode  : 0.000
synthetic task reward       : 0.000
shaping reward              : 76.256
learning reward             : 76.256
episode length              : 138.4
abstract changes / episode  : 28.7
same abstract-state steps   : 79.3%
same-state shaping / episode: 0.000
changed-state shaping / ep. : 76.256
terminal shaping / episode  : -1.689
DFA transitions / episode   : 0.44
DFA transitions in window   : 1->2: 44
epsilon (next episode)       : 0.50655
replay buffer                : 188575 samples [1: 81.8%, 2: 18.2%, 3: 0.0%, 4: 0.0%]
DFA state visits in window   : 1: 11043, 2: 2893, 3: 0, 4: 0
DFA state visits cumulative  : 1: 155325, 2: 34918, 3: 32, 4: 0
DFA state entries in window  : 1: 100, 2: 44, 3: 0, 4: 0
DFA state entries cumulative : 1: 1700, 2: 642, 3: 1, 4: 0
transitions cumulative       : 1->2: 642, 2->3: 1
accepted directly from s0    : 0
Gym endings cumulative       : terminated=1698, truncated=2

[Episode 1800/8000 | last 100]
success rate                : 0.0% (cumulative 0.0%)
failure rate                : 0.0% (cumulative 0.0%)
completed cycles / episode  : 0.000
synthetic task reward       : 0.000
shaping reward              : 48.072
learning reward             : 48.072
episode length              : 156.6
abstract changes / episode  : 29.4
same abstract-state steps   : 81.2%
same-state shaping / episode: 0.000
changed-state shaping / ep. : 48.072
terminal shaping / episode  : -1.619
DFA transitions / episode   : 0.41
DFA transitions in window   : 1->2: 40, 2->3: 1
epsilon (next episode)       : 0.48668
replay buffer                : 204234 samples [1: 81.8%, 2: 18.2%, 3: 0.0%, 4: 0.0%]
DFA state visits in window   : 1: 12805, 2: 2925, 3: 29, 4: 0
DFA state visits cumulative  : 1: 168130, 2: 37843, 3: 61, 4: 0
DFA state entries in window  : 1: 100, 2: 40, 3: 1, 4: 0
DFA state entries cumulative : 1: 1800, 2: 682, 3: 2, 4: 0
transitions cumulative       : 1->2: 682, 2->3: 2
accepted directly from s0    : 0
Gym endings cumulative       : terminated=1798, truncated=2

[Episode 1900/8000 | last 100]
success rate                : 0.0% (cumulative 0.0%)
failure rate                : 0.0% (cumulative 0.0%)
completed cycles / episode  : 0.000
synthetic task reward       : 0.000
shaping reward              : 9.072
learning reward             : 9.072
episode length              : 168.6
abstract changes / episode  : 30.8
same abstract-state steps   : 81.8%
same-state shaping / episode: 0.000
changed-state shaping / ep. : 9.072
terminal shaping / episode  : -0.778
DFA transitions / episode   : 0.40
DFA transitions in window   : 1->2: 38, 2->3: 2
epsilon (next episode)       : 0.46760
replay buffer                : 221092 samples [1: 81.9%, 2: 18.0%, 3: 0.1%, 4: 0.0%]
DFA state visits in window   : 1: 14221, 2: 2626, 3: 111, 4: 0
DFA state visits cumulative  : 1: 182351, 2: 40469, 3: 172, 4: 0
DFA state entries in window  : 1: 100, 2: 38, 3: 2, 4: 0
DFA state entries cumulative : 1: 1900, 2: 720, 3: 4, 4: 0
transitions cumulative       : 1->2: 720, 2->3: 4
accepted directly from s0    : 0
Gym endings cumulative       : terminated=1898, truncated=2

[Episode 2000/8000 | last 100]
success rate                : 0.0% (cumulative 0.0%)
failure rate                : 0.0% (cumulative 0.0%)
completed cycles / episode  : 0.000
synthetic task reward       : 0.000
shaping reward              : 52.302
learning reward             : 52.302
episode length              : 198.9
abstract changes / episode  : 32.5
same abstract-state steps   : 83.6%
same-state shaping / episode: 0.000
changed-state shaping / ep. : 52.302
terminal shaping / episode  : -0.810
DFA transitions / episode   : 0.42
DFA transitions in window   : 1->2: 42
epsilon (next episode)       : 0.44926
replay buffer                : 240979 samples [1: 82.1%, 2: 17.9%, 3: 0.1%, 4: 0.0%]
DFA state visits in window   : 1: 16672, 2: 3315, 3: 0, 4: 0
DFA state visits cumulative  : 1: 199023, 2: 43784, 3: 172, 4: 0
DFA state entries in window  : 1: 100, 2: 42, 3: 0, 4: 0
DFA state entries cumulative : 1: 2000, 2: 762, 3: 4, 4: 0
transitions cumulative       : 1->2: 762, 2->3: 4
accepted directly from s0    : 0
Gym endings cumulative       : terminated=1998, truncated=2

Starting autonomous greedy evaluation at episode 2000 (1000 fixed-seed episodes)...
[Greedy evaluation at episode 2000 | 1000 fixed-seed episodes]
success=0.0%, failure=0.0%, task reward=0.000, length=311.1
DFA transitions: 1->2: 217, 2->3: 41

[Episode 2100/8000 | last 100]
success rate                : 0.0% (cumulative 0.0%)
failure rate                : 0.0% (cumulative 0.0%)
completed cycles / episode  : 0.000
synthetic task reward       : 0.000
shaping reward              : -22.475
learning reward             : -22.475
episode length              : 223.9
abstract changes / episode  : 35.3
same abstract-state steps   : 84.3%
same-state shaping / episode: 0.000
changed-state shaping / ep. : -22.475
terminal shaping / episode  : -1.779
DFA transitions / episode   : 0.37
DFA transitions in window   : 1->2: 34, 2->3: 3
epsilon (next episode)       : 0.43164
replay buffer                : 263372 samples [1: 82.6%, 2: 17.3%, 3: 0.1%, 4: 0.0%]
DFA state visits in window   : 1: 19789, 2: 2526, 3: 178, 4: 0
DFA state visits cumulative  : 1: 218812, 2: 46310, 3: 350, 4: 0
DFA state entries in window  : 1: 100, 2: 34, 3: 3, 4: 0
DFA state entries cumulative : 1: 2100, 2: 796, 3: 7, 4: 0
transitions cumulative       : 1->2: 796, 2->3: 7
accepted directly from s0    : 0
Gym endings cumulative       : terminated=2098, truncated=2

[Episode 2200/8000 | last 100]
success rate                : 0.0% (cumulative 0.0%)
failure rate                : 0.0% (cumulative 0.0%)
completed cycles / episode  : 0.000
synthetic task reward       : 0.000
shaping reward              : 147.588
learning reward             : 147.588
episode length              : 266.0
abstract changes / episode  : 38.9
same abstract-state steps   : 85.4%
same-state shaping / episode: 0.000
changed-state shaping / ep. : 147.588
terminal shaping / episode  : -0.760
DFA transitions / episode   : 0.48
DFA transitions in window   : 1->2: 40, 2->3: 8
epsilon (next episode)       : 0.41471
replay buffer                : 289974 samples [1: 82.3%, 2: 17.4%, 3: 0.3%, 4: 0.0%]
DFA state visits in window   : 1: 21183, 2: 4840, 3: 679, 4: 0
DFA state visits cumulative  : 1: 239995, 2: 51150, 3: 1029, 4: 0
DFA state entries in window  : 1: 100, 2: 40, 3: 8, 4: 0
DFA state entries cumulative : 1: 2200, 2: 836, 3: 15, 4: 0
transitions cumulative       : 1->2: 836, 2->3: 15
accepted directly from s0    : 0
Gym endings cumulative       : terminated=2195, truncated=5

[Episode 2300/8000 | last 100]
success rate                : 0.0% (cumulative 0.0%)
failure rate                : 0.0% (cumulative 0.0%)
completed cycles / episode  : 0.000
synthetic task reward       : 0.000
shaping reward              : 9.081
learning reward             : 9.081
episode length              : 340.1
abstract changes / episode  : 42.9
same abstract-state steps   : 87.4%
same-state shaping / episode: 0.000
changed-state shaping / ep. : 9.081
terminal shaping / episode  : -1.764
DFA transitions / episode   : 0.38
DFA transitions in window   : 1->2: 37, 2->3: 1
epsilon (next episode)       : 0.39845
replay buffer                : 300000 samples [1: 82.1%, 2: 17.6%, 3: 0.4%, 4: 0.0%]
DFA state visits in window   : 1: 28381, 2: 5692, 3: 42, 4: 0
DFA state visits cumulative  : 1: 268376, 2: 56842, 3: 1071, 4: 0
DFA state entries in window  : 1: 100, 2: 37, 3: 1, 4: 0
DFA state entries cumulative : 1: 2300, 2: 873, 3: 16, 4: 0
transitions cumulative       : 1->2: 873, 2->3: 16
accepted directly from s0    : 0
Gym endings cumulative       : terminated=2284, truncated=16

[Episode 2400/8000 | last 100]
success rate                : 0.0% (cumulative 0.0%)
failure rate                : 0.0% (cumulative 0.0%)
completed cycles / episode  : 0.000
synthetic task reward       : 0.000
shaping reward              : 197.314
learning reward             : 197.314
episode length              : 252.7
abstract changes / episode  : 42.5
same abstract-state steps   : 83.2%
same-state shaping / episode: 0.000
changed-state shaping / ep. : 197.314
terminal shaping / episode  : -4.037
DFA transitions / episode   : 0.57
DFA transitions in window   : 1->2: 50, 2->3: 7
epsilon (next episode)       : 0.38282
replay buffer                : 300000 samples [1: 80.6%, 2: 18.9%, 3: 0.5%, 4: 0.0%]
DFA state visits in window   : 1: 17464, 2: 7394, 3: 511, 4: 0
DFA state visits cumulative  : 1: 285840, 2: 64236, 3: 1582, 4: 0
DFA state entries in window  : 1: 100, 2: 50, 3: 7, 4: 0
DFA state entries cumulative : 1: 2400, 2: 923, 3: 23, 4: 0
transitions cumulative       : 1->2: 923, 2->3: 23
accepted directly from s0    : 0
Gym endings cumulative       : terminated=2383, truncated=17

[Episode 2500/8000 | last 100]
success rate                : 0.0% (cumulative 0.0%)
failure rate                : 0.0% (cumulative 0.0%)
completed cycles / episode  : 0.000
synthetic task reward       : 0.000
shaping reward              : 544.762
learning reward             : 544.762
episode length              : 289.0
abstract changes / episode  : 42.8
same abstract-state steps   : 85.2%
same-state shaping / episode: 0.000
changed-state shaping / ep. : 544.762
terminal shaping / episode  : -0.895
DFA transitions / episode   : 0.89
DFA transitions in window   : 1->2: 77, 2->3: 12
epsilon (next episode)       : 0.36781
replay buffer                : 300000 samples [1: 75.9%, 2: 22.8%, 3: 1.3%, 4: 0.0%]
DFA state visits in window   : 1: 10507, 2: 16273, 3: 2219, 4: 0
DFA state visits cumulative  : 1: 296347, 2: 80509, 3: 3801, 4: 0
DFA state entries in window  : 1: 100, 2: 77, 3: 12, 4: 0
DFA state entries cumulative : 1: 2500, 2: 1000, 3: 35, 4: 0
transitions cumulative       : 1->2: 1000, 2->3: 35
accepted directly from s0    : 0
Gym endings cumulative       : terminated=2479, truncated=21

Starting autonomous greedy evaluation at episode 2500 (1000 fixed-seed episodes)...
[Greedy evaluation at episode 2500 | 1000 fixed-seed episodes]
success=0.0%, failure=0.0%, task reward=0.000, length=994.8
DFA transitions: 1->2: 999, 2->3: 7

[Episode 2600/8000 | last 100]
success rate                : 0.0% (cumulative 0.0%)
failure rate                : 0.0% (cumulative 0.0%)
completed cycles / episode  : 0.000
synthetic task reward       : 0.000
shaping reward              : 547.950
learning reward             : 547.950
episode length              : 386.9
abstract changes / episode  : 55.8
same abstract-state steps   : 85.6%
same-state shaping / episode: 0.000
changed-state shaping / ep. : 547.950
terminal shaping / episode  : -2.387
DFA transitions / episode   : 0.94
DFA transitions in window   : 1->2: 69, 2->3: 25
epsilon (next episode)       : 0.35338
replay buffer                : 300000 samples [1: 70.6%, 2: 25.7%, 3: 3.7%, 4: 0.0%]
DFA state visits in window   : 1: 14640, 2: 16900, 3: 7252, 4: 0
DFA state visits cumulative  : 1: 310987, 2: 97409, 3: 11053, 4: 0
DFA state entries in window  : 1: 100, 2: 69, 3: 25, 4: 0
DFA state entries cumulative : 1: 2600, 2: 1069, 3: 60, 4: 0
transitions cumulative       : 1->2: 1069, 2->3: 60
accepted directly from s0    : 0
Gym endings cumulative       : terminated=2573, truncated=27

[Episode 2700/8000 | last 100]
success rate                : 0.0% (cumulative 0.0%)
failure rate                : 0.0% (cumulative 0.0%)
completed cycles / episode  : 0.000
synthetic task reward       : 0.000
shaping reward              : 704.848
learning reward             : 704.848
episode length              : 441.9
abstract changes / episode  : 55.9
same abstract-state steps   : 87.4%
same-state shaping / episode: 0.000
changed-state shaping / ep. : 704.848
terminal shaping / episode  : 0.818
DFA transitions / episode   : 1.10
DFA transitions in window   : 1->2: 77, 2->3: 33
epsilon (next episode)       : 0.33952
replay buffer                : 300000 samples [1: 63.6%, 2: 29.2%, 3: 7.2%, 4: 0.0%]
DFA state visits in window   : 1: 14470, 2: 19027, 3: 10790, 4: 0
DFA state visits cumulative  : 1: 325457, 2: 116436, 3: 21843, 4: 0
DFA state entries in window  : 1: 100, 2: 77, 3: 33, 4: 0
DFA state entries cumulative : 1: 2700, 2: 1146, 3: 93, 4: 0
transitions cumulative       : 1->2: 1146, 2->3: 93
accepted directly from s0    : 0
Gym endings cumulative       : terminated=2657, truncated=43

[Episode 2800/8000 | last 100]
success rate                : 0.0% (cumulative 0.0%)
failure rate                : 0.0% (cumulative 0.0%)
completed cycles / episode  : 0.000
synthetic task reward       : 0.000
shaping reward              : 576.656
learning reward             : 576.656
episode length              : 483.5
abstract changes / episode  : 58.4
same abstract-state steps   : 87.9%
same-state shaping / episode: 0.000
changed-state shaping / ep. : 576.656
terminal shaping / episode  : -0.109
DFA transitions / episode   : 0.92
DFA transitions in window   : 1->2: 65, 2->3: 27
epsilon (next episode)       : 0.32621
replay buffer                : 300000 samples [1: 57.0%, 2: 33.3%, 3: 9.7%, 4: 0.0%]
DFA state visits in window   : 1: 18352, 2: 22627, 3: 7474, 4: 0
DFA state visits cumulative  : 1: 343809, 2: 139063, 3: 29317, 4: 0
DFA state entries in window  : 1: 100, 2: 65, 3: 27, 4: 0
DFA state entries cumulative : 1: 2800, 2: 1211, 3: 120, 4: 0
transitions cumulative       : 1->2: 1211, 2->3: 120
accepted directly from s0    : 0
Gym endings cumulative       : terminated=2739, truncated=61

[Episode 2900/8000 | last 100]
success rate                : 0.0% (cumulative 0.0%)
failure rate                : 0.0% (cumulative 0.0%)
completed cycles / episode  : 0.000
synthetic task reward       : 0.000
shaping reward              : 686.823
learning reward             : 686.823
episode length              : 437.8
abstract changes / episode  : 59.3
same abstract-state steps   : 86.5%
same-state shaping / episode: 0.000
changed-state shaping / ep. : 686.823
terminal shaping / episode  : 1.008
DFA transitions / episode   : 1.07
DFA transitions in window   : 1->2: 75, 2->3: 32
epsilon (next episode)       : 0.31341
replay buffer                : 300000 samples [1: 51.0%, 2: 37.3%, 3: 11.7%, 4: 0.0%]
DFA state visits in window   : 1: 18824, 2: 18846, 3: 6213, 4: 0
DFA state visits cumulative  : 1: 362633, 2: 157909, 3: 35530, 4: 0
DFA state entries in window  : 1: 100, 2: 75, 3: 32, 4: 0
DFA state entries cumulative : 1: 2900, 2: 1286, 3: 152, 4: 0
transitions cumulative       : 1->2: 1286, 2->3: 152
accepted directly from s0    : 0
Gym endings cumulative       : terminated=2827, truncated=73

[Episode 3000/8000 | last 100]
success rate                : 0.0% (cumulative 0.0%)
failure rate                : 0.0% (cumulative 0.0%)
completed cycles / episode  : 0.000
synthetic task reward       : 0.000
shaping reward              : 874.900
learning reward             : 874.900
episode length              : 436.9
abstract changes / episode  : 60.4
same abstract-state steps   : 86.2%
same-state shaping / episode: 0.000
changed-state shaping / ep. : 874.900
terminal shaping / episode  : 0.000
DFA transitions / episode   : 1.24
DFA transitions in window   : 1->2: 79, 2->3: 45
epsilon (next episode)       : 0.30112
replay buffer                : 300000 samples [1: 44.9%, 2: 41.0%, 3: 14.0%, 4: 0.0%]
DFA state visits in window   : 1: 17964, 2: 18007, 3: 7821, 4: 0
DFA state visits cumulative  : 1: 380597, 2: 175916, 3: 43351, 4: 0
DFA state entries in window  : 1: 100, 2: 79, 3: 45, 4: 0
DFA state entries cumulative : 1: 3000, 2: 1365, 3: 197, 4: 0
transitions cumulative       : 1->2: 1365, 2->3: 197
accepted directly from s0    : 0
Gym endings cumulative       : terminated=2922, truncated=78

Starting autonomous greedy evaluation at episode 3000 (1000 fixed-seed episodes)...
[Greedy evaluation at episode 3000 | 1000 fixed-seed episodes]
success=0.0%, failure=0.0%, task reward=0.000, length=965.9
DFA transitions: 1->2: 973, 2->3: 102

[Episode 3100/8000 | last 100]
success rate                : 0.0% (cumulative 0.0%)
failure rate                : 0.0% (cumulative 0.0%)
completed cycles / episode  : 0.000
synthetic task reward       : 0.000
shaping reward              : 889.291
learning reward             : 889.291
episode length              : 447.6
abstract changes / episode  : 61.4
same abstract-state steps   : 86.3%
same-state shaping / episode: 0.000
changed-state shaping / ep. : 889.291
terminal shaping / episode  : 0.173
DFA transitions / episode   : 1.26
DFA transitions in window   : 1->2: 78, 2->3: 48
epsilon (next episode)       : 0.28931
replay buffer                : 300000 samples [1: 39.0%, 2: 43.3%, 3: 17.7%, 4: 0.0%]
DFA state visits in window   : 1: 17743, 2: 15863, 3: 11251, 4: 0
DFA state visits cumulative  : 1: 398340, 2: 191779, 3: 54602, 4: 0
DFA state entries in window  : 1: 100, 2: 78, 3: 48, 4: 0
DFA state entries cumulative : 1: 3100, 2: 1443, 3: 245, 4: 0
transitions cumulative       : 1->2: 1443, 2->3: 245
accepted directly from s0    : 0
Gym endings cumulative       : terminated=3008, truncated=92

[Episode 3200/8000 | last 100]
success rate                : 0.0% (cumulative 0.0%)
failure rate                : 0.0% (cumulative 0.0%)
completed cycles / episode  : 0.000
synthetic task reward       : 0.000
shaping reward              : 875.001
learning reward             : 875.001
episode length              : 481.6
abstract changes / episode  : 62.7
same abstract-state steps   : 87.0%
same-state shaping / episode: 0.000
changed-state shaping / ep. : 875.001
terminal shaping / episode  : 0.895
DFA transitions / episode   : 1.23
DFA transitions in window   : 1->2: 75, 2->3: 48
epsilon (next episode)       : 0.27797
replay buffer                : 300000 samples [1: 39.9%, 2: 40.0%, 3: 20.1%, 4: 0.0%]
DFA state visits in window   : 1: 22738, 2: 14073, 3: 11451, 4: 0
DFA state visits cumulative  : 1: 421078, 2: 205852, 3: 66053, 4: 0
DFA state entries in window  : 1: 100, 2: 75, 3: 48, 4: 0
DFA state entries cumulative : 1: 3200, 2: 1518, 3: 293, 4: 0
transitions cumulative       : 1->2: 1518, 2->3: 293
accepted directly from s0    : 0
Gym endings cumulative       : terminated=3098, truncated=102

[Episode 3300/8000 | last 100]
success rate                : 0.0% (cumulative 0.0%)
failure rate                : 0.0% (cumulative 0.0%)
completed cycles / episode  : 0.000
synthetic task reward       : 0.000
shaping reward              : 705.615
learning reward             : 705.615
episode length              : 414.0
abstract changes / episode  : 60.8
same abstract-state steps   : 85.3%
same-state shaping / episode: 0.000
changed-state shaping / ep. : 705.615
terminal shaping / episode  : 0.000
DFA transitions / episode   : 1.06
DFA transitions in window   : 1->2: 68, 2->3: 38
epsilon (next episode)       : 0.26706
replay buffer                : 300000 samples [1: 41.5%, 2: 39.0%, 3: 19.5%, 4: 0.0%]
DFA state visits in window   : 1: 19986, 2: 14329, 3: 7189, 4: 0
DFA state visits cumulative  : 1: 441064, 2: 220181, 3: 73242, 4: 0
DFA state entries in window  : 1: 100, 2: 68, 3: 38, 4: 0
DFA state entries cumulative : 1: 3300, 2: 1586, 3: 331, 4: 0
transitions cumulative       : 1->2: 1586, 2->3: 331
accepted directly from s0    : 0
Gym endings cumulative       : terminated=3192, truncated=108

[Episode 3400/8000 | last 100]
success rate                : 0.0% (cumulative 0.0%)
failure rate                : 0.0% (cumulative 0.0%)
completed cycles / episode  : 0.000
synthetic task reward       : 0.000
shaping reward              : 952.953
learning reward             : 952.953
episode length              : 425.8
abstract changes / episode  : 61.9
same abstract-state steps   : 85.5%
same-state shaping / episode: 0.000
changed-state shaping / ep. : 952.953
terminal shaping / episode  : 1.595
DFA transitions / episode   : 1.31
DFA transitions in window   : 1->2: 77, 2->3: 54
epsilon (next episode)       : 0.25659
replay buffer                : 300000 samples [1: 43.6%, 2: 37.4%, 3: 19.0%, 4: 0.0%]
DFA state visits in window   : 1: 19964, 2: 15023, 3: 7688, 4: 0
DFA state visits cumulative  : 1: 461028, 2: 235204, 3: 80930, 4: 0
DFA state entries in window  : 1: 100, 2: 77, 3: 54, 4: 0
DFA state entries cumulative : 1: 3400, 2: 1663, 3: 385, 4: 0
transitions cumulative       : 1->2: 1663, 2->3: 385
accepted directly from s0    : 0
Gym endings cumulative       : terminated=3287, truncated=113

[Episode 3500/8000 | last 100]
success rate                : 0.0% (cumulative 0.0%)
failure rate                : 0.0% (cumulative 0.0%)
completed cycles / episode  : 0.000
synthetic task reward       : 0.000
shaping reward              : 1059.979
learning reward             : 1059.979
episode length              : 485.2
abstract changes / episode  : 66.8
same abstract-state steps   : 86.2%
same-state shaping / episode: 0.000
changed-state shaping / ep. : 1059.979
terminal shaping / episode  : 0.904
DFA transitions / episode   : 1.41
DFA transitions in window   : 1->2: 81, 2->3: 60
epsilon (next episode)       : 0.24653
replay buffer                : 300000 samples [1: 43.8%, 2: 35.8%, 3: 20.3%, 4: 0.0%]
DFA state visits in window   : 1: 19835, 2: 18231, 3: 10555, 4: 0
DFA state visits cumulative  : 1: 480863, 2: 253435, 3: 91485, 4: 0
DFA state entries in window  : 1: 100, 2: 81, 3: 60, 4: 0
DFA state entries cumulative : 1: 3500, 2: 1744, 3: 445, 4: 0
transitions cumulative       : 1->2: 1744, 2->3: 445
accepted directly from s0    : 0
Gym endings cumulative       : terminated=3373, truncated=127

Starting autonomous greedy evaluation at episode 3500 (1000 fixed-seed episodes)...
[Greedy evaluation at episode 3500 | 1000 fixed-seed episodes]
success=0.0%, failure=0.0%, task reward=0.000, length=314.3
DFA transitions: 1->2: 999, 2->3: 999

[Episode 3600/8000 | last 100]
success rate                : 0.0% (cumulative 0.0%)
failure rate                : 0.0% (cumulative 0.0%)
completed cycles / episode  : 0.000
synthetic task reward       : 0.000
shaping reward              : 1234.714
learning reward             : 1234.714
episode length              : 521.2
abstract changes / episode  : 65.7
same abstract-state steps   : 87.4%
same-state shaping / episode: 0.000
changed-state shaping / ep. : 1234.714
terminal shaping / episode  : -0.086
DFA transitions / episode   : 1.58
DFA transitions in window   : 1->2: 89, 2->3: 69
epsilon (next episode)       : 0.23686
replay buffer                : 300000 samples [1: 41.4%, 2: 35.9%, 3: 22.7%, 4: 0.0%]
DFA state visits in window   : 1: 16555, 2: 18719, 3: 16951, 4: 0
DFA state visits cumulative  : 1: 497418, 2: 272154, 3: 108436, 4: 0
DFA state entries in window  : 1: 100, 2: 89, 3: 69, 4: 0
DFA state entries cumulative : 1: 3600, 2: 1833, 3: 514, 4: 0
transitions cumulative       : 1->2: 1833, 2->3: 514
accepted directly from s0    : 0
Gym endings cumulative       : terminated=3454, truncated=146

[Episode 3700/8000 | last 100]
success rate                : 0.0% (cumulative 0.0%)
failure rate                : 0.0% (cumulative 0.0%)
completed cycles / episode  : 0.000
synthetic task reward       : 0.000
shaping reward              : 1467.429
learning reward             : 1467.429
episode length              : 495.7
abstract changes / episode  : 62.6
same abstract-state steps   : 87.4%
same-state shaping / episode: 0.000
changed-state shaping / ep. : 1467.429
terminal shaping / episode  : -0.886
DFA transitions / episode   : 1.82
DFA transitions in window   : 1->2: 96, 2->3: 86
epsilon (next episode)       : 0.22757
replay buffer                : 300000 samples [1: 41.6%, 2: 34.6%, 3: 23.8%, 4: 0.0%]
DFA state visits in window   : 1: 17946, 2: 17292, 3: 14436, 4: 0
DFA state visits cumulative  : 1: 515364, 2: 289446, 3: 122872, 4: 0
DFA state entries in window  : 1: 100, 2: 96, 3: 86, 4: 0
DFA state entries cumulative : 1: 3700, 2: 1929, 3: 600, 4: 0
transitions cumulative       : 1->2: 1929, 2->3: 600
accepted directly from s0    : 0
Gym endings cumulative       : terminated=3540, truncated=160

[Episode 3800/8000 | last 100]
success rate                : 0.0% (cumulative 0.0%)
failure rate                : 0.0% (cumulative 0.0%)
completed cycles / episode  : 0.000
synthetic task reward       : 0.000
shaping reward              : 1134.688
learning reward             : 1134.688
episode length              : 427.0
abstract changes / episode  : 56.8
same abstract-state steps   : 86.7%
same-state shaping / episode: 0.000
changed-state shaping / ep. : 1134.688
terminal shaping / episode  : 0.000
DFA transitions / episode   : 1.53
DFA transitions in window   : 1->2: 88, 2->3: 65
epsilon (next episode)       : 0.21865
replay buffer                : 300000 samples [1: 40.6%, 2: 34.5%, 3: 25.0%, 4: 0.0%]
DFA state visits in window   : 1: 16210, 2: 13090, 3: 13497, 4: 0
DFA state visits cumulative  : 1: 531574, 2: 302536, 3: 136369, 4: 0
DFA state entries in window  : 1: 100, 2: 88, 3: 65, 4: 0
DFA state entries cumulative : 1: 3800, 2: 2017, 3: 665, 4: 0
transitions cumulative       : 1->2: 2017, 2->3: 665
accepted directly from s0    : 0
Gym endings cumulative       : terminated=3632, truncated=168

[Episode 3900/8000 | last 100]
success rate                : 0.0% (cumulative 0.0%)
failure rate                : 0.0% (cumulative 0.0%)
completed cycles / episode  : 0.000
synthetic task reward       : 0.000
shaping reward              : 1250.808
learning reward             : 1250.808
episode length              : 545.4
abstract changes / episode  : 67.9
same abstract-state steps   : 87.5%
same-state shaping / episode: 0.000
changed-state shaping / ep. : 1250.808
terminal shaping / episode  : 0.990
DFA transitions / episode   : 1.67
DFA transitions in window   : 1->2: 92, 2->3: 75
epsilon (next episode)       : 0.21007
replay buffer                : 300000 samples [1: 37.0%, 2: 34.5%, 3: 28.5%, 4: 0.0%]
DFA state visits in window   : 1: 15523, 2: 17691, 3: 21425, 4: 0
DFA state visits cumulative  : 1: 547097, 2: 320227, 3: 157794, 4: 0
DFA state entries in window  : 1: 100, 2: 92, 3: 75, 4: 0
DFA state entries cumulative : 1: 3900, 2: 2109, 3: 740, 4: 0
transitions cumulative       : 1->2: 2109, 2->3: 740
accepted directly from s0    : 0
Gym endings cumulative       : terminated=3717, truncated=183

[Episode 4000/8000 | last 100]
success rate                : 0.0% (cumulative 0.0%)
failure rate                : 0.0% (cumulative 0.0%)
completed cycles / episode  : 0.000
synthetic task reward       : 0.000
shaping reward              : 1367.078
learning reward             : 1367.078
episode length              : 527.5
abstract changes / episode  : 66.3
same abstract-state steps   : 87.4%
same-state shaping / episode: 0.000
changed-state shaping / ep. : 1367.078
terminal shaping / episode  : 0.000
DFA transitions / episode   : 1.72
DFA transitions in window   : 1->2: 91, 2->3: 81
epsilon (next episode)       : 0.20183
replay buffer                : 300000 samples [1: 34.0%, 2: 33.7%, 3: 32.2%, 4: 0.0%]
DFA state visits in window   : 1: 16087, 2: 16421, 3: 20347, 4: 0
DFA state visits cumulative  : 1: 563184, 2: 336648, 3: 178141, 4: 0
DFA state entries in window  : 1: 100, 2: 91, 3: 81, 4: 0
DFA state entries cumulative : 1: 4000, 2: 2200, 3: 821, 4: 0
transitions cumulative       : 1->2: 2200, 2->3: 821
accepted directly from s0    : 0
Gym endings cumulative       : terminated=3803, truncated=197

Starting autonomous greedy evaluation at episode 4000 (1000 fixed-seed episodes)...
[Greedy evaluation at episode 4000 | 1000 fixed-seed episodes]
success=0.0%, failure=0.0%, task reward=0.000, length=823.9
DFA transitions: 1->2: 1000, 2->3: 1000

[Episode 4100/8000 | last 100]
success rate                : 0.0% (cumulative 0.0%)
failure rate                : 0.0% (cumulative 0.0%)
completed cycles / episode  : 0.000
synthetic task reward       : 0.000
shaping reward              : 1420.203
learning reward             : 1420.203
episode length              : 427.6
abstract changes / episode  : 62.0
same abstract-state steps   : 85.5%
same-state shaping / episode: 0.000
changed-state shaping / ep. : 1420.203
terminal shaping / episode  : 1.192
DFA transitions / episode   : 1.78
DFA transitions in window   : 1->2: 93, 2->3: 85
epsilon (next episode)       : 0.19392
replay buffer                : 300000 samples [1: 33.6%, 2: 32.9%, 3: 33.5%, 4: 0.0%]
DFA state visits in window   : 1: 16672, 2: 13458, 3: 12730, 4: 0
DFA state visits cumulative  : 1: 579856, 2: 350106, 3: 190871, 4: 0
DFA state entries in window  : 1: 100, 2: 93, 3: 85, 4: 0
DFA state entries cumulative : 1: 4100, 2: 2293, 3: 906, 4: 0
transitions cumulative       : 1->2: 2293, 2->3: 906
accepted directly from s0    : 0
Gym endings cumulative       : terminated=3900, truncated=200

[Episode 4200/8000 | last 100]
success rate                : 0.0% (cumulative 0.0%)
failure rate                : 0.0% (cumulative 0.0%)
completed cycles / episode  : 0.000
synthetic task reward       : 0.000
shaping reward              : 1524.914
learning reward             : 1524.914
episode length              : 512.8
abstract changes / episode  : 68.4
same abstract-state steps   : 86.7%
same-state shaping / episode: 0.000
changed-state shaping / ep. : 1524.914
terminal shaping / episode  : -0.961
DFA transitions / episode   : 1.87
DFA transitions in window   : 1->2: 97, 2->3: 90
epsilon (next episode)       : 0.18631
replay buffer                : 300000 samples [1: 33.0%, 2: 32.0%, 3: 35.0%, 4: 0.0%]
DFA state visits in window   : 1: 15144, 2: 15592, 3: 20642, 4: 0
DFA state visits cumulative  : 1: 595000, 2: 365698, 3: 211513, 4: 0
DFA state entries in window  : 1: 100, 2: 97, 3: 90, 4: 0
DFA state entries cumulative : 1: 4200, 2: 2390, 3: 996, 4: 0
transitions cumulative       : 1->2: 2390, 2->3: 996
accepted directly from s0    : 0
Gym endings cumulative       : terminated=3994, truncated=206

[Episode 4300/8000 | last 100]
success rate                : 0.0% (cumulative 0.0%)
failure rate                : 0.0% (cumulative 0.0%)
completed cycles / episode  : 0.000
synthetic task reward       : 0.000
shaping reward              : 1513.599
learning reward             : 1513.599
episode length              : 477.5
abstract changes / episode  : 53.9
same abstract-state steps   : 88.7%
same-state shaping / episode: 0.000
changed-state shaping / ep. : 1513.599
terminal shaping / episode  : -1.970
DFA transitions / episode   : 1.86
DFA transitions in window   : 1->2: 97, 2->3: 89
epsilon (next episode)       : 0.17900
replay buffer                : 300000 samples [1: 31.2%, 2: 32.6%, 3: 36.2%, 4: 0.0%]
DFA state visits in window   : 1: 11576, 2: 18419, 3: 17857, 4: 0
DFA state visits cumulative  : 1: 606576, 2: 384117, 3: 229370, 4: 0
DFA state entries in window  : 1: 100, 2: 97, 3: 89, 4: 0
DFA state entries cumulative : 1: 4300, 2: 2487, 3: 1085, 4: 0
transitions cumulative       : 1->2: 2487, 2->3: 1085
accepted directly from s0    : 0
Gym endings cumulative       : terminated=4084, truncated=216

[Episode 4400/8000 | last 100]
success rate                : 1.0% (cumulative 0.0%)
failure rate                : 0.0% (cumulative 0.0%)
completed cycles / episode  : 0.000
synthetic task reward       : 100.000
shaping reward              : 1579.389
learning reward             : 1679.389
episode length              : 421.9
abstract changes / episode  : 51.7
same abstract-state steps   : 87.7%
same-state shaping / episode: 0.000
changed-state shaping / ep. : 1579.389
terminal shaping / episode  : 2.019
DFA transitions / episode   : 1.93
DFA transitions in window   : 1->2: 99, 2->3: 93, 3->4: 1
epsilon (next episode)       : 0.17198
replay buffer                : 300000 samples [1: 29.2%, 2: 33.0%, 3: 37.8%, 4: 0.0%]
DFA state visits in window   : 1: 10449, 2: 14785, 3: 17058, 4: 1
DFA state visits cumulative  : 1: 617025, 2: 398902, 3: 246428, 4: 1
DFA state entries in window  : 1: 100, 2: 99, 3: 93, 4: 1
DFA state entries cumulative : 1: 4400, 2: 2586, 3: 1178, 4: 1
transitions cumulative       : 1->2: 2586, 2->3: 1178, 3->4: 1
accepted directly from s0    : 0
Gym endings cumulative       : terminated=4178, truncated=222

[Episode 4500/8000 | last 100]
success rate                : 3.0% (cumulative 0.1%)
failure rate                : 0.0% (cumulative 0.0%)
completed cycles / episode  : 0.000
synthetic task reward       : 300.000
shaping reward              : 1580.347
learning reward             : 1880.347
episode length              : 411.6
abstract changes / episode  : 53.4
same abstract-state steps   : 87.0%
same-state shaping / episode: 0.000
changed-state shaping / ep. : 1580.347
terminal shaping / episode  : 3.046
DFA transitions / episode   : 1.95
DFA transitions in window   : 1->2: 100, 2->3: 92, 3->4: 3
epsilon (next episode)       : 0.16524
replay buffer                : 300000 samples [1: 29.7%, 2: 33.6%, 3: 36.7%, 4: 0.0%]
DFA state visits in window   : 1: 12553, 2: 14442, 3: 14264, 4: 3
DFA state visits cumulative  : 1: 629578, 2: 413344, 3: 260692, 4: 4
DFA state entries in window  : 1: 100, 2: 100, 3: 92, 4: 3
DFA state entries cumulative : 1: 4500, 2: 2686, 3: 1270, 4: 4
transitions cumulative       : 1->2: 2686, 2->3: 1270, 3->4: 4
accepted directly from s0    : 0
Gym endings cumulative       : terminated=4273, truncated=227

Starting autonomous greedy evaluation at episode 4500 (1000 fixed-seed episodes)...
[Greedy evaluation at episode 4500 | 1000 fixed-seed episodes]
success=2.9%, failure=0.0%, task reward=290.000, length=533.6
DFA transitions: 1->2: 1000, 2->3: 1000, 3->4: 29
Best policy updated from autonomous greedy evaluation at episode 4500.

[Episode 4600/8000 | last 100]
success rate                : 4.0% (cumulative 0.2%)
failure rate                : 0.0% (cumulative 0.0%)
completed cycles / episode  : 0.000
synthetic task reward       : 400.000
shaping reward              : 1627.169
learning reward             : 2027.169
episode length              : 449.3
abstract changes / episode  : 49.1
same abstract-state steps   : 89.1%
same-state shaping / episode: 0.000
changed-state shaping / ep. : 1627.169
terminal shaping / episode  : 9.900
DFA transitions / episode   : 2.00
DFA transitions in window   : 1->2: 99, 2->3: 97, 3->4: 4
epsilon (next episode)       : 0.15876
replay buffer                : 300000 samples [1: 29.8%, 2: 33.1%, 3: 37.1%, 4: 0.0%]
DFA state visits in window   : 1: 12014, 2: 14870, 3: 18146, 4: 4
DFA state visits cumulative  : 1: 641592, 2: 428214, 3: 278838, 4: 8
DFA state entries in window  : 1: 100, 2: 99, 3: 97, 4: 4
DFA state entries cumulative : 1: 4600, 2: 2785, 3: 1367, 4: 8
transitions cumulative       : 1->2: 2785, 2->3: 1367, 3->4: 8
accepted directly from s0    : 0
Gym endings cumulative       : terminated=4367, truncated=233

[Episode 4700/8000 | last 100]
success rate                : 16.0% (cumulative 0.5%)
failure rate                : 0.0% (cumulative 0.0%)
completed cycles / episode  : 0.000
synthetic task reward       : 1600.000
shaping reward              : 1638.209
learning reward             : 3238.209
episode length              : 567.1
abstract changes / episode  : 52.8
same abstract-state steps   : 90.7%
same-state shaping / episode: 0.000
changed-state shaping / ep. : 1638.209
terminal shaping / episode  : 16.000
DFA transitions / episode   : 2.10
DFA transitions in window   : 1->2: 99, 2->3: 95, 3->4: 16
epsilon (next episode)       : 0.15253
replay buffer                : 300000 samples [1: 26.3%, 2: 32.6%, 3: 41.1%, 4: 0.0%]
DFA state visits in window   : 1: 10929, 2: 15284, 3: 30581, 4: 16
DFA state visits cumulative  : 1: 652521, 2: 443498, 3: 309419, 4: 24
DFA state entries in window  : 1: 100, 2: 99, 3: 95, 4: 16
DFA state entries cumulative : 1: 4700, 2: 2884, 3: 1462, 4: 24
transitions cumulative       : 1->2: 2884, 2->3: 1462, 3->4: 24
accepted directly from s0    : 0
Gym endings cumulative       : terminated=4456, truncated=244

[Episode 4800/8000 | last 100]
success rate                : 28.0% (cumulative 1.1%)
failure rate                : 0.0% (cumulative 0.0%)
completed cycles / episode  : 0.000
synthetic task reward       : 2800.000
shaping reward              : 1371.200
learning reward             : 4171.200
episode length              : 545.8
abstract changes / episode  : 50.5
same abstract-state steps   : 90.7%
same-state shaping / episode: 0.000
changed-state shaping / ep. : 1371.200
terminal shaping / episode  : 28.212
DFA transitions / episode   : 1.97
DFA transitions in window   : 1->2: 91, 2->3: 78, 3->4: 28
epsilon (next episode)       : 0.14655
replay buffer                : 300000 samples [1: 24.5%, 2: 31.2%, 3: 44.2%, 4: 0.0%]
DFA state visits in window   : 1: 13578, 2: 12426, 3: 28643, 4: 28
DFA state visits cumulative  : 1: 666099, 2: 455924, 3: 338062, 4: 52
DFA state entries in window  : 1: 100, 2: 91, 3: 78, 4: 28
DFA state entries cumulative : 1: 4800, 2: 2975, 3: 1540, 4: 52
transitions cumulative       : 1->2: 2975, 2->3: 1540, 3->4: 52
accepted directly from s0    : 0
Gym endings cumulative       : terminated=4546, truncated=254

[Episode 4900/8000 | last 100]
success rate                : 32.0% (cumulative 1.7%)
failure rate                : 0.0% (cumulative 0.0%)
completed cycles / episode  : 0.000
synthetic task reward       : 3200.000
shaping reward              : 1240.394
learning reward             : 4440.394
episode length              : 542.0
abstract changes / episode  : 51.1
same abstract-state steps   : 90.6%
same-state shaping / episode: 0.000
changed-state shaping / ep. : 1240.394
terminal shaping / episode  : 32.000
DFA transitions / episode   : 1.89
DFA transitions in window   : 1->2: 85, 2->3: 72, 3->4: 32
epsilon (next episode)       : 0.14080
replay buffer                : 300000 samples [1: 25.2%, 2: 29.5%, 3: 45.3%, 4: 0.0%]
DFA state visits in window   : 1: 14830, 2: 14426, 3: 25016, 4: 32
DFA state visits cumulative  : 1: 680929, 2: 470350, 3: 363078, 4: 84
DFA state entries in window  : 1: 100, 2: 85, 3: 72, 4: 32
DFA state entries cumulative : 1: 4900, 2: 3060, 3: 1612, 4: 84
transitions cumulative       : 1->2: 3060, 2->3: 1612, 3->4: 84
accepted directly from s0    : 0
Gym endings cumulative       : terminated=4638, truncated=262

[Episode 5000/8000 | last 100]
success rate                : 43.0% (cumulative 2.5%)
failure rate                : 0.0% (cumulative 0.0%)
completed cycles / episode  : 0.000
synthetic task reward       : 4300.000
shaping reward              : 1075.930
learning reward             : 5375.930
episode length              : 484.7
abstract changes / episode  : 51.7
same abstract-state steps   : 89.3%
same-state shaping / episode: 0.000
changed-state shaping / ep. : 1075.930
terminal shaping / episode  : 41.281
DFA transitions / episode   : 1.87
DFA transitions in window   : 1->2: 80, 2->3: 64, 3->4: 43
epsilon (next episode)       : 0.13528
replay buffer                : 300000 samples [1: 26.6%, 2: 28.3%, 3: 45.1%, 4: 0.0%]
DFA state visits in window   : 1: 16052, 2: 13564, 3: 18914, 4: 43
DFA state visits cumulative  : 1: 696981, 2: 483914, 3: 381992, 4: 127
DFA state entries in window  : 1: 100, 2: 80, 3: 64, 4: 43
DFA state entries cumulative : 1: 5000, 2: 3140, 3: 1676, 4: 127
transitions cumulative       : 1->2: 3140, 2->3: 1676, 3->4: 127
accepted directly from s0    : 0
Gym endings cumulative       : terminated=4734, truncated=266

Starting autonomous greedy evaluation at episode 5000 (1000 fixed-seed episodes)...
[Greedy evaluation at episode 5000 | 1000 fixed-seed episodes]
success=95.5%, failure=0.0%, task reward=9550.000, length=426.1
DFA transitions: 1->2: 999, 2->3: 968, 3->4: 955
Best policy updated from autonomous greedy evaluation at episode 5000.

[Episode 5100/8000 | last 100]
success rate                : 61.0% (cumulative 3.7%)
failure rate                : 0.0% (cumulative 0.0%)
completed cycles / episode  : 0.000
synthetic task reward       : 6100.000
shaping reward              : 1355.290
learning reward             : 7455.290
episode length              : 521.2
abstract changes / episode  : 49.8
same abstract-state steps   : 90.4%
same-state shaping / episode: 0.000
changed-state shaping / ep. : 1355.290
terminal shaping / episode  : 61.000
DFA transitions / episode   : 2.25
DFA transitions in window   : 1->2: 90, 2->3: 74, 3->4: 61
epsilon (next episode)       : 0.12998
replay buffer                : 300000 samples [1: 26.1%, 2: 27.2%, 3: 46.7%, 4: 0.0%]
DFA state visits in window   : 1: 13419, 2: 15444, 3: 23301, 4: 61
DFA state visits cumulative  : 1: 710400, 2: 499358, 3: 405293, 4: 188
DFA state entries in window  : 1: 100, 2: 90, 3: 74, 4: 61
DFA state entries cumulative : 1: 5100, 2: 3230, 3: 1750, 4: 188
transitions cumulative       : 1->2: 3230, 2->3: 1750, 3->4: 188
accepted directly from s0    : 0
Gym endings cumulative       : terminated=4830, truncated=270

[Episode 5200/8000 | last 100]
success rate                : 58.0% (cumulative 4.7%)
failure rate                : 0.0% (cumulative 0.0%)
completed cycles / episode  : 0.000
synthetic task reward       : 5800.000
shaping reward              : 1241.463
learning reward             : 7041.463
episode length              : 447.0
abstract changes / episode  : 46.7
same abstract-state steps   : 89.6%
same-state shaping / episode: 0.000
changed-state shaping / ep. : 1241.463
terminal shaping / episode  : 58.000
DFA transitions / episode   : 2.09
DFA transitions in window   : 1->2: 85, 2->3: 66, 3->4: 58
epsilon (next episode)       : 0.12488
replay buffer                : 300000 samples [1: 26.8%, 2: 26.9%, 3: 46.3%, 4: 0.0%]
DFA state visits in window   : 1: 13883, 2: 12338, 3: 18519, 4: 58
DFA state visits cumulative  : 1: 724283, 2: 511696, 3: 423812, 4: 246
DFA state entries in window  : 1: 100, 2: 85, 3: 66, 4: 58
DFA state entries cumulative : 1: 5200, 2: 3315, 3: 1816, 4: 246
transitions cumulative       : 1->2: 3315, 2->3: 1816, 3->4: 246
accepted directly from s0    : 0
Gym endings cumulative       : terminated=4929, truncated=271

[Episode 5300/8000 | last 100]
success rate                : 66.0% (cumulative 5.9%)
failure rate                : 0.0% (cumulative 0.0%)
completed cycles / episode  : 0.000
synthetic task reward       : 6600.000
shaping reward              : 1244.831
learning reward             : 7844.831
episode length              : 465.2
abstract changes / episode  : 45.1
same abstract-state steps   : 90.3%
same-state shaping / episode: 0.000
changed-state shaping / ep. : 1244.831
terminal shaping / episode  : 65.427
DFA transitions / episode   : 2.14
DFA transitions in window   : 1->2: 77, 2->3: 71, 3->4: 66
epsilon (next episode)       : 0.11998
replay buffer                : 300000 samples [1: 29.0%, 2: 26.1%, 3: 44.9%, 4: 0.0%]
DFA state visits in window   : 1: 15485, 2: 10458, 3: 20608, 4: 66
DFA state visits cumulative  : 1: 739768, 2: 522154, 3: 444420, 4: 312
DFA state entries in window  : 1: 100, 2: 77, 3: 71, 4: 66
DFA state entries cumulative : 1: 5300, 2: 3392, 3: 1887, 4: 312
transitions cumulative       : 1->2: 3392, 2->3: 1887, 3->4: 312
accepted directly from s0    : 0
Gym endings cumulative       : terminated=5024, truncated=276

[Episode 5400/8000 | last 100]
success rate                : 71.0% (cumulative 7.1%)
failure rate                : 0.0% (cumulative 0.0%)
completed cycles / episode  : 0.000
synthetic task reward       : 7100.000
shaping reward              : 1529.402
learning reward             : 8629.402
episode length              : 483.7
abstract changes / episode  : 50.2
same abstract-state steps   : 89.6%
same-state shaping / episode: 0.000
changed-state shaping / ep. : 1529.402
terminal shaping / episode  : 71.000
DFA transitions / episode   : 2.48
DFA transitions in window   : 1->2: 90, 2->3: 87, 3->4: 71
epsilon (next episode)       : 0.11528
replay buffer                : 300000 samples [1: 29.2%, 2: 26.8%, 3: 44.0%, 4: 0.0%]
DFA state visits in window   : 1: 12728, 2: 12594, 3: 23075, 4: 71
DFA state visits cumulative  : 1: 752496, 2: 534748, 3: 467495, 4: 383
DFA state entries in window  : 1: 100, 2: 90, 3: 87, 4: 71
DFA state entries cumulative : 1: 5400, 2: 3482, 3: 1974, 4: 383
transitions cumulative       : 1->2: 3482, 2->3: 1974, 3->4: 383
accepted directly from s0    : 0
Gym endings cumulative       : terminated=5122, truncated=278

[Episode 5500/8000 | last 100]
success rate                : 53.0% (cumulative 7.9%)
failure rate                : 0.0% (cumulative 0.0%)
completed cycles / episode  : 0.000
synthetic task reward       : 5300.000
shaping reward              : 1166.508
learning reward             : 6466.508
episode length              : 427.9
abstract changes / episode  : 45.0
same abstract-state steps   : 89.5%
same-state shaping / episode: 0.000
changed-state shaping / ep. : 1166.508
terminal shaping / episode  : 51.420
DFA transitions / episode   : 1.98
DFA transitions in window   : 1->2: 78, 2->3: 67, 3->4: 53
epsilon (next episode)       : 0.11075
replay buffer                : 300000 samples [1: 30.2%, 2: 26.6%, 3: 43.3%, 4: 0.0%]
DFA state visits in window   : 1: 13903, 2: 11065, 3: 17872, 4: 53
DFA state visits cumulative  : 1: 766399, 2: 545813, 3: 485367, 4: 436
DFA state entries in window  : 1: 100, 2: 78, 3: 67, 4: 53
DFA state entries cumulative : 1: 5500, 2: 3560, 3: 2041, 4: 436
transitions cumulative       : 1->2: 3560, 2->3: 2041, 3->4: 436
accepted directly from s0    : 0
Gym endings cumulative       : terminated=5220, truncated=280

Starting autonomous greedy evaluation at episode 5500 (1000 fixed-seed episodes)...
[Greedy evaluation at episode 5500 | 1000 fixed-seed episodes]
success=38.4%, failure=0.0%, task reward=3840.000, length=393.4
DFA transitions: 1->2: 534, 2->3: 396, 3->4: 384

[Episode 5600/8000 | last 100]
success rate                : 57.0% (cumulative 8.8%)
failure rate                : 0.0% (cumulative 0.0%)
completed cycles / episode  : 0.000
synthetic task reward       : 5700.000
shaping reward              : 1206.754
learning reward             : 6906.754
episode length              : 424.8
abstract changes / episode  : 46.1
same abstract-state steps   : 89.1%
same-state shaping / episode: 0.000
changed-state shaping / ep. : 1206.754
terminal shaping / episode  : 54.516
DFA transitions / episode   : 2.05
DFA transitions in window   : 1->2: 81, 2->3: 67, 3->4: 57
epsilon (next episode)       : 0.10641
replay buffer                : 300000 samples [1: 29.7%, 2: 26.9%, 3: 43.4%, 4: 0.0%]
DFA state visits in window   : 1: 14261, 2: 12499, 3: 15759, 4: 57
DFA state visits cumulative  : 1: 780660, 2: 558312, 3: 501126, 4: 493
DFA state entries in window  : 1: 100, 2: 81, 3: 67, 4: 57
DFA state entries cumulative : 1: 5600, 2: 3641, 3: 2108, 4: 493
transitions cumulative       : 1->2: 3641, 2->3: 2108, 3->4: 493
accepted directly from s0    : 0
Gym endings cumulative       : terminated=5319, truncated=281

[Episode 5700/8000 | last 100]
success rate                : 52.0% (cumulative 9.6%)
failure rate                : 0.0% (cumulative 0.0%)
completed cycles / episode  : 0.000
synthetic task reward       : 5200.000
shaping reward              : 1128.292
learning reward             : 6328.292
episode length              : 410.2
abstract changes / episode  : 44.9
same abstract-state steps   : 89.1%
same-state shaping / episode: 0.000
changed-state shaping / ep. : 1128.292
terminal shaping / episode  : 52.000
DFA transitions / episode   : 1.90
DFA transitions in window   : 1->2: 74, 2->3: 64, 3->4: 52
epsilon (next episode)       : 0.10224
replay buffer                : 300000 samples [1: 32.0%, 2: 26.6%, 3: 41.4%, 4: 0.0%]
DFA state visits in window   : 1: 15800, 2: 11257, 3: 14013, 4: 52
DFA state visits cumulative  : 1: 796460, 2: 569569, 3: 515139, 4: 545
DFA state entries in window  : 1: 100, 2: 74, 3: 64, 4: 52
DFA state entries cumulative : 1: 5700, 2: 3715, 3: 2172, 4: 545
transitions cumulative       : 1->2: 3715, 2->3: 2172, 3->4: 545
accepted directly from s0    : 0
Gym endings cumulative       : terminated=5417, truncated=283

[Episode 5800/8000 | last 100]
success rate                : 47.0% (cumulative 10.2%)
failure rate                : 0.0% (cumulative 0.0%)
completed cycles / episode  : 0.000
synthetic task reward       : 4700.000
shaping reward              : 1259.558
learning reward             : 5959.558
episode length              : 474.7
abstract changes / episode  : 47.9
same abstract-state steps   : 89.9%
same-state shaping / episode: 0.000
changed-state shaping / ep. : 1259.558
terminal shaping / episode  : 47.778
DFA transitions / episode   : 2.03
DFA transitions in window   : 1->2: 81, 2->3: 75, 3->4: 47
epsilon (next episode)       : 0.09823
replay buffer                : 300000 samples [1: 32.9%, 2: 27.0%, 3: 40.1%, 4: 0.0%]
DFA state visits in window   : 1: 16635, 2: 14507, 3: 16377, 4: 47
DFA state visits cumulative  : 1: 813095, 2: 584076, 3: 531516, 4: 592
DFA state entries in window  : 1: 100, 2: 81, 3: 75, 4: 47
DFA state entries cumulative : 1: 5800, 2: 3796, 3: 2247, 4: 592
transitions cumulative       : 1->2: 3796, 2->3: 2247, 3->4: 592
accepted directly from s0    : 0
Gym endings cumulative       : terminated=5514, truncated=286

[Episode 5900/8000 | last 100]
success rate                : 59.0% (cumulative 11.0%)
failure rate                : 0.0% (cumulative 0.0%)
completed cycles / episode  : 0.000
synthetic task reward       : 5900.000
shaping reward              : 1424.143
learning reward             : 7324.143
episode length              : 490.9
abstract changes / episode  : 49.1
same abstract-state steps   : 90.0%
same-state shaping / episode: 0.000
changed-state shaping / ep. : 1424.143
terminal shaping / episode  : 59.000
DFA transitions / episode   : 2.28
DFA transitions in window   : 1->2: 88, 2->3: 81, 3->4: 59
epsilon (next episode)       : 0.09438
replay buffer                : 300000 samples [1: 32.9%, 2: 27.6%, 3: 39.5%, 4: 0.0%]
DFA state visits in window   : 1: 15153, 2: 14260, 3: 19715, 4: 59
DFA state visits cumulative  : 1: 828248, 2: 598336, 3: 551231, 4: 651
DFA state entries in window  : 1: 100, 2: 88, 3: 81, 4: 59
DFA state entries cumulative : 1: 5900, 2: 3884, 3: 2328, 4: 651
transitions cumulative       : 1->2: 3884, 2->3: 2328, 3->4: 651
accepted directly from s0    : 0
Gym endings cumulative       : terminated=5611, truncated=289

[Episode 6000/8000 | last 100]
success rate                : 61.0% (cumulative 11.9%)
failure rate                : 0.0% (cumulative 0.0%)
completed cycles / episode  : 0.000
synthetic task reward       : 6100.000
shaping reward              : 1244.427
learning reward             : 7344.427
episode length              : 422.4
abstract changes / episode  : 44.4
same abstract-state steps   : 89.5%
same-state shaping / episode: 0.000
changed-state shaping / ep. : 1244.427
terminal shaping / episode  : 60.206
DFA transitions / episode   : 2.10
DFA transitions in window   : 1->2: 78, 2->3: 71, 3->4: 61
epsilon (next episode)       : 0.09067
replay buffer                : 300000 samples [1: 33.7%, 2: 27.9%, 3: 38.4%, 4: 0.0%]
DFA state visits in window   : 1: 17120, 2: 10804, 3: 14354, 4: 61
DFA state visits cumulative  : 1: 845368, 2: 609140, 3: 565585, 4: 712
DFA state entries in window  : 1: 100, 2: 78, 3: 71, 4: 61
DFA state entries cumulative : 1: 6000, 2: 3962, 3: 2399, 4: 712
transitions cumulative       : 1->2: 3962, 2->3: 2399, 3->4: 712
accepted directly from s0    : 0
Gym endings cumulative       : terminated=5709, truncated=291

Starting autonomous greedy evaluation at episode 6000 (1000 fixed-seed episodes)...
[Greedy evaluation at episode 6000 | 1000 fixed-seed episodes]
success=88.5%, failure=0.0%, task reward=8850.000, length=422.5
DFA transitions: 1->2: 903, 2->3: 891, 3->4: 885

[Episode 6100/8000 | last 100]
success rate                : 58.0% (cumulative 12.6%)
failure rate                : 0.0% (cumulative 0.0%)
completed cycles / episode  : 0.000
synthetic task reward       : 5800.000
shaping reward              : 1345.413
learning reward             : 7145.413
episode length              : 402.1
abstract changes / episode  : 42.1
same abstract-state steps   : 89.5%
same-state shaping / episode: 0.000
changed-state shaping / ep. : 1345.413
terminal shaping / episode  : 58.000
DFA transitions / episode   : 2.26
DFA transitions in window   : 1->2: 90, 2->3: 78, 3->4: 58
epsilon (next episode)       : 0.08712
replay buffer                : 300000 samples [1: 34.4%, 2: 28.2%, 3: 37.4%, 4: 0.0%]
DFA state visits in window   : 1: 11551, 2: 12018, 3: 16681, 4: 58
DFA state visits cumulative  : 1: 856919, 2: 621158, 3: 582266, 4: 770
DFA state entries in window  : 1: 100, 2: 90, 3: 78, 4: 58
DFA state entries cumulative : 1: 6100, 2: 4052, 3: 2477, 4: 770
transitions cumulative       : 1->2: 4052, 2->3: 2477, 3->4: 770
accepted directly from s0    : 0
Gym endings cumulative       : terminated=5807, truncated=293

[Episode 6200/8000 | last 100]
success rate                : 43.0% (cumulative 13.1%)
failure rate                : 0.0% (cumulative 0.0%)
completed cycles / episode  : 0.000
synthetic task reward       : 4300.000
shaping reward              : 1122.447
learning reward             : 5422.447
episode length              : 408.5
abstract changes / episode  : 44.2
same abstract-state steps   : 89.2%
same-state shaping / episode: 0.000
changed-state shaping / ep. : 1122.447
terminal shaping / episode  : 42.105
DFA transitions / episode   : 1.88
DFA transitions in window   : 1->2: 79, 2->3: 66, 3->4: 43
epsilon (next episode)       : 0.08370
replay buffer                : 300000 samples [1: 35.9%, 2: 28.5%, 3: 35.6%, 4: 0.0%]
DFA state visits in window   : 1: 18691, 2: 10876, 3: 11342, 4: 43
DFA state visits cumulative  : 1: 875610, 2: 632034, 3: 593608, 4: 813
DFA state entries in window  : 1: 100, 2: 79, 3: 66, 4: 43
DFA state entries cumulative : 1: 6200, 2: 4131, 3: 2543, 4: 813
transitions cumulative       : 1->2: 4131, 2->3: 2543, 3->4: 813
accepted directly from s0    : 0
Gym endings cumulative       : terminated=5900, truncated=300

[Episode 6300/8000 | last 100]
success rate                : 54.0% (cumulative 13.8%)
failure rate                : 0.0% (cumulative 0.0%)
completed cycles / episode  : 0.000
synthetic task reward       : 5400.000
shaping reward              : 1172.075
learning reward             : 6572.075
episode length              : 452.5
abstract changes / episode  : 46.9
same abstract-state steps   : 89.6%
same-state shaping / episode: 0.000
changed-state shaping / ep. : 1172.075
terminal shaping / episode  : 51.442
DFA transitions / episode   : 1.97
DFA transitions in window   : 1->2: 75, 2->3: 68, 3->4: 54
epsilon (next episode)       : 0.08042
replay buffer                : 300000 samples [1: 36.6%, 2: 27.7%, 3: 35.7%, 4: 0.0%]
DFA state visits in window   : 1: 16908, 2: 11422, 3: 16965, 4: 54
DFA state visits cumulative  : 1: 892518, 2: 643456, 3: 610573, 4: 867
DFA state entries in window  : 1: 100, 2: 75, 3: 68, 4: 54
DFA state entries cumulative : 1: 6300, 2: 4206, 3: 2611, 4: 867
transitions cumulative       : 1->2: 4206, 2->3: 2611, 3->4: 867
accepted directly from s0    : 0
Gym endings cumulative       : terminated=5996, truncated=304

[Episode 6400/8000 | last 100]
success rate                : 39.0% (cumulative 14.2%)
failure rate                : 0.0% (cumulative 0.0%)
completed cycles / episode  : 0.000
synthetic task reward       : 3900.000
shaping reward              : 818.418
learning reward             : 4718.418
episode length              : 347.4
abstract changes / episode  : 43.3
same abstract-state steps   : 87.5%
same-state shaping / episode: 0.000
changed-state shaping / ep. : 818.418
terminal shaping / episode  : 40.681
DFA transitions / episode   : 1.52
DFA transitions in window   : 1->2: 66, 2->3: 47, 3->4: 39
epsilon (next episode)       : 0.07727
replay buffer                : 300000 samples [1: 37.3%, 2: 27.5%, 3: 35.2%, 4: 0.0%]
DFA state visits in window   : 1: 15864, 2: 8685, 3: 10255, 4: 39
DFA state visits cumulative  : 1: 908382, 2: 652141, 3: 620828, 4: 906
DFA state entries in window  : 1: 100, 2: 66, 3: 47, 4: 39
DFA state entries cumulative : 1: 6400, 2: 4272, 3: 2658, 4: 906
transitions cumulative       : 1->2: 4272, 2->3: 2658, 3->4: 906
accepted directly from s0    : 0
Gym endings cumulative       : terminated=6096, truncated=304

[Episode 6500/8000 | last 100]
success rate                : 56.0% (cumulative 14.8%)
failure rate                : 0.0% (cumulative 0.0%)
completed cycles / episode  : 0.000
synthetic task reward       : 5600.000
shaping reward              : 1295.583
learning reward             : 6895.583
episode length              : 423.2
abstract changes / episode  : 41.4
same abstract-state steps   : 90.2%
same-state shaping / episode: 0.000
changed-state shaping / ep. : 1295.583
terminal shaping / episode  : 55.206
DFA transitions / episode   : 2.13
DFA transitions in window   : 1->2: 84, 2->3: 73, 3->4: 56
epsilon (next episode)       : 0.07423
replay buffer                : 300000 samples [1: 36.8%, 2: 27.4%, 3: 35.8%, 4: 0.0%]
DFA state visits in window   : 1: 13570, 2: 12366, 3: 16430, 4: 56
DFA state visits cumulative  : 1: 921952, 2: 664507, 3: 637258, 4: 962
DFA state entries in window  : 1: 100, 2: 84, 3: 73, 4: 56
DFA state entries cumulative : 1: 6500, 2: 4356, 3: 2731, 4: 962
transitions cumulative       : 1->2: 4356, 2->3: 2731, 3->4: 962
accepted directly from s0    : 0
Gym endings cumulative       : terminated=6196, truncated=304

Starting autonomous greedy evaluation at episode 6500 (1000 fixed-seed episodes)...
[Greedy evaluation at episode 6500 | 1000 fixed-seed episodes]
success=27.5%, failure=0.0%, task reward=2750.000, length=322.4
DFA transitions: 1->2: 581, 2->3: 550, 3->4: 275

[Episode 6600/8000 | last 100]
success rate                : 64.0% (cumulative 15.5%)
failure rate                : 0.0% (cumulative 0.0%)
completed cycles / episode  : 0.000
synthetic task reward       : 6400.000
shaping reward              : 1246.236
learning reward             : 7646.236
episode length              : 364.7
abstract changes / episode  : 35.5
same abstract-state steps   : 90.3%
same-state shaping / episode: 0.000
changed-state shaping / ep. : 1246.236
terminal shaping / episode  : 62.404
DFA transitions / episode   : 2.12
DFA transitions in window   : 1->2: 77, 2->3: 71, 3->4: 64
epsilon (next episode)       : 0.07132
replay buffer                : 300000 samples [1: 36.8%, 2: 27.6%, 3: 35.6%, 4: 0.0%]
DFA state visits in window   : 1: 11986, 2: 9755, 3: 14765, 4: 64
DFA state visits cumulative  : 1: 933938, 2: 674262, 3: 652023, 4: 1026
DFA state entries in window  : 1: 100, 2: 77, 3: 71, 4: 64
DFA state entries cumulative : 1: 6600, 2: 4433, 3: 2802, 4: 1026
transitions cumulative       : 1->2: 4433, 2->3: 2802, 3->4: 1026
accepted directly from s0    : 0
Gym endings cumulative       : terminated=6296, truncated=304

[Episode 6700/8000 | last 100]
success rate                : 80.0% (cumulative 16.5%)
failure rate                : 0.0% (cumulative 0.0%)
completed cycles / episode  : 0.000
synthetic task reward       : 8000.000
shaping reward              : 1478.256
learning reward             : 9478.256
episode length              : 390.3
abstract changes / episode  : 36.6
same abstract-state steps   : 90.6%
same-state shaping / episode: 0.000
changed-state shaping / ep. : 1478.256
terminal shaping / episode  : 80.000
DFA transitions / episode   : 2.48
DFA transitions in window   : 1->2: 84, 2->3: 84, 3->4: 80
epsilon (next episode)       : 0.06853
replay buffer                : 300000 samples [1: 36.0%, 2: 27.0%, 3: 37.0%, 4: 0.0%]
DFA state visits in window   : 1: 10003, 2: 11517, 3: 17527, 4: 80
DFA state visits cumulative  : 1: 943941, 2: 685779, 3: 669550, 4: 1106
DFA state entries in window  : 1: 100, 2: 84, 3: 84, 4: 80
DFA state entries cumulative : 1: 6700, 2: 4517, 3: 2886, 4: 1106
transitions cumulative       : 1->2: 4517, 2->3: 2886, 3->4: 1106
accepted directly from s0    : 0
Gym endings cumulative       : terminated=6396, truncated=304

[Episode 6800/8000 | last 100]
success rate                : 50.0% (cumulative 17.0%)
failure rate                : 0.0% (cumulative 0.0%)
completed cycles / episode  : 0.000
synthetic task reward       : 5000.000
shaping reward              : 1024.129
learning reward             : 6024.129
episode length              : 326.1
abstract changes / episode  : 38.0
same abstract-state steps   : 88.4%
same-state shaping / episode: 0.000
changed-state shaping / ep. : 1024.129
terminal shaping / episode  : 46.666
DFA transitions / episode   : 1.86
DFA transitions in window   : 1->2: 79, 2->3: 57, 3->4: 50
epsilon (next episode)       : 0.06584
replay buffer                : 300000 samples [1: 35.1%, 2: 28.0%, 3: 37.0%, 4: 0.0%]
DFA state visits in window   : 1: 10663, 2: 10478, 3: 11517, 4: 50
DFA state visits cumulative  : 1: 954604, 2: 696257, 3: 681067, 4: 1156
DFA state entries in window  : 1: 100, 2: 79, 3: 57, 4: 50
DFA state entries cumulative : 1: 6800, 2: 4596, 3: 2943, 4: 1156
transitions cumulative       : 1->2: 4596, 2->3: 2943, 3->4: 1156
accepted directly from s0    : 0
Gym endings cumulative       : terminated=6496, truncated=304

[Episode 6900/8000 | last 100]
success rate                : 42.0% (cumulative 17.4%)
failure rate                : 0.0% (cumulative 0.0%)
completed cycles / episode  : 0.000
synthetic task reward       : 4200.000
shaping reward              : 868.628
learning reward             : 5068.628
episode length              : 327.0
abstract changes / episode  : 38.9
same abstract-state steps   : 88.1%
same-state shaping / episode: 0.000
changed-state shaping / ep. : 868.628
terminal shaping / episode  : 37.775
DFA transitions / episode   : 1.61
DFA transitions in window   : 1->2: 68, 2->3: 51, 3->4: 42
epsilon (next episode)       : 0.06326
replay buffer                : 300000 samples [1: 36.8%, 2: 27.7%, 3: 35.6%, 4: 0.0%]
DFA state visits in window   : 1: 13986, 2: 10052, 3: 8720, 4: 42
DFA state visits cumulative  : 1: 968590, 2: 706309, 3: 689787, 4: 1198
DFA state entries in window  : 1: 100, 2: 68, 3: 51, 4: 42
DFA state entries cumulative : 1: 6900, 2: 4664, 3: 2994, 4: 1198
transitions cumulative       : 1->2: 4664, 2->3: 2994, 3->4: 1198
accepted directly from s0    : 0
Gym endings cumulative       : terminated=6596, truncated=304

[Episode 7000/8000 | last 100]
success rate                : 37.0% (cumulative 17.6%)
failure rate                : 0.0% (cumulative 0.0%)
completed cycles / episode  : 0.000
synthetic task reward       : 3700.000
shaping reward              : 646.382
learning reward             : 4346.382
episode length              : 314.8
abstract changes / episode  : 41.3
same abstract-state steps   : 86.9%
same-state shaping / episode: 0.000
changed-state shaping / ep. : 646.382
terminal shaping / episode  : 34.651
DFA transitions / episode   : 1.40
DFA transitions in window   : 1->2: 56, 2->3: 47, 3->4: 37
epsilon (next episode)       : 0.06078
replay buffer                : 300000 samples [1: 36.9%, 2: 27.7%, 3: 35.3%, 4: 0.0%]
DFA state visits in window   : 1: 15195, 2: 8121, 3: 8222, 4: 37
DFA state visits cumulative  : 1: 983785, 2: 714430, 3: 698009, 4: 1235
DFA state entries in window  : 1: 100, 2: 56, 3: 47, 4: 37
DFA state entries cumulative : 1: 7000, 2: 4720, 3: 3041, 4: 1235
transitions cumulative       : 1->2: 4720, 2->3: 3041, 3->4: 1235
accepted directly from s0    : 0
Gym endings cumulative       : terminated=6696, truncated=304

Starting autonomous greedy evaluation at episode 7000 (1000 fixed-seed episodes)...
[Greedy evaluation at episode 7000 | 1000 fixed-seed episodes]
success=42.2%, failure=0.0%, task reward=4220.000, length=335.3
DFA transitions: 1->2: 607, 2->3: 510, 3->4: 422

[Episode 7100/8000 | last 100]
success rate                : 32.0% (cumulative 17.8%)
failure rate                : 0.0% (cumulative 0.0%)
completed cycles / episode  : 0.000
synthetic task reward       : 3200.000
shaping reward              : 661.507
learning reward             : 3861.507
episode length              : 284.6
abstract changes / episode  : 38.0
same abstract-state steps   : 86.6%
same-state shaping / episode: 0.000
changed-state shaping / ep. : 661.507
terminal shaping / episode  : 28.739
DFA transitions / episode   : 1.26
DFA transitions in window   : 1->2: 54, 2->3: 40, 3->4: 32
epsilon (next episode)       : 0.05839
replay buffer                : 300000 samples [1: 37.0%, 2: 28.4%, 3: 34.6%, 4: 0.0%]
DFA state visits in window   : 1: 13562, 2: 7524, 3: 7439, 4: 32
DFA state visits cumulative  : 1: 997347, 2: 721954, 3: 705448, 4: 1267
DFA state entries in window  : 1: 100, 2: 54, 3: 40, 4: 32
DFA state entries cumulative : 1: 7100, 2: 4774, 3: 3081, 4: 1267
transitions cumulative       : 1->2: 4774, 2->3: 3081, 3->4: 1267
accepted directly from s0    : 0
Gym endings cumulative       : terminated=6796, truncated=304

[Episode 7200/8000 | last 100]
success rate                : 65.0% (cumulative 18.5%)
failure rate                : 0.0% (cumulative 0.0%)
completed cycles / episode  : 0.000
synthetic task reward       : 6500.000
shaping reward              : 1211.269
learning reward             : 7711.269
episode length              : 456.6
abstract changes / episode  : 47.4
same abstract-state steps   : 89.6%
same-state shaping / episode: 0.000
changed-state shaping / ep. : 1211.269
terminal shaping / episode  : 61.857
DFA transitions / episode   : 2.09
DFA transitions in window   : 1->2: 74, 2->3: 70, 3->4: 65
epsilon (next episode)       : 0.05610
replay buffer                : 300000 samples [1: 37.1%, 2: 28.6%, 3: 34.3%, 4: 0.0%]
DFA state visits in window   : 1: 17217, 2: 13256, 3: 15223, 4: 65
DFA state visits cumulative  : 1: 1014564, 2: 735210, 3: 720671, 4: 1332
DFA state entries in window  : 1: 100, 2: 74, 3: 70, 4: 65
DFA state entries cumulative : 1: 7200, 2: 4848, 3: 3151, 4: 1332
transitions cumulative       : 1->2: 4848, 2->3: 3151, 3->4: 1332
accepted directly from s0    : 0
Gym endings cumulative       : terminated=6895, truncated=305

[Episode 7300/8000 | last 100]
success rate                : 65.0% (cumulative 19.1%)
failure rate                : 0.0% (cumulative 0.0%)
completed cycles / episode  : 0.000
synthetic task reward       : 6500.000
shaping reward              : 1263.479
learning reward             : 7763.479
episode length              : 452.0
abstract changes / episode  : 45.6
same abstract-state steps   : 89.9%
same-state shaping / episode: 0.000
changed-state shaping / ep. : 1263.479
terminal shaping / episode  : 62.413
DFA transitions / episode   : 2.17
DFA transitions in window   : 1->2: 81, 2->3: 71, 3->4: 65
epsilon (next episode)       : 0.05390
replay buffer                : 300000 samples [1: 38.9%, 2: 28.1%, 3: 33.0%, 4: 0.0%]
DFA state visits in window   : 1: 19827, 2: 12259, 3: 13147, 4: 65
DFA state visits cumulative  : 1: 1034391, 2: 747469, 3: 733818, 4: 1397
DFA state entries in window  : 1: 100, 2: 81, 3: 71, 4: 65
DFA state entries cumulative : 1: 7300, 2: 4929, 3: 3222, 4: 1397
transitions cumulative       : 1->2: 4929, 2->3: 3222, 3->4: 1397
accepted directly from s0    : 0
Gym endings cumulative       : terminated=6993, truncated=307

[Episode 7400/8000 | last 100]
success rate                : 65.0% (cumulative 19.8%)
failure rate                : 0.0% (cumulative 0.0%)
completed cycles / episode  : 0.000
synthetic task reward       : 6500.000
shaping reward              : 1421.623
learning reward             : 7921.623
episode length              : 423.0
abstract changes / episode  : 42.1
same abstract-state steps   : 90.0%
same-state shaping / episode: 0.000
changed-state shaping / ep. : 1421.623
terminal shaping / episode  : 62.643
DFA transitions / episode   : 2.32
DFA transitions in window   : 1->2: 85, 2->3: 82, 3->4: 65
epsilon (next episode)       : 0.05179
replay buffer                : 300000 samples [1: 39.2%, 2: 27.6%, 3: 33.2%, 4: 0.0%]
DFA state visits in window   : 1: 16618, 2: 8987, 3: 16733, 4: 65
DFA state visits cumulative  : 1: 1051009, 2: 756456, 3: 750551, 4: 1462
DFA state entries in window  : 1: 100, 2: 85, 3: 82, 4: 65
DFA state entries cumulative : 1: 7400, 2: 5014, 3: 3304, 4: 1462
transitions cumulative       : 1->2: 5014, 2->3: 3304, 3->4: 1462
accepted directly from s0    : 0
Gym endings cumulative       : terminated=7093, truncated=307

[Episode 7500/8000 | last 100]
success rate                : 60.0% (cumulative 20.3%)
failure rate                : 0.0% (cumulative 0.0%)
completed cycles / episode  : 0.000
synthetic task reward       : 6000.000
shaping reward              : 1307.888
learning reward             : 7307.888
episode length              : 428.4
abstract changes / episode  : 42.0
same abstract-state steps   : 90.2%
same-state shaping / episode: 0.000
changed-state shaping / ep. : 1307.888
terminal shaping / episode  : 59.222
DFA transitions / episode   : 2.24
DFA transitions in window   : 1->2: 84, 2->3: 80, 3->4: 60
epsilon (next episode)       : 0.04976
replay buffer                : 300000 samples [1: 41.1%, 2: 26.9%, 3: 31.9%, 4: 0.0%]
DFA state visits in window   : 1: 16973, 2: 10710, 3: 15197, 4: 60
DFA state visits cumulative  : 1: 1067982, 2: 767166, 3: 765748, 4: 1522
DFA state entries in window  : 1: 100, 2: 84, 3: 80, 4: 60
DFA state entries cumulative : 1: 7500, 2: 5098, 3: 3384, 4: 1522
transitions cumulative       : 1->2: 5098, 2->3: 3384, 3->4: 1522
accepted directly from s0    : 0
Gym endings cumulative       : terminated=7188, truncated=312

Starting autonomous greedy evaluation at episode 7500 (1000 fixed-seed episodes)...
[Greedy evaluation at episode 7500 | 1000 fixed-seed episodes]
success=77.6%, failure=0.0%, task reward=7760.000, length=474.9
DFA transitions: 1->2: 894, 2->3: 869, 3->4: 776

[Episode 7600/8000 | last 100]
success rate                : 84.0% (cumulative 21.1%)
failure rate                : 0.0% (cumulative 0.0%)
completed cycles / episode  : 0.000
synthetic task reward       : 8400.000
shaping reward              : 1642.786
learning reward             : 10042.786
episode length              : 501.6
abstract changes / episode  : 42.7
same abstract-state steps   : 91.5%
same-state shaping / episode: 0.000
changed-state shaping / ep. : 1642.786
terminal shaping / episode  : 84.000
DFA transitions / episode   : 2.64
DFA transitions in window   : 1->2: 90, 2->3: 90, 3->4: 84
epsilon (next episode)       : 0.04781
replay buffer                : 300000 samples [1: 41.5%, 2: 25.6%, 3: 32.9%, 4: 0.0%]
DFA state visits in window   : 1: 18349, 2: 13066, 3: 18764, 4: 84
DFA state visits cumulative  : 1: 1086331, 2: 780232, 3: 784512, 4: 1606
DFA state entries in window  : 1: 100, 2: 90, 3: 90, 4: 84
DFA state entries cumulative : 1: 7600, 2: 5188, 3: 3474, 4: 1606
transitions cumulative       : 1->2: 5188, 2->3: 3474, 3->4: 1606
accepted directly from s0    : 0
Gym endings cumulative       : terminated=7281, truncated=319

[Episode 7700/8000 | last 100]
success rate                : 74.0% (cumulative 21.8%)
failure rate                : 0.0% (cumulative 0.0%)
completed cycles / episode  : 0.000
synthetic task reward       : 7400.000
shaping reward              : 1371.591
learning reward             : 8771.591
episode length              : 459.3
abstract changes / episode  : 46.7
same abstract-state steps   : 89.8%
same-state shaping / episode: 0.000
changed-state shaping / ep. : 1371.591
terminal shaping / episode  : 73.214
DFA transitions / episode   : 2.33
DFA transitions in window   : 1->2: 82, 2->3: 77, 3->4: 74
epsilon (next episode)       : 0.04593
replay buffer                : 300000 samples [1: 40.8%, 2: 25.1%, 3: 34.1%, 4: 0.0%]
DFA state visits in window   : 1: 20377, 2: 9685, 3: 15895, 4: 74
DFA state visits cumulative  : 1: 1106708, 2: 789917, 3: 800407, 4: 1680
DFA state entries in window  : 1: 100, 2: 82, 3: 77, 4: 74
DFA state entries cumulative : 1: 7700, 2: 5270, 3: 3551, 4: 1680
transitions cumulative       : 1->2: 5270, 2->3: 3551, 3->4: 1680
accepted directly from s0    : 0
Gym endings cumulative       : terminated=7378, truncated=322

[Episode 7800/8000 | last 100]
success rate                : 37.0% (cumulative 22.0%)
failure rate                : 0.0% (cumulative 0.0%)
completed cycles / episode  : 0.000
synthetic task reward       : 3700.000
shaping reward              : 675.658
learning reward             : 4375.658
episode length              : 349.7
abstract changes / episode  : 41.4
same abstract-state steps   : 88.2%
same-state shaping / episode: 0.000
changed-state shaping / ep. : 675.658
terminal shaping / episode  : 37.000
DFA transitions / episode   : 1.35
DFA transitions in window   : 1->2: 56, 2->3: 42, 3->4: 37
epsilon (next episode)       : 0.04413
replay buffer                : 300000 samples [1: 42.5%, 2: 24.0%, 3: 33.5%, 4: 0.0%]
DFA state visits in window   : 1: 20593, 2: 6546, 3: 7892, 4: 37
DFA state visits cumulative  : 1: 1127301, 2: 796463, 3: 808299, 4: 1717
DFA state entries in window  : 1: 100, 2: 56, 3: 42, 4: 37
DFA state entries cumulative : 1: 7800, 2: 5326, 3: 3593, 4: 1717
transitions cumulative       : 1->2: 5326, 2->3: 3593, 3->4: 1717
accepted directly from s0    : 0
Gym endings cumulative       : terminated=7478, truncated=322

[Episode 7900/8000 | last 100]
success rate                : 43.0% (cumulative 22.3%)
failure rate                : 0.0% (cumulative 0.0%)
completed cycles / episode  : 0.000
synthetic task reward       : 4300.000
shaping reward              : 705.094
learning reward             : 5005.094
episode length              : 317.1
abstract changes / episode  : 36.0
same abstract-state steps   : 88.6%
same-state shaping / episode: 0.000
changed-state shaping / ep. : 705.094
terminal shaping / episode  : 39.817
DFA transitions / episode   : 1.41
DFA transitions in window   : 1->2: 53, 2->3: 45, 3->4: 43
epsilon (next episode)       : 0.04240
replay buffer                : 300000 samples [1: 43.9%, 2: 23.2%, 3: 32.9%, 4: 0.0%]
DFA state visits in window   : 1: 16976, 2: 6310, 3: 8484, 4: 43
DFA state visits cumulative  : 1: 1144277, 2: 802773, 3: 816783, 4: 1760
DFA state entries in window  : 1: 100, 2: 53, 3: 45, 4: 43
DFA state entries cumulative : 1: 7900, 2: 5379, 3: 3638, 4: 1760
transitions cumulative       : 1->2: 5379, 2->3: 3638, 3->4: 1760
accepted directly from s0    : 0
Gym endings cumulative       : terminated=7578, truncated=322

[Episode 8000/8000 | last 100]
success rate                : 47.0% (cumulative 22.6%)
failure rate                : 0.0% (cumulative 0.0%)
completed cycles / episode  : 0.000
synthetic task reward       : 4700.000
shaping reward              : 1016.138
learning reward             : 5716.138
episode length              : 376.0
abstract changes / episode  : 41.4
same abstract-state steps   : 89.0%
same-state shaping / episode: 0.000
changed-state shaping / ep. : 1016.138
terminal shaping / episode  : 44.452
DFA transitions / episode   : 1.80
DFA transitions in window   : 1->2: 75, 2->3: 58, 3->4: 47
epsilon (next episode)       : 0.04074
replay buffer                : 300000 samples [1: 43.4%, 2: 23.3%, 3: 33.3%, 4: 0.0%]
DFA state visits in window   : 1: 13750, 2: 11572, 3: 12327, 4: 47
DFA state visits cumulative  : 1: 1158027, 2: 814345, 3: 829110, 4: 1807
DFA state entries in window  : 1: 100, 2: 75, 3: 58, 4: 47
DFA state entries cumulative : 1: 8000, 2: 5454, 3: 3696, 4: 1807
transitions cumulative       : 1->2: 5454, 2->3: 3696, 3->4: 1807
accepted directly from s0    : 0
Gym endings cumulative       : terminated=7676, truncated=324

Starting autonomous greedy evaluation at episode 8000 (1000 fixed-seed episodes)...
[Greedy evaluation at episode 8000 | 1000 fixed-seed episodes]
success=76.7%, failure=0.0%, task reward=7670.000, length=500.8
DFA transitions: 1->2: 852, 2->3: 811, 3->4: 767
Last policy saved after episode 8000. Best greedy evaluation: episode 5000, mean task reward=9550.000
