
=== NEW RUN ===
episodes=8000, shaping=True, goal_reward=10000.0, gamma=0.99
gamma_shaping=1.0, shaping_formula=gamma_shaping*Phi(next)-Phi(state)
ground_unbiased_learner=False
eval_interval=500, eval_episodes=1000, eval_seed=100000
inter_level_shaping=False, inter_level_formula=gamma*Phi(next)-Phi(state)
task_type=ltlf, task=F(wp1 & X(F(wp2 & X(F(g1)))))
regions={wp1: {'center': [-0.75, 1.0625], 'radius': 0.1}, wp2: {'center': [0, 0.8125], 'radius': 0.1}, g1: {'center': [0.75, 1.0625], 'radius': 0.1}}
dfa_states=[1, 2, 3, 4], pre_trace=1, accepting=[4], failure=[]

[Episode 1/8000 | last 1]
success rate                : 0.0% (cumulative 0.0%)
failure rate                : 0.0% (cumulative 0.0%)
completed cycles / episode  : 0.000
synthetic task reward       : 0.000
shaping reward              : -781.553
learning reward             : -781.553
episode length              : 103.0
abstract changes / episode  : 86.0
same abstract-state steps   : 16.5%
same-state shaping / episode: 0.000
changed-state shaping / ep. : -781.553
terminal shaping / episode  : -9.331
DFA transitions / episode   : 0.00
DFA transitions in window   : none
epsilon (next episode)       : 0.99960
replay buffer                : 103 samples [1: 100.0%, 2: 0.0%, 3: 0.0%, 4: 0.0%]
DFA state visits in window   : 1: 104, 2: 0, 3: 0, 4: 0
DFA state visits cumulative  : 1: 104, 2: 0, 3: 0, 4: 0
DFA state entries in window  : 1: 1, 2: 0, 3: 0, 4: 0
DFA state entries cumulative : 1: 1, 2: 0, 3: 0, 4: 0
transitions cumulative       : none
accepted directly from s0    : 0
Gym endings cumulative       : terminated=1, truncated=0

[Episode 100/8000 | last 100]
success rate                : 0.0% (cumulative 0.0%)
failure rate                : 0.0% (cumulative 0.0%)
completed cycles / episode  : 0.000
synthetic task reward       : 0.000
shaping reward              : -792.089
learning reward             : -792.089
episode length              : 91.8
abstract changes / episode  : 82.5
same abstract-state steps   : 10.1%
same-state shaping / episode: 0.000
changed-state shaping / ep. : -792.089
terminal shaping / episode  : -6.177
DFA transitions / episode   : 0.00
DFA transitions in window   : none
epsilon (next episode)       : 0.96078
replay buffer                : 9180 samples [1: 100.0%, 2: 0.0%, 3: 0.0%, 4: 0.0%]
DFA state visits in window   : 1: 9280, 2: 0, 3: 0, 4: 0
DFA state visits cumulative  : 1: 9280, 2: 0, 3: 0, 4: 0
DFA state entries in window  : 1: 100, 2: 0, 3: 0, 4: 0
DFA state entries cumulative : 1: 100, 2: 0, 3: 0, 4: 0
transitions cumulative       : none
accepted directly from s0    : 0
Gym endings cumulative       : terminated=100, truncated=0

[Episode 200/8000 | last 100]
success rate                : 0.0% (cumulative 0.0%)
failure rate                : 0.0% (cumulative 0.0%)
completed cycles / episode  : 0.000
synthetic task reward       : 0.000
shaping reward              : -739.157
learning reward             : -739.157
episode length              : 99.4
abstract changes / episode  : 82.4
same abstract-state steps   : 17.1%
same-state shaping / episode: 0.000
changed-state shaping / ep. : -739.157
terminal shaping / episode  : -6.861
DFA transitions / episode   : 0.03
DFA transitions in window   : 1->2: 3
epsilon (next episode)       : 0.92310
replay buffer                : 19116 samples [1: 99.7%, 2: 0.3%, 3: 0.0%, 4: 0.0%]
DFA state visits in window   : 1: 9970, 2: 66, 3: 0, 4: 0
DFA state visits cumulative  : 1: 19250, 2: 66, 3: 0, 4: 0
DFA state entries in window  : 1: 100, 2: 3, 3: 0, 4: 0
DFA state entries cumulative : 1: 200, 2: 3, 3: 0, 4: 0
transitions cumulative       : 1->2: 3
accepted directly from s0    : 0
Gym endings cumulative       : terminated=199, truncated=1

[Episode 300/8000 | last 100]
success rate                : 0.0% (cumulative 0.0%)
failure rate                : 0.0% (cumulative 0.0%)
completed cycles / episode  : 0.000
synthetic task reward       : 0.000
shaping reward              : -721.677
learning reward             : -721.677
episode length              : 94.9
abstract changes / episode  : 84.5
same abstract-state steps   : 10.9%
same-state shaping / episode: 0.000
changed-state shaping / ep. : -721.677
terminal shaping / episode  : -6.080
DFA transitions / episode   : 0.02
DFA transitions in window   : 1->2: 2
epsilon (next episode)       : 0.88690
replay buffer                : 28610 samples [1: 99.6%, 2: 0.4%, 3: 0.0%, 4: 0.0%]
DFA state visits in window   : 1: 9552, 2: 42, 3: 0, 4: 0
DFA state visits cumulative  : 1: 28802, 2: 108, 3: 0, 4: 0
DFA state entries in window  : 1: 100, 2: 2, 3: 0, 4: 0
DFA state entries cumulative : 1: 300, 2: 5, 3: 0, 4: 0
transitions cumulative       : 1->2: 5
accepted directly from s0    : 0
Gym endings cumulative       : terminated=299, truncated=1

[Episode 400/8000 | last 100]
success rate                : 0.0% (cumulative 0.0%)
failure rate                : 0.0% (cumulative 0.0%)
completed cycles / episode  : 0.000
synthetic task reward       : 0.000
shaping reward              : -696.622
learning reward             : -696.622
episode length              : 111.5
abstract changes / episode  : 90.4
same abstract-state steps   : 18.9%
same-state shaping / episode: 0.000
changed-state shaping / ep. : -696.622
terminal shaping / episode  : -7.454
DFA transitions / episode   : 0.04
DFA transitions in window   : 1->2: 4
epsilon (next episode)       : 0.85212
replay buffer                : 39763 samples [1: 99.4%, 2: 0.6%, 3: 0.0%, 4: 0.0%]
DFA state visits in window   : 1: 11128, 2: 125, 3: 0, 4: 0
DFA state visits cumulative  : 1: 39930, 2: 233, 3: 0, 4: 0
DFA state entries in window  : 1: 100, 2: 4, 3: 0, 4: 0
DFA state entries cumulative : 1: 400, 2: 9, 3: 0, 4: 0
transitions cumulative       : 1->2: 9
accepted directly from s0    : 0
Gym endings cumulative       : terminated=398, truncated=2

[Episode 500/8000 | last 100]
success rate                : 0.0% (cumulative 0.0%)
failure rate                : 0.0% (cumulative 0.0%)
completed cycles / episode  : 0.000
synthetic task reward       : 0.000
shaping reward              : -700.558
learning reward             : -700.558
episode length              : 102.7
abstract changes / episode  : 89.9
same abstract-state steps   : 12.4%
same-state shaping / episode: 0.000
changed-state shaping / ep. : -700.558
terminal shaping / episode  : -7.549
DFA transitions / episode   : 0.04
DFA transitions in window   : 1->2: 4
epsilon (next episode)       : 0.81870
replay buffer                : 50030 samples [1: 99.3%, 2: 0.7%, 3: 0.0%, 4: 0.0%]
DFA state visits in window   : 1: 10251, 2: 116, 3: 0, 4: 0
DFA state visits cumulative  : 1: 50181, 2: 349, 3: 0, 4: 0
DFA state entries in window  : 1: 100, 2: 4, 3: 0, 4: 0
DFA state entries cumulative : 1: 500, 2: 13, 3: 0, 4: 0
transitions cumulative       : 1->2: 13
accepted directly from s0    : 0
Gym endings cumulative       : terminated=498, truncated=2

Starting autonomous greedy evaluation at episode 500 (1000 fixed-seed episodes)...
[Greedy evaluation at episode 500 | 1000 fixed-seed episodes]
success=0.0%, failure=0.0%, task reward=0.000, length=200.3
DFA transitions: none
Best policy updated from autonomous greedy evaluation at episode 500.

[Episode 600/8000 | last 100]
success rate                : 0.0% (cumulative 0.0%)
failure rate                : 0.0% (cumulative 0.0%)
completed cycles / episode  : 0.000
synthetic task reward       : 0.000
shaping reward              : -673.279
learning reward             : -673.279
episode length              : 103.3
abstract changes / episode  : 92.5
same abstract-state steps   : 10.4%
same-state shaping / episode: 0.000
changed-state shaping / ep. : -673.279
terminal shaping / episode  : -6.698
DFA transitions / episode   : 0.06
DFA transitions in window   : 1->2: 6
epsilon (next episode)       : 0.78659
replay buffer                : 60359 samples [1: 99.2%, 2: 0.8%, 3: 0.0%, 4: 0.0%]
DFA state visits in window   : 1: 10269, 2: 160, 3: 0, 4: 0
DFA state visits cumulative  : 1: 60450, 2: 509, 3: 0, 4: 0
DFA state entries in window  : 1: 100, 2: 6, 3: 0, 4: 0
DFA state entries cumulative : 1: 600, 2: 19, 3: 0, 4: 0
transitions cumulative       : 1->2: 19
accepted directly from s0    : 0
Gym endings cumulative       : terminated=598, truncated=2

[Episode 700/8000 | last 100]
success rate                : 0.0% (cumulative 0.0%)
failure rate                : 0.0% (cumulative 0.0%)
completed cycles / episode  : 0.000
synthetic task reward       : 0.000
shaping reward              : -714.273
learning reward             : -714.273
episode length              : 105.9
abstract changes / episode  : 94.6
same abstract-state steps   : 10.7%
same-state shaping / episode: 0.000
changed-state shaping / ep. : -714.273
terminal shaping / episode  : -8.978
DFA transitions / episode   : 0.00
DFA transitions in window   : none
epsilon (next episode)       : 0.75574
replay buffer                : 70947 samples [1: 99.3%, 2: 0.7%, 3: 0.0%, 4: 0.0%]
DFA state visits in window   : 1: 10688, 2: 0, 3: 0, 4: 0
DFA state visits cumulative  : 1: 71138, 2: 509, 3: 0, 4: 0
DFA state entries in window  : 1: 100, 2: 0, 3: 0, 4: 0
DFA state entries cumulative : 1: 700, 2: 19, 3: 0, 4: 0
transitions cumulative       : 1->2: 19
accepted directly from s0    : 0
Gym endings cumulative       : terminated=698, truncated=2

[Episode 800/8000 | last 100]
success rate                : 0.0% (cumulative 0.0%)
failure rate                : 0.0% (cumulative 0.0%)
completed cycles / episode  : 0.000
synthetic task reward       : 0.000
shaping reward              : -657.703
learning reward             : -657.703
episode length              : 111.1
abstract changes / episode  : 98.2
same abstract-state steps   : 11.7%
same-state shaping / episode: 0.000
changed-state shaping / ep. : -657.703
terminal shaping / episode  : -11.827
DFA transitions / episode   : 0.02
DFA transitions in window   : 1->2: 2
epsilon (next episode)       : 0.72610
replay buffer                : 82061 samples [1: 99.3%, 2: 0.7%, 3: 0.0%, 4: 0.0%]
DFA state visits in window   : 1: 11163, 2: 51, 3: 0, 4: 0
DFA state visits cumulative  : 1: 82301, 2: 560, 3: 0, 4: 0
DFA state entries in window  : 1: 100, 2: 2, 3: 0, 4: 0
DFA state entries cumulative : 1: 800, 2: 21, 3: 0, 4: 0
transitions cumulative       : 1->2: 21
accepted directly from s0    : 0
Gym endings cumulative       : terminated=798, truncated=2

[Episode 900/8000 | last 100]
success rate                : 0.0% (cumulative 0.0%)
failure rate                : 0.0% (cumulative 0.0%)
completed cycles / episode  : 0.000
synthetic task reward       : 0.000
shaping reward              : -636.422
learning reward             : -636.422
episode length              : 111.8
abstract changes / episode  : 99.6
same abstract-state steps   : 10.9%
same-state shaping / episode: 0.000
changed-state shaping / ep. : -636.422
terminal shaping / episode  : -10.340
DFA transitions / episode   : 0.05
DFA transitions in window   : 1->2: 5
epsilon (next episode)       : 0.69763
replay buffer                : 93239 samples [1: 99.3%, 2: 0.7%, 3: 0.0%, 4: 0.0%]
DFA state visits in window   : 1: 11175, 2: 103, 3: 0, 4: 0
DFA state visits cumulative  : 1: 93476, 2: 663, 3: 0, 4: 0
DFA state entries in window  : 1: 100, 2: 5, 3: 0, 4: 0
DFA state entries cumulative : 1: 900, 2: 26, 3: 0, 4: 0
transitions cumulative       : 1->2: 26
accepted directly from s0    : 0
Gym endings cumulative       : terminated=898, truncated=2

[Episode 1000/8000 | last 100]
success rate                : 0.0% (cumulative 0.0%)
failure rate                : 0.0% (cumulative 0.0%)
completed cycles / episode  : 0.000
synthetic task reward       : 0.000
shaping reward              : -641.411
learning reward             : -641.411
episode length              : 119.4
abstract changes / episode  : 100.7
same abstract-state steps   : 15.7%
same-state shaping / episode: 0.000
changed-state shaping / ep. : -641.411
terminal shaping / episode  : -10.239
DFA transitions / episode   : 0.03
DFA transitions in window   : 1->2: 3
epsilon (next episode)       : 0.67027
replay buffer                : 105179 samples [1: 99.3%, 2: 0.7%, 3: 0.0%, 4: 0.0%]
DFA state visits in window   : 1: 11971, 2: 69, 3: 0, 4: 0
DFA state visits cumulative  : 1: 105447, 2: 732, 3: 0, 4: 0
DFA state entries in window  : 1: 100, 2: 3, 3: 0, 4: 0
DFA state entries cumulative : 1: 1000, 2: 29, 3: 0, 4: 0
transitions cumulative       : 1->2: 29
accepted directly from s0    : 0
Gym endings cumulative       : terminated=997, truncated=3

Starting autonomous greedy evaluation at episode 1000 (1000 fixed-seed episodes)...
[Greedy evaluation at episode 1000 | 1000 fixed-seed episodes]
success=0.0%, failure=0.0%, task reward=0.000, length=121.9
DFA transitions: 1->2: 1000
Best policy updated from autonomous greedy evaluation at episode 1000.

[Episode 1100/8000 | last 100]
success rate                : 0.0% (cumulative 0.0%)
failure rate                : 0.0% (cumulative 0.0%)
completed cycles / episode  : 0.000
synthetic task reward       : 0.000
shaping reward              : -601.842
learning reward             : -601.842
episode length              : 105.2
abstract changes / episode  : 95.5
same abstract-state steps   : 9.2%
same-state shaping / episode: 0.000
changed-state shaping / ep. : -601.842
terminal shaping / episode  : -12.369
DFA transitions / episode   : 0.06
DFA transitions in window   : 1->2: 6
epsilon (next episode)       : 0.64398
replay buffer                : 115698 samples [1: 99.3%, 2: 0.7%, 3: 0.0%, 4: 0.0%]
DFA state visits in window   : 1: 10500, 2: 119, 3: 0, 4: 0
DFA state visits cumulative  : 1: 115947, 2: 851, 3: 0, 4: 0
DFA state entries in window  : 1: 100, 2: 6, 3: 0, 4: 0
DFA state entries cumulative : 1: 1100, 2: 35, 3: 0, 4: 0
transitions cumulative       : 1->2: 35
accepted directly from s0    : 0
Gym endings cumulative       : terminated=1097, truncated=3

[Episode 1200/8000 | last 100]
success rate                : 0.0% (cumulative 0.0%)
failure rate                : 0.0% (cumulative 0.0%)
completed cycles / episode  : 0.000
synthetic task reward       : 0.000
shaping reward              : -696.229
learning reward             : -696.229
episode length              : 107.1
abstract changes / episode  : 99.0
same abstract-state steps   : 7.6%
same-state shaping / episode: 0.000
changed-state shaping / ep. : -696.229
terminal shaping / episode  : -10.809
DFA transitions / episode   : 0.00
DFA transitions in window   : none
epsilon (next episode)       : 0.61872
replay buffer                : 126412 samples [1: 99.4%, 2: 0.6%, 3: 0.0%, 4: 0.0%]
DFA state visits in window   : 1: 10814, 2: 0, 3: 0, 4: 0
DFA state visits cumulative  : 1: 126761, 2: 851, 3: 0, 4: 0
DFA state entries in window  : 1: 100, 2: 0, 3: 0, 4: 0
DFA state entries cumulative : 1: 1200, 2: 35, 3: 0, 4: 0
transitions cumulative       : 1->2: 35
accepted directly from s0    : 0
Gym endings cumulative       : terminated=1197, truncated=3

[Episode 1300/8000 | last 100]
success rate                : 0.0% (cumulative 0.0%)
failure rate                : 0.0% (cumulative 0.0%)
completed cycles / episode  : 0.000
synthetic task reward       : 0.000
shaping reward              : -663.074
learning reward             : -663.074
episode length              : 116.8
abstract changes / episode  : 102.8
same abstract-state steps   : 12.0%
same-state shaping / episode: 0.000
changed-state shaping / ep. : -663.074
terminal shaping / episode  : -10.029
DFA transitions / episode   : 0.00
DFA transitions in window   : none
epsilon (next episode)       : 0.59446
replay buffer                : 138092 samples [1: 99.4%, 2: 0.6%, 3: 0.0%, 4: 0.0%]
DFA state visits in window   : 1: 11780, 2: 0, 3: 0, 4: 0
DFA state visits cumulative  : 1: 138541, 2: 851, 3: 0, 4: 0
DFA state entries in window  : 1: 100, 2: 0, 3: 0, 4: 0
DFA state entries cumulative : 1: 1300, 2: 35, 3: 0, 4: 0
transitions cumulative       : 1->2: 35
accepted directly from s0    : 0
Gym endings cumulative       : terminated=1297, truncated=3

[Episode 1400/8000 | last 100]
success rate                : 0.0% (cumulative 0.0%)
failure rate                : 0.0% (cumulative 0.0%)
completed cycles / episode  : 0.000
synthetic task reward       : 0.000
shaping reward              : -590.456
learning reward             : -590.456
episode length              : 133.4
abstract changes / episode  : 111.5
same abstract-state steps   : 16.5%
same-state shaping / episode: 0.000
changed-state shaping / ep. : -590.456
terminal shaping / episode  : -10.537
DFA transitions / episode   : 0.05
DFA transitions in window   : 1->2: 5
epsilon (next episode)       : 0.57115
replay buffer                : 151434 samples [1: 99.4%, 2: 0.6%, 3: 0.0%, 4: 0.0%]
DFA state visits in window   : 1: 13334, 2: 108, 3: 0, 4: 0
DFA state visits cumulative  : 1: 151875, 2: 959, 3: 0, 4: 0
DFA state entries in window  : 1: 100, 2: 5, 3: 0, 4: 0
DFA state entries cumulative : 1: 1400, 2: 40, 3: 0, 4: 0
transitions cumulative       : 1->2: 40
accepted directly from s0    : 0
Gym endings cumulative       : terminated=1396, truncated=4

[Episode 1500/8000 | last 100]
success rate                : 0.0% (cumulative 0.0%)
failure rate                : 0.0% (cumulative 0.0%)
completed cycles / episode  : 0.000
synthetic task reward       : 0.000
shaping reward              : -733.068
learning reward             : -733.068
episode length              : 129.4
abstract changes / episode  : 113.7
same abstract-state steps   : 12.1%
same-state shaping / episode: 0.000
changed-state shaping / ep. : -733.068
terminal shaping / episode  : -5.731
DFA transitions / episode   : 0.00
DFA transitions in window   : none
epsilon (next episode)       : 0.54875
replay buffer                : 164378 samples [1: 99.4%, 2: 0.6%, 3: 0.0%, 4: 0.0%]
DFA state visits in window   : 1: 13044, 2: 0, 3: 0, 4: 0
DFA state visits cumulative  : 1: 164919, 2: 959, 3: 0, 4: 0
DFA state entries in window  : 1: 100, 2: 0, 3: 0, 4: 0
DFA state entries cumulative : 1: 1500, 2: 40, 3: 0, 4: 0
transitions cumulative       : 1->2: 40
accepted directly from s0    : 0
Gym endings cumulative       : terminated=1496, truncated=4

Starting autonomous greedy evaluation at episode 1500 (1000 fixed-seed episodes)...
[Greedy evaluation at episode 1500 | 1000 fixed-seed episodes]
success=0.0%, failure=0.0%, task reward=0.000, length=322.4
DFA transitions: 1->2: 506

[Episode 1600/8000 | last 100]
success rate                : 0.0% (cumulative 0.0%)
failure rate                : 0.0% (cumulative 0.0%)
completed cycles / episode  : 0.000
synthetic task reward       : 0.000
shaping reward              : -761.200
learning reward             : -761.200
episode length              : 170.6
abstract changes / episode  : 130.1
same abstract-state steps   : 23.7%
same-state shaping / episode: 0.000
changed-state shaping / ep. : -761.200
terminal shaping / episode  : -2.636
DFA transitions / episode   : 0.00
DFA transitions in window   : none
epsilon (next episode)       : 0.52722
replay buffer                : 181434 samples [1: 99.5%, 2: 0.5%, 3: 0.0%, 4: 0.0%]
DFA state visits in window   : 1: 17156, 2: 0, 3: 0, 4: 0
DFA state visits cumulative  : 1: 182075, 2: 959, 3: 0, 4: 0
DFA state entries in window  : 1: 100, 2: 0, 3: 0, 4: 0
DFA state entries cumulative : 1: 1600, 2: 40, 3: 0, 4: 0
transitions cumulative       : 1->2: 40
accepted directly from s0    : 0
Gym endings cumulative       : terminated=1595, truncated=5

[Episode 1700/8000 | last 100]
success rate                : 0.0% (cumulative 0.0%)
failure rate                : 0.0% (cumulative 0.0%)
completed cycles / episode  : 0.000
synthetic task reward       : 0.000
shaping reward              : -705.133
learning reward             : -705.133
episode length              : 131.5
abstract changes / episode  : 109.2
same abstract-state steps   : 17.0%
same-state shaping / episode: 0.000
changed-state shaping / ep. : -705.133
terminal shaping / episode  : -4.718
DFA transitions / episode   : 0.00
DFA transitions in window   : none
epsilon (next episode)       : 0.50655
replay buffer                : 194588 samples [1: 99.5%, 2: 0.5%, 3: 0.0%, 4: 0.0%]
DFA state visits in window   : 1: 13254, 2: 0, 3: 0, 4: 0
DFA state visits cumulative  : 1: 195329, 2: 959, 3: 0, 4: 0
DFA state entries in window  : 1: 100, 2: 0, 3: 0, 4: 0
DFA state entries cumulative : 1: 1700, 2: 40, 3: 0, 4: 0
transitions cumulative       : 1->2: 40
accepted directly from s0    : 0
Gym endings cumulative       : terminated=1694, truncated=6

[Episode 1800/8000 | last 100]
success rate                : 0.0% (cumulative 0.0%)
failure rate                : 0.0% (cumulative 0.0%)
completed cycles / episode  : 0.000
synthetic task reward       : 0.000
shaping reward              : -774.058
learning reward             : -774.058
episode length              : 126.8
abstract changes / episode  : 105.7
same abstract-state steps   : 16.7%
same-state shaping / episode: 0.000
changed-state shaping / ep. : -774.058
terminal shaping / episode  : -3.235
DFA transitions / episode   : 0.00
DFA transitions in window   : none
epsilon (next episode)       : 0.48668
replay buffer                : 207272 samples [1: 99.6%, 2: 0.4%, 3: 0.0%, 4: 0.0%]
DFA state visits in window   : 1: 12784, 2: 0, 3: 0, 4: 0
DFA state visits cumulative  : 1: 208113, 2: 959, 3: 0, 4: 0
DFA state entries in window  : 1: 100, 2: 0, 3: 0, 4: 0
DFA state entries cumulative : 1: 1800, 2: 40, 3: 0, 4: 0
transitions cumulative       : 1->2: 40
accepted directly from s0    : 0
Gym endings cumulative       : terminated=1793, truncated=7

[Episode 1900/8000 | last 100]
success rate                : 0.0% (cumulative 0.0%)
failure rate                : 0.0% (cumulative 0.0%)
completed cycles / episode  : 0.000
synthetic task reward       : 0.000
shaping reward              : -575.724
learning reward             : -575.724
episode length              : 151.1
abstract changes / episode  : 118.3
same abstract-state steps   : 21.7%
same-state shaping / episode: 0.000
changed-state shaping / ep. : -575.724
terminal shaping / episode  : -5.724
DFA transitions / episode   : 0.07
DFA transitions in window   : 1->2: 7
epsilon (next episode)       : 0.46760
replay buffer                : 222386 samples [1: 99.5%, 2: 0.5%, 3: 0.0%, 4: 0.0%]
DFA state visits in window   : 1: 15055, 2: 159, 3: 0, 4: 0
DFA state visits cumulative  : 1: 223168, 2: 1118, 3: 0, 4: 0
DFA state entries in window  : 1: 100, 2: 7, 3: 0, 4: 0
DFA state entries cumulative : 1: 1900, 2: 47, 3: 0, 4: 0
transitions cumulative       : 1->2: 47
accepted directly from s0    : 0
Gym endings cumulative       : terminated=1891, truncated=9

[Episode 2000/8000 | last 100]
success rate                : 0.0% (cumulative 0.0%)
failure rate                : 0.0% (cumulative 0.0%)
completed cycles / episode  : 0.000
synthetic task reward       : 0.000
shaping reward              : -224.291
learning reward             : -224.291
episode length              : 125.3
abstract changes / episode  : 100.8
same abstract-state steps   : 19.5%
same-state shaping / episode: 0.000
changed-state shaping / ep. : -224.291
terminal shaping / episode  : -12.187
DFA transitions / episode   : 0.23
DFA transitions in window   : 1->2: 23
epsilon (next episode)       : 0.44926
replay buffer                : 234913 samples [1: 99.3%, 2: 0.7%, 3: 0.0%, 4: 0.0%]
DFA state visits in window   : 1: 12025, 2: 602, 3: 0, 4: 0
DFA state visits cumulative  : 1: 235193, 2: 1720, 3: 0, 4: 0
DFA state entries in window  : 1: 100, 2: 23, 3: 0, 4: 0
DFA state entries cumulative : 1: 2000, 2: 70, 3: 0, 4: 0
transitions cumulative       : 1->2: 70
accepted directly from s0    : 0
Gym endings cumulative       : terminated=1991, truncated=9

Starting autonomous greedy evaluation at episode 2000 (1000 fixed-seed episodes)...
[Greedy evaluation at episode 2000 | 1000 fixed-seed episodes]
success=0.0%, failure=0.0%, task reward=0.000, length=390.9
DFA transitions: 1->2: 198, 2->3: 1

[Episode 2100/8000 | last 100]
success rate                : 0.0% (cumulative 0.0%)
failure rate                : 0.0% (cumulative 0.0%)
completed cycles / episode  : 0.000
synthetic task reward       : 0.000
shaping reward              : -300.725
learning reward             : -300.725
episode length              : 164.3
abstract changes / episode  : 124.1
same abstract-state steps   : 24.5%
same-state shaping / episode: 0.000
changed-state shaping / ep. : -300.725
terminal shaping / episode  : -14.519
DFA transitions / episode   : 0.04
DFA transitions in window   : 1->2: 4
epsilon (next episode)       : 0.43164
replay buffer                : 251346 samples [1: 99.3%, 2: 0.7%, 3: 0.0%, 4: 0.0%]
DFA state visits in window   : 1: 16397, 2: 136, 3: 0, 4: 0
DFA state visits cumulative  : 1: 251590, 2: 1856, 3: 0, 4: 0
DFA state entries in window  : 1: 100, 2: 4, 3: 0, 4: 0
DFA state entries cumulative : 1: 2100, 2: 74, 3: 0, 4: 0
transitions cumulative       : 1->2: 74
accepted directly from s0    : 0
Gym endings cumulative       : terminated=2090, truncated=10

[Episode 2200/8000 | last 100]
success rate                : 0.0% (cumulative 0.0%)
failure rate                : 0.0% (cumulative 0.0%)
completed cycles / episode  : 0.000
synthetic task reward       : 0.000
shaping reward              : -110.353
learning reward             : -110.353
episode length              : 156.0
abstract changes / episode  : 124.5
same abstract-state steps   : 20.2%
same-state shaping / episode: 0.000
changed-state shaping / ep. : -110.353
terminal shaping / episode  : -14.314
DFA transitions / episode   : 0.09
DFA transitions in window   : 1->2: 9
epsilon (next episode)       : 0.41471
replay buffer                : 266950 samples [1: 99.3%, 2: 0.7%, 3: 0.0%, 4: 0.0%]
DFA state visits in window   : 1: 15495, 2: 209, 3: 0, 4: 0
DFA state visits cumulative  : 1: 267085, 2: 2065, 3: 0, 4: 0
DFA state entries in window  : 1: 100, 2: 9, 3: 0, 4: 0
DFA state entries cumulative : 1: 2200, 2: 83, 3: 0, 4: 0
transitions cumulative       : 1->2: 83
accepted directly from s0    : 0
Gym endings cumulative       : terminated=2190, truncated=10

[Episode 2300/8000 | last 100]
success rate                : 0.0% (cumulative 0.0%)
failure rate                : 0.0% (cumulative 0.0%)
completed cycles / episode  : 0.000
synthetic task reward       : 0.000
shaping reward              : 96.509
learning reward             : 96.509
episode length              : 128.3
abstract changes / episode  : 105.4
same abstract-state steps   : 17.8%
same-state shaping / episode: 0.000
changed-state shaping / ep. : 96.509
terminal shaping / episode  : -12.698
DFA transitions / episode   : 0.28
DFA transitions in window   : 1->2: 28
epsilon (next episode)       : 0.39845
replay buffer                : 279783 samples [1: 99.1%, 2: 0.9%, 3: 0.0%, 4: 0.0%]
DFA state visits in window   : 1: 12393, 2: 540, 3: 0, 4: 0
DFA state visits cumulative  : 1: 279478, 2: 2605, 3: 0, 4: 0
DFA state entries in window  : 1: 100, 2: 28, 3: 0, 4: 0
DFA state entries cumulative : 1: 2300, 2: 111, 3: 0, 4: 0
transitions cumulative       : 1->2: 111
accepted directly from s0    : 0
Gym endings cumulative       : terminated=2290, truncated=10

[Episode 2400/8000 | last 100]
success rate                : 0.0% (cumulative 0.0%)
failure rate                : 0.0% (cumulative 0.0%)
completed cycles / episode  : 0.000
synthetic task reward       : 0.000
shaping reward              : 156.481
learning reward             : 156.481
episode length              : 123.6
abstract changes / episode  : 104.9
same abstract-state steps   : 15.2%
same-state shaping / episode: 0.000
changed-state shaping / ep. : 156.481
terminal shaping / episode  : -15.427
DFA transitions / episode   : 0.25
DFA transitions in window   : 1->2: 25
epsilon (next episode)       : 0.38282
replay buffer                : 292146 samples [1: 99.0%, 2: 1.0%, 3: 0.0%, 4: 0.0%]
DFA state visits in window   : 1: 11956, 2: 507, 3: 0, 4: 0
DFA state visits cumulative  : 1: 291434, 2: 3112, 3: 0, 4: 0
DFA state entries in window  : 1: 100, 2: 25, 3: 0, 4: 0
DFA state entries cumulative : 1: 2400, 2: 136, 3: 0, 4: 0
transitions cumulative       : 1->2: 136
accepted directly from s0    : 0
Gym endings cumulative       : terminated=2390, truncated=10

[Episode 2500/8000 | last 100]
success rate                : 0.0% (cumulative 0.0%)
failure rate                : 0.0% (cumulative 0.0%)
completed cycles / episode  : 0.000
synthetic task reward       : 0.000
shaping reward              : 252.291
learning reward             : 252.291
episode length              : 140.8
abstract changes / episode  : 117.2
same abstract-state steps   : 16.7%
same-state shaping / episode: 0.000
changed-state shaping / ep. : 252.291
terminal shaping / episode  : -12.794
DFA transitions / episode   : 0.14
DFA transitions in window   : 1->2: 14
epsilon (next episode)       : 0.36781
replay buffer                : 300000 samples [1: 98.9%, 2: 1.1%, 3: 0.0%, 4: 0.0%]
DFA state visits in window   : 1: 13871, 2: 310, 3: 0, 4: 0
DFA state visits cumulative  : 1: 305305, 2: 3422, 3: 0, 4: 0
DFA state entries in window  : 1: 100, 2: 14, 3: 0, 4: 0
DFA state entries cumulative : 1: 2500, 2: 150, 3: 0, 4: 0
transitions cumulative       : 1->2: 150
accepted directly from s0    : 0
Gym endings cumulative       : terminated=2490, truncated=10

Starting autonomous greedy evaluation at episode 2500 (1000 fixed-seed episodes)...
[Greedy evaluation at episode 2500 | 1000 fixed-seed episodes]
success=0.0%, failure=0.0%, task reward=0.000, length=153.5
DFA transitions: 1->2: 776, 2->3: 1

[Episode 2600/8000 | last 100]
success rate                : 0.0% (cumulative 0.0%)
failure rate                : 0.0% (cumulative 0.0%)
completed cycles / episode  : 0.000
synthetic task reward       : 0.000
shaping reward              : 302.668
learning reward             : 302.668
episode length              : 186.8
abstract changes / episode  : 145.1
same abstract-state steps   : 22.3%
same-state shaping / episode: 0.000
changed-state shaping / ep. : 302.668
terminal shaping / episode  : -7.785
DFA transitions / episode   : 0.22
DFA transitions in window   : 1->2: 22
epsilon (next episode)       : 0.35338
replay buffer                : 300000 samples [1: 98.5%, 2: 1.5%, 3: 0.0%, 4: 0.0%]
DFA state visits in window   : 1: 17462, 2: 1323, 3: 0, 4: 0
DFA state visits cumulative  : 1: 322767, 2: 4745, 3: 0, 4: 0
DFA state entries in window  : 1: 100, 2: 22, 3: 0, 4: 0
DFA state entries cumulative : 1: 2600, 2: 172, 3: 0, 4: 0
transitions cumulative       : 1->2: 172
accepted directly from s0    : 0
Gym endings cumulative       : terminated=2589, truncated=11

[Episode 2700/8000 | last 100]
success rate                : 0.0% (cumulative 0.0%)
failure rate                : 0.0% (cumulative 0.0%)
completed cycles / episode  : 0.000
synthetic task reward       : 0.000
shaping reward              : 275.526
learning reward             : 275.526
episode length              : 159.8
abstract changes / episode  : 128.7
same abstract-state steps   : 19.5%
same-state shaping / episode: 0.000
changed-state shaping / ep. : 275.526
terminal shaping / episode  : -11.571
DFA transitions / episode   : 0.33
DFA transitions in window   : 1->2: 33
epsilon (next episode)       : 0.33952
replay buffer                : 300000 samples [1: 98.2%, 2: 1.8%, 3: 0.0%, 4: 0.0%]
DFA state visits in window   : 1: 14944, 2: 1137, 3: 0, 4: 0
DFA state visits cumulative  : 1: 337711, 2: 5882, 3: 0, 4: 0
DFA state entries in window  : 1: 100, 2: 33, 3: 0, 4: 0
DFA state entries cumulative : 1: 2700, 2: 205, 3: 0, 4: 0
transitions cumulative       : 1->2: 205
accepted directly from s0    : 0
Gym endings cumulative       : terminated=2689, truncated=11

[Episode 2800/8000 | last 100]
success rate                : 0.0% (cumulative 0.0%)
failure rate                : 0.0% (cumulative 0.0%)
completed cycles / episode  : 0.000
synthetic task reward       : 0.000
shaping reward              : 375.423
learning reward             : 375.423
episode length              : 144.5
abstract changes / episode  : 121.0
same abstract-state steps   : 16.3%
same-state shaping / episode: 0.000
changed-state shaping / ep. : 375.423
terminal shaping / episode  : -9.847
DFA transitions / episode   : 0.38
DFA transitions in window   : 1->2: 37, 2->3: 1
epsilon (next episode)       : 0.32621
replay buffer                : 300000 samples [1: 97.7%, 2: 2.3%, 3: 0.0%, 4: 0.0%]
DFA state visits in window   : 1: 12743, 2: 1770, 3: 38, 4: 0
DFA state visits cumulative  : 1: 350454, 2: 7652, 3: 38, 4: 0
DFA state entries in window  : 1: 100, 2: 37, 3: 1, 4: 0
DFA state entries cumulative : 1: 2800, 2: 242, 3: 1, 4: 0
transitions cumulative       : 1->2: 242, 2->3: 1
accepted directly from s0    : 0
Gym endings cumulative       : terminated=2789, truncated=11

[Episode 2900/8000 | last 100]
success rate                : 0.0% (cumulative 0.0%)
failure rate                : 0.0% (cumulative 0.0%)
completed cycles / episode  : 0.000
synthetic task reward       : 0.000
shaping reward              : 411.198
learning reward             : 411.198
episode length              : 267.6
abstract changes / episode  : 201.9
same abstract-state steps   : 24.6%
same-state shaping / episode: 0.000
changed-state shaping / ep. : 411.198
terminal shaping / episode  : -12.008
DFA transitions / episode   : 0.39
DFA transitions in window   : 1->2: 36, 2->3: 3
epsilon (next episode)       : 0.31341
replay buffer                : 300000 samples [1: 96.3%, 2: 3.7%, 3: 0.0%, 4: 0.0%]
DFA state visits in window   : 1: 22602, 2: 4184, 3: 75, 4: 0
DFA state visits cumulative  : 1: 373056, 2: 11836, 3: 113, 4: 0
DFA state entries in window  : 1: 100, 2: 36, 3: 3, 4: 0
DFA state entries cumulative : 1: 2900, 2: 278, 3: 4, 4: 0
transitions cumulative       : 1->2: 278, 2->3: 4
accepted directly from s0    : 0
Gym endings cumulative       : terminated=2888, truncated=12

[Episode 3000/8000 | last 100]
success rate                : 0.0% (cumulative 0.0%)
failure rate                : 0.0% (cumulative 0.0%)
completed cycles / episode  : 0.000
synthetic task reward       : 0.000
shaping reward              : 322.811
learning reward             : 322.811
episode length              : 292.7
abstract changes / episode  : 214.2
same abstract-state steps   : 26.8%
same-state shaping / episode: 0.000
changed-state shaping / ep. : 322.811
terminal shaping / episode  : -6.179
DFA transitions / episode   : 0.39
DFA transitions in window   : 1->2: 36, 2->3: 3
epsilon (next episode)       : 0.30112
replay buffer                : 300000 samples [1: 94.6%, 2: 5.3%, 3: 0.1%, 4: 0.0%]
DFA state visits in window   : 1: 24142, 2: 5105, 3: 126, 4: 0
DFA state visits cumulative  : 1: 397198, 2: 16941, 3: 239, 4: 0
DFA state entries in window  : 1: 100, 2: 36, 3: 3, 4: 0
DFA state entries cumulative : 1: 3000, 2: 314, 3: 7, 4: 0
transitions cumulative       : 1->2: 314, 2->3: 7
accepted directly from s0    : 0
Gym endings cumulative       : terminated=2984, truncated=16

Starting autonomous greedy evaluation at episode 3000 (1000 fixed-seed episodes)...
[Greedy evaluation at episode 3000 | 1000 fixed-seed episodes]
success=0.0%, failure=0.0%, task reward=0.000, length=257.3
DFA transitions: 1->2: 907, 2->3: 37

[Episode 3100/8000 | last 100]
success rate                : 0.0% (cumulative 0.0%)
failure rate                : 0.0% (cumulative 0.0%)
completed cycles / episode  : 0.000
synthetic task reward       : 0.000
shaping reward              : 486.488
learning reward             : 486.488
episode length              : 286.0
abstract changes / episode  : 230.0
same abstract-state steps   : 19.6%
same-state shaping / episode: 0.000
changed-state shaping / ep. : 486.488
terminal shaping / episode  : -10.440
DFA transitions / episode   : 0.56
DFA transitions in window   : 1->2: 47, 2->3: 9
epsilon (next episode)       : 0.28931
replay buffer                : 300000 samples [1: 92.6%, 2: 7.2%, 3: 0.2%, 4: 0.0%]
DFA state visits in window   : 1: 22556, 2: 5780, 3: 364, 4: 0
DFA state visits cumulative  : 1: 419754, 2: 22721, 3: 603, 4: 0
DFA state entries in window  : 1: 100, 2: 47, 3: 9, 4: 0
DFA state entries cumulative : 1: 3100, 2: 361, 3: 16, 4: 0
transitions cumulative       : 1->2: 361, 2->3: 16
accepted directly from s0    : 0
Gym endings cumulative       : terminated=3083, truncated=17

[Episode 3200/8000 | last 100]
success rate                : 0.0% (cumulative 0.0%)
failure rate                : 0.0% (cumulative 0.0%)
completed cycles / episode  : 0.000
synthetic task reward       : 0.000
shaping reward              : 833.427
learning reward             : 833.427
episode length              : 265.5
abstract changes / episode  : 200.4
same abstract-state steps   : 24.5%
same-state shaping / episode: 0.000
changed-state shaping / ep. : 833.427
terminal shaping / episode  : -13.886
DFA transitions / episode   : 0.66
DFA transitions in window   : 1->2: 53, 2->3: 13
epsilon (next episode)       : 0.27797
replay buffer                : 300000 samples [1: 90.4%, 2: 9.2%, 3: 0.4%, 4: 0.0%]
DFA state visits in window   : 1: 19939, 2: 6164, 3: 548, 4: 0
DFA state visits cumulative  : 1: 439693, 2: 28885, 3: 1151, 4: 0
DFA state entries in window  : 1: 100, 2: 53, 3: 13, 4: 0
DFA state entries cumulative : 1: 3200, 2: 414, 3: 29, 4: 0
transitions cumulative       : 1->2: 414, 2->3: 29
accepted directly from s0    : 0
Gym endings cumulative       : terminated=3182, truncated=18

[Episode 3300/8000 | last 100]
success rate                : 1.0% (cumulative 0.0%)
failure rate                : 0.0% (cumulative 0.0%)
completed cycles / episode  : 0.000
synthetic task reward       : 100.000
shaping reward              : 671.254
learning reward             : 771.254
episode length              : 296.7
abstract changes / episode  : 236.5
same abstract-state steps   : 20.3%
same-state shaping / episode: 0.000
changed-state shaping / ep. : 671.254
terminal shaping / episode  : -5.395
DFA transitions / episode   : 0.51
DFA transitions in window   : 1->2: 42, 2->3: 8, 3->4: 1
epsilon (next episode)       : 0.26706
replay buffer                : 300000 samples [1: 88.6%, 2: 10.8%, 3: 0.5%, 4: 0.0%]
DFA state visits in window   : 1: 24375, 2: 4973, 3: 419, 4: 1
DFA state visits cumulative  : 1: 464068, 2: 33858, 3: 1570, 4: 1
DFA state entries in window  : 1: 100, 2: 42, 3: 8, 4: 1
DFA state entries cumulative : 1: 3300, 2: 456, 3: 37, 4: 1
transitions cumulative       : 1->2: 456, 2->3: 37, 3->4: 1
accepted directly from s0    : 0
Gym endings cumulative       : terminated=3280, truncated=19

[Episode 3400/8000 | last 100]
success rate                : 0.0% (cumulative 0.0%)
failure rate                : 0.0% (cumulative 0.0%)
completed cycles / episode  : 0.000
synthetic task reward       : 0.000
shaping reward              : 627.079
learning reward             : 627.079
episode length              : 351.3
abstract changes / episode  : 282.8
same abstract-state steps   : 19.5%
same-state shaping / episode: 0.000
changed-state shaping / ep. : 627.079
terminal shaping / episode  : -8.025
DFA transitions / episode   : 0.59
DFA transitions in window   : 1->2: 51, 2->3: 8
epsilon (next episode)       : 0.25659
replay buffer                : 300000 samples [1: 86.1%, 2: 13.1%, 3: 0.7%, 4: 0.0%]
DFA state visits in window   : 1: 27126, 2: 7415, 3: 689, 4: 0
DFA state visits cumulative  : 1: 491194, 2: 41273, 3: 2259, 4: 1
DFA state entries in window  : 1: 100, 2: 51, 3: 8, 4: 0
DFA state entries cumulative : 1: 3400, 2: 507, 3: 45, 4: 1
transitions cumulative       : 1->2: 507, 2->3: 45, 3->4: 1
accepted directly from s0    : 0
Gym endings cumulative       : terminated=3378, truncated=21

[Episode 3500/8000 | last 100]
success rate                : 1.0% (cumulative 0.1%)
failure rate                : 0.0% (cumulative 0.0%)
completed cycles / episode  : 0.000
synthetic task reward       : 100.000
shaping reward              : 874.312
learning reward             : 974.312
episode length              : 348.1
abstract changes / episode  : 280.5
same abstract-state steps   : 19.4%
same-state shaping / episode: 0.000
changed-state shaping / ep. : 874.312
terminal shaping / episode  : -10.031
DFA transitions / episode   : 0.75
DFA transitions in window   : 1->2: 60, 2->3: 14, 3->4: 1
epsilon (next episode)       : 0.24653
replay buffer                : 300000 samples [1: 82.9%, 2: 15.9%, 3: 1.2%, 4: 0.0%]
DFA state visits in window   : 1: 24659, 2: 8922, 3: 1332, 4: 1
DFA state visits cumulative  : 1: 515853, 2: 50195, 3: 3591, 4: 2
DFA state entries in window  : 1: 100, 2: 60, 3: 14, 4: 1
DFA state entries cumulative : 1: 3500, 2: 567, 3: 59, 4: 2
transitions cumulative       : 1->2: 567, 2->3: 59, 3->4: 2
accepted directly from s0    : 0
Gym endings cumulative       : terminated=3475, truncated=23

Starting autonomous greedy evaluation at episode 3500 (1000 fixed-seed episodes)...
[Greedy evaluation at episode 3500 | 1000 fixed-seed episodes]
success=0.0%, failure=0.0%, task reward=0.000, length=807.5
DFA transitions: 1->2: 377, 2->3: 98

[Episode 3600/8000 | last 100]
success rate                : 4.0% (cumulative 0.2%)
failure rate                : 0.0% (cumulative 0.0%)
completed cycles / episode  : 0.000
synthetic task reward       : 400.000
shaping reward              : 1648.312
learning reward             : 2048.312
episode length              : 323.3
abstract changes / episode  : 264.7
same abstract-state steps   : 18.1%
same-state shaping / episode: 0.000
changed-state shaping / ep. : 1648.312
terminal shaping / episode  : -9.866
DFA transitions / episode   : 0.99
DFA transitions in window   : 1->2: 70, 2->3: 25, 3->4: 4
epsilon (next episode)       : 0.23686
replay buffer                : 300000 samples [1: 79.9%, 2: 18.5%, 3: 1.6%, 4: 0.0%]
DFA state visits in window   : 1: 22201, 2: 8927, 3: 1300, 4: 4
DFA state visits cumulative  : 1: 538054, 2: 59122, 3: 4891, 4: 6
DFA state entries in window  : 1: 100, 2: 70, 3: 25, 4: 4
DFA state entries cumulative : 1: 3600, 2: 637, 3: 84, 4: 6
transitions cumulative       : 1->2: 637, 2->3: 84, 3->4: 6
accepted directly from s0    : 0
Gym endings cumulative       : terminated=3571, truncated=23

[Episode 3700/8000 | last 100]
success rate                : 5.0% (cumulative 0.3%)
failure rate                : 0.0% (cumulative 0.0%)
completed cycles / episode  : 0.000
synthetic task reward       : 500.000
shaping reward              : 1663.602
learning reward             : 2163.602
episode length              : 317.3
abstract changes / episode  : 260.8
same abstract-state steps   : 17.8%
same-state shaping / episode: 0.000
changed-state shaping / ep. : 1663.602
terminal shaping / episode  : -7.249
DFA transitions / episode   : 0.93
DFA transitions in window   : 1->2: 64, 2->3: 24, 3->4: 5
epsilon (next episode)       : 0.22757
replay buffer                : 300000 samples [1: 77.5%, 2: 20.4%, 3: 2.1%, 4: 0.0%]
DFA state visits in window   : 1: 22906, 2: 7564, 3: 1359, 4: 5
DFA state visits cumulative  : 1: 560960, 2: 66686, 3: 6250, 4: 11
DFA state entries in window  : 1: 100, 2: 64, 3: 24, 4: 5
DFA state entries cumulative : 1: 3700, 2: 701, 3: 108, 4: 11
transitions cumulative       : 1->2: 701, 2->3: 108, 3->4: 11
accepted directly from s0    : 0
Gym endings cumulative       : terminated=3666, truncated=23

[Episode 3800/8000 | last 100]
success rate                : 6.0% (cumulative 0.4%)
failure rate                : 0.0% (cumulative 0.0%)
completed cycles / episode  : 0.000
synthetic task reward       : 600.000
shaping reward              : 2361.596
learning reward             : 2961.596
episode length              : 339.0
abstract changes / episode  : 282.4
same abstract-state steps   : 16.7%
same-state shaping / episode: 0.000
changed-state shaping / ep. : 2361.596
terminal shaping / episode  : -5.107
DFA transitions / episode   : 1.22
DFA transitions in window   : 1->2: 80, 2->3: 36, 3->4: 6
epsilon (next episode)       : 0.21865
replay buffer                : 300000 samples [1: 75.0%, 2: 21.9%, 3: 3.1%, 4: 0.0%]
DFA state visits in window   : 1: 22029, 2: 8784, 3: 3180, 4: 6
DFA state visits cumulative  : 1: 582989, 2: 75470, 3: 9430, 4: 17
DFA state entries in window  : 1: 100, 2: 80, 3: 36, 4: 6
DFA state entries cumulative : 1: 3800, 2: 781, 3: 144, 4: 17
transitions cumulative       : 1->2: 781, 2->3: 144, 3->4: 17
accepted directly from s0    : 0
Gym endings cumulative       : terminated=3759, truncated=24

[Episode 3900/8000 | last 100]
success rate                : 14.0% (cumulative 0.8%)
failure rate                : 0.0% (cumulative 0.0%)
completed cycles / episode  : 0.000
synthetic task reward       : 1400.000
shaping reward              : 3171.302
learning reward             : 4571.302
episode length              : 338.8
abstract changes / episode  : 279.9
same abstract-state steps   : 17.4%
same-state shaping / episode: 0.000
changed-state shaping / ep. : 3171.302
terminal shaping / episode  : 4.327
DFA transitions / episode   : 1.38
DFA transitions in window   : 1->2: 80, 2->3: 44, 3->4: 14
epsilon (next episode)       : 0.21007
replay buffer                : 300000 samples [1: 73.0%, 2: 22.8%, 3: 4.2%, 4: 0.0%]
DFA state visits in window   : 1: 22063, 2: 8311, 3: 3595, 4: 14
DFA state visits cumulative  : 1: 605052, 2: 83781, 3: 13025, 4: 31
DFA state entries in window  : 1: 100, 2: 80, 3: 44, 4: 14
DFA state entries cumulative : 1: 3900, 2: 861, 3: 188, 4: 31
transitions cumulative       : 1->2: 861, 2->3: 188, 3->4: 31
accepted directly from s0    : 0
Gym endings cumulative       : terminated=3842, truncated=27

[Episode 4000/8000 | last 100]
success rate                : 6.0% (cumulative 0.9%)
failure rate                : 0.0% (cumulative 0.0%)
completed cycles / episode  : 0.000
synthetic task reward       : 600.000
shaping reward              : 2679.215
learning reward             : 3279.215
episode length              : 299.1
abstract changes / episode  : 246.6
same abstract-state steps   : 17.5%
same-state shaping / episode: 0.000
changed-state shaping / ep. : 2679.215
terminal shaping / episode  : -5.622
DFA transitions / episode   : 1.23
DFA transitions in window   : 1->2: 80, 2->3: 37, 3->4: 6
epsilon (next episode)       : 0.20183
replay buffer                : 300000 samples [1: 70.6%, 2: 24.4%, 3: 5.0%, 4: 0.0%]
DFA state visits in window   : 1: 18102, 2: 9387, 3: 2510, 4: 6
DFA state visits cumulative  : 1: 623154, 2: 93168, 3: 15535, 4: 37
DFA state entries in window  : 1: 100, 2: 80, 3: 37, 4: 6
DFA state entries cumulative : 1: 4000, 2: 941, 3: 225, 4: 37
transitions cumulative       : 1->2: 941, 2->3: 225, 3->4: 37
accepted directly from s0    : 0
Gym endings cumulative       : terminated=3936, truncated=27

Starting autonomous greedy evaluation at episode 4000 (1000 fixed-seed episodes)...
[Greedy evaluation at episode 4000 | 1000 fixed-seed episodes]
success=8.1%, failure=0.0%, task reward=810.000, length=423.6
DFA transitions: 1->2: 1000, 2->3: 360, 3->4: 81
Best policy updated from autonomous greedy evaluation at episode 4000.

[Episode 4100/8000 | last 100]
success rate                : 4.0% (cumulative 1.0%)
failure rate                : 0.0% (cumulative 0.0%)
completed cycles / episode  : 0.000
synthetic task reward       : 400.000
shaping reward              : 3753.246
learning reward             : 4153.246
episode length              : 307.9
abstract changes / episode  : 243.8
same abstract-state steps   : 20.8%
same-state shaping / episode: 0.000
changed-state shaping / ep. : 3753.246
terminal shaping / episode  : -20.030
DFA transitions / episode   : 1.44
DFA transitions in window   : 1->2: 88, 2->3: 52, 3->4: 4
epsilon (next episode)       : 0.19392
replay buffer                : 300000 samples [1: 68.6%, 2: 25.6%, 3: 5.8%, 4: 0.0%]
DFA state visits in window   : 1: 17337, 2: 10437, 3: 3112, 4: 4
DFA state visits cumulative  : 1: 640491, 2: 103605, 3: 18647, 4: 41
DFA state entries in window  : 1: 100, 2: 88, 3: 52, 4: 4
DFA state entries cumulative : 1: 4100, 2: 1029, 3: 277, 4: 41
transitions cumulative       : 1->2: 1029, 2->3: 277, 3->4: 41
accepted directly from s0    : 0
Gym endings cumulative       : terminated=4031, truncated=28

[Episode 4200/8000 | last 100]
success rate                : 14.0% (cumulative 1.3%)
failure rate                : 0.0% (cumulative 0.0%)
completed cycles / episode  : 0.000
synthetic task reward       : 1400.000
shaping reward              : 4203.394
learning reward             : 5603.394
episode length              : 323.2
abstract changes / episode  : 262.0
same abstract-state steps   : 18.9%
same-state shaping / episode: 0.000
changed-state shaping / ep. : 4203.394
terminal shaping / episode  : -4.927
DFA transitions / episode   : 1.56
DFA transitions in window   : 1->2: 84, 2->3: 58, 3->4: 14
epsilon (next episode)       : 0.18631
replay buffer                : 300000 samples [1: 66.8%, 2: 26.7%, 3: 6.6%, 4: 0.0%]
DFA state visits in window   : 1: 20127, 2: 9603, 3: 2677, 4: 14
DFA state visits cumulative  : 1: 660618, 2: 113208, 3: 21324, 4: 55
DFA state entries in window  : 1: 100, 2: 84, 3: 58, 4: 14
DFA state entries cumulative : 1: 4200, 2: 1113, 3: 335, 4: 55
transitions cumulative       : 1->2: 1113, 2->3: 335, 3->4: 55
accepted directly from s0    : 0
Gym endings cumulative       : terminated=4117, truncated=28

[Episode 4300/8000 | last 100]
success rate                : 24.0% (cumulative 1.8%)
failure rate                : 0.0% (cumulative 0.0%)
completed cycles / episode  : 0.000
synthetic task reward       : 2400.000
shaping reward              : 4263.834
learning reward             : 6663.834
episode length              : 287.6
abstract changes / episode  : 236.1
same abstract-state steps   : 17.9%
same-state shaping / episode: 0.000
changed-state shaping / ep. : 4263.834
terminal shaping / episode  : 10.688
DFA transitions / episode   : 1.57
DFA transitions in window   : 1->2: 77, 2->3: 56, 3->4: 24
epsilon (next episode)       : 0.17900
replay buffer                : 300000 samples [1: 65.3%, 2: 27.5%, 3: 7.2%, 4: 0.0%]
DFA state visits in window   : 1: 17655, 2: 8584, 3: 2599, 4: 24
DFA state visits cumulative  : 1: 678273, 2: 121792, 3: 23923, 4: 79
DFA state entries in window  : 1: 100, 2: 77, 3: 56, 4: 24
DFA state entries cumulative : 1: 4300, 2: 1190, 3: 391, 4: 79
transitions cumulative       : 1->2: 1190, 2->3: 391, 3->4: 79
accepted directly from s0    : 0
Gym endings cumulative       : terminated=4193, truncated=28

[Episode 4400/8000 | last 100]
success rate                : 24.0% (cumulative 2.3%)
failure rate                : 0.0% (cumulative 0.0%)
completed cycles / episode  : 0.000
synthetic task reward       : 2400.000
shaping reward              : 4414.255
learning reward             : 6814.255
episode length              : 301.7
abstract changes / episode  : 247.4
same abstract-state steps   : 18.0%
same-state shaping / episode: 0.000
changed-state shaping / ep. : 4414.255
terminal shaping / episode  : -1.289
DFA transitions / episode   : 1.65
DFA transitions in window   : 1->2: 81, 2->3: 60, 3->4: 24
epsilon (next episode)       : 0.17198
replay buffer                : 300000 samples [1: 63.8%, 2: 28.3%, 3: 7.9%, 4: 0.0%]
DFA state visits in window   : 1: 18362, 2: 8898, 3: 2989, 4: 24
DFA state visits cumulative  : 1: 696635, 2: 130690, 3: 26912, 4: 103
DFA state entries in window  : 1: 100, 2: 81, 3: 60, 4: 24
DFA state entries cumulative : 1: 4400, 2: 1271, 3: 451, 4: 103
transitions cumulative       : 1->2: 1271, 2->3: 451, 3->4: 103
accepted directly from s0    : 0
Gym endings cumulative       : terminated=4269, truncated=28

[Episode 4500/8000 | last 100]
success rate                : 41.0% (cumulative 3.2%)
failure rate                : 0.0% (cumulative 0.0%)
completed cycles / episode  : 0.000
synthetic task reward       : 4100.000
shaping reward              : 4803.932
learning reward             : 8903.932
episode length              : 356.3
abstract changes / episode  : 282.9
same abstract-state steps   : 20.6%
same-state shaping / episode: 0.000
changed-state shaping / ep. : 4803.932
terminal shaping / episode  : 26.080
DFA transitions / episode   : 1.87
DFA transitions in window   : 1->2: 86, 2->3: 60, 3->4: 41
epsilon (next episode)       : 0.16524
replay buffer                : 300000 samples [1: 62.4%, 2: 28.8%, 3: 8.7%, 4: 0.0%]
DFA state visits in window   : 1: 20491, 2: 11362, 3: 3836, 4: 41
DFA state visits cumulative  : 1: 717126, 2: 142052, 3: 30748, 4: 144
DFA state entries in window  : 1: 100, 2: 86, 3: 60, 4: 41
DFA state entries cumulative : 1: 4500, 2: 1357, 3: 511, 4: 144
transitions cumulative       : 1->2: 1357, 2->3: 511, 3->4: 144
accepted directly from s0    : 0
Gym endings cumulative       : terminated=4327, truncated=29

Starting autonomous greedy evaluation at episode 4500 (1000 fixed-seed episodes)...
[Greedy evaluation at episode 4500 | 1000 fixed-seed episodes]
success=66.6%, failure=0.0%, task reward=6660.000, length=401.2
DFA transitions: 1->2: 1000, 2->3: 837, 3->4: 666
Best policy updated from autonomous greedy evaluation at episode 4500.

[Episode 4600/8000 | last 100]
success rate                : 42.0% (cumulative 4.0%)
failure rate                : 0.0% (cumulative 0.0%)
completed cycles / episode  : 0.000
synthetic task reward       : 4200.000
shaping reward              : 5217.297
learning reward             : 9417.297
episode length              : 317.6
abstract changes / episode  : 248.8
same abstract-state steps   : 21.7%
same-state shaping / episode: 0.000
changed-state shaping / ep. : 5217.297
terminal shaping / episode  : 30.057
DFA transitions / episode   : 2.00
DFA transitions in window   : 1->2: 92, 2->3: 66, 3->4: 42
epsilon (next episode)       : 0.15876
replay buffer                : 300000 samples [1: 60.9%, 2: 29.4%, 3: 9.7%, 4: 0.0%]
DFA state visits in window   : 1: 17173, 2: 10308, 3: 4341, 4: 42
DFA state visits cumulative  : 1: 734299, 2: 152360, 3: 35089, 4: 186
DFA state entries in window  : 1: 100, 2: 92, 3: 66, 4: 42
DFA state entries cumulative : 1: 4600, 2: 1449, 3: 577, 4: 186
transitions cumulative       : 1->2: 1449, 2->3: 577, 3->4: 186
accepted directly from s0    : 0
Gym endings cumulative       : terminated=4385, truncated=29

[Episode 4700/8000 | last 100]
success rate                : 45.0% (cumulative 4.9%)
failure rate                : 0.0% (cumulative 0.0%)
completed cycles / episode  : 0.000
synthetic task reward       : 4500.000
shaping reward              : 4997.560
learning reward             : 9497.560
episode length              : 302.4
abstract changes / episode  : 244.8
same abstract-state steps   : 19.1%
same-state shaping / episode: 0.000
changed-state shaping / ep. : 4997.560
terminal shaping / episode  : 37.765
DFA transitions / episode   : 1.98
DFA transitions in window   : 1->2: 92, 2->3: 61, 3->4: 45
epsilon (next episode)       : 0.15253
replay buffer                : 300000 samples [1: 59.6%, 2: 30.4%, 3: 10.0%, 4: 0.0%]
DFA state visits in window   : 1: 16861, 2: 10688, 3: 2751, 4: 45
DFA state visits cumulative  : 1: 751160, 2: 163048, 3: 37840, 4: 231
DFA state entries in window  : 1: 100, 2: 92, 3: 61, 4: 45
DFA state entries cumulative : 1: 4700, 2: 1541, 3: 638, 4: 231
transitions cumulative       : 1->2: 1541, 2->3: 638, 3->4: 231
accepted directly from s0    : 0
Gym endings cumulative       : terminated=4440, truncated=29

[Episode 4800/8000 | last 100]
success rate                : 57.0% (cumulative 6.0%)
failure rate                : 0.0% (cumulative 0.0%)
completed cycles / episode  : 0.000
synthetic task reward       : 5700.000
shaping reward              : 5853.792
learning reward             : 11553.792
episode length              : 311.2
abstract changes / episode  : 246.8
same abstract-state steps   : 20.7%
same-state shaping / episode: 0.000
changed-state shaping / ep. : 5853.792
terminal shaping / episode  : 51.325
DFA transitions / episode   : 2.21
DFA transitions in window   : 1->2: 90, 2->3: 74, 3->4: 57
epsilon (next episode)       : 0.14655
replay buffer                : 300000 samples [1: 59.0%, 2: 31.0%, 3: 10.1%, 4: 0.0%]
DFA state visits in window   : 1: 18242, 2: 9088, 3: 3836, 4: 57
DFA state visits cumulative  : 1: 769402, 2: 172136, 3: 41676, 4: 288
DFA state entries in window  : 1: 100, 2: 90, 3: 74, 4: 57
DFA state entries cumulative : 1: 4800, 2: 1631, 3: 712, 4: 288
transitions cumulative       : 1->2: 1631, 2->3: 712, 3->4: 288
accepted directly from s0    : 0
Gym endings cumulative       : terminated=4483, truncated=29

[Episode 4900/8000 | last 100]
success rate                : 57.0% (cumulative 7.0%)
failure rate                : 0.0% (cumulative 0.0%)
completed cycles / episode  : 0.000
synthetic task reward       : 5700.000
shaping reward              : 5666.755
learning reward             : 11366.755
episode length              : 297.9
abstract changes / episode  : 240.2
same abstract-state steps   : 19.4%
same-state shaping / episode: 0.000
changed-state shaping / ep. : 5666.755
terminal shaping / episode  : 49.821
DFA transitions / episode   : 2.20
DFA transitions in window   : 1->2: 93, 2->3: 70, 3->4: 57
epsilon (next episode)       : 0.14080
replay buffer                : 300000 samples [1: 58.1%, 2: 31.7%, 3: 10.2%, 4: 0.0%]
DFA state visits in window   : 1: 16764, 2: 9748, 3: 3323, 4: 57
DFA state visits cumulative  : 1: 786166, 2: 181884, 3: 44999, 4: 345
DFA state entries in window  : 1: 100, 2: 93, 3: 70, 4: 57
DFA state entries cumulative : 1: 4900, 2: 1724, 3: 782, 4: 345
transitions cumulative       : 1->2: 1724, 2->3: 782, 3->4: 345
accepted directly from s0    : 0
Gym endings cumulative       : terminated=4526, truncated=29

[Episode 5000/8000 | last 100]
success rate                : 58.0% (cumulative 8.1%)
failure rate                : 0.0% (cumulative 0.0%)
completed cycles / episode  : 0.000
synthetic task reward       : 5800.000
shaping reward              : 5737.566
learning reward             : 11537.566
episode length              : 280.6
abstract changes / episode  : 228.1
same abstract-state steps   : 18.7%
same-state shaping / episode: 0.000
changed-state shaping / ep. : 5737.566
terminal shaping / episode  : 50.031
DFA transitions / episode   : 2.22
DFA transitions in window   : 1->2: 95, 2->3: 69, 3->4: 58
epsilon (next episode)       : 0.13528
replay buffer                : 300000 samples [1: 57.3%, 2: 32.1%, 3: 10.6%, 4: 0.0%]
DFA state visits in window   : 1: 13856, 2: 10381, 3: 3868, 4: 58
DFA state visits cumulative  : 1: 800022, 2: 192265, 3: 48867, 4: 403
DFA state entries in window  : 1: 100, 2: 95, 3: 69, 4: 58
DFA state entries cumulative : 1: 5000, 2: 1819, 3: 851, 4: 403
transitions cumulative       : 1->2: 1819, 2->3: 851, 3->4: 403
accepted directly from s0    : 0
Gym endings cumulative       : terminated=4568, truncated=29

Starting autonomous greedy evaluation at episode 5000 (1000 fixed-seed episodes)...
[Greedy evaluation at episode 5000 | 1000 fixed-seed episodes]
success=72.4%, failure=0.0%, task reward=7240.000, length=303.0
DFA transitions: 1->2: 937, 2->3: 770, 3->4: 724
Best policy updated from autonomous greedy evaluation at episode 5000.

[Episode 5100/8000 | last 100]
success rate                : 63.0% (cumulative 9.1%)
failure rate                : 0.0% (cumulative 0.0%)
completed cycles / episode  : 0.000
synthetic task reward       : 6300.000
shaping reward              : 5632.513
learning reward             : 11932.513
episode length              : 280.2
abstract changes / episode  : 227.1
same abstract-state steps   : 19.0%
same-state shaping / episode: 0.000
changed-state shaping / ep. : 5632.513
terminal shaping / episode  : 68.295
DFA transitions / episode   : 2.21
DFA transitions in window   : 1->2: 88, 2->3: 70, 3->4: 63
epsilon (next episode)       : 0.12998
replay buffer                : 300000 samples [1: 56.8%, 2: 32.2%, 3: 11.0%, 4: 0.0%]
DFA state visits in window   : 1: 14476, 2: 10063, 3: 3522, 4: 63
DFA state visits cumulative  : 1: 814498, 2: 202328, 3: 52389, 4: 466
DFA state entries in window  : 1: 100, 2: 88, 3: 70, 4: 63
DFA state entries cumulative : 1: 5100, 2: 1907, 3: 921, 4: 466
transitions cumulative       : 1->2: 1907, 2->3: 921, 3->4: 466
accepted directly from s0    : 0
Gym endings cumulative       : terminated=4605, truncated=29

[Episode 5200/8000 | last 100]
success rate                : 55.0% (cumulative 10.0%)
failure rate                : 0.0% (cumulative 0.0%)
completed cycles / episode  : 0.000
synthetic task reward       : 5500.000
shaping reward              : 5326.420
learning reward             : 10826.420
episode length              : 275.5
abstract changes / episode  : 219.1
same abstract-state steps   : 20.5%
same-state shaping / episode: 0.000
changed-state shaping / ep. : 5326.420
terminal shaping / episode  : 54.370
DFA transitions / episode   : 2.05
DFA transitions in window   : 1->2: 85, 2->3: 65, 3->4: 55
epsilon (next episode)       : 0.12488
replay buffer                : 300000 samples [1: 56.3%, 2: 32.6%, 3: 11.1%, 4: 0.0%]
DFA state visits in window   : 1: 15756, 2: 9403, 3: 2437, 4: 55
DFA state visits cumulative  : 1: 830254, 2: 211731, 3: 54826, 4: 521
DFA state entries in window  : 1: 100, 2: 85, 3: 65, 4: 55
DFA state entries cumulative : 1: 5200, 2: 1992, 3: 986, 4: 521
transitions cumulative       : 1->2: 1992, 2->3: 986, 3->4: 521
accepted directly from s0    : 0
Gym endings cumulative       : terminated=4650, truncated=29

[Episode 5300/8000 | last 100]
success rate                : 63.0% (cumulative 11.0%)
failure rate                : 0.0% (cumulative 0.0%)
completed cycles / episode  : 0.000
synthetic task reward       : 6300.000
shaping reward              : 6274.649
learning reward             : 12574.649
episode length              : 271.5
abstract changes / episode  : 218.7
same abstract-state steps   : 19.5%
same-state shaping / episode: 0.000
changed-state shaping / ep. : 6274.649
terminal shaping / episode  : 60.482
DFA transitions / episode   : 2.33
DFA transitions in window   : 1->2: 93, 2->3: 77, 3->4: 63
epsilon (next episode)       : 0.11998
replay buffer                : 300000 samples [1: 55.5%, 2: 33.2%, 3: 11.2%, 4: 0.0%]
DFA state visits in window   : 1: 14467, 2: 9866, 3: 2856, 4: 63
DFA state visits cumulative  : 1: 844721, 2: 221597, 3: 57682, 4: 584
DFA state entries in window  : 1: 100, 2: 93, 3: 77, 4: 63
DFA state entries cumulative : 1: 5300, 2: 2085, 3: 1063, 4: 584
transitions cumulative       : 1->2: 2085, 2->3: 1063, 3->4: 584
accepted directly from s0    : 0
Gym endings cumulative       : terminated=4687, truncated=29

[Episode 5400/8000 | last 100]
success rate                : 61.0% (cumulative 11.9%)
failure rate                : 0.0% (cumulative 0.0%)
completed cycles / episode  : 0.000
synthetic task reward       : 6100.000
shaping reward              : 5981.247
learning reward             : 12081.247
episode length              : 319.9
abstract changes / episode  : 245.7
same abstract-state steps   : 23.2%
same-state shaping / episode: 0.000
changed-state shaping / ep. : 5981.247
terminal shaping / episode  : 58.532
DFA transitions / episode   : 2.20
DFA transitions in window   : 1->2: 85, 2->3: 74, 3->4: 61
epsilon (next episode)       : 0.11528
replay buffer                : 300000 samples [1: 55.2%, 2: 33.5%, 3: 11.3%, 4: 0.0%]
DFA state visits in window   : 1: 18679, 2: 9985, 3: 3362, 4: 61
DFA state visits cumulative  : 1: 863400, 2: 231582, 3: 61044, 4: 645
DFA state entries in window  : 1: 100, 2: 85, 3: 74, 4: 61
DFA state entries cumulative : 1: 5400, 2: 2170, 3: 1137, 4: 645
transitions cumulative       : 1->2: 2170, 2->3: 1137, 3->4: 645
accepted directly from s0    : 0
Gym endings cumulative       : terminated=4724, truncated=31

[Episode 5500/8000 | last 100]
success rate                : 65.0% (cumulative 12.9%)
failure rate                : 0.0% (cumulative 0.0%)
completed cycles / episode  : 0.000
synthetic task reward       : 6500.000
shaping reward              : 6129.502
learning reward             : 12629.502
episode length              : 313.4
abstract changes / episode  : 241.8
same abstract-state steps   : 22.8%
same-state shaping / episode: 0.000
changed-state shaping / ep. : 6129.502
terminal shaping / episode  : 69.015
DFA transitions / episode   : 2.28
DFA transitions in window   : 1->2: 88, 2->3: 75, 3->4: 65
epsilon (next episode)       : 0.11075
replay buffer                : 300000 samples [1: 55.4%, 2: 33.3%, 3: 11.2%, 4: 0.0%]
DFA state visits in window   : 1: 18368, 2: 10075, 3: 2930, 4: 65
DFA state visits cumulative  : 1: 881768, 2: 241657, 3: 63974, 4: 710
DFA state entries in window  : 1: 100, 2: 88, 3: 75, 4: 65
DFA state entries cumulative : 1: 5500, 2: 2258, 3: 1212, 4: 710
transitions cumulative       : 1->2: 2258, 2->3: 1212, 3->4: 710
accepted directly from s0    : 0
Gym endings cumulative       : terminated=4758, truncated=32

Starting autonomous greedy evaluation at episode 5500 (1000 fixed-seed episodes)...
[Greedy evaluation at episode 5500 | 1000 fixed-seed episodes]
success=96.2%, failure=0.0%, task reward=9620.000, length=264.2
DFA transitions: 1->2: 970, 2->3: 965, 3->4: 962
Best policy updated from autonomous greedy evaluation at episode 5500.

[Episode 5600/8000 | last 100]
success rate                : 73.0% (cumulative 14.0%)
failure rate                : 0.0% (cumulative 0.0%)
completed cycles / episode  : 0.000
synthetic task reward       : 7300.000
shaping reward              : 6592.320
learning reward             : 13892.320
episode length              : 310.2
abstract changes / episode  : 239.1
same abstract-state steps   : 22.9%
same-state shaping / episode: 0.000
changed-state shaping / ep. : 6592.320
terminal shaping / episode  : 78.717
DFA transitions / episode   : 2.45
DFA transitions in window   : 1->2: 93, 2->3: 79, 3->4: 73
epsilon (next episode)       : 0.10641
replay buffer                : 300000 samples [1: 55.4%, 2: 33.8%, 3: 10.8%, 4: 0.0%]
DFA state visits in window   : 1: 16773, 2: 11106, 3: 3166, 4: 73
DFA state visits cumulative  : 1: 898541, 2: 252763, 3: 67140, 4: 783
DFA state entries in window  : 1: 100, 2: 93, 3: 79, 4: 73
DFA state entries cumulative : 1: 5600, 2: 2351, 3: 1291, 4: 783
transitions cumulative       : 1->2: 2351, 2->3: 1291, 3->4: 783
accepted directly from s0    : 0
Gym endings cumulative       : terminated=4783, truncated=34

[Episode 5700/8000 | last 100]
success rate                : 70.0% (cumulative 15.0%)
failure rate                : 0.0% (cumulative 0.0%)
completed cycles / episode  : 0.000
synthetic task reward       : 7000.000
shaping reward              : 6312.535
learning reward             : 13312.535
episode length              : 318.5
abstract changes / episode  : 255.4
same abstract-state steps   : 19.8%
same-state shaping / episode: 0.000
changed-state shaping / ep. : 6312.535
terminal shaping / episode  : 73.907
DFA transitions / episode   : 2.38
DFA transitions in window   : 1->2: 91, 2->3: 77, 3->4: 70
epsilon (next episode)       : 0.10224
replay buffer                : 300000 samples [1: 54.8%, 2: 34.3%, 3: 10.8%, 4: 0.0%]
DFA state visits in window   : 1: 16254, 2: 12460, 3: 3170, 4: 70
DFA state visits cumulative  : 1: 914795, 2: 265223, 3: 70310, 4: 853
DFA state entries in window  : 1: 100, 2: 91, 3: 77, 4: 70
DFA state entries cumulative : 1: 5700, 2: 2442, 3: 1368, 4: 853
transitions cumulative       : 1->2: 2442, 2->3: 1368, 3->4: 853
accepted directly from s0    : 0
Gym endings cumulative       : terminated=4811, truncated=36

[Episode 5800/8000 | last 100]
success rate                : 65.0% (cumulative 15.8%)
failure rate                : 0.0% (cumulative 0.0%)
completed cycles / episode  : 0.000
synthetic task reward       : 6500.000
shaping reward              : 6027.680
learning reward             : 12527.680
episode length              : 270.9
abstract changes / episode  : 222.9
same abstract-state steps   : 17.7%
same-state shaping / episode: 0.000
changed-state shaping / ep. : 6027.680
terminal shaping / episode  : 81.714
DFA transitions / episode   : 2.22
DFA transitions in window   : 1->2: 83, 2->3: 74, 3->4: 65
epsilon (next episode)       : 0.09823
replay buffer                : 300000 samples [1: 54.4%, 2: 34.9%, 3: 10.7%, 4: 0.0%]
DFA state visits in window   : 1: 14441, 2: 9968, 3: 2712, 4: 65
DFA state visits cumulative  : 1: 929236, 2: 275191, 3: 73022, 4: 918
DFA state entries in window  : 1: 100, 2: 83, 3: 74, 4: 65
DFA state entries cumulative : 1: 5800, 2: 2525, 3: 1442, 4: 918
transitions cumulative       : 1->2: 2525, 2->3: 1442, 3->4: 918
accepted directly from s0    : 0
Gym endings cumulative       : terminated=4846, truncated=36

[Episode 5900/8000 | last 100]
success rate                : 66.0% (cumulative 16.7%)
failure rate                : 0.0% (cumulative 0.0%)
completed cycles / episode  : 0.000
synthetic task reward       : 6600.000
shaping reward              : 6244.248
learning reward             : 12844.248
episode length              : 268.2
abstract changes / episode  : 216.5
same abstract-state steps   : 19.3%
same-state shaping / episode: 0.000
changed-state shaping / ep. : 6244.248
terminal shaping / episode  : 69.087
DFA transitions / episode   : 2.30
DFA transitions in window   : 1->2: 86, 2->3: 78, 3->4: 66
epsilon (next episode)       : 0.09438
replay buffer                : 300000 samples [1: 54.5%, 2: 34.9%, 3: 10.6%, 4: 0.0%]
DFA state visits in window   : 1: 15237, 2: 8725, 3: 2894, 4: 66
DFA state visits cumulative  : 1: 944473, 2: 283916, 3: 75916, 4: 984
DFA state entries in window  : 1: 100, 2: 86, 3: 78, 4: 66
DFA state entries cumulative : 1: 5900, 2: 2611, 3: 1520, 4: 984
transitions cumulative       : 1->2: 2611, 2->3: 1520, 3->4: 984
accepted directly from s0    : 0
Gym endings cumulative       : terminated=4880, truncated=36

[Episode 6000/8000 | last 100]
success rate                : 73.0% (cumulative 17.6%)
failure rate                : 0.0% (cumulative 0.0%)
completed cycles / episode  : 0.000
synthetic task reward       : 7300.000
shaping reward              : 6867.105
learning reward             : 14167.105
episode length              : 262.3
abstract changes / episode  : 209.8
same abstract-state steps   : 20.0%
same-state shaping / episode: 0.000
changed-state shaping / ep. : 6867.105
terminal shaping / episode  : 72.208
DFA transitions / episode   : 2.49
DFA transitions in window   : 1->2: 92, 2->3: 84, 3->4: 73
epsilon (next episode)       : 0.09067
replay buffer                : 300000 samples [1: 54.3%, 2: 35.1%, 3: 10.6%, 4: 0.0%]
DFA state visits in window   : 1: 13656, 2: 9119, 3: 3485, 4: 73
DFA state visits cumulative  : 1: 958129, 2: 293035, 3: 79401, 4: 1057
DFA state entries in window  : 1: 100, 2: 92, 3: 84, 4: 73
DFA state entries cumulative : 1: 6000, 2: 2703, 3: 1604, 4: 1057
transitions cumulative       : 1->2: 2703, 2->3: 1604, 3->4: 1057
accepted directly from s0    : 0
Gym endings cumulative       : terminated=4907, truncated=36

Starting autonomous greedy evaluation at episode 6000 (1000 fixed-seed episodes)...
[Greedy evaluation at episode 6000 | 1000 fixed-seed episodes]
success=92.3%, failure=0.0%, task reward=9230.000, length=301.6
DFA transitions: 1->2: 946, 2->3: 925, 3->4: 923

[Episode 6100/8000 | last 100]
success rate                : 68.0% (cumulative 18.4%)
failure rate                : 0.0% (cumulative 0.0%)
completed cycles / episode  : 0.000
synthetic task reward       : 6800.000
shaping reward              : 6226.829
learning reward             : 13026.829
episode length              : 276.2
abstract changes / episode  : 221.4
same abstract-state steps   : 19.8%
same-state shaping / episode: 0.000
changed-state shaping / ep. : 6226.829
terminal shaping / episode  : 67.308
DFA transitions / episode   : 2.34
DFA transitions in window   : 1->2: 89, 2->3: 77, 3->4: 68
epsilon (next episode)       : 0.08712
replay buffer                : 300000 samples [1: 55.0%, 2: 34.6%, 3: 10.4%, 4: 0.0%]
DFA state visits in window   : 1: 15330, 2: 9079, 3: 3248, 4: 68
DFA state visits cumulative  : 1: 973459, 2: 302114, 3: 82649, 4: 1125
DFA state entries in window  : 1: 100, 2: 89, 3: 77, 4: 68
DFA state entries cumulative : 1: 6100, 2: 2792, 3: 1681, 4: 1125
transitions cumulative       : 1->2: 2792, 2->3: 1681, 3->4: 1125
accepted directly from s0    : 0
Gym endings cumulative       : terminated=4939, truncated=36

[Episode 6200/8000 | last 100]
success rate                : 79.0% (cumulative 19.4%)
failure rate                : 0.0% (cumulative 0.0%)
completed cycles / episode  : 0.000
synthetic task reward       : 7900.000
shaping reward              : 7052.983
learning reward             : 14952.983
episode length              : 278.7
abstract changes / episode  : 223.8
same abstract-state steps   : 19.7%
same-state shaping / episode: 0.000
changed-state shaping / ep. : 7052.983
terminal shaping / episode  : 79.210
DFA transitions / episode   : 2.61
DFA transitions in window   : 1->2: 95, 2->3: 87, 3->4: 79
epsilon (next episode)       : 0.08370
replay buffer                : 300000 samples [1: 54.7%, 2: 34.5%, 3: 10.8%, 4: 0.0%]
DFA state visits in window   : 1: 14899, 2: 9351, 3: 3643, 4: 79
DFA state visits cumulative  : 1: 988358, 2: 311465, 3: 86292, 4: 1204
DFA state entries in window  : 1: 100, 2: 95, 3: 87, 4: 79
DFA state entries cumulative : 1: 6200, 2: 2887, 3: 1768, 4: 1204
transitions cumulative       : 1->2: 2887, 2->3: 1768, 3->4: 1204
accepted directly from s0    : 0
Gym endings cumulative       : terminated=4960, truncated=36

[Episode 6300/8000 | last 100]
success rate                : 78.0% (cumulative 20.3%)
failure rate                : 0.0% (cumulative 0.0%)
completed cycles / episode  : 0.000
synthetic task reward       : 7800.000
shaping reward              : 6479.650
learning reward             : 14279.650
episode length              : 254.5
abstract changes / episode  : 206.8
same abstract-state steps   : 18.7%
same-state shaping / episode: 0.000
changed-state shaping / ep. : 6479.650
terminal shaping / episode  : 90.770
DFA transitions / episode   : 2.42
DFA transitions in window   : 1->2: 84, 2->3: 80, 3->4: 78
epsilon (next episode)       : 0.08042
replay buffer                : 300000 samples [1: 54.8%, 2: 34.2%, 3: 11.0%, 4: 0.0%]
DFA state visits in window   : 1: 13891, 2: 8403, 3: 3179, 4: 78
DFA state visits cumulative  : 1: 1002249, 2: 319868, 3: 89471, 4: 1282
DFA state entries in window  : 1: 100, 2: 84, 3: 80, 4: 78
DFA state entries cumulative : 1: 6300, 2: 2971, 3: 1848, 4: 1282
transitions cumulative       : 1->2: 2971, 2->3: 1848, 3->4: 1282
accepted directly from s0    : 0
Gym endings cumulative       : terminated=4982, truncated=36

[Episode 6400/8000 | last 100]
success rate                : 63.0% (cumulative 21.0%)
failure rate                : 0.0% (cumulative 0.0%)
completed cycles / episode  : 0.000
synthetic task reward       : 6300.000
shaping reward              : 5605.613
learning reward             : 11905.613
episode length              : 331.2
abstract changes / episode  : 255.6
same abstract-state steps   : 22.8%
same-state shaping / episode: 0.000
changed-state shaping / ep. : 5605.613
terminal shaping / episode  : 62.098
DFA transitions / episode   : 2.15
DFA transitions in window   : 1->2: 83, 2->3: 69, 3->4: 63
epsilon (next episode)       : 0.07727
replay buffer                : 300000 samples [1: 55.6%, 2: 33.4%, 3: 11.0%, 4: 0.0%]
DFA state visits in window   : 1: 21735, 2: 8207, 3: 3218, 4: 63
DFA state visits cumulative  : 1: 1023984, 2: 328075, 3: 92689, 4: 1345
DFA state entries in window  : 1: 100, 2: 83, 3: 69, 4: 63
DFA state entries cumulative : 1: 6400, 2: 3054, 3: 1917, 4: 1345
transitions cumulative       : 1->2: 3054, 2->3: 1917, 3->4: 1345
accepted directly from s0    : 0
Gym endings cumulative       : terminated=5016, truncated=39

[Episode 6500/8000 | last 100]
success rate                : 85.0% (cumulative 22.0%)
failure rate                : 0.0% (cumulative 0.0%)
completed cycles / episode  : 0.000
synthetic task reward       : 8500.000
shaping reward              : 7222.009
learning reward             : 15722.009
episode length              : 272.7
abstract changes / episode  : 221.1
same abstract-state steps   : 18.9%
same-state shaping / episode: 0.000
changed-state shaping / ep. : 7222.009
terminal shaping / episode  : 96.312
DFA transitions / episode   : 2.67
DFA transitions in window   : 1->2: 95, 2->3: 87, 3->4: 85
epsilon (next episode)       : 0.07423
replay buffer                : 300000 samples [1: 55.4%, 2: 33.6%, 3: 11.1%, 4: 0.0%]
DFA state visits in window   : 1: 14676, 2: 9513, 3: 3093, 4: 85
DFA state visits cumulative  : 1: 1038660, 2: 337588, 3: 95782, 4: 1430
DFA state entries in window  : 1: 100, 2: 95, 3: 87, 4: 85
DFA state entries cumulative : 1: 6500, 2: 3149, 3: 2004, 4: 1430
transitions cumulative       : 1->2: 3149, 2->3: 2004, 3->4: 1430
accepted directly from s0    : 0
Gym endings cumulative       : terminated=5031, truncated=39

Starting autonomous greedy evaluation at episode 6500 (1000 fixed-seed episodes)...
[Greedy evaluation at episode 6500 | 1000 fixed-seed episodes]
success=96.1%, failure=0.0%, task reward=9610.000, length=239.8
DFA transitions: 1->2: 993, 2->3: 962, 3->4: 961

[Episode 6600/8000 | last 100]
success rate                : 77.0% (cumulative 22.8%)
failure rate                : 0.0% (cumulative 0.0%)
completed cycles / episode  : 0.000
synthetic task reward       : 7700.000
shaping reward              : 6783.878
learning reward             : 14483.878
episode length              : 247.9
abstract changes / episode  : 202.9
same abstract-state steps   : 18.2%
same-state shaping / episode: 0.000
changed-state shaping / ep. : 6783.878
terminal shaping / episode  : 91.762
DFA transitions / episode   : 2.51
DFA transitions in window   : 1->2: 92, 2->3: 82, 3->4: 77
epsilon (next episode)       : 0.07132
replay buffer                : 300000 samples [1: 54.7%, 2: 34.1%, 3: 11.2%, 4: 0.0%]
DFA state visits in window   : 1: 12622, 2: 9359, 3: 2833, 4: 77
DFA state visits cumulative  : 1: 1051282, 2: 346947, 3: 98615, 4: 1507
DFA state entries in window  : 1: 100, 2: 92, 3: 82, 4: 77
DFA state entries cumulative : 1: 6600, 2: 3241, 3: 2086, 4: 1507
transitions cumulative       : 1->2: 3241, 2->3: 2086, 3->4: 1507
accepted directly from s0    : 0
Gym endings cumulative       : terminated=5053, truncated=40

[Episode 6700/8000 | last 100]
success rate                : 82.0% (cumulative 23.7%)
failure rate                : 0.0% (cumulative 0.0%)
completed cycles / episode  : 0.000
synthetic task reward       : 8200.000
shaping reward              : 6940.971
learning reward             : 15140.971
episode length              : 261.7
abstract changes / episode  : 210.5
same abstract-state steps   : 19.6%
same-state shaping / episode: 0.000
changed-state shaping / ep. : 6940.971
terminal shaping / episode  : 98.561
DFA transitions / episode   : 2.59
DFA transitions in window   : 1->2: 92, 2->3: 85, 3->4: 82
epsilon (next episode)       : 0.06853
replay buffer                : 300000 samples [1: 55.1%, 2: 33.6%, 3: 11.3%, 4: 0.0%]
DFA state visits in window   : 1: 14595, 2: 8670, 3: 2926, 4: 82
DFA state visits cumulative  : 1: 1065877, 2: 355617, 3: 101541, 4: 1589
DFA state entries in window  : 1: 100, 2: 92, 3: 85, 4: 82
DFA state entries cumulative : 1: 6700, 2: 3333, 3: 2171, 4: 1589
transitions cumulative       : 1->2: 3333, 2->3: 2171, 3->4: 1589
accepted directly from s0    : 0
Gym endings cumulative       : terminated=5070, truncated=41

[Episode 6800/8000 | last 100]
success rate                : 77.0% (cumulative 24.5%)
failure rate                : 0.0% (cumulative 0.0%)
completed cycles / episode  : 0.000
synthetic task reward       : 7700.000
shaping reward              : 6686.054
learning reward             : 14386.054
episode length              : 266.0
abstract changes / episode  : 213.8
same abstract-state steps   : 19.6%
same-state shaping / episode: 0.000
changed-state shaping / ep. : 6686.054
terminal shaping / episode  : 83.527
DFA transitions / episode   : 2.51
DFA transitions in window   : 1->2: 93, 2->3: 81, 3->4: 77
epsilon (next episode)       : 0.06584
replay buffer                : 300000 samples [1: 55.3%, 2: 33.1%, 3: 11.6%, 4: 0.0%]
DFA state visits in window   : 1: 14530, 2: 8772, 3: 3321, 4: 77
DFA state visits cumulative  : 1: 1080407, 2: 364389, 3: 104862, 4: 1666
DFA state entries in window  : 1: 100, 2: 93, 3: 81, 4: 77
DFA state entries cumulative : 1: 6800, 2: 3426, 3: 2252, 4: 1666
transitions cumulative       : 1->2: 3426, 2->3: 2252, 3->4: 1666
accepted directly from s0    : 0
Gym endings cumulative       : terminated=5093, truncated=41

[Episode 6900/8000 | last 100]
success rate                : 80.0% (cumulative 25.3%)
failure rate                : 0.0% (cumulative 0.0%)
completed cycles / episode  : 0.000
synthetic task reward       : 8000.000
shaping reward              : 6861.245
learning reward             : 14861.245
episode length              : 250.1
abstract changes / episode  : 205.9
same abstract-state steps   : 17.6%
same-state shaping / episode: 0.000
changed-state shaping / ep. : 6861.245
terminal shaping / episode  : 89.253
DFA transitions / episode   : 2.52
DFA transitions in window   : 1->2: 88, 2->3: 84, 3->4: 80
epsilon (next episode)       : 0.06326
replay buffer                : 300000 samples [1: 55.4%, 2: 32.8%, 3: 11.8%, 4: 0.0%]
DFA state visits in window   : 1: 13695, 2: 8007, 3: 3323, 4: 80
DFA state visits cumulative  : 1: 1094102, 2: 372396, 3: 108185, 4: 1746
DFA state entries in window  : 1: 100, 2: 88, 3: 84, 4: 80
DFA state entries cumulative : 1: 6900, 2: 3514, 3: 2336, 4: 1746
transitions cumulative       : 1->2: 3514, 2->3: 2336, 3->4: 1746
accepted directly from s0    : 0
Gym endings cumulative       : terminated=5113, truncated=41

[Episode 7000/8000 | last 100]
success rate                : 82.0% (cumulative 26.1%)
failure rate                : 0.0% (cumulative 0.0%)
completed cycles / episode  : 0.000
synthetic task reward       : 8200.000
shaping reward              : 7033.973
learning reward             : 15233.973
episode length              : 290.4
abstract changes / episode  : 228.3
same abstract-state steps   : 21.4%
same-state shaping / episode: 0.000
changed-state shaping / ep. : 7033.973
terminal shaping / episode  : 96.671
DFA transitions / episode   : 2.62
DFA transitions in window   : 1->2: 94, 2->3: 86, 3->4: 82
epsilon (next episode)       : 0.06078
replay buffer                : 300000 samples [1: 55.8%, 2: 32.4%, 3: 11.8%, 4: 0.0%]
DFA state visits in window   : 1: 17814, 2: 8218, 3: 3029, 4: 82
DFA state visits cumulative  : 1: 1111916, 2: 380614, 3: 111214, 4: 1828
DFA state entries in window  : 1: 100, 2: 94, 3: 86, 4: 82
DFA state entries cumulative : 1: 7000, 2: 3608, 3: 2422, 4: 1828
transitions cumulative       : 1->2: 3608, 2->3: 2422, 3->4: 1828
accepted directly from s0    : 0
Gym endings cumulative       : terminated=5131, truncated=41

Starting autonomous greedy evaluation at episode 7000 (1000 fixed-seed episodes)...
[Greedy evaluation at episode 7000 | 1000 fixed-seed episodes]
success=75.1%, failure=0.0%, task reward=7510.000, length=275.2
DFA transitions: 1->2: 983, 2->3: 756, 3->4: 751

[Episode 7100/8000 | last 100]
success rate                : 82.0% (cumulative 26.9%)
failure rate                : 0.0% (cumulative 0.0%)
completed cycles / episode  : 0.000
synthetic task reward       : 8200.000
shaping reward              : 7647.335
learning reward             : 15847.335
episode length              : 253.9
abstract changes / episode  : 200.7
same abstract-state steps   : 20.9%
same-state shaping / episode: 0.000
changed-state shaping / ep. : 7647.335
terminal shaping / episode  : 92.233
DFA transitions / episode   : 2.76
DFA transitions in window   : 1->2: 100, 2->3: 94, 3->4: 82
epsilon (next episode)       : 0.05839
replay buffer                : 300000 samples [1: 56.2%, 2: 32.1%, 3: 11.7%, 4: 0.0%]
DFA state visits in window   : 1: 14038, 2: 8245, 3: 3121, 4: 82
DFA state visits cumulative  : 1: 1125954, 2: 388859, 3: 114335, 4: 1910
DFA state entries in window  : 1: 100, 2: 100, 3: 94, 4: 82
DFA state entries cumulative : 1: 7100, 2: 3708, 3: 2516, 4: 1910
transitions cumulative       : 1->2: 3708, 2->3: 2516, 3->4: 1910
accepted directly from s0    : 0
Gym endings cumulative       : terminated=5149, truncated=41

[Episode 7200/8000 | last 100]
success rate                : 84.0% (cumulative 27.7%)
failure rate                : 0.0% (cumulative 0.0%)
completed cycles / episode  : 0.000
synthetic task reward       : 8400.000
shaping reward              : 7313.834
learning reward             : 15713.834
episode length              : 261.0
abstract changes / episode  : 213.7
same abstract-state steps   : 18.1%
same-state shaping / episode: 0.000
changed-state shaping / ep. : 7313.834
terminal shaping / episode  : 96.496
DFA transitions / episode   : 2.66
DFA transitions in window   : 1->2: 94, 2->3: 88, 3->4: 84
epsilon (next episode)       : 0.05610
replay buffer                : 300000 samples [1: 56.2%, 2: 31.9%, 3: 11.8%, 4: 0.0%]
DFA state visits in window   : 1: 14759, 2: 7985, 3: 3372, 4: 84
DFA state visits cumulative  : 1: 1140713, 2: 396844, 3: 117707, 4: 1994
DFA state entries in window  : 1: 100, 2: 94, 3: 88, 4: 84
DFA state entries cumulative : 1: 7200, 2: 3802, 3: 2604, 4: 1994
transitions cumulative       : 1->2: 3802, 2->3: 2604, 3->4: 1994
accepted directly from s0    : 0
Gym endings cumulative       : terminated=5165, truncated=41

[Episode 7300/8000 | last 100]
success rate                : 72.0% (cumulative 28.3%)
failure rate                : 0.0% (cumulative 0.0%)
completed cycles / episode  : 0.000
synthetic task reward       : 7200.000
shaping reward              : 6699.647
learning reward             : 13899.647
episode length              : 248.9
abstract changes / episode  : 204.7
same abstract-state steps   : 17.8%
same-state shaping / episode: 0.000
changed-state shaping / ep. : 6699.647
terminal shaping / episode  : 76.211
DFA transitions / episode   : 2.44
DFA transitions in window   : 1->2: 90, 2->3: 82, 3->4: 72
epsilon (next episode)       : 0.05390
replay buffer                : 300000 samples [1: 56.6%, 2: 31.7%, 3: 11.6%, 4: 0.0%]
DFA state visits in window   : 1: 14441, 2: 7661, 3: 2819, 4: 72
DFA state visits cumulative  : 1: 1155154, 2: 404505, 3: 120526, 4: 2066
DFA state entries in window  : 1: 100, 2: 90, 3: 82, 4: 72
DFA state entries cumulative : 1: 7300, 2: 3892, 3: 2686, 4: 2066
transitions cumulative       : 1->2: 3892, 2->3: 2686, 3->4: 2066
accepted directly from s0    : 0
Gym endings cumulative       : terminated=5193, truncated=41

[Episode 7400/8000 | last 100]
success rate                : 91.0% (cumulative 29.1%)
failure rate                : 0.0% (cumulative 0.0%)
completed cycles / episode  : 0.000
synthetic task reward       : 9100.000
shaping reward              : 7777.075
learning reward             : 16877.075
episode length              : 242.4
abstract changes / episode  : 195.6
same abstract-state steps   : 19.3%
same-state shaping / episode: 0.000
changed-state shaping / ep. : 7777.075
terminal shaping / episode  : 104.908
DFA transitions / episode   : 2.81
DFA transitions in window   : 1->2: 96, 2->3: 94, 3->4: 91
epsilon (next episode)       : 0.05179
replay buffer                : 300000 samples [1: 56.7%, 2: 31.7%, 3: 11.6%, 4: 0.0%]
DFA state visits in window   : 1: 13395, 2: 7852, 3: 3006, 4: 91
DFA state visits cumulative  : 1: 1168549, 2: 412357, 3: 123532, 4: 2157
DFA state entries in window  : 1: 100, 2: 96, 3: 94, 4: 91
DFA state entries cumulative : 1: 7400, 2: 3988, 3: 2780, 4: 2157
transitions cumulative       : 1->2: 3988, 2->3: 2780, 3->4: 2157
accepted directly from s0    : 0
Gym endings cumulative       : terminated=5202, truncated=41

[Episode 7500/8000 | last 100]
success rate                : 94.0% (cumulative 30.0%)
failure rate                : 0.0% (cumulative 0.0%)
completed cycles / episode  : 0.000
synthetic task reward       : 9400.000
shaping reward              : 7811.901
learning reward             : 17211.901
episode length              : 266.0
abstract changes / episode  : 206.6
same abstract-state steps   : 22.3%
same-state shaping / episode: 0.000
changed-state shaping / ep. : 7811.901
terminal shaping / episode  : 119.663
DFA transitions / episode   : 2.84
DFA transitions in window   : 1->2: 95, 2->3: 95, 3->4: 94
epsilon (next episode)       : 0.04976
replay buffer                : 300000 samples [1: 56.5%, 2: 31.7%, 3: 11.8%, 4: 0.0%]
DFA state visits in window   : 1: 16206, 2: 7279, 3: 3124, 4: 94
DFA state visits cumulative  : 1: 1184755, 2: 419636, 3: 126656, 4: 2251
DFA state entries in window  : 1: 100, 2: 95, 3: 95, 4: 94
DFA state entries cumulative : 1: 7500, 2: 4083, 3: 2875, 4: 2251
transitions cumulative       : 1->2: 4083, 2->3: 2875, 3->4: 2251
accepted directly from s0    : 0
Gym endings cumulative       : terminated=5208, truncated=41

Starting autonomous greedy evaluation at episode 7500 (1000 fixed-seed episodes)...
[Greedy evaluation at episode 7500 | 1000 fixed-seed episodes]
success=99.9%, failure=0.0%, task reward=9990.000, length=250.9
DFA transitions: 1->2: 1000, 2->3: 999, 3->4: 999
Best policy updated from autonomous greedy evaluation at episode 7500.

[Episode 7600/8000 | last 100]
success rate                : 90.0% (cumulative 30.8%)
failure rate                : 0.0% (cumulative 0.0%)
completed cycles / episode  : 0.000
synthetic task reward       : 9000.000
shaping reward              : 7501.322
learning reward             : 16501.322
episode length              : 314.6
abstract changes / episode  : 245.5
same abstract-state steps   : 22.0%
same-state shaping / episode: 0.000
changed-state shaping / ep. : 7501.322
terminal shaping / episode  : 102.491
DFA transitions / episode   : 2.75
DFA transitions in window   : 1->2: 95, 2->3: 90, 3->4: 90
epsilon (next episode)       : 0.04781
replay buffer                : 300000 samples [1: 57.2%, 2: 31.2%, 3: 11.6%, 4: 0.0%]
DFA state visits in window   : 1: 20889, 2: 7643, 3: 2942, 4: 90
DFA state visits cumulative  : 1: 1205644, 2: 427279, 3: 129598, 4: 2341
DFA state entries in window  : 1: 100, 2: 95, 3: 90, 4: 90
DFA state entries cumulative : 1: 7600, 2: 4178, 3: 2965, 4: 2341
transitions cumulative       : 1->2: 4178, 2->3: 2965, 3->4: 2341
accepted directly from s0    : 0
Gym endings cumulative       : terminated=5218, truncated=41

[Episode 7700/8000 | last 100]
success rate                : 86.0% (cumulative 31.5%)
failure rate                : 0.0% (cumulative 0.0%)
completed cycles / episode  : 0.000
synthetic task reward       : 8600.000
shaping reward              : 7341.324
learning reward             : 15941.324
episode length              : 251.9
abstract changes / episode  : 202.0
same abstract-state steps   : 19.8%
same-state shaping / episode: 0.000
changed-state shaping / ep. : 7341.324
terminal shaping / episode  : 102.465
DFA transitions / episode   : 2.71
DFA transitions in window   : 1->2: 97, 2->3: 88, 3->4: 86
epsilon (next episode)       : 0.04593
replay buffer                : 300000 samples [1: 57.8%, 2: 30.5%, 3: 11.6%, 4: 0.0%]
DFA state visits in window   : 1: 14337, 2: 8157, 3: 2713, 4: 86
DFA state visits cumulative  : 1: 1219981, 2: 435436, 3: 132311, 4: 2427
DFA state entries in window  : 1: 100, 2: 97, 3: 88, 4: 86
DFA state entries cumulative : 1: 7700, 2: 4275, 3: 3053, 4: 2427
transitions cumulative       : 1->2: 4275, 2->3: 3053, 3->4: 2427
accepted directly from s0    : 0
Gym endings cumulative       : terminated=5232, truncated=41

[Episode 7800/8000 | last 100]
success rate                : 85.0% (cumulative 32.2%)
failure rate                : 0.0% (cumulative 0.0%)
completed cycles / episode  : 0.000
synthetic task reward       : 8500.000
shaping reward              : 7482.118
learning reward             : 15982.118
episode length              : 255.8
abstract changes / episode  : 200.2
same abstract-state steps   : 21.7%
same-state shaping / episode: 0.000
changed-state shaping / ep. : 7482.118
terminal shaping / episode  : 98.099
DFA transitions / episode   : 2.76
DFA transitions in window   : 1->2: 100, 2->3: 91, 3->4: 85
epsilon (next episode)       : 0.04413
replay buffer                : 300000 samples [1: 57.9%, 2: 30.4%, 3: 11.7%, 4: 0.0%]
DFA state visits in window   : 1: 14125, 2: 8319, 3: 3147, 4: 85
DFA state visits cumulative  : 1: 1234106, 2: 443755, 3: 135458, 4: 2512
DFA state entries in window  : 1: 100, 2: 100, 3: 91, 4: 85
DFA state entries cumulative : 1: 7800, 2: 4375, 3: 3144, 4: 2512
transitions cumulative       : 1->2: 4375, 2->3: 3144, 3->4: 2512
accepted directly from s0    : 0
Gym endings cumulative       : terminated=5247, truncated=41

[Episode 7900/8000 | last 100]
success rate                : 74.0% (cumulative 32.7%)
failure rate                : 0.0% (cumulative 0.0%)
completed cycles / episode  : 0.000
synthetic task reward       : 7400.000
shaping reward              : 6661.467
learning reward             : 14061.467
episode length              : 279.5
abstract changes / episode  : 217.4
same abstract-state steps   : 22.2%
same-state shaping / episode: 0.000
changed-state shaping / ep. : 6661.467
terminal shaping / episode  : 81.166
DFA transitions / episode   : 2.53
DFA transitions in window   : 1->2: 97, 2->3: 82, 3->4: 74
epsilon (next episode)       : 0.04240
replay buffer                : 300000 samples [1: 58.1%, 2: 30.1%, 3: 11.9%, 4: 0.0%]
DFA state visits in window   : 1: 15692, 2: 8387, 3: 3895, 4: 74
DFA state visits cumulative  : 1: 1249798, 2: 452142, 3: 139353, 4: 2586
DFA state entries in window  : 1: 100, 2: 97, 3: 82, 4: 74
DFA state entries cumulative : 1: 7900, 2: 4472, 3: 3226, 4: 2586
transitions cumulative       : 1->2: 4472, 2->3: 3226, 3->4: 2586
accepted directly from s0    : 0
Gym endings cumulative       : terminated=5272, truncated=42

[Episode 8000/8000 | last 100]
success rate                : 65.0% (cumulative 33.1%)
failure rate                : 0.0% (cumulative 0.0%)
completed cycles / episode  : 0.000
synthetic task reward       : 6500.000
shaping reward              : 5827.948
learning reward             : 12327.948
episode length              : 258.4
abstract changes / episode  : 203.9
same abstract-state steps   : 21.1%
same-state shaping / episode: 0.000
changed-state shaping / ep. : 5827.948
terminal shaping / episode  : 67.456
DFA transitions / episode   : 2.31
DFA transitions in window   : 1->2: 98, 2->3: 68, 3->4: 65
epsilon (next episode)       : 0.04074
replay buffer                : 300000 samples [1: 57.8%, 2: 30.5%, 3: 11.7%, 4: 0.0%]
DFA state visits in window   : 1: 13200, 2: 9561, 3: 3116, 4: 65
DFA state visits cumulative  : 1: 1262998, 2: 461703, 3: 142469, 4: 2651
DFA state entries in window  : 1: 100, 2: 98, 3: 68, 4: 65
DFA state entries cumulative : 1: 8000, 2: 4570, 3: 3294, 4: 2651
transitions cumulative       : 1->2: 4570, 2->3: 3294, 3->4: 2651
accepted directly from s0    : 0
Gym endings cumulative       : terminated=5307, truncated=42

Starting autonomous greedy evaluation at episode 8000 (1000 fixed-seed episodes)...
[Greedy evaluation at episode 8000 | 1000 fixed-seed episodes]
success=89.6%, failure=0.0%, task reward=8960.000, length=238.0
DFA transitions: 1->2: 988, 2->3: 904, 3->4: 896
Last policy saved after episode 8000. Best greedy evaluation: episode 7500, mean task reward=9990.000
