
=== NEW RUN ===
episodes=8000, shaping=True, goal_reward=10000.0, gamma=0.99
gamma_shaping=1.0, shaping_formula=gamma_shaping*Phi(next)-Phi(state)
eval_interval=500, eval_episodes=1000, eval_seed=100000
inter_level_shaping=False, inter_level_formula=gamma*Phi(next)-Phi(state)
formula=F(wp1 & X(F(g1)))
regions={wp1: {'center': [-0.75, 1.0625], 'radius': 0.1}, g1: {'center': [0.75, 1.0625], 'radius': 0.1}}
dfa_states=[1, 2, 3], pre_trace=1, accepting=[3], failure=[]

[Episode 1/8000 | last 1]
success rate                : 0.0% (cumulative 0.0%)
failure rate                : 0.0% (cumulative 0.0%)
synthetic task reward       : 0.000
shaping reward              : -781.553
learning reward             : -781.553
episode length              : 103.0
abstract changes / episode  : 86.0
DFA transitions / episode   : 0.00
DFA transitions in window   : none
epsilon (next episode)       : 0.99960
replay buffer                : 103 samples [1: 100.0%, 2: 0.0%, 3: 0.0%]
DFA state visits in window   : 1: 104, 2: 0, 3: 0
DFA state visits cumulative  : 1: 104, 2: 0, 3: 0
DFA state entries in window  : 1: 1, 2: 0, 3: 0
DFA state entries cumulative : 1: 1, 2: 0, 3: 0
transitions cumulative       : none
accepted directly from s0    : 0
Gym endings cumulative       : terminated=1, truncated=0

[Episode 100/8000 | last 100]
success rate                : 0.0% (cumulative 0.0%)
failure rate                : 0.0% (cumulative 0.0%)
synthetic task reward       : 0.000
shaping reward              : -780.227
learning reward             : -780.227
episode length              : 92.2
abstract changes / episode  : 82.0
DFA transitions / episode   : 0.01
DFA transitions in window   : 1->2: 1
epsilon (next episode)       : 0.96078
replay buffer                : 9222 samples [1: 99.8%, 2: 0.2%, 3: 0.0%]
DFA state visits in window   : 1: 9302, 2: 20, 3: 0
DFA state visits cumulative  : 1: 9302, 2: 20, 3: 0
DFA state entries in window  : 1: 100, 2: 1, 3: 0
DFA state entries cumulative : 1: 100, 2: 1, 3: 0
transitions cumulative       : 1->2: 1
accepted directly from s0    : 0
Gym endings cumulative       : terminated=100, truncated=0

[Episode 200/8000 | last 100]
success rate                : 0.0% (cumulative 0.0%)
failure rate                : 0.0% (cumulative 0.0%)
synthetic task reward       : 0.000
shaping reward              : -690.923
learning reward             : -690.923
episode length              : 93.1
abstract changes / episode  : 82.5
DFA transitions / episode   : 0.03
DFA transitions in window   : 1->2: 3
epsilon (next episode)       : 0.92310
replay buffer                : 18535 samples [1: 99.6%, 2: 0.4%, 3: 0.0%]
DFA state visits in window   : 1: 9346, 2: 67, 3: 0
DFA state visits cumulative  : 1: 18648, 2: 87, 3: 0
DFA state entries in window  : 1: 100, 2: 3, 3: 0
DFA state entries cumulative : 1: 200, 2: 4, 3: 0
transitions cumulative       : 1->2: 4
accepted directly from s0    : 0
Gym endings cumulative       : terminated=200, truncated=0

[Episode 300/8000 | last 100]
success rate                : 0.0% (cumulative 0.0%)
failure rate                : 0.0% (cumulative 0.0%)
synthetic task reward       : 0.000
shaping reward              : -700.459
learning reward             : -700.459
episode length              : 93.5
abstract changes / episode  : 83.7
DFA transitions / episode   : 0.03
DFA transitions in window   : 1->2: 3
epsilon (next episode)       : 0.88690
replay buffer                : 27882 samples [1: 99.5%, 2: 0.5%, 3: 0.0%]
DFA state visits in window   : 1: 9391, 2: 56, 3: 0
DFA state visits cumulative  : 1: 28039, 2: 143, 3: 0
DFA state entries in window  : 1: 100, 2: 3, 3: 0
DFA state entries cumulative : 1: 300, 2: 7, 3: 0
transitions cumulative       : 1->2: 7
accepted directly from s0    : 0
Gym endings cumulative       : terminated=300, truncated=0

[Episode 400/8000 | last 100]
success rate                : 0.0% (cumulative 0.0%)
failure rate                : 0.0% (cumulative 0.0%)
synthetic task reward       : 0.000
shaping reward              : -677.130
learning reward             : -677.130
episode length              : 102.4
abstract changes / episode  : 85.4
DFA transitions / episode   : 0.04
DFA transitions in window   : 1->2: 4
epsilon (next episode)       : 0.85212
replay buffer                : 38124 samples [1: 99.4%, 2: 0.6%, 3: 0.0%]
DFA state visits in window   : 1: 10258, 2: 84, 3: 0
DFA state visits cumulative  : 1: 38297, 2: 227, 3: 0
DFA state entries in window  : 1: 100, 2: 4, 3: 0
DFA state entries cumulative : 1: 400, 2: 11, 3: 0
transitions cumulative       : 1->2: 11
accepted directly from s0    : 0
Gym endings cumulative       : terminated=400, truncated=0

[Episode 500/8000 | last 100]
success rate                : 0.0% (cumulative 0.0%)
failure rate                : 0.0% (cumulative 0.0%)
synthetic task reward       : 0.000
shaping reward              : -634.645
learning reward             : -634.645
episode length              : 102.7
abstract changes / episode  : 90.4
DFA transitions / episode   : 0.05
DFA transitions in window   : 1->2: 5
epsilon (next episode)       : 0.81870
replay buffer                : 48389 samples [1: 99.3%, 2: 0.7%, 3: 0.0%]
DFA state visits in window   : 1: 10258, 2: 107, 3: 0
DFA state visits cumulative  : 1: 48555, 2: 334, 3: 0
DFA state entries in window  : 1: 100, 2: 5, 3: 0
DFA state entries cumulative : 1: 500, 2: 16, 3: 0
transitions cumulative       : 1->2: 16
accepted directly from s0    : 0
Gym endings cumulative       : terminated=500, truncated=0

Starting autonomous greedy evaluation at episode 500 (1000 fixed-seed episodes)...
[Greedy evaluation at episode 500 | 1000 fixed-seed episodes]
success=0.0%, failure=0.0%, task reward=0.000, length=193.3
DFA transitions: none
Best policy updated from autonomous greedy evaluation at episode 500.

[Episode 600/8000 | last 100]
success rate                : 0.0% (cumulative 0.0%)
failure rate                : 0.0% (cumulative 0.0%)
synthetic task reward       : 0.000
shaping reward              : -683.681
learning reward             : -683.681
episode length              : 104.8
abstract changes / episode  : 93.3
DFA transitions / episode   : 0.04
DFA transitions in window   : 1->2: 4
epsilon (next episode)       : 0.78659
replay buffer                : 58867 samples [1: 99.3%, 2: 0.7%, 3: 0.0%]
DFA state visits in window   : 1: 10472, 2: 106, 3: 0
DFA state visits cumulative  : 1: 59027, 2: 440, 3: 0
DFA state entries in window  : 1: 100, 2: 4, 3: 0
DFA state entries cumulative : 1: 600, 2: 20, 3: 0
transitions cumulative       : 1->2: 20
accepted directly from s0    : 0
Gym endings cumulative       : terminated=600, truncated=0

[Episode 700/8000 | last 100]
success rate                : 0.0% (cumulative 0.0%)
failure rate                : 0.0% (cumulative 0.0%)
synthetic task reward       : 0.000
shaping reward              : -661.641
learning reward             : -661.641
episode length              : 106.1
abstract changes / episode  : 94.8
DFA transitions / episode   : 0.03
DFA transitions in window   : 1->2: 3
epsilon (next episode)       : 0.75574
replay buffer                : 69480 samples [1: 99.3%, 2: 0.7%, 3: 0.0%]
DFA state visits in window   : 1: 10628, 2: 85, 3: 0
DFA state visits cumulative  : 1: 69655, 2: 525, 3: 0
DFA state entries in window  : 1: 100, 2: 3, 3: 0
DFA state entries cumulative : 1: 700, 2: 23, 3: 0
transitions cumulative       : 1->2: 23
accepted directly from s0    : 0
Gym endings cumulative       : terminated=700, truncated=0

[Episode 800/8000 | last 100]
success rate                : 0.0% (cumulative 0.0%)
failure rate                : 0.0% (cumulative 0.0%)
synthetic task reward       : 0.000
shaping reward              : -700.303
learning reward             : -700.303
episode length              : 111.5
abstract changes / episode  : 98.2
DFA transitions / episode   : 0.01
DFA transitions in window   : 1->2: 1
epsilon (next episode)       : 0.72610
replay buffer                : 80626 samples [1: 99.3%, 2: 0.7%, 3: 0.0%]
DFA state visits in window   : 1: 11202, 2: 44, 3: 0
DFA state visits cumulative  : 1: 80857, 2: 569, 3: 0
DFA state entries in window  : 1: 100, 2: 1, 3: 0
DFA state entries cumulative : 1: 800, 2: 24, 3: 0
transitions cumulative       : 1->2: 24
accepted directly from s0    : 0
Gym endings cumulative       : terminated=800, truncated=0

[Episode 900/8000 | last 100]
success rate                : 0.0% (cumulative 0.0%)
failure rate                : 0.0% (cumulative 0.0%)
synthetic task reward       : 0.000
shaping reward              : -667.680
learning reward             : -667.680
episode length              : 113.2
abstract changes / episode  : 101.9
DFA transitions / episode   : 0.00
DFA transitions in window   : none
epsilon (next episode)       : 0.69763
replay buffer                : 91946 samples [1: 99.4%, 2: 0.6%, 3: 0.0%]
DFA state visits in window   : 1: 11420, 2: 0, 3: 0
DFA state visits cumulative  : 1: 92277, 2: 569, 3: 0
DFA state entries in window  : 1: 100, 2: 0, 3: 0
DFA state entries cumulative : 1: 900, 2: 24, 3: 0
transitions cumulative       : 1->2: 24
accepted directly from s0    : 0
Gym endings cumulative       : terminated=900, truncated=0

[Episode 1000/8000 | last 100]
success rate                : 0.0% (cumulative 0.0%)
failure rate                : 0.0% (cumulative 0.0%)
synthetic task reward       : 0.000
shaping reward              : -549.605
learning reward             : -549.605
episode length              : 119.1
abstract changes / episode  : 102.5
DFA transitions / episode   : 0.04
DFA transitions in window   : 1->2: 4
epsilon (next episode)       : 0.67027
replay buffer                : 103859 samples [1: 99.4%, 2: 0.6%, 3: 0.0%]
DFA state visits in window   : 1: 11900, 2: 113, 3: 0
DFA state visits cumulative  : 1: 104177, 2: 682, 3: 0
DFA state entries in window  : 1: 100, 2: 4, 3: 0
DFA state entries cumulative : 1: 1000, 2: 28, 3: 0
transitions cumulative       : 1->2: 28
accepted directly from s0    : 0
Gym endings cumulative       : terminated=1000, truncated=0

Starting autonomous greedy evaluation at episode 1000 (1000 fixed-seed episodes)...
[Greedy evaluation at episode 1000 | 1000 fixed-seed episodes]
success=0.0%, failure=0.0%, task reward=0.000, length=161.3
DFA transitions: 1->2: 998
Best policy updated from autonomous greedy evaluation at episode 1000.

[Episode 1100/8000 | last 100]
success rate                : 0.0% (cumulative 0.0%)
failure rate                : 0.0% (cumulative 0.0%)
synthetic task reward       : 0.000
shaping reward              : -542.400
learning reward             : -542.400
episode length              : 111.2
abstract changes / episode  : 101.4
DFA transitions / episode   : 0.05
DFA transitions in window   : 1->2: 5
epsilon (next episode)       : 0.64398
replay buffer                : 114984 samples [1: 99.3%, 2: 0.7%, 3: 0.0%]
DFA state visits in window   : 1: 11082, 2: 143, 3: 0
DFA state visits cumulative  : 1: 115259, 2: 825, 3: 0
DFA state entries in window  : 1: 100, 2: 5, 3: 0
DFA state entries cumulative : 1: 1100, 2: 33, 3: 0
transitions cumulative       : 1->2: 33
accepted directly from s0    : 0
Gym endings cumulative       : terminated=1100, truncated=0

[Episode 1200/8000 | last 100]
success rate                : 0.0% (cumulative 0.0%)
failure rate                : 0.0% (cumulative 0.0%)
synthetic task reward       : 0.000
shaping reward              : -612.269
learning reward             : -612.269
episode length              : 120.4
abstract changes / episode  : 107.5
DFA transitions / episode   : 0.02
DFA transitions in window   : 1->2: 2
epsilon (next episode)       : 0.61872
replay buffer                : 127027 samples [1: 99.3%, 2: 0.7%, 3: 0.0%]
DFA state visits in window   : 1: 12083, 2: 60, 3: 0
DFA state visits cumulative  : 1: 127342, 2: 885, 3: 0
DFA state entries in window  : 1: 100, 2: 2, 3: 0
DFA state entries cumulative : 1: 1200, 2: 35, 3: 0
transitions cumulative       : 1->2: 35
accepted directly from s0    : 0
Gym endings cumulative       : terminated=1200, truncated=0

[Episode 1300/8000 | last 100]
success rate                : 0.0% (cumulative 0.0%)
failure rate                : 0.0% (cumulative 0.0%)
synthetic task reward       : 0.000
shaping reward              : -609.857
learning reward             : -609.857
episode length              : 124.4
abstract changes / episode  : 111.4
DFA transitions / episode   : 0.02
DFA transitions in window   : 1->2: 2
epsilon (next episode)       : 0.59446
replay buffer                : 139470 samples [1: 99.4%, 2: 0.6%, 3: 0.0%]
DFA state visits in window   : 1: 12487, 2: 56, 3: 0
DFA state visits cumulative  : 1: 139829, 2: 941, 3: 0
DFA state entries in window  : 1: 100, 2: 2, 3: 0
DFA state entries cumulative : 1: 1300, 2: 37, 3: 0
transitions cumulative       : 1->2: 37
accepted directly from s0    : 0
Gym endings cumulative       : terminated=1300, truncated=0

[Episode 1400/8000 | last 100]
success rate                : 0.0% (cumulative 0.0%)
failure rate                : 0.0% (cumulative 0.0%)
synthetic task reward       : 0.000
shaping reward              : -545.037
learning reward             : -545.037
episode length              : 125.3
abstract changes / episode  : 111.4
DFA transitions / episode   : 0.03
DFA transitions in window   : 1->2: 3
epsilon (next episode)       : 0.57115
replay buffer                : 151996 samples [1: 99.3%, 2: 0.7%, 3: 0.0%]
DFA state visits in window   : 1: 12525, 2: 101, 3: 0
DFA state visits cumulative  : 1: 152354, 2: 1042, 3: 0
DFA state entries in window  : 1: 100, 2: 3, 3: 0
DFA state entries cumulative : 1: 1400, 2: 40, 3: 0
transitions cumulative       : 1->2: 40
accepted directly from s0    : 0
Gym endings cumulative       : terminated=1400, truncated=0

[Episode 1500/8000 | last 100]
success rate                : 0.0% (cumulative 0.0%)
failure rate                : 0.0% (cumulative 0.0%)
synthetic task reward       : 0.000
shaping reward              : -618.216
learning reward             : -618.216
episode length              : 137.4
abstract changes / episode  : 121.5
DFA transitions / episode   : 0.03
DFA transitions in window   : 1->2: 3
epsilon (next episode)       : 0.54875
replay buffer                : 165734 samples [1: 99.3%, 2: 0.7%, 3: 0.0%]
DFA state visits in window   : 1: 13738, 2: 100, 3: 0
DFA state visits cumulative  : 1: 166092, 2: 1142, 3: 0
DFA state entries in window  : 1: 100, 2: 3, 3: 0
DFA state entries cumulative : 1: 1500, 2: 43, 3: 0
transitions cumulative       : 1->2: 43
accepted directly from s0    : 0
Gym endings cumulative       : terminated=1500, truncated=0

Starting autonomous greedy evaluation at episode 1500 (1000 fixed-seed episodes)...
[Greedy evaluation at episode 1500 | 1000 fixed-seed episodes]
success=0.0%, failure=0.0%, task reward=0.000, length=207.1
DFA transitions: 1->2: 365

[Episode 1600/8000 | last 100]
success rate                : 0.0% (cumulative 0.0%)
failure rate                : 0.0% (cumulative 0.0%)
synthetic task reward       : 0.000
shaping reward              : -418.039
learning reward             : -418.039
episode length              : 135.4
abstract changes / episode  : 111.3
DFA transitions / episode   : 0.07
DFA transitions in window   : 1->2: 7
epsilon (next episode)       : 0.52722
replay buffer                : 179271 samples [1: 99.3%, 2: 0.7%, 3: 0.0%]
DFA state visits in window   : 1: 13507, 2: 130, 3: 0
DFA state visits cumulative  : 1: 179599, 2: 1272, 3: 0
DFA state entries in window  : 1: 100, 2: 7, 3: 0
DFA state entries cumulative : 1: 1600, 2: 50, 3: 0
transitions cumulative       : 1->2: 50
accepted directly from s0    : 0
Gym endings cumulative       : terminated=1599, truncated=1

[Episode 1700/8000 | last 100]
success rate                : 0.0% (cumulative 0.0%)
failure rate                : 0.0% (cumulative 0.0%)
synthetic task reward       : 0.000
shaping reward              : -269.032
learning reward             : -269.032
episode length              : 123.2
abstract changes / episode  : 92.9
DFA transitions / episode   : 0.13
DFA transitions in window   : 1->2: 13
epsilon (next episode)       : 0.50655
replay buffer                : 191592 samples [1: 99.2%, 2: 0.8%, 3: 0.0%]
DFA state visits in window   : 1: 12192, 2: 229, 3: 0
DFA state visits cumulative  : 1: 191791, 2: 1501, 3: 0
DFA state entries in window  : 1: 100, 2: 13, 3: 0
DFA state entries cumulative : 1: 1700, 2: 63, 3: 0
transitions cumulative       : 1->2: 63
accepted directly from s0    : 0
Gym endings cumulative       : terminated=1697, truncated=3

[Episode 1800/8000 | last 100]
success rate                : 0.0% (cumulative 0.0%)
failure rate                : 0.0% (cumulative 0.0%)
synthetic task reward       : 0.000
shaping reward              : -421.273
learning reward             : -421.273
episode length              : 160.6
abstract changes / episode  : 114.2
DFA transitions / episode   : 0.09
DFA transitions in window   : 1->2: 9
epsilon (next episode)       : 0.48668
replay buffer                : 207651 samples [1: 99.1%, 2: 0.9%, 3: 0.0%]
DFA state visits in window   : 1: 15703, 2: 456, 3: 0
DFA state visits cumulative  : 1: 207494, 2: 1957, 3: 0
DFA state entries in window  : 1: 100, 2: 9, 3: 0
DFA state entries cumulative : 1: 1800, 2: 72, 3: 0
transitions cumulative       : 1->2: 72
accepted directly from s0    : 0
Gym endings cumulative       : terminated=1794, truncated=6

[Episode 1900/8000 | last 100]
success rate                : 0.0% (cumulative 0.0%)
failure rate                : 0.0% (cumulative 0.0%)
synthetic task reward       : 0.000
shaping reward              : -317.678
learning reward             : -317.678
episode length              : 192.9
abstract changes / episode  : 136.2
DFA transitions / episode   : 0.09
DFA transitions in window   : 1->2: 9
epsilon (next episode)       : 0.46760
replay buffer                : 226942 samples [1: 98.8%, 2: 1.2%, 3: 0.0%]
DFA state visits in window   : 1: 18474, 2: 917, 3: 0
DFA state visits cumulative  : 1: 225968, 2: 2874, 3: 0
DFA state entries in window  : 1: 100, 2: 9, 3: 0
DFA state entries cumulative : 1: 1900, 2: 81, 3: 0
transitions cumulative       : 1->2: 81
accepted directly from s0    : 0
Gym endings cumulative       : terminated=1891, truncated=9

[Episode 2000/8000 | last 100]
success rate                : 0.0% (cumulative 0.0%)
failure rate                : 0.0% (cumulative 0.0%)
synthetic task reward       : 0.000
shaping reward              : -286.433
learning reward             : -286.433
episode length              : 174.3
abstract changes / episode  : 142.6
DFA transitions / episode   : 0.10
DFA transitions in window   : 1->2: 10
epsilon (next episode)       : 0.44926
replay buffer                : 244377 samples [1: 98.5%, 2: 1.5%, 3: 0.0%]
DFA state visits in window   : 1: 16740, 2: 795, 3: 0
DFA state visits cumulative  : 1: 242708, 2: 3669, 3: 0
DFA state entries in window  : 1: 100, 2: 10, 3: 0
DFA state entries cumulative : 1: 2000, 2: 91, 3: 0
transitions cumulative       : 1->2: 91
accepted directly from s0    : 0
Gym endings cumulative       : terminated=1991, truncated=9

Starting autonomous greedy evaluation at episode 2000 (1000 fixed-seed episodes)...
[Greedy evaluation at episode 2000 | 1000 fixed-seed episodes]
success=0.0%, failure=0.0%, task reward=0.000, length=193.9
DFA transitions: none

[Episode 2100/8000 | last 100]
success rate                : 1.0% (cumulative 0.0%)
failure rate                : 0.0% (cumulative 0.0%)
synthetic task reward       : 100.000
shaping reward              : -37.823
learning reward             : 62.177
episode length              : 173.5
abstract changes / episode  : 146.7
DFA transitions / episode   : 0.20
DFA transitions in window   : 1->2: 19, 2->3: 1
epsilon (next episode)       : 0.43164
replay buffer                : 261723 samples [1: 97.9%, 2: 2.1%, 3: 0.0%]
DFA state visits in window   : 1: 15636, 2: 1809, 3: 1
DFA state visits cumulative  : 1: 258344, 2: 5478, 3: 1
DFA state entries in window  : 1: 100, 2: 19, 3: 1
DFA state entries cumulative : 1: 2100, 2: 110, 3: 1
transitions cumulative       : 1->2: 110, 2->3: 1
accepted directly from s0    : 0
Gym endings cumulative       : terminated=2090, truncated=9

[Episode 2200/8000 | last 100]
success rate                : 0.0% (cumulative 0.0%)
failure rate                : 0.0% (cumulative 0.0%)
synthetic task reward       : 0.000
shaping reward              : 171.071
learning reward             : 171.071
episode length              : 271.4
abstract changes / episode  : 212.3
DFA transitions / episode   : 0.18
DFA transitions in window   : 1->2: 18
epsilon (next episode)       : 0.41471
replay buffer                : 288866 samples [1: 97.4%, 2: 2.6%, 3: 0.0%]
DFA state visits in window   : 1: 25071, 2: 2172, 3: 0
DFA state visits cumulative  : 1: 283415, 2: 7650, 3: 1
DFA state entries in window  : 1: 100, 2: 18, 3: 0
DFA state entries cumulative : 1: 2200, 2: 128, 3: 1
transitions cumulative       : 1->2: 128, 2->3: 1
accepted directly from s0    : 0
Gym endings cumulative       : terminated=2189, truncated=10

[Episode 2300/8000 | last 100]
success rate                : 0.0% (cumulative 0.0%)
failure rate                : 0.0% (cumulative 0.0%)
synthetic task reward       : 0.000
shaping reward              : -62.705
learning reward             : -62.705
episode length              : 187.3
abstract changes / episode  : 150.2
DFA transitions / episode   : 0.17
DFA transitions in window   : 1->2: 17
epsilon (next episode)       : 0.39845
replay buffer                : 300000 samples [1: 97.0%, 2: 3.0%, 3: 0.0%]
DFA state visits in window   : 1: 17406, 2: 1428, 3: 0
DFA state visits cumulative  : 1: 300821, 2: 9078, 3: 1
DFA state entries in window  : 1: 100, 2: 17, 3: 0
DFA state entries cumulative : 1: 2300, 2: 145, 3: 1
transitions cumulative       : 1->2: 145, 2->3: 1
accepted directly from s0    : 0
Gym endings cumulative       : terminated=2289, truncated=10

[Episode 2400/8000 | last 100]
success rate                : 2.0% (cumulative 0.1%)
failure rate                : 0.0% (cumulative 0.0%)
synthetic task reward       : 200.000
shaping reward              : 336.372
learning reward             : 536.372
episode length              : 187.7
abstract changes / episode  : 150.2
DFA transitions / episode   : 0.30
DFA transitions in window   : 1->2: 28, 2->3: 2
epsilon (next episode)       : 0.38282
replay buffer                : 300000 samples [1: 96.3%, 2: 3.7%, 3: 0.0%]
DFA state visits in window   : 1: 16611, 2: 2257, 3: 2
DFA state visits cumulative  : 1: 317432, 2: 11335, 3: 3
DFA state entries in window  : 1: 100, 2: 28, 3: 2
DFA state entries cumulative : 1: 2400, 2: 173, 3: 3
transitions cumulative       : 1->2: 173, 2->3: 3
accepted directly from s0    : 0
Gym endings cumulative       : terminated=2387, truncated=10

[Episode 2500/8000 | last 100]
success rate                : 0.0% (cumulative 0.1%)
failure rate                : 0.0% (cumulative 0.0%)
synthetic task reward       : 0.000
shaping reward              : 284.773
learning reward             : 284.773
episode length              : 225.3
abstract changes / episode  : 177.7
DFA transitions / episode   : 0.31
DFA transitions in window   : 1->2: 31
epsilon (next episode)       : 0.36781
replay buffer                : 300000 samples [1: 95.6%, 2: 4.4%, 3: 0.0%]
DFA state visits in window   : 1: 20307, 2: 2321, 3: 0
DFA state visits cumulative  : 1: 337739, 2: 13656, 3: 3
DFA state entries in window  : 1: 100, 2: 31, 3: 0
DFA state entries cumulative : 1: 2500, 2: 204, 3: 3
transitions cumulative       : 1->2: 204, 2->3: 3
accepted directly from s0    : 0
Gym endings cumulative       : terminated=2487, truncated=10

Starting autonomous greedy evaluation at episode 2500 (1000 fixed-seed episodes)...
[Greedy evaluation at episode 2500 | 1000 fixed-seed episodes]
success=0.0%, failure=0.0%, task reward=0.000, length=392.3
DFA transitions: 1->2: 65

[Episode 2600/8000 | last 100]
success rate                : 1.0% (cumulative 0.2%)
failure rate                : 0.0% (cumulative 0.0%)
synthetic task reward       : 100.000
shaping reward              : 367.687
learning reward             : 467.687
episode length              : 223.5
abstract changes / episode  : 178.9
DFA transitions / episode   : 0.37
DFA transitions in window   : 1->2: 36, 2->3: 1
epsilon (next episode)       : 0.35338
replay buffer                : 300000 samples [1: 95.0%, 2: 5.0%, 3: 0.0%]
DFA state visits in window   : 1: 20334, 2: 2119, 3: 1
DFA state visits cumulative  : 1: 358073, 2: 15775, 3: 4
DFA state entries in window  : 1: 100, 2: 36, 3: 1
DFA state entries cumulative : 1: 2600, 2: 240, 3: 4
transitions cumulative       : 1->2: 240, 2->3: 4
accepted directly from s0    : 0
Gym endings cumulative       : terminated=2585, truncated=11

[Episode 2700/8000 | last 100]
success rate                : 3.0% (cumulative 0.3%)
failure rate                : 0.0% (cumulative 0.0%)
synthetic task reward       : 300.000
shaping reward              : 688.671
learning reward             : 988.671
episode length              : 241.0
abstract changes / episode  : 190.5
DFA transitions / episode   : 0.40
DFA transitions in window   : 1->2: 37, 2->3: 3
epsilon (next episode)       : 0.33952
replay buffer                : 300000 samples [1: 94.0%, 2: 6.0%, 3: 0.0%]
DFA state visits in window   : 1: 21253, 2: 2940, 3: 3
DFA state visits cumulative  : 1: 379326, 2: 18715, 3: 7
DFA state entries in window  : 1: 100, 2: 37, 3: 3
DFA state entries cumulative : 1: 2700, 2: 277, 3: 7
transitions cumulative       : 1->2: 277, 2->3: 7
accepted directly from s0    : 0
Gym endings cumulative       : terminated=2682, truncated=11

[Episode 2800/8000 | last 100]
success rate                : 6.0% (cumulative 0.5%)
failure rate                : 0.0% (cumulative 0.0%)
synthetic task reward       : 600.000
shaping reward              : 1145.345
learning reward             : 1745.345
episode length              : 263.5
abstract changes / episode  : 201.5
DFA transitions / episode   : 0.39
DFA transitions in window   : 1->2: 33, 2->3: 6
epsilon (next episode)       : 0.32621
replay buffer                : 300000 samples [1: 92.8%, 2: 7.2%, 3: 0.0%]
DFA state visits in window   : 1: 22591, 2: 3851, 3: 6
DFA state visits cumulative  : 1: 401917, 2: 22566, 3: 13
DFA state entries in window  : 1: 100, 2: 33, 3: 6
DFA state entries cumulative : 1: 2800, 2: 310, 3: 13
transitions cumulative       : 1->2: 310, 2->3: 13
accepted directly from s0    : 0
Gym endings cumulative       : terminated=2773, truncated=14

[Episode 2900/8000 | last 100]
success rate                : 5.0% (cumulative 0.6%)
failure rate                : 0.0% (cumulative 0.0%)
synthetic task reward       : 500.000
shaping reward              : 1154.891
learning reward             : 1654.891
episode length              : 273.6
abstract changes / episode  : 205.6
DFA transitions / episode   : 0.37
DFA transitions in window   : 1->2: 32, 2->3: 5
epsilon (next episode)       : 0.31341
replay buffer                : 300000 samples [1: 91.6%, 2: 8.4%, 3: 0.0%]
DFA state visits in window   : 1: 23373, 2: 4080, 3: 5
DFA state visits cumulative  : 1: 425290, 2: 26646, 3: 18
DFA state entries in window  : 1: 100, 2: 32, 3: 5
DFA state entries cumulative : 1: 2900, 2: 342, 3: 18
transitions cumulative       : 1->2: 342, 2->3: 18
accepted directly from s0    : 0
Gym endings cumulative       : terminated=2865, truncated=17

[Episode 3000/8000 | last 100]
success rate                : 8.0% (cumulative 0.9%)
failure rate                : 0.0% (cumulative 0.0%)
synthetic task reward       : 800.000
shaping reward              : 1500.872
learning reward             : 2300.872
episode length              : 239.6
abstract changes / episode  : 196.9
DFA transitions / episode   : 0.44
DFA transitions in window   : 1->2: 36, 2->3: 8
epsilon (next episode)       : 0.30112
replay buffer                : 300000 samples [1: 90.3%, 2: 9.7%, 3: 0.0%]
DFA state visits in window   : 1: 20043, 2: 4013, 3: 8
DFA state visits cumulative  : 1: 445333, 2: 30659, 3: 26
DFA state entries in window  : 1: 100, 2: 36, 3: 8
DFA state entries cumulative : 1: 3000, 2: 378, 3: 26
transitions cumulative       : 1->2: 378, 2->3: 26
accepted directly from s0    : 0
Gym endings cumulative       : terminated=2956, truncated=18

Starting autonomous greedy evaluation at episode 3000 (1000 fixed-seed episodes)...
[Greedy evaluation at episode 3000 | 1000 fixed-seed episodes]
success=1.0%, failure=0.0%, task reward=100.000, length=863.3
DFA transitions: 1->2: 84, 2->3: 10
Best policy updated from autonomous greedy evaluation at episode 3000.

[Episode 3100/8000 | last 100]
success rate                : 12.0% (cumulative 1.2%)
failure rate                : 0.0% (cumulative 0.0%)
synthetic task reward       : 1200.000
shaping reward              : 1681.460
learning reward             : 2881.460
episode length              : 281.4
abstract changes / episode  : 232.1
DFA transitions / episode   : 0.54
DFA transitions in window   : 1->2: 42, 2->3: 12
epsilon (next episode)       : 0.28931
replay buffer                : 300000 samples [1: 88.9%, 2: 11.1%, 3: 0.0%]
DFA state visits in window   : 1: 23625, 2: 4605, 3: 12
DFA state visits cumulative  : 1: 468958, 2: 35264, 3: 38
DFA state entries in window  : 1: 100, 2: 42, 3: 12
DFA state entries cumulative : 1: 3100, 2: 420, 3: 38
transitions cumulative       : 1->2: 420, 2->3: 38
accepted directly from s0    : 0
Gym endings cumulative       : terminated=3042, truncated=20

[Episode 3200/8000 | last 100]
success rate                : 17.0% (cumulative 1.7%)
failure rate                : 0.0% (cumulative 0.0%)
synthetic task reward       : 1700.000
shaping reward              : 3140.362
learning reward             : 4840.362
episode length              : 289.5
abstract changes / episode  : 240.2
DFA transitions / episode   : 0.77
DFA transitions in window   : 1->2: 60, 2->3: 17
epsilon (next episode)       : 0.27797
replay buffer                : 300000 samples [1: 86.9%, 2: 13.1%, 3: 0.0%]
DFA state visits in window   : 1: 21555, 2: 7478, 3: 17
DFA state visits cumulative  : 1: 490513, 2: 42742, 3: 55
DFA state entries in window  : 1: 100, 2: 60, 3: 17
DFA state entries cumulative : 1: 3200, 2: 480, 3: 55
transitions cumulative       : 1->2: 480, 2->3: 55
accepted directly from s0    : 0
Gym endings cumulative       : terminated=3125, truncated=20

[Episode 3300/8000 | last 100]
success rate                : 11.0% (cumulative 2.0%)
failure rate                : 0.0% (cumulative 0.0%)
synthetic task reward       : 1100.000
shaping reward              : 2490.725
learning reward             : 3590.725
episode length              : 287.1
abstract changes / episode  : 240.1
DFA transitions / episode   : 0.57
DFA transitions in window   : 1->2: 46, 2->3: 11
epsilon (next episode)       : 0.26706
replay buffer                : 300000 samples [1: 85.6%, 2: 14.4%, 3: 0.0%]
DFA state visits in window   : 1: 23058, 2: 5740, 3: 11
DFA state visits cumulative  : 1: 513571, 2: 48482, 3: 66
DFA state entries in window  : 1: 100, 2: 46, 3: 11
DFA state entries cumulative : 1: 3300, 2: 526, 3: 66
transitions cumulative       : 1->2: 526, 2->3: 66
accepted directly from s0    : 0
Gym endings cumulative       : terminated=3213, truncated=21

[Episode 3400/8000 | last 100]
success rate                : 31.0% (cumulative 2.9%)
failure rate                : 0.0% (cumulative 0.0%)
synthetic task reward       : 3100.000
shaping reward              : 3980.480
learning reward             : 7080.480
episode length              : 294.7
abstract changes / episode  : 250.1
DFA transitions / episode   : 0.98
DFA transitions in window   : 1->2: 67, 2->3: 31
epsilon (next episode)       : 0.25659
replay buffer                : 300000 samples [1: 83.6%, 2: 16.4%, 3: 0.0%]
DFA state visits in window   : 1: 20958, 2: 8580, 3: 31
DFA state visits cumulative  : 1: 534529, 2: 57062, 3: 97
DFA state entries in window  : 1: 100, 2: 67, 3: 31
DFA state entries cumulative : 1: 3400, 2: 593, 3: 97
transitions cumulative       : 1->2: 593, 2->3: 97
accepted directly from s0    : 0
Gym endings cumulative       : terminated=3282, truncated=21

[Episode 3500/8000 | last 100]
success rate                : 21.0% (cumulative 3.4%)
failure rate                : 0.0% (cumulative 0.0%)
synthetic task reward       : 2100.000
shaping reward              : 4260.222
learning reward             : 6360.222
episode length              : 278.7
abstract changes / episode  : 235.3
DFA transitions / episode   : 1.00
DFA transitions in window   : 1->2: 79, 2->3: 21
epsilon (next episode)       : 0.24653
replay buffer                : 300000 samples [1: 81.0%, 2: 19.0%, 3: 0.0%]
DFA state visits in window   : 1: 17516, 2: 10434, 3: 21
DFA state visits cumulative  : 1: 552045, 2: 67496, 3: 118
DFA state entries in window  : 1: 100, 2: 79, 3: 21
DFA state entries cumulative : 1: 3500, 2: 672, 3: 118
transitions cumulative       : 1->2: 672, 2->3: 118
accepted directly from s0    : 0
Gym endings cumulative       : terminated=3361, truncated=21

Starting autonomous greedy evaluation at episode 3500 (1000 fixed-seed episodes)...
[Greedy evaluation at episode 3500 | 1000 fixed-seed episodes]
success=2.9%, failure=0.0%, task reward=290.000, length=265.9
DFA transitions: 1->2: 991, 2->3: 29
Best policy updated from autonomous greedy evaluation at episode 3500.

[Episode 3600/8000 | last 100]
success rate                : 40.0% (cumulative 4.4%)
failure rate                : 0.0% (cumulative 0.0%)
synthetic task reward       : 4000.000
shaping reward              : 5577.859
learning reward             : 9577.859
episode length              : 305.4
abstract changes / episode  : 257.0
DFA transitions / episode   : 1.25
DFA transitions in window   : 1->2: 85, 2->3: 40
epsilon (next episode)       : 0.23686
replay buffer                : 300000 samples [1: 78.3%, 2: 21.7%, 3: 0.0%]
DFA state visits in window   : 1: 18923, 2: 11681, 3: 40
DFA state visits cumulative  : 1: 570968, 2: 79177, 3: 158
DFA state entries in window  : 1: 100, 2: 85, 3: 40
DFA state entries cumulative : 1: 3600, 2: 757, 3: 158
transitions cumulative       : 1->2: 757, 2->3: 158
accepted directly from s0    : 0
Gym endings cumulative       : terminated=3420, truncated=22

[Episode 3700/8000 | last 100]
success rate                : 55.0% (cumulative 5.8%)
failure rate                : 0.0% (cumulative 0.0%)
synthetic task reward       : 5500.000
shaping reward              : 6307.970
learning reward             : 11807.970
episode length              : 291.1
abstract changes / episode  : 238.2
DFA transitions / episode   : 1.41
DFA transitions in window   : 1->2: 86, 2->3: 55
epsilon (next episode)       : 0.22757
replay buffer                : 300000 samples [1: 75.6%, 2: 24.4%, 3: 0.0%]
DFA state visits in window   : 1: 18639, 2: 10518, 3: 55
DFA state visits cumulative  : 1: 589607, 2: 89695, 3: 213
DFA state entries in window  : 1: 100, 2: 86, 3: 55
DFA state entries cumulative : 1: 3700, 2: 843, 3: 213
transitions cumulative       : 1->2: 843, 2->3: 213
accepted directly from s0    : 0
Gym endings cumulative       : terminated=3465, truncated=22

[Episode 3800/8000 | last 100]
success rate                : 51.0% (cumulative 6.9%)
failure rate                : 0.0% (cumulative 0.0%)
synthetic task reward       : 5100.000
shaping reward              : 6030.093
learning reward             : 11130.093
episode length              : 324.9
abstract changes / episode  : 268.5
DFA transitions / episode   : 1.36
DFA transitions in window   : 1->2: 85, 2->3: 51
epsilon (next episode)       : 0.21865
replay buffer                : 300000 samples [1: 73.5%, 2: 26.5%, 3: 0.0%]
DFA state visits in window   : 1: 22459, 2: 10077, 3: 51
DFA state visits cumulative  : 1: 612066, 2: 99772, 3: 264
DFA state entries in window  : 1: 100, 2: 85, 3: 51
DFA state entries cumulative : 1: 3800, 2: 928, 3: 264
transitions cumulative       : 1->2: 928, 2->3: 264
accepted directly from s0    : 0
Gym endings cumulative       : terminated=3514, truncated=22

[Episode 3900/8000 | last 100]
success rate                : 47.0% (cumulative 8.0%)
failure rate                : 0.0% (cumulative 0.0%)
synthetic task reward       : 4700.000
shaping reward              : 5895.222
learning reward             : 10595.222
episode length              : 275.7
abstract changes / episode  : 230.5
DFA transitions / episode   : 1.33
DFA transitions in window   : 1->2: 86, 2->3: 47
epsilon (next episode)       : 0.21007
replay buffer                : 300000 samples [1: 71.8%, 2: 28.2%, 3: 0.0%]
DFA state visits in window   : 1: 17188, 2: 10436, 3: 47
DFA state visits cumulative  : 1: 629254, 2: 110208, 3: 311
DFA state entries in window  : 1: 100, 2: 86, 3: 47
DFA state entries cumulative : 1: 3900, 2: 1014, 3: 311
transitions cumulative       : 1->2: 1014, 2->3: 311
accepted directly from s0    : 0
Gym endings cumulative       : terminated=3567, truncated=22

[Episode 4000/8000 | last 100]
success rate                : 59.0% (cumulative 9.2%)
failure rate                : 0.0% (cumulative 0.0%)
synthetic task reward       : 5900.000
shaping reward              : 6432.169
learning reward             : 12332.169
episode length              : 273.7
abstract changes / episode  : 226.3
DFA transitions / episode   : 1.46
DFA transitions in window   : 1->2: 87, 2->3: 59
epsilon (next episode)       : 0.20183
replay buffer                : 300000 samples [1: 69.4%, 2: 30.6%, 3: 0.0%]
DFA state visits in window   : 1: 16438, 2: 10973, 3: 59
DFA state visits cumulative  : 1: 645692, 2: 121181, 3: 370
DFA state entries in window  : 1: 100, 2: 87, 3: 59
DFA state entries cumulative : 1: 4000, 2: 1101, 3: 370
transitions cumulative       : 1->2: 1101, 2->3: 370
accepted directly from s0    : 0
Gym endings cumulative       : terminated=3608, truncated=22

Starting autonomous greedy evaluation at episode 4000 (1000 fixed-seed episodes)...
[Greedy evaluation at episode 4000 | 1000 fixed-seed episodes]
success=96.0%, failure=0.0%, task reward=9600.000, length=247.7
DFA transitions: 1->2: 995, 2->3: 960
Best policy updated from autonomous greedy evaluation at episode 4000.

[Episode 4100/8000 | last 100]
success rate                : 51.0% (cumulative 10.3%)
failure rate                : 0.0% (cumulative 0.0%)
synthetic task reward       : 5100.000
shaping reward              : 5737.881
learning reward             : 10837.881
episode length              : 279.4
abstract changes / episode  : 233.4
DFA transitions / episode   : 1.31
DFA transitions in window   : 1->2: 80, 2->3: 51
epsilon (next episode)       : 0.19392
replay buffer                : 300000 samples [1: 67.7%, 2: 32.3%, 3: 0.0%]
DFA state visits in window   : 1: 18345, 2: 9648, 3: 51
DFA state visits cumulative  : 1: 664037, 2: 130829, 3: 421
DFA state entries in window  : 1: 100, 2: 80, 3: 51
DFA state entries cumulative : 1: 4100, 2: 1181, 3: 421
transitions cumulative       : 1->2: 1181, 2->3: 421
accepted directly from s0    : 0
Gym endings cumulative       : terminated=3657, truncated=22

[Episode 4200/8000 | last 100]
success rate                : 63.0% (cumulative 11.5%)
failure rate                : 0.0% (cumulative 0.0%)
synthetic task reward       : 6300.000
shaping reward              : 6525.664
learning reward             : 12825.664
episode length              : 274.6
abstract changes / episode  : 231.6
DFA transitions / episode   : 1.49
DFA transitions in window   : 1->2: 86, 2->3: 63
epsilon (next episode)       : 0.18631
replay buffer                : 300000 samples [1: 66.3%, 2: 33.7%, 3: 0.0%]
DFA state visits in window   : 1: 17072, 2: 10426, 3: 63
DFA state visits cumulative  : 1: 681109, 2: 141255, 3: 484
DFA state entries in window  : 1: 100, 2: 86, 3: 63
DFA state entries cumulative : 1: 4200, 2: 1267, 3: 484
transitions cumulative       : 1->2: 1267, 2->3: 484
accepted directly from s0    : 0
Gym endings cumulative       : terminated=3694, truncated=22

[Episode 4300/8000 | last 100]
success rate                : 50.0% (cumulative 12.4%)
failure rate                : 0.0% (cumulative 0.0%)
synthetic task reward       : 5000.000
shaping reward              : 6387.407
learning reward             : 11387.407
episode length              : 266.5
abstract changes / episode  : 217.3
DFA transitions / episode   : 1.38
DFA transitions in window   : 1->2: 88, 2->3: 50
epsilon (next episode)       : 0.17900
replay buffer                : 300000 samples [1: 65.2%, 2: 34.8%, 3: 0.0%]
DFA state visits in window   : 1: 16972, 2: 9732, 3: 50
DFA state visits cumulative  : 1: 698081, 2: 150987, 3: 534
DFA state entries in window  : 1: 100, 2: 88, 3: 50
DFA state entries cumulative : 1: 4300, 2: 1355, 3: 534
transitions cumulative       : 1->2: 1355, 2->3: 534
accepted directly from s0    : 0
Gym endings cumulative       : terminated=3744, truncated=22

[Episode 4400/8000 | last 100]
success rate                : 50.0% (cumulative 13.3%)
failure rate                : 0.0% (cumulative 0.0%)
synthetic task reward       : 5000.000
shaping reward              : 5673.275
learning reward             : 10673.275
episode length              : 262.5
abstract changes / episode  : 217.8
DFA transitions / episode   : 1.33
DFA transitions in window   : 1->2: 83, 2->3: 50
epsilon (next episode)       : 0.17198
replay buffer                : 300000 samples [1: 63.9%, 2: 36.1%, 3: 0.0%]
DFA state visits in window   : 1: 16192, 2: 10108, 3: 50
DFA state visits cumulative  : 1: 714273, 2: 161095, 3: 584
DFA state entries in window  : 1: 100, 2: 83, 3: 50
DFA state entries cumulative : 1: 4400, 2: 1438, 3: 584
transitions cumulative       : 1->2: 1438, 2->3: 584
accepted directly from s0    : 0
Gym endings cumulative       : terminated=3794, truncated=22

[Episode 4500/8000 | last 100]
success rate                : 47.0% (cumulative 14.0%)
failure rate                : 0.0% (cumulative 0.0%)
synthetic task reward       : 4700.000
shaping reward              : 6282.130
learning reward             : 10982.130
episode length              : 277.8
abstract changes / episode  : 227.5
DFA transitions / episode   : 1.36
DFA transitions in window   : 1->2: 89, 2->3: 47
epsilon (next episode)       : 0.16524
replay buffer                : 300000 samples [1: 63.3%, 2: 36.7%, 3: 0.0%]
DFA state visits in window   : 1: 17436, 2: 10394, 3: 47
DFA state visits cumulative  : 1: 731709, 2: 171489, 3: 631
DFA state entries in window  : 1: 100, 2: 89, 3: 47
DFA state entries cumulative : 1: 4500, 2: 1527, 3: 631
transitions cumulative       : 1->2: 1527, 2->3: 631
accepted directly from s0    : 0
Gym endings cumulative       : terminated=3847, truncated=22

Starting autonomous greedy evaluation at episode 4500 (1000 fixed-seed episodes)...
[Greedy evaluation at episode 4500 | 1000 fixed-seed episodes]
success=99.9%, failure=0.0%, task reward=9990.000, length=211.8
DFA transitions: 1->2: 1000, 2->3: 999
Best policy updated from autonomous greedy evaluation at episode 4500.

[Episode 4600/8000 | last 100]
success rate                : 49.0% (cumulative 14.8%)
failure rate                : 0.0% (cumulative 0.0%)
synthetic task reward       : 4900.000
shaping reward              : 6760.523
learning reward             : 11660.523
episode length              : 255.7
abstract changes / episode  : 206.7
DFA transitions / episode   : 1.45
DFA transitions in window   : 1->2: 96, 2->3: 49
epsilon (next episode)       : 0.15876
replay buffer                : 300000 samples [1: 63.1%, 2: 36.9%, 3: 0.0%]
DFA state visits in window   : 1: 14379, 2: 11244, 3: 49
DFA state visits cumulative  : 1: 746088, 2: 182733, 3: 680
DFA state entries in window  : 1: 100, 2: 96, 3: 49
DFA state entries cumulative : 1: 4600, 2: 1623, 3: 680
transitions cumulative       : 1->2: 1623, 2->3: 680
accepted directly from s0    : 0
Gym endings cumulative       : terminated=3898, truncated=22

[Episode 4700/8000 | last 100]
success rate                : 61.0% (cumulative 15.8%)
failure rate                : 0.0% (cumulative 0.0%)
synthetic task reward       : 6100.000
shaping reward              : 6953.466
learning reward             : 13053.466
episode length              : 259.0
abstract changes / episode  : 211.5
DFA transitions / episode   : 1.53
DFA transitions in window   : 1->2: 92, 2->3: 61
epsilon (next episode)       : 0.15253
replay buffer                : 300000 samples [1: 62.3%, 2: 37.7%, 3: 0.0%]
DFA state visits in window   : 1: 14631, 2: 11307, 3: 61
DFA state visits cumulative  : 1: 760719, 2: 194040, 3: 741
DFA state entries in window  : 1: 100, 2: 92, 3: 61
DFA state entries cumulative : 1: 4700, 2: 1715, 3: 741
transitions cumulative       : 1->2: 1715, 2->3: 741
accepted directly from s0    : 0
Gym endings cumulative       : terminated=3937, truncated=22

[Episode 4800/8000 | last 100]
success rate                : 57.0% (cumulative 16.6%)
failure rate                : 0.0% (cumulative 0.0%)
synthetic task reward       : 5700.000
shaping reward              : 6679.990
learning reward             : 12379.990
episode length              : 245.1
abstract changes / episode  : 205.6
DFA transitions / episode   : 1.47
DFA transitions in window   : 1->2: 90, 2->3: 57
epsilon (next episode)       : 0.14655
replay buffer                : 300000 samples [1: 61.9%, 2: 38.1%, 3: 0.0%]
DFA state visits in window   : 1: 14316, 2: 10241, 3: 57
DFA state visits cumulative  : 1: 775035, 2: 204281, 3: 798
DFA state entries in window  : 1: 100, 2: 90, 3: 57
DFA state entries cumulative : 1: 4800, 2: 1805, 3: 798
transitions cumulative       : 1->2: 1805, 2->3: 798
accepted directly from s0    : 0
Gym endings cumulative       : terminated=3980, truncated=22

[Episode 4900/8000 | last 100]
success rate                : 54.0% (cumulative 17.4%)
failure rate                : 0.0% (cumulative 0.0%)
synthetic task reward       : 5400.000
shaping reward              : 6366.997
learning reward             : 11766.997
episode length              : 261.7
abstract changes / episode  : 216.2
DFA transitions / episode   : 1.39
DFA transitions in window   : 1->2: 85, 2->3: 54
epsilon (next episode)       : 0.14080
replay buffer                : 300000 samples [1: 61.3%, 2: 38.7%, 3: 0.0%]
DFA state visits in window   : 1: 16220, 2: 9998, 3: 54
DFA state visits cumulative  : 1: 791255, 2: 214279, 3: 852
DFA state entries in window  : 1: 100, 2: 85, 3: 54
DFA state entries cumulative : 1: 4900, 2: 1890, 3: 852
transitions cumulative       : 1->2: 1890, 2->3: 852
accepted directly from s0    : 0
Gym endings cumulative       : terminated=4026, truncated=22

[Episode 5000/8000 | last 100]
success rate                : 62.0% (cumulative 18.3%)
failure rate                : 0.0% (cumulative 0.0%)
synthetic task reward       : 6200.000
shaping reward              : 6690.764
learning reward             : 12890.764
episode length              : 270.3
abstract changes / episode  : 220.3
DFA transitions / episode   : 1.51
DFA transitions in window   : 1->2: 89, 2->3: 62
epsilon (next episode)       : 0.13528
replay buffer                : 300000 samples [1: 61.1%, 2: 38.9%, 3: 0.0%]
DFA state visits in window   : 1: 17209, 2: 9856, 3: 62
DFA state visits cumulative  : 1: 808464, 2: 224135, 3: 914
DFA state entries in window  : 1: 100, 2: 89, 3: 62
DFA state entries cumulative : 1: 5000, 2: 1979, 3: 914
transitions cumulative       : 1->2: 1979, 2->3: 914
accepted directly from s0    : 0
Gym endings cumulative       : terminated=4064, truncated=22

Starting autonomous greedy evaluation at episode 5000 (1000 fixed-seed episodes)...
[Greedy evaluation at episode 5000 | 1000 fixed-seed episodes]
success=99.4%, failure=0.0%, task reward=9940.000, length=241.3
DFA transitions: 1->2: 995, 2->3: 994

[Episode 5100/8000 | last 100]
success rate                : 76.0% (cumulative 19.4%)
failure rate                : 0.0% (cumulative 0.0%)
synthetic task reward       : 7600.000
shaping reward              : 7585.405
learning reward             : 15185.405
episode length              : 247.1
abstract changes / episode  : 205.2
DFA transitions / episode   : 1.73
DFA transitions in window   : 1->2: 97, 2->3: 76
epsilon (next episode)       : 0.12998
replay buffer                : 300000 samples [1: 60.8%, 2: 39.2%, 3: 0.0%]
DFA state visits in window   : 1: 14110, 2: 10626, 3: 76
DFA state visits cumulative  : 1: 822574, 2: 234761, 3: 990
DFA state entries in window  : 1: 100, 2: 97, 3: 76
DFA state entries cumulative : 1: 5100, 2: 2076, 3: 990
transitions cumulative       : 1->2: 2076, 2->3: 990
accepted directly from s0    : 0
Gym endings cumulative       : terminated=4088, truncated=22

[Episode 5200/8000 | last 100]
success rate                : 63.0% (cumulative 20.2%)
failure rate                : 0.0% (cumulative 0.0%)
synthetic task reward       : 6300.000
shaping reward              : 6672.445
learning reward             : 12972.445
episode length              : 266.0
abstract changes / episode  : 224.3
DFA transitions / episode   : 1.50
DFA transitions in window   : 1->2: 87, 2->3: 63
epsilon (next episode)       : 0.12488
replay buffer                : 300000 samples [1: 61.1%, 2: 38.9%, 3: 0.0%]
DFA state visits in window   : 1: 16881, 2: 9754, 3: 63
DFA state visits cumulative  : 1: 839455, 2: 244515, 3: 1053
DFA state entries in window  : 1: 100, 2: 87, 3: 63
DFA state entries cumulative : 1: 5200, 2: 2163, 3: 1053
transitions cumulative       : 1->2: 2163, 2->3: 1053
accepted directly from s0    : 0
Gym endings cumulative       : terminated=4125, truncated=22

[Episode 5300/8000 | last 100]
success rate                : 84.0% (cumulative 21.5%)
failure rate                : 0.0% (cumulative 0.0%)
synthetic task reward       : 8400.000
shaping reward              : 7532.339
learning reward             : 15932.339
episode length              : 262.5
abstract changes / episode  : 220.4
DFA transitions / episode   : 1.78
DFA transitions in window   : 1->2: 94, 2->3: 84
epsilon (next episode)       : 0.11998
replay buffer                : 300000 samples [1: 60.9%, 2: 39.1%, 3: 0.0%]
DFA state visits in window   : 1: 16244, 2: 10019, 3: 84
DFA state visits cumulative  : 1: 855699, 2: 254534, 3: 1137
DFA state entries in window  : 1: 100, 2: 94, 3: 84
DFA state entries cumulative : 1: 5300, 2: 2257, 3: 1137
transitions cumulative       : 1->2: 2257, 2->3: 1137
accepted directly from s0    : 0
Gym endings cumulative       : terminated=4141, truncated=22

[Episode 5400/8000 | last 100]
success rate                : 88.0% (cumulative 22.7%)
failure rate                : 0.0% (cumulative 0.0%)
synthetic task reward       : 8800.000
shaping reward              : 7744.702
learning reward             : 16544.702
episode length              : 244.5
abstract changes / episode  : 205.6
DFA transitions / episode   : 1.84
DFA transitions in window   : 1->2: 96, 2->3: 88
epsilon (next episode)       : 0.11528
replay buffer                : 300000 samples [1: 60.3%, 2: 39.7%, 3: 0.0%]
DFA state visits in window   : 1: 14297, 2: 10163, 3: 88
DFA state visits cumulative  : 1: 869996, 2: 264697, 3: 1225
DFA state entries in window  : 1: 100, 2: 96, 3: 88
DFA state entries cumulative : 1: 5400, 2: 2353, 3: 1225
transitions cumulative       : 1->2: 2353, 2->3: 1225
accepted directly from s0    : 0
Gym endings cumulative       : terminated=4153, truncated=22

[Episode 5500/8000 | last 100]
success rate                : 92.0% (cumulative 23.9%)
failure rate                : 0.0% (cumulative 0.0%)
synthetic task reward       : 9200.000
shaping reward              : 8030.850
learning reward             : 17230.850
episode length              : 253.8
abstract changes / episode  : 209.3
DFA transitions / episode   : 1.91
DFA transitions in window   : 1->2: 99, 2->3: 92
epsilon (next episode)       : 0.11075
replay buffer                : 300000 samples [1: 60.2%, 2: 39.8%, 3: 0.0%]
DFA state visits in window   : 1: 14809, 2: 10578, 3: 92
DFA state visits cumulative  : 1: 884805, 2: 275275, 3: 1317
DFA state entries in window  : 1: 100, 2: 99, 3: 92
DFA state entries cumulative : 1: 5500, 2: 2452, 3: 1317
transitions cumulative       : 1->2: 2452, 2->3: 1317
accepted directly from s0    : 0
Gym endings cumulative       : terminated=4161, truncated=22

Starting autonomous greedy evaluation at episode 5500 (1000 fixed-seed episodes)...
[Greedy evaluation at episode 5500 | 1000 fixed-seed episodes]
success=99.7%, failure=0.0%, task reward=9970.000, length=221.5
DFA transitions: 1->2: 1000, 2->3: 997

[Episode 5600/8000 | last 100]
success rate                : 85.0% (cumulative 25.0%)
failure rate                : 0.0% (cumulative 0.0%)
synthetic task reward       : 8500.000
shaping reward              : 7770.900
learning reward             : 16270.900
episode length              : 257.1
abstract changes / episode  : 211.1
DFA transitions / episode   : 1.83
DFA transitions in window   : 1->2: 98, 2->3: 85
epsilon (next episode)       : 0.10641
replay buffer                : 300000 samples [1: 59.6%, 2: 40.4%, 3: 0.0%]
DFA state visits in window   : 1: 14838, 2: 10889, 3: 85
DFA state visits cumulative  : 1: 899643, 2: 286164, 3: 1402
DFA state entries in window  : 1: 100, 2: 98, 3: 85
DFA state entries cumulative : 1: 5600, 2: 2550, 3: 1402
transitions cumulative       : 1->2: 2550, 2->3: 1402
accepted directly from s0    : 0
Gym endings cumulative       : terminated=4176, truncated=22

[Episode 5700/8000 | last 100]
success rate                : 73.0% (cumulative 25.9%)
failure rate                : 0.0% (cumulative 0.0%)
synthetic task reward       : 7300.000
shaping reward              : 7179.646
learning reward             : 14479.646
episode length              : 254.4
abstract changes / episode  : 210.8
DFA transitions / episode   : 1.65
DFA transitions in window   : 1->2: 92, 2->3: 73
epsilon (next episode)       : 0.10224
replay buffer                : 300000 samples [1: 59.5%, 2: 40.5%, 3: 0.0%]
DFA state visits in window   : 1: 15235, 2: 10234, 3: 73
DFA state visits cumulative  : 1: 914878, 2: 296398, 3: 1475
DFA state entries in window  : 1: 100, 2: 92, 3: 73
DFA state entries cumulative : 1: 5700, 2: 2642, 3: 1475
transitions cumulative       : 1->2: 2642, 2->3: 1475
accepted directly from s0    : 0
Gym endings cumulative       : terminated=4203, truncated=22

[Episode 5800/8000 | last 100]
success rate                : 65.0% (cumulative 26.6%)
failure rate                : 0.0% (cumulative 0.0%)
synthetic task reward       : 6500.000
shaping reward              : 7039.857
learning reward             : 13539.857
episode length              : 251.4
abstract changes / episode  : 207.3
DFA transitions / episode   : 1.57
DFA transitions in window   : 1->2: 92, 2->3: 65
epsilon (next episode)       : 0.09823
replay buffer                : 300000 samples [1: 59.9%, 2: 40.1%, 3: 0.0%]
DFA state visits in window   : 1: 15201, 2: 9972, 3: 65
DFA state visits cumulative  : 1: 930079, 2: 306370, 3: 1540
DFA state entries in window  : 1: 100, 2: 92, 3: 65
DFA state entries cumulative : 1: 5800, 2: 2734, 3: 1540
transitions cumulative       : 1->2: 2734, 2->3: 1540
accepted directly from s0    : 0
Gym endings cumulative       : terminated=4238, truncated=22

[Episode 5900/8000 | last 100]
success rate                : 63.0% (cumulative 27.2%)
failure rate                : 0.0% (cumulative 0.0%)
synthetic task reward       : 6300.000
shaping reward              : 6355.370
learning reward             : 12655.370
episode length              : 238.4
abstract changes / episode  : 199.2
DFA transitions / episode   : 1.49
DFA transitions in window   : 1->2: 86, 2->3: 63
epsilon (next episode)       : 0.09438
replay buffer                : 300000 samples [1: 60.4%, 2: 39.6%, 3: 0.0%]
DFA state visits in window   : 1: 14914, 2: 8960, 3: 63
DFA state visits cumulative  : 1: 944993, 2: 315330, 3: 1603
DFA state entries in window  : 1: 100, 2: 86, 3: 63
DFA state entries cumulative : 1: 5900, 2: 2820, 3: 1603
transitions cumulative       : 1->2: 2820, 2->3: 1603
accepted directly from s0    : 0
Gym endings cumulative       : terminated=4275, truncated=22

[Episode 6000/8000 | last 100]
success rate                : 79.0% (cumulative 28.0%)
failure rate                : 0.0% (cumulative 0.0%)
synthetic task reward       : 7900.000
shaping reward              : 7448.155
learning reward             : 15348.155
episode length              : 233.6
abstract changes / episode  : 191.5
DFA transitions / episode   : 1.73
DFA transitions in window   : 1->2: 94, 2->3: 79
epsilon (next episode)       : 0.09067
replay buffer                : 300000 samples [1: 60.3%, 2: 39.7%, 3: 0.0%]
DFA state visits in window   : 1: 13407, 2: 9970, 3: 79
DFA state visits cumulative  : 1: 958400, 2: 325300, 3: 1682
DFA state entries in window  : 1: 100, 2: 94, 3: 79
DFA state entries cumulative : 1: 6000, 2: 2914, 3: 1682
transitions cumulative       : 1->2: 2914, 2->3: 1682
accepted directly from s0    : 0
Gym endings cumulative       : terminated=4296, truncated=22

Starting autonomous greedy evaluation at episode 6000 (1000 fixed-seed episodes)...
[Greedy evaluation at episode 6000 | 1000 fixed-seed episodes]
success=86.5%, failure=0.0%, task reward=8650.000, length=228.2
DFA transitions: 1->2: 929, 2->3: 865

[Episode 6100/8000 | last 100]
success rate                : 75.0% (cumulative 28.8%)
failure rate                : 0.0% (cumulative 0.0%)
synthetic task reward       : 7500.000
shaping reward              : 6903.351
learning reward             : 14403.351
episode length              : 259.4
abstract changes / episode  : 211.3
DFA transitions / episode   : 1.61
DFA transitions in window   : 1->2: 86, 2->3: 75
epsilon (next episode)       : 0.08712
replay buffer                : 300000 samples [1: 60.6%, 2: 39.4%, 3: 0.0%]
DFA state visits in window   : 1: 17351, 2: 8610, 3: 75
DFA state visits cumulative  : 1: 975751, 2: 333910, 3: 1757
DFA state entries in window  : 1: 100, 2: 86, 3: 75
DFA state entries cumulative : 1: 6100, 2: 3000, 3: 1757
transitions cumulative       : 1->2: 3000, 2->3: 1757
accepted directly from s0    : 0
Gym endings cumulative       : terminated=4321, truncated=22

[Episode 6200/8000 | last 100]
success rate                : 76.0% (cumulative 29.6%)
failure rate                : 0.0% (cumulative 0.0%)
synthetic task reward       : 7600.000
shaping reward              : 6913.394
learning reward             : 14513.394
episode length              : 244.0
abstract changes / episode  : 193.1
DFA transitions / episode   : 1.63
DFA transitions in window   : 1->2: 87, 2->3: 76
epsilon (next episode)       : 0.08370
replay buffer                : 300000 samples [1: 60.7%, 2: 39.3%, 3: 0.0%]
DFA state visits in window   : 1: 15525, 2: 8895, 3: 76
DFA state visits cumulative  : 1: 991276, 2: 342805, 3: 1833
DFA state entries in window  : 1: 100, 2: 87, 3: 76
DFA state entries cumulative : 1: 6200, 2: 3087, 3: 1833
transitions cumulative       : 1->2: 3087, 2->3: 1833
accepted directly from s0    : 0
Gym endings cumulative       : terminated=4345, truncated=22

[Episode 6300/8000 | last 100]
success rate                : 74.0% (cumulative 30.3%)
failure rate                : 0.0% (cumulative 0.0%)
synthetic task reward       : 7400.000
shaping reward              : 7306.989
learning reward             : 14706.989
episode length              : 241.0
abstract changes / episode  : 188.8
DFA transitions / episode   : 1.66
DFA transitions in window   : 1->2: 92, 2->3: 74
epsilon (next episode)       : 0.08042
replay buffer                : 300000 samples [1: 61.0%, 2: 39.0%, 3: 0.0%]
DFA state visits in window   : 1: 14786, 2: 9343, 3: 74
DFA state visits cumulative  : 1: 1006062, 2: 352148, 3: 1907
DFA state entries in window  : 1: 100, 2: 92, 3: 74
DFA state entries cumulative : 1: 6300, 2: 3179, 3: 1907
transitions cumulative       : 1->2: 3179, 2->3: 1907
accepted directly from s0    : 0
Gym endings cumulative       : terminated=4371, truncated=22

[Episode 6400/8000 | last 100]
success rate                : 81.0% (cumulative 31.1%)
failure rate                : 0.0% (cumulative 0.0%)
synthetic task reward       : 8100.000
shaping reward              : 7767.915
learning reward             : 15867.915
episode length              : 231.3
abstract changes / episode  : 187.5
DFA transitions / episode   : 1.78
DFA transitions in window   : 1->2: 97, 2->3: 81
epsilon (next episode)       : 0.07727
replay buffer                : 300000 samples [1: 60.6%, 2: 39.4%, 3: 0.0%]
DFA state visits in window   : 1: 13087, 2: 10064, 3: 81
DFA state visits cumulative  : 1: 1019149, 2: 362212, 3: 1988
DFA state entries in window  : 1: 100, 2: 97, 3: 81
DFA state entries cumulative : 1: 6400, 2: 3276, 3: 1988
transitions cumulative       : 1->2: 3276, 2->3: 1988
accepted directly from s0    : 0
Gym endings cumulative       : terminated=4390, truncated=22

[Episode 6500/8000 | last 100]
success rate                : 83.0% (cumulative 31.9%)
failure rate                : 0.0% (cumulative 0.0%)
synthetic task reward       : 8300.000
shaping reward              : 7849.355
learning reward             : 16149.355
episode length              : 242.5
abstract changes / episode  : 194.9
DFA transitions / episode   : 1.81
DFA transitions in window   : 1->2: 98, 2->3: 83
epsilon (next episode)       : 0.07423
replay buffer                : 300000 samples [1: 60.1%, 2: 39.9%, 3: 0.0%]
DFA state visits in window   : 1: 14064, 2: 10204, 3: 83
DFA state visits cumulative  : 1: 1033213, 2: 372416, 3: 2071
DFA state entries in window  : 1: 100, 2: 98, 3: 83
DFA state entries cumulative : 1: 6500, 2: 3374, 3: 2071
transitions cumulative       : 1->2: 3374, 2->3: 2071
accepted directly from s0    : 0
Gym endings cumulative       : terminated=4407, truncated=22

Starting autonomous greedy evaluation at episode 6500 (1000 fixed-seed episodes)...
[Greedy evaluation at episode 6500 | 1000 fixed-seed episodes]
success=91.0%, failure=0.0%, task reward=9100.000, length=220.2
DFA transitions: 1->2: 932, 2->3: 910

[Episode 6600/8000 | last 100]
success rate                : 80.0% (cumulative 32.6%)
failure rate                : 0.0% (cumulative 0.0%)
synthetic task reward       : 8000.000
shaping reward              : 7809.609
learning reward             : 15809.609
episode length              : 225.7
abstract changes / episode  : 187.5
DFA transitions / episode   : 1.78
DFA transitions in window   : 1->2: 98, 2->3: 80
epsilon (next episode)       : 0.07132
replay buffer                : 300000 samples [1: 59.8%, 2: 40.2%, 3: 0.0%]
DFA state visits in window   : 1: 12301, 2: 10288, 3: 80
DFA state visits cumulative  : 1: 1045514, 2: 382704, 3: 2151
DFA state entries in window  : 1: 100, 2: 98, 3: 80
DFA state entries cumulative : 1: 6600, 2: 3472, 3: 2151
transitions cumulative       : 1->2: 3472, 2->3: 2151
accepted directly from s0    : 0
Gym endings cumulative       : terminated=4427, truncated=22

[Episode 6700/8000 | last 100]
success rate                : 85.0% (cumulative 33.4%)
failure rate                : 0.0% (cumulative 0.0%)
synthetic task reward       : 8500.000
shaping reward              : 7912.072
learning reward             : 16412.072
episode length              : 237.8
abstract changes / episode  : 194.8
DFA transitions / episode   : 1.83
DFA transitions in window   : 1->2: 98, 2->3: 85
epsilon (next episode)       : 0.06853
replay buffer                : 300000 samples [1: 59.9%, 2: 40.1%, 3: 0.0%]
DFA state visits in window   : 1: 13736, 2: 10063, 3: 85
DFA state visits cumulative  : 1: 1059250, 2: 392767, 3: 2236
DFA state entries in window  : 1: 100, 2: 98, 3: 85
DFA state entries cumulative : 1: 6700, 2: 3570, 3: 2236
transitions cumulative       : 1->2: 3570, 2->3: 2236
accepted directly from s0    : 0
Gym endings cumulative       : terminated=4442, truncated=22

[Episode 6800/8000 | last 100]
success rate                : 87.0% (cumulative 34.2%)
failure rate                : 0.0% (cumulative 0.0%)
synthetic task reward       : 8700.000
shaping reward              : 7886.118
learning reward             : 16586.118
episode length              : 233.0
abstract changes / episode  : 189.8
DFA transitions / episode   : 1.84
DFA transitions in window   : 1->2: 97, 2->3: 87
epsilon (next episode)       : 0.06584
replay buffer                : 300000 samples [1: 59.8%, 2: 40.2%, 3: 0.0%]
DFA state visits in window   : 1: 13709, 2: 9607, 3: 87
DFA state visits cumulative  : 1: 1072959, 2: 402374, 3: 2323
DFA state entries in window  : 1: 100, 2: 97, 3: 87
DFA state entries cumulative : 1: 6800, 2: 3667, 3: 2323
transitions cumulative       : 1->2: 3667, 2->3: 2323
accepted directly from s0    : 0
Gym endings cumulative       : terminated=4455, truncated=22

[Episode 6900/8000 | last 100]
success rate                : 91.0% (cumulative 35.0%)
failure rate                : 0.0% (cumulative 0.0%)
synthetic task reward       : 9100.000
shaping reward              : 8151.529
learning reward             : 17251.529
episode length              : 232.5
abstract changes / episode  : 183.6
DFA transitions / episode   : 1.91
DFA transitions in window   : 1->2: 100, 2->3: 91
epsilon (next episode)       : 0.06326
replay buffer                : 300000 samples [1: 59.7%, 2: 40.3%, 3: 0.0%]
DFA state visits in window   : 1: 13441, 2: 9821, 3: 91
DFA state visits cumulative  : 1: 1086400, 2: 412195, 3: 2414
DFA state entries in window  : 1: 100, 2: 100, 3: 91
DFA state entries cumulative : 1: 6900, 2: 3767, 3: 2414
transitions cumulative       : 1->2: 3767, 2->3: 2414
accepted directly from s0    : 0
Gym endings cumulative       : terminated=4464, truncated=22

[Episode 7000/8000 | last 100]
success rate                : 81.0% (cumulative 35.6%)
failure rate                : 0.0% (cumulative 0.0%)
synthetic task reward       : 8100.000
shaping reward              : 7909.202
learning reward             : 16009.202
episode length              : 226.4
abstract changes / episode  : 179.4
DFA transitions / episode   : 1.80
DFA transitions in window   : 1->2: 99, 2->3: 81
epsilon (next episode)       : 0.06078
replay buffer                : 300000 samples [1: 59.4%, 2: 40.6%, 3: 0.0%]
DFA state visits in window   : 1: 13096, 2: 9559, 3: 81
DFA state visits cumulative  : 1: 1099496, 2: 421754, 3: 2495
DFA state entries in window  : 1: 100, 2: 99, 3: 81
DFA state entries cumulative : 1: 7000, 2: 3866, 3: 2495
transitions cumulative       : 1->2: 3866, 2->3: 2495
accepted directly from s0    : 0
Gym endings cumulative       : terminated=4483, truncated=22

Starting autonomous greedy evaluation at episode 7000 (1000 fixed-seed episodes)...
[Greedy evaluation at episode 7000 | 1000 fixed-seed episodes]
success=89.5%, failure=0.0%, task reward=8950.000, length=209.1
DFA transitions: 1->2: 993, 2->3: 895

[Episode 7100/8000 | last 100]
success rate                : 85.0% (cumulative 36.3%)
failure rate                : 0.0% (cumulative 0.0%)
synthetic task reward       : 8500.000
shaping reward              : 7833.431
learning reward             : 16333.431
episode length              : 229.9
abstract changes / episode  : 177.0
DFA transitions / episode   : 1.83
DFA transitions in window   : 1->2: 98, 2->3: 85
epsilon (next episode)       : 0.05839
replay buffer                : 300000 samples [1: 59.3%, 2: 40.7%, 3: 0.0%]
DFA state visits in window   : 1: 13562, 2: 9439, 3: 85
DFA state visits cumulative  : 1: 1113058, 2: 431193, 3: 2580
DFA state entries in window  : 1: 100, 2: 98, 3: 85
DFA state entries cumulative : 1: 7100, 2: 3964, 3: 2580
transitions cumulative       : 1->2: 3964, 2->3: 2580
accepted directly from s0    : 0
Gym endings cumulative       : terminated=4497, truncated=23

[Episode 7200/8000 | last 100]
success rate                : 87.0% (cumulative 37.0%)
failure rate                : 0.0% (cumulative 0.0%)
synthetic task reward       : 8700.000
shaping reward              : 7889.564
learning reward             : 16589.564
episode length              : 230.9
abstract changes / episode  : 182.8
DFA transitions / episode   : 1.86
DFA transitions in window   : 1->2: 99, 2->3: 87
epsilon (next episode)       : 0.05610
replay buffer                : 300000 samples [1: 59.3%, 2: 40.7%, 3: 0.0%]
DFA state visits in window   : 1: 13644, 2: 9460, 3: 87
DFA state visits cumulative  : 1: 1126702, 2: 440653, 3: 2667
DFA state entries in window  : 1: 100, 2: 99, 3: 87
DFA state entries cumulative : 1: 7200, 2: 4063, 3: 2667
transitions cumulative       : 1->2: 4063, 2->3: 2667
accepted directly from s0    : 0
Gym endings cumulative       : terminated=4510, truncated=23

[Episode 7300/8000 | last 100]
success rate                : 74.0% (cumulative 37.5%)
failure rate                : 0.0% (cumulative 0.0%)
synthetic task reward       : 7400.000
shaping reward              : 7181.126
learning reward             : 14581.126
episode length              : 220.4
abstract changes / episode  : 180.6
DFA transitions / episode   : 1.68
DFA transitions in window   : 1->2: 94, 2->3: 74
epsilon (next episode)       : 0.05390
replay buffer                : 300000 samples [1: 59.4%, 2: 40.6%, 3: 0.0%]
DFA state visits in window   : 1: 13466, 2: 8600, 3: 74
DFA state visits cumulative  : 1: 1140168, 2: 449253, 3: 2741
DFA state entries in window  : 1: 100, 2: 94, 3: 74
DFA state entries cumulative : 1: 7300, 2: 4157, 3: 2741
transitions cumulative       : 1->2: 4157, 2->3: 2741
accepted directly from s0    : 0
Gym endings cumulative       : terminated=4536, truncated=23

[Episode 7400/8000 | last 100]
success rate                : 83.0% (cumulative 38.2%)
failure rate                : 0.0% (cumulative 0.0%)
synthetic task reward       : 8300.000
shaping reward              : 7819.908
learning reward             : 16119.908
episode length              : 228.1
abstract changes / episode  : 178.7
DFA transitions / episode   : 1.82
DFA transitions in window   : 1->2: 99, 2->3: 83
epsilon (next episode)       : 0.05179
replay buffer                : 300000 samples [1: 58.7%, 2: 41.3%, 3: 0.0%]
DFA state visits in window   : 1: 13358, 2: 9469, 3: 83
DFA state visits cumulative  : 1: 1153526, 2: 458722, 3: 2824
DFA state entries in window  : 1: 100, 2: 99, 3: 83
DFA state entries cumulative : 1: 7400, 2: 4256, 3: 2824
transitions cumulative       : 1->2: 4256, 2->3: 2824
accepted directly from s0    : 0
Gym endings cumulative       : terminated=4553, truncated=23

[Episode 7500/8000 | last 100]
success rate                : 73.0% (cumulative 38.6%)
failure rate                : 0.0% (cumulative 0.0%)
synthetic task reward       : 7300.000
shaping reward              : 6449.147
learning reward             : 13749.147
episode length              : 208.4
abstract changes / episode  : 161.7
DFA transitions / episode   : 1.56
DFA transitions in window   : 1->2: 83, 2->3: 73
epsilon (next episode)       : 0.04976
replay buffer                : 300000 samples [1: 58.9%, 2: 41.1%, 3: 0.0%]
DFA state visits in window   : 1: 13431, 2: 7438, 3: 73
DFA state visits cumulative  : 1: 1166957, 2: 466160, 3: 2897
DFA state entries in window  : 1: 100, 2: 83, 3: 73
DFA state entries cumulative : 1: 7500, 2: 4339, 3: 2897
transitions cumulative       : 1->2: 4339, 2->3: 2897
accepted directly from s0    : 0
Gym endings cumulative       : terminated=4580, truncated=23

Starting autonomous greedy evaluation at episode 7500 (1000 fixed-seed episodes)...
[Greedy evaluation at episode 7500 | 1000 fixed-seed episodes]
success=56.1%, failure=0.0%, task reward=5610.000, length=217.2
DFA transitions: 1->2: 927, 2->3: 561

[Episode 7600/8000 | last 100]
success rate                : 68.0% (cumulative 39.0%)
failure rate                : 0.0% (cumulative 0.0%)
synthetic task reward       : 6800.000
shaping reward              : 6984.370
learning reward             : 13784.370
episode length              : 225.1
abstract changes / episode  : 178.5
DFA transitions / episode   : 1.59
DFA transitions in window   : 1->2: 91, 2->3: 68
epsilon (next episode)       : 0.04781
replay buffer                : 300000 samples [1: 58.7%, 2: 41.3%, 3: 0.0%]
DFA state visits in window   : 1: 13672, 2: 8866, 3: 68
DFA state visits cumulative  : 1: 1180629, 2: 475026, 3: 2965
DFA state entries in window  : 1: 100, 2: 91, 3: 68
DFA state entries cumulative : 1: 7600, 2: 4430, 3: 2965
transitions cumulative       : 1->2: 4430, 2->3: 2965
accepted directly from s0    : 0
Gym endings cumulative       : terminated=4612, truncated=23

[Episode 7700/8000 | last 100]
success rate                : 79.0% (cumulative 39.5%)
failure rate                : 0.0% (cumulative 0.0%)
synthetic task reward       : 7900.000
shaping reward              : 7362.168
learning reward             : 15262.168
episode length              : 220.2
abstract changes / episode  : 173.6
DFA transitions / episode   : 1.72
DFA transitions in window   : 1->2: 93, 2->3: 79
epsilon (next episode)       : 0.04593
replay buffer                : 300000 samples [1: 59.0%, 2: 41.0%, 3: 0.0%]
DFA state visits in window   : 1: 13319, 2: 8726, 3: 79
DFA state visits cumulative  : 1: 1193948, 2: 483752, 3: 3044
DFA state entries in window  : 1: 100, 2: 93, 3: 79
DFA state entries cumulative : 1: 7700, 2: 4523, 3: 3044
transitions cumulative       : 1->2: 4523, 2->3: 3044
accepted directly from s0    : 0
Gym endings cumulative       : terminated=4633, truncated=23

[Episode 7800/8000 | last 100]
success rate                : 65.0% (cumulative 39.9%)
failure rate                : 0.0% (cumulative 0.0%)
synthetic task reward       : 6500.000
shaping reward              : 6627.734
learning reward             : 13127.734
episode length              : 227.7
abstract changes / episode  : 180.6
DFA transitions / episode   : 1.52
DFA transitions in window   : 1->2: 87, 2->3: 65
epsilon (next episode)       : 0.04413
replay buffer                : 300000 samples [1: 59.3%, 2: 40.7%, 3: 0.0%]
DFA state visits in window   : 1: 14101, 2: 8707, 3: 65
DFA state visits cumulative  : 1: 1208049, 2: 492459, 3: 3109
DFA state entries in window  : 1: 100, 2: 87, 3: 65
DFA state entries cumulative : 1: 7800, 2: 4610, 3: 3109
transitions cumulative       : 1->2: 4610, 2->3: 3109
accepted directly from s0    : 0
Gym endings cumulative       : terminated=4668, truncated=23

[Episode 7900/8000 | last 100]
success rate                : 80.0% (cumulative 40.4%)
failure rate                : 0.0% (cumulative 0.0%)
synthetic task reward       : 8000.000
shaping reward              : 7425.795
learning reward             : 15425.795
episode length              : 266.2
abstract changes / episode  : 194.8
DFA transitions / episode   : 1.74
DFA transitions in window   : 1->2: 94, 2->3: 80
epsilon (next episode)       : 0.04240
replay buffer                : 300000 samples [1: 60.2%, 2: 39.8%, 3: 0.0%]
DFA state visits in window   : 1: 17513, 2: 9129, 3: 80
DFA state visits cumulative  : 1: 1225562, 2: 501588, 3: 3189
DFA state entries in window  : 1: 100, 2: 94, 3: 80
DFA state entries cumulative : 1: 7900, 2: 4704, 3: 3189
transitions cumulative       : 1->2: 4704, 2->3: 3189
accepted directly from s0    : 0
Gym endings cumulative       : terminated=4686, truncated=25

[Episode 8000/8000 | last 100]
success rate                : 87.0% (cumulative 40.9%)
failure rate                : 0.0% (cumulative 0.0%)
synthetic task reward       : 8700.000
shaping reward              : 7923.641
learning reward             : 16623.641
episode length              : 239.7
abstract changes / episode  : 193.4
DFA transitions / episode   : 1.86
DFA transitions in window   : 1->2: 99, 2->3: 87
epsilon (next episode)       : 0.04074
replay buffer                : 300000 samples [1: 60.4%, 2: 39.6%, 3: 0.0%]
DFA state visits in window   : 1: 14266, 2: 9721, 3: 87
DFA state visits cumulative  : 1: 1239828, 2: 511309, 3: 3276
DFA state entries in window  : 1: 100, 2: 99, 3: 87
DFA state entries cumulative : 1: 8000, 2: 4803, 3: 3276
transitions cumulative       : 1->2: 4803, 2->3: 3276
accepted directly from s0    : 0
Gym endings cumulative       : terminated=4699, truncated=25

Starting autonomous greedy evaluation at episode 8000 (1000 fixed-seed episodes)...
[Greedy evaluation at episode 8000 | 1000 fixed-seed episodes]
success=70.5%, failure=0.0%, task reward=7050.000, length=232.5
DFA transitions: 1->2: 816, 2->3: 705
Last policy saved after episode 8000. Best greedy evaluation: episode 4500, mean task reward=9990.000
