
=== NEW RUN ===
episodes=8000, shaping=True, goal_reward=10000.0, gamma=0.99
gamma_shaping=1.0, shaping_formula=gamma_shaping*Phi(next)-Phi(state)
ground_unbiased_learner=False
eval_interval=500, eval_episodes=1000, eval_seed=100000
inter_level_shaping=False, inter_level_formula=gamma*Phi(next)-Phi(state)
task_type=ltlf, task=F(wp1 & X(F(g1)))
regions={wp1: {'center': [-0.75, 1.0625], 'radius': 0.1}, g1: {'center': [0.75, 1.0625], 'radius': 0.1}}
dfa_states=[1, 2, 3], pre_trace=1, accepting=[3], failure=[]

[Episode 1/8000 | last 1]
success rate                : 0.0% (cumulative 0.0%)
failure rate                : 0.0% (cumulative 0.0%)
completed cycles / episode  : 0.000
synthetic task reward       : 0.000
shaping reward              : -262.991
learning reward             : -262.991
episode length              : 119.0
abstract changes / episode  : 108.0
same abstract-state steps   : 9.2%
same-state shaping / episode: 0.000
changed-state shaping / ep. : -262.991
terminal shaping / episode  : 0.000
DFA transitions / episode   : 0.00
DFA transitions in window   : none
epsilon (next episode)       : 0.99960
replay buffer                : 119 samples [1: 100.0%, 2: 0.0%, 3: 0.0%]
DFA state visits in window   : 1: 120, 2: 0, 3: 0
DFA state visits cumulative  : 1: 120, 2: 0, 3: 0
DFA state entries in window  : 1: 1, 2: 0, 3: 0
DFA state entries cumulative : 1: 1, 2: 0, 3: 0
transitions cumulative       : none
accepted directly from s0    : 0
Gym endings cumulative       : terminated=1, truncated=0

[Episode 100/8000 | last 100]
success rate                : 0.0% (cumulative 0.0%)
failure rate                : 0.0% (cumulative 0.0%)
completed cycles / episode  : 0.000
synthetic task reward       : 0.000
shaping reward              : -168.951
learning reward             : -168.951
episode length              : 91.4
abstract changes / episode  : 88.1
same abstract-state steps   : 3.7%
same-state shaping / episode: 0.000
changed-state shaping / ep. : -168.951
terminal shaping / episode  : 0.874
DFA transitions / episode   : 0.02
DFA transitions in window   : 1->2: 2
epsilon (next episode)       : 0.96078
replay buffer                : 9143 samples [1: 99.4%, 2: 0.6%, 3: 0.0%]
DFA state visits in window   : 1: 9184, 2: 59, 3: 0
DFA state visits cumulative  : 1: 9184, 2: 59, 3: 0
DFA state entries in window  : 1: 100, 2: 2, 3: 0
DFA state entries cumulative : 1: 100, 2: 2, 3: 0
transitions cumulative       : 1->2: 2
accepted directly from s0    : 0
Gym endings cumulative       : terminated=100, truncated=0

[Episode 200/8000 | last 100]
success rate                : 0.0% (cumulative 0.0%)
failure rate                : 0.0% (cumulative 0.0%)
completed cycles / episode  : 0.000
synthetic task reward       : 0.000
shaping reward              : -138.273
learning reward             : -138.273
episode length              : 90.7
abstract changes / episode  : 87.8
same abstract-state steps   : 3.1%
same-state shaping / episode: 0.000
changed-state shaping / ep. : -138.273
terminal shaping / episode  : 0.468
DFA transitions / episode   : 0.02
DFA transitions in window   : 1->2: 2
epsilon (next episode)       : 0.92310
replay buffer                : 18211 samples [1: 99.5%, 2: 0.5%, 3: 0.0%]
DFA state visits in window   : 1: 9124, 2: 44, 3: 0
DFA state visits cumulative  : 1: 18308, 2: 103, 3: 0
DFA state entries in window  : 1: 100, 2: 2, 3: 0
DFA state entries cumulative : 1: 200, 2: 4, 3: 0
transitions cumulative       : 1->2: 4
accepted directly from s0    : 0
Gym endings cumulative       : terminated=200, truncated=0

[Episode 300/8000 | last 100]
success rate                : 0.0% (cumulative 0.0%)
failure rate                : 0.0% (cumulative 0.0%)
completed cycles / episode  : 0.000
synthetic task reward       : 0.000
shaping reward              : -153.811
learning reward             : -153.811
episode length              : 93.9
abstract changes / episode  : 90.7
same abstract-state steps   : 3.5%
same-state shaping / episode: 0.000
changed-state shaping / ep. : -153.811
terminal shaping / episode  : -2.564
DFA transitions / episode   : 0.00
DFA transitions in window   : none
epsilon (next episode)       : 0.88690
replay buffer                : 27603 samples [1: 99.6%, 2: 0.4%, 3: 0.0%]
DFA state visits in window   : 1: 9492, 2: 0, 3: 0
DFA state visits cumulative  : 1: 27800, 2: 103, 3: 0
DFA state entries in window  : 1: 100, 2: 0, 3: 0
DFA state entries cumulative : 1: 300, 2: 4, 3: 0
transitions cumulative       : 1->2: 4
accepted directly from s0    : 0
Gym endings cumulative       : terminated=300, truncated=0

[Episode 400/8000 | last 100]
success rate                : 0.0% (cumulative 0.0%)
failure rate                : 0.0% (cumulative 0.0%)
completed cycles / episode  : 0.000
synthetic task reward       : 0.000
shaping reward              : -160.093
learning reward             : -160.093
episode length              : 98.3
abstract changes / episode  : 94.8
same abstract-state steps   : 3.6%
same-state shaping / episode: 0.000
changed-state shaping / ep. : -160.093
terminal shaping / episode  : -2.902
DFA transitions / episode   : 0.03
DFA transitions in window   : 1->2: 3
epsilon (next episode)       : 0.85212
replay buffer                : 37431 samples [1: 99.6%, 2: 0.4%, 3: 0.0%]
DFA state visits in window   : 1: 9867, 2: 61, 3: 0
DFA state visits cumulative  : 1: 37667, 2: 164, 3: 0
DFA state entries in window  : 1: 100, 2: 3, 3: 0
DFA state entries cumulative : 1: 400, 2: 7, 3: 0
transitions cumulative       : 1->2: 7
accepted directly from s0    : 0
Gym endings cumulative       : terminated=400, truncated=0

[Episode 500/8000 | last 100]
success rate                : 0.0% (cumulative 0.0%)
failure rate                : 0.0% (cumulative 0.0%)
completed cycles / episode  : 0.000
synthetic task reward       : 0.000
shaping reward              : -186.925
learning reward             : -186.925
episode length              : 102.3
abstract changes / episode  : 98.4
same abstract-state steps   : 3.8%
same-state shaping / episode: 0.000
changed-state shaping / ep. : -186.925
terminal shaping / episode  : -4.920
DFA transitions / episode   : 0.09
DFA transitions in window   : 1->2: 9
epsilon (next episode)       : 0.81870
replay buffer                : 47660 samples [1: 99.3%, 2: 0.7%, 3: 0.0%]
DFA state visits in window   : 1: 10135, 2: 194, 3: 0
DFA state visits cumulative  : 1: 47802, 2: 358, 3: 0
DFA state entries in window  : 1: 100, 2: 9, 3: 0
DFA state entries cumulative : 1: 500, 2: 16, 3: 0
transitions cumulative       : 1->2: 16
accepted directly from s0    : 0
Gym endings cumulative       : terminated=500, truncated=0

Starting autonomous greedy evaluation at episode 500 (1000 fixed-seed episodes)...
[Greedy evaluation at episode 500 | 1000 fixed-seed episodes]
success=0.0%, failure=0.0%, task reward=0.000, length=122.5
DFA transitions: none
Best policy updated from autonomous greedy evaluation at episode 500.

[Episode 600/8000 | last 100]
success rate                : 0.0% (cumulative 0.0%)
failure rate                : 0.0% (cumulative 0.0%)
completed cycles / episode  : 0.000
synthetic task reward       : 0.000
shaping reward              : -170.146
learning reward             : -170.146
episode length              : 104.9
abstract changes / episode  : 100.3
same abstract-state steps   : 4.4%
same-state shaping / episode: 0.000
changed-state shaping / ep. : -170.146
terminal shaping / episode  : 0.593
DFA transitions / episode   : 0.04
DFA transitions in window   : 1->2: 4
epsilon (next episode)       : 0.78659
replay buffer                : 58147 samples [1: 99.3%, 2: 0.7%, 3: 0.0%]
DFA state visits in window   : 1: 10494, 2: 93, 3: 0
DFA state visits cumulative  : 1: 58296, 2: 451, 3: 0
DFA state entries in window  : 1: 100, 2: 4, 3: 0
DFA state entries cumulative : 1: 600, 2: 20, 3: 0
transitions cumulative       : 1->2: 20
accepted directly from s0    : 0
Gym endings cumulative       : terminated=600, truncated=0

[Episode 700/8000 | last 100]
success rate                : 0.0% (cumulative 0.0%)
failure rate                : 0.0% (cumulative 0.0%)
completed cycles / episode  : 0.000
synthetic task reward       : 0.000
shaping reward              : -188.095
learning reward             : -188.095
episode length              : 105.2
abstract changes / episode  : 101.6
same abstract-state steps   : 3.5%
same-state shaping / episode: 0.000
changed-state shaping / ep. : -188.095
terminal shaping / episode  : -4.516
DFA transitions / episode   : 0.04
DFA transitions in window   : 1->2: 4
epsilon (next episode)       : 0.75574
replay buffer                : 68672 samples [1: 99.2%, 2: 0.8%, 3: 0.0%]
DFA state visits in window   : 1: 10532, 2: 93, 3: 0
DFA state visits cumulative  : 1: 68828, 2: 544, 3: 0
DFA state entries in window  : 1: 100, 2: 4, 3: 0
DFA state entries cumulative : 1: 700, 2: 24, 3: 0
transitions cumulative       : 1->2: 24
accepted directly from s0    : 0
Gym endings cumulative       : terminated=700, truncated=0

[Episode 800/8000 | last 100]
success rate                : 0.0% (cumulative 0.0%)
failure rate                : 0.0% (cumulative 0.0%)
completed cycles / episode  : 0.000
synthetic task reward       : 0.000
shaping reward              : -166.286
learning reward             : -166.286
episode length              : 120.2
abstract changes / episode  : 99.8
same abstract-state steps   : 16.9%
same-state shaping / episode: 0.000
changed-state shaping / ep. : -166.286
terminal shaping / episode  : -6.059
DFA transitions / episode   : 0.01
DFA transitions in window   : 1->2: 1
epsilon (next episode)       : 0.72610
replay buffer                : 80689 samples [1: 99.3%, 2: 0.7%, 3: 0.0%]
DFA state visits in window   : 1: 12088, 2: 29, 3: 0
DFA state visits cumulative  : 1: 80916, 2: 573, 3: 0
DFA state entries in window  : 1: 100, 2: 1, 3: 0
DFA state entries cumulative : 1: 800, 2: 25, 3: 0
transitions cumulative       : 1->2: 25
accepted directly from s0    : 0
Gym endings cumulative       : terminated=798, truncated=2

[Episode 900/8000 | last 100]
success rate                : 0.0% (cumulative 0.0%)
failure rate                : 0.0% (cumulative 0.0%)
completed cycles / episode  : 0.000
synthetic task reward       : 0.000
shaping reward              : -157.938
learning reward             : -157.938
episode length              : 108.2
abstract changes / episode  : 102.2
same abstract-state steps   : 5.6%
same-state shaping / episode: 0.000
changed-state shaping / ep. : -157.938
terminal shaping / episode  : -0.951
DFA transitions / episode   : 0.01
DFA transitions in window   : 1->2: 1
epsilon (next episode)       : 0.69763
replay buffer                : 91507 samples [1: 99.4%, 2: 0.6%, 3: 0.0%]
DFA state visits in window   : 1: 10885, 2: 33, 3: 0
DFA state visits cumulative  : 1: 91801, 2: 606, 3: 0
DFA state entries in window  : 1: 100, 2: 1, 3: 0
DFA state entries cumulative : 1: 900, 2: 26, 3: 0
transitions cumulative       : 1->2: 26
accepted directly from s0    : 0
Gym endings cumulative       : terminated=898, truncated=2

[Episode 1000/8000 | last 100]
success rate                : 0.0% (cumulative 0.0%)
failure rate                : 0.0% (cumulative 0.0%)
completed cycles / episode  : 0.000
synthetic task reward       : 0.000
shaping reward              : -175.143
learning reward             : -175.143
episode length              : 112.0
abstract changes / episode  : 105.7
same abstract-state steps   : 5.6%
same-state shaping / episode: 0.000
changed-state shaping / ep. : -175.143
terminal shaping / episode  : -3.510
DFA transitions / episode   : 0.01
DFA transitions in window   : 1->2: 1
epsilon (next episode)       : 0.67027
replay buffer                : 102705 samples [1: 99.4%, 2: 0.6%, 3: 0.0%]
DFA state visits in window   : 1: 11269, 2: 29, 3: 0
DFA state visits cumulative  : 1: 103070, 2: 635, 3: 0
DFA state entries in window  : 1: 100, 2: 1, 3: 0
DFA state entries cumulative : 1: 1000, 2: 27, 3: 0
transitions cumulative       : 1->2: 27
accepted directly from s0    : 0
Gym endings cumulative       : terminated=998, truncated=2

Starting autonomous greedy evaluation at episode 1000 (1000 fixed-seed episodes)...
[Greedy evaluation at episode 1000 | 1000 fixed-seed episodes]
success=0.0%, failure=0.0%, task reward=0.000, length=283.5
DFA transitions: 1->2: 139

[Episode 1100/8000 | last 100]
success rate                : 0.0% (cumulative 0.0%)
failure rate                : 0.0% (cumulative 0.0%)
completed cycles / episode  : 0.000
synthetic task reward       : 0.000
shaping reward              : -156.054
learning reward             : -156.054
episode length              : 118.6
abstract changes / episode  : 113.3
same abstract-state steps   : 4.5%
same-state shaping / episode: 0.000
changed-state shaping / ep. : -156.054
terminal shaping / episode  : -0.054
DFA transitions / episode   : 0.03
DFA transitions in window   : 1->2: 3
epsilon (next episode)       : 0.64398
replay buffer                : 114568 samples [1: 99.4%, 2: 0.6%, 3: 0.0%]
DFA state visits in window   : 1: 11882, 2: 81, 3: 0
DFA state visits cumulative  : 1: 114952, 2: 716, 3: 0
DFA state entries in window  : 1: 100, 2: 3, 3: 0
DFA state entries cumulative : 1: 1100, 2: 30, 3: 0
transitions cumulative       : 1->2: 30
accepted directly from s0    : 0
Gym endings cumulative       : terminated=1098, truncated=2

[Episode 1200/8000 | last 100]
success rate                : 0.0% (cumulative 0.0%)
failure rate                : 0.0% (cumulative 0.0%)
completed cycles / episode  : 0.000
synthetic task reward       : 0.000
shaping reward              : -173.226
learning reward             : -173.226
episode length              : 123.8
abstract changes / episode  : 117.5
same abstract-state steps   : 5.1%
same-state shaping / episode: 0.000
changed-state shaping / ep. : -173.226
terminal shaping / episode  : -1.499
DFA transitions / episode   : 0.09
DFA transitions in window   : 1->2: 9
epsilon (next episode)       : 0.61872
replay buffer                : 126952 samples [1: 99.3%, 2: 0.7%, 3: 0.0%]
DFA state visits in window   : 1: 12243, 2: 241, 3: 0
DFA state visits cumulative  : 1: 127195, 2: 957, 3: 0
DFA state entries in window  : 1: 100, 2: 9, 3: 0
DFA state entries cumulative : 1: 1200, 2: 39, 3: 0
transitions cumulative       : 1->2: 39
accepted directly from s0    : 0
Gym endings cumulative       : terminated=1198, truncated=2

[Episode 1300/8000 | last 100]
success rate                : 0.0% (cumulative 0.0%)
failure rate                : 0.0% (cumulative 0.0%)
completed cycles / episode  : 0.000
synthetic task reward       : 0.000
shaping reward              : -160.658
learning reward             : -160.658
episode length              : 122.9
abstract changes / episode  : 116.0
same abstract-state steps   : 5.6%
same-state shaping / episode: 0.000
changed-state shaping / ep. : -160.658
terminal shaping / episode  : -2.267
DFA transitions / episode   : 0.06
DFA transitions in window   : 1->2: 6
epsilon (next episode)       : 0.59446
replay buffer                : 139241 samples [1: 99.3%, 2: 0.7%, 3: 0.0%]
DFA state visits in window   : 1: 12262, 2: 127, 3: 0
DFA state visits cumulative  : 1: 139457, 2: 1084, 3: 0
DFA state entries in window  : 1: 100, 2: 6, 3: 0
DFA state entries cumulative : 1: 1300, 2: 45, 3: 0
transitions cumulative       : 1->2: 45
accepted directly from s0    : 0
Gym endings cumulative       : terminated=1298, truncated=2

[Episode 1400/8000 | last 100]
success rate                : 0.0% (cumulative 0.0%)
failure rate                : 0.0% (cumulative 0.0%)
completed cycles / episode  : 0.000
synthetic task reward       : 0.000
shaping reward              : -175.961
learning reward             : -175.961
episode length              : 128.3
abstract changes / episode  : 121.9
same abstract-state steps   : 5.0%
same-state shaping / episode: 0.000
changed-state shaping / ep. : -175.961
terminal shaping / episode  : -0.533
DFA transitions / episode   : 0.09
DFA transitions in window   : 1->2: 9
epsilon (next episode)       : 0.57115
replay buffer                : 152075 samples [1: 99.1%, 2: 0.9%, 3: 0.0%]
DFA state visits in window   : 1: 12647, 2: 287, 3: 0
DFA state visits cumulative  : 1: 152104, 2: 1371, 3: 0
DFA state entries in window  : 1: 100, 2: 9, 3: 0
DFA state entries cumulative : 1: 1400, 2: 54, 3: 0
transitions cumulative       : 1->2: 54
accepted directly from s0    : 0
Gym endings cumulative       : terminated=1398, truncated=2

[Episode 1500/8000 | last 100]
success rate                : 0.0% (cumulative 0.0%)
failure rate                : 0.0% (cumulative 0.0%)
completed cycles / episode  : 0.000
synthetic task reward       : 0.000
shaping reward              : -170.806
learning reward             : -170.806
episode length              : 129.1
abstract changes / episode  : 122.0
same abstract-state steps   : 5.5%
same-state shaping / episode: 0.000
changed-state shaping / ep. : -170.806
terminal shaping / episode  : -5.597
DFA transitions / episode   : 0.08
DFA transitions in window   : 1->2: 8
epsilon (next episode)       : 0.54875
replay buffer                : 164988 samples [1: 99.1%, 2: 0.9%, 3: 0.0%]
DFA state visits in window   : 1: 12772, 2: 241, 3: 0
DFA state visits cumulative  : 1: 164876, 2: 1612, 3: 0
DFA state entries in window  : 1: 100, 2: 8, 3: 0
DFA state entries cumulative : 1: 1500, 2: 62, 3: 0
transitions cumulative       : 1->2: 62
accepted directly from s0    : 0
Gym endings cumulative       : terminated=1498, truncated=2

Starting autonomous greedy evaluation at episode 1500 (1000 fixed-seed episodes)...
[Greedy evaluation at episode 1500 | 1000 fixed-seed episodes]
success=0.0%, failure=0.0%, task reward=0.000, length=285.0
DFA transitions: 1->2: 29

[Episode 1600/8000 | last 100]
success rate                : 0.0% (cumulative 0.0%)
failure rate                : 0.0% (cumulative 0.0%)
completed cycles / episode  : 0.000
synthetic task reward       : 0.000
shaping reward              : -163.510
learning reward             : -163.510
episode length              : 121.2
abstract changes / episode  : 116.5
same abstract-state steps   : 3.9%
same-state shaping / episode: 0.000
changed-state shaping / ep. : -163.510
terminal shaping / episode  : -3.003
DFA transitions / episode   : 0.03
DFA transitions in window   : 1->2: 3
epsilon (next episode)       : 0.52722
replay buffer                : 177113 samples [1: 99.1%, 2: 0.9%, 3: 0.0%]
DFA state visits in window   : 1: 12175, 2: 50, 3: 0
DFA state visits cumulative  : 1: 177051, 2: 1662, 3: 0
DFA state entries in window  : 1: 100, 2: 3, 3: 0
DFA state entries cumulative : 1: 1600, 2: 65, 3: 0
transitions cumulative       : 1->2: 65
accepted directly from s0    : 0
Gym endings cumulative       : terminated=1598, truncated=2

[Episode 1700/8000 | last 100]
success rate                : 0.0% (cumulative 0.0%)
failure rate                : 0.0% (cumulative 0.0%)
completed cycles / episode  : 0.000
synthetic task reward       : 0.000
shaping reward              : -169.617
learning reward             : -169.617
episode length              : 123.9
abstract changes / episode  : 117.4
same abstract-state steps   : 5.3%
same-state shaping / episode: 0.000
changed-state shaping / ep. : -169.617
terminal shaping / episode  : -3.597
DFA transitions / episode   : 0.05
DFA transitions in window   : 1->2: 5
epsilon (next episode)       : 0.50655
replay buffer                : 189503 samples [1: 99.1%, 2: 0.9%, 3: 0.0%]
DFA state visits in window   : 1: 12369, 2: 121, 3: 0
DFA state visits cumulative  : 1: 189420, 2: 1783, 3: 0
DFA state entries in window  : 1: 100, 2: 5, 3: 0
DFA state entries cumulative : 1: 1700, 2: 70, 3: 0
transitions cumulative       : 1->2: 70
accepted directly from s0    : 0
Gym endings cumulative       : terminated=1698, truncated=2

[Episode 1800/8000 | last 100]
success rate                : 0.0% (cumulative 0.0%)
failure rate                : 0.0% (cumulative 0.0%)
completed cycles / episode  : 0.000
synthetic task reward       : 0.000
shaping reward              : -154.661
learning reward             : -154.661
episode length              : 118.1
abstract changes / episode  : 113.4
same abstract-state steps   : 4.0%
same-state shaping / episode: 0.000
changed-state shaping / ep. : -154.661
terminal shaping / episode  : 0.141
DFA transitions / episode   : 0.03
DFA transitions in window   : 1->2: 3
epsilon (next episode)       : 0.48668
replay buffer                : 201313 samples [1: 99.1%, 2: 0.9%, 3: 0.0%]
DFA state visits in window   : 1: 11778, 2: 132, 3: 0
DFA state visits cumulative  : 1: 201198, 2: 1915, 3: 0
DFA state entries in window  : 1: 100, 2: 3, 3: 0
DFA state entries cumulative : 1: 1800, 2: 73, 3: 0
transitions cumulative       : 1->2: 73
accepted directly from s0    : 0
Gym endings cumulative       : terminated=1798, truncated=2

[Episode 1900/8000 | last 100]
success rate                : 0.0% (cumulative 0.0%)
failure rate                : 0.0% (cumulative 0.0%)
completed cycles / episode  : 0.000
synthetic task reward       : 0.000
shaping reward              : -178.979
learning reward             : -178.979
episode length              : 118.0
abstract changes / episode  : 106.1
same abstract-state steps   : 10.1%
same-state shaping / episode: 0.000
changed-state shaping / ep. : -178.979
terminal shaping / episode  : -7.541
DFA transitions / episode   : 0.02
DFA transitions in window   : 1->2: 2
epsilon (next episode)       : 0.46760
replay buffer                : 213114 samples [1: 99.1%, 2: 0.9%, 3: 0.0%]
DFA state visits in window   : 1: 11847, 2: 54, 3: 0
DFA state visits cumulative  : 1: 213045, 2: 1969, 3: 0
DFA state entries in window  : 1: 100, 2: 2, 3: 0
DFA state entries cumulative : 1: 1900, 2: 75, 3: 0
transitions cumulative       : 1->2: 75
accepted directly from s0    : 0
Gym endings cumulative       : terminated=1897, truncated=3

[Episode 2000/8000 | last 100]
success rate                : 0.0% (cumulative 0.0%)
failure rate                : 0.0% (cumulative 0.0%)
completed cycles / episode  : 0.000
synthetic task reward       : 0.000
shaping reward              : -181.120
learning reward             : -181.120
episode length              : 110.1
abstract changes / episode  : 104.1
same abstract-state steps   : 5.4%
same-state shaping / episode: 0.000
changed-state shaping / ep. : -181.120
terminal shaping / episode  : 1.325
DFA transitions / episode   : 0.03
DFA transitions in window   : 1->2: 3
epsilon (next episode)       : 0.44926
replay buffer                : 224121 samples [1: 99.1%, 2: 0.9%, 3: 0.0%]
DFA state visits in window   : 1: 11039, 2: 68, 3: 0
DFA state visits cumulative  : 1: 224084, 2: 2037, 3: 0
DFA state entries in window  : 1: 100, 2: 3, 3: 0
DFA state entries cumulative : 1: 2000, 2: 78, 3: 0
transitions cumulative       : 1->2: 78
accepted directly from s0    : 0
Gym endings cumulative       : terminated=1997, truncated=3

Starting autonomous greedy evaluation at episode 2000 (1000 fixed-seed episodes)...
[Greedy evaluation at episode 2000 | 1000 fixed-seed episodes]
success=0.0%, failure=0.0%, task reward=0.000, length=152.7
DFA transitions: 1->2: 11

[Episode 2100/8000 | last 100]
success rate                : 0.0% (cumulative 0.0%)
failure rate                : 0.0% (cumulative 0.0%)
completed cycles / episode  : 0.000
synthetic task reward       : 0.000
shaping reward              : -181.644
learning reward             : -181.644
episode length              : 121.0
abstract changes / episode  : 114.8
same abstract-state steps   : 5.1%
same-state shaping / episode: 0.000
changed-state shaping / ep. : -181.644
terminal shaping / episode  : -5.236
DFA transitions / episode   : 0.04
DFA transitions in window   : 1->2: 4
epsilon (next episode)       : 0.43164
replay buffer                : 236226 samples [1: 99.1%, 2: 0.9%, 3: 0.0%]
DFA state visits in window   : 1: 12115, 2: 90, 3: 0
DFA state visits cumulative  : 1: 236199, 2: 2127, 3: 0
DFA state entries in window  : 1: 100, 2: 4, 3: 0
DFA state entries cumulative : 1: 2100, 2: 82, 3: 0
transitions cumulative       : 1->2: 82
accepted directly from s0    : 0
Gym endings cumulative       : terminated=2097, truncated=3

[Episode 2200/8000 | last 100]
success rate                : 0.0% (cumulative 0.0%)
failure rate                : 0.0% (cumulative 0.0%)
completed cycles / episode  : 0.000
synthetic task reward       : 0.000
shaping reward              : -169.427
learning reward             : -169.427
episode length              : 109.3
abstract changes / episode  : 104.9
same abstract-state steps   : 4.1%
same-state shaping / episode: 0.000
changed-state shaping / ep. : -169.427
terminal shaping / episode  : 2.442
DFA transitions / episode   : 0.06
DFA transitions in window   : 1->2: 6
epsilon (next episode)       : 0.41471
replay buffer                : 247161 samples [1: 99.1%, 2: 0.9%, 3: 0.0%]
DFA state visits in window   : 1: 10859, 2: 176, 3: 0
DFA state visits cumulative  : 1: 247058, 2: 2303, 3: 0
DFA state entries in window  : 1: 100, 2: 6, 3: 0
DFA state entries cumulative : 1: 2200, 2: 88, 3: 0
transitions cumulative       : 1->2: 88
accepted directly from s0    : 0
Gym endings cumulative       : terminated=2197, truncated=3

[Episode 2300/8000 | last 100]
success rate                : 0.0% (cumulative 0.0%)
failure rate                : 0.0% (cumulative 0.0%)
completed cycles / episode  : 0.000
synthetic task reward       : 0.000
shaping reward              : -157.056
learning reward             : -157.056
episode length              : 89.4
abstract changes / episode  : 86.7
same abstract-state steps   : 3.0%
same-state shaping / episode: 0.000
changed-state shaping / ep. : -157.056
terminal shaping / episode  : 1.327
DFA transitions / episode   : 0.00
DFA transitions in window   : none
epsilon (next episode)       : 0.39845
replay buffer                : 256099 samples [1: 99.1%, 2: 0.9%, 3: 0.0%]
DFA state visits in window   : 1: 9038, 2: 0, 3: 0
DFA state visits cumulative  : 1: 256096, 2: 2303, 3: 0
DFA state entries in window  : 1: 100, 2: 0, 3: 0
DFA state entries cumulative : 1: 2300, 2: 88, 3: 0
transitions cumulative       : 1->2: 88
accepted directly from s0    : 0
Gym endings cumulative       : terminated=2297, truncated=3

[Episode 2400/8000 | last 100]
success rate                : 0.0% (cumulative 0.0%)
failure rate                : 0.0% (cumulative 0.0%)
completed cycles / episode  : 0.000
synthetic task reward       : 0.000
shaping reward              : -166.924
learning reward             : -166.924
episode length              : 130.7
abstract changes / episode  : 118.4
same abstract-state steps   : 9.4%
same-state shaping / episode: 0.000
changed-state shaping / ep. : -166.924
terminal shaping / episode  : 2.711
DFA transitions / episode   : 0.09
DFA transitions in window   : 1->2: 9
epsilon (next episode)       : 0.38282
replay buffer                : 269168 samples [1: 99.1%, 2: 0.9%, 3: 0.0%]
DFA state visits in window   : 1: 12935, 2: 234, 3: 0
DFA state visits cumulative  : 1: 269031, 2: 2537, 3: 0
DFA state entries in window  : 1: 100, 2: 9, 3: 0
DFA state entries cumulative : 1: 2400, 2: 97, 3: 0
transitions cumulative       : 1->2: 97
accepted directly from s0    : 0
Gym endings cumulative       : terminated=2397, truncated=3

[Episode 2500/8000 | last 100]
success rate                : 0.0% (cumulative 0.0%)
failure rate                : 0.0% (cumulative 0.0%)
completed cycles / episode  : 0.000
synthetic task reward       : 0.000
shaping reward              : -162.085
learning reward             : -162.085
episode length              : 157.0
abstract changes / episode  : 140.2
same abstract-state steps   : 10.7%
same-state shaping / episode: 0.000
changed-state shaping / ep. : -162.085
terminal shaping / episode  : -12.052
DFA transitions / episode   : 0.14
DFA transitions in window   : 1->2: 14
epsilon (next episode)       : 0.36781
replay buffer                : 284866 samples [1: 99.0%, 2: 1.0%, 3: 0.0%]
DFA state visits in window   : 1: 15282, 2: 516, 3: 0
DFA state visits cumulative  : 1: 284313, 2: 3053, 3: 0
DFA state entries in window  : 1: 100, 2: 14, 3: 0
DFA state entries cumulative : 1: 2500, 2: 111, 3: 0
transitions cumulative       : 1->2: 111
accepted directly from s0    : 0
Gym endings cumulative       : terminated=2497, truncated=3

Starting autonomous greedy evaluation at episode 2500 (1000 fixed-seed episodes)...
[Greedy evaluation at episode 2500 | 1000 fixed-seed episodes]
success=0.0%, failure=0.0%, task reward=0.000, length=251.4
DFA transitions: 1->2: 188

[Episode 2600/8000 | last 100]
success rate                : 0.0% (cumulative 0.0%)
failure rate                : 0.0% (cumulative 0.0%)
completed cycles / episode  : 0.000
synthetic task reward       : 0.000
shaping reward              : -160.143
learning reward             : -160.143
episode length              : 168.2
abstract changes / episode  : 146.9
same abstract-state steps   : 12.6%
same-state shaping / episode: 0.000
changed-state shaping / ep. : -160.143
terminal shaping / episode  : -2.299
DFA transitions / episode   : 0.10
DFA transitions in window   : 1->2: 10
epsilon (next episode)       : 0.35338
replay buffer                : 300000 samples [1: 98.9%, 2: 1.1%, 3: 0.0%]
DFA state visits in window   : 1: 16580, 2: 340, 3: 0
DFA state visits cumulative  : 1: 300893, 2: 3393, 3: 0
DFA state entries in window  : 1: 100, 2: 10, 3: 0
DFA state entries cumulative : 1: 2600, 2: 121, 3: 0
transitions cumulative       : 1->2: 121
accepted directly from s0    : 0
Gym endings cumulative       : terminated=2597, truncated=3

[Episode 2700/8000 | last 100]
success rate                : 0.0% (cumulative 0.0%)
failure rate                : 0.0% (cumulative 0.0%)
completed cycles / episode  : 0.000
synthetic task reward       : 0.000
shaping reward              : -161.090
learning reward             : -161.090
episode length              : 188.1
abstract changes / episode  : 157.2
same abstract-state steps   : 16.5%
same-state shaping / episode: 0.000
changed-state shaping / ep. : -161.090
terminal shaping / episode  : -1.292
DFA transitions / episode   : 0.09
DFA transitions in window   : 1->2: 9
epsilon (next episode)       : 0.33952
replay buffer                : 300000 samples [1: 98.8%, 2: 1.2%, 3: 0.0%]
DFA state visits in window   : 1: 18627, 2: 287, 3: 0
DFA state visits cumulative  : 1: 319520, 2: 3680, 3: 0
DFA state entries in window  : 1: 100, 2: 9, 3: 0
DFA state entries cumulative : 1: 2700, 2: 130, 3: 0
transitions cumulative       : 1->2: 130
accepted directly from s0    : 0
Gym endings cumulative       : terminated=2697, truncated=3

[Episode 2800/8000 | last 100]
success rate                : 0.0% (cumulative 0.0%)
failure rate                : 0.0% (cumulative 0.0%)
completed cycles / episode  : 0.000
synthetic task reward       : 0.000
shaping reward              : -160.342
learning reward             : -160.342
episode length              : 190.6
abstract changes / episode  : 159.7
same abstract-state steps   : 16.2%
same-state shaping / episode: 0.000
changed-state shaping / ep. : -160.342
terminal shaping / episode  : -1.757
DFA transitions / episode   : 0.05
DFA transitions in window   : 1->2: 5
epsilon (next episode)       : 0.32621
replay buffer                : 300000 samples [1: 98.8%, 2: 1.2%, 3: 0.0%]
DFA state visits in window   : 1: 18980, 2: 175, 3: 0
DFA state visits cumulative  : 1: 338500, 2: 3855, 3: 0
DFA state entries in window  : 1: 100, 2: 5, 3: 0
DFA state entries cumulative : 1: 2800, 2: 135, 3: 0
transitions cumulative       : 1->2: 135
accepted directly from s0    : 0
Gym endings cumulative       : terminated=2797, truncated=3

[Episode 2900/8000 | last 100]
success rate                : 0.0% (cumulative 0.0%)
failure rate                : 0.0% (cumulative 0.0%)
completed cycles / episode  : 0.000
synthetic task reward       : 0.000
shaping reward              : -151.379
learning reward             : -151.379
episode length              : 232.7
abstract changes / episode  : 189.2
same abstract-state steps   : 18.7%
same-state shaping / episode: 0.000
changed-state shaping / ep. : -151.379
terminal shaping / episode  : -3.311
DFA transitions / episode   : 0.04
DFA transitions in window   : 1->2: 4
epsilon (next episode)       : 0.31341
replay buffer                : 300000 samples [1: 98.9%, 2: 1.1%, 3: 0.0%]
DFA state visits in window   : 1: 23249, 2: 120, 3: 0
DFA state visits cumulative  : 1: 361749, 2: 3975, 3: 0
DFA state entries in window  : 1: 100, 2: 4, 3: 0
DFA state entries cumulative : 1: 2900, 2: 139, 3: 0
transitions cumulative       : 1->2: 139
accepted directly from s0    : 0
Gym endings cumulative       : terminated=2897, truncated=3

[Episode 3000/8000 | last 100]
success rate                : 0.0% (cumulative 0.0%)
failure rate                : 0.0% (cumulative 0.0%)
completed cycles / episode  : 0.000
synthetic task reward       : 0.000
shaping reward              : -159.326
learning reward             : -159.326
episode length              : 365.3
abstract changes / episode  : 259.5
same abstract-state steps   : 29.0%
same-state shaping / episode: 0.000
changed-state shaping / ep. : -159.326
terminal shaping / episode  : -0.402
DFA transitions / episode   : 0.06
DFA transitions in window   : 1->2: 6
epsilon (next episode)       : 0.30112
replay buffer                : 300000 samples [1: 98.9%, 2: 1.1%, 3: 0.0%]
DFA state visits in window   : 1: 36458, 2: 170, 3: 0
DFA state visits cumulative  : 1: 398207, 2: 4145, 3: 0
DFA state entries in window  : 1: 100, 2: 6, 3: 0
DFA state entries cumulative : 1: 3000, 2: 145, 3: 0
transitions cumulative       : 1->2: 145
accepted directly from s0    : 0
Gym endings cumulative       : terminated=2997, truncated=3

Starting autonomous greedy evaluation at episode 3000 (1000 fixed-seed episodes)...
[Greedy evaluation at episode 3000 | 1000 fixed-seed episodes]
success=0.0%, failure=0.0%, task reward=0.000, length=507.9
DFA transitions: 1->2: 29

[Episode 3100/8000 | last 100]
success rate                : 0.0% (cumulative 0.0%)
failure rate                : 0.0% (cumulative 0.0%)
completed cycles / episode  : 0.000
synthetic task reward       : 0.000
shaping reward              : -142.730
learning reward             : -142.730
episode length              : 607.4
abstract changes / episode  : 451.1
same abstract-state steps   : 25.7%
same-state shaping / episode: 0.000
changed-state shaping / ep. : -142.730
terminal shaping / episode  : 3.160
DFA transitions / episode   : 0.05
DFA transitions in window   : 1->2: 5
epsilon (next episode)       : 0.28931
replay buffer                : 300000 samples [1: 99.1%, 2: 0.9%, 3: 0.0%]
DFA state visits in window   : 1: 60713, 2: 129, 3: 0
DFA state visits cumulative  : 1: 458920, 2: 4274, 3: 0
DFA state entries in window  : 1: 100, 2: 5, 3: 0
DFA state entries cumulative : 1: 3100, 2: 150, 3: 0
transitions cumulative       : 1->2: 150
accepted directly from s0    : 0
Gym endings cumulative       : terminated=3067, truncated=33

[Episode 3200/8000 | last 100]
success rate                : 0.0% (cumulative 0.0%)
failure rate                : 0.0% (cumulative 0.0%)
completed cycles / episode  : 0.000
synthetic task reward       : 0.000
shaping reward              : -121.633
learning reward             : -121.633
episode length              : 371.7
abstract changes / episode  : 295.1
same abstract-state steps   : 20.6%
same-state shaping / episode: 0.000
changed-state shaping / ep. : -121.633
terminal shaping / episode  : 10.130
DFA transitions / episode   : 0.19
DFA transitions in window   : 1->2: 19
epsilon (next episode)       : 0.27797
replay buffer                : 300000 samples [1: 99.0%, 2: 1.0%, 3: 0.0%]
DFA state visits in window   : 1: 36591, 2: 678, 3: 0
DFA state visits cumulative  : 1: 495511, 2: 4952, 3: 0
DFA state entries in window  : 1: 100, 2: 19, 3: 0
DFA state entries cumulative : 1: 3200, 2: 169, 3: 0
transitions cumulative       : 1->2: 169
accepted directly from s0    : 0
Gym endings cumulative       : terminated=3158, truncated=42

[Episode 3300/8000 | last 100]
success rate                : 0.0% (cumulative 0.0%)
failure rate                : 0.0% (cumulative 0.0%)
completed cycles / episode  : 0.000
synthetic task reward       : 0.000
shaping reward              : -144.756
learning reward             : -144.756
episode length              : 297.8
abstract changes / episode  : 247.2
same abstract-state steps   : 17.0%
same-state shaping / episode: 0.000
changed-state shaping / ep. : -144.756
terminal shaping / episode  : -1.386
DFA transitions / episode   : 0.25
DFA transitions in window   : 1->2: 25
epsilon (next episode)       : 0.26706
replay buffer                : 300000 samples [1: 98.7%, 2: 1.3%, 3: 0.0%]
DFA state visits in window   : 1: 28770, 2: 1110, 3: 0
DFA state visits cumulative  : 1: 524281, 2: 6062, 3: 0
DFA state entries in window  : 1: 100, 2: 25, 3: 0
DFA state entries cumulative : 1: 3300, 2: 194, 3: 0
transitions cumulative       : 1->2: 194
accepted directly from s0    : 0
Gym endings cumulative       : terminated=3258, truncated=42

[Episode 3400/8000 | last 100]
success rate                : 0.0% (cumulative 0.0%)
failure rate                : 0.0% (cumulative 0.0%)
completed cycles / episode  : 0.000
synthetic task reward       : 0.000
shaping reward              : -154.267
learning reward             : -154.267
episode length              : 341.4
abstract changes / episode  : 299.4
same abstract-state steps   : 12.3%
same-state shaping / episode: 0.000
changed-state shaping / ep. : -154.267
terminal shaping / episode  : 3.219
DFA transitions / episode   : 0.16
DFA transitions in window   : 1->2: 16
epsilon (next episode)       : 0.25659
replay buffer                : 300000 samples [1: 98.6%, 2: 1.4%, 3: 0.0%]
DFA state visits in window   : 1: 33662, 2: 582, 3: 0
DFA state visits cumulative  : 1: 557943, 2: 6644, 3: 0
DFA state entries in window  : 1: 100, 2: 16, 3: 0
DFA state entries cumulative : 1: 3400, 2: 210, 3: 0
transitions cumulative       : 1->2: 210
accepted directly from s0    : 0
Gym endings cumulative       : terminated=3356, truncated=44

[Episode 3500/8000 | last 100]
success rate                : 0.0% (cumulative 0.0%)
failure rate                : 0.0% (cumulative 0.0%)
completed cycles / episode  : 0.000
synthetic task reward       : 0.000
shaping reward              : -165.538
learning reward             : -165.538
episode length              : 281.4
abstract changes / episode  : 240.6
same abstract-state steps   : 14.5%
same-state shaping / episode: 0.000
changed-state shaping / ep. : -165.538
terminal shaping / episode  : -20.432
DFA transitions / episode   : 0.23
DFA transitions in window   : 1->2: 23
epsilon (next episode)       : 0.24653
replay buffer                : 300000 samples [1: 98.5%, 2: 1.5%, 3: 0.0%]
DFA state visits in window   : 1: 27180, 2: 1060, 3: 0
DFA state visits cumulative  : 1: 585123, 2: 7704, 3: 0
DFA state entries in window  : 1: 100, 2: 23, 3: 0
DFA state entries cumulative : 1: 3500, 2: 233, 3: 0
transitions cumulative       : 1->2: 233
accepted directly from s0    : 0
Gym endings cumulative       : terminated=3456, truncated=44

Starting autonomous greedy evaluation at episode 3500 (1000 fixed-seed episodes)...
[Greedy evaluation at episode 3500 | 1000 fixed-seed episodes]
success=0.0%, failure=0.0%, task reward=0.000, length=242.1
DFA transitions: 1->2: 58

[Episode 3600/8000 | last 100]
success rate                : 0.0% (cumulative 0.0%)
failure rate                : 0.0% (cumulative 0.0%)
completed cycles / episode  : 0.000
synthetic task reward       : 0.000
shaping reward              : -140.405
learning reward             : -140.405
episode length              : 294.1
abstract changes / episode  : 251.3
same abstract-state steps   : 14.5%
same-state shaping / episode: 0.000
changed-state shaping / ep. : -140.405
terminal shaping / episode  : -12.221
DFA transitions / episode   : 0.21
DFA transitions in window   : 1->2: 21
epsilon (next episode)       : 0.23686
replay buffer                : 300000 samples [1: 98.3%, 2: 1.7%, 3: 0.0%]
DFA state visits in window   : 1: 28404, 2: 1101, 3: 0
DFA state visits cumulative  : 1: 613527, 2: 8805, 3: 0
DFA state entries in window  : 1: 100, 2: 21, 3: 0
DFA state entries cumulative : 1: 3600, 2: 254, 3: 0
transitions cumulative       : 1->2: 254
accepted directly from s0    : 0
Gym endings cumulative       : terminated=3555, truncated=45

[Episode 3700/8000 | last 100]
success rate                : 0.0% (cumulative 0.0%)
failure rate                : 0.0% (cumulative 0.0%)
completed cycles / episode  : 0.000
synthetic task reward       : 0.000
shaping reward              : -141.317
learning reward             : -141.317
episode length              : 278.0
abstract changes / episode  : 244.4
same abstract-state steps   : 12.1%
same-state shaping / episode: 0.000
changed-state shaping / ep. : -141.317
terminal shaping / episode  : 3.280
DFA transitions / episode   : 0.27
DFA transitions in window   : 1->2: 27
epsilon (next episode)       : 0.22757
replay buffer                : 300000 samples [1: 98.0%, 2: 2.0%, 3: 0.0%]
DFA state visits in window   : 1: 26652, 2: 1252, 3: 0
DFA state visits cumulative  : 1: 640179, 2: 10057, 3: 0
DFA state entries in window  : 1: 100, 2: 27, 3: 0
DFA state entries cumulative : 1: 3700, 2: 281, 3: 0
transitions cumulative       : 1->2: 281
accepted directly from s0    : 0
Gym endings cumulative       : terminated=3655, truncated=45

[Episode 3800/8000 | last 100]
success rate                : 0.0% (cumulative 0.0%)
failure rate                : 0.0% (cumulative 0.0%)
completed cycles / episode  : 0.000
synthetic task reward       : 0.000
shaping reward              : -147.195
learning reward             : -147.195
episode length              : 346.8
abstract changes / episode  : 311.5
same abstract-state steps   : 10.2%
same-state shaping / episode: 0.000
changed-state shaping / ep. : -147.195
terminal shaping / episode  : -18.665
DFA transitions / episode   : 0.23
DFA transitions in window   : 1->2: 23
epsilon (next episode)       : 0.21865
replay buffer                : 300000 samples [1: 97.6%, 2: 2.4%, 3: 0.0%]
DFA state visits in window   : 1: 33368, 2: 1409, 3: 0
DFA state visits cumulative  : 1: 673547, 2: 11466, 3: 0
DFA state entries in window  : 1: 100, 2: 23, 3: 0
DFA state entries cumulative : 1: 3800, 2: 304, 3: 0
transitions cumulative       : 1->2: 304
accepted directly from s0    : 0
Gym endings cumulative       : terminated=3752, truncated=48

[Episode 3900/8000 | last 100]
success rate                : 0.0% (cumulative 0.0%)
failure rate                : 0.0% (cumulative 0.0%)
completed cycles / episode  : 0.000
synthetic task reward       : 0.000
shaping reward              : -123.948
learning reward             : -123.948
episode length              : 340.4
abstract changes / episode  : 291.1
same abstract-state steps   : 14.5%
same-state shaping / episode: 0.000
changed-state shaping / ep. : -123.948
terminal shaping / episode  : -3.271
DFA transitions / episode   : 0.20
DFA transitions in window   : 1->2: 20
epsilon (next episode)       : 0.21007
replay buffer                : 300000 samples [1: 97.3%, 2: 2.7%, 3: 0.0%]
DFA state visits in window   : 1: 33113, 2: 1024, 3: 0
DFA state visits cumulative  : 1: 706660, 2: 12490, 3: 0
DFA state entries in window  : 1: 100, 2: 20, 3: 0
DFA state entries cumulative : 1: 3900, 2: 324, 3: 0
transitions cumulative       : 1->2: 324
accepted directly from s0    : 0
Gym endings cumulative       : terminated=3847, truncated=53

[Episode 4000/8000 | last 100]
success rate                : 0.0% (cumulative 0.0%)
failure rate                : 0.0% (cumulative 0.0%)
completed cycles / episode  : 0.000
synthetic task reward       : 0.000
shaping reward              : -154.859
learning reward             : -154.859
episode length              : 312.4
abstract changes / episode  : 268.8
same abstract-state steps   : 14.0%
same-state shaping / episode: 0.000
changed-state shaping / ep. : -154.859
terminal shaping / episode  : 2.609
DFA transitions / episode   : 0.22
DFA transitions in window   : 1->2: 22
epsilon (next episode)       : 0.20183
replay buffer                : 300000 samples [1: 97.0%, 2: 3.0%, 3: 0.0%]
DFA state visits in window   : 1: 30341, 2: 1004, 3: 0
DFA state visits cumulative  : 1: 737001, 2: 13494, 3: 0
DFA state entries in window  : 1: 100, 2: 22, 3: 0
DFA state entries cumulative : 1: 4000, 2: 346, 3: 0
transitions cumulative       : 1->2: 346
accepted directly from s0    : 0
Gym endings cumulative       : terminated=3943, truncated=57

Starting autonomous greedy evaluation at episode 4000 (1000 fixed-seed episodes)...
[Greedy evaluation at episode 4000 | 1000 fixed-seed episodes]
success=0.0%, failure=0.0%, task reward=0.000, length=397.6
DFA transitions: 1->2: 18

[Episode 4100/8000 | last 100]
success rate                : 0.0% (cumulative 0.0%)
failure rate                : 0.0% (cumulative 0.0%)
completed cycles / episode  : 0.000
synthetic task reward       : 0.000
shaping reward              : -110.944
learning reward             : -110.944
episode length              : 263.0
abstract changes / episode  : 230.3
same abstract-state steps   : 12.4%
same-state shaping / episode: 0.000
changed-state shaping / ep. : -110.944
terminal shaping / episode  : 61.939
DFA transitions / episode   : 0.26
DFA transitions in window   : 1->2: 26
epsilon (next episode)       : 0.19392
replay buffer                : 300000 samples [1: 96.3%, 2: 3.7%, 3: 0.0%]
DFA state visits in window   : 1: 24347, 2: 2051, 3: 0
DFA state visits cumulative  : 1: 761348, 2: 15545, 3: 0
DFA state entries in window  : 1: 100, 2: 26, 3: 0
DFA state entries cumulative : 1: 4100, 2: 372, 3: 0
transitions cumulative       : 1->2: 372
accepted directly from s0    : 0
Gym endings cumulative       : terminated=4042, truncated=58

[Episode 4200/8000 | last 100]
success rate                : 0.0% (cumulative 0.0%)
failure rate                : 0.0% (cumulative 0.0%)
completed cycles / episode  : 0.000
synthetic task reward       : 0.000
shaping reward              : -159.952
learning reward             : -159.952
episode length              : 242.6
abstract changes / episode  : 212.9
same abstract-state steps   : 12.2%
same-state shaping / episode: 0.000
changed-state shaping / ep. : -159.952
terminal shaping / episode  : 2.565
DFA transitions / episode   : 0.32
DFA transitions in window   : 1->2: 32
epsilon (next episode)       : 0.18631
replay buffer                : 300000 samples [1: 95.8%, 2: 4.2%, 3: 0.0%]
DFA state visits in window   : 1: 22071, 2: 2290, 3: 0
DFA state visits cumulative  : 1: 783419, 2: 17835, 3: 0
DFA state entries in window  : 1: 100, 2: 32, 3: 0
DFA state entries cumulative : 1: 4200, 2: 404, 3: 0
transitions cumulative       : 1->2: 404
accepted directly from s0    : 0
Gym endings cumulative       : terminated=4142, truncated=58

[Episode 4300/8000 | last 100]
success rate                : 0.0% (cumulative 0.0%)
failure rate                : 0.0% (cumulative 0.0%)
completed cycles / episode  : 0.000
synthetic task reward       : 0.000
shaping reward              : -114.677
learning reward             : -114.677
episode length              : 305.2
abstract changes / episode  : 269.6
same abstract-state steps   : 11.7%
same-state shaping / episode: 0.000
changed-state shaping / ep. : -114.677
terminal shaping / episode  : 18.866
DFA transitions / episode   : 0.44
DFA transitions in window   : 1->2: 44
epsilon (next episode)       : 0.17900
replay buffer                : 300000 samples [1: 94.9%, 2: 5.1%, 3: 0.0%]
DFA state visits in window   : 1: 26705, 2: 3915, 3: 0
DFA state visits cumulative  : 1: 810124, 2: 21750, 3: 0
DFA state entries in window  : 1: 100, 2: 44, 3: 0
DFA state entries cumulative : 1: 4300, 2: 448, 3: 0
transitions cumulative       : 1->2: 448
accepted directly from s0    : 0
Gym endings cumulative       : terminated=4241, truncated=59

[Episode 4400/8000 | last 100]
success rate                : 0.0% (cumulative 0.0%)
failure rate                : 0.0% (cumulative 0.0%)
completed cycles / episode  : 0.000
synthetic task reward       : 0.000
shaping reward              : -140.690
learning reward             : -140.690
episode length              : 274.4
abstract changes / episode  : 252.4
same abstract-state steps   : 8.0%
same-state shaping / episode: 0.000
changed-state shaping / ep. : -140.690
terminal shaping / episode  : 24.834
DFA transitions / episode   : 0.25
DFA transitions in window   : 1->2: 25
epsilon (next episode)       : 0.17198
replay buffer                : 300000 samples [1: 94.3%, 2: 5.7%, 3: 0.0%]
DFA state visits in window   : 1: 25493, 2: 2045, 3: 0
DFA state visits cumulative  : 1: 835617, 2: 23795, 3: 0
DFA state entries in window  : 1: 100, 2: 25, 3: 0
DFA state entries cumulative : 1: 4400, 2: 473, 3: 0
transitions cumulative       : 1->2: 473
accepted directly from s0    : 0
Gym endings cumulative       : terminated=4340, truncated=60

[Episode 4500/8000 | last 100]
success rate                : 0.0% (cumulative 0.0%)
failure rate                : 0.0% (cumulative 0.0%)
completed cycles / episode  : 0.000
synthetic task reward       : 0.000
shaping reward              : -155.363
learning reward             : -155.363
episode length              : 259.6
abstract changes / episode  : 238.0
same abstract-state steps   : 8.3%
same-state shaping / episode: 0.000
changed-state shaping / ep. : -155.363
terminal shaping / episode  : -15.758
DFA transitions / episode   : 0.44
DFA transitions in window   : 1->2: 44
epsilon (next episode)       : 0.16524
replay buffer                : 300000 samples [1: 93.5%, 2: 6.5%, 3: 0.0%]
DFA state visits in window   : 1: 22547, 2: 3518, 3: 0
DFA state visits cumulative  : 1: 858164, 2: 27313, 3: 0
DFA state entries in window  : 1: 100, 2: 44, 3: 0
DFA state entries cumulative : 1: 4500, 2: 517, 3: 0
transitions cumulative       : 1->2: 517
accepted directly from s0    : 0
Gym endings cumulative       : terminated=4440, truncated=60

Starting autonomous greedy evaluation at episode 4500 (1000 fixed-seed episodes)...
[Greedy evaluation at episode 4500 | 1000 fixed-seed episodes]
success=0.0%, failure=0.0%, task reward=0.000, length=232.3
DFA transitions: 1->2: 301

[Episode 4600/8000 | last 100]
success rate                : 0.0% (cumulative 0.0%)
failure rate                : 0.0% (cumulative 0.0%)
completed cycles / episode  : 0.000
synthetic task reward       : 0.000
shaping reward              : -86.119
learning reward             : -86.119
episode length              : 205.7
abstract changes / episode  : 191.6
same abstract-state steps   : 6.9%
same-state shaping / episode: 0.000
changed-state shaping / ep. : -86.119
terminal shaping / episode  : -19.171
DFA transitions / episode   : 0.54
DFA transitions in window   : 1->2: 54
epsilon (next episode)       : 0.15876
replay buffer                : 300000 samples [1: 92.3%, 2: 7.7%, 3: 0.0%]
DFA state visits in window   : 1: 16416, 2: 4250, 3: 0
DFA state visits cumulative  : 1: 874580, 2: 31563, 3: 0
DFA state entries in window  : 1: 100, 2: 54, 3: 0
DFA state entries cumulative : 1: 4600, 2: 571, 3: 0
transitions cumulative       : 1->2: 571
accepted directly from s0    : 0
Gym endings cumulative       : terminated=4540, truncated=60

[Episode 4700/8000 | last 100]
success rate                : 1.0% (cumulative 0.0%)
failure rate                : 0.0% (cumulative 0.0%)
completed cycles / episode  : 0.000
synthetic task reward       : 100.000
shaping reward              : -125.355
learning reward             : -25.355
episode length              : 246.3
abstract changes / episode  : 218.9
same abstract-state steps   : 11.1%
same-state shaping / episode: 0.000
changed-state shaping / ep. : -125.355
terminal shaping / episode  : -3.248
DFA transitions / episode   : 0.22
DFA transitions in window   : 1->2: 21, 2->3: 1
epsilon (next episode)       : 0.15253
replay buffer                : 300000 samples [1: 91.9%, 2: 8.1%, 3: 0.0%]
DFA state visits in window   : 1: 22406, 2: 2323, 3: 1
DFA state visits cumulative  : 1: 896986, 2: 33886, 3: 1
DFA state entries in window  : 1: 100, 2: 21, 3: 1
DFA state entries cumulative : 1: 4700, 2: 592, 3: 1
transitions cumulative       : 1->2: 592, 2->3: 1
accepted directly from s0    : 0
Gym endings cumulative       : terminated=4639, truncated=60

[Episode 4800/8000 | last 100]
success rate                : 0.0% (cumulative 0.0%)
failure rate                : 0.0% (cumulative 0.0%)
completed cycles / episode  : 0.000
synthetic task reward       : 0.000
shaping reward              : -119.354
learning reward             : -119.354
episode length              : 203.2
abstract changes / episode  : 185.3
same abstract-state steps   : 8.8%
same-state shaping / episode: 0.000
changed-state shaping / ep. : -119.354
terminal shaping / episode  : 37.733
DFA transitions / episode   : 0.15
DFA transitions in window   : 1->2: 15
epsilon (next episode)       : 0.14655
replay buffer                : 300000 samples [1: 91.7%, 2: 8.3%, 3: 0.0%]
DFA state visits in window   : 1: 19167, 2: 1249, 3: 0
DFA state visits cumulative  : 1: 916153, 2: 35135, 3: 1
DFA state entries in window  : 1: 100, 2: 15, 3: 0
DFA state entries cumulative : 1: 4800, 2: 607, 3: 1
transitions cumulative       : 1->2: 607, 2->3: 1
accepted directly from s0    : 0
Gym endings cumulative       : terminated=4739, truncated=60

[Episode 4900/8000 | last 100]
success rate                : 4.0% (cumulative 0.1%)
failure rate                : 0.0% (cumulative 0.0%)
completed cycles / episode  : 0.000
synthetic task reward       : 400.000
shaping reward              : 202.543
learning reward             : 602.543
episode length              : 298.1
abstract changes / episode  : 265.8
same abstract-state steps   : 10.8%
same-state shaping / episode: 0.000
changed-state shaping / ep. : 202.543
terminal shaping / episode  : -88.374
DFA transitions / episode   : 0.49
DFA transitions in window   : 1->2: 45, 2->3: 4
epsilon (next episode)       : 0.14080
replay buffer                : 300000 samples [1: 90.7%, 2: 9.3%, 3: 0.0%]
DFA state visits in window   : 1: 25335, 2: 4566, 3: 4
DFA state visits cumulative  : 1: 941488, 2: 39701, 3: 5
DFA state entries in window  : 1: 100, 2: 45, 3: 4
DFA state entries cumulative : 1: 4900, 2: 652, 3: 5
transitions cumulative       : 1->2: 652, 2->3: 5
accepted directly from s0    : 0
Gym endings cumulative       : terminated=4835, truncated=60

[Episode 5000/8000 | last 100]
success rate                : 1.0% (cumulative 0.1%)
failure rate                : 0.0% (cumulative 0.0%)
completed cycles / episode  : 0.000
synthetic task reward       : 100.000
shaping reward              : -75.011
learning reward             : 24.989
episode length              : 262.5
abstract changes / episode  : 234.2
same abstract-state steps   : 10.8%
same-state shaping / episode: 0.000
changed-state shaping / ep. : -75.011
terminal shaping / episode  : -63.018
DFA transitions / episode   : 0.35
DFA transitions in window   : 1->2: 34, 2->3: 1
epsilon (next episode)       : 0.13528
replay buffer                : 300000 samples [1: 90.0%, 2: 10.0%, 3: 0.0%]
DFA state visits in window   : 1: 23331, 2: 3016, 3: 1
DFA state visits cumulative  : 1: 964819, 2: 42717, 3: 6
DFA state entries in window  : 1: 100, 2: 34, 3: 1
DFA state entries cumulative : 1: 5000, 2: 686, 3: 6
transitions cumulative       : 1->2: 686, 2->3: 6
accepted directly from s0    : 0
Gym endings cumulative       : terminated=4934, truncated=60

Starting autonomous greedy evaluation at episode 5000 (1000 fixed-seed episodes)...
[Greedy evaluation at episode 5000 | 1000 fixed-seed episodes]
success=0.0%, failure=0.0%, task reward=0.000, length=317.4
DFA transitions: 1->2: 37

[Episode 5100/8000 | last 100]
success rate                : 3.0% (cumulative 0.2%)
failure rate                : 0.0% (cumulative 0.0%)
completed cycles / episode  : 0.000
synthetic task reward       : 300.000
shaping reward              : 288.175
learning reward             : 588.175
episode length              : 266.8
abstract changes / episode  : 241.3
same abstract-state steps   : 9.5%
same-state shaping / episode: 0.000
changed-state shaping / ep. : 288.175
terminal shaping / episode  : -204.246
DFA transitions / episode   : 0.53
DFA transitions in window   : 1->2: 50, 2->3: 3
epsilon (next episode)       : 0.12998
replay buffer                : 300000 samples [1: 88.5%, 2: 11.5%, 3: 0.0%]
DFA state visits in window   : 1: 21375, 2: 5402, 3: 3
DFA state visits cumulative  : 1: 986194, 2: 48119, 3: 9
DFA state entries in window  : 1: 100, 2: 50, 3: 3
DFA state entries cumulative : 1: 5100, 2: 736, 3: 9
transitions cumulative       : 1->2: 736, 2->3: 9
accepted directly from s0    : 0
Gym endings cumulative       : terminated=5031, truncated=60

[Episode 5200/8000 | last 100]
success rate                : 10.0% (cumulative 0.4%)
failure rate                : 0.0% (cumulative 0.0%)
completed cycles / episode  : 0.000
synthetic task reward       : 1000.000
shaping reward              : 668.438
learning reward             : 1668.438
episode length              : 276.8
abstract changes / episode  : 256.1
same abstract-state steps   : 7.5%
same-state shaping / episode: 0.000
changed-state shaping / ep. : 668.438
terminal shaping / episode  : -304.105
DFA transitions / episode   : 0.87
DFA transitions in window   : 1->2: 77, 2->3: 10
epsilon (next episode)       : 0.12488
replay buffer                : 300000 samples [1: 85.6%, 2: 14.4%, 3: 0.0%]
DFA state visits in window   : 1: 17987, 2: 9779, 3: 10
DFA state visits cumulative  : 1: 1004181, 2: 57898, 3: 19
DFA state entries in window  : 1: 100, 2: 77, 3: 10
DFA state entries cumulative : 1: 5200, 2: 813, 3: 19
transitions cumulative       : 1->2: 813, 2->3: 19
accepted directly from s0    : 0
Gym endings cumulative       : terminated=5121, truncated=60

[Episode 5300/8000 | last 100]
success rate                : 12.0% (cumulative 0.6%)
failure rate                : 0.0% (cumulative 0.0%)
completed cycles / episode  : 0.000
synthetic task reward       : 1200.000
shaping reward              : 760.025
learning reward             : 1960.025
episode length              : 277.2
abstract changes / episode  : 254.6
same abstract-state steps   : 8.1%
same-state shaping / episode: 0.000
changed-state shaping / ep. : 760.025
terminal shaping / episode  : -406.843
DFA transitions / episode   : 0.80
DFA transitions in window   : 1->2: 68, 2->3: 12
epsilon (next episode)       : 0.11998
replay buffer                : 300000 samples [1: 83.8%, 2: 16.2%, 3: 0.0%]
DFA state visits in window   : 1: 19942, 2: 7863, 3: 12
DFA state visits cumulative  : 1: 1024123, 2: 65761, 3: 31
DFA state entries in window  : 1: 100, 2: 68, 3: 12
DFA state entries cumulative : 1: 5300, 2: 881, 3: 31
transitions cumulative       : 1->2: 881, 2->3: 31
accepted directly from s0    : 0
Gym endings cumulative       : terminated=5208, truncated=61

[Episode 5400/8000 | last 100]
success rate                : 7.0% (cumulative 0.7%)
failure rate                : 0.0% (cumulative 0.0%)
completed cycles / episode  : 0.000
synthetic task reward       : 700.000
shaping reward              : 351.678
learning reward             : 1051.678
episode length              : 261.4
abstract changes / episode  : 239.7
same abstract-state steps   : 8.3%
same-state shaping / episode: 0.000
changed-state shaping / ep. : 351.678
terminal shaping / episode  : -418.417
DFA transitions / episode   : 0.74
DFA transitions in window   : 1->2: 67, 2->3: 7
epsilon (next episode)       : 0.11528
replay buffer                : 300000 samples [1: 81.8%, 2: 18.2%, 3: 0.0%]
DFA state visits in window   : 1: 17428, 2: 8805, 3: 7
DFA state visits cumulative  : 1: 1041551, 2: 74566, 3: 38
DFA state entries in window  : 1: 100, 2: 67, 3: 7
DFA state entries cumulative : 1: 5400, 2: 948, 3: 38
transitions cumulative       : 1->2: 948, 2->3: 38
accepted directly from s0    : 0
Gym endings cumulative       : terminated=5301, truncated=61

[Episode 5500/8000 | last 100]
success rate                : 18.0% (cumulative 1.0%)
failure rate                : 0.0% (cumulative 0.0%)
completed cycles / episode  : 0.000
synthetic task reward       : 1800.000
shaping reward              : 1107.081
learning reward             : 2907.081
episode length              : 244.4
abstract changes / episode  : 225.7
same abstract-state steps   : 7.6%
same-state shaping / episode: 0.000
changed-state shaping / ep. : 1107.081
terminal shaping / episode  : -516.213
DFA transitions / episode   : 0.80
DFA transitions in window   : 1->2: 62, 2->3: 18
epsilon (next episode)       : 0.11075
replay buffer                : 300000 samples [1: 80.2%, 2: 19.8%, 3: 0.0%]
DFA state visits in window   : 1: 16915, 2: 7603, 3: 18
DFA state visits cumulative  : 1: 1058466, 2: 82169, 3: 56
DFA state entries in window  : 1: 100, 2: 62, 3: 18
DFA state entries cumulative : 1: 5500, 2: 1010, 3: 56
transitions cumulative       : 1->2: 1010, 2->3: 56
accepted directly from s0    : 0
Gym endings cumulative       : terminated=5383, truncated=61

Starting autonomous greedy evaluation at episode 5500 (1000 fixed-seed episodes)...
[Greedy evaluation at episode 5500 | 1000 fixed-seed episodes]
success=3.4%, failure=0.0%, task reward=340.000, length=233.9
DFA transitions: 1->2: 513, 2->3: 34
Best policy updated from autonomous greedy evaluation at episode 5500.

[Episode 5600/8000 | last 100]
success rate                : 13.0% (cumulative 1.2%)
failure rate                : 0.0% (cumulative 0.0%)
completed cycles / episode  : 0.000
synthetic task reward       : 1300.000
shaping reward              : 892.291
learning reward             : 2192.291
episode length              : 291.0
abstract changes / episode  : 269.4
same abstract-state steps   : 7.4%
same-state shaping / episode: 0.000
changed-state shaping / ep. : 892.291
terminal shaping / episode  : -220.687
DFA transitions / episode   : 0.66
DFA transitions in window   : 1->2: 53, 2->3: 13
epsilon (next episode)       : 0.10641
replay buffer                : 300000 samples [1: 78.9%, 2: 21.1%, 3: 0.0%]
DFA state visits in window   : 1: 22778, 2: 6409, 3: 13
DFA state visits cumulative  : 1: 1081244, 2: 88578, 3: 69
DFA state entries in window  : 1: 100, 2: 53, 3: 13
DFA state entries cumulative : 1: 5600, 2: 1063, 3: 69
transitions cumulative       : 1->2: 1063, 2->3: 69
accepted directly from s0    : 0
Gym endings cumulative       : terminated=5470, truncated=61

[Episode 5700/8000 | last 100]
success rate                : 26.0% (cumulative 1.7%)
failure rate                : 0.0% (cumulative 0.0%)
completed cycles / episode  : 0.000
synthetic task reward       : 2600.000
shaping reward              : 1254.445
learning reward             : 3854.445
episode length              : 278.2
abstract changes / episode  : 249.8
same abstract-state steps   : 10.2%
same-state shaping / episode: 0.000
changed-state shaping / ep. : 1254.445
terminal shaping / episode  : -567.090
DFA transitions / episode   : 0.96
DFA transitions in window   : 1->2: 70, 2->3: 26
epsilon (next episode)       : 0.10224
replay buffer                : 300000 samples [1: 77.6%, 2: 22.4%, 3: 0.0%]
DFA state visits in window   : 1: 19336, 2: 8554, 3: 26
DFA state visits cumulative  : 1: 1100580, 2: 97132, 3: 95
DFA state entries in window  : 1: 100, 2: 70, 3: 26
DFA state entries cumulative : 1: 5700, 2: 1133, 3: 95
transitions cumulative       : 1->2: 1133, 2->3: 95
accepted directly from s0    : 0
Gym endings cumulative       : terminated=5544, truncated=61

[Episode 5800/8000 | last 100]
success rate                : 27.0% (cumulative 2.1%)
failure rate                : 0.0% (cumulative 0.0%)
completed cycles / episode  : 0.000
synthetic task reward       : 2700.000
shaping reward              : 1191.920
learning reward             : 3891.920
episode length              : 284.4
abstract changes / episode  : 247.8
same abstract-state steps   : 12.8%
same-state shaping / episode: 0.000
changed-state shaping / ep. : 1191.920
terminal shaping / episode  : -978.185
DFA transitions / episode   : 1.01
DFA transitions in window   : 1->2: 74, 2->3: 27
epsilon (next episode)       : 0.09823
replay buffer                : 300000 samples [1: 75.6%, 2: 24.4%, 3: 0.0%]
DFA state visits in window   : 1: 18062, 2: 10450, 3: 27
DFA state visits cumulative  : 1: 1118642, 2: 107582, 3: 122
DFA state entries in window  : 1: 100, 2: 74, 3: 27
DFA state entries cumulative : 1: 5800, 2: 1207, 3: 122
transitions cumulative       : 1->2: 1207, 2->3: 122
accepted directly from s0    : 0
Gym endings cumulative       : terminated=5617, truncated=61

[Episode 5900/8000 | last 100]
success rate                : 28.0% (cumulative 2.5%)
failure rate                : 0.0% (cumulative 0.0%)
completed cycles / episode  : 0.000
synthetic task reward       : 2800.000
shaping reward              : 1681.510
learning reward             : 4481.510
episode length              : 256.4
abstract changes / episode  : 232.3
same abstract-state steps   : 9.4%
same-state shaping / episode: 0.000
changed-state shaping / ep. : 1681.510
terminal shaping / episode  : -797.234
DFA transitions / episode   : 1.02
DFA transitions in window   : 1->2: 74, 2->3: 28
epsilon (next episode)       : 0.09438
replay buffer                : 300000 samples [1: 73.3%, 2: 26.7%, 3: 0.0%]
DFA state visits in window   : 1: 17693, 2: 8024, 3: 28
DFA state visits cumulative  : 1: 1136335, 2: 115606, 3: 150
DFA state entries in window  : 1: 100, 2: 74, 3: 28
DFA state entries cumulative : 1: 5900, 2: 1281, 3: 150
transitions cumulative       : 1->2: 1281, 2->3: 150
accepted directly from s0    : 0
Gym endings cumulative       : terminated=5689, truncated=61

[Episode 6000/8000 | last 100]
success rate                : 21.0% (cumulative 2.9%)
failure rate                : 0.0% (cumulative 0.0%)
completed cycles / episode  : 0.000
synthetic task reward       : 2100.000
shaping reward              : 1269.992
learning reward             : 3369.992
episode length              : 266.7
abstract changes / episode  : 244.0
same abstract-state steps   : 8.5%
same-state shaping / episode: 0.000
changed-state shaping / ep. : 1269.992
terminal shaping / episode  : -585.447
DFA transitions / episode   : 0.87
DFA transitions in window   : 1->2: 66, 2->3: 21
epsilon (next episode)       : 0.09067
replay buffer                : 300000 samples [1: 71.4%, 2: 28.6%, 3: 0.0%]
DFA state visits in window   : 1: 17157, 2: 9590, 3: 21
DFA state visits cumulative  : 1: 1153492, 2: 125196, 3: 171
DFA state entries in window  : 1: 100, 2: 66, 3: 21
DFA state entries cumulative : 1: 6000, 2: 1347, 3: 171
transitions cumulative       : 1->2: 1347, 2->3: 171
accepted directly from s0    : 0
Gym endings cumulative       : terminated=5767, truncated=62

Starting autonomous greedy evaluation at episode 6000 (1000 fixed-seed episodes)...
[Greedy evaluation at episode 6000 | 1000 fixed-seed episodes]
success=0.2%, failure=0.0%, task reward=20.000, length=480.0
DFA transitions: 1->2: 785, 2->3: 2

[Episode 6100/8000 | last 100]
success rate                : 15.0% (cumulative 3.0%)
failure rate                : 0.0% (cumulative 0.0%)
completed cycles / episode  : 0.000
synthetic task reward       : 1500.000
shaping reward              : 784.393
learning reward             : 2284.393
episode length              : 290.3
abstract changes / episode  : 264.5
same abstract-state steps   : 8.9%
same-state shaping / episode: 0.000
changed-state shaping / ep. : 784.393
terminal shaping / episode  : -393.890
DFA transitions / episode   : 0.75
DFA transitions in window   : 1->2: 60, 2->3: 15
epsilon (next episode)       : 0.08712
replay buffer                : 300000 samples [1: 68.9%, 2: 31.1%, 3: 0.0%]
DFA state visits in window   : 1: 17791, 2: 11320, 3: 15
DFA state visits cumulative  : 1: 1171283, 2: 136516, 3: 186
DFA state entries in window  : 1: 100, 2: 60, 3: 15
DFA state entries cumulative : 1: 6100, 2: 1407, 3: 186
transitions cumulative       : 1->2: 1407, 2->3: 186
accepted directly from s0    : 0
Gym endings cumulative       : terminated=5852, truncated=62

[Episode 6200/8000 | last 100]
success rate                : 52.0% (cumulative 3.8%)
failure rate                : 0.0% (cumulative 0.0%)
completed cycles / episode  : 0.000
synthetic task reward       : 5200.000
shaping reward              : 3223.631
learning reward             : 8423.631
episode length              : 294.2
abstract changes / episode  : 265.4
same abstract-state steps   : 9.8%
same-state shaping / episode: 0.000
changed-state shaping / ep. : 3223.631
terminal shaping / episode  : -674.559
DFA transitions / episode   : 1.38
DFA transitions in window   : 1->2: 86, 2->3: 52
epsilon (next episode)       : 0.08370
replay buffer                : 300000 samples [1: 66.5%, 2: 33.5%, 3: 0.0%]
DFA state visits in window   : 1: 16229, 2: 13238, 3: 52
DFA state visits cumulative  : 1: 1187512, 2: 149754, 3: 238
DFA state entries in window  : 1: 100, 2: 86, 3: 52
DFA state entries cumulative : 1: 6200, 2: 1493, 3: 238
transitions cumulative       : 1->2: 1493, 2->3: 238
accepted directly from s0    : 0
Gym endings cumulative       : terminated=5899, truncated=63

[Episode 6300/8000 | last 100]
success rate                : 46.0% (cumulative 4.5%)
failure rate                : 0.0% (cumulative 0.0%)
completed cycles / episode  : 0.000
synthetic task reward       : 4600.000
shaping reward              : 2552.116
learning reward             : 7152.116
episode length              : 274.3
abstract changes / episode  : 250.2
same abstract-state steps   : 8.8%
same-state shaping / episode: 0.000
changed-state shaping / ep. : 2552.116
terminal shaping / episode  : -1310.265
DFA transitions / episode   : 1.25
DFA transitions in window   : 1->2: 79, 2->3: 46
epsilon (next episode)       : 0.08042
replay buffer                : 300000 samples [1: 66.6%, 2: 33.4%, 3: 0.0%]
DFA state visits in window   : 1: 17805, 2: 9676, 3: 46
DFA state visits cumulative  : 1: 1205317, 2: 159430, 3: 284
DFA state entries in window  : 1: 100, 2: 79, 3: 46
DFA state entries cumulative : 1: 6300, 2: 1572, 3: 284
transitions cumulative       : 1->2: 1572, 2->3: 284
accepted directly from s0    : 0
Gym endings cumulative       : terminated=5952, truncated=64

[Episode 6400/8000 | last 100]
success rate                : 54.0% (cumulative 5.3%)
failure rate                : 0.0% (cumulative 0.0%)
completed cycles / episode  : 0.000
synthetic task reward       : 5400.000
shaping reward              : 2835.010
learning reward             : 8235.010
episode length              : 276.7
abstract changes / episode  : 252.5
same abstract-state steps   : 8.7%
same-state shaping / episode: 0.000
changed-state shaping / ep. : 2835.010
terminal shaping / episode  : -1438.898
DFA transitions / episode   : 1.39
DFA transitions in window   : 1->2: 85, 2->3: 54
epsilon (next episode)       : 0.07727
replay buffer                : 300000 samples [1: 65.8%, 2: 34.2%, 3: 0.0%]
DFA state visits in window   : 1: 17714, 2: 10003, 3: 54
DFA state visits cumulative  : 1: 1223031, 2: 169433, 3: 338
DFA state entries in window  : 1: 100, 2: 85, 3: 54
DFA state entries cumulative : 1: 6400, 2: 1657, 3: 338
transitions cumulative       : 1->2: 1657, 2->3: 338
accepted directly from s0    : 0
Gym endings cumulative       : terminated=5998, truncated=64

[Episode 6500/8000 | last 100]
success rate                : 52.0% (cumulative 6.0%)
failure rate                : 0.0% (cumulative 0.0%)
completed cycles / episode  : 0.000
synthetic task reward       : 5200.000
shaping reward              : 2925.028
learning reward             : 8125.028
episode length              : 263.2
abstract changes / episode  : 237.9
same abstract-state steps   : 9.6%
same-state shaping / episode: 0.000
changed-state shaping / ep. : 2925.028
terminal shaping / episode  : -1315.841
DFA transitions / episode   : 1.41
DFA transitions in window   : 1->2: 89, 2->3: 52
epsilon (next episode)       : 0.07423
replay buffer                : 300000 samples [1: 65.6%, 2: 34.4%, 3: 0.0%]
DFA state visits in window   : 1: 17340, 2: 9030, 3: 52
DFA state visits cumulative  : 1: 1240371, 2: 178463, 3: 390
DFA state entries in window  : 1: 100, 2: 89, 3: 52
DFA state entries cumulative : 1: 6500, 2: 1746, 3: 390
transitions cumulative       : 1->2: 1746, 2->3: 390
accepted directly from s0    : 0
Gym endings cumulative       : terminated=6046, truncated=64

Starting autonomous greedy evaluation at episode 6500 (1000 fixed-seed episodes)...
[Greedy evaluation at episode 6500 | 1000 fixed-seed episodes]
success=59.3%, failure=0.0%, task reward=5930.000, length=263.6
DFA transitions: 1->2: 795, 2->3: 593
Best policy updated from autonomous greedy evaluation at episode 6500.

[Episode 6600/8000 | last 100]
success rate                : 64.0% (cumulative 6.9%)
failure rate                : 0.0% (cumulative 0.0%)
completed cycles / episode  : 0.000
synthetic task reward       : 6400.000
shaping reward              : 3151.312
learning reward             : 9551.312
episode length              : 250.7
abstract changes / episode  : 231.1
same abstract-state steps   : 7.8%
same-state shaping / episode: 0.000
changed-state shaping / ep. : 3151.312
terminal shaping / episode  : -1493.737
DFA transitions / episode   : 1.49
DFA transitions in window   : 1->2: 85, 2->3: 64
epsilon (next episode)       : 0.07132
replay buffer                : 300000 samples [1: 65.1%, 2: 34.8%, 3: 0.0%]
DFA state visits in window   : 1: 15901, 2: 9206, 3: 64
DFA state visits cumulative  : 1: 1256272, 2: 187669, 3: 454
DFA state entries in window  : 1: 100, 2: 85, 3: 64
DFA state entries cumulative : 1: 6600, 2: 1831, 3: 454
transitions cumulative       : 1->2: 1831, 2->3: 454
accepted directly from s0    : 0
Gym endings cumulative       : terminated=6082, truncated=64

[Episode 6700/8000 | last 100]
success rate                : 45.0% (cumulative 7.4%)
failure rate                : 0.0% (cumulative 0.0%)
completed cycles / episode  : 0.000
synthetic task reward       : 4500.000
shaping reward              : 2270.856
learning reward             : 6770.856
episode length              : 252.7
abstract changes / episode  : 234.3
same abstract-state steps   : 7.3%
same-state shaping / episode: 0.000
changed-state shaping / ep. : 2270.856
terminal shaping / episode  : -1317.756
DFA transitions / episode   : 1.10
DFA transitions in window   : 1->2: 65, 2->3: 45
epsilon (next episode)       : 0.06853
replay buffer                : 300000 samples [1: 64.4%, 2: 35.6%, 3: 0.0%]
DFA state visits in window   : 1: 17378, 2: 7943, 3: 45
DFA state visits cumulative  : 1: 1273650, 2: 195612, 3: 499
DFA state entries in window  : 1: 100, 2: 65, 3: 45
DFA state entries cumulative : 1: 6700, 2: 1896, 3: 499
transitions cumulative       : 1->2: 1896, 2->3: 499
accepted directly from s0    : 0
Gym endings cumulative       : terminated=6137, truncated=64

[Episode 6800/8000 | last 100]
success rate                : 50.0% (cumulative 8.1%)
failure rate                : 0.0% (cumulative 0.0%)
completed cycles / episode  : 0.000
synthetic task reward       : 5000.000
shaping reward              : 2770.051
learning reward             : 7770.051
episode length              : 253.2
abstract changes / episode  : 237.3
same abstract-state steps   : 6.3%
same-state shaping / episode: 0.000
changed-state shaping / ep. : 2770.051
terminal shaping / episode  : -1225.121
DFA transitions / episode   : 1.20
DFA transitions in window   : 1->2: 70, 2->3: 50
epsilon (next episode)       : 0.06584
replay buffer                : 300000 samples [1: 63.5%, 2: 36.5%, 3: 0.0%]
DFA state visits in window   : 1: 15080, 2: 10294, 3: 50
DFA state visits cumulative  : 1: 1288730, 2: 205906, 3: 549
DFA state entries in window  : 1: 100, 2: 70, 3: 50
DFA state entries cumulative : 1: 6800, 2: 1966, 3: 549
transitions cumulative       : 1->2: 1966, 2->3: 549
accepted directly from s0    : 0
Gym endings cumulative       : terminated=6187, truncated=64

[Episode 6900/8000 | last 100]
success rate                : 46.0% (cumulative 8.6%)
failure rate                : 0.0% (cumulative 0.0%)
completed cycles / episode  : 0.000
synthetic task reward       : 4600.000
shaping reward              : 2475.287
learning reward             : 7075.287
episode length              : 254.8
abstract changes / episode  : 239.1
same abstract-state steps   : 6.2%
same-state shaping / episode: 0.000
changed-state shaping / ep. : 2475.287
terminal shaping / episode  : -1596.860
DFA transitions / episode   : 1.15
DFA transitions in window   : 1->2: 69, 2->3: 46
epsilon (next episode)       : 0.06326
replay buffer                : 300000 samples [1: 63.8%, 2: 36.2%, 3: 0.0%]
DFA state visits in window   : 1: 17317, 2: 8216, 3: 46
DFA state visits cumulative  : 1: 1306047, 2: 214122, 3: 595
DFA state entries in window  : 1: 100, 2: 69, 3: 46
DFA state entries cumulative : 1: 6900, 2: 2035, 3: 595
transitions cumulative       : 1->2: 2035, 2->3: 595
accepted directly from s0    : 0
Gym endings cumulative       : terminated=6241, truncated=64

[Episode 7000/8000 | last 100]
success rate                : 41.0% (cumulative 9.1%)
failure rate                : 0.0% (cumulative 0.0%)
completed cycles / episode  : 0.000
synthetic task reward       : 4100.000
shaping reward              : 2160.446
learning reward             : 6260.446
episode length              : 267.2
abstract changes / episode  : 247.3
same abstract-state steps   : 7.4%
same-state shaping / episode: 0.000
changed-state shaping / ep. : 2160.446
terminal shaping / episode  : -948.003
DFA transitions / episode   : 1.04
DFA transitions in window   : 1->2: 63, 2->3: 41
epsilon (next episode)       : 0.06078
replay buffer                : 300000 samples [1: 64.4%, 2: 35.6%, 3: 0.0%]
DFA state visits in window   : 1: 20076, 2: 6708, 3: 41
DFA state visits cumulative  : 1: 1326123, 2: 220830, 3: 636
DFA state entries in window  : 1: 100, 2: 63, 3: 41
DFA state entries cumulative : 1: 7000, 2: 2098, 3: 636
transitions cumulative       : 1->2: 2098, 2->3: 636
accepted directly from s0    : 0
Gym endings cumulative       : terminated=6300, truncated=64

Starting autonomous greedy evaluation at episode 7000 (1000 fixed-seed episodes)...
[Greedy evaluation at episode 7000 | 1000 fixed-seed episodes]
success=76.1%, failure=0.0%, task reward=7610.000, length=340.8
DFA transitions: 1->2: 857, 2->3: 761
Best policy updated from autonomous greedy evaluation at episode 7000.

[Episode 7100/8000 | last 100]
success rate                : 58.0% (cumulative 9.8%)
failure rate                : 0.0% (cumulative 0.0%)
completed cycles / episode  : 0.000
synthetic task reward       : 5800.000
shaping reward              : 3204.159
learning reward             : 9004.159
episode length              : 258.2
abstract changes / episode  : 241.0
same abstract-state steps   : 6.6%
same-state shaping / episode: 0.000
changed-state shaping / ep. : 3204.159
terminal shaping / episode  : -898.812
DFA transitions / episode   : 1.35
DFA transitions in window   : 1->2: 77, 2->3: 58
epsilon (next episode)       : 0.05839
replay buffer                : 300000 samples [1: 63.9%, 2: 36.1%, 3: 0.0%]
DFA state visits in window   : 1: 15313, 2: 10545, 3: 58
DFA state visits cumulative  : 1: 1341436, 2: 231375, 3: 694
DFA state entries in window  : 1: 100, 2: 77, 3: 58
DFA state entries cumulative : 1: 7100, 2: 2175, 3: 694
transitions cumulative       : 1->2: 2175, 2->3: 694
accepted directly from s0    : 0
Gym endings cumulative       : terminated=6342, truncated=64

[Episode 7200/8000 | last 100]
success rate                : 51.0% (cumulative 10.3%)
failure rate                : 0.0% (cumulative 0.0%)
completed cycles / episode  : 0.000
synthetic task reward       : 5100.000
shaping reward              : 2354.166
learning reward             : 7454.166
episode length              : 228.7
abstract changes / episode  : 214.9
same abstract-state steps   : 6.0%
same-state shaping / episode: 0.000
changed-state shaping / ep. : 2354.166
terminal shaping / episode  : -1707.519
DFA transitions / episode   : 1.26
DFA transitions in window   : 1->2: 75, 2->3: 51
epsilon (next episode)       : 0.05610
replay buffer                : 300000 samples [1: 64.4%, 2: 35.6%, 3: 0.0%]
DFA state visits in window   : 1: 14935, 2: 7982, 3: 51
DFA state visits cumulative  : 1: 1356371, 2: 239357, 3: 745
DFA state entries in window  : 1: 100, 2: 75, 3: 51
DFA state entries cumulative : 1: 7200, 2: 2250, 3: 745
transitions cumulative       : 1->2: 2250, 2->3: 745
accepted directly from s0    : 0
Gym endings cumulative       : terminated=6391, truncated=64

[Episode 7300/8000 | last 100]
success rate                : 51.0% (cumulative 10.9%)
failure rate                : 0.0% (cumulative 0.0%)
completed cycles / episode  : 0.000
synthetic task reward       : 5100.000
shaping reward              : 2763.170
learning reward             : 7863.170
episode length              : 253.2
abstract changes / episode  : 231.7
same abstract-state steps   : 8.5%
same-state shaping / episode: 0.000
changed-state shaping / ep. : 2763.170
terminal shaping / episode  : -1596.450
DFA transitions / episode   : 1.28
DFA transitions in window   : 1->2: 77, 2->3: 51
epsilon (next episode)       : 0.05390
replay buffer                : 300000 samples [1: 65.3%, 2: 34.7%, 3: 0.0%]
DFA state visits in window   : 1: 17383, 2: 7985, 3: 51
DFA state visits cumulative  : 1: 1373754, 2: 247342, 3: 796
DFA state entries in window  : 1: 100, 2: 77, 3: 51
DFA state entries cumulative : 1: 7300, 2: 2327, 3: 796
transitions cumulative       : 1->2: 2327, 2->3: 796
accepted directly from s0    : 0
Gym endings cumulative       : terminated=6440, truncated=64

[Episode 7400/8000 | last 100]
success rate                : 41.0% (cumulative 11.3%)
failure rate                : 0.0% (cumulative 0.0%)
completed cycles / episode  : 0.000
synthetic task reward       : 4100.000
shaping reward              : 2533.052
learning reward             : 6633.052
episode length              : 245.9
abstract changes / episode  : 224.9
same abstract-state steps   : 8.5%
same-state shaping / episode: 0.000
changed-state shaping / ep. : 2533.052
terminal shaping / episode  : -1224.093
DFA transitions / episode   : 1.28
DFA transitions in window   : 1->2: 87, 2->3: 41
epsilon (next episode)       : 0.05179
replay buffer                : 300000 samples [1: 65.2%, 2: 34.8%, 3: 0.0%]
DFA state visits in window   : 1: 14916, 2: 9729, 3: 41
DFA state visits cumulative  : 1: 1388670, 2: 257071, 3: 837
DFA state entries in window  : 1: 100, 2: 87, 3: 41
DFA state entries cumulative : 1: 7400, 2: 2414, 3: 837
transitions cumulative       : 1->2: 2414, 2->3: 837
accepted directly from s0    : 0
Gym endings cumulative       : terminated=6499, truncated=64

[Episode 7500/8000 | last 100]
success rate                : 69.0% (cumulative 12.1%)
failure rate                : 0.0% (cumulative 0.0%)
completed cycles / episode  : 0.000
synthetic task reward       : 6900.000
shaping reward              : 3294.550
learning reward             : 10194.550
episode length              : 257.5
abstract changes / episode  : 236.6
same abstract-state steps   : 8.1%
same-state shaping / episode: 0.000
changed-state shaping / ep. : 3294.550
terminal shaping / episode  : -2105.958
DFA transitions / episode   : 1.54
DFA transitions in window   : 1->2: 85, 2->3: 69
epsilon (next episode)       : 0.04976
replay buffer                : 300000 samples [1: 65.1%, 2: 34.9%, 3: 0.0%]
DFA state visits in window   : 1: 16337, 2: 9448, 3: 69
DFA state visits cumulative  : 1: 1405007, 2: 266519, 3: 906
DFA state entries in window  : 1: 100, 2: 85, 3: 69
DFA state entries cumulative : 1: 7500, 2: 2499, 3: 906
transitions cumulative       : 1->2: 2499, 2->3: 906
accepted directly from s0    : 0
Gym endings cumulative       : terminated=6530, truncated=64

Starting autonomous greedy evaluation at episode 7500 (1000 fixed-seed episodes)...
[Greedy evaluation at episode 7500 | 1000 fixed-seed episodes]
success=70.0%, failure=0.0%, task reward=7000.000, length=234.7
DFA transitions: 1->2: 928, 2->3: 700

[Episode 7600/8000 | last 100]
success rate                : 60.0% (cumulative 12.7%)
failure rate                : 0.0% (cumulative 0.0%)
completed cycles / episode  : 0.000
synthetic task reward       : 6000.000
shaping reward              : 3100.449
learning reward             : 9100.449
episode length              : 248.0
abstract changes / episode  : 227.0
same abstract-state steps   : 8.5%
same-state shaping / episode: 0.000
changed-state shaping / ep. : 3100.449
terminal shaping / episode  : -1586.659
DFA transitions / episode   : 1.43
DFA transitions in window   : 1->2: 83, 2->3: 60
epsilon (next episode)       : 0.04781
replay buffer                : 300000 samples [1: 65.2%, 2: 34.8%, 3: 0.0%]
DFA state visits in window   : 1: 16113, 2: 8729, 3: 60
DFA state visits cumulative  : 1: 1421120, 2: 275248, 3: 966
DFA state entries in window  : 1: 100, 2: 83, 3: 60
DFA state entries cumulative : 1: 7600, 2: 2582, 3: 966
transitions cumulative       : 1->2: 2582, 2->3: 966
accepted directly from s0    : 0
Gym endings cumulative       : terminated=6570, truncated=64

[Episode 7700/8000 | last 100]
success rate                : 61.0% (cumulative 13.3%)
failure rate                : 0.0% (cumulative 0.0%)
completed cycles / episode  : 0.000
synthetic task reward       : 6100.000
shaping reward              : 2716.807
learning reward             : 8816.807
episode length              : 262.4
abstract changes / episode  : 230.7
same abstract-state steps   : 12.1%
same-state shaping / episode: 0.000
changed-state shaping / ep. : 2716.807
terminal shaping / episode  : -1784.114
DFA transitions / episode   : 1.49
DFA transitions in window   : 1->2: 88, 2->3: 61
epsilon (next episode)       : 0.04593
replay buffer                : 300000 samples [1: 65.2%, 2: 34.8%, 3: 0.0%]
DFA state visits in window   : 1: 17230, 2: 9044, 3: 61
DFA state visits cumulative  : 1: 1438350, 2: 284292, 3: 1027
DFA state entries in window  : 1: 100, 2: 88, 3: 61
DFA state entries cumulative : 1: 7700, 2: 2670, 3: 1027
transitions cumulative       : 1->2: 2670, 2->3: 1027
accepted directly from s0    : 0
Gym endings cumulative       : terminated=6609, truncated=64

[Episode 7800/8000 | last 100]
success rate                : 45.0% (cumulative 13.7%)
failure rate                : 0.0% (cumulative 0.0%)
completed cycles / episode  : 0.000
synthetic task reward       : 4500.000
shaping reward              : 2399.627
learning reward             : 6899.627
episode length              : 267.9
abstract changes / episode  : 239.9
same abstract-state steps   : 10.4%
same-state shaping / episode: 0.000
changed-state shaping / ep. : 2399.627
terminal shaping / episode  : -1311.650
DFA transitions / episode   : 1.22
DFA transitions in window   : 1->2: 77, 2->3: 45
epsilon (next episode)       : 0.04413
replay buffer                : 300000 samples [1: 65.6%, 2: 34.4%, 3: 0.0%]
DFA state visits in window   : 1: 18253, 2: 8587, 3: 45
DFA state visits cumulative  : 1: 1456603, 2: 292879, 3: 1072
DFA state entries in window  : 1: 100, 2: 77, 3: 45
DFA state entries cumulative : 1: 7800, 2: 2747, 3: 1072
transitions cumulative       : 1->2: 2747, 2->3: 1072
accepted directly from s0    : 0
Gym endings cumulative       : terminated=6664, truncated=64

[Episode 7900/8000 | last 100]
success rate                : 26.0% (cumulative 13.9%)
failure rate                : 0.0% (cumulative 0.0%)
completed cycles / episode  : 0.000
synthetic task reward       : 2600.000
shaping reward              : 990.912
learning reward             : 3590.912
episode length              : 211.6
abstract changes / episode  : 189.7
same abstract-state steps   : 10.3%
same-state shaping / episode: 0.000
changed-state shaping / ep. : 990.912
terminal shaping / episode  : -1012.997
DFA transitions / episode   : 0.86
DFA transitions in window   : 1->2: 60, 2->3: 26
epsilon (next episode)       : 0.04240
replay buffer                : 300000 samples [1: 65.5%, 2: 34.5%, 3: 0.0%]
DFA state visits in window   : 1: 14580, 2: 6653, 3: 26
DFA state visits cumulative  : 1: 1471183, 2: 299532, 3: 1098
DFA state entries in window  : 1: 100, 2: 60, 3: 26
DFA state entries cumulative : 1: 7900, 2: 2807, 3: 1098
transitions cumulative       : 1->2: 2807, 2->3: 1098
accepted directly from s0    : 0
Gym endings cumulative       : terminated=6738, truncated=64

[Episode 8000/8000 | last 100]
success rate                : 40.0% (cumulative 14.2%)
failure rate                : 0.0% (cumulative 0.0%)
completed cycles / episode  : 0.000
synthetic task reward       : 4000.000
shaping reward              : 2020.624
learning reward             : 6020.624
episode length              : 232.1
abstract changes / episode  : 212.7
same abstract-state steps   : 8.4%
same-state shaping / episode: 0.000
changed-state shaping / ep. : 2020.624
terminal shaping / episode  : -1176.949
DFA transitions / episode   : 0.98
DFA transitions in window   : 1->2: 58, 2->3: 40
epsilon (next episode)       : 0.04074
replay buffer                : 300000 samples [1: 66.4%, 2: 33.6%, 3: 0.0%]
DFA state visits in window   : 1: 16410, 2: 6860, 3: 40
DFA state visits cumulative  : 1: 1487593, 2: 306392, 3: 1138
DFA state entries in window  : 1: 100, 2: 58, 3: 40
DFA state entries cumulative : 1: 8000, 2: 2865, 3: 1138
transitions cumulative       : 1->2: 2865, 2->3: 1138
accepted directly from s0    : 0
Gym endings cumulative       : terminated=6798, truncated=64

Starting autonomous greedy evaluation at episode 8000 (1000 fixed-seed episodes)...
[Greedy evaluation at episode 8000 | 1000 fixed-seed episodes]
success=49.4%, failure=0.0%, task reward=4940.000, length=227.7
DFA transitions: 1->2: 764, 2->3: 494
Last policy saved after episode 8000. Best greedy evaluation: episode 7000, mean task reward=7610.000
