
=== NEW RUN ===
episodes=8000, shaping=True, goal_reward=10000.0, gamma=0.99
gamma_shaping=1.0, shaping_formula=gamma_shaping*Phi(next)-Phi(state)
eval_interval=500, eval_episodes=1000, eval_seed=100000
inter_level_shaping=False, inter_level_formula=gamma*Phi(next)-Phi(state)
formula=F(wp1 & X(F(g1)))
regions={wp1: {'center': [-0.75, 1.0625], 'radius': 0.1}, g1: {'center': [0.75, 1.0625], 'radius': 0.1}}
dfa_states=[1, 2, 3], pre_trace=1, accepting=[3], failure=[]

[Episode 1/8000 | last 1]
success rate                : 0.0% (cumulative 0.0%)
failure rate                : 0.0% (cumulative 0.0%)
synthetic task reward       : 0.000
shaping reward              : -989.181
learning reward             : -989.181
episode length              : 107.0
abstract changes / episode  : 51.0
DFA transitions / episode   : 0.00
DFA transitions in window   : none
epsilon (next episode)       : 0.99960
replay buffer                : 107 samples [1: 100.0%, 2: 0.0%, 3: 0.0%]
DFA state visits in window   : 1: 108, 2: 0, 3: 0
DFA state visits cumulative  : 1: 108, 2: 0, 3: 0
DFA state entries in window  : 1: 1, 2: 0, 3: 0
DFA state entries cumulative : 1: 1, 2: 0, 3: 0
transitions cumulative       : none
accepted directly from s0    : 0
Gym endings cumulative       : terminated=1, truncated=0

[Episode 100/8000 | last 100]
success rate                : 0.0% (cumulative 0.0%)
failure rate                : 0.0% (cumulative 0.0%)
synthetic task reward       : 0.000
shaping reward              : -903.120
learning reward             : -903.120
episode length              : 89.2
abstract changes / episode  : 48.5
DFA transitions / episode   : 0.01
DFA transitions in window   : 1->2: 1
epsilon (next episode)       : 0.96078
replay buffer                : 8924 samples [1: 99.7%, 2: 0.3%, 3: 0.0%]
DFA state visits in window   : 1: 9000, 2: 24, 3: 0
DFA state visits cumulative  : 1: 9000, 2: 24, 3: 0
DFA state entries in window  : 1: 100, 2: 1, 3: 0
DFA state entries cumulative : 1: 100, 2: 1, 3: 0
transitions cumulative       : 1->2: 1
accepted directly from s0    : 0
Gym endings cumulative       : terminated=100, truncated=0

[Episode 200/8000 | last 100]
success rate                : 0.0% (cumulative 0.0%)
failure rate                : 0.0% (cumulative 0.0%)
synthetic task reward       : 0.000
shaping reward              : -867.966
learning reward             : -867.966
episode length              : 92.9
abstract changes / episode  : 48.9
DFA transitions / episode   : 0.02
DFA transitions in window   : 1->2: 2
epsilon (next episode)       : 0.92310
replay buffer                : 18211 samples [1: 99.6%, 2: 0.4%, 3: 0.0%]
DFA state visits in window   : 1: 9334, 2: 53, 3: 0
DFA state visits cumulative  : 1: 18334, 2: 77, 3: 0
DFA state entries in window  : 1: 100, 2: 2, 3: 0
DFA state entries cumulative : 1: 200, 2: 3, 3: 0
transitions cumulative       : 1->2: 3
accepted directly from s0    : 0
Gym endings cumulative       : terminated=200, truncated=0

[Episode 300/8000 | last 100]
success rate                : 0.0% (cumulative 0.0%)
failure rate                : 0.0% (cumulative 0.0%)
synthetic task reward       : 0.000
shaping reward              : -832.000
learning reward             : -832.000
episode length              : 96.8
abstract changes / episode  : 49.5
DFA transitions / episode   : 0.05
DFA transitions in window   : 1->2: 5
epsilon (next episode)       : 0.88690
replay buffer                : 27888 samples [1: 99.3%, 2: 0.7%, 3: 0.0%]
DFA state visits in window   : 1: 9653, 2: 124, 3: 0
DFA state visits cumulative  : 1: 27987, 2: 201, 3: 0
DFA state entries in window  : 1: 100, 2: 5, 3: 0
DFA state entries cumulative : 1: 300, 2: 8, 3: 0
transitions cumulative       : 1->2: 8
accepted directly from s0    : 0
Gym endings cumulative       : terminated=300, truncated=0

[Episode 400/8000 | last 100]
success rate                : 0.0% (cumulative 0.0%)
failure rate                : 0.0% (cumulative 0.0%)
synthetic task reward       : 0.000
shaping reward              : -806.473
learning reward             : -806.473
episode length              : 101.4
abstract changes / episode  : 49.0
DFA transitions / episode   : 0.04
DFA transitions in window   : 1->2: 4
epsilon (next episode)       : 0.85212
replay buffer                : 38029 samples [1: 99.3%, 2: 0.7%, 3: 0.0%]
DFA state visits in window   : 1: 10156, 2: 85, 3: 0
DFA state visits cumulative  : 1: 38143, 2: 286, 3: 0
DFA state entries in window  : 1: 100, 2: 4, 3: 0
DFA state entries cumulative : 1: 400, 2: 12, 3: 0
transitions cumulative       : 1->2: 12
accepted directly from s0    : 0
Gym endings cumulative       : terminated=400, truncated=0

[Episode 500/8000 | last 100]
success rate                : 0.0% (cumulative 0.0%)
failure rate                : 0.0% (cumulative 0.0%)
synthetic task reward       : 0.000
shaping reward              : -871.493
learning reward             : -871.493
episode length              : 103.8
abstract changes / episode  : 49.7
DFA transitions / episode   : 0.02
DFA transitions in window   : 1->2: 2
epsilon (next episode)       : 0.81870
replay buffer                : 48409 samples [1: 99.3%, 2: 0.7%, 3: 0.0%]
DFA state visits in window   : 1: 10437, 2: 43, 3: 0
DFA state visits cumulative  : 1: 48580, 2: 329, 3: 0
DFA state entries in window  : 1: 100, 2: 2, 3: 0
DFA state entries cumulative : 1: 500, 2: 14, 3: 0
transitions cumulative       : 1->2: 14
accepted directly from s0    : 0
Gym endings cumulative       : terminated=500, truncated=0

Starting autonomous greedy evaluation at episode 500 (1000 fixed-seed episodes)...
[Greedy evaluation at episode 500 | 1000 fixed-seed episodes]
success=0.0%, failure=0.0%, task reward=0.000, length=147.1
DFA transitions: 1->2: 7
Best policy updated from autonomous greedy evaluation at episode 500.

[Episode 600/8000 | last 100]
success rate                : 0.0% (cumulative 0.0%)
failure rate                : 0.0% (cumulative 0.0%)
synthetic task reward       : 0.000
shaping reward              : -762.872
learning reward             : -762.872
episode length              : 110.5
abstract changes / episode  : 48.8
DFA transitions / episode   : 0.06
DFA transitions in window   : 1->2: 6
epsilon (next episode)       : 0.78659
replay buffer                : 59464 samples [1: 99.2%, 2: 0.8%, 3: 0.0%]
DFA state visits in window   : 1: 10972, 2: 183, 3: 0
DFA state visits cumulative  : 1: 59552, 2: 512, 3: 0
DFA state entries in window  : 1: 100, 2: 6, 3: 0
DFA state entries cumulative : 1: 600, 2: 20, 3: 0
transitions cumulative       : 1->2: 20
accepted directly from s0    : 0
Gym endings cumulative       : terminated=600, truncated=0

[Episode 700/8000 | last 100]
success rate                : 0.0% (cumulative 0.0%)
failure rate                : 0.0% (cumulative 0.0%)
synthetic task reward       : 0.000
shaping reward              : -739.496
learning reward             : -739.496
episode length              : 110.4
abstract changes / episode  : 49.3
DFA transitions / episode   : 0.05
DFA transitions in window   : 1->2: 5
epsilon (next episode)       : 0.75574
replay buffer                : 70508 samples [1: 99.1%, 2: 0.9%, 3: 0.0%]
DFA state visits in window   : 1: 11027, 2: 117, 3: 0
DFA state visits cumulative  : 1: 70579, 2: 629, 3: 0
DFA state entries in window  : 1: 100, 2: 5, 3: 0
DFA state entries cumulative : 1: 700, 2: 25, 3: 0
transitions cumulative       : 1->2: 25
accepted directly from s0    : 0
Gym endings cumulative       : terminated=700, truncated=0

[Episode 800/8000 | last 100]
success rate                : 0.0% (cumulative 0.0%)
failure rate                : 0.0% (cumulative 0.0%)
synthetic task reward       : 0.000
shaping reward              : -835.472
learning reward             : -835.472
episode length              : 124.0
abstract changes / episode  : 50.7
DFA transitions / episode   : 0.01
DFA transitions in window   : 1->2: 1
epsilon (next episode)       : 0.72610
replay buffer                : 82912 samples [1: 99.2%, 2: 0.8%, 3: 0.0%]
DFA state visits in window   : 1: 12469, 2: 35, 3: 0
DFA state visits cumulative  : 1: 83048, 2: 664, 3: 0
DFA state entries in window  : 1: 100, 2: 1, 3: 0
DFA state entries cumulative : 1: 800, 2: 26, 3: 0
transitions cumulative       : 1->2: 26
accepted directly from s0    : 0
Gym endings cumulative       : terminated=800, truncated=0

[Episode 900/8000 | last 100]
success rate                : 0.0% (cumulative 0.0%)
failure rate                : 0.0% (cumulative 0.0%)
synthetic task reward       : 0.000
shaping reward              : -857.123
learning reward             : -857.123
episode length              : 135.4
abstract changes / episode  : 53.4
DFA transitions / episode   : 0.01
DFA transitions in window   : 1->2: 1
epsilon (next episode)       : 0.69763
replay buffer                : 96456 samples [1: 99.3%, 2: 0.7%, 3: 0.0%]
DFA state visits in window   : 1: 13593, 2: 51, 3: 0
DFA state visits cumulative  : 1: 96641, 2: 715, 3: 0
DFA state entries in window  : 1: 100, 2: 1, 3: 0
DFA state entries cumulative : 1: 900, 2: 27, 3: 0
transitions cumulative       : 1->2: 27
accepted directly from s0    : 0
Gym endings cumulative       : terminated=900, truncated=0

[Episode 1000/8000 | last 100]
success rate                : 0.0% (cumulative 0.0%)
failure rate                : 0.0% (cumulative 0.0%)
synthetic task reward       : 0.000
shaping reward              : -932.895
learning reward             : -932.895
episode length              : 161.2
abstract changes / episode  : 56.3
DFA transitions / episode   : 0.01
DFA transitions in window   : 1->2: 1
epsilon (next episode)       : 0.67027
replay buffer                : 112577 samples [1: 99.3%, 2: 0.7%, 3: 0.0%]
DFA state visits in window   : 1: 16176, 2: 45, 3: 0
DFA state visits cumulative  : 1: 112817, 2: 760, 3: 0
DFA state entries in window  : 1: 100, 2: 1, 3: 0
DFA state entries cumulative : 1: 1000, 2: 28, 3: 0
transitions cumulative       : 1->2: 28
accepted directly from s0    : 0
Gym endings cumulative       : terminated=1000, truncated=0

Starting autonomous greedy evaluation at episode 1000 (1000 fixed-seed episodes)...
[Greedy evaluation at episode 1000 | 1000 fixed-seed episodes]
success=0.0%, failure=0.0%, task reward=0.000, length=145.6
DFA transitions: none
Best policy updated from autonomous greedy evaluation at episode 1000.

[Episode 1100/8000 | last 100]
success rate                : 0.0% (cumulative 0.0%)
failure rate                : 0.0% (cumulative 0.0%)
synthetic task reward       : 0.000
shaping reward              : -900.187
learning reward             : -900.187
episode length              : 141.2
abstract changes / episode  : 54.0
DFA transitions / episode   : 0.01
DFA transitions in window   : 1->2: 1
epsilon (next episode)       : 0.64398
replay buffer                : 126692 samples [1: 99.4%, 2: 0.6%, 3: 0.0%]
DFA state visits in window   : 1: 14155, 2: 60, 3: 0
DFA state visits cumulative  : 1: 126972, 2: 820, 3: 0
DFA state entries in window  : 1: 100, 2: 1, 3: 0
DFA state entries cumulative : 1: 1100, 2: 29, 3: 0
transitions cumulative       : 1->2: 29
accepted directly from s0    : 0
Gym endings cumulative       : terminated=1100, truncated=0

[Episode 1200/8000 | last 100]
success rate                : 0.0% (cumulative 0.0%)
failure rate                : 0.0% (cumulative 0.0%)
synthetic task reward       : 0.000
shaping reward              : -950.285
learning reward             : -950.285
episode length              : 144.6
abstract changes / episode  : 54.3
DFA transitions / episode   : 0.00
DFA transitions in window   : none
epsilon (next episode)       : 0.61872
replay buffer                : 141156 samples [1: 99.4%, 2: 0.6%, 3: 0.0%]
DFA state visits in window   : 1: 14564, 2: 0, 3: 0
DFA state visits cumulative  : 1: 141536, 2: 820, 3: 0
DFA state entries in window  : 1: 100, 2: 0, 3: 0
DFA state entries cumulative : 1: 1200, 2: 29, 3: 0
transitions cumulative       : 1->2: 29
accepted directly from s0    : 0
Gym endings cumulative       : terminated=1200, truncated=0

[Episode 1300/8000 | last 100]
success rate                : 0.0% (cumulative 0.0%)
failure rate                : 0.0% (cumulative 0.0%)
synthetic task reward       : 0.000
shaping reward              : -944.338
learning reward             : -944.338
episode length              : 123.3
abstract changes / episode  : 52.7
DFA transitions / episode   : 0.00
DFA transitions in window   : none
epsilon (next episode)       : 0.59446
replay buffer                : 153491 samples [1: 99.5%, 2: 0.5%, 3: 0.0%]
DFA state visits in window   : 1: 12435, 2: 0, 3: 0
DFA state visits cumulative  : 1: 153971, 2: 820, 3: 0
DFA state entries in window  : 1: 100, 2: 0, 3: 0
DFA state entries cumulative : 1: 1300, 2: 29, 3: 0
transitions cumulative       : 1->2: 29
accepted directly from s0    : 0
Gym endings cumulative       : terminated=1300, truncated=0

[Episode 1400/8000 | last 100]
success rate                : 0.0% (cumulative 0.0%)
failure rate                : 0.0% (cumulative 0.0%)
synthetic task reward       : 0.000
shaping reward              : -948.994
learning reward             : -948.994
episode length              : 115.3
abstract changes / episode  : 51.4
DFA transitions / episode   : 0.00
DFA transitions in window   : none
epsilon (next episode)       : 0.57115
replay buffer                : 165018 samples [1: 99.5%, 2: 0.5%, 3: 0.0%]
DFA state visits in window   : 1: 11627, 2: 0, 3: 0
DFA state visits cumulative  : 1: 165598, 2: 820, 3: 0
DFA state entries in window  : 1: 100, 2: 0, 3: 0
DFA state entries cumulative : 1: 1400, 2: 29, 3: 0
transitions cumulative       : 1->2: 29
accepted directly from s0    : 0
Gym endings cumulative       : terminated=1400, truncated=0

[Episode 1500/8000 | last 100]
success rate                : 0.0% (cumulative 0.0%)
failure rate                : 0.0% (cumulative 0.0%)
synthetic task reward       : 0.000
shaping reward              : -945.442
learning reward             : -945.442
episode length              : 107.4
abstract changes / episode  : 50.6
DFA transitions / episode   : 0.00
DFA transitions in window   : none
epsilon (next episode)       : 0.54875
replay buffer                : 175760 samples [1: 99.5%, 2: 0.5%, 3: 0.0%]
DFA state visits in window   : 1: 10842, 2: 0, 3: 0
DFA state visits cumulative  : 1: 176440, 2: 820, 3: 0
DFA state entries in window  : 1: 100, 2: 0, 3: 0
DFA state entries cumulative : 1: 1500, 2: 29, 3: 0
transitions cumulative       : 1->2: 29
accepted directly from s0    : 0
Gym endings cumulative       : terminated=1500, truncated=0

Starting autonomous greedy evaluation at episode 1500 (1000 fixed-seed episodes)...
[Greedy evaluation at episode 1500 | 1000 fixed-seed episodes]
success=0.0%, failure=0.0%, task reward=0.000, length=892.3
DFA transitions: 1->2: 35

[Episode 1600/8000 | last 100]
success rate                : 0.0% (cumulative 0.0%)
failure rate                : 0.0% (cumulative 0.0%)
synthetic task reward       : 0.000
shaping reward              : -940.973
learning reward             : -940.973
episode length              : 124.0
abstract changes / episode  : 52.9
DFA transitions / episode   : 0.00
DFA transitions in window   : none
epsilon (next episode)       : 0.52722
replay buffer                : 188157 samples [1: 99.6%, 2: 0.4%, 3: 0.0%]
DFA state visits in window   : 1: 12497, 2: 0, 3: 0
DFA state visits cumulative  : 1: 188937, 2: 820, 3: 0
DFA state entries in window  : 1: 100, 2: 0, 3: 0
DFA state entries cumulative : 1: 1600, 2: 29, 3: 0
transitions cumulative       : 1->2: 29
accepted directly from s0    : 0
Gym endings cumulative       : terminated=1598, truncated=2

[Episode 1700/8000 | last 100]
success rate                : 0.0% (cumulative 0.0%)
failure rate                : 0.0% (cumulative 0.0%)
synthetic task reward       : 0.000
shaping reward              : -944.819
learning reward             : -944.819
episode length              : 113.5
abstract changes / episode  : 50.6
DFA transitions / episode   : 0.00
DFA transitions in window   : none
epsilon (next episode)       : 0.50655
replay buffer                : 199502 samples [1: 99.6%, 2: 0.4%, 3: 0.0%]
DFA state visits in window   : 1: 11445, 2: 0, 3: 0
DFA state visits cumulative  : 1: 200382, 2: 820, 3: 0
DFA state entries in window  : 1: 100, 2: 0, 3: 0
DFA state entries cumulative : 1: 1700, 2: 29, 3: 0
transitions cumulative       : 1->2: 29
accepted directly from s0    : 0
Gym endings cumulative       : terminated=1698, truncated=2

[Episode 1800/8000 | last 100]
success rate                : 0.0% (cumulative 0.0%)
failure rate                : 0.0% (cumulative 0.0%)
synthetic task reward       : 0.000
shaping reward              : -954.094
learning reward             : -954.094
episode length              : 138.0
abstract changes / episode  : 52.5
DFA transitions / episode   : 0.00
DFA transitions in window   : none
epsilon (next episode)       : 0.48668
replay buffer                : 213305 samples [1: 99.6%, 2: 0.4%, 3: 0.0%]
DFA state visits in window   : 1: 13903, 2: 0, 3: 0
DFA state visits cumulative  : 1: 214285, 2: 820, 3: 0
DFA state entries in window  : 1: 100, 2: 0, 3: 0
DFA state entries cumulative : 1: 1800, 2: 29, 3: 0
transitions cumulative       : 1->2: 29
accepted directly from s0    : 0
Gym endings cumulative       : terminated=1797, truncated=3

[Episode 1900/8000 | last 100]
success rate                : 0.0% (cumulative 0.0%)
failure rate                : 0.0% (cumulative 0.0%)
synthetic task reward       : 0.000
shaping reward              : -947.531
learning reward             : -947.531
episode length              : 193.9
abstract changes / episode  : 56.9
DFA transitions / episode   : 0.00
DFA transitions in window   : none
epsilon (next episode)       : 0.46760
replay buffer                : 232692 samples [1: 99.7%, 2: 0.3%, 3: 0.0%]
DFA state visits in window   : 1: 19487, 2: 0, 3: 0
DFA state visits cumulative  : 1: 233772, 2: 820, 3: 0
DFA state entries in window  : 1: 100, 2: 0, 3: 0
DFA state entries cumulative : 1: 1900, 2: 29, 3: 0
transitions cumulative       : 1->2: 29
accepted directly from s0    : 0
Gym endings cumulative       : terminated=1889, truncated=11

[Episode 2000/8000 | last 100]
success rate                : 0.0% (cumulative 0.0%)
failure rate                : 0.0% (cumulative 0.0%)
synthetic task reward       : 0.000
shaping reward              : -954.972
learning reward             : -954.972
episode length              : 189.7
abstract changes / episode  : 55.7
DFA transitions / episode   : 0.00
DFA transitions in window   : none
epsilon (next episode)       : 0.44926
replay buffer                : 251665 samples [1: 99.7%, 2: 0.3%, 3: 0.0%]
DFA state visits in window   : 1: 19073, 2: 0, 3: 0
DFA state visits cumulative  : 1: 252845, 2: 820, 3: 0
DFA state entries in window  : 1: 100, 2: 0, 3: 0
DFA state entries cumulative : 1: 2000, 2: 29, 3: 0
transitions cumulative       : 1->2: 29
accepted directly from s0    : 0
Gym endings cumulative       : terminated=1981, truncated=19

Starting autonomous greedy evaluation at episode 2000 (1000 fixed-seed episodes)...
[Greedy evaluation at episode 2000 | 1000 fixed-seed episodes]
success=0.0%, failure=0.0%, task reward=0.000, length=549.3
DFA transitions: 1->2: 7

[Episode 2100/8000 | last 100]
success rate                : 0.0% (cumulative 0.0%)
failure rate                : 0.0% (cumulative 0.0%)
synthetic task reward       : 0.000
shaping reward              : -797.364
learning reward             : -797.364
episode length              : 216.0
abstract changes / episode  : 58.4
DFA transitions / episode   : 0.05
DFA transitions in window   : 1->2: 5
epsilon (next episode)       : 0.43164
replay buffer                : 273266 samples [1: 99.6%, 2: 0.4%, 3: 0.0%]
DFA state visits in window   : 1: 21473, 2: 228, 3: 0
DFA state visits cumulative  : 1: 274318, 2: 1048, 3: 0
DFA state entries in window  : 1: 100, 2: 5, 3: 0
DFA state entries cumulative : 1: 2100, 2: 34, 3: 0
transitions cumulative       : 1->2: 34
accepted directly from s0    : 0
Gym endings cumulative       : terminated=2076, truncated=24

[Episode 2200/8000 | last 100]
success rate                : 0.0% (cumulative 0.0%)
failure rate                : 0.0% (cumulative 0.0%)
synthetic task reward       : 0.000
shaping reward              : -306.471
learning reward             : -306.471
episode length              : 157.5
abstract changes / episode  : 51.7
DFA transitions / episode   : 0.16
DFA transitions in window   : 1->2: 16
epsilon (next episode)       : 0.41471
replay buffer                : 289013 samples [1: 99.5%, 2: 0.5%, 3: 0.0%]
DFA state visits in window   : 1: 15436, 2: 411, 3: 0
DFA state visits cumulative  : 1: 289754, 2: 1459, 3: 0
DFA state entries in window  : 1: 100, 2: 16, 3: 0
DFA state entries cumulative : 1: 2200, 2: 50, 3: 0
transitions cumulative       : 1->2: 50
accepted directly from s0    : 0
Gym endings cumulative       : terminated=2176, truncated=24

[Episode 2300/8000 | last 100]
success rate                : 0.0% (cumulative 0.0%)
failure rate                : 0.0% (cumulative 0.0%)
synthetic task reward       : 0.000
shaping reward              : -334.236
learning reward             : -334.236
episode length              : 252.4
abstract changes / episode  : 60.5
DFA transitions / episode   : 0.14
DFA transitions in window   : 1->2: 14
epsilon (next episode)       : 0.39845
replay buffer                : 300000 samples [1: 99.4%, 2: 0.6%, 3: 0.0%]
DFA state visits in window   : 1: 24913, 2: 427, 3: 0
DFA state visits cumulative  : 1: 314667, 2: 1886, 3: 0
DFA state entries in window  : 1: 100, 2: 14, 3: 0
DFA state entries cumulative : 1: 2300, 2: 64, 3: 0
transitions cumulative       : 1->2: 64
accepted directly from s0    : 0
Gym endings cumulative       : terminated=2275, truncated=25

[Episode 2400/8000 | last 100]
success rate                : 0.0% (cumulative 0.0%)
failure rate                : 0.0% (cumulative 0.0%)
synthetic task reward       : 0.000
shaping reward              : -245.528
learning reward             : -245.528
episode length              : 404.7
abstract changes / episode  : 82.5
DFA transitions / episode   : 0.13
DFA transitions in window   : 1->2: 13
epsilon (next episode)       : 0.38282
replay buffer                : 300000 samples [1: 99.4%, 2: 0.6%, 3: 0.0%]
DFA state visits in window   : 1: 39975, 2: 591, 3: 0
DFA state visits cumulative  : 1: 354642, 2: 2477, 3: 0
DFA state entries in window  : 1: 100, 2: 13, 3: 0
DFA state entries cumulative : 1: 2400, 2: 77, 3: 0
transitions cumulative       : 1->2: 77
accepted directly from s0    : 0
Gym endings cumulative       : terminated=2369, truncated=31

[Episode 2500/8000 | last 100]
success rate                : 0.0% (cumulative 0.0%)
failure rate                : 0.0% (cumulative 0.0%)
synthetic task reward       : 0.000
shaping reward              : -363.738
learning reward             : -363.738
episode length              : 324.8
abstract changes / episode  : 78.9
DFA transitions / episode   : 0.21
DFA transitions in window   : 1->2: 21
epsilon (next episode)       : 0.36781
replay buffer                : 300000 samples [1: 99.1%, 2: 0.9%, 3: 0.0%]
DFA state visits in window   : 1: 31492, 2: 1092, 3: 0
DFA state visits cumulative  : 1: 386134, 2: 3569, 3: 0
DFA state entries in window  : 1: 100, 2: 21, 3: 0
DFA state entries cumulative : 1: 2500, 2: 98, 3: 0
transitions cumulative       : 1->2: 98
accepted directly from s0    : 0
Gym endings cumulative       : terminated=2467, truncated=33

Starting autonomous greedy evaluation at episode 2500 (1000 fixed-seed episodes)...
[Greedy evaluation at episode 2500 | 1000 fixed-seed episodes]
success=0.0%, failure=0.0%, task reward=0.000, length=249.3
DFA transitions: 1->2: 559

[Episode 2600/8000 | last 100]
success rate                : 0.0% (cumulative 0.0%)
failure rate                : 0.0% (cumulative 0.0%)
synthetic task reward       : 0.000
shaping reward              : 15.991
learning reward             : 15.991
episode length              : 214.1
abstract changes / episode  : 63.8
DFA transitions / episode   : 0.34
DFA transitions in window   : 1->2: 34
epsilon (next episode)       : 0.35338
replay buffer                : 300000 samples [1: 98.2%, 2: 1.8%, 3: 0.0%]
DFA state visits in window   : 1: 18758, 2: 2747, 3: 0
DFA state visits cumulative  : 1: 404892, 2: 6316, 3: 0
DFA state entries in window  : 1: 100, 2: 34, 3: 0
DFA state entries cumulative : 1: 2600, 2: 132, 3: 0
transitions cumulative       : 1->2: 132
accepted directly from s0    : 0
Gym endings cumulative       : terminated=2567, truncated=33

[Episode 2700/8000 | last 100]
success rate                : 0.0% (cumulative 0.0%)
failure rate                : 0.0% (cumulative 0.0%)
synthetic task reward       : 0.000
shaping reward              : 69.300
learning reward             : 69.300
episode length              : 287.0
abstract changes / episode  : 83.5
DFA transitions / episode   : 0.38
DFA transitions in window   : 1->2: 38
epsilon (next episode)       : 0.33952
replay buffer                : 300000 samples [1: 96.3%, 2: 3.7%, 3: 0.0%]
DFA state visits in window   : 1: 23166, 2: 5632, 3: 0
DFA state visits cumulative  : 1: 428058, 2: 11948, 3: 0
DFA state entries in window  : 1: 100, 2: 38, 3: 0
DFA state entries cumulative : 1: 2700, 2: 170, 3: 0
transitions cumulative       : 1->2: 170
accepted directly from s0    : 0
Gym endings cumulative       : terminated=2665, truncated=35

[Episode 2800/8000 | last 100]
success rate                : 0.0% (cumulative 0.0%)
failure rate                : 0.0% (cumulative 0.0%)
synthetic task reward       : 0.000
shaping reward              : 459.997
learning reward             : 459.997
episode length              : 309.1
abstract changes / episode  : 84.4
DFA transitions / episode   : 0.46
DFA transitions in window   : 1->2: 46
epsilon (next episode)       : 0.32621
replay buffer                : 300000 samples [1: 93.0%, 2: 7.0%, 3: 0.0%]
DFA state visits in window   : 1: 20998, 2: 10014, 3: 0
DFA state visits cumulative  : 1: 449056, 2: 21962, 3: 0
DFA state entries in window  : 1: 100, 2: 46, 3: 0
DFA state entries cumulative : 1: 2800, 2: 216, 3: 0
transitions cumulative       : 1->2: 216
accepted directly from s0    : 0
Gym endings cumulative       : terminated=2761, truncated=39

[Episode 2900/8000 | last 100]
success rate                : 0.0% (cumulative 0.0%)
failure rate                : 0.0% (cumulative 0.0%)
synthetic task reward       : 0.000
shaping reward              : 577.378
learning reward             : 577.378
episode length              : 389.6
abstract changes / episode  : 97.5
DFA transitions / episode   : 0.45
DFA transitions in window   : 1->2: 45
epsilon (next episode)       : 0.31341
replay buffer                : 300000 samples [1: 88.9%, 2: 11.1%, 3: 0.0%]
DFA state visits in window   : 1: 26628, 2: 12436, 3: 0
DFA state visits cumulative  : 1: 475684, 2: 34398, 3: 0
DFA state entries in window  : 1: 100, 2: 45, 3: 0
DFA state entries cumulative : 1: 2900, 2: 261, 3: 0
transitions cumulative       : 1->2: 261
accepted directly from s0    : 0
Gym endings cumulative       : terminated=2856, truncated=44

[Episode 3000/8000 | last 100]
success rate                : 1.0% (cumulative 0.0%)
failure rate                : 0.0% (cumulative 0.0%)
synthetic task reward       : 100.000
shaping reward              : 637.241
learning reward             : 737.241
episode length              : 439.4
abstract changes / episode  : 114.2
DFA transitions / episode   : 0.51
DFA transitions in window   : 1->2: 50, 2->3: 1
epsilon (next episode)       : 0.30112
replay buffer                : 300000 samples [1: 84.7%, 2: 15.3%, 3: 0.0%]
DFA state visits in window   : 1: 31320, 2: 12719, 3: 1
DFA state visits cumulative  : 1: 507004, 2: 47117, 3: 1
DFA state entries in window  : 1: 100, 2: 50, 3: 1
DFA state entries cumulative : 1: 3000, 2: 311, 3: 1
transitions cumulative       : 1->2: 311, 2->3: 1
accepted directly from s0    : 0
Gym endings cumulative       : terminated=2947, truncated=52

Starting autonomous greedy evaluation at episode 3000 (1000 fixed-seed episodes)...
[Greedy evaluation at episode 3000 | 1000 fixed-seed episodes]
success=0.0%, failure=0.0%, task reward=0.000, length=967.2
DFA transitions: 1->2: 985

[Episode 3100/8000 | last 100]
success rate                : 4.0% (cumulative 0.2%)
failure rate                : 0.0% (cumulative 0.0%)
synthetic task reward       : 400.000
shaping reward              : 1506.775
learning reward             : 1906.775
episode length              : 405.2
abstract changes / episode  : 103.3
DFA transitions / episode   : 0.63
DFA transitions in window   : 1->2: 59, 2->3: 4
epsilon (next episode)       : 0.28931
replay buffer                : 300000 samples [1: 80.1%, 2: 19.9%, 3: 0.0%]
DFA state visits in window   : 1: 26073, 2: 14543, 3: 4
DFA state visits cumulative  : 1: 533077, 2: 61660, 3: 5
DFA state entries in window  : 1: 100, 2: 59, 3: 4
DFA state entries cumulative : 1: 3100, 2: 370, 3: 5
transitions cumulative       : 1->2: 370, 2->3: 5
accepted directly from s0    : 0
Gym endings cumulative       : terminated=3038, truncated=57

[Episode 3200/8000 | last 100]
success rate                : 18.0% (cumulative 0.7%)
failure rate                : 0.0% (cumulative 0.0%)
synthetic task reward       : 1800.000
shaping reward              : 1729.251
learning reward             : 3529.251
episode length              : 329.2
abstract changes / episode  : 90.6
DFA transitions / episode   : 0.80
DFA transitions in window   : 1->2: 62, 2->3: 18
epsilon (next episode)       : 0.27797
replay buffer                : 300000 samples [1: 75.7%, 2: 24.3%, 3: 0.0%]
DFA state visits in window   : 1: 19405, 2: 13597, 3: 18
DFA state visits cumulative  : 1: 552482, 2: 75257, 3: 23
DFA state entries in window  : 1: 100, 2: 62, 3: 18
DFA state entries cumulative : 1: 3200, 2: 432, 3: 23
transitions cumulative       : 1->2: 432, 2->3: 23
accepted directly from s0    : 0
Gym endings cumulative       : terminated=3117, truncated=60

[Episode 3300/8000 | last 100]
success rate                : 23.0% (cumulative 1.4%)
failure rate                : 0.0% (cumulative 0.0%)
synthetic task reward       : 2300.000
shaping reward              : 1975.868
learning reward             : 4275.868
episode length              : 301.1
abstract changes / episode  : 86.7
DFA transitions / episode   : 1.01
DFA transitions in window   : 1->2: 78, 2->3: 23
epsilon (next episode)       : 0.26706
replay buffer                : 300000 samples [1: 71.9%, 2: 28.1%, 3: 0.0%]
DFA state visits in window   : 1: 18264, 2: 11927, 3: 23
DFA state visits cumulative  : 1: 570746, 2: 87184, 3: 46
DFA state entries in window  : 1: 100, 2: 78, 3: 23
DFA state entries cumulative : 1: 3300, 2: 510, 3: 46
transitions cumulative       : 1->2: 510, 2->3: 46
accepted directly from s0    : 0
Gym endings cumulative       : terminated=3193, truncated=61

[Episode 3400/8000 | last 100]
success rate                : 12.0% (cumulative 1.7%)
failure rate                : 0.0% (cumulative 0.0%)
synthetic task reward       : 1200.000
shaping reward              : 2044.487
learning reward             : 3244.487
episode length              : 301.0
abstract changes / episode  : 86.2
DFA transitions / episode   : 0.85
DFA transitions in window   : 1->2: 73, 2->3: 12
epsilon (next episode)       : 0.25659
replay buffer                : 300000 samples [1: 68.8%, 2: 31.2%, 3: 0.0%]
DFA state visits in window   : 1: 20087, 2: 10102, 3: 12
DFA state visits cumulative  : 1: 590833, 2: 97286, 3: 58
DFA state entries in window  : 1: 100, 2: 73, 3: 12
DFA state entries cumulative : 1: 3400, 2: 583, 3: 58
transitions cumulative       : 1->2: 583, 2->3: 58
accepted directly from s0    : 0
Gym endings cumulative       : terminated=3281, truncated=61

[Episode 3500/8000 | last 100]
success rate                : 13.0% (cumulative 2.0%)
failure rate                : 0.0% (cumulative 0.0%)
synthetic task reward       : 1300.000
shaping reward              : 2072.539
learning reward             : 3372.539
episode length              : 285.4
abstract changes / episode  : 87.2
DFA transitions / episode   : 0.85
DFA transitions in window   : 1->2: 72, 2->3: 13
epsilon (next episode)       : 0.24653
replay buffer                : 300000 samples [1: 66.3%, 2: 33.7%, 3: 0.0%]
DFA state visits in window   : 1: 17292, 2: 11331, 3: 13
DFA state visits cumulative  : 1: 608125, 2: 108617, 3: 71
DFA state entries in window  : 1: 100, 2: 72, 3: 13
DFA state entries cumulative : 1: 3500, 2: 655, 3: 71
transitions cumulative       : 1->2: 655, 2->3: 71
accepted directly from s0    : 0
Gym endings cumulative       : terminated=3368, truncated=61

Starting autonomous greedy evaluation at episode 3500 (1000 fixed-seed episodes)...
[Greedy evaluation at episode 3500 | 1000 fixed-seed episodes]
success=15.0%, failure=0.0%, task reward=1500.000, length=403.3
DFA transitions: 1->2: 988, 2->3: 150
Best policy updated from autonomous greedy evaluation at episode 3500.

[Episode 3600/8000 | last 100]
success rate                : 45.0% (cumulative 3.2%)
failure rate                : 0.0% (cumulative 0.0%)
synthetic task reward       : 4500.000
shaping reward              : 2713.525
learning reward             : 7213.525
episode length              : 341.0
abstract changes / episode  : 102.5
DFA transitions / episode   : 1.28
DFA transitions in window   : 1->2: 83, 2->3: 45
epsilon (next episode)       : 0.23686
replay buffer                : 300000 samples [1: 64.5%, 2: 35.5%, 3: 0.0%]
DFA state visits in window   : 1: 20472, 2: 13680, 3: 45
DFA state visits cumulative  : 1: 628597, 2: 122297, 3: 116
DFA state entries in window  : 1: 100, 2: 83, 3: 45
DFA state entries cumulative : 1: 3600, 2: 738, 3: 116
transitions cumulative       : 1->2: 738, 2->3: 116
accepted directly from s0    : 0
Gym endings cumulative       : terminated=3422, truncated=62

[Episode 3700/8000 | last 100]
success rate                : 31.0% (cumulative 4.0%)
failure rate                : 0.0% (cumulative 0.0%)
synthetic task reward       : 3100.000
shaping reward              : 2178.192
learning reward             : 5278.192
episode length              : 280.6
abstract changes / episode  : 89.2
DFA transitions / episode   : 1.02
DFA transitions in window   : 1->2: 71, 2->3: 31
epsilon (next episode)       : 0.22757
replay buffer                : 300000 samples [1: 63.7%, 2: 36.3%, 3: 0.0%]
DFA state visits in window   : 1: 17436, 2: 10692, 3: 31
DFA state visits cumulative  : 1: 646033, 2: 132989, 3: 147
DFA state entries in window  : 1: 100, 2: 71, 3: 31
DFA state entries cumulative : 1: 3700, 2: 809, 3: 147
transitions cumulative       : 1->2: 809, 2->3: 147
accepted directly from s0    : 0
Gym endings cumulative       : terminated=3491, truncated=62

[Episode 3800/8000 | last 100]
success rate                : 28.0% (cumulative 4.6%)
failure rate                : 0.0% (cumulative 0.0%)
synthetic task reward       : 2800.000
shaping reward              : 2228.436
learning reward             : 5028.436
episode length              : 281.5
abstract changes / episode  : 86.8
DFA transitions / episode   : 0.96
DFA transitions in window   : 1->2: 68, 2->3: 28
epsilon (next episode)       : 0.21865
replay buffer                : 300000 samples [1: 63.4%, 2: 36.6%, 3: 0.0%]
DFA state visits in window   : 1: 18353, 2: 9869, 3: 28
DFA state visits cumulative  : 1: 664386, 2: 142858, 3: 175
DFA state entries in window  : 1: 100, 2: 68, 3: 28
DFA state entries cumulative : 1: 3800, 2: 877, 3: 175
transitions cumulative       : 1->2: 877, 2->3: 175
accepted directly from s0    : 0
Gym endings cumulative       : terminated=3563, truncated=62

[Episode 3900/8000 | last 100]
success rate                : 59.0% (cumulative 6.0%)
failure rate                : 0.0% (cumulative 0.0%)
synthetic task reward       : 5900.000
shaping reward              : 3022.479
learning reward             : 8922.479
episode length              : 291.1
abstract changes / episode  : 90.8
DFA transitions / episode   : 1.46
DFA transitions in window   : 1->2: 87, 2->3: 59
epsilon (next episode)       : 0.21007
replay buffer                : 300000 samples [1: 61.9%, 2: 38.1%, 3: 0.0%]
DFA state visits in window   : 1: 16512, 2: 12643, 3: 59
DFA state visits cumulative  : 1: 680898, 2: 155501, 3: 234
DFA state entries in window  : 1: 100, 2: 87, 3: 59
DFA state entries cumulative : 1: 3900, 2: 964, 3: 234
transitions cumulative       : 1->2: 964, 2->3: 234
accepted directly from s0    : 0
Gym endings cumulative       : terminated=3604, truncated=62

[Episode 4000/8000 | last 100]
success rate                : 57.0% (cumulative 7.3%)
failure rate                : 0.0% (cumulative 0.0%)
synthetic task reward       : 5700.000
shaping reward              : 2998.912
learning reward             : 8698.912
episode length              : 295.8
abstract changes / episode  : 94.2
DFA transitions / episode   : 1.43
DFA transitions in window   : 1->2: 86, 2->3: 57
epsilon (next episode)       : 0.20183
replay buffer                : 300000 samples [1: 61.5%, 2: 38.5%, 3: 0.0%]
DFA state visits in window   : 1: 17241, 2: 12386, 3: 57
DFA state visits cumulative  : 1: 698139, 2: 167887, 3: 291
DFA state entries in window  : 1: 100, 2: 86, 3: 57
DFA state entries cumulative : 1: 4000, 2: 1050, 3: 291
transitions cumulative       : 1->2: 1050, 2->3: 291
accepted directly from s0    : 0
Gym endings cumulative       : terminated=3647, truncated=62

Starting autonomous greedy evaluation at episode 4000 (1000 fixed-seed episodes)...
[Greedy evaluation at episode 4000 | 1000 fixed-seed episodes]
success=23.5%, failure=0.0%, task reward=2350.000, length=305.7
DFA transitions: 1->2: 1000, 2->3: 235
Best policy updated from autonomous greedy evaluation at episode 4000.

[Episode 4100/8000 | last 100]
success rate                : 56.0% (cumulative 8.5%)
failure rate                : 0.0% (cumulative 0.0%)
synthetic task reward       : 5600.000
shaping reward              : 3157.390
learning reward             : 8757.390
episode length              : 287.0
abstract changes / episode  : 90.9
DFA transitions / episode   : 1.46
DFA transitions in window   : 1->2: 90, 2->3: 56
epsilon (next episode)       : 0.19392
replay buffer                : 300000 samples [1: 60.3%, 2: 39.7%, 3: 0.0%]
DFA state visits in window   : 1: 15569, 2: 13172, 3: 56
DFA state visits cumulative  : 1: 713708, 2: 181059, 3: 347
DFA state entries in window  : 1: 100, 2: 90, 3: 56
DFA state entries cumulative : 1: 4100, 2: 1140, 3: 347
transitions cumulative       : 1->2: 1140, 2->3: 347
accepted directly from s0    : 0
Gym endings cumulative       : terminated=3691, truncated=62

[Episode 4200/8000 | last 100]
success rate                : 59.0% (cumulative 9.7%)
failure rate                : 0.0% (cumulative 0.0%)
synthetic task reward       : 5900.000
shaping reward              : 2941.083
learning reward             : 8841.083
episode length              : 275.5
abstract changes / episode  : 88.0
DFA transitions / episode   : 1.44
DFA transitions in window   : 1->2: 85, 2->3: 59
epsilon (next episode)       : 0.18631
replay buffer                : 300000 samples [1: 60.1%, 2: 39.9%, 3: 0.0%]
DFA state visits in window   : 1: 15698, 2: 11890, 3: 59
DFA state visits cumulative  : 1: 729406, 2: 192949, 3: 406
DFA state entries in window  : 1: 100, 2: 85, 3: 59
DFA state entries cumulative : 1: 4200, 2: 1225, 3: 406
transitions cumulative       : 1->2: 1225, 2->3: 406
accepted directly from s0    : 0
Gym endings cumulative       : terminated=3732, truncated=62

[Episode 4300/8000 | last 100]
success rate                : 61.0% (cumulative 10.9%)
failure rate                : 0.0% (cumulative 0.0%)
synthetic task reward       : 6100.000
shaping reward              : 3020.011
learning reward             : 9120.011
episode length              : 294.3
abstract changes / episode  : 92.5
DFA transitions / episode   : 1.49
DFA transitions in window   : 1->2: 88, 2->3: 61
epsilon (next episode)       : 0.17900
replay buffer                : 300000 samples [1: 59.9%, 2: 40.1%, 3: 0.0%]
DFA state visits in window   : 1: 16918, 2: 12555, 3: 61
DFA state visits cumulative  : 1: 746324, 2: 205504, 3: 467
DFA state entries in window  : 1: 100, 2: 88, 3: 61
DFA state entries cumulative : 1: 4300, 2: 1313, 3: 467
transitions cumulative       : 1->2: 1313, 2->3: 467
accepted directly from s0    : 0
Gym endings cumulative       : terminated=3771, truncated=62

[Episode 4400/8000 | last 100]
success rate                : 77.0% (cumulative 12.4%)
failure rate                : 0.0% (cumulative 0.0%)
synthetic task reward       : 7700.000
shaping reward              : 3316.732
learning reward             : 11016.732
episode length              : 304.1
abstract changes / episode  : 93.3
DFA transitions / episode   : 1.71
DFA transitions in window   : 1->2: 94, 2->3: 77
epsilon (next episode)       : 0.17198
replay buffer                : 300000 samples [1: 58.8%, 2: 41.2%, 3: 0.0%]
DFA state visits in window   : 1: 16529, 2: 13909, 3: 77
DFA state visits cumulative  : 1: 762853, 2: 219413, 3: 544
DFA state entries in window  : 1: 100, 2: 94, 3: 77
DFA state entries cumulative : 1: 4400, 2: 1407, 3: 544
transitions cumulative       : 1->2: 1407, 2->3: 544
accepted directly from s0    : 0
Gym endings cumulative       : terminated=3794, truncated=62

[Episode 4500/8000 | last 100]
success rate                : 73.0% (cumulative 13.7%)
failure rate                : 0.0% (cumulative 0.0%)
synthetic task reward       : 7300.000
shaping reward              : 3272.056
learning reward             : 10572.056
episode length              : 310.7
abstract changes / episode  : 98.7
DFA transitions / episode   : 1.64
DFA transitions in window   : 1->2: 91, 2->3: 73
epsilon (next episode)       : 0.16524
replay buffer                : 300000 samples [1: 57.9%, 2: 42.1%, 3: 0.0%]
DFA state visits in window   : 1: 17126, 2: 13971, 3: 73
DFA state visits cumulative  : 1: 779979, 2: 233384, 3: 617
DFA state entries in window  : 1: 100, 2: 91, 3: 73
DFA state entries cumulative : 1: 4500, 2: 1498, 3: 617
transitions cumulative       : 1->2: 1498, 2->3: 617
accepted directly from s0    : 0
Gym endings cumulative       : terminated=3821, truncated=62

Starting autonomous greedy evaluation at episode 4500 (1000 fixed-seed episodes)...
[Greedy evaluation at episode 4500 | 1000 fixed-seed episodes]
success=98.1%, failure=0.0%, task reward=9810.000, length=248.1
DFA transitions: 1->2: 984, 2->3: 981
Best policy updated from autonomous greedy evaluation at episode 4500.

[Episode 4600/8000 | last 100]
success rate                : 71.0% (cumulative 15.0%)
failure rate                : 0.0% (cumulative 0.0%)
synthetic task reward       : 7100.000
shaping reward              : 3279.558
learning reward             : 10379.558
episode length              : 338.1
abstract changes / episode  : 106.3
DFA transitions / episode   : 1.64
DFA transitions in window   : 1->2: 93, 2->3: 71
epsilon (next episode)       : 0.15876
replay buffer                : 300000 samples [1: 57.7%, 2: 42.3%, 3: 0.0%]
DFA state visits in window   : 1: 18879, 2: 14960, 3: 71
DFA state visits cumulative  : 1: 798858, 2: 248344, 3: 688
DFA state entries in window  : 1: 100, 2: 93, 3: 71
DFA state entries cumulative : 1: 4600, 2: 1591, 3: 688
transitions cumulative       : 1->2: 1591, 2->3: 688
accepted directly from s0    : 0
Gym endings cumulative       : terminated=3849, truncated=63

[Episode 4700/8000 | last 100]
success rate                : 68.0% (cumulative 16.1%)
failure rate                : 0.0% (cumulative 0.0%)
synthetic task reward       : 6800.000
shaping reward              : 3198.576
learning reward             : 9998.576
episode length              : 321.9
abstract changes / episode  : 102.1
DFA transitions / episode   : 1.59
DFA transitions in window   : 1->2: 91, 2->3: 68
epsilon (next episode)       : 0.15253
replay buffer                : 300000 samples [1: 56.6%, 2: 43.4%, 3: 0.0%]
DFA state visits in window   : 1: 17189, 2: 15033, 3: 68
DFA state visits cumulative  : 1: 816047, 2: 263377, 3: 756
DFA state entries in window  : 1: 100, 2: 91, 3: 68
DFA state entries cumulative : 1: 4700, 2: 1682, 3: 756
transitions cumulative       : 1->2: 1682, 2->3: 756
accepted directly from s0    : 0
Gym endings cumulative       : terminated=3881, truncated=63

[Episode 4800/8000 | last 100]
success rate                : 79.0% (cumulative 17.4%)
failure rate                : 0.0% (cumulative 0.0%)
synthetic task reward       : 7900.000
shaping reward              : 3424.568
learning reward             : 11324.568
episode length              : 317.1
abstract changes / episode  : 102.1
DFA transitions / episode   : 1.73
DFA transitions in window   : 1->2: 94, 2->3: 79
epsilon (next episode)       : 0.14655
replay buffer                : 300000 samples [1: 55.4%, 2: 44.6%, 3: 0.0%]
DFA state visits in window   : 1: 16590, 2: 15143, 3: 79
DFA state visits cumulative  : 1: 832637, 2: 278520, 3: 835
DFA state entries in window  : 1: 100, 2: 94, 3: 79
DFA state entries cumulative : 1: 4800, 2: 1776, 3: 835
transitions cumulative       : 1->2: 1776, 2->3: 835
accepted directly from s0    : 0
Gym endings cumulative       : terminated=3902, truncated=63

[Episode 4900/8000 | last 100]
success rate                : 75.0% (cumulative 18.6%)
failure rate                : 0.0% (cumulative 0.0%)
synthetic task reward       : 7500.000
shaping reward              : 3248.460
learning reward             : 10748.460
episode length              : 286.4
abstract changes / episode  : 93.8
DFA transitions / episode   : 1.68
DFA transitions in window   : 1->2: 93, 2->3: 75
epsilon (next episode)       : 0.14080
replay buffer                : 300000 samples [1: 55.3%, 2: 44.7%, 3: 0.0%]
DFA state visits in window   : 1: 16190, 2: 12476, 3: 75
DFA state visits cumulative  : 1: 848827, 2: 290996, 3: 910
DFA state entries in window  : 1: 100, 2: 93, 3: 75
DFA state entries cumulative : 1: 4900, 2: 1869, 3: 910
transitions cumulative       : 1->2: 1869, 2->3: 910
accepted directly from s0    : 0
Gym endings cumulative       : terminated=3927, truncated=63

[Episode 5000/8000 | last 100]
success rate                : 62.0% (cumulative 19.4%)
failure rate                : 0.0% (cumulative 0.0%)
synthetic task reward       : 6200.000
shaping reward              : 3067.570
learning reward             : 9267.570
episode length              : 307.3
abstract changes / episode  : 101.8
DFA transitions / episode   : 1.50
DFA transitions in window   : 1->2: 88, 2->3: 62
epsilon (next episode)       : 0.13528
replay buffer                : 300000 samples [1: 55.6%, 2: 44.4%, 3: 0.0%]
DFA state visits in window   : 1: 18398, 2: 12368, 3: 62
DFA state visits cumulative  : 1: 867225, 2: 303364, 3: 972
DFA state entries in window  : 1: 100, 2: 88, 3: 62
DFA state entries cumulative : 1: 5000, 2: 1957, 3: 972
transitions cumulative       : 1->2: 1957, 2->3: 972
accepted directly from s0    : 0
Gym endings cumulative       : terminated=3964, truncated=64

Starting autonomous greedy evaluation at episode 5000 (1000 fixed-seed episodes)...
[Greedy evaluation at episode 5000 | 1000 fixed-seed episodes]
success=89.2%, failure=0.0%, task reward=8920.000, length=246.1
DFA transitions: 1->2: 994, 2->3: 892

[Episode 5100/8000 | last 100]
success rate                : 81.0% (cumulative 20.6%)
failure rate                : 0.0% (cumulative 0.0%)
synthetic task reward       : 8100.000
shaping reward              : 3626.603
learning reward             : 11726.603
episode length              : 269.7
abstract changes / episode  : 87.8
DFA transitions / episode   : 1.81
DFA transitions in window   : 1->2: 100, 2->3: 81
epsilon (next episode)       : 0.12998
replay buffer                : 300000 samples [1: 55.6%, 2: 44.4%, 3: 0.0%]
DFA state visits in window   : 1: 14793, 2: 12200, 3: 81
DFA state visits cumulative  : 1: 882018, 2: 315564, 3: 1053
DFA state entries in window  : 1: 100, 2: 100, 3: 81
DFA state entries cumulative : 1: 5100, 2: 2057, 3: 1053
transitions cumulative       : 1->2: 2057, 2->3: 1053
accepted directly from s0    : 0
Gym endings cumulative       : terminated=3983, truncated=64

[Episode 5200/8000 | last 100]
success rate                : 79.0% (cumulative 21.8%)
failure rate                : 0.0% (cumulative 0.0%)
synthetic task reward       : 7900.000
shaping reward              : 3352.939
learning reward             : 11252.939
episode length              : 275.6
abstract changes / episode  : 90.5
DFA transitions / episode   : 1.71
DFA transitions in window   : 1->2: 92, 2->3: 79
epsilon (next episode)       : 0.12488
replay buffer                : 300000 samples [1: 55.7%, 2: 44.3%, 3: 0.0%]
DFA state visits in window   : 1: 15882, 2: 11696, 3: 79
DFA state visits cumulative  : 1: 897900, 2: 327260, 3: 1132
DFA state entries in window  : 1: 100, 2: 92, 3: 79
DFA state entries cumulative : 1: 5200, 2: 2149, 3: 1132
transitions cumulative       : 1->2: 2149, 2->3: 1132
accepted directly from s0    : 0
Gym endings cumulative       : terminated=4004, truncated=64

[Episode 5300/8000 | last 100]
success rate                : 41.0% (cumulative 22.1%)
failure rate                : 0.0% (cumulative 0.0%)
synthetic task reward       : 4100.000
shaping reward              : 2613.204
learning reward             : 6713.204
episode length              : 279.8
abstract changes / episode  : 91.4
DFA transitions / episode   : 1.17
DFA transitions in window   : 1->2: 76, 2->3: 41
epsilon (next episode)       : 0.11998
replay buffer                : 300000 samples [1: 56.5%, 2: 43.5%, 3: 0.0%]
DFA state visits in window   : 1: 18440, 2: 9595, 3: 41
DFA state visits cumulative  : 1: 916340, 2: 336855, 3: 1173
DFA state entries in window  : 1: 100, 2: 76, 3: 41
DFA state entries cumulative : 1: 5300, 2: 2225, 3: 1173
transitions cumulative       : 1->2: 2225, 2->3: 1173
accepted directly from s0    : 0
Gym endings cumulative       : terminated=4063, truncated=64

[Episode 5400/8000 | last 100]
success rate                : 74.0% (cumulative 23.1%)
failure rate                : 0.0% (cumulative 0.0%)
synthetic task reward       : 7400.000
shaping reward              : 3285.335
learning reward             : 10685.335
episode length              : 254.2
abstract changes / episode  : 84.1
DFA transitions / episode   : 1.65
DFA transitions in window   : 1->2: 91, 2->3: 74
epsilon (next episode)       : 0.11528
replay buffer                : 300000 samples [1: 56.6%, 2: 43.4%, 3: 0.0%]
DFA state visits in window   : 1: 14001, 2: 11442, 3: 74
DFA state visits cumulative  : 1: 930341, 2: 348297, 3: 1247
DFA state entries in window  : 1: 100, 2: 91, 3: 74
DFA state entries cumulative : 1: 5400, 2: 2316, 3: 1247
transitions cumulative       : 1->2: 2316, 2->3: 1247
accepted directly from s0    : 0
Gym endings cumulative       : terminated=4089, truncated=64

[Episode 5500/8000 | last 100]
success rate                : 86.0% (cumulative 24.2%)
failure rate                : 0.0% (cumulative 0.0%)
synthetic task reward       : 8600.000
shaping reward              : 3433.507
learning reward             : 12033.507
episode length              : 274.1
abstract changes / episode  : 87.2
DFA transitions / episode   : 1.81
DFA transitions in window   : 1->2: 95, 2->3: 86
epsilon (next episode)       : 0.11075
replay buffer                : 300000 samples [1: 56.3%, 2: 43.7%, 3: 0.0%]
DFA state visits in window   : 1: 14423, 2: 12997, 3: 86
DFA state visits cumulative  : 1: 944764, 2: 361294, 3: 1333
DFA state entries in window  : 1: 100, 2: 95, 3: 86
DFA state entries cumulative : 1: 5500, 2: 2411, 3: 1333
transitions cumulative       : 1->2: 2411, 2->3: 1333
accepted directly from s0    : 0
Gym endings cumulative       : terminated=4103, truncated=64

Starting autonomous greedy evaluation at episode 5500 (1000 fixed-seed episodes)...
[Greedy evaluation at episode 5500 | 1000 fixed-seed episodes]
success=89.1%, failure=0.0%, task reward=8910.000, length=254.9
DFA transitions: 1->2: 972, 2->3: 891

[Episode 5600/8000 | last 100]
success rate                : 77.0% (cumulative 25.2%)
failure rate                : 0.0% (cumulative 0.0%)
synthetic task reward       : 7700.000
shaping reward              : 3301.261
learning reward             : 11001.261
episode length              : 274.7
abstract changes / episode  : 88.1
DFA transitions / episode   : 1.71
DFA transitions in window   : 1->2: 94, 2->3: 77
epsilon (next episode)       : 0.10641
replay buffer                : 300000 samples [1: 55.7%, 2: 44.3%, 3: 0.0%]
DFA state visits in window   : 1: 13960, 2: 13536, 3: 77
DFA state visits cumulative  : 1: 958724, 2: 374830, 3: 1410
DFA state entries in window  : 1: 100, 2: 94, 3: 77
DFA state entries cumulative : 1: 5600, 2: 2505, 3: 1410
transitions cumulative       : 1->2: 2505, 2->3: 1410
accepted directly from s0    : 0
Gym endings cumulative       : terminated=4126, truncated=64

[Episode 5700/8000 | last 100]
success rate                : 55.0% (cumulative 25.7%)
failure rate                : 0.0% (cumulative 0.0%)
synthetic task reward       : 5500.000
shaping reward              : 2453.763
learning reward             : 7953.763
episode length              : 264.7
abstract changes / episode  : 78.4
DFA transitions / episode   : 1.30
DFA transitions in window   : 1->2: 75, 2->3: 55
epsilon (next episode)       : 0.10224
replay buffer                : 300000 samples [1: 56.2%, 2: 43.8%, 3: 0.0%]
DFA state visits in window   : 1: 16772, 2: 9745, 3: 55
DFA state visits cumulative  : 1: 975496, 2: 384575, 3: 1465
DFA state entries in window  : 1: 100, 2: 75, 3: 55
DFA state entries cumulative : 1: 5700, 2: 2580, 3: 1465
transitions cumulative       : 1->2: 2580, 2->3: 1465
accepted directly from s0    : 0
Gym endings cumulative       : terminated=4171, truncated=64

[Episode 5800/8000 | last 100]
success rate                : 68.0% (cumulative 26.4%)
failure rate                : 0.0% (cumulative 0.0%)
synthetic task reward       : 6800.000
shaping reward              : 3088.757
learning reward             : 9888.757
episode length              : 285.8
abstract changes / episode  : 84.2
DFA transitions / episode   : 1.55
DFA transitions in window   : 1->2: 87, 2->3: 68
epsilon (next episode)       : 0.09823
replay buffer                : 300000 samples [1: 57.8%, 2: 42.2%, 3: 0.0%]
DFA state visits in window   : 1: 17870, 2: 10739, 3: 68
DFA state visits cumulative  : 1: 993366, 2: 395314, 3: 1533
DFA state entries in window  : 1: 100, 2: 87, 3: 68
DFA state entries cumulative : 1: 5800, 2: 2667, 3: 1533
transitions cumulative       : 1->2: 2667, 2->3: 1533
accepted directly from s0    : 0
Gym endings cumulative       : terminated=4203, truncated=64

[Episode 5900/8000 | last 100]
success rate                : 51.0% (cumulative 26.8%)
failure rate                : 0.0% (cumulative 0.0%)
synthetic task reward       : 5100.000
shaping reward              : 2347.713
learning reward             : 7447.713
episode length              : 251.7
abstract changes / episode  : 78.4
DFA transitions / episode   : 1.32
DFA transitions in window   : 1->2: 81, 2->3: 51
epsilon (next episode)       : 0.09438
replay buffer                : 300000 samples [1: 57.7%, 2: 42.3%, 3: 0.0%]
DFA state visits in window   : 1: 14024, 2: 11191, 3: 51
DFA state visits cumulative  : 1: 1007390, 2: 406505, 3: 1584
DFA state entries in window  : 1: 100, 2: 81, 3: 51
DFA state entries cumulative : 1: 5900, 2: 2748, 3: 1584
transitions cumulative       : 1->2: 2748, 2->3: 1584
accepted directly from s0    : 0
Gym endings cumulative       : terminated=4252, truncated=64

[Episode 6000/8000 | last 100]
success rate                : 52.0% (cumulative 27.3%)
failure rate                : 0.0% (cumulative 0.0%)
synthetic task reward       : 5200.000
shaping reward              : 2531.187
learning reward             : 7731.187
episode length              : 316.3
abstract changes / episode  : 94.2
DFA transitions / episode   : 1.30
DFA transitions in window   : 1->2: 78, 2->3: 52
epsilon (next episode)       : 0.09067
replay buffer                : 300000 samples [1: 56.9%, 2: 43.1%, 3: 0.0%]
DFA state visits in window   : 1: 15651, 2: 16025, 3: 52
DFA state visits cumulative  : 1: 1023041, 2: 422530, 3: 1636
DFA state entries in window  : 1: 100, 2: 78, 3: 52
DFA state entries cumulative : 1: 6000, 2: 2826, 3: 1636
transitions cumulative       : 1->2: 2826, 2->3: 1636
accepted directly from s0    : 0
Gym endings cumulative       : terminated=4296, truncated=68

Starting autonomous greedy evaluation at episode 6000 (1000 fixed-seed episodes)...
[Greedy evaluation at episode 6000 | 1000 fixed-seed episodes]
success=85.2%, failure=0.0%, task reward=8520.000, length=305.1
DFA transitions: 1->2: 949, 2->3: 852

[Episode 6100/8000 | last 100]
success rate                : 71.0% (cumulative 28.0%)
failure rate                : 0.0% (cumulative 0.0%)
synthetic task reward       : 7100.000
shaping reward              : 2842.187
learning reward             : 9942.187
episode length              : 279.7
abstract changes / episode  : 83.2
DFA transitions / episode   : 1.51
DFA transitions in window   : 1->2: 80, 2->3: 71
epsilon (next episode)       : 0.08712
replay buffer                : 300000 samples [1: 57.4%, 2: 42.6%, 3: 0.0%]
DFA state visits in window   : 1: 17955, 2: 10042, 3: 71
DFA state visits cumulative  : 1: 1040996, 2: 432572, 3: 1707
DFA state entries in window  : 1: 100, 2: 80, 3: 71
DFA state entries cumulative : 1: 6100, 2: 2906, 3: 1707
transitions cumulative       : 1->2: 2906, 2->3: 1707
accepted directly from s0    : 0
Gym endings cumulative       : terminated=4325, truncated=68

[Episode 6200/8000 | last 100]
success rate                : 65.0% (cumulative 28.6%)
failure rate                : 0.0% (cumulative 0.0%)
synthetic task reward       : 6500.000
shaping reward              : 2588.257
learning reward             : 9088.257
episode length              : 297.4
abstract changes / episode  : 78.7
DFA transitions / episode   : 1.39
DFA transitions in window   : 1->2: 74, 2->3: 65
epsilon (next episode)       : 0.08370
replay buffer                : 300000 samples [1: 58.9%, 2: 41.1%, 3: 0.0%]
DFA state visits in window   : 1: 20913, 2: 8859, 3: 65
DFA state visits cumulative  : 1: 1061909, 2: 441431, 3: 1772
DFA state entries in window  : 1: 100, 2: 74, 3: 65
DFA state entries cumulative : 1: 6200, 2: 2980, 3: 1772
transitions cumulative       : 1->2: 2980, 2->3: 1772
accepted directly from s0    : 0
Gym endings cumulative       : terminated=4359, truncated=69

[Episode 6300/8000 | last 100]
success rate                : 90.0% (cumulative 29.6%)
failure rate                : 0.0% (cumulative 0.0%)
synthetic task reward       : 9000.000
shaping reward              : 3503.126
learning reward             : 12503.126
episode length              : 288.8
abstract changes / episode  : 84.7
DFA transitions / episode   : 1.85
DFA transitions in window   : 1->2: 95, 2->3: 90
epsilon (next episode)       : 0.08042
replay buffer                : 300000 samples [1: 58.7%, 2: 41.3%, 3: 0.0%]
DFA state visits in window   : 1: 17067, 2: 11822, 3: 90
DFA state visits cumulative  : 1: 1078976, 2: 453253, 3: 1862
DFA state entries in window  : 1: 100, 2: 95, 3: 90
DFA state entries cumulative : 1: 6300, 2: 3075, 3: 1862
transitions cumulative       : 1->2: 3075, 2->3: 1862
accepted directly from s0    : 0
Gym endings cumulative       : terminated=4369, truncated=69

[Episode 6400/8000 | last 100]
success rate                : 87.0% (cumulative 30.5%)
failure rate                : 0.0% (cumulative 0.0%)
synthetic task reward       : 8700.000
shaping reward              : 3505.704
learning reward             : 12205.704
episode length              : 258.4
abstract changes / episode  : 81.2
DFA transitions / episode   : 1.82
DFA transitions in window   : 1->2: 95, 2->3: 87
epsilon (next episode)       : 0.07727
replay buffer                : 300000 samples [1: 57.9%, 2: 42.1%, 3: 0.0%]
DFA state visits in window   : 1: 13602, 2: 12251, 3: 87
DFA state visits cumulative  : 1: 1092578, 2: 465504, 3: 1949
DFA state entries in window  : 1: 100, 2: 95, 3: 87
DFA state entries cumulative : 1: 6400, 2: 3170, 3: 1949
transitions cumulative       : 1->2: 3170, 2->3: 1949
accepted directly from s0    : 0
Gym endings cumulative       : terminated=4382, truncated=69

[Episode 6500/8000 | last 100]
success rate                : 92.0% (cumulative 31.4%)
failure rate                : 0.0% (cumulative 0.0%)
synthetic task reward       : 9200.000
shaping reward              : 3584.884
learning reward             : 12784.884
episode length              : 244.7
abstract changes / episode  : 78.5
DFA transitions / episode   : 1.89
DFA transitions in window   : 1->2: 97, 2->3: 92
epsilon (next episode)       : 0.07423
replay buffer                : 300000 samples [1: 57.5%, 2: 42.5%, 3: 0.0%]
DFA state visits in window   : 1: 12523, 2: 11957, 3: 92
DFA state visits cumulative  : 1: 1105101, 2: 477461, 3: 2041
DFA state entries in window  : 1: 100, 2: 97, 3: 92
DFA state entries cumulative : 1: 6500, 2: 3267, 3: 2041
transitions cumulative       : 1->2: 3267, 2->3: 2041
accepted directly from s0    : 0
Gym endings cumulative       : terminated=4390, truncated=69

Starting autonomous greedy evaluation at episode 6500 (1000 fixed-seed episodes)...
[Greedy evaluation at episode 6500 | 1000 fixed-seed episodes]
success=98.5%, failure=0.0%, task reward=9850.000, length=246.9
DFA transitions: 1->2: 986, 2->3: 985
Best policy updated from autonomous greedy evaluation at episode 6500.

[Episode 6600/8000 | last 100]
success rate                : 94.0% (cumulative 32.3%)
failure rate                : 0.0% (cumulative 0.0%)
synthetic task reward       : 9400.000
shaping reward              : 3660.929
learning reward             : 13060.929
episode length              : 260.1
abstract changes / episode  : 81.3
DFA transitions / episode   : 1.93
DFA transitions in window   : 1->2: 99, 2->3: 94
epsilon (next episode)       : 0.07132
replay buffer                : 300000 samples [1: 57.5%, 2: 42.5%, 3: 0.0%]
DFA state visits in window   : 1: 13545, 2: 12472, 3: 94
DFA state visits cumulative  : 1: 1118646, 2: 489933, 3: 2135
DFA state entries in window  : 1: 100, 2: 99, 3: 94
DFA state entries cumulative : 1: 6600, 2: 3366, 3: 2135
transitions cumulative       : 1->2: 3366, 2->3: 2135
accepted directly from s0    : 0
Gym endings cumulative       : terminated=4396, truncated=69

[Episode 6700/8000 | last 100]
success rate                : 88.0% (cumulative 33.2%)
failure rate                : 0.0% (cumulative 0.0%)
synthetic task reward       : 8800.000
shaping reward              : 3558.265
learning reward             : 12358.265
episode length              : 248.9
abstract changes / episode  : 77.6
DFA transitions / episode   : 1.85
DFA transitions in window   : 1->2: 97, 2->3: 88
epsilon (next episode)       : 0.06853
replay buffer                : 300000 samples [1: 57.6%, 2: 42.4%, 3: 0.0%]
DFA state visits in window   : 1: 12670, 2: 12232, 3: 88
DFA state visits cumulative  : 1: 1131316, 2: 502165, 3: 2223
DFA state entries in window  : 1: 100, 2: 97, 3: 88
DFA state entries cumulative : 1: 6700, 2: 3463, 3: 2223
transitions cumulative       : 1->2: 3463, 2->3: 2223
accepted directly from s0    : 0
Gym endings cumulative       : terminated=4408, truncated=69

[Episode 6800/8000 | last 100]
success rate                : 86.0% (cumulative 34.0%)
failure rate                : 0.0% (cumulative 0.0%)
synthetic task reward       : 8600.000
shaping reward              : 3428.764
learning reward             : 12028.764
episode length              : 259.0
abstract changes / episode  : 82.6
DFA transitions / episode   : 1.79
DFA transitions in window   : 1->2: 93, 2->3: 86
epsilon (next episode)       : 0.06584
replay buffer                : 300000 samples [1: 56.7%, 2: 43.3%, 3: 0.0%]
DFA state visits in window   : 1: 13785, 2: 12125, 3: 86
DFA state visits cumulative  : 1: 1145101, 2: 514290, 3: 2309
DFA state entries in window  : 1: 100, 2: 93, 3: 86
DFA state entries cumulative : 1: 6800, 2: 3556, 3: 2309
transitions cumulative       : 1->2: 3556, 2->3: 2309
accepted directly from s0    : 0
Gym endings cumulative       : terminated=4422, truncated=69

[Episode 6900/8000 | last 100]
success rate                : 81.0% (cumulative 34.6%)
failure rate                : 0.0% (cumulative 0.0%)
synthetic task reward       : 8100.000
shaping reward              : 3282.269
learning reward             : 11382.269
episode length              : 261.0
abstract changes / episode  : 85.8
DFA transitions / episode   : 1.78
DFA transitions in window   : 1->2: 97, 2->3: 81
epsilon (next episode)       : 0.06326
replay buffer                : 300000 samples [1: 55.4%, 2: 44.6%, 3: 0.0%]
DFA state visits in window   : 1: 12487, 2: 13636, 3: 81
DFA state visits cumulative  : 1: 1157588, 2: 527926, 3: 2390
DFA state entries in window  : 1: 100, 2: 97, 3: 81
DFA state entries cumulative : 1: 6900, 2: 3653, 3: 2390
transitions cumulative       : 1->2: 3653, 2->3: 2390
accepted directly from s0    : 0
Gym endings cumulative       : terminated=4441, truncated=69

[Episode 7000/8000 | last 100]
success rate                : 25.0% (cumulative 34.5%)
failure rate                : 0.0% (cumulative 0.0%)
synthetic task reward       : 2500.000
shaping reward              : 1828.321
learning reward             : 4328.321
episode length              : 460.0
abstract changes / episode  : 94.2
DFA transitions / episode   : 1.05
DFA transitions in window   : 1->2: 80, 2->3: 25
epsilon (next episode)       : 0.06078
replay buffer                : 300000 samples [1: 53.5%, 2: 46.5%, 3: 0.0%]
DFA state visits in window   : 1: 17221, 2: 28853, 3: 25
DFA state visits cumulative  : 1: 1174809, 2: 556779, 3: 2415
DFA state entries in window  : 1: 100, 2: 80, 3: 25
DFA state entries cumulative : 1: 7000, 2: 3733, 3: 2415
transitions cumulative       : 1->2: 3733, 2->3: 2415
accepted directly from s0    : 0
Gym endings cumulative       : terminated=4495, truncated=90

Starting autonomous greedy evaluation at episode 7000 (1000 fixed-seed episodes)...
[Greedy evaluation at episode 7000 | 1000 fixed-seed episodes]
success=10.2%, failure=0.0%, task reward=1020.000, length=397.9
DFA transitions: 1->2: 855, 2->3: 102

[Episode 7100/8000 | last 100]
success rate                : 36.0% (cumulative 34.5%)
failure rate                : 0.0% (cumulative 0.0%)
synthetic task reward       : 3600.000
shaping reward              : 1677.963
learning reward             : 5277.963
episode length              : 311.3
abstract changes / episode  : 81.5
DFA transitions / episode   : 0.96
DFA transitions in window   : 1->2: 60, 2->3: 36
epsilon (next episode)       : 0.05839
replay buffer                : 300000 samples [1: 52.5%, 2: 47.5%, 3: 0.0%]
DFA state visits in window   : 1: 17206, 2: 13992, 3: 36
DFA state visits cumulative  : 1: 1192015, 2: 570771, 3: 2451
DFA state entries in window  : 1: 100, 2: 60, 3: 36
DFA state entries cumulative : 1: 7100, 2: 3793, 3: 2451
transitions cumulative       : 1->2: 3793, 2->3: 2451
accepted directly from s0    : 0
Gym endings cumulative       : terminated=4552, truncated=97

[Episode 7200/8000 | last 100]
success rate                : 65.0% (cumulative 34.9%)
failure rate                : 0.0% (cumulative 0.0%)
synthetic task reward       : 6500.000
shaping reward              : 2823.596
learning reward             : 9323.596
episode length              : 262.9
abstract changes / episode  : 78.8
DFA transitions / episode   : 1.43
DFA transitions in window   : 1->2: 78, 2->3: 65
epsilon (next episode)       : 0.05610
replay buffer                : 300000 samples [1: 51.9%, 2: 48.1%, 3: 0.0%]
DFA state visits in window   : 1: 16533, 2: 9792, 3: 65
DFA state visits cumulative  : 1: 1208548, 2: 580563, 3: 2516
DFA state entries in window  : 1: 100, 2: 78, 3: 65
DFA state entries cumulative : 1: 7200, 2: 3871, 3: 2516
transitions cumulative       : 1->2: 3871, 2->3: 2516
accepted directly from s0    : 0
Gym endings cumulative       : terminated=4587, truncated=97

[Episode 7300/8000 | last 100]
success rate                : 95.0% (cumulative 35.8%)
failure rate                : 0.0% (cumulative 0.0%)
synthetic task reward       : 9500.000
shaping reward              : 3665.547
learning reward             : 13165.547
episode length              : 271.9
abstract changes / episode  : 76.6
DFA transitions / episode   : 1.94
DFA transitions in window   : 1->2: 99, 2->3: 95
epsilon (next episode)       : 0.05390
replay buffer                : 300000 samples [1: 51.2%, 2: 48.8%, 3: 0.0%]
DFA state visits in window   : 1: 14680, 2: 12513, 3: 95
DFA state visits cumulative  : 1: 1223228, 2: 593076, 3: 2611
DFA state entries in window  : 1: 100, 2: 99, 3: 95
DFA state entries cumulative : 1: 7300, 2: 3970, 3: 2611
transitions cumulative       : 1->2: 3970, 2->3: 2611
accepted directly from s0    : 0
Gym endings cumulative       : terminated=4592, truncated=97

[Episode 7400/8000 | last 100]
success rate                : 79.0% (cumulative 36.4%)
failure rate                : 0.0% (cumulative 0.0%)
synthetic task reward       : 7900.000
shaping reward              : 3327.598
learning reward             : 11227.598
episode length              : 258.3
abstract changes / episode  : 80.2
DFA transitions / episode   : 1.72
DFA transitions in window   : 1->2: 93, 2->3: 79
epsilon (next episode)       : 0.05179
replay buffer                : 300000 samples [1: 51.1%, 2: 48.9%, 3: 0.0%]
DFA state visits in window   : 1: 14325, 2: 11526, 3: 79
DFA state visits cumulative  : 1: 1237553, 2: 604602, 3: 2690
DFA state entries in window  : 1: 100, 2: 93, 3: 79
DFA state entries cumulative : 1: 7400, 2: 4063, 3: 2690
transitions cumulative       : 1->2: 4063, 2->3: 2690
accepted directly from s0    : 0
Gym endings cumulative       : terminated=4613, truncated=97

[Episode 7500/8000 | last 100]
success rate                : 75.0% (cumulative 36.9%)
failure rate                : 0.0% (cumulative 0.0%)
synthetic task reward       : 7500.000
shaping reward              : 2907.991
learning reward             : 10407.991
episode length              : 226.9
abstract changes / episode  : 69.5
DFA transitions / episode   : 1.59
DFA transitions in window   : 1->2: 84, 2->3: 75
epsilon (next episode)       : 0.04976
replay buffer                : 300000 samples [1: 51.6%, 2: 48.4%, 3: 0.0%]
DFA state visits in window   : 1: 13102, 2: 9618, 3: 75
DFA state visits cumulative  : 1: 1250655, 2: 614220, 3: 2765
DFA state entries in window  : 1: 100, 2: 84, 3: 75
DFA state entries cumulative : 1: 7500, 2: 4147, 3: 2765
transitions cumulative       : 1->2: 4147, 2->3: 2765
accepted directly from s0    : 0
Gym endings cumulative       : terminated=4638, truncated=97

Starting autonomous greedy evaluation at episode 7500 (1000 fixed-seed episodes)...
[Greedy evaluation at episode 7500 | 1000 fixed-seed episodes]
success=60.1%, failure=0.0%, task reward=6010.000, length=230.2
DFA transitions: 1->2: 620, 2->3: 601

[Episode 7600/8000 | last 100]
success rate                : 75.0% (cumulative 37.4%)
failure rate                : 0.0% (cumulative 0.0%)
synthetic task reward       : 7500.000
shaping reward              : 2995.831
learning reward             : 10495.831
episode length              : 253.0
abstract changes / episode  : 73.0
DFA transitions / episode   : 1.58
DFA transitions in window   : 1->2: 83, 2->3: 75
epsilon (next episode)       : 0.04781
replay buffer                : 300000 samples [1: 52.4%, 2: 47.6%, 3: 0.0%]
DFA state visits in window   : 1: 15461, 2: 9868, 3: 75
DFA state visits cumulative  : 1: 1266116, 2: 624088, 3: 2840
DFA state entries in window  : 1: 100, 2: 83, 3: 75
DFA state entries cumulative : 1: 7600, 2: 4230, 3: 2840
transitions cumulative       : 1->2: 4230, 2->3: 2840
accepted directly from s0    : 0
Gym endings cumulative       : terminated=4663, truncated=97

[Episode 7700/8000 | last 100]
success rate                : 89.0% (cumulative 38.0%)
failure rate                : 0.0% (cumulative 0.0%)
synthetic task reward       : 8900.000
shaping reward              : 3497.717
learning reward             : 12397.717
episode length              : 239.6
abstract changes / episode  : 71.7
DFA transitions / episode   : 1.85
DFA transitions in window   : 1->2: 96, 2->3: 89
epsilon (next episode)       : 0.04593
replay buffer                : 300000 samples [1: 52.3%, 2: 47.7%, 3: 0.0%]
DFA state visits in window   : 1: 12475, 2: 11491, 3: 89
DFA state visits cumulative  : 1: 1278591, 2: 635579, 3: 2929
DFA state entries in window  : 1: 100, 2: 96, 3: 89
DFA state entries cumulative : 1: 7700, 2: 4326, 3: 2929
transitions cumulative       : 1->2: 4326, 2->3: 2929
accepted directly from s0    : 0
Gym endings cumulative       : terminated=4674, truncated=97

[Episode 7800/8000 | last 100]
success rate                : 86.0% (cumulative 38.7%)
failure rate                : 0.0% (cumulative 0.0%)
synthetic task reward       : 8600.000
shaping reward              : 3323.085
learning reward             : 11923.085
episode length              : 250.8
abstract changes / episode  : 76.2
DFA transitions / episode   : 1.77
DFA transitions in window   : 1->2: 91, 2->3: 86
epsilon (next episode)       : 0.04413
replay buffer                : 300000 samples [1: 52.8%, 2: 47.2%, 3: 0.0%]
DFA state visits in window   : 1: 14139, 2: 10955, 3: 86
DFA state visits cumulative  : 1: 1292730, 2: 646534, 3: 3015
DFA state entries in window  : 1: 100, 2: 91, 3: 86
DFA state entries cumulative : 1: 7800, 2: 4417, 3: 3015
transitions cumulative       : 1->2: 4417, 2->3: 3015
accepted directly from s0    : 0
Gym endings cumulative       : terminated=4688, truncated=97

[Episode 7900/8000 | last 100]
success rate                : 91.0% (cumulative 39.3%)
failure rate                : 0.0% (cumulative 0.0%)
synthetic task reward       : 9100.000
shaping reward              : 3571.455
learning reward             : 12671.455
episode length              : 246.2
abstract changes / episode  : 75.2
DFA transitions / episode   : 1.88
DFA transitions in window   : 1->2: 97, 2->3: 91
epsilon (next episode)       : 0.04240
replay buffer                : 300000 samples [1: 52.9%, 2: 47.1%, 3: 0.0%]
DFA state visits in window   : 1: 13101, 2: 11529, 3: 91
DFA state visits cumulative  : 1: 1305831, 2: 658063, 3: 3106
DFA state entries in window  : 1: 100, 2: 97, 3: 91
DFA state entries cumulative : 1: 7900, 2: 4514, 3: 3106
transitions cumulative       : 1->2: 4514, 2->3: 3106
accepted directly from s0    : 0
Gym endings cumulative       : terminated=4697, truncated=97

[Episode 8000/8000 | last 100]
success rate                : 81.0% (cumulative 39.8%)
failure rate                : 0.0% (cumulative 0.0%)
synthetic task reward       : 8100.000
shaping reward              : 3326.970
learning reward             : 11426.970
episode length              : 241.4
abstract changes / episode  : 76.5
DFA transitions / episode   : 1.75
DFA transitions in window   : 1->2: 94, 2->3: 81
epsilon (next episode)       : 0.04074
replay buffer                : 300000 samples [1: 53.4%, 2: 46.6%, 3: 0.0%]
DFA state visits in window   : 1: 12812, 2: 11347, 3: 81
DFA state visits cumulative  : 1: 1318643, 2: 669410, 3: 3187
DFA state entries in window  : 1: 100, 2: 94, 3: 81
DFA state entries cumulative : 1: 8000, 2: 4608, 3: 3187
transitions cumulative       : 1->2: 4608, 2->3: 3187
accepted directly from s0    : 0
Gym endings cumulative       : terminated=4716, truncated=97

Starting autonomous greedy evaluation at episode 8000 (1000 fixed-seed episodes)...
[Greedy evaluation at episode 8000 | 1000 fixed-seed episodes]
success=95.7%, failure=0.0%, task reward=9570.000, length=250.8
DFA transitions: 1->2: 992, 2->3: 957
Last policy saved after episode 8000. Best greedy evaluation: episode 6500, mean task reward=9850.000
