
=== NEW RUN ===
episodes=8000, shaping=False, goal_reward=10000.0, gamma=0.99
gamma_shaping=1.0, shaping_formula=gamma_shaping*Phi(next)-Phi(state)
ground_unbiased_learner=False
ground_max_episode_steps=1500
eval_interval=500, eval_episodes=1000, eval_seed=100000
inter_level_shaping=False, inter_level_formula=gamma*Phi(next)-Phi(state)
task_type=cyclic_waypoints, task=cycle(g1, g2, g3, g4)
regions={g1: {'center': [-0.5, 1.0625], 'radius': 0.1}, g2: {'center': [0.5, 1.0625], 'radius': 0.1}, g3: {'center': [0.5, 0.5], 'radius': 0.1}, g4: {'center': [-0.5, 0.5], 'radius': 0.1}}
dfa_states=[0, 1, 2, 3], pre_trace=0, accepting=[], failure=[]

[Episode 1/8000 | last 1]
success rate                : 0.0% (cumulative 0.0%)
failure rate                : 0.0% (cumulative 0.0%)
completed cycles / episode  : 0.000
synthetic task reward       : 0.000
shaping reward              : 0.000
learning reward             : 0.000
episode length              : 73.0
abstract changes / episode  : 11.0
same abstract-state steps   : 84.9%
same-state shaping / episode: 0.000
changed-state shaping / ep. : 0.000
terminal shaping / episode  : 0.000
DFA transitions / episode   : 0.00
DFA transitions in window   : none
epsilon (next episode)       : 0.99960
replay buffer                : 73 samples [0: 100.0%, 1: 0.0%, 2: 0.0%, 3: 0.0%]
DFA state visits in window   : 0: 74, 1: 0, 2: 0, 3: 0
DFA state visits cumulative  : 0: 74, 1: 0, 2: 0, 3: 0
DFA state entries in window  : 0: 1, 1: 0, 2: 0, 3: 0
DFA state entries cumulative : 0: 1, 1: 0, 2: 0, 3: 0
transitions cumulative       : none
accepted directly from s0    : 0
Gym endings cumulative       : terminated=1, truncated=0

[Episode 100/8000 | last 100]
success rate                : 0.0% (cumulative 0.0%)
failure rate                : 0.0% (cumulative 0.0%)
completed cycles / episode  : 0.000
synthetic task reward       : 0.000
shaping reward              : 0.000
learning reward             : 0.000
episode length              : 95.1
abstract changes / episode  : 12.8
same abstract-state steps   : 86.5%
same-state shaping / episode: 0.000
changed-state shaping / ep. : 0.000
terminal shaping / episode  : 0.000
DFA transitions / episode   : 0.09
DFA transitions in window   : 0->1: 9
epsilon (next episode)       : 0.96078
replay buffer                : 9510 samples [0: 95.7%, 1: 4.3%, 2: 0.0%, 3: 0.0%]
DFA state visits in window   : 0: 9188, 1: 422, 2: 0, 3: 0
DFA state visits cumulative  : 0: 9188, 1: 422, 2: 0, 3: 0
DFA state entries in window  : 0: 100, 1: 9, 2: 0, 3: 0
DFA state entries cumulative : 0: 100, 1: 9, 2: 0, 3: 0
transitions cumulative       : 0->1: 9
accepted directly from s0    : 0
Gym endings cumulative       : terminated=100, truncated=0

[Episode 200/8000 | last 100]
success rate                : 0.0% (cumulative 0.0%)
failure rate                : 0.0% (cumulative 0.0%)
completed cycles / episode  : 0.000
synthetic task reward       : 0.000
shaping reward              : 0.000
learning reward             : 0.000
episode length              : 91.8
abstract changes / episode  : 12.6
same abstract-state steps   : 86.3%
same-state shaping / episode: 0.000
changed-state shaping / ep. : 0.000
terminal shaping / episode  : 0.000
DFA transitions / episode   : 0.02
DFA transitions in window   : 0->1: 2
epsilon (next episode)       : 0.92310
replay buffer                : 18690 samples [0: 97.4%, 1: 2.6%, 2: 0.0%, 3: 0.0%]
DFA state visits in window   : 0: 9196, 1: 84, 2: 0, 3: 0
DFA state visits cumulative  : 0: 18384, 1: 506, 2: 0, 3: 0
DFA state entries in window  : 0: 100, 1: 2, 2: 0, 3: 0
DFA state entries cumulative : 0: 200, 1: 11, 2: 0, 3: 0
transitions cumulative       : 0->1: 11
accepted directly from s0    : 0
Gym endings cumulative       : terminated=200, truncated=0

[Episode 300/8000 | last 100]
success rate                : 0.0% (cumulative 0.0%)
failure rate                : 0.0% (cumulative 0.0%)
completed cycles / episode  : 0.000
synthetic task reward       : 0.000
shaping reward              : 0.000
learning reward             : 0.000
episode length              : 97.4
abstract changes / episode  : 13.0
same abstract-state steps   : 86.6%
same-state shaping / episode: 0.000
changed-state shaping / ep. : 0.000
terminal shaping / episode  : 0.000
DFA transitions / episode   : 0.06
DFA transitions in window   : 0->1: 6
epsilon (next episode)       : 0.88690
replay buffer                : 28430 samples [0: 97.2%, 1: 2.8%, 2: 0.0%, 3: 0.0%]
DFA state visits in window   : 0: 9543, 1: 297, 2: 0, 3: 0
DFA state visits cumulative  : 0: 27927, 1: 803, 2: 0, 3: 0
DFA state entries in window  : 0: 100, 1: 6, 2: 0, 3: 0
DFA state entries cumulative : 0: 300, 1: 17, 2: 0, 3: 0
transitions cumulative       : 0->1: 17
accepted directly from s0    : 0
Gym endings cumulative       : terminated=300, truncated=0

[Episode 400/8000 | last 100]
success rate                : 0.0% (cumulative 0.0%)
failure rate                : 0.0% (cumulative 0.0%)
completed cycles / episode  : 0.000
synthetic task reward       : 0.000
shaping reward              : 0.000
learning reward             : 0.000
episode length              : 100.3
abstract changes / episode  : 13.1
same abstract-state steps   : 87.0%
same-state shaping / episode: 0.000
changed-state shaping / ep. : 0.000
terminal shaping / episode  : 0.000
DFA transitions / episode   : 0.06
DFA transitions in window   : 0->1: 6
epsilon (next episode)       : 0.85212
replay buffer                : 38457 samples [0: 97.2%, 1: 2.8%, 2: 0.0%, 3: 0.0%]
DFA state visits in window   : 0: 9827, 1: 300, 2: 0, 3: 0
DFA state visits cumulative  : 0: 37754, 1: 1103, 2: 0, 3: 0
DFA state entries in window  : 0: 100, 1: 6, 2: 0, 3: 0
DFA state entries cumulative : 0: 400, 1: 23, 2: 0, 3: 0
transitions cumulative       : 0->1: 23
accepted directly from s0    : 0
Gym endings cumulative       : terminated=400, truncated=0

[Episode 500/8000 | last 100]
success rate                : 0.0% (cumulative 0.0%)
failure rate                : 0.0% (cumulative 0.0%)
completed cycles / episode  : 0.000
synthetic task reward       : 0.000
shaping reward              : 0.000
learning reward             : 0.000
episode length              : 102.6
abstract changes / episode  : 12.7
same abstract-state steps   : 87.6%
same-state shaping / episode: 0.000
changed-state shaping / ep. : 0.000
terminal shaping / episode  : 0.000
DFA transitions / episode   : 0.06
DFA transitions in window   : 0->1: 6
epsilon (next episode)       : 0.81870
replay buffer                : 48714 samples [0: 97.2%, 1: 2.8%, 2: 0.0%, 3: 0.0%]
DFA state visits in window   : 0: 10062, 1: 295, 2: 0, 3: 0
DFA state visits cumulative  : 0: 47816, 1: 1398, 2: 0, 3: 0
DFA state entries in window  : 0: 100, 1: 6, 2: 0, 3: 0
DFA state entries cumulative : 0: 500, 1: 29, 2: 0, 3: 0
transitions cumulative       : 0->1: 29
accepted directly from s0    : 0
Gym endings cumulative       : terminated=500, truncated=0

Starting autonomous greedy evaluation at episode 500 (1000 fixed-seed episodes)...
[Greedy evaluation at episode 500 | 1000 fixed-seed episodes]
success=0.0%, failure=0.0%, task reward=0.000, cycles=0.000, length=137.3
DFA transitions: none
Best policy updated from autonomous greedy evaluation at episode 500.

[Episode 600/8000 | last 100]
success rate                : 0.0% (cumulative 0.0%)
failure rate                : 0.0% (cumulative 0.0%)
completed cycles / episode  : 0.000
synthetic task reward       : 0.000
shaping reward              : 0.000
learning reward             : 0.000
episode length              : 126.1
abstract changes / episode  : 13.0
same abstract-state steps   : 89.7%
same-state shaping / episode: 0.000
changed-state shaping / ep. : 0.000
terminal shaping / episode  : 0.000
DFA transitions / episode   : 0.08
DFA transitions in window   : 0->1: 8
epsilon (next episode)       : 0.78659
replay buffer                : 61325 samples [0: 97.1%, 1: 2.9%, 2: 0.0%, 3: 0.0%]
DFA state visits in window   : 0: 12309, 1: 402, 2: 0, 3: 0
DFA state visits cumulative  : 0: 60125, 1: 1800, 2: 0, 3: 0
DFA state entries in window  : 0: 100, 1: 8, 2: 0, 3: 0
DFA state entries cumulative : 0: 600, 1: 37, 2: 0, 3: 0
transitions cumulative       : 0->1: 37
accepted directly from s0    : 0
Gym endings cumulative       : terminated=599, truncated=1

[Episode 700/8000 | last 100]
success rate                : 0.0% (cumulative 0.0%)
failure rate                : 0.0% (cumulative 0.0%)
completed cycles / episode  : 0.000
synthetic task reward       : 0.000
shaping reward              : 0.000
learning reward             : 0.000
episode length              : 111.3
abstract changes / episode  : 12.3
same abstract-state steps   : 88.9%
same-state shaping / episode: 0.000
changed-state shaping / ep. : 0.000
terminal shaping / episode  : 0.000
DFA transitions / episode   : 0.12
DFA transitions in window   : 0->1: 12
epsilon (next episode)       : 0.75574
replay buffer                : 72460 samples [0: 96.7%, 1: 3.3%, 2: 0.0%, 3: 0.0%]
DFA state visits in window   : 0: 10607, 1: 628, 2: 0, 3: 0
DFA state visits cumulative  : 0: 70732, 1: 2428, 2: 0, 3: 0
DFA state entries in window  : 0: 100, 1: 12, 2: 0, 3: 0
DFA state entries cumulative : 0: 700, 1: 49, 2: 0, 3: 0
transitions cumulative       : 0->1: 49
accepted directly from s0    : 0
Gym endings cumulative       : terminated=699, truncated=1

[Episode 800/8000 | last 100]
success rate                : 0.0% (cumulative 0.0%)
failure rate                : 0.0% (cumulative 0.0%)
completed cycles / episode  : 0.000
synthetic task reward       : 0.000
shaping reward              : 0.000
learning reward             : 0.000
episode length              : 119.4
abstract changes / episode  : 13.1
same abstract-state steps   : 89.0%
same-state shaping / episode: 0.000
changed-state shaping / ep. : 0.000
terminal shaping / episode  : 0.000
DFA transitions / episode   : 0.09
DFA transitions in window   : 0->1: 9
epsilon (next episode)       : 0.72610
replay buffer                : 84402 samples [0: 96.3%, 1: 3.7%, 2: 0.0%, 3: 0.0%]
DFA state visits in window   : 0: 11290, 1: 752, 2: 0, 3: 0
DFA state visits cumulative  : 0: 82022, 1: 3180, 2: 0, 3: 0
DFA state entries in window  : 0: 100, 1: 9, 2: 0, 3: 0
DFA state entries cumulative : 0: 800, 1: 58, 2: 0, 3: 0
transitions cumulative       : 0->1: 58
accepted directly from s0    : 0
Gym endings cumulative       : terminated=799, truncated=1

[Episode 900/8000 | last 100]
success rate                : 0.0% (cumulative 0.0%)
failure rate                : 0.0% (cumulative 0.0%)
completed cycles / episode  : 0.000
synthetic task reward       : 0.000
shaping reward              : 0.000
learning reward             : 0.000
episode length              : 123.1
abstract changes / episode  : 13.3
same abstract-state steps   : 89.2%
same-state shaping / episode: 0.000
changed-state shaping / ep. : 0.000
terminal shaping / episode  : 0.000
DFA transitions / episode   : 0.12
DFA transitions in window   : 0->1: 12
epsilon (next episode)       : 0.69763
replay buffer                : 96708 samples [0: 96.1%, 1: 3.9%, 2: 0.0%, 3: 0.0%]
DFA state visits in window   : 0: 11700, 1: 706, 2: 0, 3: 0
DFA state visits cumulative  : 0: 93722, 1: 3886, 2: 0, 3: 0
DFA state entries in window  : 0: 100, 1: 12, 2: 0, 3: 0
DFA state entries cumulative : 0: 900, 1: 70, 2: 0, 3: 0
transitions cumulative       : 0->1: 70
accepted directly from s0    : 0
Gym endings cumulative       : terminated=899, truncated=1

[Episode 1000/8000 | last 100]
success rate                : 0.0% (cumulative 0.0%)
failure rate                : 0.0% (cumulative 0.0%)
completed cycles / episode  : 0.000
synthetic task reward       : 0.000
shaping reward              : 0.000
learning reward             : 0.000
episode length              : 136.9
abstract changes / episode  : 13.1
same abstract-state steps   : 90.4%
same-state shaping / episode: 0.000
changed-state shaping / ep. : 0.000
terminal shaping / episode  : 0.000
DFA transitions / episode   : 0.10
DFA transitions in window   : 0->1: 10
epsilon (next episode)       : 0.67027
replay buffer                : 110403 samples [0: 95.9%, 1: 4.1%, 2: 0.0%, 3: 0.0%]
DFA state visits in window   : 0: 13046, 1: 749, 2: 0, 3: 0
DFA state visits cumulative  : 0: 106768, 1: 4635, 2: 0, 3: 0
DFA state entries in window  : 0: 100, 1: 10, 2: 0, 3: 0
DFA state entries cumulative : 0: 1000, 1: 80, 2: 0, 3: 0
transitions cumulative       : 0->1: 80
accepted directly from s0    : 0
Gym endings cumulative       : terminated=999, truncated=1

Starting autonomous greedy evaluation at episode 1000 (1000 fixed-seed episodes)...
[Greedy evaluation at episode 1000 | 1000 fixed-seed episodes]
success=0.0%, failure=0.0%, task reward=0.000, cycles=0.000, length=279.1
DFA transitions: 0->1: 81

[Episode 1100/8000 | last 100]
success rate                : 0.0% (cumulative 0.0%)
failure rate                : 0.0% (cumulative 0.0%)
completed cycles / episode  : 0.000
synthetic task reward       : 0.000
shaping reward              : 0.000
learning reward             : 0.000
episode length              : 153.0
abstract changes / episode  : 13.3
same abstract-state steps   : 91.3%
same-state shaping / episode: 0.000
changed-state shaping / ep. : 0.000
terminal shaping / episode  : 0.000
DFA transitions / episode   : 0.04
DFA transitions in window   : 0->1: 4
epsilon (next episode)       : 0.64398
replay buffer                : 125704 samples [0: 96.2%, 1: 3.8%, 2: 0.0%, 3: 0.0%]
DFA state visits in window   : 0: 15120, 1: 281, 2: 0, 3: 0
DFA state visits cumulative  : 0: 121888, 1: 4916, 2: 0, 3: 0
DFA state entries in window  : 0: 100, 1: 4, 2: 0, 3: 0
DFA state entries cumulative : 0: 1100, 1: 84, 2: 0, 3: 0
transitions cumulative       : 0->1: 84
accepted directly from s0    : 0
Gym endings cumulative       : terminated=1098, truncated=2

[Episode 1200/8000 | last 100]
success rate                : 0.0% (cumulative 0.0%)
failure rate                : 0.0% (cumulative 0.0%)
completed cycles / episode  : 0.000
synthetic task reward       : 0.000
shaping reward              : 0.000
learning reward             : 0.000
episode length              : 162.2
abstract changes / episode  : 13.1
same abstract-state steps   : 91.9%
same-state shaping / episode: 0.000
changed-state shaping / ep. : 0.000
terminal shaping / episode  : 0.000
DFA transitions / episode   : 0.07
DFA transitions in window   : 0->1: 7
epsilon (next episode)       : 0.61872
replay buffer                : 141924 samples [0: 96.2%, 1: 3.8%, 2: 0.0%, 3: 0.0%]
DFA state visits in window   : 0: 15784, 1: 536, 2: 0, 3: 0
DFA state visits cumulative  : 0: 137672, 1: 5452, 2: 0, 3: 0
DFA state entries in window  : 0: 100, 1: 7, 2: 0, 3: 0
DFA state entries cumulative : 0: 1200, 1: 91, 2: 0, 3: 0
transitions cumulative       : 0->1: 91
accepted directly from s0    : 0
Gym endings cumulative       : terminated=1197, truncated=3

[Episode 1300/8000 | last 100]
success rate                : 0.0% (cumulative 0.0%)
failure rate                : 0.0% (cumulative 0.0%)
completed cycles / episode  : 0.000
synthetic task reward       : 0.000
shaping reward              : 0.000
learning reward             : 0.000
episode length              : 153.1
abstract changes / episode  : 13.6
same abstract-state steps   : 91.1%
same-state shaping / episode: 0.000
changed-state shaping / ep. : 0.000
terminal shaping / episode  : 0.000
DFA transitions / episode   : 0.07
DFA transitions in window   : 0->1: 7
epsilon (next episode)       : 0.59446
replay buffer                : 157234 samples [0: 96.1%, 1: 3.9%, 2: 0.0%, 3: 0.0%]
DFA state visits in window   : 0: 14624, 1: 786, 2: 0, 3: 0
DFA state visits cumulative  : 0: 152296, 1: 6238, 2: 0, 3: 0
DFA state entries in window  : 0: 100, 1: 7, 2: 0, 3: 0
DFA state entries cumulative : 0: 1300, 1: 98, 2: 0, 3: 0
transitions cumulative       : 0->1: 98
accepted directly from s0    : 0
Gym endings cumulative       : terminated=1297, truncated=3

[Episode 1400/8000 | last 100]
success rate                : 0.0% (cumulative 0.0%)
failure rate                : 0.0% (cumulative 0.0%)
completed cycles / episode  : 0.000
synthetic task reward       : 0.000
shaping reward              : 0.000
learning reward             : 0.000
episode length              : 147.7
abstract changes / episode  : 12.0
same abstract-state steps   : 91.9%
same-state shaping / episode: 0.000
changed-state shaping / ep. : 0.000
terminal shaping / episode  : 0.000
DFA transitions / episode   : 0.07
DFA transitions in window   : 0->1: 7
epsilon (next episode)       : 0.57115
replay buffer                : 172006 samples [0: 96.2%, 1: 3.8%, 2: 0.0%, 3: 0.0%]
DFA state visits in window   : 0: 14431, 1: 441, 2: 0, 3: 0
DFA state visits cumulative  : 0: 166727, 1: 6679, 2: 0, 3: 0
DFA state entries in window  : 0: 100, 1: 7, 2: 0, 3: 0
DFA state entries cumulative : 0: 1400, 1: 105, 2: 0, 3: 0
transitions cumulative       : 0->1: 105
accepted directly from s0    : 0
Gym endings cumulative       : terminated=1397, truncated=3

[Episode 1500/8000 | last 100]
success rate                : 0.0% (cumulative 0.0%)
failure rate                : 0.0% (cumulative 0.0%)
completed cycles / episode  : 0.000
synthetic task reward       : 0.000
shaping reward              : 0.000
learning reward             : 0.000
episode length              : 233.5
abstract changes / episode  : 15.4
same abstract-state steps   : 93.4%
same-state shaping / episode: 0.000
changed-state shaping / ep. : 0.000
terminal shaping / episode  : 0.000
DFA transitions / episode   : 0.10
DFA transitions in window   : 0->1: 10
epsilon (next episode)       : 0.54875
replay buffer                : 195357 samples [0: 96.2%, 1: 3.8%, 2: 0.0%, 3: 0.0%]
DFA state visits in window   : 0: 22654, 1: 797, 2: 0, 3: 0
DFA state visits cumulative  : 0: 189381, 1: 7476, 2: 0, 3: 0
DFA state entries in window  : 0: 100, 1: 10, 2: 0, 3: 0
DFA state entries cumulative : 0: 1500, 1: 115, 2: 0, 3: 0
transitions cumulative       : 0->1: 115
accepted directly from s0    : 0
Gym endings cumulative       : terminated=1497, truncated=3

Starting autonomous greedy evaluation at episode 1500 (1000 fixed-seed episodes)...
[Greedy evaluation at episode 1500 | 1000 fixed-seed episodes]
success=0.0%, failure=0.0%, task reward=0.000, cycles=0.000, length=242.9
DFA transitions: 0->1: 1

[Episode 1600/8000 | last 100]
success rate                : 0.0% (cumulative 0.0%)
failure rate                : 0.0% (cumulative 0.0%)
completed cycles / episode  : 0.000
synthetic task reward       : 0.000
shaping reward              : 0.000
learning reward             : 0.000
episode length              : 257.3
abstract changes / episode  : 16.6
same abstract-state steps   : 93.6%
same-state shaping / episode: 0.000
changed-state shaping / ep. : 0.000
terminal shaping / episode  : 0.000
DFA transitions / episode   : 0.02
DFA transitions in window   : 0->1: 2
epsilon (next episode)       : 0.52722
replay buffer                : 221083 samples [0: 96.5%, 1: 3.5%, 2: 0.0%, 3: 0.0%]
DFA state visits in window   : 0: 25517, 1: 309, 2: 0, 3: 0
DFA state visits cumulative  : 0: 214898, 1: 7785, 2: 0, 3: 0
DFA state entries in window  : 0: 100, 1: 2, 2: 0, 3: 0
DFA state entries cumulative : 0: 1600, 1: 117, 2: 0, 3: 0
transitions cumulative       : 0->1: 117
accepted directly from s0    : 0
Gym endings cumulative       : terminated=1596, truncated=4

[Episode 1700/8000 | last 100]
success rate                : 0.0% (cumulative 0.0%)
failure rate                : 0.0% (cumulative 0.0%)
completed cycles / episode  : 0.000
synthetic task reward       : 0.000
shaping reward              : 0.000
learning reward             : 0.000
episode length              : 207.8
abstract changes / episode  : 15.4
same abstract-state steps   : 92.6%
same-state shaping / episode: 0.000
changed-state shaping / ep. : 0.000
terminal shaping / episode  : 0.000
DFA transitions / episode   : 0.08
DFA transitions in window   : 0->1: 8
epsilon (next episode)       : 0.50655
replay buffer                : 241863 samples [0: 96.5%, 1: 3.5%, 2: 0.0%, 3: 0.0%]
DFA state visits in window   : 0: 19984, 1: 896, 2: 0, 3: 0
DFA state visits cumulative  : 0: 234882, 1: 8681, 2: 0, 3: 0
DFA state entries in window  : 0: 100, 1: 8, 2: 0, 3: 0
DFA state entries cumulative : 0: 1700, 1: 125, 2: 0, 3: 0
transitions cumulative       : 0->1: 125
accepted directly from s0    : 0
Gym endings cumulative       : terminated=1695, truncated=5

[Episode 1800/8000 | last 100]
success rate                : 0.0% (cumulative 0.0%)
failure rate                : 0.0% (cumulative 0.0%)
completed cycles / episode  : 0.000
synthetic task reward       : 0.000
shaping reward              : 0.000
learning reward             : 0.000
episode length              : 187.6
abstract changes / episode  : 14.1
same abstract-state steps   : 92.5%
same-state shaping / episode: 0.000
changed-state shaping / ep. : 0.000
terminal shaping / episode  : 0.000
DFA transitions / episode   : 0.07
DFA transitions in window   : 0->1: 7
epsilon (next episode)       : 0.48668
replay buffer                : 260625 samples [0: 96.5%, 1: 3.5%, 2: 0.0%, 3: 0.0%]
DFA state visits in window   : 0: 18309, 1: 553, 2: 0, 3: 0
DFA state visits cumulative  : 0: 253191, 1: 9234, 2: 0, 3: 0
DFA state entries in window  : 0: 100, 1: 7, 2: 0, 3: 0
DFA state entries cumulative : 0: 1800, 1: 132, 2: 0, 3: 0
transitions cumulative       : 0->1: 132
accepted directly from s0    : 0
Gym endings cumulative       : terminated=1795, truncated=5

[Episode 1900/8000 | last 100]
success rate                : 0.0% (cumulative 0.0%)
failure rate                : 0.0% (cumulative 0.0%)
completed cycles / episode  : 0.000
synthetic task reward       : 0.000
shaping reward              : 0.000
learning reward             : 0.000
episode length              : 222.2
abstract changes / episode  : 13.8
same abstract-state steps   : 93.8%
same-state shaping / episode: 0.000
changed-state shaping / ep. : 0.000
terminal shaping / episode  : 0.000
DFA transitions / episode   : 0.03
DFA transitions in window   : 0->1: 2, 1->2: 1
epsilon (next episode)       : 0.46760
replay buffer                : 282840 samples [0: 96.7%, 1: 3.3%, 2: 0.0%, 3: 0.0%]
DFA state visits in window   : 0: 22193, 1: 103, 2: 19, 3: 0
DFA state visits cumulative  : 0: 275384, 1: 9337, 2: 19, 3: 0
DFA state entries in window  : 0: 100, 1: 2, 2: 1, 3: 0
DFA state entries cumulative : 0: 1900, 1: 134, 2: 1, 3: 0
transitions cumulative       : 0->1: 134, 1->2: 1
accepted directly from s0    : 0
Gym endings cumulative       : terminated=1894, truncated=6

[Episode 2000/8000 | last 100]
success rate                : 0.0% (cumulative 0.0%)
failure rate                : 0.0% (cumulative 0.0%)
completed cycles / episode  : 0.000
synthetic task reward       : 0.000
shaping reward              : 0.000
learning reward             : 0.000
episode length              : 186.2
abstract changes / episode  : 11.8
same abstract-state steps   : 93.7%
same-state shaping / episode: 0.000
changed-state shaping / ep. : 0.000
terminal shaping / episode  : 0.000
DFA transitions / episode   : 0.02
DFA transitions in window   : 0->1: 2
epsilon (next episode)       : 0.44926
replay buffer                : 300000 samples [0: 96.8%, 1: 3.2%, 2: 0.0%, 3: 0.0%]
DFA state visits in window   : 0: 18372, 1: 345, 2: 0, 3: 0
DFA state visits cumulative  : 0: 293756, 1: 9682, 2: 19, 3: 0
DFA state entries in window  : 0: 100, 1: 2, 2: 0, 3: 0
DFA state entries cumulative : 0: 2000, 1: 136, 2: 1, 3: 0
transitions cumulative       : 0->1: 136, 1->2: 1
accepted directly from s0    : 0
Gym endings cumulative       : terminated=1994, truncated=6

Starting autonomous greedy evaluation at episode 2000 (1000 fixed-seed episodes)...
[Greedy evaluation at episode 2000 | 1000 fixed-seed episodes]
success=0.0%, failure=0.0%, task reward=0.000, cycles=0.000, length=146.3
DFA transitions: 0->1: 2

[Episode 2100/8000 | last 100]
success rate                : 0.0% (cumulative 0.0%)
failure rate                : 0.0% (cumulative 0.0%)
completed cycles / episode  : 0.000
synthetic task reward       : 0.000
shaping reward              : 0.000
learning reward             : 0.000
episode length              : 486.9
abstract changes / episode  : 19.4
same abstract-state steps   : 96.0%
same-state shaping / episode: 0.000
changed-state shaping / ep. : 0.000
terminal shaping / episode  : 0.000
DFA transitions / episode   : 0.08
DFA transitions in window   : 0->1: 8
epsilon (next episode)       : 0.43164
replay buffer                : 300000 samples [0: 96.8%, 1: 3.2%, 2: 0.0%, 3: 0.0%]
DFA state visits in window   : 0: 47245, 1: 1541, 2: 0, 3: 0
DFA state visits cumulative  : 0: 341001, 1: 11223, 2: 19, 3: 0
DFA state entries in window  : 0: 100, 1: 8, 2: 0, 3: 0
DFA state entries cumulative : 0: 2100, 1: 144, 2: 1, 3: 0
transitions cumulative       : 0->1: 144, 1->2: 1
accepted directly from s0    : 0
Gym endings cumulative       : terminated=2083, truncated=17

[Episode 2200/8000 | last 100]
success rate                : 0.0% (cumulative 0.0%)
failure rate                : 0.0% (cumulative 0.0%)
completed cycles / episode  : 0.000
synthetic task reward       : 0.000
shaping reward              : 0.000
learning reward             : 0.000
episode length              : 457.4
abstract changes / episode  : 19.0
same abstract-state steps   : 95.9%
same-state shaping / episode: 0.000
changed-state shaping / ep. : 0.000
terminal shaping / episode  : 0.000
DFA transitions / episode   : 0.02
DFA transitions in window   : 0->1: 2
epsilon (next episode)       : 0.41471
replay buffer                : 300000 samples [0: 97.5%, 1: 2.5%, 2: 0.0%, 3: 0.0%]
DFA state visits in window   : 0: 45667, 1: 177, 2: 0, 3: 0
DFA state visits cumulative  : 0: 386668, 1: 11400, 2: 19, 3: 0
DFA state entries in window  : 0: 100, 1: 2, 2: 0, 3: 0
DFA state entries cumulative : 0: 2200, 1: 146, 2: 1, 3: 0
transitions cumulative       : 0->1: 146, 1->2: 1
accepted directly from s0    : 0
Gym endings cumulative       : terminated=2169, truncated=31

[Episode 2300/8000 | last 100]
success rate                : 0.0% (cumulative 0.0%)
failure rate                : 0.0% (cumulative 0.0%)
completed cycles / episode  : 0.000
synthetic task reward       : 0.000
shaping reward              : 0.000
learning reward             : 0.000
episode length              : 341.4
abstract changes / episode  : 19.7
same abstract-state steps   : 94.2%
same-state shaping / episode: 0.000
changed-state shaping / ep. : 0.000
terminal shaping / episode  : 0.000
DFA transitions / episode   : 0.08
DFA transitions in window   : 0->1: 8
epsilon (next episode)       : 0.39845
replay buffer                : 300000 samples [0: 97.7%, 1: 2.3%, 2: 0.0%, 3: 0.0%]
DFA state visits in window   : 0: 33690, 1: 548, 2: 0, 3: 0
DFA state visits cumulative  : 0: 420358, 1: 11948, 2: 19, 3: 0
DFA state entries in window  : 0: 100, 1: 8, 2: 0, 3: 0
DFA state entries cumulative : 0: 2300, 1: 154, 2: 1, 3: 0
transitions cumulative       : 0->1: 154, 1->2: 1
accepted directly from s0    : 0
Gym endings cumulative       : terminated=2268, truncated=32

[Episode 2400/8000 | last 100]
success rate                : 0.0% (cumulative 0.0%)
failure rate                : 0.0% (cumulative 0.0%)
completed cycles / episode  : 0.000
synthetic task reward       : 0.000
shaping reward              : 0.000
learning reward             : 0.000
episode length              : 609.5
abstract changes / episode  : 31.8
same abstract-state steps   : 94.8%
same-state shaping / episode: 0.000
changed-state shaping / ep. : 0.000
terminal shaping / episode  : 0.000
DFA transitions / episode   : 0.23
DFA transitions in window   : 0->1: 22, 1->2: 1
epsilon (next episode)       : 0.38282
replay buffer                : 300000 samples [0: 96.1%, 1: 3.9%, 2: 0.0%, 3: 0.0%]
DFA state visits in window   : 0: 53892, 1: 7056, 2: 99, 3: 0
DFA state visits cumulative  : 0: 474250, 1: 19004, 2: 118, 3: 0
DFA state entries in window  : 0: 100, 1: 22, 2: 1, 3: 0
DFA state entries cumulative : 0: 2400, 1: 176, 2: 2, 3: 0
transitions cumulative       : 0->1: 176, 1->2: 2
accepted directly from s0    : 0
Gym endings cumulative       : terminated=2364, truncated=36

[Episode 2500/8000 | last 100]
success rate                : 0.0% (cumulative 0.0%)
failure rate                : 0.0% (cumulative 0.0%)
completed cycles / episode  : 0.000
synthetic task reward       : 0.000
shaping reward              : 0.000
learning reward             : 0.000
episode length              : 428.6
abstract changes / episode  : 23.5
same abstract-state steps   : 94.5%
same-state shaping / episode: 0.000
changed-state shaping / ep. : 0.000
terminal shaping / episode  : 0.000
DFA transitions / episode   : 0.07
DFA transitions in window   : 0->1: 6, 1->2: 1
epsilon (next episode)       : 0.36781
replay buffer                : 300000 samples [0: 96.0%, 1: 3.9%, 2: 0.1%, 3: 0.0%]
DFA state visits in window   : 0: 41433, 1: 1299, 2: 227, 3: 0
DFA state visits cumulative  : 0: 515683, 1: 20303, 2: 345, 3: 0
DFA state entries in window  : 0: 100, 1: 6, 2: 1, 3: 0
DFA state entries cumulative : 0: 2500, 1: 182, 2: 3, 3: 0
transitions cumulative       : 0->1: 182, 1->2: 3
accepted directly from s0    : 0
Gym endings cumulative       : terminated=2458, truncated=42

Starting autonomous greedy evaluation at episode 2500 (1000 fixed-seed episodes)...
[Greedy evaluation at episode 2500 | 1000 fixed-seed episodes]
success=0.0%, failure=0.0%, task reward=0.000, cycles=0.000, length=610.8
DFA transitions: 0->1: 38

[Episode 2600/8000 | last 100]
success rate                : 0.0% (cumulative 0.0%)
failure rate                : 0.0% (cumulative 0.0%)
completed cycles / episode  : 0.000
synthetic task reward       : 0.000
shaping reward              : 0.000
learning reward             : 0.000
episode length              : 304.3
abstract changes / episode  : 20.3
same abstract-state steps   : 93.3%
same-state shaping / episode: 0.000
changed-state shaping / ep. : 0.000
terminal shaping / episode  : 0.000
DFA transitions / episode   : 0.10
DFA transitions in window   : 0->1: 10
epsilon (next episode)       : 0.35338
replay buffer                : 300000 samples [0: 95.8%, 1: 4.1%, 2: 0.1%, 3: 0.0%]
DFA state visits in window   : 0: 29281, 1: 1249, 2: 0, 3: 0
DFA state visits cumulative  : 0: 544964, 1: 21552, 2: 345, 3: 0
DFA state entries in window  : 0: 100, 1: 10, 2: 0, 3: 0
DFA state entries cumulative : 0: 2600, 1: 192, 2: 3, 3: 0
transitions cumulative       : 0->1: 192, 1->2: 3
accepted directly from s0    : 0
Gym endings cumulative       : terminated=2558, truncated=42

[Episode 2700/8000 | last 100]
success rate                : 0.0% (cumulative 0.0%)
failure rate                : 0.0% (cumulative 0.0%)
completed cycles / episode  : 0.000
synthetic task reward       : 0.000
shaping reward              : 0.000
learning reward             : 0.000
episode length              : 184.7
abstract changes / episode  : 14.9
same abstract-state steps   : 92.0%
same-state shaping / episode: 0.000
changed-state shaping / ep. : 0.000
terminal shaping / episode  : 0.000
DFA transitions / episode   : 0.11
DFA transitions in window   : 0->1: 11
epsilon (next episode)       : 0.33952
replay buffer                : 300000 samples [0: 95.6%, 1: 4.3%, 2: 0.1%, 3: 0.0%]
DFA state visits in window   : 0: 17816, 1: 751, 2: 0, 3: 0
DFA state visits cumulative  : 0: 562780, 1: 22303, 2: 345, 3: 0
DFA state entries in window  : 0: 100, 1: 11, 2: 0, 3: 0
DFA state entries cumulative : 0: 2700, 1: 203, 2: 3, 3: 0
transitions cumulative       : 0->1: 203, 1->2: 3
accepted directly from s0    : 0
Gym endings cumulative       : terminated=2658, truncated=42

[Episode 2800/8000 | last 100]
success rate                : 0.0% (cumulative 0.0%)
failure rate                : 0.0% (cumulative 0.0%)
completed cycles / episode  : 0.000
synthetic task reward       : 0.000
shaping reward              : 0.000
learning reward             : 0.000
episode length              : 158.8
abstract changes / episode  : 13.5
same abstract-state steps   : 91.5%
same-state shaping / episode: 0.000
changed-state shaping / ep. : 0.000
terminal shaping / episode  : 0.000
DFA transitions / episode   : 0.08
DFA transitions in window   : 0->1: 8
epsilon (next episode)       : 0.32621
replay buffer                : 300000 samples [0: 95.3%, 1: 4.6%, 2: 0.1%, 3: 0.0%]
DFA state visits in window   : 0: 14883, 1: 1093, 2: 0, 3: 0
DFA state visits cumulative  : 0: 577663, 1: 23396, 2: 345, 3: 0
DFA state entries in window  : 0: 100, 1: 8, 2: 0, 3: 0
DFA state entries cumulative : 0: 2800, 1: 211, 2: 3, 3: 0
transitions cumulative       : 0->1: 211, 1->2: 3
accepted directly from s0    : 0
Gym endings cumulative       : terminated=2758, truncated=42

[Episode 2900/8000 | last 100]
success rate                : 0.0% (cumulative 0.0%)
failure rate                : 0.0% (cumulative 0.0%)
completed cycles / episode  : 0.000
synthetic task reward       : 0.000
shaping reward              : 0.000
learning reward             : 0.000
episode length              : 229.1
abstract changes / episode  : 14.4
same abstract-state steps   : 93.7%
same-state shaping / episode: 0.000
changed-state shaping / ep. : 0.000
terminal shaping / episode  : 0.000
DFA transitions / episode   : 0.10
DFA transitions in window   : 0->1: 10
epsilon (next episode)       : 0.31341
replay buffer                : 300000 samples [0: 95.3%, 1: 4.6%, 2: 0.1%, 3: 0.0%]
DFA state visits in window   : 0: 21892, 1: 1122, 2: 0, 3: 0
DFA state visits cumulative  : 0: 599555, 1: 24518, 2: 345, 3: 0
DFA state entries in window  : 0: 100, 1: 10, 2: 0, 3: 0
DFA state entries cumulative : 0: 2900, 1: 221, 2: 3, 3: 0
transitions cumulative       : 0->1: 221, 1->2: 3
accepted directly from s0    : 0
Gym endings cumulative       : terminated=2858, truncated=42

[Episode 3000/8000 | last 100]
success rate                : 0.0% (cumulative 0.0%)
failure rate                : 0.0% (cumulative 0.0%)
completed cycles / episode  : 0.000
synthetic task reward       : 0.000
shaping reward              : 0.000
learning reward             : 0.000
episode length              : 295.0
abstract changes / episode  : 14.6
same abstract-state steps   : 95.1%
same-state shaping / episode: 0.000
changed-state shaping / ep. : 0.000
terminal shaping / episode  : 0.000
DFA transitions / episode   : 0.06
DFA transitions in window   : 0->1: 6
epsilon (next episode)       : 0.30112
replay buffer                : 300000 samples [0: 95.1%, 1: 4.8%, 2: 0.1%, 3: 0.0%]
DFA state visits in window   : 0: 28495, 1: 1106, 2: 0, 3: 0
DFA state visits cumulative  : 0: 628050, 1: 25624, 2: 345, 3: 0
DFA state entries in window  : 0: 100, 1: 6, 2: 0, 3: 0
DFA state entries cumulative : 0: 3000, 1: 227, 2: 3, 3: 0
transitions cumulative       : 0->1: 227, 1->2: 3
accepted directly from s0    : 0
Gym endings cumulative       : terminated=2958, truncated=42

Starting autonomous greedy evaluation at episode 3000 (1000 fixed-seed episodes)...
[Greedy evaluation at episode 3000 | 1000 fixed-seed episodes]
success=0.0%, failure=0.0%, task reward=0.000, cycles=0.000, length=138.0
DFA transitions: none

[Episode 3100/8000 | last 100]
success rate                : 0.0% (cumulative 0.0%)
failure rate                : 0.0% (cumulative 0.0%)
completed cycles / episode  : 0.000
synthetic task reward       : 0.000
shaping reward              : 0.000
learning reward             : 0.000
episode length              : 174.2
abstract changes / episode  : 12.1
same abstract-state steps   : 93.0%
same-state shaping / episode: 0.000
changed-state shaping / ep. : 0.000
terminal shaping / episode  : 0.000
DFA transitions / episode   : 0.04
DFA transitions in window   : 0->1: 4
epsilon (next episode)       : 0.28931
replay buffer                : 300000 samples [0: 95.1%, 1: 4.8%, 2: 0.1%, 3: 0.0%]
DFA state visits in window   : 0: 17332, 1: 191, 2: 0, 3: 0
DFA state visits cumulative  : 0: 645382, 1: 25815, 2: 345, 3: 0
DFA state entries in window  : 0: 100, 1: 4, 2: 0, 3: 0
DFA state entries cumulative : 0: 3100, 1: 231, 2: 3, 3: 0
transitions cumulative       : 0->1: 231, 1->2: 3
accepted directly from s0    : 0
Gym endings cumulative       : terminated=3058, truncated=42

[Episode 3200/8000 | last 100]
success rate                : 0.0% (cumulative 0.0%)
failure rate                : 0.0% (cumulative 0.0%)
completed cycles / episode  : 0.000
synthetic task reward       : 0.000
shaping reward              : 0.000
learning reward             : 0.000
episode length              : 116.2
abstract changes / episode  : 12.7
same abstract-state steps   : 89.0%
same-state shaping / episode: 0.000
changed-state shaping / ep. : 0.000
terminal shaping / episode  : 0.000
DFA transitions / episode   : 0.03
DFA transitions in window   : 0->1: 3
epsilon (next episode)       : 0.27797
replay buffer                : 300000 samples [0: 95.0%, 1: 4.8%, 2: 0.1%, 3: 0.0%]
DFA state visits in window   : 0: 11525, 1: 198, 2: 0, 3: 0
DFA state visits cumulative  : 0: 656907, 1: 26013, 2: 345, 3: 0
DFA state entries in window  : 0: 100, 1: 3, 2: 0, 3: 0
DFA state entries cumulative : 0: 3200, 1: 234, 2: 3, 3: 0
transitions cumulative       : 0->1: 234, 1->2: 3
accepted directly from s0    : 0
Gym endings cumulative       : terminated=3158, truncated=42

[Episode 3300/8000 | last 100]
success rate                : 0.0% (cumulative 0.0%)
failure rate                : 0.0% (cumulative 0.0%)
completed cycles / episode  : 0.000
synthetic task reward       : 0.000
shaping reward              : 0.000
learning reward             : 0.000
episode length              : 112.9
abstract changes / episode  : 13.0
same abstract-state steps   : 88.5%
same-state shaping / episode: 0.000
changed-state shaping / ep. : 0.000
terminal shaping / episode  : 0.000
DFA transitions / episode   : 0.07
DFA transitions in window   : 0->1: 7
epsilon (next episode)       : 0.26706
replay buffer                : 300000 samples [0: 94.9%, 1: 4.9%, 2: 0.1%, 3: 0.0%]
DFA state visits in window   : 0: 11085, 1: 308, 2: 0, 3: 0
DFA state visits cumulative  : 0: 667992, 1: 26321, 2: 345, 3: 0
DFA state entries in window  : 0: 100, 1: 7, 2: 0, 3: 0
DFA state entries cumulative : 0: 3300, 1: 241, 2: 3, 3: 0
transitions cumulative       : 0->1: 241, 1->2: 3
accepted directly from s0    : 0
Gym endings cumulative       : terminated=3257, truncated=43

[Episode 3400/8000 | last 100]
success rate                : 0.0% (cumulative 0.0%)
failure rate                : 0.0% (cumulative 0.0%)
completed cycles / episode  : 0.000
synthetic task reward       : 0.000
shaping reward              : 0.000
learning reward             : 0.000
episode length              : 89.6
abstract changes / episode  : 12.7
same abstract-state steps   : 85.8%
same-state shaping / episode: 0.000
changed-state shaping / ep. : 0.000
terminal shaping / episode  : 0.000
DFA transitions / episode   : 0.03
DFA transitions in window   : 0->1: 3
epsilon (next episode)       : 0.25659
replay buffer                : 300000 samples [0: 94.9%, 1: 5.0%, 2: 0.1%, 3: 0.0%]
DFA state visits in window   : 0: 8939, 1: 121, 2: 0, 3: 0
DFA state visits cumulative  : 0: 676931, 1: 26442, 2: 345, 3: 0
DFA state entries in window  : 0: 100, 1: 3, 2: 0, 3: 0
DFA state entries cumulative : 0: 3400, 1: 244, 2: 3, 3: 0
transitions cumulative       : 0->1: 244, 1->2: 3
accepted directly from s0    : 0
Gym endings cumulative       : terminated=3357, truncated=43

[Episode 3500/8000 | last 100]
success rate                : 0.0% (cumulative 0.0%)
failure rate                : 0.0% (cumulative 0.0%)
completed cycles / episode  : 0.000
synthetic task reward       : 0.000
shaping reward              : 0.000
learning reward             : 0.000
episode length              : 90.3
abstract changes / episode  : 12.6
same abstract-state steps   : 86.0%
same-state shaping / episode: 0.000
changed-state shaping / ep. : 0.000
terminal shaping / episode  : 0.000
DFA transitions / episode   : 0.06
DFA transitions in window   : 0->1: 6
epsilon (next episode)       : 0.24653
replay buffer                : 300000 samples [0: 94.9%, 1: 5.0%, 2: 0.1%, 3: 0.0%]
DFA state visits in window   : 0: 8862, 1: 270, 2: 0, 3: 0
DFA state visits cumulative  : 0: 685793, 1: 26712, 2: 345, 3: 0
DFA state entries in window  : 0: 100, 1: 6, 2: 0, 3: 0
DFA state entries cumulative : 0: 3500, 1: 250, 2: 3, 3: 0
transitions cumulative       : 0->1: 250, 1->2: 3
accepted directly from s0    : 0
Gym endings cumulative       : terminated=3457, truncated=43

Starting autonomous greedy evaluation at episode 3500 (1000 fixed-seed episodes)...
[Greedy evaluation at episode 3500 | 1000 fixed-seed episodes]
success=0.0%, failure=0.0%, task reward=0.000, cycles=0.000, length=67.4
DFA transitions: 0->1: 36
Best policy updated from autonomous greedy evaluation at episode 3500.

[Episode 3600/8000 | last 100]
success rate                : 0.0% (cumulative 0.0%)
failure rate                : 0.0% (cumulative 0.0%)
completed cycles / episode  : 0.000
synthetic task reward       : 0.000
shaping reward              : 0.000
learning reward             : 0.000
episode length              : 88.7
abstract changes / episode  : 12.9
same abstract-state steps   : 85.4%
same-state shaping / episode: 0.000
changed-state shaping / ep. : 0.000
terminal shaping / episode  : 0.000
DFA transitions / episode   : 0.03
DFA transitions in window   : 0->1: 3
epsilon (next episode)       : 0.23686
replay buffer                : 300000 samples [0: 94.9%, 1: 5.0%, 2: 0.1%, 3: 0.0%]
DFA state visits in window   : 0: 8827, 1: 145, 2: 0, 3: 0
DFA state visits cumulative  : 0: 694620, 1: 26857, 2: 345, 3: 0
DFA state entries in window  : 0: 100, 1: 3, 2: 0, 3: 0
DFA state entries cumulative : 0: 3600, 1: 253, 2: 3, 3: 0
transitions cumulative       : 0->1: 253, 1->2: 3
accepted directly from s0    : 0
Gym endings cumulative       : terminated=3557, truncated=43

[Episode 3700/8000 | last 100]
success rate                : 0.0% (cumulative 0.0%)
failure rate                : 0.0% (cumulative 0.0%)
completed cycles / episode  : 0.000
synthetic task reward       : 0.000
shaping reward              : 0.000
learning reward             : 0.000
episode length              : 89.7
abstract changes / episode  : 12.6
same abstract-state steps   : 85.9%
same-state shaping / episode: 0.000
changed-state shaping / ep. : 0.000
terminal shaping / episode  : 0.000
DFA transitions / episode   : 0.03
DFA transitions in window   : 0->1: 3
epsilon (next episode)       : 0.22757
replay buffer                : 300000 samples [0: 94.9%, 1: 5.0%, 2: 0.1%, 3: 0.0%]
DFA state visits in window   : 0: 8945, 1: 120, 2: 0, 3: 0
DFA state visits cumulative  : 0: 703565, 1: 26977, 2: 345, 3: 0
DFA state entries in window  : 0: 100, 1: 3, 2: 0, 3: 0
DFA state entries cumulative : 0: 3700, 1: 256, 2: 3, 3: 0
transitions cumulative       : 0->1: 256, 1->2: 3
accepted directly from s0    : 0
Gym endings cumulative       : terminated=3657, truncated=43

[Episode 3800/8000 | last 100]
success rate                : 0.0% (cumulative 0.0%)
failure rate                : 0.0% (cumulative 0.0%)
completed cycles / episode  : 0.000
synthetic task reward       : 0.000
shaping reward              : 0.000
learning reward             : 0.000
episode length              : 88.0
abstract changes / episode  : 12.6
same abstract-state steps   : 85.7%
same-state shaping / episode: 0.000
changed-state shaping / ep. : 0.000
terminal shaping / episode  : 0.000
DFA transitions / episode   : 0.04
DFA transitions in window   : 0->1: 4
epsilon (next episode)       : 0.21865
replay buffer                : 300000 samples [0: 94.9%, 1: 5.0%, 2: 0.1%, 3: 0.0%]
DFA state visits in window   : 0: 8714, 1: 189, 2: 0, 3: 0
DFA state visits cumulative  : 0: 712279, 1: 27166, 2: 345, 3: 0
DFA state entries in window  : 0: 100, 1: 4, 2: 0, 3: 0
DFA state entries cumulative : 0: 3800, 1: 260, 2: 3, 3: 0
transitions cumulative       : 0->1: 260, 1->2: 3
accepted directly from s0    : 0
Gym endings cumulative       : terminated=3757, truncated=43

[Episode 3900/8000 | last 100]
success rate                : 0.0% (cumulative 0.0%)
failure rate                : 0.0% (cumulative 0.0%)
completed cycles / episode  : 0.000
synthetic task reward       : 0.000
shaping reward              : 0.000
learning reward             : 0.000
episode length              : 88.5
abstract changes / episode  : 12.7
same abstract-state steps   : 85.6%
same-state shaping / episode: 0.000
changed-state shaping / ep. : 0.000
terminal shaping / episode  : 0.000
DFA transitions / episode   : 0.05
DFA transitions in window   : 0->1: 5
epsilon (next episode)       : 0.21007
replay buffer                : 300000 samples [0: 94.9%, 1: 5.0%, 2: 0.1%, 3: 0.0%]
DFA state visits in window   : 0: 8758, 1: 192, 2: 0, 3: 0
DFA state visits cumulative  : 0: 721037, 1: 27358, 2: 345, 3: 0
DFA state entries in window  : 0: 100, 1: 5, 2: 0, 3: 0
DFA state entries cumulative : 0: 3900, 1: 265, 2: 3, 3: 0
transitions cumulative       : 0->1: 265, 1->2: 3
accepted directly from s0    : 0
Gym endings cumulative       : terminated=3857, truncated=43

[Episode 4000/8000 | last 100]
success rate                : 0.0% (cumulative 0.0%)
failure rate                : 0.0% (cumulative 0.0%)
completed cycles / episode  : 0.000
synthetic task reward       : 0.000
shaping reward              : 0.000
learning reward             : 0.000
episode length              : 92.3
abstract changes / episode  : 12.9
same abstract-state steps   : 86.0%
same-state shaping / episode: 0.000
changed-state shaping / ep. : 0.000
terminal shaping / episode  : 0.000
DFA transitions / episode   : 0.05
DFA transitions in window   : 0->1: 5
epsilon (next episode)       : 0.20183
replay buffer                : 300000 samples [0: 95.2%, 1: 4.8%, 2: 0.1%, 3: 0.0%]
DFA state visits in window   : 0: 9140, 1: 190, 2: 0, 3: 0
DFA state visits cumulative  : 0: 730177, 1: 27548, 2: 345, 3: 0
DFA state entries in window  : 0: 100, 1: 5, 2: 0, 3: 0
DFA state entries cumulative : 0: 4000, 1: 270, 2: 3, 3: 0
transitions cumulative       : 0->1: 270, 1->2: 3
accepted directly from s0    : 0
Gym endings cumulative       : terminated=3957, truncated=43

Starting autonomous greedy evaluation at episode 4000 (1000 fixed-seed episodes)...
[Greedy evaluation at episode 4000 | 1000 fixed-seed episodes]
success=0.0%, failure=0.0%, task reward=0.000, cycles=0.000, length=63.8
DFA transitions: none
Best policy updated from autonomous greedy evaluation at episode 4000.

[Episode 4100/8000 | last 100]
success rate                : 0.0% (cumulative 0.0%)
failure rate                : 0.0% (cumulative 0.0%)
completed cycles / episode  : 0.000
synthetic task reward       : 0.000
shaping reward              : 0.000
learning reward             : 0.000
episode length              : 86.7
abstract changes / episode  : 12.7
same abstract-state steps   : 85.4%
same-state shaping / episode: 0.000
changed-state shaping / ep. : 0.000
terminal shaping / episode  : 0.000
DFA transitions / episode   : 0.05
DFA transitions in window   : 0->1: 5
epsilon (next episode)       : 0.19392
replay buffer                : 300000 samples [0: 95.7%, 1: 4.2%, 2: 0.1%, 3: 0.0%]
DFA state visits in window   : 0: 8541, 1: 229, 2: 0, 3: 0
DFA state visits cumulative  : 0: 738718, 1: 27777, 2: 345, 3: 0
DFA state entries in window  : 0: 100, 1: 5, 2: 0, 3: 0
DFA state entries cumulative : 0: 4100, 1: 275, 2: 3, 3: 0
transitions cumulative       : 0->1: 275, 1->2: 3
accepted directly from s0    : 0
Gym endings cumulative       : terminated=4057, truncated=43

[Episode 4200/8000 | last 100]
success rate                : 0.0% (cumulative 0.0%)
failure rate                : 0.0% (cumulative 0.0%)
completed cycles / episode  : 0.000
synthetic task reward       : 0.000
shaping reward              : 0.000
learning reward             : 0.000
episode length              : 89.9
abstract changes / episode  : 13.0
same abstract-state steps   : 85.6%
same-state shaping / episode: 0.000
changed-state shaping / ep. : 0.000
terminal shaping / episode  : 0.000
DFA transitions / episode   : 0.08
DFA transitions in window   : 0->1: 8
epsilon (next episode)       : 0.18631
replay buffer                : 300000 samples [0: 96.3%, 1: 3.6%, 2: 0.1%, 3: 0.0%]
DFA state visits in window   : 0: 8712, 1: 379, 2: 0, 3: 0
DFA state visits cumulative  : 0: 747430, 1: 28156, 2: 345, 3: 0
DFA state entries in window  : 0: 100, 1: 8, 2: 0, 3: 0
DFA state entries cumulative : 0: 4200, 1: 283, 2: 3, 3: 0
transitions cumulative       : 0->1: 283, 1->2: 3
accepted directly from s0    : 0
Gym endings cumulative       : terminated=4157, truncated=43

[Episode 4300/8000 | last 100]
success rate                : 0.0% (cumulative 0.0%)
failure rate                : 0.0% (cumulative 0.0%)
completed cycles / episode  : 0.000
synthetic task reward       : 0.000
shaping reward              : 0.000
learning reward             : 0.000
episode length              : 86.5
abstract changes / episode  : 12.9
same abstract-state steps   : 85.1%
same-state shaping / episode: 0.000
changed-state shaping / ep. : 0.000
terminal shaping / episode  : 0.000
DFA transitions / episode   : 0.03
DFA transitions in window   : 0->1: 3
epsilon (next episode)       : 0.17900
replay buffer                : 300000 samples [0: 96.7%, 1: 3.2%, 2: 0.1%, 3: 0.0%]
DFA state visits in window   : 0: 8624, 1: 123, 2: 0, 3: 0
DFA state visits cumulative  : 0: 756054, 1: 28279, 2: 345, 3: 0
DFA state entries in window  : 0: 100, 1: 3, 2: 0, 3: 0
DFA state entries cumulative : 0: 4300, 1: 286, 2: 3, 3: 0
transitions cumulative       : 0->1: 286, 1->2: 3
accepted directly from s0    : 0
Gym endings cumulative       : terminated=4257, truncated=43

[Episode 4400/8000 | last 100]
success rate                : 0.0% (cumulative 0.0%)
failure rate                : 0.0% (cumulative 0.0%)
completed cycles / episode  : 0.000
synthetic task reward       : 0.000
shaping reward              : 0.000
learning reward             : 0.000
episode length              : 87.9
abstract changes / episode  : 12.7
same abstract-state steps   : 85.5%
same-state shaping / episode: 0.000
changed-state shaping / ep. : 0.000
terminal shaping / episode  : 0.000
DFA transitions / episode   : 0.05
DFA transitions in window   : 0->1: 5
epsilon (next episode)       : 0.17198
replay buffer                : 300000 samples [0: 96.8%, 1: 3.1%, 2: 0.1%, 3: 0.0%]
DFA state visits in window   : 0: 8670, 1: 218, 2: 0, 3: 0
DFA state visits cumulative  : 0: 764724, 1: 28497, 2: 345, 3: 0
DFA state entries in window  : 0: 100, 1: 5, 2: 0, 3: 0
DFA state entries cumulative : 0: 4400, 1: 291, 2: 3, 3: 0
transitions cumulative       : 0->1: 291, 1->2: 3
accepted directly from s0    : 0
Gym endings cumulative       : terminated=4357, truncated=43

[Episode 4500/8000 | last 100]
success rate                : 0.0% (cumulative 0.0%)
failure rate                : 0.0% (cumulative 0.0%)
completed cycles / episode  : 0.000
synthetic task reward       : 0.000
shaping reward              : 0.000
learning reward             : 0.000
episode length              : 86.3
abstract changes / episode  : 12.4
same abstract-state steps   : 85.7%
same-state shaping / episode: 0.000
changed-state shaping / ep. : 0.000
terminal shaping / episode  : 0.000
DFA transitions / episode   : 0.01
DFA transitions in window   : 0->1: 1
epsilon (next episode)       : 0.16524
replay buffer                : 300000 samples [0: 97.1%, 1: 2.9%, 2: 0.0%, 3: 0.0%]
DFA state visits in window   : 0: 8700, 1: 35, 2: 0, 3: 0
DFA state visits cumulative  : 0: 773424, 1: 28532, 2: 345, 3: 0
DFA state entries in window  : 0: 100, 1: 1, 2: 0, 3: 0
DFA state entries cumulative : 0: 4500, 1: 292, 2: 3, 3: 0
transitions cumulative       : 0->1: 292, 1->2: 3
accepted directly from s0    : 0
Gym endings cumulative       : terminated=4457, truncated=43

Starting autonomous greedy evaluation at episode 4500 (1000 fixed-seed episodes)...
[Greedy evaluation at episode 4500 | 1000 fixed-seed episodes]
success=0.0%, failure=0.0%, task reward=0.000, cycles=0.000, length=70.6
DFA transitions: 0->1: 9

[Episode 4600/8000 | last 100]
success rate                : 0.0% (cumulative 0.0%)
failure rate                : 0.0% (cumulative 0.0%)
completed cycles / episode  : 0.000
synthetic task reward       : 0.000
shaping reward              : 0.000
learning reward             : 0.000
episode length              : 86.5
abstract changes / episode  : 12.8
same abstract-state steps   : 85.2%
same-state shaping / episode: 0.000
changed-state shaping / ep. : 0.000
terminal shaping / episode  : 0.000
DFA transitions / episode   : 0.04
DFA transitions in window   : 0->1: 4
epsilon (next episode)       : 0.15876
replay buffer                : 300000 samples [0: 97.0%, 1: 3.0%, 2: 0.0%, 3: 0.0%]
DFA state visits in window   : 0: 8575, 1: 172, 2: 0, 3: 0
DFA state visits cumulative  : 0: 781999, 1: 28704, 2: 345, 3: 0
DFA state entries in window  : 0: 100, 1: 4, 2: 0, 3: 0
DFA state entries cumulative : 0: 4600, 1: 296, 2: 3, 3: 0
transitions cumulative       : 0->1: 296, 1->2: 3
accepted directly from s0    : 0
Gym endings cumulative       : terminated=4557, truncated=43

[Episode 4700/8000 | last 100]
success rate                : 0.0% (cumulative 0.0%)
failure rate                : 0.0% (cumulative 0.0%)
completed cycles / episode  : 0.000
synthetic task reward       : 0.000
shaping reward              : 0.000
learning reward             : 0.000
episode length              : 89.5
abstract changes / episode  : 12.8
same abstract-state steps   : 85.7%
same-state shaping / episode: 0.000
changed-state shaping / ep. : 0.000
terminal shaping / episode  : 0.000
DFA transitions / episode   : 0.08
DFA transitions in window   : 0->1: 8
epsilon (next episode)       : 0.15253
replay buffer                : 300000 samples [0: 97.0%, 1: 3.0%, 2: 0.0%, 3: 0.0%]
DFA state visits in window   : 0: 8712, 1: 334, 2: 0, 3: 0
DFA state visits cumulative  : 0: 790711, 1: 29038, 2: 345, 3: 0
DFA state entries in window  : 0: 100, 1: 8, 2: 0, 3: 0
DFA state entries cumulative : 0: 4700, 1: 304, 2: 3, 3: 0
transitions cumulative       : 0->1: 304, 1->2: 3
accepted directly from s0    : 0
Gym endings cumulative       : terminated=4657, truncated=43

[Episode 4800/8000 | last 100]
success rate                : 0.0% (cumulative 0.0%)
failure rate                : 0.0% (cumulative 0.0%)
completed cycles / episode  : 0.000
synthetic task reward       : 0.000
shaping reward              : 0.000
learning reward             : 0.000
episode length              : 94.1
abstract changes / episode  : 12.7
same abstract-state steps   : 86.5%
same-state shaping / episode: 0.000
changed-state shaping / ep. : 0.000
terminal shaping / episode  : 0.000
DFA transitions / episode   : 0.04
DFA transitions in window   : 0->1: 4
epsilon (next episode)       : 0.14655
replay buffer                : 300000 samples [0: 97.1%, 1: 2.9%, 2: 0.0%, 3: 0.0%]
DFA state visits in window   : 0: 9315, 1: 196, 2: 0, 3: 0
DFA state visits cumulative  : 0: 800026, 1: 29234, 2: 345, 3: 0
DFA state entries in window  : 0: 100, 1: 4, 2: 0, 3: 0
DFA state entries cumulative : 0: 4800, 1: 308, 2: 3, 3: 0
transitions cumulative       : 0->1: 308, 1->2: 3
accepted directly from s0    : 0
Gym endings cumulative       : terminated=4757, truncated=43

[Episode 4900/8000 | last 100]
success rate                : 0.0% (cumulative 0.0%)
failure rate                : 0.0% (cumulative 0.0%)
completed cycles / episode  : 0.000
synthetic task reward       : 0.000
shaping reward              : 0.000
learning reward             : 0.000
episode length              : 91.9
abstract changes / episode  : 12.5
same abstract-state steps   : 86.4%
same-state shaping / episode: 0.000
changed-state shaping / ep. : 0.000
terminal shaping / episode  : 0.000
DFA transitions / episode   : 0.03
DFA transitions in window   : 0->1: 3
epsilon (next episode)       : 0.14080
replay buffer                : 300000 samples [0: 97.0%, 1: 3.0%, 2: 0.0%, 3: 0.0%]
DFA state visits in window   : 0: 9172, 1: 122, 2: 0, 3: 0
DFA state visits cumulative  : 0: 809198, 1: 29356, 2: 345, 3: 0
DFA state entries in window  : 0: 100, 1: 3, 2: 0, 3: 0
DFA state entries cumulative : 0: 4900, 1: 311, 2: 3, 3: 0
transitions cumulative       : 0->1: 311, 1->2: 3
accepted directly from s0    : 0
Gym endings cumulative       : terminated=4857, truncated=43

[Episode 5000/8000 | last 100]
success rate                : 0.0% (cumulative 0.0%)
failure rate                : 0.0% (cumulative 0.0%)
completed cycles / episode  : 0.000
synthetic task reward       : 0.000
shaping reward              : 0.000
learning reward             : 0.000
episode length              : 89.2
abstract changes / episode  : 12.7
same abstract-state steps   : 85.8%
same-state shaping / episode: 0.000
changed-state shaping / ep. : 0.000
terminal shaping / episode  : 0.000
DFA transitions / episode   : 0.07
DFA transitions in window   : 0->1: 7
epsilon (next episode)       : 0.13528
replay buffer                : 300000 samples [0: 97.0%, 1: 3.0%, 2: 0.0%, 3: 0.0%]
DFA state visits in window   : 0: 8713, 1: 304, 2: 0, 3: 0
DFA state visits cumulative  : 0: 817911, 1: 29660, 2: 345, 3: 0
DFA state entries in window  : 0: 100, 1: 7, 2: 0, 3: 0
DFA state entries cumulative : 0: 5000, 1: 318, 2: 3, 3: 0
transitions cumulative       : 0->1: 318, 1->2: 3
accepted directly from s0    : 0
Gym endings cumulative       : terminated=4957, truncated=43

Starting autonomous greedy evaluation at episode 5000 (1000 fixed-seed episodes)...
[Greedy evaluation at episode 5000 | 1000 fixed-seed episodes]
success=0.0%, failure=0.0%, task reward=0.000, cycles=0.000, length=131.6
DFA transitions: none

[Episode 5100/8000 | last 100]
success rate                : 0.0% (cumulative 0.0%)
failure rate                : 0.0% (cumulative 0.0%)
completed cycles / episode  : 0.000
synthetic task reward       : 0.000
shaping reward              : 0.000
learning reward             : 0.000
episode length              : 93.8
abstract changes / episode  : 12.8
same abstract-state steps   : 86.3%
same-state shaping / episode: 0.000
changed-state shaping / ep. : 0.000
terminal shaping / episode  : 0.000
DFA transitions / episode   : 0.04
DFA transitions in window   : 0->1: 4
epsilon (next episode)       : 0.12998
replay buffer                : 300000 samples [0: 97.2%, 1: 2.8%, 2: 0.0%, 3: 0.0%]
DFA state visits in window   : 0: 9323, 1: 154, 2: 0, 3: 0
DFA state visits cumulative  : 0: 827234, 1: 29814, 2: 345, 3: 0
DFA state entries in window  : 0: 100, 1: 4, 2: 0, 3: 0
DFA state entries cumulative : 0: 5100, 1: 322, 2: 3, 3: 0
transitions cumulative       : 0->1: 322, 1->2: 3
accepted directly from s0    : 0
Gym endings cumulative       : terminated=5057, truncated=43

[Episode 5200/8000 | last 100]
success rate                : 0.0% (cumulative 0.0%)
failure rate                : 0.0% (cumulative 0.0%)
completed cycles / episode  : 0.000
synthetic task reward       : 0.000
shaping reward              : 0.000
learning reward             : 0.000
episode length              : 91.5
abstract changes / episode  : 12.7
same abstract-state steps   : 86.2%
same-state shaping / episode: 0.000
changed-state shaping / ep. : 0.000
terminal shaping / episode  : 0.000
DFA transitions / episode   : 0.12
DFA transitions in window   : 0->1: 12
epsilon (next episode)       : 0.12488
replay buffer                : 300000 samples [0: 97.1%, 1: 2.9%, 2: 0.0%, 3: 0.0%]
DFA state visits in window   : 0: 8736, 1: 519, 2: 0, 3: 0
DFA state visits cumulative  : 0: 835970, 1: 30333, 2: 345, 3: 0
DFA state entries in window  : 0: 100, 1: 12, 2: 0, 3: 0
DFA state entries cumulative : 0: 5200, 1: 334, 2: 3, 3: 0
transitions cumulative       : 0->1: 334, 1->2: 3
accepted directly from s0    : 0
Gym endings cumulative       : terminated=5157, truncated=43

[Episode 5300/8000 | last 100]
success rate                : 0.0% (cumulative 0.0%)
failure rate                : 0.0% (cumulative 0.0%)
completed cycles / episode  : 0.000
synthetic task reward       : 0.000
shaping reward              : 0.000
learning reward             : 0.000
episode length              : 91.6
abstract changes / episode  : 12.7
same abstract-state steps   : 86.1%
same-state shaping / episode: 0.000
changed-state shaping / ep. : 0.000
terminal shaping / episode  : 0.000
DFA transitions / episode   : 0.04
DFA transitions in window   : 0->1: 4
epsilon (next episode)       : 0.11998
replay buffer                : 300000 samples [0: 97.2%, 1: 2.8%, 2: 0.0%, 3: 0.0%]
DFA state visits in window   : 0: 9082, 1: 175, 2: 0, 3: 0
DFA state visits cumulative  : 0: 845052, 1: 30508, 2: 345, 3: 0
DFA state entries in window  : 0: 100, 1: 4, 2: 0, 3: 0
DFA state entries cumulative : 0: 5300, 1: 338, 2: 3, 3: 0
transitions cumulative       : 0->1: 338, 1->2: 3
accepted directly from s0    : 0
Gym endings cumulative       : terminated=5257, truncated=43

[Episode 5400/8000 | last 100]
success rate                : 0.0% (cumulative 0.0%)
failure rate                : 0.0% (cumulative 0.0%)
completed cycles / episode  : 0.000
synthetic task reward       : 0.000
shaping reward              : 0.000
learning reward             : 0.000
episode length              : 104.8
abstract changes / episode  : 12.8
same abstract-state steps   : 87.8%
same-state shaping / episode: 0.000
changed-state shaping / ep. : 0.000
terminal shaping / episode  : 0.000
DFA transitions / episode   : 0.08
DFA transitions in window   : 0->1: 8
epsilon (next episode)       : 0.11528
replay buffer                : 300000 samples [0: 97.2%, 1: 2.8%, 2: 0.0%, 3: 0.0%]
DFA state visits in window   : 0: 10255, 1: 330, 2: 0, 3: 0
DFA state visits cumulative  : 0: 855307, 1: 30838, 2: 345, 3: 0
DFA state entries in window  : 0: 100, 1: 8, 2: 0, 3: 0
DFA state entries cumulative : 0: 5400, 1: 346, 2: 3, 3: 0
transitions cumulative       : 0->1: 346, 1->2: 3
accepted directly from s0    : 0
Gym endings cumulative       : terminated=5356, truncated=44

[Episode 5500/8000 | last 100]
success rate                : 0.0% (cumulative 0.0%)
failure rate                : 0.0% (cumulative 0.0%)
completed cycles / episode  : 0.000
synthetic task reward       : 0.000
shaping reward              : 0.000
learning reward             : 0.000
episode length              : 91.9
abstract changes / episode  : 13.0
same abstract-state steps   : 85.8%
same-state shaping / episode: 0.000
changed-state shaping / ep. : 0.000
terminal shaping / episode  : 0.000
DFA transitions / episode   : 0.10
DFA transitions in window   : 0->1: 10
epsilon (next episode)       : 0.11075
replay buffer                : 300000 samples [0: 97.4%, 1: 2.6%, 2: 0.0%, 3: 0.0%]
DFA state visits in window   : 0: 8866, 1: 420, 2: 0, 3: 0
DFA state visits cumulative  : 0: 864173, 1: 31258, 2: 345, 3: 0
DFA state entries in window  : 0: 100, 1: 10, 2: 0, 3: 0
DFA state entries cumulative : 0: 5500, 1: 356, 2: 3, 3: 0
transitions cumulative       : 0->1: 356, 1->2: 3
accepted directly from s0    : 0
Gym endings cumulative       : terminated=5456, truncated=44

Starting autonomous greedy evaluation at episode 5500 (1000 fixed-seed episodes)...
[Greedy evaluation at episode 5500 | 1000 fixed-seed episodes]
success=0.0%, failure=0.0%, task reward=0.000, cycles=0.000, length=67.8
DFA transitions: 0->1: 32

[Episode 5600/8000 | last 100]
success rate                : 0.0% (cumulative 0.0%)
failure rate                : 0.0% (cumulative 0.0%)
completed cycles / episode  : 0.000
synthetic task reward       : 0.000
shaping reward              : 0.000
learning reward             : 0.000
episode length              : 89.1
abstract changes / episode  : 12.7
same abstract-state steps   : 85.8%
same-state shaping / episode: 0.000
changed-state shaping / ep. : 0.000
terminal shaping / episode  : 0.000
DFA transitions / episode   : 0.04
DFA transitions in window   : 0->1: 4
epsilon (next episode)       : 0.10641
replay buffer                : 300000 samples [0: 97.4%, 1: 2.6%, 2: 0.0%, 3: 0.0%]
DFA state visits in window   : 0: 8832, 1: 180, 2: 0, 3: 0
DFA state visits cumulative  : 0: 873005, 1: 31438, 2: 345, 3: 0
DFA state entries in window  : 0: 100, 1: 4, 2: 0, 3: 0
DFA state entries cumulative : 0: 5600, 1: 360, 2: 3, 3: 0
transitions cumulative       : 0->1: 360, 1->2: 3
accepted directly from s0    : 0
Gym endings cumulative       : terminated=5556, truncated=44

[Episode 5700/8000 | last 100]
success rate                : 0.0% (cumulative 0.0%)
failure rate                : 0.0% (cumulative 0.0%)
completed cycles / episode  : 0.000
synthetic task reward       : 0.000
shaping reward              : 0.000
learning reward             : 0.000
episode length              : 93.4
abstract changes / episode  : 12.7
same abstract-state steps   : 86.4%
same-state shaping / episode: 0.000
changed-state shaping / ep. : 0.000
terminal shaping / episode  : 0.000
DFA transitions / episode   : 0.03
DFA transitions in window   : 0->1: 3
epsilon (next episode)       : 0.10224
replay buffer                : 300000 samples [0: 97.6%, 1: 2.4%, 2: 0.0%, 3: 0.0%]
DFA state visits in window   : 0: 9304, 1: 136, 2: 0, 3: 0
DFA state visits cumulative  : 0: 882309, 1: 31574, 2: 345, 3: 0
DFA state entries in window  : 0: 100, 1: 3, 2: 0, 3: 0
DFA state entries cumulative : 0: 5700, 1: 363, 2: 3, 3: 0
transitions cumulative       : 0->1: 363, 1->2: 3
accepted directly from s0    : 0
Gym endings cumulative       : terminated=5656, truncated=44

[Episode 5800/8000 | last 100]
success rate                : 0.0% (cumulative 0.0%)
failure rate                : 0.0% (cumulative 0.0%)
completed cycles / episode  : 0.000
synthetic task reward       : 0.000
shaping reward              : 0.000
learning reward             : 0.000
episode length              : 105.9
abstract changes / episode  : 12.6
same abstract-state steps   : 88.1%
same-state shaping / episode: 0.000
changed-state shaping / ep. : 0.000
terminal shaping / episode  : 0.000
DFA transitions / episode   : 0.03
DFA transitions in window   : 0->1: 3
epsilon (next episode)       : 0.09823
replay buffer                : 300000 samples [0: 97.7%, 1: 2.3%, 2: 0.0%, 3: 0.0%]
DFA state visits in window   : 0: 10570, 1: 119, 2: 0, 3: 0
DFA state visits cumulative  : 0: 892879, 1: 31693, 2: 345, 3: 0
DFA state entries in window  : 0: 100, 1: 3, 2: 0, 3: 0
DFA state entries cumulative : 0: 5800, 1: 366, 2: 3, 3: 0
transitions cumulative       : 0->1: 366, 1->2: 3
accepted directly from s0    : 0
Gym endings cumulative       : terminated=5755, truncated=45

[Episode 5900/8000 | last 100]
success rate                : 0.0% (cumulative 0.0%)
failure rate                : 0.0% (cumulative 0.0%)
completed cycles / episode  : 0.000
synthetic task reward       : 0.000
shaping reward              : 0.000
learning reward             : 0.000
episode length              : 85.9
abstract changes / episode  : 12.6
same abstract-state steps   : 85.3%
same-state shaping / episode: 0.000
changed-state shaping / ep. : 0.000
terminal shaping / episode  : 0.000
DFA transitions / episode   : 0.02
DFA transitions in window   : 0->1: 2
epsilon (next episode)       : 0.09438
replay buffer                : 300000 samples [0: 97.6%, 1: 2.4%, 2: 0.0%, 3: 0.0%]
DFA state visits in window   : 0: 8606, 1: 85, 2: 0, 3: 0
DFA state visits cumulative  : 0: 901485, 1: 31778, 2: 345, 3: 0
DFA state entries in window  : 0: 100, 1: 2, 2: 0, 3: 0
DFA state entries cumulative : 0: 5900, 1: 368, 2: 3, 3: 0
transitions cumulative       : 0->1: 368, 1->2: 3
accepted directly from s0    : 0
Gym endings cumulative       : terminated=5855, truncated=45

[Episode 6000/8000 | last 100]
success rate                : 0.0% (cumulative 0.0%)
failure rate                : 0.0% (cumulative 0.0%)
completed cycles / episode  : 0.000
synthetic task reward       : 0.000
shaping reward              : 0.000
learning reward             : 0.000
episode length              : 90.4
abstract changes / episode  : 12.6
same abstract-state steps   : 86.1%
same-state shaping / episode: 0.000
changed-state shaping / ep. : 0.000
terminal shaping / episode  : 0.000
DFA transitions / episode   : 0.03
DFA transitions in window   : 0->1: 3
epsilon (next episode)       : 0.09067
replay buffer                : 300000 samples [0: 97.9%, 1: 2.1%, 2: 0.0%, 3: 0.0%]
DFA state visits in window   : 0: 9038, 1: 102, 2: 0, 3: 0
DFA state visits cumulative  : 0: 910523, 1: 31880, 2: 345, 3: 0
DFA state entries in window  : 0: 100, 1: 3, 2: 0, 3: 0
DFA state entries cumulative : 0: 6000, 1: 371, 2: 3, 3: 0
transitions cumulative       : 0->1: 371, 1->2: 3
accepted directly from s0    : 0
Gym endings cumulative       : terminated=5955, truncated=45

Starting autonomous greedy evaluation at episode 6000 (1000 fixed-seed episodes)...
[Greedy evaluation at episode 6000 | 1000 fixed-seed episodes]
success=0.0%, failure=0.0%, task reward=0.000, cycles=0.000, length=67.4
DFA transitions: none

[Episode 6100/8000 | last 100]
success rate                : 0.0% (cumulative 0.0%)
failure rate                : 0.0% (cumulative 0.0%)
completed cycles / episode  : 0.000
synthetic task reward       : 0.000
shaping reward              : 0.000
learning reward             : 0.000
episode length              : 90.3
abstract changes / episode  : 12.9
same abstract-state steps   : 85.7%
same-state shaping / episode: 0.000
changed-state shaping / ep. : 0.000
terminal shaping / episode  : 0.000
DFA transitions / episode   : 0.08
DFA transitions in window   : 0->1: 8
epsilon (next episode)       : 0.08712
replay buffer                : 300000 samples [0: 97.8%, 1: 2.2%, 2: 0.0%, 3: 0.0%]
DFA state visits in window   : 0: 8767, 1: 361, 2: 0, 3: 0
DFA state visits cumulative  : 0: 919290, 1: 32241, 2: 345, 3: 0
DFA state entries in window  : 0: 100, 1: 8, 2: 0, 3: 0
DFA state entries cumulative : 0: 6100, 1: 379, 2: 3, 3: 0
transitions cumulative       : 0->1: 379, 1->2: 3
accepted directly from s0    : 0
Gym endings cumulative       : terminated=6055, truncated=45

[Episode 6200/8000 | last 100]
success rate                : 0.0% (cumulative 0.0%)
failure rate                : 0.0% (cumulative 0.0%)
completed cycles / episode  : 0.000
synthetic task reward       : 0.000
shaping reward              : 0.000
learning reward             : 0.000
episode length              : 88.9
abstract changes / episode  : 12.8
same abstract-state steps   : 85.5%
same-state shaping / episode: 0.000
changed-state shaping / ep. : 0.000
terminal shaping / episode  : 0.000
DFA transitions / episode   : 0.07
DFA transitions in window   : 0->1: 7
epsilon (next episode)       : 0.08370
replay buffer                : 300000 samples [0: 97.8%, 1: 2.2%, 2: 0.0%, 3: 0.0%]
DFA state visits in window   : 0: 8673, 1: 315, 2: 0, 3: 0
DFA state visits cumulative  : 0: 927963, 1: 32556, 2: 345, 3: 0
DFA state entries in window  : 0: 100, 1: 7, 2: 0, 3: 0
DFA state entries cumulative : 0: 6200, 1: 386, 2: 3, 3: 0
transitions cumulative       : 0->1: 386, 1->2: 3
accepted directly from s0    : 0
Gym endings cumulative       : terminated=6155, truncated=45

[Episode 6300/8000 | last 100]
success rate                : 0.0% (cumulative 0.0%)
failure rate                : 0.0% (cumulative 0.0%)
completed cycles / episode  : 0.000
synthetic task reward       : 0.000
shaping reward              : 0.000
learning reward             : 0.000
episode length              : 104.3
abstract changes / episode  : 12.7
same abstract-state steps   : 87.8%
same-state shaping / episode: 0.000
changed-state shaping / ep. : 0.000
terminal shaping / episode  : 0.000
DFA transitions / episode   : 0.06
DFA transitions in window   : 0->1: 6
epsilon (next episode)       : 0.08042
replay buffer                : 300000 samples [0: 97.7%, 1: 2.3%, 2: 0.0%, 3: 0.0%]
DFA state visits in window   : 0: 10264, 1: 262, 2: 0, 3: 0
DFA state visits cumulative  : 0: 938227, 1: 32818, 2: 345, 3: 0
DFA state entries in window  : 0: 100, 1: 6, 2: 0, 3: 0
DFA state entries cumulative : 0: 6300, 1: 392, 2: 3, 3: 0
transitions cumulative       : 0->1: 392, 1->2: 3
accepted directly from s0    : 0
Gym endings cumulative       : terminated=6254, truncated=46

[Episode 6400/8000 | last 100]
success rate                : 0.0% (cumulative 0.0%)
failure rate                : 0.0% (cumulative 0.0%)
completed cycles / episode  : 0.000
synthetic task reward       : 0.000
shaping reward              : 0.000
learning reward             : 0.000
episode length              : 90.0
abstract changes / episode  : 13.0
same abstract-state steps   : 85.6%
same-state shaping / episode: 0.000
changed-state shaping / ep. : 0.000
terminal shaping / episode  : 0.000
DFA transitions / episode   : 0.04
DFA transitions in window   : 0->1: 4
epsilon (next episode)       : 0.07727
replay buffer                : 300000 samples [0: 97.7%, 1: 2.3%, 2: 0.0%, 3: 0.0%]
DFA state visits in window   : 0: 8912, 1: 183, 2: 0, 3: 0
DFA state visits cumulative  : 0: 947139, 1: 33001, 2: 345, 3: 0
DFA state entries in window  : 0: 100, 1: 4, 2: 0, 3: 0
DFA state entries cumulative : 0: 6400, 1: 396, 2: 3, 3: 0
transitions cumulative       : 0->1: 396, 1->2: 3
accepted directly from s0    : 0
Gym endings cumulative       : terminated=6354, truncated=46

[Episode 6500/8000 | last 100]
success rate                : 0.0% (cumulative 0.0%)
failure rate                : 0.0% (cumulative 0.0%)
completed cycles / episode  : 0.000
synthetic task reward       : 0.000
shaping reward              : 0.000
learning reward             : 0.000
episode length              : 93.0
abstract changes / episode  : 13.1
same abstract-state steps   : 85.9%
same-state shaping / episode: 0.000
changed-state shaping / ep. : 0.000
terminal shaping / episode  : 0.000
DFA transitions / episode   : 0.08
DFA transitions in window   : 0->1: 8
epsilon (next episode)       : 0.07423
replay buffer                : 300000 samples [0: 97.6%, 1: 2.4%, 2: 0.0%, 3: 0.0%]
DFA state visits in window   : 0: 9041, 1: 364, 2: 0, 3: 0
DFA state visits cumulative  : 0: 956180, 1: 33365, 2: 345, 3: 0
DFA state entries in window  : 0: 100, 1: 8, 2: 0, 3: 0
DFA state entries cumulative : 0: 6500, 1: 404, 2: 3, 3: 0
transitions cumulative       : 0->1: 404, 1->2: 3
accepted directly from s0    : 0
Gym endings cumulative       : terminated=6454, truncated=46

Starting autonomous greedy evaluation at episode 6500 (1000 fixed-seed episodes)...
[Greedy evaluation at episode 6500 | 1000 fixed-seed episodes]
success=0.0%, failure=0.0%, task reward=0.000, cycles=0.000, length=67.3
DFA transitions: 0->1: 36

[Episode 6600/8000 | last 100]
success rate                : 0.0% (cumulative 0.0%)
failure rate                : 0.0% (cumulative 0.0%)
completed cycles / episode  : 0.000
synthetic task reward       : 0.000
shaping reward              : 0.000
learning reward             : 0.000
episode length              : 88.0
abstract changes / episode  : 12.7
same abstract-state steps   : 85.6%
same-state shaping / episode: 0.000
changed-state shaping / ep. : 0.000
terminal shaping / episode  : 0.000
DFA transitions / episode   : 0.07
DFA transitions in window   : 0->1: 7
epsilon (next episode)       : 0.07132
replay buffer                : 300000 samples [0: 97.6%, 1: 2.4%, 2: 0.0%, 3: 0.0%]
DFA state visits in window   : 0: 8618, 1: 287, 2: 0, 3: 0
DFA state visits cumulative  : 0: 964798, 1: 33652, 2: 345, 3: 0
DFA state entries in window  : 0: 100, 1: 7, 2: 0, 3: 0
DFA state entries cumulative : 0: 6600, 1: 411, 2: 3, 3: 0
transitions cumulative       : 0->1: 411, 1->2: 3
accepted directly from s0    : 0
Gym endings cumulative       : terminated=6554, truncated=46

[Episode 6700/8000 | last 100]
success rate                : 0.0% (cumulative 0.0%)
failure rate                : 0.0% (cumulative 0.0%)
completed cycles / episode  : 0.000
synthetic task reward       : 0.000
shaping reward              : 0.000
learning reward             : 0.000
episode length              : 90.3
abstract changes / episode  : 12.8
same abstract-state steps   : 85.8%
same-state shaping / episode: 0.000
changed-state shaping / ep. : 0.000
terminal shaping / episode  : 0.000
DFA transitions / episode   : 0.05
DFA transitions in window   : 0->1: 5
epsilon (next episode)       : 0.06853
replay buffer                : 300000 samples [0: 97.6%, 1: 2.4%, 2: 0.0%, 3: 0.0%]
DFA state visits in window   : 0: 8871, 1: 256, 2: 0, 3: 0
DFA state visits cumulative  : 0: 973669, 1: 33908, 2: 345, 3: 0
DFA state entries in window  : 0: 100, 1: 5, 2: 0, 3: 0
DFA state entries cumulative : 0: 6700, 1: 416, 2: 3, 3: 0
transitions cumulative       : 0->1: 416, 1->2: 3
accepted directly from s0    : 0
Gym endings cumulative       : terminated=6654, truncated=46

[Episode 6800/8000 | last 100]
success rate                : 0.0% (cumulative 0.0%)
failure rate                : 0.0% (cumulative 0.0%)
completed cycles / episode  : 0.000
synthetic task reward       : 0.000
shaping reward              : 0.000
learning reward             : 0.000
episode length              : 90.0
abstract changes / episode  : 12.8
same abstract-state steps   : 85.8%
same-state shaping / episode: 0.000
changed-state shaping / ep. : 0.000
terminal shaping / episode  : 0.000
DFA transitions / episode   : 0.08
DFA transitions in window   : 0->1: 8
epsilon (next episode)       : 0.06584
replay buffer                : 300000 samples [0: 97.6%, 1: 2.4%, 2: 0.0%, 3: 0.0%]
DFA state visits in window   : 0: 8751, 1: 352, 2: 0, 3: 0
DFA state visits cumulative  : 0: 982420, 1: 34260, 2: 345, 3: 0
DFA state entries in window  : 0: 100, 1: 8, 2: 0, 3: 0
DFA state entries cumulative : 0: 6800, 1: 424, 2: 3, 3: 0
transitions cumulative       : 0->1: 424, 1->2: 3
accepted directly from s0    : 0
Gym endings cumulative       : terminated=6754, truncated=46

[Episode 6900/8000 | last 100]
success rate                : 0.0% (cumulative 0.0%)
failure rate                : 0.0% (cumulative 0.0%)
completed cycles / episode  : 0.000
synthetic task reward       : 0.000
shaping reward              : 0.000
learning reward             : 0.000
episode length              : 91.7
abstract changes / episode  : 12.9
same abstract-state steps   : 85.9%
same-state shaping / episode: 0.000
changed-state shaping / ep. : 0.000
terminal shaping / episode  : 0.000
DFA transitions / episode   : 0.02
DFA transitions in window   : 0->1: 2
epsilon (next episode)       : 0.06326
replay buffer                : 300000 samples [0: 97.6%, 1: 2.4%, 2: 0.0%, 3: 0.0%]
DFA state visits in window   : 0: 9179, 1: 88, 2: 0, 3: 0
DFA state visits cumulative  : 0: 991599, 1: 34348, 2: 345, 3: 0
DFA state entries in window  : 0: 100, 1: 2, 2: 0, 3: 0
DFA state entries cumulative : 0: 6900, 1: 426, 2: 3, 3: 0
transitions cumulative       : 0->1: 426, 1->2: 3
accepted directly from s0    : 0
Gym endings cumulative       : terminated=6854, truncated=46

[Episode 7000/8000 | last 100]
success rate                : 0.0% (cumulative 0.0%)
failure rate                : 0.0% (cumulative 0.0%)
completed cycles / episode  : 0.000
synthetic task reward       : 0.000
shaping reward              : 0.000
learning reward             : 0.000
episode length              : 91.5
abstract changes / episode  : 12.8
same abstract-state steps   : 86.0%
same-state shaping / episode: 0.000
changed-state shaping / ep. : 0.000
terminal shaping / episode  : 0.000
DFA transitions / episode   : 0.05
DFA transitions in window   : 0->1: 5
epsilon (next episode)       : 0.06078
replay buffer                : 300000 samples [0: 97.5%, 1: 2.5%, 2: 0.0%, 3: 0.0%]
DFA state visits in window   : 0: 9035, 1: 220, 2: 0, 3: 0
DFA state visits cumulative  : 0: 1000634, 1: 34568, 2: 345, 3: 0
DFA state entries in window  : 0: 100, 1: 5, 2: 0, 3: 0
DFA state entries cumulative : 0: 7000, 1: 431, 2: 3, 3: 0
transitions cumulative       : 0->1: 431, 1->2: 3
accepted directly from s0    : 0
Gym endings cumulative       : terminated=6954, truncated=46

Starting autonomous greedy evaluation at episode 7000 (1000 fixed-seed episodes)...
[Greedy evaluation at episode 7000 | 1000 fixed-seed episodes]
success=0.0%, failure=0.0%, task reward=0.000, cycles=0.000, length=116.1
DFA transitions: none

[Episode 7100/8000 | last 100]
success rate                : 0.0% (cumulative 0.0%)
failure rate                : 0.0% (cumulative 0.0%)
completed cycles / episode  : 0.000
synthetic task reward       : 0.000
shaping reward              : 0.000
learning reward             : 0.000
episode length              : 105.0
abstract changes / episode  : 13.0
same abstract-state steps   : 87.6%
same-state shaping / episode: 0.000
changed-state shaping / ep. : 0.000
terminal shaping / episode  : 0.000
DFA transitions / episode   : 0.05
DFA transitions in window   : 0->1: 5
epsilon (next episode)       : 0.05839
replay buffer                : 300000 samples [0: 97.5%, 1: 2.5%, 2: 0.0%, 3: 0.0%]
DFA state visits in window   : 0: 10381, 1: 220, 2: 0, 3: 0
DFA state visits cumulative  : 0: 1011015, 1: 34788, 2: 345, 3: 0
DFA state entries in window  : 0: 100, 1: 5, 2: 0, 3: 0
DFA state entries cumulative : 0: 7100, 1: 436, 2: 3, 3: 0
transitions cumulative       : 0->1: 436, 1->2: 3
accepted directly from s0    : 0
Gym endings cumulative       : terminated=7053, truncated=47

[Episode 7200/8000 | last 100]
success rate                : 0.0% (cumulative 0.0%)
failure rate                : 0.0% (cumulative 0.0%)
completed cycles / episode  : 0.000
synthetic task reward       : 0.000
shaping reward              : 0.000
learning reward             : 0.000
episode length              : 95.0
abstract changes / episode  : 12.8
same abstract-state steps   : 86.5%
same-state shaping / episode: 0.000
changed-state shaping / ep. : 0.000
terminal shaping / episode  : 0.000
DFA transitions / episode   : 0.06
DFA transitions in window   : 0->1: 6
epsilon (next episode)       : 0.05610
replay buffer                : 300000 samples [0: 97.5%, 1: 2.5%, 2: 0.0%, 3: 0.0%]
DFA state visits in window   : 0: 9359, 1: 237, 2: 0, 3: 0
DFA state visits cumulative  : 0: 1020374, 1: 35025, 2: 345, 3: 0
DFA state entries in window  : 0: 100, 1: 6, 2: 0, 3: 0
DFA state entries cumulative : 0: 7200, 1: 442, 2: 3, 3: 0
transitions cumulative       : 0->1: 442, 1->2: 3
accepted directly from s0    : 0
Gym endings cumulative       : terminated=7153, truncated=47

[Episode 7300/8000 | last 100]
success rate                : 0.0% (cumulative 0.0%)
failure rate                : 0.0% (cumulative 0.0%)
completed cycles / episode  : 0.000
synthetic task reward       : 0.000
shaping reward              : 0.000
learning reward             : 0.000
episode length              : 89.2
abstract changes / episode  : 12.8
same abstract-state steps   : 85.7%
same-state shaping / episode: 0.000
changed-state shaping / ep. : 0.000
terminal shaping / episode  : 0.000
DFA transitions / episode   : 0.05
DFA transitions in window   : 0->1: 5
epsilon (next episode)       : 0.05390
replay buffer                : 300000 samples [0: 97.5%, 1: 2.5%, 2: 0.0%, 3: 0.0%]
DFA state visits in window   : 0: 8777, 1: 239, 2: 0, 3: 0
DFA state visits cumulative  : 0: 1029151, 1: 35264, 2: 345, 3: 0
DFA state entries in window  : 0: 100, 1: 5, 2: 0, 3: 0
DFA state entries cumulative : 0: 7300, 1: 447, 2: 3, 3: 0
transitions cumulative       : 0->1: 447, 1->2: 3
accepted directly from s0    : 0
Gym endings cumulative       : terminated=7253, truncated=47

[Episode 7400/8000 | last 100]
success rate                : 0.0% (cumulative 0.0%)
failure rate                : 0.0% (cumulative 0.0%)
completed cycles / episode  : 0.000
synthetic task reward       : 0.000
shaping reward              : 0.000
learning reward             : 0.000
episode length              : 93.8
abstract changes / episode  : 12.7
same abstract-state steps   : 86.5%
same-state shaping / episode: 0.000
changed-state shaping / ep. : 0.000
terminal shaping / episode  : 0.000
DFA transitions / episode   : 0.07
DFA transitions in window   : 0->1: 7
epsilon (next episode)       : 0.05179
replay buffer                : 300000 samples [0: 97.5%, 1: 2.5%, 2: 0.0%, 3: 0.0%]
DFA state visits in window   : 0: 9188, 1: 296, 2: 0, 3: 0
DFA state visits cumulative  : 0: 1038339, 1: 35560, 2: 345, 3: 0
DFA state entries in window  : 0: 100, 1: 7, 2: 0, 3: 0
DFA state entries cumulative : 0: 7400, 1: 454, 2: 3, 3: 0
transitions cumulative       : 0->1: 454, 1->2: 3
accepted directly from s0    : 0
Gym endings cumulative       : terminated=7353, truncated=47

[Episode 7500/8000 | last 100]
success rate                : 0.0% (cumulative 0.0%)
failure rate                : 0.0% (cumulative 0.0%)
completed cycles / episode  : 0.000
synthetic task reward       : 0.000
shaping reward              : 0.000
learning reward             : 0.000
episode length              : 89.6
abstract changes / episode  : 12.6
same abstract-state steps   : 85.9%
same-state shaping / episode: 0.000
changed-state shaping / ep. : 0.000
terminal shaping / episode  : 0.000
DFA transitions / episode   : 0.03
DFA transitions in window   : 0->1: 3
epsilon (next episode)       : 0.04976
replay buffer                : 300000 samples [0: 97.6%, 1: 2.4%, 2: 0.0%, 3: 0.0%]
DFA state visits in window   : 0: 8943, 1: 116, 2: 0, 3: 0
DFA state visits cumulative  : 0: 1047282, 1: 35676, 2: 345, 3: 0
DFA state entries in window  : 0: 100, 1: 3, 2: 0, 3: 0
DFA state entries cumulative : 0: 7500, 1: 457, 2: 3, 3: 0
transitions cumulative       : 0->1: 457, 1->2: 3
accepted directly from s0    : 0
Gym endings cumulative       : terminated=7453, truncated=47

Starting autonomous greedy evaluation at episode 7500 (1000 fixed-seed episodes)...
[Greedy evaluation at episode 7500 | 1000 fixed-seed episodes]
success=0.0%, failure=0.0%, task reward=0.000, cycles=0.000, length=70.6
DFA transitions: 0->1: 9

[Episode 7600/8000 | last 100]
success rate                : 0.0% (cumulative 0.0%)
failure rate                : 0.0% (cumulative 0.0%)
completed cycles / episode  : 0.000
synthetic task reward       : 0.000
shaping reward              : 0.000
learning reward             : 0.000
episode length              : 88.2
abstract changes / episode  : 12.7
same abstract-state steps   : 85.6%
same-state shaping / episode: 0.000
changed-state shaping / ep. : 0.000
terminal shaping / episode  : 0.000
DFA transitions / episode   : 0.03
DFA transitions in window   : 0->1: 3
epsilon (next episode)       : 0.04781
replay buffer                : 300000 samples [0: 97.6%, 1: 2.4%, 2: 0.0%, 3: 0.0%]
DFA state visits in window   : 0: 8726, 1: 191, 2: 0, 3: 0
DFA state visits cumulative  : 0: 1056008, 1: 35867, 2: 345, 3: 0
DFA state entries in window  : 0: 100, 1: 3, 2: 0, 3: 0
DFA state entries cumulative : 0: 7600, 1: 460, 2: 3, 3: 0
transitions cumulative       : 0->1: 460, 1->2: 3
accepted directly from s0    : 0
Gym endings cumulative       : terminated=7553, truncated=47

[Episode 7700/8000 | last 100]
success rate                : 0.0% (cumulative 0.0%)
failure rate                : 0.0% (cumulative 0.0%)
completed cycles / episode  : 0.000
synthetic task reward       : 0.000
shaping reward              : 0.000
learning reward             : 0.000
episode length              : 102.7
abstract changes / episode  : 12.9
same abstract-state steps   : 87.5%
same-state shaping / episode: 0.000
changed-state shaping / ep. : 0.000
terminal shaping / episode  : 0.000
DFA transitions / episode   : 0.05
DFA transitions in window   : 0->1: 5
epsilon (next episode)       : 0.04593
replay buffer                : 300000 samples [0: 97.5%, 1: 2.5%, 2: 0.0%, 3: 0.0%]
DFA state visits in window   : 0: 10175, 1: 195, 2: 0, 3: 0
DFA state visits cumulative  : 0: 1066183, 1: 36062, 2: 345, 3: 0
DFA state entries in window  : 0: 100, 1: 5, 2: 0, 3: 0
DFA state entries cumulative : 0: 7700, 1: 465, 2: 3, 3: 0
transitions cumulative       : 0->1: 465, 1->2: 3
accepted directly from s0    : 0
Gym endings cumulative       : terminated=7652, truncated=48

[Episode 7800/8000 | last 100]
success rate                : 0.0% (cumulative 0.0%)
failure rate                : 0.0% (cumulative 0.0%)
completed cycles / episode  : 0.000
synthetic task reward       : 0.000
shaping reward              : 0.000
learning reward             : 0.000
episode length              : 89.0
abstract changes / episode  : 12.8
same abstract-state steps   : 85.6%
same-state shaping / episode: 0.000
changed-state shaping / ep. : 0.000
terminal shaping / episode  : 0.000
DFA transitions / episode   : 0.06
DFA transitions in window   : 0->1: 6
epsilon (next episode)       : 0.04413
replay buffer                : 300000 samples [0: 97.5%, 1: 2.5%, 2: 0.0%, 3: 0.0%]
DFA state visits in window   : 0: 8735, 1: 265, 2: 0, 3: 0
DFA state visits cumulative  : 0: 1074918, 1: 36327, 2: 345, 3: 0
DFA state entries in window  : 0: 100, 1: 6, 2: 0, 3: 0
DFA state entries cumulative : 0: 7800, 1: 471, 2: 3, 3: 0
transitions cumulative       : 0->1: 471, 1->2: 3
accepted directly from s0    : 0
Gym endings cumulative       : terminated=7752, truncated=48

[Episode 7900/8000 | last 100]
success rate                : 0.0% (cumulative 0.0%)
failure rate                : 0.0% (cumulative 0.0%)
completed cycles / episode  : 0.000
synthetic task reward       : 0.000
shaping reward              : 0.000
learning reward             : 0.000
episode length              : 93.5
abstract changes / episode  : 13.1
same abstract-state steps   : 86.0%
same-state shaping / episode: 0.000
changed-state shaping / ep. : 0.000
terminal shaping / episode  : 0.000
DFA transitions / episode   : 0.04
DFA transitions in window   : 0->1: 4
epsilon (next episode)       : 0.04240
replay buffer                : 300000 samples [0: 97.5%, 1: 2.5%, 2: 0.0%, 3: 0.0%]
DFA state visits in window   : 0: 9288, 1: 163, 2: 0, 3: 0
DFA state visits cumulative  : 0: 1084206, 1: 36490, 2: 345, 3: 0
DFA state entries in window  : 0: 100, 1: 4, 2: 0, 3: 0
DFA state entries cumulative : 0: 7900, 1: 475, 2: 3, 3: 0
transitions cumulative       : 0->1: 475, 1->2: 3
accepted directly from s0    : 0
Gym endings cumulative       : terminated=7852, truncated=48

[Episode 8000/8000 | last 100]
success rate                : 0.0% (cumulative 0.0%)
failure rate                : 0.0% (cumulative 0.0%)
completed cycles / episode  : 0.000
synthetic task reward       : 0.000
shaping reward              : 0.000
learning reward             : 0.000
episode length              : 89.6
abstract changes / episode  : 12.8
same abstract-state steps   : 85.7%
same-state shaping / episode: 0.000
changed-state shaping / ep. : 0.000
terminal shaping / episode  : 0.000
DFA transitions / episode   : 0.05
DFA transitions in window   : 0->1: 5
epsilon (next episode)       : 0.04074
replay buffer                : 300000 samples [0: 97.6%, 1: 2.4%, 2: 0.0%, 3: 0.0%]
DFA state visits in window   : 0: 8863, 1: 199, 2: 0, 3: 0
DFA state visits cumulative  : 0: 1093069, 1: 36689, 2: 345, 3: 0
DFA state entries in window  : 0: 100, 1: 5, 2: 0, 3: 0
DFA state entries cumulative : 0: 8000, 1: 480, 2: 3, 3: 0
transitions cumulative       : 0->1: 480, 1->2: 3
accepted directly from s0    : 0
Gym endings cumulative       : terminated=7952, truncated=48

Starting autonomous greedy evaluation at episode 8000 (1000 fixed-seed episodes)...
[Greedy evaluation at episode 8000 | 1000 fixed-seed episodes]
success=0.0%, failure=0.0%, task reward=0.000, cycles=0.000, length=79.4
DFA transitions: 0->1: 82
Last policy saved after episode 8000. Best greedy evaluation: episode 4000, mean task reward=0.000
