
=== NEW RUN ===
episodes=8000, shaping=True, goal_reward=10000.0, gamma=0.99
gamma_shaping=1.0, shaping_formula=gamma_shaping*Phi(next)-Phi(state)
eval_interval=500, eval_episodes=1000, eval_seed=100000
inter_level_shaping=False, inter_level_formula=gamma*Phi(next)-Phi(state)
formula=F(wp1 & X(F(g1)))
regions={wp1: {'center': [-0.75, 1.0625], 'radius': 0.1}, g1: {'center': [0.75, 1.0625], 'radius': 0.1}}
dfa_states=[1, 2, 3], pre_trace=1, accepting=[3], failure=[]

[Episode 1/8000 | last 1]
success rate                : 0.0% (cumulative 0.0%)
failure rate                : 0.0% (cumulative 0.0%)
synthetic task reward       : 0.000
shaping reward              : -189.247
learning reward             : -189.247
episode length              : 101.0
abstract changes / episode  : 5.0
DFA transitions / episode   : 0.00
DFA transitions in window   : none
epsilon (next episode)       : 0.99960
replay buffer                : 101 samples [1: 100.0%, 2: 0.0%, 3: 0.0%]
DFA state visits in window   : 1: 102, 2: 0, 3: 0
DFA state visits cumulative  : 1: 102, 2: 0, 3: 0
DFA state entries in window  : 1: 1, 2: 0, 3: 0
DFA state entries cumulative : 1: 1, 2: 0, 3: 0
transitions cumulative       : none
accepted directly from s0    : 0
Gym endings cumulative       : terminated=1, truncated=0

[Episode 100/8000 | last 100]
success rate                : 0.0% (cumulative 0.0%)
failure rate                : 0.0% (cumulative 0.0%)
synthetic task reward       : 0.000
shaping reward              : -228.698
learning reward             : -228.698
episode length              : 92.6
abstract changes / episode  : 5.8
DFA transitions / episode   : 0.00
DFA transitions in window   : none
epsilon (next episode)       : 0.96078
replay buffer                : 9256 samples [1: 100.0%, 2: 0.0%, 3: 0.0%]
DFA state visits in window   : 1: 9356, 2: 0, 3: 0
DFA state visits cumulative  : 1: 9356, 2: 0, 3: 0
DFA state entries in window  : 1: 100, 2: 0, 3: 0
DFA state entries cumulative : 1: 100, 2: 0, 3: 0
transitions cumulative       : none
accepted directly from s0    : 0
Gym endings cumulative       : terminated=100, truncated=0

[Episode 200/8000 | last 100]
success rate                : 0.0% (cumulative 0.0%)
failure rate                : 0.0% (cumulative 0.0%)
synthetic task reward       : 0.000
shaping reward              : -218.180
learning reward             : -218.180
episode length              : 95.5
abstract changes / episode  : 5.9
DFA transitions / episode   : 0.03
DFA transitions in window   : 1->2: 3
epsilon (next episode)       : 0.92310
replay buffer                : 18808 samples [1: 99.5%, 2: 0.5%, 3: 0.0%]
DFA state visits in window   : 1: 9564, 2: 88, 3: 0
DFA state visits cumulative  : 1: 18920, 2: 88, 3: 0
DFA state entries in window  : 1: 100, 2: 3, 3: 0
DFA state entries cumulative : 1: 200, 2: 3, 3: 0
transitions cumulative       : 1->2: 3
accepted directly from s0    : 0
Gym endings cumulative       : terminated=200, truncated=0

[Episode 300/8000 | last 100]
success rate                : 0.0% (cumulative 0.0%)
failure rate                : 0.0% (cumulative 0.0%)
synthetic task reward       : 0.000
shaping reward              : -232.608
learning reward             : -232.608
episode length              : 100.8
abstract changes / episode  : 5.9
DFA transitions / episode   : 0.02
DFA transitions in window   : 1->2: 2
epsilon (next episode)       : 0.88690
replay buffer                : 28893 samples [1: 99.6%, 2: 0.4%, 3: 0.0%]
DFA state visits in window   : 1: 10139, 2: 46, 3: 0
DFA state visits cumulative  : 1: 29059, 2: 134, 3: 0
DFA state entries in window  : 1: 100, 2: 2, 3: 0
DFA state entries cumulative : 1: 300, 2: 5, 3: 0
transitions cumulative       : 1->2: 5
accepted directly from s0    : 0
Gym endings cumulative       : terminated=300, truncated=0

[Episode 400/8000 | last 100]
success rate                : 0.0% (cumulative 0.0%)
failure rate                : 0.0% (cumulative 0.0%)
synthetic task reward       : 0.000
shaping reward              : -211.590
learning reward             : -211.590
episode length              : 106.4
abstract changes / episode  : 5.7
DFA transitions / episode   : 0.04
DFA transitions in window   : 1->2: 4
epsilon (next episode)       : 0.85212
replay buffer                : 39535 samples [1: 99.5%, 2: 0.5%, 3: 0.0%]
DFA state visits in window   : 1: 10658, 2: 84, 3: 0
DFA state visits cumulative  : 1: 39717, 2: 218, 3: 0
DFA state entries in window  : 1: 100, 2: 4, 3: 0
DFA state entries cumulative : 1: 400, 2: 9, 3: 0
transitions cumulative       : 1->2: 9
accepted directly from s0    : 0
Gym endings cumulative       : terminated=399, truncated=1

[Episode 500/8000 | last 100]
success rate                : 0.0% (cumulative 0.0%)
failure rate                : 0.0% (cumulative 0.0%)
synthetic task reward       : 0.000
shaping reward              : -209.630
learning reward             : -209.630
episode length              : 101.1
abstract changes / episode  : 5.8
DFA transitions / episode   : 0.04
DFA transitions in window   : 1->2: 4
epsilon (next episode)       : 0.81870
replay buffer                : 49642 samples [1: 99.4%, 2: 0.6%, 3: 0.0%]
DFA state visits in window   : 1: 10115, 2: 92, 3: 0
DFA state visits cumulative  : 1: 49832, 2: 310, 3: 0
DFA state entries in window  : 1: 100, 2: 4, 3: 0
DFA state entries cumulative : 1: 500, 2: 13, 3: 0
transitions cumulative       : 1->2: 13
accepted directly from s0    : 0
Gym endings cumulative       : terminated=499, truncated=1

Starting autonomous greedy evaluation at episode 500 (1000 fixed-seed episodes)...
[Greedy evaluation at episode 500 | 1000 fixed-seed episodes]
success=0.0%, failure=0.0%, task reward=0.000, length=136.7
DFA transitions: 1->2: 2
Best policy updated from autonomous greedy evaluation at episode 500.

[Episode 600/8000 | last 100]
success rate                : 0.0% (cumulative 0.0%)
failure rate                : 0.0% (cumulative 0.0%)
synthetic task reward       : 0.000
shaping reward              : -213.511
learning reward             : -213.511
episode length              : 108.4
abstract changes / episode  : 6.0
DFA transitions / episode   : 0.04
DFA transitions in window   : 1->2: 4
epsilon (next episode)       : 0.78659
replay buffer                : 60483 samples [1: 99.3%, 2: 0.7%, 3: 0.0%]
DFA state visits in window   : 1: 10797, 2: 144, 3: 0
DFA state visits cumulative  : 1: 60629, 2: 454, 3: 0
DFA state entries in window  : 1: 100, 2: 4, 3: 0
DFA state entries cumulative : 1: 600, 2: 17, 3: 0
transitions cumulative       : 1->2: 17
accepted directly from s0    : 0
Gym endings cumulative       : terminated=599, truncated=1

[Episode 700/8000 | last 100]
success rate                : 0.0% (cumulative 0.0%)
failure rate                : 0.0% (cumulative 0.0%)
synthetic task reward       : 0.000
shaping reward              : -204.990
learning reward             : -204.990
episode length              : 117.2
abstract changes / episode  : 6.0
DFA transitions / episode   : 0.05
DFA transitions in window   : 1->2: 5
epsilon (next episode)       : 0.75574
replay buffer                : 72200 samples [1: 99.2%, 2: 0.8%, 3: 0.0%]
DFA state visits in window   : 1: 11666, 2: 151, 3: 0
DFA state visits cumulative  : 1: 72295, 2: 605, 3: 0
DFA state entries in window  : 1: 100, 2: 5, 3: 0
DFA state entries cumulative : 1: 700, 2: 22, 3: 0
transitions cumulative       : 1->2: 22
accepted directly from s0    : 0
Gym endings cumulative       : terminated=699, truncated=1

[Episode 800/8000 | last 100]
success rate                : 0.0% (cumulative 0.0%)
failure rate                : 0.0% (cumulative 0.0%)
synthetic task reward       : 0.000
shaping reward              : -205.864
learning reward             : -205.864
episode length              : 118.2
abstract changes / episode  : 5.9
DFA transitions / episode   : 0.04
DFA transitions in window   : 1->2: 4
epsilon (next episode)       : 0.72610
replay buffer                : 84024 samples [1: 99.2%, 2: 0.8%, 3: 0.0%]
DFA state visits in window   : 1: 11826, 2: 98, 3: 0
DFA state visits cumulative  : 1: 84121, 2: 703, 3: 0
DFA state entries in window  : 1: 100, 2: 4, 3: 0
DFA state entries cumulative : 1: 800, 2: 26, 3: 0
transitions cumulative       : 1->2: 26
accepted directly from s0    : 0
Gym endings cumulative       : terminated=799, truncated=1

[Episode 900/8000 | last 100]
success rate                : 0.0% (cumulative 0.0%)
failure rate                : 0.0% (cumulative 0.0%)
synthetic task reward       : 0.000
shaping reward              : -220.273
learning reward             : -220.273
episode length              : 123.2
abstract changes / episode  : 6.0
DFA transitions / episode   : 0.06
DFA transitions in window   : 1->2: 6
epsilon (next episode)       : 0.69763
replay buffer                : 96345 samples [1: 99.1%, 2: 0.9%, 3: 0.0%]
DFA state visits in window   : 1: 12232, 2: 189, 3: 0
DFA state visits cumulative  : 1: 96353, 2: 892, 3: 0
DFA state entries in window  : 1: 100, 2: 6, 3: 0
DFA state entries cumulative : 1: 900, 2: 32, 3: 0
transitions cumulative       : 1->2: 32
accepted directly from s0    : 0
Gym endings cumulative       : terminated=899, truncated=1

[Episode 1000/8000 | last 100]
success rate                : 0.0% (cumulative 0.0%)
failure rate                : 0.0% (cumulative 0.0%)
synthetic task reward       : 0.000
shaping reward              : -210.629
learning reward             : -210.629
episode length              : 135.2
abstract changes / episode  : 5.9
DFA transitions / episode   : 0.02
DFA transitions in window   : 1->2: 2
epsilon (next episode)       : 0.67027
replay buffer                : 109869 samples [1: 99.1%, 2: 0.9%, 3: 0.0%]
DFA state visits in window   : 1: 13536, 2: 88, 3: 0
DFA state visits cumulative  : 1: 109889, 2: 980, 3: 0
DFA state entries in window  : 1: 100, 2: 2, 3: 0
DFA state entries cumulative : 1: 1000, 2: 34, 3: 0
transitions cumulative       : 1->2: 34
accepted directly from s0    : 0
Gym endings cumulative       : terminated=999, truncated=1

Starting autonomous greedy evaluation at episode 1000 (1000 fixed-seed episodes)...
[Greedy evaluation at episode 1000 | 1000 fixed-seed episodes]
success=0.0%, failure=0.0%, task reward=0.000, length=156.8
DFA transitions: none

[Episode 1100/8000 | last 100]
success rate                : 0.0% (cumulative 0.0%)
failure rate                : 0.0% (cumulative 0.0%)
synthetic task reward       : 0.000
shaping reward              : -207.853
learning reward             : -207.853
episode length              : 155.4
abstract changes / episode  : 6.2
DFA transitions / episode   : 0.00
DFA transitions in window   : none
epsilon (next episode)       : 0.64398
replay buffer                : 125405 samples [1: 99.2%, 2: 0.8%, 3: 0.0%]
DFA state visits in window   : 1: 15636, 2: 0, 3: 0
DFA state visits cumulative  : 1: 125525, 2: 980, 3: 0
DFA state entries in window  : 1: 100, 2: 0, 3: 0
DFA state entries cumulative : 1: 1100, 2: 34, 3: 0
transitions cumulative       : 1->2: 34
accepted directly from s0    : 0
Gym endings cumulative       : terminated=1099, truncated=1

[Episode 1200/8000 | last 100]
success rate                : 0.0% (cumulative 0.0%)
failure rate                : 0.0% (cumulative 0.0%)
synthetic task reward       : 0.000
shaping reward              : -216.306
learning reward             : -216.306
episode length              : 175.9
abstract changes / episode  : 6.6
DFA transitions / episode   : 0.02
DFA transitions in window   : 1->2: 2
epsilon (next episode)       : 0.61872
replay buffer                : 143000 samples [1: 99.2%, 2: 0.8%, 3: 0.0%]
DFA state visits in window   : 1: 17553, 2: 142, 3: 0
DFA state visits cumulative  : 1: 143078, 2: 1122, 3: 0
DFA state entries in window  : 1: 100, 2: 2, 3: 0
DFA state entries cumulative : 1: 1200, 2: 36, 3: 0
transitions cumulative       : 1->2: 36
accepted directly from s0    : 0
Gym endings cumulative       : terminated=1199, truncated=1

[Episode 1300/8000 | last 100]
success rate                : 0.0% (cumulative 0.0%)
failure rate                : 0.0% (cumulative 0.0%)
synthetic task reward       : 0.000
shaping reward              : -237.296
learning reward             : -237.296
episode length              : 151.0
abstract changes / episode  : 6.2
DFA transitions / episode   : 0.00
DFA transitions in window   : none
epsilon (next episode)       : 0.59446
replay buffer                : 158100 samples [1: 99.3%, 2: 0.7%, 3: 0.0%]
DFA state visits in window   : 1: 15200, 2: 0, 3: 0
DFA state visits cumulative  : 1: 158278, 2: 1122, 3: 0
DFA state entries in window  : 1: 100, 2: 0, 3: 0
DFA state entries cumulative : 1: 1300, 2: 36, 3: 0
transitions cumulative       : 1->2: 36
accepted directly from s0    : 0
Gym endings cumulative       : terminated=1298, truncated=2

[Episode 1400/8000 | last 100]
success rate                : 0.0% (cumulative 0.0%)
failure rate                : 0.0% (cumulative 0.0%)
synthetic task reward       : 0.000
shaping reward              : -234.395
learning reward             : -234.395
episode length              : 128.9
abstract changes / episode  : 5.7
DFA transitions / episode   : 0.00
DFA transitions in window   : none
epsilon (next episode)       : 0.57115
replay buffer                : 170995 samples [1: 99.4%, 2: 0.6%, 3: 0.0%]
DFA state visits in window   : 1: 12995, 2: 0, 3: 0
DFA state visits cumulative  : 1: 171273, 2: 1122, 3: 0
DFA state entries in window  : 1: 100, 2: 0, 3: 0
DFA state entries cumulative : 1: 1400, 2: 36, 3: 0
transitions cumulative       : 1->2: 36
accepted directly from s0    : 0
Gym endings cumulative       : terminated=1396, truncated=4

[Episode 1500/8000 | last 100]
success rate                : 0.0% (cumulative 0.0%)
failure rate                : 0.0% (cumulative 0.0%)
synthetic task reward       : 0.000
shaping reward              : -241.119
learning reward             : -241.119
episode length              : 147.4
abstract changes / episode  : 5.8
DFA transitions / episode   : 0.00
DFA transitions in window   : none
epsilon (next episode)       : 0.54875
replay buffer                : 185740 samples [1: 99.4%, 2: 0.6%, 3: 0.0%]
DFA state visits in window   : 1: 14845, 2: 0, 3: 0
DFA state visits cumulative  : 1: 186118, 2: 1122, 3: 0
DFA state entries in window  : 1: 100, 2: 0, 3: 0
DFA state entries cumulative : 1: 1500, 2: 36, 3: 0
transitions cumulative       : 1->2: 36
accepted directly from s0    : 0
Gym endings cumulative       : terminated=1493, truncated=7

Starting autonomous greedy evaluation at episode 1500 (1000 fixed-seed episodes)...
[Greedy evaluation at episode 1500 | 1000 fixed-seed episodes]
success=0.0%, failure=0.0%, task reward=0.000, length=790.5
DFA transitions: 1->2: 234

[Episode 1600/8000 | last 100]
success rate                : 0.0% (cumulative 0.0%)
failure rate                : 0.0% (cumulative 0.0%)
synthetic task reward       : 0.000
shaping reward              : -237.277
learning reward             : -237.277
episode length              : 158.1
abstract changes / episode  : 5.7
DFA transitions / episode   : 0.00
DFA transitions in window   : none
epsilon (next episode)       : 0.52722
replay buffer                : 201551 samples [1: 99.5%, 2: 0.5%, 3: 0.0%]
DFA state visits in window   : 1: 15911, 2: 0, 3: 0
DFA state visits cumulative  : 1: 202029, 2: 1122, 3: 0
DFA state entries in window  : 1: 100, 2: 0, 3: 0
DFA state entries cumulative : 1: 1600, 2: 36, 3: 0
transitions cumulative       : 1->2: 36
accepted directly from s0    : 0
Gym endings cumulative       : terminated=1589, truncated=11

[Episode 1700/8000 | last 100]
success rate                : 0.0% (cumulative 0.0%)
failure rate                : 0.0% (cumulative 0.0%)
synthetic task reward       : 0.000
shaping reward              : -240.159
learning reward             : -240.159
episode length              : 151.4
abstract changes / episode  : 5.9
DFA transitions / episode   : 0.00
DFA transitions in window   : none
epsilon (next episode)       : 0.50655
replay buffer                : 216689 samples [1: 99.5%, 2: 0.5%, 3: 0.0%]
DFA state visits in window   : 1: 15238, 2: 0, 3: 0
DFA state visits cumulative  : 1: 217267, 2: 1122, 3: 0
DFA state entries in window  : 1: 100, 2: 0, 3: 0
DFA state entries cumulative : 1: 1700, 2: 36, 3: 0
transitions cumulative       : 1->2: 36
accepted directly from s0    : 0
Gym endings cumulative       : terminated=1686, truncated=14

[Episode 1800/8000 | last 100]
success rate                : 0.0% (cumulative 0.0%)
failure rate                : 0.0% (cumulative 0.0%)
synthetic task reward       : 0.000
shaping reward              : -234.395
learning reward             : -234.395
episode length              : 204.5
abstract changes / episode  : 6.2
DFA transitions / episode   : 0.00
DFA transitions in window   : none
epsilon (next episode)       : 0.48668
replay buffer                : 237136 samples [1: 99.5%, 2: 0.5%, 3: 0.0%]
DFA state visits in window   : 1: 20547, 2: 0, 3: 0
DFA state visits cumulative  : 1: 237814, 2: 1122, 3: 0
DFA state entries in window  : 1: 100, 2: 0, 3: 0
DFA state entries cumulative : 1: 1800, 2: 36, 3: 0
transitions cumulative       : 1->2: 36
accepted directly from s0    : 0
Gym endings cumulative       : terminated=1779, truncated=21

[Episode 1900/8000 | last 100]
success rate                : 0.0% (cumulative 0.0%)
failure rate                : 0.0% (cumulative 0.0%)
synthetic task reward       : 0.000
shaping reward              : -223.031
learning reward             : -223.031
episode length              : 190.5
abstract changes / episode  : 6.5
DFA transitions / episode   : 0.04
DFA transitions in window   : 1->2: 4
epsilon (next episode)       : 0.46760
replay buffer                : 256182 samples [1: 99.4%, 2: 0.6%, 3: 0.0%]
DFA state visits in window   : 1: 18804, 2: 342, 3: 0
DFA state visits cumulative  : 1: 256618, 2: 1464, 3: 0
DFA state entries in window  : 1: 100, 2: 4, 3: 0
DFA state entries cumulative : 1: 1900, 2: 40, 3: 0
transitions cumulative       : 1->2: 40
accepted directly from s0    : 0
Gym endings cumulative       : terminated=1874, truncated=26

[Episode 2000/8000 | last 100]
success rate                : 0.0% (cumulative 0.0%)
failure rate                : 0.0% (cumulative 0.0%)
synthetic task reward       : 0.000
shaping reward              : -163.011
learning reward             : -163.011
episode length              : 240.5
abstract changes / episode  : 6.8
DFA transitions / episode   : 0.04
DFA transitions in window   : 1->2: 4
epsilon (next episode)       : 0.44926
replay buffer                : 280236 samples [1: 99.4%, 2: 0.6%, 3: 0.0%]
DFA state visits in window   : 1: 23936, 2: 218, 3: 0
DFA state visits cumulative  : 1: 280554, 2: 1682, 3: 0
DFA state entries in window  : 1: 100, 2: 4, 3: 0
DFA state entries cumulative : 1: 2000, 2: 44, 3: 0
transitions cumulative       : 1->2: 44
accepted directly from s0    : 0
Gym endings cumulative       : terminated=1972, truncated=28

Starting autonomous greedy evaluation at episode 2000 (1000 fixed-seed episodes)...
[Greedy evaluation at episode 2000 | 1000 fixed-seed episodes]
success=0.0%, failure=0.0%, task reward=0.000, length=369.8
DFA transitions: 1->2: 1

[Episode 2100/8000 | last 100]
success rate                : 0.0% (cumulative 0.0%)
failure rate                : 0.0% (cumulative 0.0%)
synthetic task reward       : 0.000
shaping reward              : -212.665
learning reward             : -212.665
episode length              : 329.8
abstract changes / episode  : 8.6
DFA transitions / episode   : 0.03
DFA transitions in window   : 1->2: 3
epsilon (next episode)       : 0.43164
replay buffer                : 300000 samples [1: 99.4%, 2: 0.6%, 3: 0.0%]
DFA state visits in window   : 1: 32952, 2: 132, 3: 0
DFA state visits cumulative  : 1: 313506, 2: 1814, 3: 0
DFA state entries in window  : 1: 100, 2: 3, 3: 0
DFA state entries cumulative : 1: 2100, 2: 47, 3: 0
transitions cumulative       : 1->2: 47
accepted directly from s0    : 0
Gym endings cumulative       : terminated=2069, truncated=31

[Episode 2200/8000 | last 100]
success rate                : 0.0% (cumulative 0.0%)
failure rate                : 0.0% (cumulative 0.0%)
synthetic task reward       : 0.000
shaping reward              : -166.900
learning reward             : -166.900
episode length              : 339.2
abstract changes / episode  : 9.7
DFA transitions / episode   : 0.13
DFA transitions in window   : 1->2: 13
epsilon (next episode)       : 0.41471
replay buffer                : 300000 samples [1: 98.8%, 2: 1.2%, 3: 0.0%]
DFA state visits in window   : 1: 31979, 2: 2038, 3: 0
DFA state visits cumulative  : 1: 345485, 2: 3852, 3: 0
DFA state entries in window  : 1: 100, 2: 13, 3: 0
DFA state entries cumulative : 1: 2200, 2: 60, 3: 0
transitions cumulative       : 1->2: 60
accepted directly from s0    : 0
Gym endings cumulative       : terminated=2168, truncated=32

[Episode 2300/8000 | last 100]
success rate                : 0.0% (cumulative 0.0%)
failure rate                : 0.0% (cumulative 0.0%)
synthetic task reward       : 0.000
shaping reward              : -138.399
learning reward             : -138.399
episode length              : 337.6
abstract changes / episode  : 9.2
DFA transitions / episode   : 0.04
DFA transitions in window   : 1->2: 4
epsilon (next episode)       : 0.39845
replay buffer                : 300000 samples [1: 98.9%, 2: 1.1%, 3: 0.0%]
DFA state visits in window   : 1: 33693, 2: 168, 3: 0
DFA state visits cumulative  : 1: 379178, 2: 4020, 3: 0
DFA state entries in window  : 1: 100, 2: 4, 3: 0
DFA state entries cumulative : 1: 2300, 2: 64, 3: 0
transitions cumulative       : 1->2: 64
accepted directly from s0    : 0
Gym endings cumulative       : terminated=2264, truncated=36

[Episode 2400/8000 | last 100]
success rate                : 0.0% (cumulative 0.0%)
failure rate                : 0.0% (cumulative 0.0%)
synthetic task reward       : 0.000
shaping reward              : -168.677
learning reward             : -168.677
episode length              : 401.8
abstract changes / episode  : 11.4
DFA transitions / episode   : 0.10
DFA transitions in window   : 1->2: 10
epsilon (next episode)       : 0.38282
replay buffer                : 300000 samples [1: 98.0%, 2: 2.0%, 3: 0.0%]
DFA state visits in window   : 1: 37401, 2: 2883, 3: 0
DFA state visits cumulative  : 1: 416579, 2: 6903, 3: 0
DFA state entries in window  : 1: 100, 2: 10, 3: 0
DFA state entries cumulative : 1: 2400, 2: 74, 3: 0
transitions cumulative       : 1->2: 74
accepted directly from s0    : 0
Gym endings cumulative       : terminated=2354, truncated=46

[Episode 2500/8000 | last 100]
success rate                : 0.0% (cumulative 0.0%)
failure rate                : 0.0% (cumulative 0.0%)
synthetic task reward       : 0.000
shaping reward              : -104.132
learning reward             : -104.132
episode length              : 399.7
abstract changes / episode  : 10.7
DFA transitions / episode   : 0.13
DFA transitions in window   : 1->2: 13
epsilon (next episode)       : 0.36781
replay buffer                : 300000 samples [1: 97.5%, 2: 2.5%, 3: 0.0%]
DFA state visits in window   : 1: 38353, 2: 1714, 3: 0
DFA state visits cumulative  : 1: 454932, 2: 8617, 3: 0
DFA state entries in window  : 1: 100, 2: 13, 3: 0
DFA state entries cumulative : 1: 2500, 2: 87, 3: 0
transitions cumulative       : 1->2: 87
accepted directly from s0    : 0
Gym endings cumulative       : terminated=2442, truncated=58

Starting autonomous greedy evaluation at episode 2500 (1000 fixed-seed episodes)...
[Greedy evaluation at episode 2500 | 1000 fixed-seed episodes]
success=0.0%, failure=0.0%, task reward=0.000, length=498.6
DFA transitions: 1->2: 9

[Episode 2600/8000 | last 100]
success rate                : 0.0% (cumulative 0.0%)
failure rate                : 0.0% (cumulative 0.0%)
synthetic task reward       : 0.000
shaping reward              : -96.544
learning reward             : -96.544
episode length              : 459.1
abstract changes / episode  : 12.3
DFA transitions / episode   : 0.22
DFA transitions in window   : 1->2: 22
epsilon (next episode)       : 0.35338
replay buffer                : 300000 samples [1: 96.7%, 2: 3.3%, 3: 0.0%]
DFA state visits in window   : 1: 43546, 2: 2459, 3: 0
DFA state visits cumulative  : 1: 498478, 2: 11076, 3: 0
DFA state entries in window  : 1: 100, 2: 22, 3: 0
DFA state entries cumulative : 1: 2600, 2: 109, 3: 0
transitions cumulative       : 1->2: 109
accepted directly from s0    : 0
Gym endings cumulative       : terminated=2522, truncated=78

[Episode 2700/8000 | last 100]
success rate                : 0.0% (cumulative 0.0%)
failure rate                : 0.0% (cumulative 0.0%)
synthetic task reward       : 0.000
shaping reward              : -73.785
learning reward             : -73.785
episode length              : 398.2
abstract changes / episode  : 12.6
DFA transitions / episode   : 0.14
DFA transitions in window   : 1->2: 14
epsilon (next episode)       : 0.33952
replay buffer                : 300000 samples [1: 96.2%, 2: 3.8%, 3: 0.0%]
DFA state visits in window   : 1: 38525, 2: 1393, 3: 0
DFA state visits cumulative  : 1: 537003, 2: 12469, 3: 0
DFA state entries in window  : 1: 100, 2: 14, 3: 0
DFA state entries cumulative : 1: 2700, 2: 123, 3: 0
transitions cumulative       : 1->2: 123
accepted directly from s0    : 0
Gym endings cumulative       : terminated=2612, truncated=88

[Episode 2800/8000 | last 100]
success rate                : 1.0% (cumulative 0.0%)
failure rate                : 0.0% (cumulative 0.0%)
synthetic task reward       : 100.000
shaping reward              : -77.368
learning reward             : 22.632
episode length              : 302.5
abstract changes / episode  : 10.2
DFA transitions / episode   : 0.18
DFA transitions in window   : 1->2: 17, 2->3: 1
epsilon (next episode)       : 0.32621
replay buffer                : 300000 samples [1: 95.9%, 2: 4.1%, 3: 0.0%]
DFA state visits in window   : 1: 28837, 2: 1508, 3: 1
DFA state visits cumulative  : 1: 565840, 2: 13977, 3: 1
DFA state entries in window  : 1: 100, 2: 17, 3: 1
DFA state entries cumulative : 1: 2800, 2: 140, 3: 1
transitions cumulative       : 1->2: 140, 2->3: 1
accepted directly from s0    : 0
Gym endings cumulative       : terminated=2709, truncated=90

[Episode 2900/8000 | last 100]
success rate                : 0.0% (cumulative 0.0%)
failure rate                : 0.0% (cumulative 0.0%)
synthetic task reward       : 0.000
shaping reward              : -58.136
learning reward             : -58.136
episode length              : 293.0
abstract changes / episode  : 10.7
DFA transitions / episode   : 0.26
DFA transitions in window   : 1->2: 26
epsilon (next episode)       : 0.31341
replay buffer                : 300000 samples [1: 94.8%, 2: 5.2%, 3: 0.0%]
DFA state visits in window   : 1: 25983, 2: 3419, 3: 0
DFA state visits cumulative  : 1: 591823, 2: 17396, 3: 1
DFA state entries in window  : 1: 100, 2: 26, 3: 0
DFA state entries cumulative : 1: 2900, 2: 166, 3: 1
transitions cumulative       : 1->2: 166, 2->3: 1
accepted directly from s0    : 0
Gym endings cumulative       : terminated=2809, truncated=90

[Episode 3000/8000 | last 100]
success rate                : 0.0% (cumulative 0.0%)
failure rate                : 0.0% (cumulative 0.0%)
synthetic task reward       : 0.000
shaping reward              : -149.840
learning reward             : -149.840
episode length              : 184.7
abstract changes / episode  : 7.8
DFA transitions / episode   : 0.13
DFA transitions in window   : 1->2: 13
epsilon (next episode)       : 0.30112
replay buffer                : 300000 samples [1: 94.7%, 2: 5.3%, 3: 0.0%]
DFA state visits in window   : 1: 17880, 2: 693, 3: 0
DFA state visits cumulative  : 1: 609703, 2: 18089, 3: 1
DFA state entries in window  : 1: 100, 2: 13, 3: 0
DFA state entries cumulative : 1: 3000, 2: 179, 3: 1
transitions cumulative       : 1->2: 179, 2->3: 1
accepted directly from s0    : 0
Gym endings cumulative       : terminated=2909, truncated=90

Starting autonomous greedy evaluation at episode 3000 (1000 fixed-seed episodes)...
[Greedy evaluation at episode 3000 | 1000 fixed-seed episodes]
success=0.0%, failure=0.0%, task reward=0.000, length=183.2
DFA transitions: 1->2: 152

[Episode 3100/8000 | last 100]
success rate                : 0.0% (cumulative 0.0%)
failure rate                : 0.0% (cumulative 0.0%)
synthetic task reward       : 0.000
shaping reward              : -49.003
learning reward             : -49.003
episode length              : 211.5
abstract changes / episode  : 5.3
DFA transitions / episode   : 0.09
DFA transitions in window   : 1->2: 9
epsilon (next episode)       : 0.28931
replay buffer                : 300000 samples [1: 95.2%, 2: 4.8%, 3: 0.0%]
DFA state visits in window   : 1: 20828, 2: 420, 3: 0
DFA state visits cumulative  : 1: 630531, 2: 18509, 3: 1
DFA state entries in window  : 1: 100, 2: 9, 3: 0
DFA state entries cumulative : 1: 3100, 2: 188, 3: 1
transitions cumulative       : 1->2: 188, 2->3: 1
accepted directly from s0    : 0
Gym endings cumulative       : terminated=3009, truncated=90

[Episode 3200/8000 | last 100]
success rate                : 0.0% (cumulative 0.0%)
failure rate                : 0.0% (cumulative 0.0%)
synthetic task reward       : 0.000
shaping reward              : -128.763
learning reward             : -128.763
episode length              : 483.5
abstract changes / episode  : 11.1
DFA transitions / episode   : 0.13
DFA transitions in window   : 1->2: 13
epsilon (next episode)       : 0.27797
replay buffer                : 300000 samples [1: 94.6%, 2: 5.4%, 3: 0.0%]
DFA state visits in window   : 1: 46461, 2: 1986, 3: 0
DFA state visits cumulative  : 1: 676992, 2: 20495, 3: 1
DFA state entries in window  : 1: 100, 2: 13, 3: 0
DFA state entries cumulative : 1: 3200, 2: 201, 3: 1
transitions cumulative       : 1->2: 201, 2->3: 1
accepted directly from s0    : 0
Gym endings cumulative       : terminated=3106, truncated=93

[Episode 3300/8000 | last 100]
success rate                : 4.0% (cumulative 0.2%)
failure rate                : 0.0% (cumulative 0.0%)
synthetic task reward       : 400.000
shaping reward              : 32.211
learning reward             : 432.211
episode length              : 353.6
abstract changes / episode  : 11.6
DFA transitions / episode   : 0.54
DFA transitions in window   : 1->2: 50, 2->3: 4
epsilon (next episode)       : 0.26706
replay buffer                : 300000 samples [1: 93.6%, 2: 6.4%, 3: 0.0%]
DFA state visits in window   : 1: 29360, 2: 6098, 3: 4
DFA state visits cumulative  : 1: 706352, 2: 26593, 3: 5
DFA state entries in window  : 1: 100, 2: 50, 3: 4
DFA state entries cumulative : 1: 3300, 2: 251, 3: 5
transitions cumulative       : 1->2: 251, 2->3: 5
accepted directly from s0    : 0
Gym endings cumulative       : terminated=3200, truncated=95

[Episode 3400/8000 | last 100]
success rate                : 5.0% (cumulative 0.3%)
failure rate                : 0.0% (cumulative 0.0%)
synthetic task reward       : 500.000
shaping reward              : 75.121
learning reward             : 575.121
episode length              : 320.6
abstract changes / episode  : 12.0
DFA transitions / episode   : 0.59
DFA transitions in window   : 1->2: 54, 2->3: 5
epsilon (next episode)       : 0.25659
replay buffer                : 300000 samples [1: 91.4%, 2: 8.6%, 3: 0.0%]
DFA state visits in window   : 1: 24073, 2: 8082, 3: 5
DFA state visits cumulative  : 1: 730425, 2: 34675, 3: 10
DFA state entries in window  : 1: 100, 2: 54, 3: 5
DFA state entries cumulative : 1: 3400, 2: 305, 3: 10
transitions cumulative       : 1->2: 305, 2->3: 10
accepted directly from s0    : 0
Gym endings cumulative       : terminated=3295, truncated=95

[Episode 3500/8000 | last 100]
success rate                : 10.0% (cumulative 0.6%)
failure rate                : 0.0% (cumulative 0.0%)
synthetic task reward       : 1000.000
shaping reward              : 220.217
learning reward             : 1220.217
episode length              : 326.8
abstract changes / episode  : 12.4
DFA transitions / episode   : 0.90
DFA transitions in window   : 1->2: 80, 2->3: 10
epsilon (next episode)       : 0.24653
replay buffer                : 300000 samples [1: 87.9%, 2: 12.1%, 3: 0.0%]
DFA state visits in window   : 1: 20826, 2: 11944, 3: 10
DFA state visits cumulative  : 1: 751251, 2: 46619, 3: 20
DFA state entries in window  : 1: 100, 2: 80, 3: 10
DFA state entries cumulative : 1: 3500, 2: 385, 3: 20
transitions cumulative       : 1->2: 385, 2->3: 20
accepted directly from s0    : 0
Gym endings cumulative       : terminated=3385, truncated=95

Starting autonomous greedy evaluation at episode 3500 (1000 fixed-seed episodes)...
[Greedy evaluation at episode 3500 | 1000 fixed-seed episodes]
success=1.9%, failure=0.0%, task reward=190.000, length=567.2
DFA transitions: 1->2: 405, 2->3: 19
Best policy updated from autonomous greedy evaluation at episode 3500.

[Episode 3600/8000 | last 100]
success rate                : 12.0% (cumulative 0.9%)
failure rate                : 0.0% (cumulative 0.0%)
synthetic task reward       : 1200.000
shaping reward              : 151.042
learning reward             : 1351.042
episode length              : 283.9
abstract changes / episode  : 12.5
DFA transitions / episode   : 0.81
DFA transitions in window   : 1->2: 69, 2->3: 12
epsilon (next episode)       : 0.23686
replay buffer                : 300000 samples [1: 84.9%, 2: 15.1%, 3: 0.0%]
DFA state visits in window   : 1: 17588, 2: 10888, 3: 12
DFA state visits cumulative  : 1: 768839, 2: 57507, 3: 32
DFA state entries in window  : 1: 100, 2: 69, 3: 12
DFA state entries cumulative : 1: 3600, 2: 454, 3: 32
transitions cumulative       : 1->2: 454, 2->3: 32
accepted directly from s0    : 0
Gym endings cumulative       : terminated=3473, truncated=95

[Episode 3700/8000 | last 100]
success rate                : 19.0% (cumulative 1.4%)
failure rate                : 0.0% (cumulative 0.0%)
synthetic task reward       : 1900.000
shaping reward              : 183.766
learning reward             : 2083.766
episode length              : 300.6
abstract changes / episode  : 13.8
DFA transitions / episode   : 1.01
DFA transitions in window   : 1->2: 82, 2->3: 19
epsilon (next episode)       : 0.22757
replay buffer                : 300000 samples [1: 81.4%, 2: 18.6%, 3: 0.0%]
DFA state visits in window   : 1: 18761, 2: 11378, 3: 19
DFA state visits cumulative  : 1: 787600, 2: 68885, 3: 51
DFA state entries in window  : 1: 100, 2: 82, 3: 19
DFA state entries cumulative : 1: 3700, 2: 536, 3: 51
transitions cumulative       : 1->2: 536, 2->3: 51
accepted directly from s0    : 0
Gym endings cumulative       : terminated=3554, truncated=95

[Episode 3800/8000 | last 100]
success rate                : 18.0% (cumulative 1.8%)
failure rate                : 0.0% (cumulative 0.0%)
synthetic task reward       : 1800.000
shaping reward              : 182.629
learning reward             : 1982.629
episode length              : 298.0
abstract changes / episode  : 14.3
DFA transitions / episode   : 1.05
DFA transitions in window   : 1->2: 87, 2->3: 18
epsilon (next episode)       : 0.21865
replay buffer                : 300000 samples [1: 78.0%, 2: 22.0%, 3: 0.0%]
DFA state visits in window   : 1: 17886, 2: 11997, 3: 18
DFA state visits cumulative  : 1: 805486, 2: 80882, 3: 69
DFA state entries in window  : 1: 100, 2: 87, 3: 18
DFA state entries cumulative : 1: 3800, 2: 623, 3: 69
transitions cumulative       : 1->2: 623, 2->3: 69
accepted directly from s0    : 0
Gym endings cumulative       : terminated=3635, truncated=96

[Episode 3900/8000 | last 100]
success rate                : 24.0% (cumulative 2.4%)
failure rate                : 0.0% (cumulative 0.0%)
synthetic task reward       : 2400.000
shaping reward              : 196.250
learning reward             : 2596.250
episode length              : 288.4
abstract changes / episode  : 13.3
DFA transitions / episode   : 1.02
DFA transitions in window   : 1->2: 78, 2->3: 24
epsilon (next episode)       : 0.21007
replay buffer                : 300000 samples [1: 75.6%, 2: 24.4%, 3: 0.0%]
DFA state visits in window   : 1: 18479, 2: 10437, 3: 24
DFA state visits cumulative  : 1: 823965, 2: 91319, 3: 93
DFA state entries in window  : 1: 100, 2: 78, 3: 24
DFA state entries cumulative : 1: 3900, 2: 701, 3: 93
transitions cumulative       : 1->2: 701, 2->3: 93
accepted directly from s0    : 0
Gym endings cumulative       : terminated=3710, truncated=97

[Episode 4000/8000 | last 100]
success rate                : 34.0% (cumulative 3.2%)
failure rate                : 0.0% (cumulative 0.0%)
synthetic task reward       : 3400.000
shaping reward              : 237.566
learning reward             : 3637.566
episode length              : 291.6
abstract changes / episode  : 14.2
DFA transitions / episode   : 1.15
DFA transitions in window   : 1->2: 81, 2->3: 34
epsilon (next episode)       : 0.20183
replay buffer                : 300000 samples [1: 72.2%, 2: 27.8%, 3: 0.0%]
DFA state visits in window   : 1: 18302, 2: 10921, 3: 34
DFA state visits cumulative  : 1: 842267, 2: 102240, 3: 127
DFA state entries in window  : 1: 100, 2: 81, 3: 34
DFA state entries cumulative : 1: 4000, 2: 782, 3: 127
transitions cumulative       : 1->2: 782, 2->3: 127
accepted directly from s0    : 0
Gym endings cumulative       : terminated=3776, truncated=97

Starting autonomous greedy evaluation at episode 4000 (1000 fixed-seed episodes)...
[Greedy evaluation at episode 4000 | 1000 fixed-seed episodes]
success=16.5%, failure=0.0%, task reward=1650.000, length=488.3
DFA transitions: 1->2: 620, 2->3: 165
Best policy updated from autonomous greedy evaluation at episode 4000.

[Episode 4100/8000 | last 100]
success rate                : 34.0% (cumulative 3.9%)
failure rate                : 0.0% (cumulative 0.0%)
synthetic task reward       : 3400.000
shaping reward              : 266.254
learning reward             : 3666.254
episode length              : 286.9
abstract changes / episode  : 13.7
DFA transitions / episode   : 1.19
DFA transitions in window   : 1->2: 85, 2->3: 34
epsilon (next episode)       : 0.19392
replay buffer                : 300000 samples [1: 68.7%, 2: 31.3%, 3: 0.0%]
DFA state visits in window   : 1: 17024, 2: 11737, 3: 34
DFA state visits cumulative  : 1: 859291, 2: 113977, 3: 161
DFA state entries in window  : 1: 100, 2: 85, 3: 34
DFA state entries cumulative : 1: 4100, 2: 867, 3: 161
transitions cumulative       : 1->2: 867, 2->3: 161
accepted directly from s0    : 0
Gym endings cumulative       : terminated=3842, truncated=97

[Episode 4200/8000 | last 100]
success rate                : 43.0% (cumulative 4.9%)
failure rate                : 0.0% (cumulative 0.0%)
synthetic task reward       : 4300.000
shaping reward              : 266.337
learning reward             : 4566.337
episode length              : 260.8
abstract changes / episode  : 12.9
DFA transitions / episode   : 1.25
DFA transitions in window   : 1->2: 82, 2->3: 43
epsilon (next episode)       : 0.18631
replay buffer                : 300000 samples [1: 65.4%, 2: 34.6%, 3: 0.0%]
DFA state visits in window   : 1: 15233, 2: 10903, 3: 43
DFA state visits cumulative  : 1: 874524, 2: 124880, 3: 204
DFA state entries in window  : 1: 100, 2: 82, 3: 43
DFA state entries cumulative : 1: 4200, 2: 949, 3: 204
transitions cumulative       : 1->2: 949, 2->3: 204
accepted directly from s0    : 0
Gym endings cumulative       : terminated=3899, truncated=97

[Episode 4300/8000 | last 100]
success rate                : 60.0% (cumulative 6.1%)
failure rate                : 0.0% (cumulative 0.0%)
synthetic task reward       : 6000.000
shaping reward              : 303.627
learning reward             : 6303.627
episode length              : 268.3
abstract changes / episode  : 14.2
DFA transitions / episode   : 1.49
DFA transitions in window   : 1->2: 89, 2->3: 60
epsilon (next episode)       : 0.17900
replay buffer                : 300000 samples [1: 63.3%, 2: 36.7%, 3: 0.0%]
DFA state visits in window   : 1: 15438, 2: 11429, 3: 60
DFA state visits cumulative  : 1: 889962, 2: 136309, 3: 264
DFA state entries in window  : 1: 100, 2: 89, 3: 60
DFA state entries cumulative : 1: 4300, 2: 1038, 3: 264
transitions cumulative       : 1->2: 1038, 2->3: 264
accepted directly from s0    : 0
Gym endings cumulative       : terminated=3939, truncated=97

[Episode 4400/8000 | last 100]
success rate                : 60.0% (cumulative 7.4%)
failure rate                : 0.0% (cumulative 0.0%)
synthetic task reward       : 6000.000
shaping reward              : 266.403
learning reward             : 6266.403
episode length              : 239.5
abstract changes / episode  : 12.1
DFA transitions / episode   : 1.40
DFA transitions in window   : 1->2: 80, 2->3: 60
epsilon (next episode)       : 0.17198
replay buffer                : 300000 samples [1: 61.4%, 2: 38.6%, 3: 0.0%]
DFA state visits in window   : 1: 14062, 2: 9929, 3: 60
DFA state visits cumulative  : 1: 904024, 2: 146238, 3: 324
DFA state entries in window  : 1: 100, 2: 80, 3: 60
DFA state entries cumulative : 1: 4400, 2: 1118, 3: 324
transitions cumulative       : 1->2: 1118, 2->3: 324
accepted directly from s0    : 0
Gym endings cumulative       : terminated=3979, truncated=97

[Episode 4500/8000 | last 100]
success rate                : 48.0% (cumulative 8.3%)
failure rate                : 0.0% (cumulative 0.0%)
synthetic task reward       : 4800.000
shaping reward              : 177.816
learning reward             : 4977.816
episode length              : 215.7
abstract changes / episode  : 10.2
DFA transitions / episode   : 1.10
DFA transitions in window   : 1->2: 62, 2->3: 48
epsilon (next episode)       : 0.16524
replay buffer                : 300000 samples [1: 61.0%, 2: 39.0%, 3: 0.0%]
DFA state visits in window   : 1: 13974, 2: 7645, 3: 48
DFA state visits cumulative  : 1: 917998, 2: 153883, 3: 372
DFA state entries in window  : 1: 100, 2: 62, 3: 48
DFA state entries cumulative : 1: 4500, 2: 1180, 3: 372
transitions cumulative       : 1->2: 1180, 2->3: 372
accepted directly from s0    : 0
Gym endings cumulative       : terminated=4031, truncated=97

Starting autonomous greedy evaluation at episode 4500 (1000 fixed-seed episodes)...
[Greedy evaluation at episode 4500 | 1000 fixed-seed episodes]
success=66.5%, failure=0.0%, task reward=6650.000, length=215.2
DFA transitions: 1->2: 691, 2->3: 665
Best policy updated from autonomous greedy evaluation at episode 4500.

[Episode 4600/8000 | last 100]
success rate                : 56.0% (cumulative 9.3%)
failure rate                : 0.0% (cumulative 0.0%)
synthetic task reward       : 5600.000
shaping reward              : 261.025
learning reward             : 5861.025
episode length              : 249.1
abstract changes / episode  : 12.0
DFA transitions / episode   : 1.32
DFA transitions in window   : 1->2: 76, 2->3: 56
epsilon (next episode)       : 0.15876
replay buffer                : 300000 samples [1: 61.1%, 2: 38.9%, 3: 0.0%]
DFA state visits in window   : 1: 15971, 2: 8979, 3: 56
DFA state visits cumulative  : 1: 933969, 2: 162862, 3: 428
DFA state entries in window  : 1: 100, 2: 76, 3: 56
DFA state entries cumulative : 1: 4600, 2: 1256, 3: 428
transitions cumulative       : 1->2: 1256, 2->3: 428
accepted directly from s0    : 0
Gym endings cumulative       : terminated=4075, truncated=97

[Episode 4700/8000 | last 100]
success rate                : 69.0% (cumulative 10.6%)
failure rate                : 0.0% (cumulative 0.0%)
synthetic task reward       : 6900.000
shaping reward              : 323.759
learning reward             : 7223.759
episode length              : 271.5
abstract changes / episode  : 13.7
DFA transitions / episode   : 1.54
DFA transitions in window   : 1->2: 85, 2->3: 69
epsilon (next episode)       : 0.15253
replay buffer                : 300000 samples [1: 61.2%, 2: 38.8%, 3: 0.0%]
DFA state visits in window   : 1: 16762, 2: 10421, 3: 69
DFA state visits cumulative  : 1: 950731, 2: 173283, 3: 497
DFA state entries in window  : 1: 100, 2: 85, 3: 69
DFA state entries cumulative : 1: 4700, 2: 1341, 3: 497
transitions cumulative       : 1->2: 1341, 2->3: 497
accepted directly from s0    : 0
Gym endings cumulative       : terminated=4106, truncated=97

[Episode 4800/8000 | last 100]
success rate                : 74.0% (cumulative 11.9%)
failure rate                : 0.0% (cumulative 0.0%)
synthetic task reward       : 7400.000
shaping reward              : 351.954
learning reward             : 7751.954
episode length              : 275.0
abstract changes / episode  : 13.2
DFA transitions / episode   : 1.65
DFA transitions in window   : 1->2: 91, 2->3: 74
epsilon (next episode)       : 0.14655
replay buffer                : 300000 samples [1: 61.0%, 2: 39.0%, 3: 0.0%]
DFA state visits in window   : 1: 16628, 2: 10895, 3: 74
DFA state visits cumulative  : 1: 967359, 2: 184178, 3: 571
DFA state entries in window  : 1: 100, 2: 91, 3: 74
DFA state entries cumulative : 1: 4800, 2: 1432, 3: 571
transitions cumulative       : 1->2: 1432, 2->3: 571
accepted directly from s0    : 0
Gym endings cumulative       : terminated=4132, truncated=97

[Episode 4900/8000 | last 100]
success rate                : 68.0% (cumulative 13.0%)
failure rate                : 0.0% (cumulative 0.0%)
synthetic task reward       : 6800.000
shaping reward              : 304.264
learning reward             : 7104.264
episode length              : 242.2
abstract changes / episode  : 11.7
DFA transitions / episode   : 1.49
DFA transitions in window   : 1->2: 81, 2->3: 68
epsilon (next episode)       : 0.14080
replay buffer                : 300000 samples [1: 61.1%, 2: 38.9%, 3: 0.0%]
DFA state visits in window   : 1: 15002, 2: 9253, 3: 68
DFA state visits cumulative  : 1: 982361, 2: 193431, 3: 639
DFA state entries in window  : 1: 100, 2: 81, 3: 68
DFA state entries cumulative : 1: 4900, 2: 1513, 3: 639
transitions cumulative       : 1->2: 1513, 2->3: 639
accepted directly from s0    : 0
Gym endings cumulative       : terminated=4164, truncated=97

[Episode 5000/8000 | last 100]
success rate                : 59.0% (cumulative 14.0%)
failure rate                : 0.0% (cumulative 0.0%)
synthetic task reward       : 5900.000
shaping reward              : 245.974
learning reward             : 6145.974
episode length              : 253.0
abstract changes / episode  : 12.0
DFA transitions / episode   : 1.36
DFA transitions in window   : 1->2: 77, 2->3: 59
epsilon (next episode)       : 0.13528
replay buffer                : 300000 samples [1: 61.6%, 2: 38.4%, 3: 0.0%]
DFA state visits in window   : 1: 16567, 2: 8778, 3: 59
DFA state visits cumulative  : 1: 998928, 2: 202209, 3: 698
DFA state entries in window  : 1: 100, 2: 77, 3: 59
DFA state entries cumulative : 1: 5000, 2: 1590, 3: 698
transitions cumulative       : 1->2: 1590, 2->3: 698
accepted directly from s0    : 0
Gym endings cumulative       : terminated=4205, truncated=97

Starting autonomous greedy evaluation at episode 5000 (1000 fixed-seed episodes)...
[Greedy evaluation at episode 5000 | 1000 fixed-seed episodes]
success=67.1%, failure=0.0%, task reward=6710.000, length=255.9
DFA transitions: 1->2: 950, 2->3: 671
Best policy updated from autonomous greedy evaluation at episode 5000.

[Episode 5100/8000 | last 100]
success rate                : 55.0% (cumulative 14.8%)
failure rate                : 0.0% (cumulative 0.0%)
synthetic task reward       : 5500.000
shaping reward              : 271.912
learning reward             : 5771.912
episode length              : 232.0
abstract changes / episode  : 11.3
DFA transitions / episode   : 1.39
DFA transitions in window   : 1->2: 84, 2->3: 55
epsilon (next episode)       : 0.12998
replay buffer                : 300000 samples [1: 60.9%, 2: 39.1%, 3: 0.0%]
DFA state visits in window   : 1: 13560, 2: 9683, 3: 55
DFA state visits cumulative  : 1: 1012488, 2: 211892, 3: 753
DFA state entries in window  : 1: 100, 2: 84, 3: 55
DFA state entries cumulative : 1: 5100, 2: 1674, 3: 753
transitions cumulative       : 1->2: 1674, 2->3: 753
accepted directly from s0    : 0
Gym endings cumulative       : terminated=4250, truncated=97

[Episode 5200/8000 | last 100]
success rate                : 52.0% (cumulative 15.5%)
failure rate                : 0.0% (cumulative 0.0%)
synthetic task reward       : 5200.000
shaping reward              : 264.699
learning reward             : 5464.699
episode length              : 264.5
abstract changes / episode  : 12.1
DFA transitions / episode   : 1.32
DFA transitions in window   : 1->2: 80, 2->3: 52
epsilon (next episode)       : 0.12488
replay buffer                : 300000 samples [1: 61.0%, 2: 39.0%, 3: 0.0%]
DFA state visits in window   : 1: 16686, 2: 9811, 3: 52
DFA state visits cumulative  : 1: 1029174, 2: 221703, 3: 805
DFA state entries in window  : 1: 100, 2: 80, 3: 52
DFA state entries cumulative : 1: 5200, 2: 1754, 3: 805
transitions cumulative       : 1->2: 1754, 2->3: 805
accepted directly from s0    : 0
Gym endings cumulative       : terminated=4297, truncated=98

[Episode 5300/8000 | last 100]
success rate                : 69.0% (cumulative 16.5%)
failure rate                : 0.0% (cumulative 0.0%)
synthetic task reward       : 6900.000
shaping reward              : 326.670
learning reward             : 7226.670
episode length              : 252.3
abstract changes / episode  : 12.6
DFA transitions / episode   : 1.57
DFA transitions in window   : 1->2: 88, 2->3: 69
epsilon (next episode)       : 0.11998
replay buffer                : 300000 samples [1: 61.2%, 2: 38.8%, 3: 0.0%]
DFA state visits in window   : 1: 15182, 2: 10084, 3: 69
DFA state visits cumulative  : 1: 1044356, 2: 231787, 3: 874
DFA state entries in window  : 1: 100, 2: 88, 3: 69
DFA state entries cumulative : 1: 5300, 2: 1842, 3: 874
transitions cumulative       : 1->2: 1842, 2->3: 874
accepted directly from s0    : 0
Gym endings cumulative       : terminated=4328, truncated=98

[Episode 5400/8000 | last 100]
success rate                : 72.0% (cumulative 17.5%)
failure rate                : 0.0% (cumulative 0.0%)
synthetic task reward       : 7200.000
shaping reward              : 371.438
learning reward             : 7571.438
episode length              : 236.7
abstract changes / episode  : 12.5
DFA transitions / episode   : 1.66
DFA transitions in window   : 1->2: 94, 2->3: 72
epsilon (next episode)       : 0.11528
replay buffer                : 300000 samples [1: 61.0%, 2: 39.0%, 3: 0.0%]
DFA state visits in window   : 1: 13304, 2: 10391, 3: 72
DFA state visits cumulative  : 1: 1057660, 2: 242178, 3: 946
DFA state entries in window  : 1: 100, 2: 94, 3: 72
DFA state entries cumulative : 1: 5400, 2: 1936, 3: 946
transitions cumulative       : 1->2: 1936, 2->3: 946
accepted directly from s0    : 0
Gym endings cumulative       : terminated=4356, truncated=98

[Episode 5500/8000 | last 100]
success rate                : 63.0% (cumulative 18.3%)
failure rate                : 0.0% (cumulative 0.0%)
synthetic task reward       : 6300.000
shaping reward              : 279.108
learning reward             : 6579.108
episode length              : 243.7
abstract changes / episode  : 12.0
DFA transitions / episode   : 1.42
DFA transitions in window   : 1->2: 79, 2->3: 63
epsilon (next episode)       : 0.11075
replay buffer                : 300000 samples [1: 61.6%, 2: 38.4%, 3: 0.0%]
DFA state visits in window   : 1: 15992, 2: 8418, 3: 63
DFA state visits cumulative  : 1: 1073652, 2: 250596, 3: 1009
DFA state entries in window  : 1: 100, 2: 79, 3: 63
DFA state entries cumulative : 1: 5500, 2: 2015, 3: 1009
transitions cumulative       : 1->2: 2015, 2->3: 1009
accepted directly from s0    : 0
Gym endings cumulative       : terminated=4393, truncated=98

Starting autonomous greedy evaluation at episode 5500 (1000 fixed-seed episodes)...
[Greedy evaluation at episode 5500 | 1000 fixed-seed episodes]
success=73.9%, failure=0.0%, task reward=7390.000, length=239.0
DFA transitions: 1->2: 878, 2->3: 739
Best policy updated from autonomous greedy evaluation at episode 5500.

[Episode 5600/8000 | last 100]
success rate                : 74.0% (cumulative 19.3%)
failure rate                : 0.0% (cumulative 0.0%)
synthetic task reward       : 7400.000
shaping reward              : 340.434
learning reward             : 7740.434
episode length              : 247.2
abstract changes / episode  : 12.3
DFA transitions / episode   : 1.60
DFA transitions in window   : 1->2: 86, 2->3: 74
epsilon (next episode)       : 0.10641
replay buffer                : 300000 samples [1: 61.7%, 2: 38.3%, 3: 0.0%]
DFA state visits in window   : 1: 14754, 2: 9987, 3: 74
DFA state visits cumulative  : 1: 1088406, 2: 260583, 3: 1083
DFA state entries in window  : 1: 100, 2: 86, 3: 74
DFA state entries cumulative : 1: 5600, 2: 2101, 3: 1083
transitions cumulative       : 1->2: 2101, 2->3: 1083
accepted directly from s0    : 0
Gym endings cumulative       : terminated=4419, truncated=98

[Episode 5700/8000 | last 100]
success rate                : 76.0% (cumulative 20.3%)
failure rate                : 0.0% (cumulative 0.0%)
synthetic task reward       : 7600.000
shaping reward              : 367.307
learning reward             : 7967.307
episode length              : 258.7
abstract changes / episode  : 13.0
DFA transitions / episode   : 1.70
DFA transitions in window   : 1->2: 94, 2->3: 76
epsilon (next episode)       : 0.10224
replay buffer                : 300000 samples [1: 61.1%, 2: 38.9%, 3: 0.0%]
DFA state visits in window   : 1: 14545, 2: 11350, 3: 76
DFA state visits cumulative  : 1: 1102951, 2: 271933, 3: 1159
DFA state entries in window  : 1: 100, 2: 94, 3: 76
DFA state entries cumulative : 1: 5700, 2: 2195, 3: 1159
transitions cumulative       : 1->2: 2195, 2->3: 1159
accepted directly from s0    : 0
Gym endings cumulative       : terminated=4443, truncated=98

[Episode 5800/8000 | last 100]
success rate                : 78.0% (cumulative 21.3%)
failure rate                : 0.0% (cumulative 0.0%)
synthetic task reward       : 7800.000
shaping reward              : 362.746
learning reward             : 8162.746
episode length              : 253.5
abstract changes / episode  : 12.7
DFA transitions / episode   : 1.69
DFA transitions in window   : 1->2: 91, 2->3: 78
epsilon (next episode)       : 0.09823
replay buffer                : 300000 samples [1: 60.6%, 2: 39.4%, 3: 0.0%]
DFA state visits in window   : 1: 14926, 2: 10442, 3: 78
DFA state visits cumulative  : 1: 1117877, 2: 282375, 3: 1237
DFA state entries in window  : 1: 100, 2: 91, 3: 78
DFA state entries cumulative : 1: 5800, 2: 2286, 3: 1237
transitions cumulative       : 1->2: 2286, 2->3: 1237
accepted directly from s0    : 0
Gym endings cumulative       : terminated=4465, truncated=98

[Episode 5900/8000 | last 100]
success rate                : 70.0% (cumulative 22.2%)
failure rate                : 0.0% (cumulative 0.0%)
synthetic task reward       : 7000.000
shaping reward              : 324.943
learning reward             : 7324.943
episode length              : 253.1
abstract changes / episode  : 12.2
DFA transitions / episode   : 1.53
DFA transitions in window   : 1->2: 83, 2->3: 70
epsilon (next episode)       : 0.09438
replay buffer                : 300000 samples [1: 60.7%, 2: 39.3%, 3: 0.0%]
DFA state visits in window   : 1: 15910, 2: 9433, 3: 70
DFA state visits cumulative  : 1: 1133787, 2: 291808, 3: 1307
DFA state entries in window  : 1: 100, 2: 83, 3: 70
DFA state entries cumulative : 1: 5900, 2: 2369, 3: 1307
transitions cumulative       : 1->2: 2369, 2->3: 1307
accepted directly from s0    : 0
Gym endings cumulative       : terminated=4495, truncated=98

[Episode 6000/8000 | last 100]
success rate                : 64.0% (cumulative 22.9%)
failure rate                : 0.0% (cumulative 0.0%)
synthetic task reward       : 6400.000
shaping reward              : 279.992
learning reward             : 6679.992
episode length              : 246.7
abstract changes / episode  : 11.5
DFA transitions / episode   : 1.38
DFA transitions in window   : 1->2: 74, 2->3: 64
epsilon (next episode)       : 0.09067
replay buffer                : 300000 samples [1: 61.1%, 2: 38.9%, 3: 0.0%]
DFA state visits in window   : 1: 16215, 2: 8490, 3: 64
DFA state visits cumulative  : 1: 1150002, 2: 300298, 3: 1371
DFA state entries in window  : 1: 100, 2: 74, 3: 64
DFA state entries cumulative : 1: 6000, 2: 2443, 3: 1371
transitions cumulative       : 1->2: 2443, 2->3: 1371
accepted directly from s0    : 0
Gym endings cumulative       : terminated=4531, truncated=98

Starting autonomous greedy evaluation at episode 6000 (1000 fixed-seed episodes)...
[Greedy evaluation at episode 6000 | 1000 fixed-seed episodes]
success=67.1%, failure=0.0%, task reward=6710.000, length=254.8
DFA transitions: 1->2: 876, 2->3: 671

[Episode 6100/8000 | last 100]
success rate                : 74.0% (cumulative 23.7%)
failure rate                : 0.0% (cumulative 0.0%)
synthetic task reward       : 7400.000
shaping reward              : 349.993
learning reward             : 7749.993
episode length              : 254.1
abstract changes / episode  : 11.8
DFA transitions / episode   : 1.61
DFA transitions in window   : 1->2: 87, 2->3: 74
epsilon (next episode)       : 0.08712
replay buffer                : 300000 samples [1: 61.1%, 2: 38.9%, 3: 0.0%]
DFA state visits in window   : 1: 15652, 2: 9785, 3: 74
DFA state visits cumulative  : 1: 1165654, 2: 310083, 3: 1445
DFA state entries in window  : 1: 100, 2: 87, 3: 74
DFA state entries cumulative : 1: 6100, 2: 2530, 3: 1445
transitions cumulative       : 1->2: 2530, 2->3: 1445
accepted directly from s0    : 0
Gym endings cumulative       : terminated=4557, truncated=98

[Episode 6200/8000 | last 100]
success rate                : 71.0% (cumulative 24.5%)
failure rate                : 0.0% (cumulative 0.0%)
synthetic task reward       : 7100.000
shaping reward              : 299.656
learning reward             : 7399.656
episode length              : 227.7
abstract changes / episode  : 10.9
DFA transitions / episode   : 1.47
DFA transitions in window   : 1->2: 76, 2->3: 71
epsilon (next episode)       : 0.08370
replay buffer                : 300000 samples [1: 61.1%, 2: 38.9%, 3: 0.0%]
DFA state visits in window   : 1: 14587, 2: 8215, 3: 71
DFA state visits cumulative  : 1: 1180241, 2: 318298, 3: 1516
DFA state entries in window  : 1: 100, 2: 76, 3: 71
DFA state entries cumulative : 1: 6200, 2: 2606, 3: 1516
transitions cumulative       : 1->2: 2606, 2->3: 1516
accepted directly from s0    : 0
Gym endings cumulative       : terminated=4586, truncated=98

[Episode 6300/8000 | last 100]
success rate                : 86.0% (cumulative 25.4%)
failure rate                : 0.0% (cumulative 0.0%)
synthetic task reward       : 8600.000
shaping reward              : 370.872
learning reward             : 8970.872
episode length              : 239.3
abstract changes / episode  : 12.5
DFA transitions / episode   : 1.74
DFA transitions in window   : 1->2: 88, 2->3: 86
epsilon (next episode)       : 0.08042
replay buffer                : 300000 samples [1: 61.2%, 2: 38.8%, 3: 0.0%]
DFA state visits in window   : 1: 14623, 2: 9326, 3: 86
DFA state visits cumulative  : 1: 1194864, 2: 327624, 3: 1602
DFA state entries in window  : 1: 100, 2: 88, 3: 86
DFA state entries cumulative : 1: 6300, 2: 2694, 3: 1602
transitions cumulative       : 1->2: 2694, 2->3: 1602
accepted directly from s0    : 0
Gym endings cumulative       : terminated=4600, truncated=98

[Episode 6400/8000 | last 100]
success rate                : 76.0% (cumulative 26.2%)
failure rate                : 0.0% (cumulative 0.0%)
synthetic task reward       : 7600.000
shaping reward              : 309.682
learning reward             : 7909.682
episode length              : 272.3
abstract changes / episode  : 12.5
DFA transitions / episode   : 1.55
DFA transitions in window   : 1->2: 79, 2->3: 76
epsilon (next episode)       : 0.07727
replay buffer                : 300000 samples [1: 61.8%, 2: 38.2%, 3: 0.0%]
DFA state visits in window   : 1: 18955, 2: 8295, 3: 76
DFA state visits cumulative  : 1: 1213819, 2: 335919, 3: 1678
DFA state entries in window  : 1: 100, 2: 79, 3: 76
DFA state entries cumulative : 1: 6400, 2: 2773, 3: 1678
transitions cumulative       : 1->2: 2773, 2->3: 1678
accepted directly from s0    : 0
Gym endings cumulative       : terminated=4624, truncated=98

[Episode 6500/8000 | last 100]
success rate                : 62.0% (cumulative 26.8%)
failure rate                : 0.0% (cumulative 0.0%)
synthetic task reward       : 6200.000
shaping reward              : 256.728
learning reward             : 6456.728
episode length              : 247.4
abstract changes / episode  : 11.6
DFA transitions / episode   : 1.36
DFA transitions in window   : 1->2: 74, 2->3: 62
epsilon (next episode)       : 0.07423
replay buffer                : 300000 samples [1: 62.4%, 2: 37.6%, 3: 0.0%]
DFA state visits in window   : 1: 16725, 2: 8050, 3: 62
DFA state visits cumulative  : 1: 1230544, 2: 343969, 3: 1740
DFA state entries in window  : 1: 100, 2: 74, 3: 62
DFA state entries cumulative : 1: 6500, 2: 2847, 3: 1740
transitions cumulative       : 1->2: 2847, 2->3: 1740
accepted directly from s0    : 0
Gym endings cumulative       : terminated=4662, truncated=98

Starting autonomous greedy evaluation at episode 6500 (1000 fixed-seed episodes)...
[Greedy evaluation at episode 6500 | 1000 fixed-seed episodes]
success=60.1%, failure=0.0%, task reward=6010.000, length=240.2
DFA transitions: 1->2: 747, 2->3: 601

[Episode 6600/8000 | last 100]
success rate                : 34.0% (cumulative 26.9%)
failure rate                : 0.0% (cumulative 0.0%)
synthetic task reward       : 3400.000
shaping reward              : 226.241
learning reward             : 3626.241
episode length              : 217.9
abstract changes / episode  : 11.0
DFA transitions / episode   : 1.05
DFA transitions in window   : 1->2: 71, 2->3: 34
epsilon (next episode)       : 0.07132
replay buffer                : 300000 samples [1: 62.9%, 2: 37.1%, 3: 0.0%]
DFA state visits in window   : 1: 13806, 2: 8050, 3: 34
DFA state visits cumulative  : 1: 1244350, 2: 352019, 3: 1774
DFA state entries in window  : 1: 100, 2: 71, 3: 34
DFA state entries cumulative : 1: 6600, 2: 2918, 3: 1774
transitions cumulative       : 1->2: 2918, 2->3: 1774
accepted directly from s0    : 0
Gym endings cumulative       : terminated=4728, truncated=98

[Episode 6700/8000 | last 100]
success rate                : 33.0% (cumulative 27.0%)
failure rate                : 0.0% (cumulative 0.0%)
synthetic task reward       : 3300.000
shaping reward              : 243.422
learning reward             : 3543.422
episode length              : 223.3
abstract changes / episode  : 10.5
DFA transitions / episode   : 1.11
DFA transitions in window   : 1->2: 78, 2->3: 33
epsilon (next episode)       : 0.06853
replay buffer                : 300000 samples [1: 62.1%, 2: 37.9%, 3: 0.0%]
DFA state visits in window   : 1: 12069, 2: 10329, 3: 33
DFA state visits cumulative  : 1: 1256419, 2: 362348, 3: 1807
DFA state entries in window  : 1: 100, 2: 78, 3: 33
DFA state entries cumulative : 1: 6700, 2: 2996, 3: 1807
transitions cumulative       : 1->2: 2996, 2->3: 1807
accepted directly from s0    : 0
Gym endings cumulative       : terminated=4795, truncated=98

[Episode 6800/8000 | last 100]
success rate                : 67.0% (cumulative 27.6%)
failure rate                : 0.0% (cumulative 0.0%)
synthetic task reward       : 6700.000
shaping reward              : 376.704
learning reward             : 7076.704
episode length              : 243.0
abstract changes / episode  : 12.4
DFA transitions / episode   : 1.59
DFA transitions in window   : 1->2: 92, 2->3: 67
epsilon (next episode)       : 0.06584
replay buffer                : 300000 samples [1: 62.1%, 2: 37.9%, 3: 0.0%]
DFA state visits in window   : 1: 14779, 2: 9555, 3: 67
DFA state visits cumulative  : 1: 1271198, 2: 371903, 3: 1874
DFA state entries in window  : 1: 100, 2: 92, 3: 67
DFA state entries cumulative : 1: 6800, 2: 3088, 3: 1874
transitions cumulative       : 1->2: 3088, 2->3: 1874
accepted directly from s0    : 0
Gym endings cumulative       : terminated=4828, truncated=98

[Episode 6900/8000 | last 100]
success rate                : 54.0% (cumulative 27.9%)
failure rate                : 0.0% (cumulative 0.0%)
synthetic task reward       : 5400.000
shaping reward              : 269.611
learning reward             : 5669.611
episode length              : 261.2
abstract changes / episode  : 12.3
DFA transitions / episode   : 1.34
DFA transitions in window   : 1->2: 80, 2->3: 54
epsilon (next episode)       : 0.06326
replay buffer                : 300000 samples [1: 63.1%, 2: 36.9%, 3: 0.0%]
DFA state visits in window   : 1: 17706, 2: 8457, 3: 54
DFA state visits cumulative  : 1: 1288904, 2: 380360, 3: 1928
DFA state entries in window  : 1: 100, 2: 80, 3: 54
DFA state entries cumulative : 1: 6900, 2: 3168, 3: 1928
transitions cumulative       : 1->2: 3168, 2->3: 1928
accepted directly from s0    : 0
Gym endings cumulative       : terminated=4874, truncated=98

[Episode 7000/8000 | last 100]
success rate                : 58.0% (cumulative 28.4%)
failure rate                : 0.0% (cumulative 0.0%)
synthetic task reward       : 5800.000
shaping reward              : 257.250
learning reward             : 6057.250
episode length              : 256.0
abstract changes / episode  : 11.9
DFA transitions / episode   : 1.31
DFA transitions in window   : 1->2: 73, 2->3: 58
epsilon (next episode)       : 0.06078
replay buffer                : 300000 samples [1: 64.0%, 2: 36.0%, 3: 0.0%]
DFA state visits in window   : 1: 17936, 2: 7703, 3: 58
DFA state visits cumulative  : 1: 1306840, 2: 388063, 3: 1986
DFA state entries in window  : 1: 100, 2: 73, 3: 58
DFA state entries cumulative : 1: 7000, 2: 3241, 3: 1986
transitions cumulative       : 1->2: 3241, 2->3: 1986
accepted directly from s0    : 0
Gym endings cumulative       : terminated=4915, truncated=99

Starting autonomous greedy evaluation at episode 7000 (1000 fixed-seed episodes)...
[Greedy evaluation at episode 7000 | 1000 fixed-seed episodes]
success=57.7%, failure=0.0%, task reward=5770.000, length=253.4
DFA transitions: 1->2: 651, 2->3: 577

[Episode 7100/8000 | last 100]
success rate                : 54.0% (cumulative 28.7%)
failure rate                : 0.0% (cumulative 0.0%)
synthetic task reward       : 5400.000
shaping reward              : 269.505
learning reward             : 5669.505
episode length              : 272.7
abstract changes / episode  : 11.1
DFA transitions / episode   : 1.29
DFA transitions in window   : 1->2: 75, 2->3: 54
epsilon (next episode)       : 0.05839
replay buffer                : 300000 samples [1: 64.9%, 2: 35.1%, 3: 0.0%]
DFA state visits in window   : 1: 19540, 2: 7776, 3: 54
DFA state visits cumulative  : 1: 1326380, 2: 395839, 3: 2040
DFA state entries in window  : 1: 100, 2: 75, 3: 54
DFA state entries cumulative : 1: 7100, 2: 3316, 3: 2040
transitions cumulative       : 1->2: 3316, 2->3: 2040
accepted directly from s0    : 0
Gym endings cumulative       : terminated=4957, truncated=103

[Episode 7200/8000 | last 100]
success rate                : 70.0% (cumulative 29.3%)
failure rate                : 0.0% (cumulative 0.0%)
synthetic task reward       : 7000.000
shaping reward              : 340.034
learning reward             : 7340.034
episode length              : 244.4
abstract changes / episode  : 11.7
DFA transitions / episode   : 1.55
DFA transitions in window   : 1->2: 85, 2->3: 70
epsilon (next episode)       : 0.05610
replay buffer                : 300000 samples [1: 64.8%, 2: 35.2%, 3: 0.0%]
DFA state visits in window   : 1: 15257, 2: 9218, 3: 70
DFA state visits cumulative  : 1: 1341637, 2: 405057, 3: 2110
DFA state entries in window  : 1: 100, 2: 85, 3: 70
DFA state entries cumulative : 1: 7200, 2: 3401, 3: 2110
transitions cumulative       : 1->2: 3401, 2->3: 2110
accepted directly from s0    : 0
Gym endings cumulative       : terminated=4987, truncated=103

[Episode 7300/8000 | last 100]
success rate                : 77.0% (cumulative 30.0%)
failure rate                : 0.0% (cumulative 0.0%)
synthetic task reward       : 7700.000
shaping reward              : 361.630
learning reward             : 8061.630
episode length              : 240.1
abstract changes / episode  : 11.6
DFA transitions / episode   : 1.65
DFA transitions in window   : 1->2: 88, 2->3: 77
epsilon (next episode)       : 0.05390
replay buffer                : 300000 samples [1: 64.8%, 2: 35.2%, 3: 0.0%]
DFA state visits in window   : 1: 14784, 2: 9246, 3: 77
DFA state visits cumulative  : 1: 1356421, 2: 414303, 3: 2187
DFA state entries in window  : 1: 100, 2: 88, 3: 77
DFA state entries cumulative : 1: 7300, 2: 3489, 3: 2187
transitions cumulative       : 1->2: 3489, 2->3: 2187
accepted directly from s0    : 0
Gym endings cumulative       : terminated=5010, truncated=103

[Episode 7400/8000 | last 100]
success rate                : 79.0% (cumulative 30.6%)
failure rate                : 0.0% (cumulative 0.0%)
synthetic task reward       : 7900.000
shaping reward              : 401.340
learning reward             : 8301.340
episode length              : 240.3
abstract changes / episode  : 12.2
DFA transitions / episode   : 1.74
DFA transitions in window   : 1->2: 95, 2->3: 79
epsilon (next episode)       : 0.05179
replay buffer                : 300000 samples [1: 64.2%, 2: 35.8%, 3: 0.0%]
DFA state visits in window   : 1: 14282, 2: 9771, 3: 79
DFA state visits cumulative  : 1: 1370703, 2: 424074, 3: 2266
DFA state entries in window  : 1: 100, 2: 95, 3: 79
DFA state entries cumulative : 1: 7400, 2: 3584, 3: 2266
transitions cumulative       : 1->2: 3584, 2->3: 2266
accepted directly from s0    : 0
Gym endings cumulative       : terminated=5031, truncated=103

[Episode 7500/8000 | last 100]
success rate                : 78.0% (cumulative 31.3%)
failure rate                : 0.0% (cumulative 0.0%)
synthetic task reward       : 7800.000
shaping reward              : 388.918
learning reward             : 8188.918
episode length              : 289.9
abstract changes / episode  : 13.4
DFA transitions / episode   : 1.72
DFA transitions in window   : 1->2: 94, 2->3: 78
epsilon (next episode)       : 0.04976
replay buffer                : 300000 samples [1: 64.8%, 2: 35.2%, 3: 0.0%]
DFA state visits in window   : 1: 19279, 2: 9730, 3: 78
DFA state visits cumulative  : 1: 1389982, 2: 433804, 3: 2344
DFA state entries in window  : 1: 100, 2: 94, 3: 78
DFA state entries cumulative : 1: 7500, 2: 3678, 3: 2344
transitions cumulative       : 1->2: 3678, 2->3: 2344
accepted directly from s0    : 0
Gym endings cumulative       : terminated=5052, truncated=104

Starting autonomous greedy evaluation at episode 7500 (1000 fixed-seed episodes)...
[Greedy evaluation at episode 7500 | 1000 fixed-seed episodes]
success=64.8%, failure=0.0%, task reward=6480.000, length=399.0
DFA transitions: 1->2: 750, 2->3: 648

[Episode 7600/8000 | last 100]
success rate                : 63.0% (cumulative 31.7%)
failure rate                : 0.0% (cumulative 0.0%)
synthetic task reward       : 6300.000
shaping reward              : 273.160
learning reward             : 6573.160
episode length              : 266.3
abstract changes / episode  : 11.2
DFA transitions / episode   : 1.38
DFA transitions in window   : 1->2: 75, 2->3: 63
epsilon (next episode)       : 0.04781
replay buffer                : 300000 samples [1: 64.9%, 2: 35.1%, 3: 0.0%]
DFA state visits in window   : 1: 18984, 2: 7687, 3: 63
DFA state visits cumulative  : 1: 1408966, 2: 441491, 3: 2407
DFA state entries in window  : 1: 100, 2: 75, 3: 63
DFA state entries cumulative : 1: 7600, 2: 3753, 3: 2407
transitions cumulative       : 1->2: 3753, 2->3: 2407
accepted directly from s0    : 0
Gym endings cumulative       : terminated=5084, truncated=109

[Episode 7700/8000 | last 100]
success rate                : 61.0% (cumulative 32.1%)
failure rate                : 0.0% (cumulative 0.0%)
synthetic task reward       : 6100.000
shaping reward              : 326.793
learning reward             : 6426.793
episode length              : 255.8
abstract changes / episode  : 11.9
DFA transitions / episode   : 1.53
DFA transitions in window   : 1->2: 92, 2->3: 61
epsilon (next episode)       : 0.04593
replay buffer                : 300000 samples [1: 64.3%, 2: 35.7%, 3: 0.0%]
DFA state visits in window   : 1: 15343, 2: 10274, 3: 61
DFA state visits cumulative  : 1: 1424309, 2: 451765, 3: 2468
DFA state entries in window  : 1: 100, 2: 92, 3: 61
DFA state entries cumulative : 1: 7700, 2: 3845, 3: 2468
transitions cumulative       : 1->2: 3845, 2->3: 2468
accepted directly from s0    : 0
Gym endings cumulative       : terminated=5123, truncated=109

[Episode 7800/8000 | last 100]
success rate                : 69.0% (cumulative 32.5%)
failure rate                : 0.0% (cumulative 0.0%)
synthetic task reward       : 6900.000
shaping reward              : 352.475
learning reward             : 7252.475
episode length              : 248.4
abstract changes / episode  : 11.7
DFA transitions / episode   : 1.56
DFA transitions in window   : 1->2: 87, 2->3: 69
epsilon (next episode)       : 0.04413
replay buffer                : 300000 samples [1: 64.4%, 2: 35.6%, 3: 0.0%]
DFA state visits in window   : 1: 15422, 2: 9445, 3: 69
DFA state visits cumulative  : 1: 1439731, 2: 461210, 3: 2537
DFA state entries in window  : 1: 100, 2: 87, 3: 69
DFA state entries cumulative : 1: 7800, 2: 3932, 3: 2537
transitions cumulative       : 1->2: 3932, 2->3: 2537
accepted directly from s0    : 0
Gym endings cumulative       : terminated=5154, truncated=109

[Episode 7900/8000 | last 100]
success rate                : 68.0% (cumulative 33.0%)
failure rate                : 0.0% (cumulative 0.0%)
synthetic task reward       : 6800.000
shaping reward              : 317.975
learning reward             : 7117.975
episode length              : 264.9
abstract changes / episode  : 12.4
DFA transitions / episode   : 1.50
DFA transitions in window   : 1->2: 82, 2->3: 68
epsilon (next episode)       : 0.04240
replay buffer                : 300000 samples [1: 65.2%, 2: 34.8%, 3: 0.0%]
DFA state visits in window   : 1: 17364, 2: 9153, 3: 68
DFA state visits cumulative  : 1: 1457095, 2: 470363, 3: 2605
DFA state entries in window  : 1: 100, 2: 82, 3: 68
DFA state entries cumulative : 1: 7900, 2: 4014, 3: 2605
transitions cumulative       : 1->2: 4014, 2->3: 2605
accepted directly from s0    : 0
Gym endings cumulative       : terminated=5186, truncated=109

[Episode 8000/8000 | last 100]
success rate                : 57.0% (cumulative 33.3%)
failure rate                : 0.0% (cumulative 0.0%)
synthetic task reward       : 5700.000
shaping reward              : 247.896
learning reward             : 5947.896
episode length              : 246.7
abstract changes / episode  : 11.5
DFA transitions / episode   : 1.25
DFA transitions in window   : 1->2: 68, 2->3: 57
epsilon (next episode)       : 0.04074
replay buffer                : 300000 samples [1: 65.8%, 2: 34.2%, 3: 0.0%]
DFA state visits in window   : 1: 17270, 2: 7444, 3: 57
DFA state visits cumulative  : 1: 1474365, 2: 477807, 3: 2662
DFA state entries in window  : 1: 100, 2: 68, 3: 57
DFA state entries cumulative : 1: 8000, 2: 4082, 3: 2662
transitions cumulative       : 1->2: 4082, 2->3: 2662
accepted directly from s0    : 0
Gym endings cumulative       : terminated=5229, truncated=109

Starting autonomous greedy evaluation at episode 8000 (1000 fixed-seed episodes)...
[Greedy evaluation at episode 8000 | 1000 fixed-seed episodes]
success=63.2%, failure=0.0%, task reward=6320.000, length=254.0
DFA transitions: 1->2: 715, 2->3: 632
Last policy saved after episode 8000. Best greedy evaluation: episode 5500, mean task reward=7390.000
