
=== NEW RUN ===
episodes=8000, shaping=True, goal_reward=10000.0, gamma=0.99
gamma_shaping=1.0, shaping_formula=gamma_shaping*Phi(next)-Phi(state)
eval_interval=500, eval_episodes=1000, eval_seed=100000
inter_level_shaping=False, inter_level_formula=gamma*Phi(next)-Phi(state)
formula=F(wp1 & X(F(g1)))
regions={wp1: {'center': [-0.75, 1.0625], 'radius': 0.1}, g1: {'center': [0.75, 1.0625], 'radius': 0.1}}
dfa_states=[1, 2, 3], pre_trace=1, accepting=[3], failure=[]

[Episode 1/8000 | last 1]
success rate                : 0.0% (cumulative 0.0%)
failure rate                : 0.0% (cumulative 0.0%)
synthetic task reward       : 0.000
shaping reward              : -285.307
learning reward             : -285.307
episode length              : 78.0
abstract changes / episode  : 6.0
DFA transitions / episode   : 0.00
DFA transitions in window   : none
epsilon (next episode)       : 0.99960
replay buffer                : 78 samples [1: 100.0%, 2: 0.0%, 3: 0.0%]
DFA state visits in window   : 1: 79, 2: 0, 3: 0
DFA state visits cumulative  : 1: 79, 2: 0, 3: 0
DFA state entries in window  : 1: 1, 2: 0, 3: 0
DFA state entries cumulative : 1: 1, 2: 0, 3: 0
transitions cumulative       : none
accepted directly from s0    : 0
Gym endings cumulative       : terminated=1, truncated=0

[Episode 100/8000 | last 100]
success rate                : 0.0% (cumulative 0.0%)
failure rate                : 0.0% (cumulative 0.0%)
synthetic task reward       : 0.000
shaping reward              : -228.746
learning reward             : -228.746
episode length              : 91.6
abstract changes / episode  : 5.9
DFA transitions / episode   : 0.01
DFA transitions in window   : 1->2: 1
epsilon (next episode)       : 0.96078
replay buffer                : 9164 samples [1: 99.7%, 2: 0.3%, 3: 0.0%]
DFA state visits in window   : 1: 9239, 2: 25, 3: 0
DFA state visits cumulative  : 1: 9239, 2: 25, 3: 0
DFA state entries in window  : 1: 100, 2: 1, 3: 0
DFA state entries cumulative : 1: 100, 2: 1, 3: 0
transitions cumulative       : 1->2: 1
accepted directly from s0    : 0
Gym endings cumulative       : terminated=100, truncated=0

[Episode 200/8000 | last 100]
success rate                : 0.0% (cumulative 0.0%)
failure rate                : 0.0% (cumulative 0.0%)
synthetic task reward       : 0.000
shaping reward              : -227.843
learning reward             : -227.843
episode length              : 95.7
abstract changes / episode  : 6.0
DFA transitions / episode   : 0.02
DFA transitions in window   : 1->2: 2
epsilon (next episode)       : 0.92310
replay buffer                : 18731 samples [1: 99.6%, 2: 0.4%, 3: 0.0%]
DFA state visits in window   : 1: 9615, 2: 52, 3: 0
DFA state visits cumulative  : 1: 18854, 2: 77, 3: 0
DFA state entries in window  : 1: 100, 2: 2, 3: 0
DFA state entries cumulative : 1: 200, 2: 3, 3: 0
transitions cumulative       : 1->2: 3
accepted directly from s0    : 0
Gym endings cumulative       : terminated=200, truncated=0

[Episode 300/8000 | last 100]
success rate                : 0.0% (cumulative 0.0%)
failure rate                : 0.0% (cumulative 0.0%)
synthetic task reward       : 0.000
shaping reward              : -230.581
learning reward             : -230.581
episode length              : 97.0
abstract changes / episode  : 6.0
DFA transitions / episode   : 0.01
DFA transitions in window   : 1->2: 1
epsilon (next episode)       : 0.88690
replay buffer                : 28433 samples [1: 99.7%, 2: 0.3%, 3: 0.0%]
DFA state visits in window   : 1: 9788, 2: 14, 3: 0
DFA state visits cumulative  : 1: 28642, 2: 91, 3: 0
DFA state entries in window  : 1: 100, 2: 1, 3: 0
DFA state entries cumulative : 1: 300, 2: 4, 3: 0
transitions cumulative       : 1->2: 4
accepted directly from s0    : 0
Gym endings cumulative       : terminated=300, truncated=0

[Episode 400/8000 | last 100]
success rate                : 0.0% (cumulative 0.0%)
failure rate                : 0.0% (cumulative 0.0%)
synthetic task reward       : 0.000
shaping reward              : -227.881
learning reward             : -227.881
episode length              : 94.2
abstract changes / episode  : 5.9
DFA transitions / episode   : 0.03
DFA transitions in window   : 1->2: 3
epsilon (next episode)       : 0.85212
replay buffer                : 37853 samples [1: 99.6%, 2: 0.4%, 3: 0.0%]
DFA state visits in window   : 1: 9465, 2: 55, 3: 0
DFA state visits cumulative  : 1: 38107, 2: 146, 3: 0
DFA state entries in window  : 1: 100, 2: 3, 3: 0
DFA state entries cumulative : 1: 400, 2: 7, 3: 0
transitions cumulative       : 1->2: 7
accepted directly from s0    : 0
Gym endings cumulative       : terminated=400, truncated=0

[Episode 500/8000 | last 100]
success rate                : 0.0% (cumulative 0.0%)
failure rate                : 0.0% (cumulative 0.0%)
synthetic task reward       : 0.000
shaping reward              : -227.853
learning reward             : -227.853
episode length              : 97.8
abstract changes / episode  : 6.1
DFA transitions / episode   : 0.02
DFA transitions in window   : 1->2: 2
epsilon (next episode)       : 0.81870
replay buffer                : 47629 samples [1: 99.6%, 2: 0.4%, 3: 0.0%]
DFA state visits in window   : 1: 9828, 2: 48, 3: 0
DFA state visits cumulative  : 1: 47935, 2: 194, 3: 0
DFA state entries in window  : 1: 100, 2: 2, 3: 0
DFA state entries cumulative : 1: 500, 2: 9, 3: 0
transitions cumulative       : 1->2: 9
accepted directly from s0    : 0
Gym endings cumulative       : terminated=500, truncated=0

Starting autonomous greedy evaluation at episode 500 (1000 fixed-seed episodes)...
[Greedy evaluation at episode 500 | 1000 fixed-seed episodes]
success=0.0%, failure=0.0%, task reward=0.000, length=107.7
DFA transitions: 1->2: 323
Best policy updated from autonomous greedy evaluation at episode 500.

[Episode 600/8000 | last 100]
success rate                : 0.0% (cumulative 0.0%)
failure rate                : 0.0% (cumulative 0.0%)
synthetic task reward       : 0.000
shaping reward              : -233.607
learning reward             : -233.607
episode length              : 104.6
abstract changes / episode  : 5.9
DFA transitions / episode   : 0.02
DFA transitions in window   : 1->2: 2
epsilon (next episode)       : 0.78659
replay buffer                : 58092 samples [1: 99.6%, 2: 0.4%, 3: 0.0%]
DFA state visits in window   : 1: 10508, 2: 55, 3: 0
DFA state visits cumulative  : 1: 58443, 2: 249, 3: 0
DFA state entries in window  : 1: 100, 2: 2, 3: 0
DFA state entries cumulative : 1: 600, 2: 11, 3: 0
transitions cumulative       : 1->2: 11
accepted directly from s0    : 0
Gym endings cumulative       : terminated=600, truncated=0

[Episode 700/8000 | last 100]
success rate                : 0.0% (cumulative 0.0%)
failure rate                : 0.0% (cumulative 0.0%)
synthetic task reward       : 0.000
shaping reward              : -212.569
learning reward             : -212.569
episode length              : 123.8
abstract changes / episode  : 6.2
DFA transitions / episode   : 0.05
DFA transitions in window   : 1->2: 5
epsilon (next episode)       : 0.75574
replay buffer                : 70476 samples [1: 99.5%, 2: 0.5%, 3: 0.0%]
DFA state visits in window   : 1: 12354, 2: 130, 3: 0
DFA state visits cumulative  : 1: 70797, 2: 379, 3: 0
DFA state entries in window  : 1: 100, 2: 5, 3: 0
DFA state entries cumulative : 1: 700, 2: 16, 3: 0
transitions cumulative       : 1->2: 16
accepted directly from s0    : 0
Gym endings cumulative       : terminated=699, truncated=1

[Episode 800/8000 | last 100]
success rate                : 0.0% (cumulative 0.0%)
failure rate                : 0.0% (cumulative 0.0%)
synthetic task reward       : 0.000
shaping reward              : -210.667
learning reward             : -210.667
episode length              : 121.7
abstract changes / episode  : 6.0
DFA transitions / episode   : 0.04
DFA transitions in window   : 1->2: 4
epsilon (next episode)       : 0.72610
replay buffer                : 82650 samples [1: 99.4%, 2: 0.6%, 3: 0.0%]
DFA state visits in window   : 1: 12125, 2: 149, 3: 0
DFA state visits cumulative  : 1: 82922, 2: 528, 3: 0
DFA state entries in window  : 1: 100, 2: 4, 3: 0
DFA state entries cumulative : 1: 800, 2: 20, 3: 0
transitions cumulative       : 1->2: 20
accepted directly from s0    : 0
Gym endings cumulative       : terminated=799, truncated=1

[Episode 900/8000 | last 100]
success rate                : 0.0% (cumulative 0.0%)
failure rate                : 0.0% (cumulative 0.0%)
synthetic task reward       : 0.000
shaping reward              : -226.854
learning reward             : -226.854
episode length              : 125.9
abstract changes / episode  : 5.9
DFA transitions / episode   : 0.00
DFA transitions in window   : none
epsilon (next episode)       : 0.69763
replay buffer                : 95239 samples [1: 99.5%, 2: 0.5%, 3: 0.0%]
DFA state visits in window   : 1: 12689, 2: 0, 3: 0
DFA state visits cumulative  : 1: 95611, 2: 528, 3: 0
DFA state entries in window  : 1: 100, 2: 0, 3: 0
DFA state entries cumulative : 1: 900, 2: 20, 3: 0
transitions cumulative       : 1->2: 20
accepted directly from s0    : 0
Gym endings cumulative       : terminated=899, truncated=1

[Episode 1000/8000 | last 100]
success rate                : 0.0% (cumulative 0.0%)
failure rate                : 0.0% (cumulative 0.0%)
synthetic task reward       : 0.000
shaping reward              : -232.550
learning reward             : -232.550
episode length              : 127.3
abstract changes / episode  : 5.8
DFA transitions / episode   : 0.00
DFA transitions in window   : none
epsilon (next episode)       : 0.67027
replay buffer                : 107973 samples [1: 99.5%, 2: 0.5%, 3: 0.0%]
DFA state visits in window   : 1: 12834, 2: 0, 3: 0
DFA state visits cumulative  : 1: 108445, 2: 528, 3: 0
DFA state entries in window  : 1: 100, 2: 0, 3: 0
DFA state entries cumulative : 1: 1000, 2: 20, 3: 0
transitions cumulative       : 1->2: 20
accepted directly from s0    : 0
Gym endings cumulative       : terminated=999, truncated=1

Starting autonomous greedy evaluation at episode 1000 (1000 fixed-seed episodes)...
[Greedy evaluation at episode 1000 | 1000 fixed-seed episodes]
success=0.0%, failure=0.0%, task reward=0.000, length=503.1
DFA transitions: none

[Episode 1100/8000 | last 100]
success rate                : 0.0% (cumulative 0.0%)
failure rate                : 0.0% (cumulative 0.0%)
synthetic task reward       : 0.000
shaping reward              : -219.236
learning reward             : -219.236
episode length              : 134.7
abstract changes / episode  : 5.9
DFA transitions / episode   : 0.02
DFA transitions in window   : 1->2: 2
epsilon (next episode)       : 0.64398
replay buffer                : 121444 samples [1: 99.5%, 2: 0.5%, 3: 0.0%]
DFA state visits in window   : 1: 13507, 2: 64, 3: 0
DFA state visits cumulative  : 1: 121952, 2: 592, 3: 0
DFA state entries in window  : 1: 100, 2: 2, 3: 0
DFA state entries cumulative : 1: 1100, 2: 22, 3: 0
transitions cumulative       : 1->2: 22
accepted directly from s0    : 0
Gym endings cumulative       : terminated=1099, truncated=1

[Episode 1200/8000 | last 100]
success rate                : 0.0% (cumulative 0.0%)
failure rate                : 0.0% (cumulative 0.0%)
synthetic task reward       : 0.000
shaping reward              : -218.362
learning reward             : -218.362
episode length              : 144.1
abstract changes / episode  : 6.1
DFA transitions / episode   : 0.04
DFA transitions in window   : 1->2: 4
epsilon (next episode)       : 0.61872
replay buffer                : 135851 samples [1: 99.5%, 2: 0.5%, 3: 0.0%]
DFA state visits in window   : 1: 14366, 2: 141, 3: 0
DFA state visits cumulative  : 1: 136318, 2: 733, 3: 0
DFA state entries in window  : 1: 100, 2: 4, 3: 0
DFA state entries cumulative : 1: 1200, 2: 26, 3: 0
transitions cumulative       : 1->2: 26
accepted directly from s0    : 0
Gym endings cumulative       : terminated=1199, truncated=1

[Episode 1300/8000 | last 100]
success rate                : 0.0% (cumulative 0.0%)
failure rate                : 0.0% (cumulative 0.0%)
synthetic task reward       : 0.000
shaping reward              : -202.983
learning reward             : -202.983
episode length              : 153.9
abstract changes / episode  : 6.0
DFA transitions / episode   : 0.04
DFA transitions in window   : 1->2: 4
epsilon (next episode)       : 0.59446
replay buffer                : 151241 samples [1: 99.5%, 2: 0.5%, 3: 0.0%]
DFA state visits in window   : 1: 15378, 2: 112, 3: 0
DFA state visits cumulative  : 1: 151696, 2: 845, 3: 0
DFA state entries in window  : 1: 100, 2: 4, 3: 0
DFA state entries cumulative : 1: 1300, 2: 30, 3: 0
transitions cumulative       : 1->2: 30
accepted directly from s0    : 0
Gym endings cumulative       : terminated=1299, truncated=1

[Episode 1400/8000 | last 100]
success rate                : 0.0% (cumulative 0.0%)
failure rate                : 0.0% (cumulative 0.0%)
synthetic task reward       : 0.000
shaping reward              : -183.126
learning reward             : -183.126
episode length              : 177.7
abstract changes / episode  : 6.2
DFA transitions / episode   : 0.07
DFA transitions in window   : 1->2: 7
epsilon (next episode)       : 0.57115
replay buffer                : 169011 samples [1: 99.4%, 2: 0.6%, 3: 0.0%]
DFA state visits in window   : 1: 17598, 2: 272, 3: 0
DFA state visits cumulative  : 1: 169294, 2: 1117, 3: 0
DFA state entries in window  : 1: 100, 2: 7, 3: 0
DFA state entries cumulative : 1: 1400, 2: 37, 3: 0
transitions cumulative       : 1->2: 37
accepted directly from s0    : 0
Gym endings cumulative       : terminated=1399, truncated=1

[Episode 1500/8000 | last 100]
success rate                : 0.0% (cumulative 0.0%)
failure rate                : 0.0% (cumulative 0.0%)
synthetic task reward       : 0.000
shaping reward              : -220.187
learning reward             : -220.187
episode length              : 165.7
abstract changes / episode  : 6.2
DFA transitions / episode   : 0.02
DFA transitions in window   : 1->2: 2
epsilon (next episode)       : 0.54875
replay buffer                : 185583 samples [1: 99.4%, 2: 0.6%, 3: 0.0%]
DFA state visits in window   : 1: 16559, 2: 113, 3: 0
DFA state visits cumulative  : 1: 185853, 2: 1230, 3: 0
DFA state entries in window  : 1: 100, 2: 2, 3: 0
DFA state entries cumulative : 1: 1500, 2: 39, 3: 0
transitions cumulative       : 1->2: 39
accepted directly from s0    : 0
Gym endings cumulative       : terminated=1499, truncated=1

Starting autonomous greedy evaluation at episode 1500 (1000 fixed-seed episodes)...
[Greedy evaluation at episode 1500 | 1000 fixed-seed episodes]
success=0.7%, failure=0.0%, task reward=70.000, length=858.0
DFA transitions: 1->2: 234, 2->3: 7
Best policy updated from autonomous greedy evaluation at episode 1500.

[Episode 1600/8000 | last 100]
success rate                : 0.0% (cumulative 0.0%)
failure rate                : 0.0% (cumulative 0.0%)
synthetic task reward       : 0.000
shaping reward              : -226.710
learning reward             : -226.710
episode length              : 155.8
abstract changes / episode  : 6.4
DFA transitions / episode   : 0.00
DFA transitions in window   : none
epsilon (next episode)       : 0.52722
replay buffer                : 201163 samples [1: 99.4%, 2: 0.6%, 3: 0.0%]
DFA state visits in window   : 1: 15680, 2: 0, 3: 0
DFA state visits cumulative  : 1: 201533, 2: 1230, 3: 0
DFA state entries in window  : 1: 100, 2: 0, 3: 0
DFA state entries cumulative : 1: 1600, 2: 39, 3: 0
transitions cumulative       : 1->2: 39
accepted directly from s0    : 0
Gym endings cumulative       : terminated=1599, truncated=1

[Episode 1700/8000 | last 100]
success rate                : 0.0% (cumulative 0.0%)
failure rate                : 0.0% (cumulative 0.0%)
synthetic task reward       : 0.000
shaping reward              : -243.040
learning reward             : -243.040
episode length              : 193.3
abstract changes / episode  : 6.4
DFA transitions / episode   : 0.00
DFA transitions in window   : none
epsilon (next episode)       : 0.50655
replay buffer                : 220495 samples [1: 99.5%, 2: 0.5%, 3: 0.0%]
DFA state visits in window   : 1: 19432, 2: 0, 3: 0
DFA state visits cumulative  : 1: 220965, 2: 1230, 3: 0
DFA state entries in window  : 1: 100, 2: 0, 3: 0
DFA state entries cumulative : 1: 1700, 2: 39, 3: 0
transitions cumulative       : 1->2: 39
accepted directly from s0    : 0
Gym endings cumulative       : terminated=1694, truncated=6

[Episode 1800/8000 | last 100]
success rate                : 0.0% (cumulative 0.0%)
failure rate                : 0.0% (cumulative 0.0%)
synthetic task reward       : 0.000
shaping reward              : -243.040
learning reward             : -243.040
episode length              : 211.3
abstract changes / episode  : 6.7
DFA transitions / episode   : 0.00
DFA transitions in window   : none
epsilon (next episode)       : 0.48668
replay buffer                : 241628 samples [1: 99.5%, 2: 0.5%, 3: 0.0%]
DFA state visits in window   : 1: 21233, 2: 0, 3: 0
DFA state visits cumulative  : 1: 242198, 2: 1230, 3: 0
DFA state entries in window  : 1: 100, 2: 0, 3: 0
DFA state entries cumulative : 1: 1800, 2: 39, 3: 0
transitions cumulative       : 1->2: 39
accepted directly from s0    : 0
Gym endings cumulative       : terminated=1788, truncated=12

[Episode 1900/8000 | last 100]
success rate                : 0.0% (cumulative 0.0%)
failure rate                : 0.0% (cumulative 0.0%)
synthetic task reward       : 0.000
shaping reward              : -208.737
learning reward             : -208.737
episode length              : 194.2
abstract changes / episode  : 6.5
DFA transitions / episode   : 0.06
DFA transitions in window   : 1->2: 6
epsilon (next episode)       : 0.46760
replay buffer                : 261044 samples [1: 99.4%, 2: 0.6%, 3: 0.0%]
DFA state visits in window   : 1: 19231, 2: 285, 3: 0
DFA state visits cumulative  : 1: 261429, 2: 1515, 3: 0
DFA state entries in window  : 1: 100, 2: 6, 3: 0
DFA state entries cumulative : 1: 1900, 2: 45, 3: 0
transitions cumulative       : 1->2: 45
accepted directly from s0    : 0
Gym endings cumulative       : terminated=1886, truncated=14

[Episode 2000/8000 | last 100]
success rate                : 0.0% (cumulative 0.0%)
failure rate                : 0.0% (cumulative 0.0%)
synthetic task reward       : 0.000
shaping reward              : -147.890
learning reward             : -147.890
episode length              : 238.8
abstract changes / episode  : 6.6
DFA transitions / episode   : 0.05
DFA transitions in window   : 1->2: 5
epsilon (next episode)       : 0.44926
replay buffer                : 284926 samples [1: 99.4%, 2: 0.6%, 3: 0.0%]
DFA state visits in window   : 1: 23833, 2: 149, 3: 0
DFA state visits cumulative  : 1: 285262, 2: 1664, 3: 0
DFA state entries in window  : 1: 100, 2: 5, 3: 0
DFA state entries cumulative : 1: 2000, 2: 50, 3: 0
transitions cumulative       : 1->2: 50
accepted directly from s0    : 0
Gym endings cumulative       : terminated=1981, truncated=19

Starting autonomous greedy evaluation at episode 2000 (1000 fixed-seed episodes)...
[Greedy evaluation at episode 2000 | 1000 fixed-seed episodes]
success=0.0%, failure=0.0%, task reward=0.000, length=232.1
DFA transitions: 1->2: 10

[Episode 2100/8000 | last 100]
success rate                : 0.0% (cumulative 0.0%)
failure rate                : 0.0% (cumulative 0.0%)
synthetic task reward       : 0.000
shaping reward              : -138.552
learning reward             : -138.552
episode length              : 287.1
abstract changes / episode  : 8.1
DFA transitions / episode   : 0.13
DFA transitions in window   : 1->2: 13
epsilon (next episode)       : 0.43164
replay buffer                : 300000 samples [1: 99.0%, 2: 1.0%, 3: 0.0%]
DFA state visits in window   : 1: 27488, 2: 1327, 3: 0
DFA state visits cumulative  : 1: 312750, 2: 2991, 3: 0
DFA state entries in window  : 1: 100, 2: 13, 3: 0
DFA state entries cumulative : 1: 2100, 2: 63, 3: 0
transitions cumulative       : 1->2: 63
accepted directly from s0    : 0
Gym endings cumulative       : terminated=2079, truncated=21

[Episode 2200/8000 | last 100]
success rate                : 0.0% (cumulative 0.0%)
failure rate                : 0.0% (cumulative 0.0%)
synthetic task reward       : 0.000
shaping reward              : -115.584
learning reward             : -115.584
episode length              : 298.3
abstract changes / episode  : 8.1
DFA transitions / episode   : 0.12
DFA transitions in window   : 1->2: 12
epsilon (next episode)       : 0.41471
replay buffer                : 300000 samples [1: 98.9%, 2: 1.1%, 3: 0.0%]
DFA state visits in window   : 1: 29373, 2: 559, 3: 0
DFA state visits cumulative  : 1: 342123, 2: 3550, 3: 0
DFA state entries in window  : 1: 100, 2: 12, 3: 0
DFA state entries cumulative : 1: 2200, 2: 75, 3: 0
transitions cumulative       : 1->2: 75
accepted directly from s0    : 0
Gym endings cumulative       : terminated=2179, truncated=21

[Episode 2300/8000 | last 100]
success rate                : 0.0% (cumulative 0.0%)
failure rate                : 0.0% (cumulative 0.0%)
synthetic task reward       : 0.000
shaping reward              : -71.875
learning reward             : -71.875
episode length              : 269.0
abstract changes / episode  : 7.3
DFA transitions / episode   : 0.12
DFA transitions in window   : 1->2: 12
epsilon (next episode)       : 0.39845
replay buffer                : 300000 samples [1: 98.7%, 2: 1.3%, 3: 0.0%]
DFA state visits in window   : 1: 26304, 2: 693, 3: 0
DFA state visits cumulative  : 1: 368427, 2: 4243, 3: 0
DFA state entries in window  : 1: 100, 2: 12, 3: 0
DFA state entries cumulative : 1: 2300, 2: 87, 3: 0
transitions cumulative       : 1->2: 87
accepted directly from s0    : 0
Gym endings cumulative       : terminated=2279, truncated=21

[Episode 2400/8000 | last 100]
success rate                : 0.0% (cumulative 0.0%)
failure rate                : 0.0% (cumulative 0.0%)
synthetic task reward       : 0.000
shaping reward              : -123.278
learning reward             : -123.278
episode length              : 345.1
abstract changes / episode  : 9.3
DFA transitions / episode   : 0.12
DFA transitions in window   : 1->2: 12
epsilon (next episode)       : 0.38282
replay buffer                : 300000 samples [1: 98.6%, 2: 1.4%, 3: 0.0%]
DFA state visits in window   : 1: 34099, 2: 513, 3: 0
DFA state visits cumulative  : 1: 402526, 2: 4756, 3: 0
DFA state entries in window  : 1: 100, 2: 12, 3: 0
DFA state entries cumulative : 1: 2400, 2: 99, 3: 0
transitions cumulative       : 1->2: 99
accepted directly from s0    : 0
Gym endings cumulative       : terminated=2377, truncated=23

[Episode 2500/8000 | last 100]
success rate                : 0.0% (cumulative 0.0%)
failure rate                : 0.0% (cumulative 0.0%)
synthetic task reward       : 0.000
shaping reward              : -76.601
learning reward             : -76.601
episode length              : 290.5
abstract changes / episode  : 9.8
DFA transitions / episode   : 0.25
DFA transitions in window   : 1->2: 25
epsilon (next episode)       : 0.36781
replay buffer                : 300000 samples [1: 97.9%, 2: 2.1%, 3: 0.0%]
DFA state visits in window   : 1: 26781, 2: 2370, 3: 0
DFA state visits cumulative  : 1: 429307, 2: 7126, 3: 0
DFA state entries in window  : 1: 100, 2: 25, 3: 0
DFA state entries cumulative : 1: 2500, 2: 124, 3: 0
transitions cumulative       : 1->2: 124
accepted directly from s0    : 0
Gym endings cumulative       : terminated=2473, truncated=27

Starting autonomous greedy evaluation at episode 2500 (1000 fixed-seed episodes)...
[Greedy evaluation at episode 2500 | 1000 fixed-seed episodes]
success=0.0%, failure=0.0%, task reward=0.000, length=207.6
DFA transitions: 1->2: 2

[Episode 2600/8000 | last 100]
success rate                : 0.0% (cumulative 0.0%)
failure rate                : 0.0% (cumulative 0.0%)
synthetic task reward       : 0.000
shaping reward              : -96.659
learning reward             : -96.659
episode length              : 261.9
abstract changes / episode  : 8.8
DFA transitions / episode   : 0.17
DFA transitions in window   : 1->2: 17
epsilon (next episode)       : 0.35338
replay buffer                : 300000 samples [1: 97.2%, 2: 2.8%, 3: 0.0%]
DFA state visits in window   : 1: 23940, 2: 2352, 3: 0
DFA state visits cumulative  : 1: 453247, 2: 9478, 3: 0
DFA state entries in window  : 1: 100, 2: 17, 3: 0
DFA state entries cumulative : 1: 2600, 2: 141, 3: 0
transitions cumulative       : 1->2: 141
accepted directly from s0    : 0
Gym endings cumulative       : terminated=2571, truncated=29

[Episode 2700/8000 | last 100]
success rate                : 0.0% (cumulative 0.0%)
failure rate                : 0.0% (cumulative 0.0%)
synthetic task reward       : 0.000
shaping reward              : -69.711
learning reward             : -69.711
episode length              : 261.4
abstract changes / episode  : 8.9
DFA transitions / episode   : 0.16
DFA transitions in window   : 1->2: 16
epsilon (next episode)       : 0.33952
replay buffer                : 300000 samples [1: 96.0%, 2: 4.0%, 3: 0.0%]
DFA state visits in window   : 1: 22433, 2: 3806, 3: 0
DFA state visits cumulative  : 1: 475680, 2: 13284, 3: 0
DFA state entries in window  : 1: 100, 2: 16, 3: 0
DFA state entries cumulative : 1: 2700, 2: 157, 3: 0
transitions cumulative       : 1->2: 157
accepted directly from s0    : 0
Gym endings cumulative       : terminated=2668, truncated=32

[Episode 2800/8000 | last 100]
success rate                : 0.0% (cumulative 0.0%)
failure rate                : 0.0% (cumulative 0.0%)
synthetic task reward       : 0.000
shaping reward              : -88.537
learning reward             : -88.537
episode length              : 337.1
abstract changes / episode  : 11.2
DFA transitions / episode   : 0.17
DFA transitions in window   : 1->2: 17
epsilon (next episode)       : 0.32621
replay buffer                : 300000 samples [1: 94.0%, 2: 6.0%, 3: 0.0%]
DFA state visits in window   : 1: 27778, 2: 6034, 3: 0
DFA state visits cumulative  : 1: 503458, 2: 19318, 3: 0
DFA state entries in window  : 1: 100, 2: 17, 3: 0
DFA state entries cumulative : 1: 2800, 2: 174, 3: 0
transitions cumulative       : 1->2: 174
accepted directly from s0    : 0
Gym endings cumulative       : terminated=2760, truncated=40

[Episode 2900/8000 | last 100]
success rate                : 0.0% (cumulative 0.0%)
failure rate                : 0.0% (cumulative 0.0%)
synthetic task reward       : 0.000
shaping reward              : -69.972
learning reward             : -69.972
episode length              : 267.7
abstract changes / episode  : 9.2
DFA transitions / episode   : 0.23
DFA transitions in window   : 1->2: 23
epsilon (next episode)       : 0.31341
replay buffer                : 300000 samples [1: 92.6%, 2: 7.4%, 3: 0.0%]
DFA state visits in window   : 1: 22693, 2: 4180, 3: 0
DFA state visits cumulative  : 1: 526151, 2: 23498, 3: 0
DFA state entries in window  : 1: 100, 2: 23, 3: 0
DFA state entries cumulative : 1: 2900, 2: 197, 3: 0
transitions cumulative       : 1->2: 197
accepted directly from s0    : 0
Gym endings cumulative       : terminated=2857, truncated=43

[Episode 3000/8000 | last 100]
success rate                : 0.0% (cumulative 0.0%)
failure rate                : 0.0% (cumulative 0.0%)
synthetic task reward       : 0.000
shaping reward              : -33.504
learning reward             : -33.504
episode length              : 309.8
abstract changes / episode  : 10.4
DFA transitions / episode   : 0.28
DFA transitions in window   : 1->2: 28
epsilon (next episode)       : 0.30112
replay buffer                : 300000 samples [1: 90.5%, 2: 9.5%, 3: 0.0%]
DFA state visits in window   : 1: 24197, 2: 6880, 3: 0
DFA state visits cumulative  : 1: 550348, 2: 30378, 3: 0
DFA state entries in window  : 1: 100, 2: 28, 3: 0
DFA state entries cumulative : 1: 3000, 2: 225, 3: 0
transitions cumulative       : 1->2: 225
accepted directly from s0    : 0
Gym endings cumulative       : terminated=2950, truncated=50

Starting autonomous greedy evaluation at episode 3000 (1000 fixed-seed episodes)...
[Greedy evaluation at episode 3000 | 1000 fixed-seed episodes]
success=0.0%, failure=0.0%, task reward=0.000, length=997.6
DFA transitions: 1->2: 153

[Episode 3100/8000 | last 100]
success rate                : 0.0% (cumulative 0.0%)
failure rate                : 0.0% (cumulative 0.0%)
synthetic task reward       : 0.000
shaping reward              : -35.106
learning reward             : -35.106
episode length              : 362.9
abstract changes / episode  : 12.5
DFA transitions / episode   : 0.30
DFA transitions in window   : 1->2: 30
epsilon (next episode)       : 0.28931
replay buffer                : 300000 samples [1: 87.4%, 2: 12.6%, 3: 0.0%]
DFA state visits in window   : 1: 25853, 2: 10532, 3: 0
DFA state visits cumulative  : 1: 576201, 2: 40910, 3: 0
DFA state entries in window  : 1: 100, 2: 30, 3: 0
DFA state entries cumulative : 1: 3100, 2: 255, 3: 0
transitions cumulative       : 1->2: 255
accepted directly from s0    : 0
Gym endings cumulative       : terminated=3038, truncated=62

[Episode 3200/8000 | last 100]
success rate                : 2.0% (cumulative 0.1%)
failure rate                : 0.0% (cumulative 0.0%)
synthetic task reward       : 200.000
shaping reward              : 57.658
learning reward             : 257.658
episode length              : 493.4
abstract changes / episode  : 14.7
DFA transitions / episode   : 0.50
DFA transitions in window   : 1->2: 48, 2->3: 2
epsilon (next episode)       : 0.27797
replay buffer                : 300000 samples [1: 79.7%, 2: 20.3%, 3: 0.0%]
DFA state visits in window   : 1: 25083, 2: 24358, 3: 2
DFA state visits cumulative  : 1: 601284, 2: 65268, 3: 2
DFA state entries in window  : 1: 100, 2: 48, 3: 2
DFA state entries cumulative : 1: 3200, 2: 303, 3: 2
transitions cumulative       : 1->2: 303, 2->3: 2
accepted directly from s0    : 0
Gym endings cumulative       : terminated=3109, truncated=89

[Episode 3300/8000 | last 100]
success rate                : 4.0% (cumulative 0.2%)
failure rate                : 0.0% (cumulative 0.0%)
synthetic task reward       : 400.000
shaping reward              : 47.332
learning reward             : 447.332
episode length              : 348.8
abstract changes / episode  : 12.9
DFA transitions / episode   : 0.48
DFA transitions in window   : 1->2: 44, 2->3: 4
epsilon (next episode)       : 0.26706
replay buffer                : 300000 samples [1: 76.0%, 2: 24.0%, 3: 0.0%]
DFA state visits in window   : 1: 23128, 2: 11847, 3: 4
DFA state visits cumulative  : 1: 624412, 2: 77115, 3: 6
DFA state entries in window  : 1: 100, 2: 44, 3: 4
DFA state entries cumulative : 1: 3300, 2: 347, 3: 6
transitions cumulative       : 1->2: 347, 2->3: 6
accepted directly from s0    : 0
Gym endings cumulative       : terminated=3198, truncated=96

[Episode 3400/8000 | last 100]
success rate                : 5.0% (cumulative 0.3%)
failure rate                : 0.0% (cumulative 0.0%)
synthetic task reward       : 500.000
shaping reward              : -28.932
learning reward             : 471.068
episode length              : 197.7
abstract changes / episode  : 8.3
DFA transitions / episode   : 0.37
DFA transitions in window   : 1->2: 32, 2->3: 5
epsilon (next episode)       : 0.25659
replay buffer                : 300000 samples [1: 75.3%, 2: 24.7%, 3: 0.0%]
DFA state visits in window   : 1: 17324, 2: 2537, 3: 5
DFA state visits cumulative  : 1: 641736, 2: 79652, 3: 11
DFA state entries in window  : 1: 100, 2: 32, 3: 5
DFA state entries cumulative : 1: 3400, 2: 379, 3: 11
transitions cumulative       : 1->2: 379, 2->3: 11
accepted directly from s0    : 0
Gym endings cumulative       : terminated=3293, truncated=96

[Episode 3500/8000 | last 100]
success rate                : 0.0% (cumulative 0.3%)
failure rate                : 0.0% (cumulative 0.0%)
synthetic task reward       : 0.000
shaping reward              : -144.553
learning reward             : -144.553
episode length              : 196.4
abstract changes / episode  : 8.2
DFA transitions / episode   : 0.14
DFA transitions in window   : 1->2: 14
epsilon (next episode)       : 0.24653
replay buffer                : 300000 samples [1: 75.7%, 2: 24.3%, 3: 0.0%]
DFA state visits in window   : 1: 18361, 2: 1380, 3: 0
DFA state visits cumulative  : 1: 660097, 2: 81032, 3: 11
DFA state entries in window  : 1: 100, 2: 14, 3: 0
DFA state entries cumulative : 1: 3500, 2: 393, 3: 11
transitions cumulative       : 1->2: 393, 2->3: 11
accepted directly from s0    : 0
Gym endings cumulative       : terminated=3393, truncated=96

Starting autonomous greedy evaluation at episode 3500 (1000 fixed-seed episodes)...
[Greedy evaluation at episode 3500 | 1000 fixed-seed episodes]
success=0.0%, failure=0.0%, task reward=0.000, length=145.7
DFA transitions: 1->2: 1

[Episode 3600/8000 | last 100]
success rate                : 0.0% (cumulative 0.3%)
failure rate                : 0.0% (cumulative 0.0%)
synthetic task reward       : 0.000
shaping reward              : -31.951
learning reward             : -31.951
episode length              : 139.9
abstract changes / episode  : 4.3
DFA transitions / episode   : 0.22
DFA transitions in window   : 1->2: 22
epsilon (next episode)       : 0.23686
replay buffer                : 300000 samples [1: 76.0%, 2: 24.0%, 3: 0.0%]
DFA state visits in window   : 1: 13355, 2: 737, 3: 0
DFA state visits cumulative  : 1: 673452, 2: 81769, 3: 11
DFA state entries in window  : 1: 100, 2: 22, 3: 0
DFA state entries cumulative : 1: 3600, 2: 415, 3: 11
transitions cumulative       : 1->2: 415, 2->3: 11
accepted directly from s0    : 0
Gym endings cumulative       : terminated=3493, truncated=96

[Episode 3700/8000 | last 100]
success rate                : 3.0% (cumulative 0.4%)
failure rate                : 0.0% (cumulative 0.0%)
synthetic task reward       : 300.000
shaping reward              : 65.421
learning reward             : 365.421
episode length              : 291.5
abstract changes / episode  : 7.7
DFA transitions / episode   : 0.33
DFA transitions in window   : 1->2: 30, 2->3: 3
epsilon (next episode)       : 0.22757
replay buffer                : 300000 samples [1: 76.1%, 2: 23.9%, 3: 0.0%]
DFA state visits in window   : 1: 26132, 2: 3115, 3: 3
DFA state visits cumulative  : 1: 699584, 2: 84884, 3: 14
DFA state entries in window  : 1: 100, 2: 30, 3: 3
DFA state entries cumulative : 1: 3700, 2: 445, 3: 14
transitions cumulative       : 1->2: 445, 2->3: 14
accepted directly from s0    : 0
Gym endings cumulative       : terminated=3588, truncated=98

[Episode 3800/8000 | last 100]
success rate                : 11.0% (cumulative 0.7%)
failure rate                : 0.0% (cumulative 0.0%)
synthetic task reward       : 1100.000
shaping reward              : 161.552
learning reward             : 1261.552
episode length              : 334.0
abstract changes / episode  : 13.0
DFA transitions / episode   : 0.85
DFA transitions in window   : 1->2: 74, 2->3: 11
epsilon (next episode)       : 0.21865
replay buffer                : 300000 samples [1: 74.2%, 2: 25.8%, 3: 0.0%]
DFA state visits in window   : 1: 22969, 2: 10520, 3: 11
DFA state visits cumulative  : 1: 722553, 2: 95404, 3: 25
DFA state entries in window  : 1: 100, 2: 74, 3: 11
DFA state entries cumulative : 1: 3800, 2: 519, 3: 25
transitions cumulative       : 1->2: 519, 2->3: 25
accepted directly from s0    : 0
Gym endings cumulative       : terminated=3677, truncated=98

[Episode 3900/8000 | last 100]
success rate                : 24.0% (cumulative 1.3%)
failure rate                : 0.0% (cumulative 0.0%)
synthetic task reward       : 2400.000
shaping reward              : 263.110
learning reward             : 2663.110
episode length              : 352.0
abstract changes / episode  : 15.2
DFA transitions / episode   : 1.16
DFA transitions in window   : 1->2: 92, 2->3: 24
epsilon (next episode)       : 0.21007
replay buffer                : 300000 samples [1: 72.0%, 2: 28.0%, 3: 0.0%]
DFA state visits in window   : 1: 22320, 2: 12959, 3: 24
DFA state visits cumulative  : 1: 744873, 2: 108363, 3: 49
DFA state entries in window  : 1: 100, 2: 92, 3: 24
DFA state entries cumulative : 1: 3900, 2: 611, 3: 49
transitions cumulative       : 1->2: 611, 2->3: 49
accepted directly from s0    : 0
Gym endings cumulative       : terminated=3753, truncated=98

[Episode 4000/8000 | last 100]
success rate                : 19.0% (cumulative 1.7%)
failure rate                : 0.0% (cumulative 0.0%)
synthetic task reward       : 1900.000
shaping reward              : 203.411
learning reward             : 2103.411
episode length              : 285.4
abstract changes / episode  : 12.7
DFA transitions / episode   : 0.97
DFA transitions in window   : 1->2: 78, 2->3: 19
epsilon (next episode)       : 0.20183
replay buffer                : 300000 samples [1: 70.6%, 2: 29.4%, 3: 0.0%]
DFA state visits in window   : 1: 18018, 2: 10602, 3: 19
DFA state visits cumulative  : 1: 762891, 2: 118965, 3: 68
DFA state entries in window  : 1: 100, 2: 78, 3: 19
DFA state entries cumulative : 1: 4000, 2: 689, 3: 68
transitions cumulative       : 1->2: 689, 2->3: 68
accepted directly from s0    : 0
Gym endings cumulative       : terminated=3834, truncated=98

Starting autonomous greedy evaluation at episode 4000 (1000 fixed-seed episodes)...
[Greedy evaluation at episode 4000 | 1000 fixed-seed episodes]
success=26.2%, failure=0.0%, task reward=2620.000, length=322.3
DFA transitions: 1->2: 676, 2->3: 262
Best policy updated from autonomous greedy evaluation at episode 4000.

[Episode 4100/8000 | last 100]
success rate                : 33.0% (cumulative 2.5%)
failure rate                : 0.0% (cumulative 0.0%)
synthetic task reward       : 3300.000
shaping reward              : 185.145
learning reward             : 3485.145
episode length              : 298.3
abstract changes / episode  : 11.9
DFA transitions / episode   : 1.03
DFA transitions in window   : 1->2: 70, 2->3: 33
epsilon (next episode)       : 0.19392
replay buffer                : 300000 samples [1: 70.4%, 2: 29.6%, 3: 0.0%]
DFA state visits in window   : 1: 20716, 2: 9184, 3: 33
DFA state visits cumulative  : 1: 783607, 2: 128149, 3: 101
DFA state entries in window  : 1: 100, 2: 70, 3: 33
DFA state entries cumulative : 1: 4100, 2: 759, 3: 101
transitions cumulative       : 1->2: 759, 2->3: 101
accepted directly from s0    : 0
Gym endings cumulative       : terminated=3900, truncated=99

[Episode 4200/8000 | last 100]
success rate                : 48.0% (cumulative 3.5%)
failure rate                : 0.0% (cumulative 0.0%)
synthetic task reward       : 4800.000
shaping reward              : 274.713
learning reward             : 5074.713
episode length              : 295.4
abstract changes / episode  : 12.9
DFA transitions / episode   : 1.28
DFA transitions in window   : 1->2: 80, 2->3: 48
epsilon (next episode)       : 0.18631
replay buffer                : 300000 samples [1: 71.0%, 2: 29.0%, 3: 0.0%]
DFA state visits in window   : 1: 18303, 2: 11291, 3: 48
DFA state visits cumulative  : 1: 801910, 2: 139440, 3: 149
DFA state entries in window  : 1: 100, 2: 80, 3: 48
DFA state entries cumulative : 1: 4200, 2: 839, 3: 149
transitions cumulative       : 1->2: 839, 2->3: 149
accepted directly from s0    : 0
Gym endings cumulative       : terminated=3952, truncated=99

[Episode 4300/8000 | last 100]
success rate                : 30.0% (cumulative 4.2%)
failure rate                : 0.0% (cumulative 0.0%)
synthetic task reward       : 3000.000
shaping reward              : 50.080
learning reward             : 3050.080
episode length              : 229.9
abstract changes / episode  : 9.5
DFA transitions / episode   : 0.73
DFA transitions in window   : 1->2: 43, 2->3: 30
epsilon (next episode)       : 0.17900
replay buffer                : 300000 samples [1: 72.9%, 2: 27.1%, 3: 0.0%]
DFA state visits in window   : 1: 16969, 2: 6090, 3: 30
DFA state visits cumulative  : 1: 818879, 2: 145530, 3: 179
DFA state entries in window  : 1: 100, 2: 43, 3: 30
DFA state entries cumulative : 1: 4300, 2: 882, 3: 179
transitions cumulative       : 1->2: 882, 2->3: 179
accepted directly from s0    : 0
Gym endings cumulative       : terminated=4022, truncated=99

[Episode 4400/8000 | last 100]
success rate                : 46.0% (cumulative 5.1%)
failure rate                : 0.0% (cumulative 0.0%)
synthetic task reward       : 4600.000
shaping reward              : 163.405
learning reward             : 4763.405
episode length              : 257.9
abstract changes / episode  : 10.2
DFA transitions / episode   : 1.09
DFA transitions in window   : 1->2: 63, 2->3: 46
epsilon (next episode)       : 0.17198
replay buffer                : 300000 samples [1: 73.4%, 2: 26.6%, 3: 0.0%]
DFA state visits in window   : 1: 17544, 2: 8303, 3: 46
DFA state visits cumulative  : 1: 836423, 2: 153833, 3: 225
DFA state entries in window  : 1: 100, 2: 63, 3: 46
DFA state entries cumulative : 1: 4400, 2: 945, 3: 225
transitions cumulative       : 1->2: 945, 2->3: 225
accepted directly from s0    : 0
Gym endings cumulative       : terminated=4076, truncated=99

[Episode 4500/8000 | last 100]
success rate                : 40.0% (cumulative 5.9%)
failure rate                : 0.0% (cumulative 0.0%)
synthetic task reward       : 4000.000
shaping reward              : 87.291
learning reward             : 4087.291
episode length              : 185.8
abstract changes / episode  : 9.2
DFA transitions / episode   : 0.88
DFA transitions in window   : 1->2: 48, 2->3: 40
epsilon (next episode)       : 0.16524
replay buffer                : 300000 samples [1: 73.0%, 2: 27.0%, 3: 0.0%]
DFA state visits in window   : 1: 12869, 2: 5775, 3: 40
DFA state visits cumulative  : 1: 849292, 2: 159608, 3: 265
DFA state entries in window  : 1: 100, 2: 48, 3: 40
DFA state entries cumulative : 1: 4500, 2: 993, 3: 265
transitions cumulative       : 1->2: 993, 2->3: 265
accepted directly from s0    : 0
Gym endings cumulative       : terminated=4136, truncated=99

Starting autonomous greedy evaluation at episode 4500 (1000 fixed-seed episodes)...
[Greedy evaluation at episode 4500 | 1000 fixed-seed episodes]
success=59.6%, failure=0.0%, task reward=5960.000, length=236.9
DFA transitions: 1->2: 596, 2->3: 596
Best policy updated from autonomous greedy evaluation at episode 4500.

[Episode 4600/8000 | last 100]
success rate                : 69.0% (cumulative 7.3%)
failure rate                : 0.0% (cumulative 0.0%)
synthetic task reward       : 6900.000
shaping reward              : 283.527
learning reward             : 7183.527
episode length              : 245.3
abstract changes / episode  : 11.3
DFA transitions / episode   : 1.48
DFA transitions in window   : 1->2: 79, 2->3: 69
epsilon (next episode)       : 0.15876
replay buffer                : 300000 samples [1: 70.4%, 2: 29.6%, 3: 0.0%]
DFA state visits in window   : 1: 14679, 2: 9882, 3: 69
DFA state visits cumulative  : 1: 863971, 2: 169490, 3: 334
DFA state entries in window  : 1: 100, 2: 79, 3: 69
DFA state entries cumulative : 1: 4600, 2: 1072, 3: 334
transitions cumulative       : 1->2: 1072, 2->3: 334
accepted directly from s0    : 0
Gym endings cumulative       : terminated=4167, truncated=99

[Episode 4700/8000 | last 100]
success rate                : 75.0% (cumulative 8.7%)
failure rate                : 0.0% (cumulative 0.0%)
synthetic task reward       : 7500.000
shaping reward              : 312.622
learning reward             : 7812.622
episode length              : 288.6
abstract changes / episode  : 12.1
DFA transitions / episode   : 1.57
DFA transitions in window   : 1->2: 82, 2->3: 75
epsilon (next episode)       : 0.15253
replay buffer                : 300000 samples [1: 67.6%, 2: 32.4%, 3: 0.0%]
DFA state visits in window   : 1: 19041, 2: 9848, 3: 75
DFA state visits cumulative  : 1: 883012, 2: 179338, 3: 409
DFA state entries in window  : 1: 100, 2: 82, 3: 75
DFA state entries cumulative : 1: 4700, 2: 1154, 3: 409
transitions cumulative       : 1->2: 1154, 2->3: 409
accepted directly from s0    : 0
Gym endings cumulative       : terminated=4192, truncated=99

[Episode 4800/8000 | last 100]
success rate                : 76.0% (cumulative 10.1%)
failure rate                : 0.0% (cumulative 0.0%)
synthetic task reward       : 7600.000
shaping reward              : 372.159
learning reward             : 7972.159
episode length              : 274.3
abstract changes / episode  : 12.0
DFA transitions / episode   : 1.64
DFA transitions in window   : 1->2: 88, 2->3: 76
epsilon (next episode)       : 0.14655
replay buffer                : 300000 samples [1: 65.7%, 2: 34.3%, 3: 0.0%]
DFA state visits in window   : 1: 16967, 2: 10488, 3: 76
DFA state visits cumulative  : 1: 899979, 2: 189826, 3: 485
DFA state entries in window  : 1: 100, 2: 88, 3: 76
DFA state entries cumulative : 1: 4800, 2: 1242, 3: 485
transitions cumulative       : 1->2: 1242, 2->3: 485
accepted directly from s0    : 0
Gym endings cumulative       : terminated=4216, truncated=99

[Episode 4900/8000 | last 100]
success rate                : 75.0% (cumulative 11.4%)
failure rate                : 0.0% (cumulative 0.0%)
synthetic task reward       : 7500.000
shaping reward              : 344.267
learning reward             : 7844.267
episode length              : 261.4
abstract changes / episode  : 11.9
DFA transitions / episode   : 1.60
DFA transitions in window   : 1->2: 85, 2->3: 75
epsilon (next episode)       : 0.14080
replay buffer                : 300000 samples [1: 65.1%, 2: 34.9%, 3: 0.0%]
DFA state visits in window   : 1: 16496, 2: 9671, 3: 75
DFA state visits cumulative  : 1: 916475, 2: 199497, 3: 560
DFA state entries in window  : 1: 100, 2: 85, 3: 75
DFA state entries cumulative : 1: 4900, 2: 1327, 3: 560
transitions cumulative       : 1->2: 1327, 2->3: 560
accepted directly from s0    : 0
Gym endings cumulative       : terminated=4241, truncated=99

[Episode 5000/8000 | last 100]
success rate                : 56.0% (cumulative 12.3%)
failure rate                : 0.0% (cumulative 0.0%)
synthetic task reward       : 5600.000
shaping reward              : 233.464
learning reward             : 5833.464
episode length              : 219.7
abstract changes / episode  : 11.1
DFA transitions / episode   : 1.26
DFA transitions in window   : 1->2: 70, 2->3: 56
epsilon (next episode)       : 0.13528
replay buffer                : 300000 samples [1: 65.0%, 2: 35.0%, 3: 0.0%]
DFA state visits in window   : 1: 14010, 2: 8004, 3: 56
DFA state visits cumulative  : 1: 930485, 2: 207501, 3: 616
DFA state entries in window  : 1: 100, 2: 70, 3: 56
DFA state entries cumulative : 1: 5000, 2: 1397, 3: 616
transitions cumulative       : 1->2: 1397, 2->3: 616
accepted directly from s0    : 0
Gym endings cumulative       : terminated=4285, truncated=99

Starting autonomous greedy evaluation at episode 5000 (1000 fixed-seed episodes)...
[Greedy evaluation at episode 5000 | 1000 fixed-seed episodes]
success=68.0%, failure=0.0%, task reward=6800.000, length=227.0
DFA transitions: 1->2: 681, 2->3: 680
Best policy updated from autonomous greedy evaluation at episode 5000.

[Episode 5100/8000 | last 100]
success rate                : 51.0% (cumulative 13.1%)
failure rate                : 0.0% (cumulative 0.0%)
synthetic task reward       : 5100.000
shaping reward              : 183.844
learning reward             : 5283.844
episode length              : 261.2
abstract changes / episode  : 11.8
DFA transitions / episode   : 1.09
DFA transitions in window   : 1->2: 58, 2->3: 51
epsilon (next episode)       : 0.12998
replay buffer                : 300000 samples [1: 66.3%, 2: 33.7%, 3: 0.0%]
DFA state visits in window   : 1: 19614, 2: 6551, 3: 51
DFA state visits cumulative  : 1: 950099, 2: 214052, 3: 667
DFA state entries in window  : 1: 100, 2: 58, 3: 51
DFA state entries cumulative : 1: 5100, 2: 1455, 3: 667
transitions cumulative       : 1->2: 1455, 2->3: 667
accepted directly from s0    : 0
Gym endings cumulative       : terminated=4334, truncated=99

[Episode 5200/8000 | last 100]
success rate                : 21.0% (cumulative 13.2%)
failure rate                : 0.0% (cumulative 0.0%)
synthetic task reward       : 2100.000
shaping reward              : 16.006
learning reward             : 2116.006
episode length              : 247.9
abstract changes / episode  : 9.7
DFA transitions / episode   : 0.50
DFA transitions in window   : 1->2: 29, 2->3: 21
epsilon (next episode)       : 0.12488
replay buffer                : 300000 samples [1: 68.1%, 2: 31.9%, 3: 0.0%]
DFA state visits in window   : 1: 21672, 2: 3195, 3: 21
DFA state visits cumulative  : 1: 971771, 2: 217247, 3: 688
DFA state entries in window  : 1: 100, 2: 29, 3: 21
DFA state entries cumulative : 1: 5200, 2: 1484, 3: 688
transitions cumulative       : 1->2: 1484, 2->3: 688
accepted directly from s0    : 0
Gym endings cumulative       : terminated=4413, truncated=99

[Episode 5300/8000 | last 100]
success rate                : 31.0% (cumulative 13.6%)
failure rate                : 0.0% (cumulative 0.0%)
synthetic task reward       : 3100.000
shaping reward              : 97.400
learning reward             : 3197.400
episode length              : 279.9
abstract changes / episode  : 9.6
DFA transitions / episode   : 0.71
DFA transitions in window   : 1->2: 40, 2->3: 31
epsilon (next episode)       : 0.11998
replay buffer                : 300000 samples [1: 69.6%, 2: 30.4%, 3: 0.0%]
DFA state visits in window   : 1: 23930, 2: 4130, 3: 31
DFA state visits cumulative  : 1: 995701, 2: 221377, 3: 719
DFA state entries in window  : 1: 100, 2: 40, 3: 31
DFA state entries cumulative : 1: 5300, 2: 1524, 3: 719
transitions cumulative       : 1->2: 1524, 2->3: 719
accepted directly from s0    : 0
Gym endings cumulative       : terminated=4478, truncated=103

[Episode 5400/8000 | last 100]
success rate                : 46.0% (cumulative 14.2%)
failure rate                : 0.0% (cumulative 0.0%)
synthetic task reward       : 4600.000
shaping reward              : 197.069
learning reward             : 4797.069
episode length              : 329.4
abstract changes / episode  : 11.4
DFA transitions / episode   : 1.11
DFA transitions in window   : 1->2: 65, 2->3: 46
epsilon (next episode)       : 0.11528
replay buffer                : 300000 samples [1: 71.1%, 2: 28.9%, 3: 0.0%]
DFA state visits in window   : 1: 26035, 2: 6955, 3: 46
DFA state visits cumulative  : 1: 1021736, 2: 228332, 3: 765
DFA state entries in window  : 1: 100, 2: 65, 3: 46
DFA state entries cumulative : 1: 5400, 2: 1589, 3: 765
transitions cumulative       : 1->2: 1589, 2->3: 765
accepted directly from s0    : 0
Gym endings cumulative       : terminated=4531, truncated=104

[Episode 5500/8000 | last 100]
success rate                : 71.0% (cumulative 15.2%)
failure rate                : 0.0% (cumulative 0.0%)
synthetic task reward       : 7100.000
shaping reward              : 361.627
learning reward             : 7461.627
episode length              : 268.7
abstract changes / episode  : 11.8
DFA transitions / episode   : 1.65
DFA transitions in window   : 1->2: 94, 2->3: 71
epsilon (next episode)       : 0.11075
replay buffer                : 300000 samples [1: 70.5%, 2: 29.5%, 3: 0.0%]
DFA state visits in window   : 1: 16510, 2: 10388, 3: 71
DFA state visits cumulative  : 1: 1038246, 2: 238720, 3: 836
DFA state entries in window  : 1: 100, 2: 94, 3: 71
DFA state entries cumulative : 1: 5500, 2: 1683, 3: 836
transitions cumulative       : 1->2: 1683, 2->3: 836
accepted directly from s0    : 0
Gym endings cumulative       : terminated=4560, truncated=104

Starting autonomous greedy evaluation at episode 5500 (1000 fixed-seed episodes)...
[Greedy evaluation at episode 5500 | 1000 fixed-seed episodes]
success=71.4%, failure=0.0%, task reward=7140.000, length=254.1
DFA transitions: 1->2: 785, 2->3: 714
Best policy updated from autonomous greedy evaluation at episode 5500.

[Episode 5600/8000 | last 100]
success rate                : 60.0% (cumulative 16.0%)
failure rate                : 0.0% (cumulative 0.0%)
synthetic task reward       : 6000.000
shaping reward              : 325.202
learning reward             : 6325.202
episode length              : 253.5
abstract changes / episode  : 11.2
DFA transitions / episode   : 1.49
DFA transitions in window   : 1->2: 89, 2->3: 60
epsilon (next episode)       : 0.10641
replay buffer                : 300000 samples [1: 69.7%, 2: 30.3%, 3: 0.0%]
DFA state visits in window   : 1: 15120, 2: 10271, 3: 60
DFA state visits cumulative  : 1: 1053366, 2: 248991, 3: 896
DFA state entries in window  : 1: 100, 2: 89, 3: 60
DFA state entries cumulative : 1: 5600, 2: 1772, 3: 896
transitions cumulative       : 1->2: 1772, 2->3: 896
accepted directly from s0    : 0
Gym endings cumulative       : terminated=4600, truncated=104

[Episode 5700/8000 | last 100]
success rate                : 74.0% (cumulative 17.0%)
failure rate                : 0.0% (cumulative 0.0%)
synthetic task reward       : 7400.000
shaping reward              : 365.490
learning reward             : 7765.490
episode length              : 280.0
abstract changes / episode  : 12.0
DFA transitions / episode   : 1.66
DFA transitions in window   : 1->2: 92, 2->3: 74
epsilon (next episode)       : 0.10224
replay buffer                : 300000 samples [1: 69.4%, 2: 30.6%, 3: 0.0%]
DFA state visits in window   : 1: 17138, 2: 10891, 3: 74
DFA state visits cumulative  : 1: 1070504, 2: 259882, 3: 970
DFA state entries in window  : 1: 100, 2: 92, 3: 74
DFA state entries cumulative : 1: 5700, 2: 1864, 3: 970
transitions cumulative       : 1->2: 1864, 2->3: 970
accepted directly from s0    : 0
Gym endings cumulative       : terminated=4626, truncated=104

[Episode 5800/8000 | last 100]
success rate                : 66.0% (cumulative 17.9%)
failure rate                : 0.0% (cumulative 0.0%)
synthetic task reward       : 6600.000
shaping reward              : 265.980
learning reward             : 6865.980
episode length              : 252.2
abstract changes / episode  : 11.5
DFA transitions / episode   : 1.41
DFA transitions in window   : 1->2: 75, 2->3: 66
epsilon (next episode)       : 0.09823
replay buffer                : 300000 samples [1: 69.4%, 2: 30.6%, 3: 0.0%]
DFA state visits in window   : 1: 16549, 2: 8701, 3: 66
DFA state visits cumulative  : 1: 1087053, 2: 268583, 3: 1036
DFA state entries in window  : 1: 100, 2: 75, 3: 66
DFA state entries cumulative : 1: 5800, 2: 1939, 3: 1036
transitions cumulative       : 1->2: 1939, 2->3: 1036
accepted directly from s0    : 0
Gym endings cumulative       : terminated=4659, truncated=105

[Episode 5900/8000 | last 100]
success rate                : 58.0% (cumulative 18.5%)
failure rate                : 0.0% (cumulative 0.0%)
synthetic task reward       : 5800.000
shaping reward              : 271.060
learning reward             : 6071.060
episode length              : 266.8
abstract changes / episode  : 12.1
DFA transitions / episode   : 1.32
DFA transitions in window   : 1->2: 74, 2->3: 58
epsilon (next episode)       : 0.09438
replay buffer                : 300000 samples [1: 69.8%, 2: 30.2%, 3: 0.0%]
DFA state visits in window   : 1: 17851, 2: 8873, 3: 58
DFA state visits cumulative  : 1: 1104904, 2: 277456, 3: 1094
DFA state entries in window  : 1: 100, 2: 74, 3: 58
DFA state entries cumulative : 1: 5900, 2: 2013, 3: 1094
transitions cumulative       : 1->2: 2013, 2->3: 1094
accepted directly from s0    : 0
Gym endings cumulative       : terminated=4701, truncated=105

[Episode 6000/8000 | last 100]
success rate                : 76.0% (cumulative 19.5%)
failure rate                : 0.0% (cumulative 0.0%)
synthetic task reward       : 7600.000
shaping reward              : 342.609
learning reward             : 7942.609
episode length              : 286.8
abstract changes / episode  : 12.5
DFA transitions / episode   : 1.62
DFA transitions in window   : 1->2: 86, 2->3: 76
epsilon (next episode)       : 0.09067
replay buffer                : 300000 samples [1: 69.7%, 2: 30.3%, 3: 0.0%]
DFA state visits in window   : 1: 17840, 2: 10861, 3: 76
DFA state visits cumulative  : 1: 1122744, 2: 288317, 3: 1170
DFA state entries in window  : 1: 100, 2: 86, 3: 76
DFA state entries cumulative : 1: 6000, 2: 2099, 3: 1170
transitions cumulative       : 1->2: 2099, 2->3: 1170
accepted directly from s0    : 0
Gym endings cumulative       : terminated=4724, truncated=106

Starting autonomous greedy evaluation at episode 6000 (1000 fixed-seed episodes)...
[Greedy evaluation at episode 6000 | 1000 fixed-seed episodes]
success=57.4%, failure=0.0%, task reward=5740.000, length=362.8
DFA transitions: 1->2: 702, 2->3: 574

[Episode 6100/8000 | last 100]
success rate                : 61.0% (cumulative 20.2%)
failure rate                : 0.0% (cumulative 0.0%)
synthetic task reward       : 6100.000
shaping reward              : 217.184
learning reward             : 6317.184
episode length              : 362.1
abstract changes / episode  : 12.8
DFA transitions / episode   : 1.27
DFA transitions in window   : 1->2: 66, 2->3: 61
epsilon (next episode)       : 0.08712
replay buffer                : 300000 samples [1: 71.4%, 2: 28.6%, 3: 0.0%]
DFA state visits in window   : 1: 28723, 2: 7526, 3: 61
DFA state visits cumulative  : 1: 1151467, 2: 295843, 3: 1231
DFA state entries in window  : 1: 100, 2: 66, 3: 61
DFA state entries cumulative : 1: 6100, 2: 2165, 3: 1231
transitions cumulative       : 1->2: 2165, 2->3: 1231
accepted directly from s0    : 0
Gym endings cumulative       : terminated=4759, truncated=110

[Episode 6200/8000 | last 100]
success rate                : 72.0% (cumulative 21.0%)
failure rate                : 0.0% (cumulative 0.0%)
synthetic task reward       : 7200.000
shaping reward              : 288.507
learning reward             : 7488.507
episode length              : 241.5
abstract changes / episode  : 10.3
DFA transitions / episode   : 1.51
DFA transitions in window   : 1->2: 79, 2->3: 72
epsilon (next episode)       : 0.08370
replay buffer                : 300000 samples [1: 70.0%, 2: 30.0%, 3: 0.0%]
DFA state visits in window   : 1: 15029, 2: 9149, 3: 72
DFA state visits cumulative  : 1: 1166496, 2: 304992, 3: 1303
DFA state entries in window  : 1: 100, 2: 79, 3: 72
DFA state entries cumulative : 1: 6200, 2: 2244, 3: 1303
transitions cumulative       : 1->2: 2244, 2->3: 1303
accepted directly from s0    : 0
Gym endings cumulative       : terminated=4787, truncated=110

[Episode 6300/8000 | last 100]
success rate                : 64.0% (cumulative 21.7%)
failure rate                : 0.0% (cumulative 0.0%)
synthetic task reward       : 6400.000
shaping reward              : 251.286
learning reward             : 6651.286
episode length              : 238.4
abstract changes / episode  : 10.2
DFA transitions / episode   : 1.34
DFA transitions in window   : 1->2: 70, 2->3: 64
epsilon (next episode)       : 0.08042
replay buffer                : 300000 samples [1: 68.7%, 2: 31.3%, 3: 0.0%]
DFA state visits in window   : 1: 16057, 2: 7824, 3: 64
DFA state visits cumulative  : 1: 1182553, 2: 312816, 3: 1367
DFA state entries in window  : 1: 100, 2: 70, 3: 64
DFA state entries cumulative : 1: 6300, 2: 2314, 3: 1367
transitions cumulative       : 1->2: 2314, 2->3: 1367
accepted directly from s0    : 0
Gym endings cumulative       : terminated=4823, truncated=110

[Episode 6400/8000 | last 100]
success rate                : 61.0% (cumulative 22.3%)
failure rate                : 0.0% (cumulative 0.0%)
synthetic task reward       : 6100.000
shaping reward              : 215.467
learning reward             : 6315.467
episode length              : 233.2
abstract changes / episode  : 10.0
DFA transitions / episode   : 1.26
DFA transitions in window   : 1->2: 65, 2->3: 61
epsilon (next episode)       : 0.07727
replay buffer                : 300000 samples [1: 67.1%, 2: 32.9%, 3: 0.0%]
DFA state visits in window   : 1: 15830, 2: 7531, 3: 61
DFA state visits cumulative  : 1: 1198383, 2: 320347, 3: 1428
DFA state entries in window  : 1: 100, 2: 65, 3: 61
DFA state entries cumulative : 1: 6400, 2: 2379, 3: 1428
transitions cumulative       : 1->2: 2379, 2->3: 1428
accepted directly from s0    : 0
Gym endings cumulative       : terminated=4861, truncated=111

[Episode 6500/8000 | last 100]
success rate                : 42.0% (cumulative 22.6%)
failure rate                : 0.0% (cumulative 0.0%)
synthetic task reward       : 4200.000
shaping reward              : 120.636
learning reward             : 4320.636
episode length              : 241.1
abstract changes / episode  : 9.0
DFA transitions / episode   : 0.93
DFA transitions in window   : 1->2: 51, 2->3: 42
epsilon (next episode)       : 0.07423
replay buffer                : 300000 samples [1: 67.3%, 2: 32.7%, 3: 0.0%]
DFA state visits in window   : 1: 18871, 2: 5295, 3: 42
DFA state visits cumulative  : 1: 1217254, 2: 325642, 3: 1470
DFA state entries in window  : 1: 100, 2: 51, 3: 42
DFA state entries cumulative : 1: 6500, 2: 2430, 3: 1470
transitions cumulative       : 1->2: 2430, 2->3: 1470
accepted directly from s0    : 0
Gym endings cumulative       : terminated=4919, truncated=111

Starting autonomous greedy evaluation at episode 6500 (1000 fixed-seed episodes)...
[Greedy evaluation at episode 6500 | 1000 fixed-seed episodes]
success=31.4%, failure=0.0%, task reward=3140.000, length=265.8
DFA transitions: 1->2: 329, 2->3: 314

[Episode 6600/8000 | last 100]
success rate                : 34.0% (cumulative 22.8%)
failure rate                : 0.0% (cumulative 0.0%)
synthetic task reward       : 3400.000
shaping reward              : 78.943
learning reward             : 3478.943
episode length              : 284.1
abstract changes / episode  : 10.3
DFA transitions / episode   : 0.79
DFA transitions in window   : 1->2: 45, 2->3: 34
epsilon (next episode)       : 0.07132
replay buffer                : 300000 samples [1: 68.7%, 2: 31.3%, 3: 0.0%]
DFA state visits in window   : 1: 23748, 2: 4729, 3: 34
DFA state visits cumulative  : 1: 1241002, 2: 330371, 3: 1504
DFA state entries in window  : 1: 100, 2: 45, 3: 34
DFA state entries cumulative : 1: 6600, 2: 2475, 3: 1504
transitions cumulative       : 1->2: 2475, 2->3: 1504
accepted directly from s0    : 0
Gym endings cumulative       : terminated=4984, truncated=112

[Episode 6700/8000 | last 100]
success rate                : 32.0% (cumulative 22.9%)
failure rate                : 0.0% (cumulative 0.0%)
synthetic task reward       : 3200.000
shaping reward              : 109.801
learning reward             : 3309.801
episode length              : 327.8
abstract changes / episode  : 10.6
DFA transitions / episode   : 0.73
DFA transitions in window   : 1->2: 41, 2->3: 32
epsilon (next episode)       : 0.06853
replay buffer                : 300000 samples [1: 71.8%, 2: 28.2%, 3: 0.0%]
DFA state visits in window   : 1: 28935, 2: 3917, 3: 32
DFA state visits cumulative  : 1: 1269937, 2: 334288, 3: 1536
DFA state entries in window  : 1: 100, 2: 41, 3: 32
DFA state entries cumulative : 1: 6700, 2: 2516, 3: 1536
transitions cumulative       : 1->2: 2516, 2->3: 1536
accepted directly from s0    : 0
Gym endings cumulative       : terminated=5052, truncated=112

[Episode 6800/8000 | last 100]
success rate                : 58.0% (cumulative 23.4%)
failure rate                : 0.0% (cumulative 0.0%)
synthetic task reward       : 5800.000
shaping reward              : 254.214
learning reward             : 6054.214
episode length              : 267.1
abstract changes / episode  : 9.5
DFA transitions / episode   : 1.22
DFA transitions in window   : 1->2: 64, 2->3: 58
epsilon (next episode)       : 0.06584
replay buffer                : 300000 samples [1: 73.0%, 2: 27.0%, 3: 0.0%]
DFA state visits in window   : 1: 20151, 2: 6603, 3: 58
DFA state visits cumulative  : 1: 1290088, 2: 340891, 3: 1594
DFA state entries in window  : 1: 100, 2: 64, 3: 58
DFA state entries cumulative : 1: 6800, 2: 2580, 3: 1594
transitions cumulative       : 1->2: 2580, 2->3: 1594
accepted directly from s0    : 0
Gym endings cumulative       : terminated=5094, truncated=112

[Episode 6900/8000 | last 100]
success rate                : 53.0% (cumulative 23.9%)
failure rate                : 0.0% (cumulative 0.0%)
synthetic task reward       : 5300.000
shaping reward              : 272.591
learning reward             : 5572.591
episode length              : 248.4
abstract changes / episode  : 10.4
DFA transitions / episode   : 1.25
DFA transitions in window   : 1->2: 72, 2->3: 53
epsilon (next episode)       : 0.06326
replay buffer                : 300000 samples [1: 73.2%, 2: 26.8%, 3: 0.0%]
DFA state visits in window   : 1: 16760, 2: 8129, 3: 53
DFA state visits cumulative  : 1: 1306848, 2: 349020, 3: 1647
DFA state entries in window  : 1: 100, 2: 72, 3: 53
DFA state entries cumulative : 1: 6900, 2: 2652, 3: 1647
transitions cumulative       : 1->2: 2652, 2->3: 1647
accepted directly from s0    : 0
Gym endings cumulative       : terminated=5141, truncated=112

[Episode 7000/8000 | last 100]
success rate                : 73.0% (cumulative 24.6%)
failure rate                : 0.0% (cumulative 0.0%)
synthetic task reward       : 7300.000
shaping reward              : 321.007
learning reward             : 7621.007
episode length              : 256.6
abstract changes / episode  : 11.3
DFA transitions / episode   : 1.56
DFA transitions in window   : 1->2: 83, 2->3: 73
epsilon (next episode)       : 0.06078
replay buffer                : 300000 samples [1: 72.6%, 2: 27.4%, 3: 0.0%]
DFA state visits in window   : 1: 15391, 2: 10301, 3: 73
DFA state visits cumulative  : 1: 1322239, 2: 359321, 3: 1720
DFA state entries in window  : 1: 100, 2: 83, 3: 73
DFA state entries cumulative : 1: 7000, 2: 2735, 3: 1720
transitions cumulative       : 1->2: 2735, 2->3: 1720
accepted directly from s0    : 0
Gym endings cumulative       : terminated=5168, truncated=112

Starting autonomous greedy evaluation at episode 7000 (1000 fixed-seed episodes)...
[Greedy evaluation at episode 7000 | 1000 fixed-seed episodes]
success=65.5%, failure=0.0%, task reward=6550.000, length=232.1
DFA transitions: 1->2: 769, 2->3: 655

[Episode 7100/8000 | last 100]
success rate                : 55.0% (cumulative 25.0%)
failure rate                : 0.0% (cumulative 0.0%)
synthetic task reward       : 5500.000
shaping reward              : 249.971
learning reward             : 5749.971
episode length              : 250.0
abstract changes / episode  : 11.2
DFA transitions / episode   : 1.27
DFA transitions in window   : 1->2: 72, 2->3: 55
epsilon (next episode)       : 0.05839
replay buffer                : 300000 samples [1: 73.4%, 2: 26.6%, 3: 0.0%]
DFA state visits in window   : 1: 17672, 2: 7375, 3: 55
DFA state visits cumulative  : 1: 1339911, 2: 366696, 3: 1775
DFA state entries in window  : 1: 100, 2: 72, 3: 55
DFA state entries cumulative : 1: 7100, 2: 2807, 3: 1775
transitions cumulative       : 1->2: 2807, 2->3: 1775
accepted directly from s0    : 0
Gym endings cumulative       : terminated=5213, truncated=112

[Episode 7200/8000 | last 100]
success rate                : 69.0% (cumulative 25.6%)
failure rate                : 0.0% (cumulative 0.0%)
synthetic task reward       : 6900.000
shaping reward              : 332.542
learning reward             : 7232.542
episode length              : 279.4
abstract changes / episode  : 11.9
DFA transitions / episode   : 1.56
DFA transitions in window   : 1->2: 87, 2->3: 69
epsilon (next episode)       : 0.05610
replay buffer                : 300000 samples [1: 72.4%, 2: 27.6%, 3: 0.0%]
DFA state visits in window   : 1: 18762, 2: 9211, 3: 69
DFA state visits cumulative  : 1: 1358673, 2: 375907, 3: 1844
DFA state entries in window  : 1: 100, 2: 87, 3: 69
DFA state entries cumulative : 1: 7200, 2: 2894, 3: 1844
transitions cumulative       : 1->2: 2894, 2->3: 1844
accepted directly from s0    : 0
Gym endings cumulative       : terminated=5244, truncated=112

[Episode 7300/8000 | last 100]
success rate                : 52.0% (cumulative 26.0%)
failure rate                : 0.0% (cumulative 0.0%)
synthetic task reward       : 5200.000
shaping reward              : 237.025
learning reward             : 5437.025
episode length              : 289.5
abstract changes / episode  : 12.3
DFA transitions / episode   : 1.24
DFA transitions in window   : 1->2: 72, 2->3: 52
epsilon (next episode)       : 0.05390
replay buffer                : 300000 samples [1: 72.4%, 2: 27.6%, 3: 0.0%]
DFA state visits in window   : 1: 20347, 2: 8654, 3: 52
DFA state visits cumulative  : 1: 1379020, 2: 384561, 3: 1896
DFA state entries in window  : 1: 100, 2: 72, 3: 52
DFA state entries cumulative : 1: 7300, 2: 2966, 3: 1896
transitions cumulative       : 1->2: 2966, 2->3: 1896
accepted directly from s0    : 0
Gym endings cumulative       : terminated=5292, truncated=112

[Episode 7400/8000 | last 100]
success rate                : 21.0% (cumulative 25.9%)
failure rate                : 0.0% (cumulative 0.0%)
synthetic task reward       : 2100.000
shaping reward              : 142.402
learning reward             : 2242.402
episode length              : 253.5
abstract changes / episode  : 10.7
DFA transitions / episode   : 0.85
DFA transitions in window   : 1->2: 64, 2->3: 21
epsilon (next episode)       : 0.05179
replay buffer                : 300000 samples [1: 72.6%, 2: 27.4%, 3: 0.0%]
DFA state visits in window   : 1: 17250, 2: 8175, 3: 21
DFA state visits cumulative  : 1: 1396270, 2: 392736, 3: 1917
DFA state entries in window  : 1: 100, 2: 64, 3: 21
DFA state entries cumulative : 1: 7400, 2: 3030, 3: 1917
transitions cumulative       : 1->2: 3030, 2->3: 1917
accepted directly from s0    : 0
Gym endings cumulative       : terminated=5371, truncated=112

[Episode 7500/8000 | last 100]
success rate                : 4.0% (cumulative 25.6%)
failure rate                : 0.0% (cumulative 0.0%)
synthetic task reward       : 400.000
shaping reward              : -7.327
learning reward             : 392.673
episode length              : 244.6
abstract changes / episode  : 8.4
DFA transitions / episode   : 0.45
DFA transitions in window   : 1->2: 41, 2->3: 4
epsilon (next episode)       : 0.04976
replay buffer                : 300000 samples [1: 73.6%, 2: 26.4%, 3: 0.0%]
DFA state visits in window   : 1: 18765, 2: 5787, 3: 4
DFA state visits cumulative  : 1: 1415035, 2: 398523, 3: 1921
DFA state entries in window  : 1: 100, 2: 41, 3: 4
DFA state entries cumulative : 1: 7500, 2: 3071, 3: 1921
transitions cumulative       : 1->2: 3071, 2->3: 1921
accepted directly from s0    : 0
Gym endings cumulative       : terminated=5467, truncated=112

Starting autonomous greedy evaluation at episode 7500 (1000 fixed-seed episodes)...
[Greedy evaluation at episode 7500 | 1000 fixed-seed episodes]
success=0.1%, failure=0.0%, task reward=10.000, length=248.5
DFA transitions: 1->2: 542, 2->3: 1

[Episode 7600/8000 | last 100]
success rate                : 12.0% (cumulative 25.4%)
failure rate                : 0.0% (cumulative 0.0%)
synthetic task reward       : 1200.000
shaping reward              : -48.028
learning reward             : 1151.972
episode length              : 174.3
abstract changes / episode  : 8.0
DFA transitions / episode   : 0.47
DFA transitions in window   : 1->2: 35, 2->3: 12
epsilon (next episode)       : 0.04781
replay buffer                : 300000 samples [1: 73.7%, 2: 26.3%, 3: 0.0%]
DFA state visits in window   : 1: 13836, 2: 3687, 3: 12
DFA state visits cumulative  : 1: 1428871, 2: 402210, 3: 1933
DFA state entries in window  : 1: 100, 2: 35, 3: 12
DFA state entries cumulative : 1: 7600, 2: 3106, 3: 1933
transitions cumulative       : 1->2: 3106, 2->3: 1933
accepted directly from s0    : 0
Gym endings cumulative       : terminated=5555, truncated=112

[Episode 7700/8000 | last 100]
success rate                : 1.0% (cumulative 25.1%)
failure rate                : 0.0% (cumulative 0.0%)
synthetic task reward       : 100.000
shaping reward              : -187.562
learning reward             : -87.562
episode length              : 126.3
abstract changes / episode  : 6.7
DFA transitions / episode   : 0.04
DFA transitions in window   : 1->2: 3, 2->3: 1
epsilon (next episode)       : 0.04593
replay buffer                : 300000 samples [1: 74.4%, 2: 25.6%, 3: 0.0%]
DFA state visits in window   : 1: 12355, 2: 374, 3: 1
DFA state visits cumulative  : 1: 1441226, 2: 402584, 3: 1934
DFA state entries in window  : 1: 100, 2: 3, 3: 1
DFA state entries cumulative : 1: 7700, 2: 3109, 3: 1934
transitions cumulative       : 1->2: 3109, 2->3: 1934
accepted directly from s0    : 0
Gym endings cumulative       : terminated=5653, truncated=113

[Episode 7800/8000 | last 100]
success rate                : 1.0% (cumulative 24.8%)
failure rate                : 0.0% (cumulative 0.0%)
synthetic task reward       : 100.000
shaping reward              : -63.169
learning reward             : 36.831
episode length              : 565.1
abstract changes / episode  : 7.9
DFA transitions / episode   : 0.22
DFA transitions in window   : 1->2: 21, 2->3: 1
epsilon (next episode)       : 0.04413
replay buffer                : 300000 samples [1: 76.4%, 2: 23.6%, 3: 0.0%]
DFA state visits in window   : 1: 54754, 2: 1858, 3: 1
DFA state visits cumulative  : 1: 1495980, 2: 404442, 3: 1935
DFA state entries in window  : 1: 100, 2: 21, 3: 1
DFA state entries cumulative : 1: 7800, 2: 3130, 3: 1935
transitions cumulative       : 1->2: 3130, 2->3: 1935
accepted directly from s0    : 0
Gym endings cumulative       : terminated=5716, truncated=149

[Episode 7900/8000 | last 100]
success rate                : 2.0% (cumulative 24.5%)
failure rate                : 0.0% (cumulative 0.0%)
synthetic task reward       : 200.000
shaping reward              : -40.179
learning reward             : 159.821
episode length              : 227.3
abstract changes / episode  : 6.6
DFA transitions / episode   : 0.15
DFA transitions in window   : 1->2: 13, 2->3: 2
epsilon (next episode)       : 0.04240
replay buffer                : 300000 samples [1: 77.6%, 2: 22.4%, 3: 0.0%]
DFA state visits in window   : 1: 21235, 2: 1597, 3: 2
DFA state visits cumulative  : 1: 1517215, 2: 406039, 3: 1937
DFA state entries in window  : 1: 100, 2: 13, 3: 2
DFA state entries cumulative : 1: 7900, 2: 3143, 3: 1937
transitions cumulative       : 1->2: 3143, 2->3: 1937
accepted directly from s0    : 0
Gym endings cumulative       : terminated=5812, truncated=151

[Episode 8000/8000 | last 100]
success rate                : 5.0% (cumulative 24.3%)
failure rate                : 0.0% (cumulative 0.0%)
synthetic task reward       : 500.000
shaping reward              : -85.218
learning reward             : 414.782
episode length              : 381.1
abstract changes / episode  : 9.5
DFA transitions / episode   : 0.26
DFA transitions in window   : 1->2: 21, 2->3: 5
epsilon (next episode)       : 0.04074
replay buffer                : 300000 samples [1: 81.3%, 2: 18.7%, 3: 0.0%]
DFA state visits in window   : 1: 36728, 2: 1482, 3: 5
DFA state visits cumulative  : 1: 1553943, 2: 407521, 3: 1942
DFA state entries in window  : 1: 100, 2: 21, 3: 5
DFA state entries cumulative : 1: 8000, 2: 3164, 3: 1942
transitions cumulative       : 1->2: 3164, 2->3: 1942
accepted directly from s0    : 0
Gym endings cumulative       : terminated=5899, truncated=159

Starting autonomous greedy evaluation at episode 8000 (1000 fixed-seed episodes)...
[Greedy evaluation at episode 8000 | 1000 fixed-seed episodes]
success=0.0%, failure=0.0%, task reward=0.000, length=225.6
DFA transitions: none
Last policy saved after episode 8000. Best greedy evaluation: episode 5500, mean task reward=7140.000
