
=== NEW RUN ===
episodes=8000, shaping=True, goal_reward=10000.0, gamma=0.99
gamma_shaping=1.0, shaping_formula=gamma_shaping*Phi(next)-Phi(state)
eval_interval=500, eval_episodes=1000, eval_seed=100000
inter_level_shaping=False, inter_level_formula=gamma*Phi(next)-Phi(state)
formula=F(wp1 & X(F(g1)))
regions={wp1: {'center': [-0.75, 1.0625], 'radius': 0.1}, g1: {'center': [0.75, 1.0625], 'radius': 0.1}}
dfa_states=[1, 2, 3], pre_trace=1, accepting=[3], failure=[]

[Episode 1/8000 | last 1]
success rate                : 0.0% (cumulative 0.0%)
failure rate                : 0.0% (cumulative 0.0%)
synthetic task reward       : 0.000
shaping reward              : -443.237
learning reward             : -443.237
episode length              : 89.0
abstract changes / episode  : 11.0
DFA transitions / episode   : 0.00
DFA transitions in window   : none
epsilon (next episode)       : 0.99960
replay buffer                : 89 samples [1: 100.0%, 2: 0.0%, 3: 0.0%]
DFA state visits in window   : 1: 90, 2: 0, 3: 0
DFA state visits cumulative  : 1: 90, 2: 0, 3: 0
DFA state entries in window  : 1: 1, 2: 0, 3: 0
DFA state entries cumulative : 1: 1, 2: 0, 3: 0
transitions cumulative       : none
accepted directly from s0    : 0
Gym endings cumulative       : terminated=1, truncated=0

[Episode 100/8000 | last 100]
success rate                : 0.0% (cumulative 0.0%)
failure rate                : 0.0% (cumulative 0.0%)
synthetic task reward       : 0.000
shaping reward              : -381.742
learning reward             : -381.742
episode length              : 111.6
abstract changes / episode  : 12.6
DFA transitions / episode   : 0.03
DFA transitions in window   : 1->2: 3
epsilon (next episode)       : 0.96078
replay buffer                : 11156 samples [1: 99.3%, 2: 0.7%, 3: 0.0%]
DFA state visits in window   : 1: 11178, 2: 78, 3: 0
DFA state visits cumulative  : 1: 11178, 2: 78, 3: 0
DFA state entries in window  : 1: 100, 2: 3, 3: 0
DFA state entries cumulative : 1: 100, 2: 3, 3: 0
transitions cumulative       : 1->2: 3
accepted directly from s0    : 0
Gym endings cumulative       : terminated=98, truncated=2

[Episode 200/8000 | last 100]
success rate                : 0.0% (cumulative 0.0%)
failure rate                : 0.0% (cumulative 0.0%)
synthetic task reward       : 0.000
shaping reward              : -373.126
learning reward             : -373.126
episode length              : 89.3
abstract changes / episode  : 12.8
DFA transitions / episode   : 0.03
DFA transitions in window   : 1->2: 3
epsilon (next episode)       : 0.92310
replay buffer                : 20090 samples [1: 99.3%, 2: 0.7%, 3: 0.0%]
DFA state visits in window   : 1: 8958, 2: 76, 3: 0
DFA state visits cumulative  : 1: 20136, 2: 154, 3: 0
DFA state entries in window  : 1: 100, 2: 3, 3: 0
DFA state entries cumulative : 1: 200, 2: 6, 3: 0
transitions cumulative       : 1->2: 6
accepted directly from s0    : 0
Gym endings cumulative       : terminated=198, truncated=2

[Episode 300/8000 | last 100]
success rate                : 0.0% (cumulative 0.0%)
failure rate                : 0.0% (cumulative 0.0%)
synthetic task reward       : 0.000
shaping reward              : -365.811
learning reward             : -365.811
episode length              : 96.9
abstract changes / episode  : 12.9
DFA transitions / episode   : 0.03
DFA transitions in window   : 1->2: 3
epsilon (next episode)       : 0.88690
replay buffer                : 29783 samples [1: 99.2%, 2: 0.8%, 3: 0.0%]
DFA state visits in window   : 1: 9702, 2: 91, 3: 0
DFA state visits cumulative  : 1: 29838, 2: 245, 3: 0
DFA state entries in window  : 1: 100, 2: 3, 3: 0
DFA state entries cumulative : 1: 300, 2: 9, 3: 0
transitions cumulative       : 1->2: 9
accepted directly from s0    : 0
Gym endings cumulative       : terminated=298, truncated=2

[Episode 400/8000 | last 100]
success rate                : 0.0% (cumulative 0.0%)
failure rate                : 0.0% (cumulative 0.0%)
synthetic task reward       : 0.000
shaping reward              : -366.184
learning reward             : -366.184
episode length              : 98.4
abstract changes / episode  : 12.8
DFA transitions / episode   : 0.03
DFA transitions in window   : 1->2: 3
epsilon (next episode)       : 0.85212
replay buffer                : 39619 samples [1: 99.3%, 2: 0.7%, 3: 0.0%]
DFA state visits in window   : 1: 9878, 2: 58, 3: 0
DFA state visits cumulative  : 1: 39716, 2: 303, 3: 0
DFA state entries in window  : 1: 100, 2: 3, 3: 0
DFA state entries cumulative : 1: 400, 2: 12, 3: 0
transitions cumulative       : 1->2: 12
accepted directly from s0    : 0
Gym endings cumulative       : terminated=398, truncated=2

[Episode 500/8000 | last 100]
success rate                : 0.0% (cumulative 0.0%)
failure rate                : 0.0% (cumulative 0.0%)
synthetic task reward       : 0.000
shaping reward              : -358.771
learning reward             : -358.771
episode length              : 101.1
abstract changes / episode  : 13.1
DFA transitions / episode   : 0.03
DFA transitions in window   : 1->2: 3
epsilon (next episode)       : 0.81870
replay buffer                : 49732 samples [1: 99.2%, 2: 0.8%, 3: 0.0%]
DFA state visits in window   : 1: 10120, 2: 93, 3: 0
DFA state visits cumulative  : 1: 49836, 2: 396, 3: 0
DFA state entries in window  : 1: 100, 2: 3, 3: 0
DFA state entries cumulative : 1: 500, 2: 15, 3: 0
transitions cumulative       : 1->2: 15
accepted directly from s0    : 0
Gym endings cumulative       : terminated=498, truncated=2

Starting autonomous greedy evaluation at episode 500 (1000 fixed-seed episodes)...
[Greedy evaluation at episode 500 | 1000 fixed-seed episodes]
success=0.0%, failure=0.0%, task reward=0.000, length=341.3
DFA transitions: 1->2: 35
Best policy updated from autonomous greedy evaluation at episode 500.

[Episode 600/8000 | last 100]
success rate                : 0.0% (cumulative 0.0%)
failure rate                : 0.0% (cumulative 0.0%)
synthetic task reward       : 0.000
shaping reward              : -357.568
learning reward             : -357.568
episode length              : 108.4
abstract changes / episode  : 13.1
DFA transitions / episode   : 0.01
DFA transitions in window   : 1->2: 1
epsilon (next episode)       : 0.78659
replay buffer                : 60571 samples [1: 99.3%, 2: 0.7%, 3: 0.0%]
DFA state visits in window   : 1: 10908, 2: 31, 3: 0
DFA state visits cumulative  : 1: 60744, 2: 427, 3: 0
DFA state entries in window  : 1: 100, 2: 1, 3: 0
DFA state entries cumulative : 1: 600, 2: 16, 3: 0
transitions cumulative       : 1->2: 16
accepted directly from s0    : 0
Gym endings cumulative       : terminated=598, truncated=2

[Episode 700/8000 | last 100]
success rate                : 0.0% (cumulative 0.0%)
failure rate                : 0.0% (cumulative 0.0%)
synthetic task reward       : 0.000
shaping reward              : -353.853
learning reward             : -353.853
episode length              : 111.5
abstract changes / episode  : 13.2
DFA transitions / episode   : 0.04
DFA transitions in window   : 1->2: 4
epsilon (next episode)       : 0.75574
replay buffer                : 71717 samples [1: 99.3%, 2: 0.7%, 3: 0.0%]
DFA state visits in window   : 1: 11149, 2: 97, 3: 0
DFA state visits cumulative  : 1: 71893, 2: 524, 3: 0
DFA state entries in window  : 1: 100, 2: 4, 3: 0
DFA state entries cumulative : 1: 700, 2: 20, 3: 0
transitions cumulative       : 1->2: 20
accepted directly from s0    : 0
Gym endings cumulative       : terminated=698, truncated=2

[Episode 800/8000 | last 100]
success rate                : 0.0% (cumulative 0.0%)
failure rate                : 0.0% (cumulative 0.0%)
synthetic task reward       : 0.000
shaping reward              : -341.148
learning reward             : -341.148
episode length              : 100.5
abstract changes / episode  : 12.8
DFA transitions / episode   : 0.05
DFA transitions in window   : 1->2: 5
epsilon (next episode)       : 0.72610
replay buffer                : 81772 samples [1: 99.3%, 2: 0.7%, 3: 0.0%]
DFA state visits in window   : 1: 10045, 2: 110, 3: 0
DFA state visits cumulative  : 1: 81938, 2: 634, 3: 0
DFA state entries in window  : 1: 100, 2: 5, 3: 0
DFA state entries cumulative : 1: 800, 2: 25, 3: 0
transitions cumulative       : 1->2: 25
accepted directly from s0    : 0
Gym endings cumulative       : terminated=798, truncated=2

[Episode 900/8000 | last 100]
success rate                : 0.0% (cumulative 0.0%)
failure rate                : 0.0% (cumulative 0.0%)
synthetic task reward       : 0.000
shaping reward              : -347.684
learning reward             : -347.684
episode length              : 107.5
abstract changes / episode  : 13.2
DFA transitions / episode   : 0.02
DFA transitions in window   : 1->2: 2
epsilon (next episode)       : 0.69763
replay buffer                : 92522 samples [1: 99.3%, 2: 0.7%, 3: 0.0%]
DFA state visits in window   : 1: 10801, 2: 49, 3: 0
DFA state visits cumulative  : 1: 92739, 2: 683, 3: 0
DFA state entries in window  : 1: 100, 2: 2, 3: 0
DFA state entries cumulative : 1: 900, 2: 27, 3: 0
transitions cumulative       : 1->2: 27
accepted directly from s0    : 0
Gym endings cumulative       : terminated=898, truncated=2

[Episode 1000/8000 | last 100]
success rate                : 0.0% (cumulative 0.0%)
failure rate                : 0.0% (cumulative 0.0%)
synthetic task reward       : 0.000
shaping reward              : -354.147
learning reward             : -354.147
episode length              : 110.1
abstract changes / episode  : 13.5
DFA transitions / episode   : 0.01
DFA transitions in window   : 1->2: 1
epsilon (next episode)       : 0.67027
replay buffer                : 103530 samples [1: 99.3%, 2: 0.7%, 3: 0.0%]
DFA state visits in window   : 1: 11082, 2: 26, 3: 0
DFA state visits cumulative  : 1: 103821, 2: 709, 3: 0
DFA state entries in window  : 1: 100, 2: 1, 3: 0
DFA state entries cumulative : 1: 1000, 2: 28, 3: 0
transitions cumulative       : 1->2: 28
accepted directly from s0    : 0
Gym endings cumulative       : terminated=998, truncated=2

Starting autonomous greedy evaluation at episode 1000 (1000 fixed-seed episodes)...
[Greedy evaluation at episode 1000 | 1000 fixed-seed episodes]
success=0.0%, failure=0.0%, task reward=0.000, length=143.1
DFA transitions: 1->2: 1000
Best policy updated from autonomous greedy evaluation at episode 1000.

[Episode 1100/8000 | last 100]
success rate                : 0.0% (cumulative 0.0%)
failure rate                : 0.0% (cumulative 0.0%)
synthetic task reward       : 0.000
shaping reward              : -363.640
learning reward             : -363.640
episode length              : 121.7
abstract changes / episode  : 13.9
DFA transitions / episode   : 0.03
DFA transitions in window   : 1->2: 3
epsilon (next episode)       : 0.64398
replay buffer                : 115698 samples [1: 99.3%, 2: 0.7%, 3: 0.0%]
DFA state visits in window   : 1: 12186, 2: 82, 3: 0
DFA state visits cumulative  : 1: 116007, 2: 791, 3: 0
DFA state entries in window  : 1: 100, 2: 3, 3: 0
DFA state entries cumulative : 1: 1100, 2: 31, 3: 0
transitions cumulative       : 1->2: 31
accepted directly from s0    : 0
Gym endings cumulative       : terminated=1098, truncated=2

[Episode 1200/8000 | last 100]
success rate                : 0.0% (cumulative 0.0%)
failure rate                : 0.0% (cumulative 0.0%)
synthetic task reward       : 0.000
shaping reward              : -364.313
learning reward             : -364.313
episode length              : 113.3
abstract changes / episode  : 13.2
DFA transitions / episode   : 0.01
DFA transitions in window   : 1->2: 1
epsilon (next episode)       : 0.61872
replay buffer                : 127029 samples [1: 99.4%, 2: 0.6%, 3: 0.0%]
DFA state visits in window   : 1: 11396, 2: 35, 3: 0
DFA state visits cumulative  : 1: 127403, 2: 826, 3: 0
DFA state entries in window  : 1: 100, 2: 1, 3: 0
DFA state entries cumulative : 1: 1200, 2: 32, 3: 0
transitions cumulative       : 1->2: 32
accepted directly from s0    : 0
Gym endings cumulative       : terminated=1198, truncated=2

[Episode 1300/8000 | last 100]
success rate                : 0.0% (cumulative 0.0%)
failure rate                : 0.0% (cumulative 0.0%)
synthetic task reward       : 0.000
shaping reward              : -365.422
learning reward             : -365.422
episode length              : 116.1
abstract changes / episode  : 13.2
DFA transitions / episode   : 0.01
DFA transitions in window   : 1->2: 1
epsilon (next episode)       : 0.59446
replay buffer                : 138635 samples [1: 99.4%, 2: 0.6%, 3: 0.0%]
DFA state visits in window   : 1: 11675, 2: 31, 3: 0
DFA state visits cumulative  : 1: 139078, 2: 857, 3: 0
DFA state entries in window  : 1: 100, 2: 1, 3: 0
DFA state entries cumulative : 1: 1300, 2: 33, 3: 0
transitions cumulative       : 1->2: 33
accepted directly from s0    : 0
Gym endings cumulative       : terminated=1298, truncated=2

[Episode 1400/8000 | last 100]
success rate                : 0.0% (cumulative 0.0%)
failure rate                : 0.0% (cumulative 0.0%)
synthetic task reward       : 0.000
shaping reward              : -399.039
learning reward             : -399.039
episode length              : 122.8
abstract changes / episode  : 13.3
DFA transitions / episode   : 0.00
DFA transitions in window   : none
epsilon (next episode)       : 0.57115
replay buffer                : 150913 samples [1: 99.5%, 2: 0.5%, 3: 0.0%]
DFA state visits in window   : 1: 12378, 2: 0, 3: 0
DFA state visits cumulative  : 1: 151456, 2: 857, 3: 0
DFA state entries in window  : 1: 100, 2: 0, 3: 0
DFA state entries cumulative : 1: 1400, 2: 33, 3: 0
transitions cumulative       : 1->2: 33
accepted directly from s0    : 0
Gym endings cumulative       : terminated=1398, truncated=2

[Episode 1500/8000 | last 100]
success rate                : 0.0% (cumulative 0.0%)
failure rate                : 0.0% (cumulative 0.0%)
synthetic task reward       : 0.000
shaping reward              : -391.750
learning reward             : -391.750
episode length              : 129.9
abstract changes / episode  : 13.2
DFA transitions / episode   : 0.00
DFA transitions in window   : none
epsilon (next episode)       : 0.54875
replay buffer                : 163900 samples [1: 99.5%, 2: 0.5%, 3: 0.0%]
DFA state visits in window   : 1: 13087, 2: 0, 3: 0
DFA state visits cumulative  : 1: 164543, 2: 857, 3: 0
DFA state entries in window  : 1: 100, 2: 0, 3: 0
DFA state entries cumulative : 1: 1500, 2: 33, 3: 0
transitions cumulative       : 1->2: 33
accepted directly from s0    : 0
Gym endings cumulative       : terminated=1498, truncated=2

Starting autonomous greedy evaluation at episode 1500 (1000 fixed-seed episodes)...
[Greedy evaluation at episode 1500 | 1000 fixed-seed episodes]
success=0.0%, failure=0.0%, task reward=0.000, length=261.8
DFA transitions: none

[Episode 1600/8000 | last 100]
success rate                : 0.0% (cumulative 0.0%)
failure rate                : 0.0% (cumulative 0.0%)
synthetic task reward       : 0.000
shaping reward              : -400.005
learning reward             : -400.005
episode length              : 144.7
abstract changes / episode  : 13.5
DFA transitions / episode   : 0.00
DFA transitions in window   : none
epsilon (next episode)       : 0.52722
replay buffer                : 178366 samples [1: 99.5%, 2: 0.5%, 3: 0.0%]
DFA state visits in window   : 1: 14566, 2: 0, 3: 0
DFA state visits cumulative  : 1: 179109, 2: 857, 3: 0
DFA state entries in window  : 1: 100, 2: 0, 3: 0
DFA state entries cumulative : 1: 1600, 2: 33, 3: 0
transitions cumulative       : 1->2: 33
accepted directly from s0    : 0
Gym endings cumulative       : terminated=1597, truncated=3

[Episode 1700/8000 | last 100]
success rate                : 0.0% (cumulative 0.0%)
failure rate                : 0.0% (cumulative 0.0%)
synthetic task reward       : 0.000
shaping reward              : -397.159
learning reward             : -397.159
episode length              : 187.1
abstract changes / episode  : 13.5
DFA transitions / episode   : 0.00
DFA transitions in window   : none
epsilon (next episode)       : 0.50655
replay buffer                : 197077 samples [1: 99.6%, 2: 0.4%, 3: 0.0%]
DFA state visits in window   : 1: 18811, 2: 0, 3: 0
DFA state visits cumulative  : 1: 197920, 2: 857, 3: 0
DFA state entries in window  : 1: 100, 2: 0, 3: 0
DFA state entries cumulative : 1: 1700, 2: 33, 3: 0
transitions cumulative       : 1->2: 33
accepted directly from s0    : 0
Gym endings cumulative       : terminated=1691, truncated=9

[Episode 1800/8000 | last 100]
success rate                : 0.0% (cumulative 0.0%)
failure rate                : 0.0% (cumulative 0.0%)
synthetic task reward       : 0.000
shaping reward              : -393.488
learning reward             : -393.488
episode length              : 208.6
abstract changes / episode  : 13.5
DFA transitions / episode   : 0.00
DFA transitions in window   : none
epsilon (next episode)       : 0.48668
replay buffer                : 217940 samples [1: 99.6%, 2: 0.4%, 3: 0.0%]
DFA state visits in window   : 1: 20963, 2: 0, 3: 0
DFA state visits cumulative  : 1: 218883, 2: 857, 3: 0
DFA state entries in window  : 1: 100, 2: 0, 3: 0
DFA state entries cumulative : 1: 1800, 2: 33, 3: 0
transitions cumulative       : 1->2: 33
accepted directly from s0    : 0
Gym endings cumulative       : terminated=1783, truncated=17

[Episode 1900/8000 | last 100]
success rate                : 0.0% (cumulative 0.0%)
failure rate                : 0.0% (cumulative 0.0%)
synthetic task reward       : 0.000
shaping reward              : -316.452
learning reward             : -316.452
episode length              : 199.8
abstract changes / episode  : 14.0
DFA transitions / episode   : 0.04
DFA transitions in window   : 1->2: 4
epsilon (next episode)       : 0.46760
replay buffer                : 237915 samples [1: 99.6%, 2: 0.4%, 3: 0.0%]
DFA state visits in window   : 1: 19908, 2: 167, 3: 0
DFA state visits cumulative  : 1: 238791, 2: 1024, 3: 0
DFA state entries in window  : 1: 100, 2: 4, 3: 0
DFA state entries cumulative : 1: 1900, 2: 37, 3: 0
transitions cumulative       : 1->2: 37
accepted directly from s0    : 0
Gym endings cumulative       : terminated=1880, truncated=20

[Episode 2000/8000 | last 100]
success rate                : 0.0% (cumulative 0.0%)
failure rate                : 0.0% (cumulative 0.0%)
synthetic task reward       : 0.000
shaping reward              : -300.806
learning reward             : -300.806
episode length              : 151.8
abstract changes / episode  : 13.9
DFA transitions / episode   : 0.06
DFA transitions in window   : 1->2: 6
epsilon (next episode)       : 0.44926
replay buffer                : 253094 samples [1: 99.5%, 2: 0.5%, 3: 0.0%]
DFA state visits in window   : 1: 15082, 2: 197, 3: 0
DFA state visits cumulative  : 1: 253873, 2: 1221, 3: 0
DFA state entries in window  : 1: 100, 2: 6, 3: 0
DFA state entries cumulative : 1: 2000, 2: 43, 3: 0
transitions cumulative       : 1->2: 43
accepted directly from s0    : 0
Gym endings cumulative       : terminated=1979, truncated=21

Starting autonomous greedy evaluation at episode 2000 (1000 fixed-seed episodes)...
[Greedy evaluation at episode 2000 | 1000 fixed-seed episodes]
success=0.0%, failure=0.0%, task reward=0.000, length=175.1
DFA transitions: 1->2: 737

[Episode 2100/8000 | last 100]
success rate                : 0.0% (cumulative 0.0%)
failure rate                : 0.0% (cumulative 0.0%)
synthetic task reward       : 0.000
shaping reward              : -239.442
learning reward             : -239.442
episode length              : 200.0
abstract changes / episode  : 15.3
DFA transitions / episode   : 0.14
DFA transitions in window   : 1->2: 14
epsilon (next episode)       : 0.43164
replay buffer                : 273092 samples [1: 99.4%, 2: 0.6%, 3: 0.0%]
DFA state visits in window   : 1: 19632, 2: 466, 3: 0
DFA state visits cumulative  : 1: 273505, 2: 1687, 3: 0
DFA state entries in window  : 1: 100, 2: 14, 3: 0
DFA state entries cumulative : 1: 2100, 2: 57, 3: 0
transitions cumulative       : 1->2: 57
accepted directly from s0    : 0
Gym endings cumulative       : terminated=2077, truncated=23

[Episode 2200/8000 | last 100]
success rate                : 0.0% (cumulative 0.0%)
failure rate                : 0.0% (cumulative 0.0%)
synthetic task reward       : 0.000
shaping reward              : -294.195
learning reward             : -294.195
episode length              : 248.1
abstract changes / episode  : 18.9
DFA transitions / episode   : 0.10
DFA transitions in window   : 1->2: 10
epsilon (next episode)       : 0.41471
replay buffer                : 297899 samples [1: 99.3%, 2: 0.7%, 3: 0.0%]
DFA state visits in window   : 1: 24464, 2: 443, 3: 0
DFA state visits cumulative  : 1: 297969, 2: 2130, 3: 0
DFA state entries in window  : 1: 100, 2: 10, 3: 0
DFA state entries cumulative : 1: 2200, 2: 67, 3: 0
transitions cumulative       : 1->2: 67
accepted directly from s0    : 0
Gym endings cumulative       : terminated=2175, truncated=25

[Episode 2300/8000 | last 100]
success rate                : 0.0% (cumulative 0.0%)
failure rate                : 0.0% (cumulative 0.0%)
synthetic task reward       : 0.000
shaping reward              : -152.419
learning reward             : -152.419
episode length              : 303.9
abstract changes / episode  : 20.1
DFA transitions / episode   : 0.21
DFA transitions in window   : 1->2: 21
epsilon (next episode)       : 0.39845
replay buffer                : 300000 samples [1: 99.0%, 2: 1.0%, 3: 0.0%]
DFA state visits in window   : 1: 29446, 2: 1044, 3: 0
DFA state visits cumulative  : 1: 327415, 2: 3174, 3: 0
DFA state entries in window  : 1: 100, 2: 21, 3: 0
DFA state entries cumulative : 1: 2300, 2: 88, 3: 0
transitions cumulative       : 1->2: 88
accepted directly from s0    : 0
Gym endings cumulative       : terminated=2272, truncated=28

[Episode 2400/8000 | last 100]
success rate                : 0.0% (cumulative 0.0%)
failure rate                : 0.0% (cumulative 0.0%)
synthetic task reward       : 0.000
shaping reward              : -155.311
learning reward             : -155.311
episode length              : 272.9
abstract changes / episode  : 19.5
DFA transitions / episode   : 0.15
DFA transitions in window   : 1->2: 15
epsilon (next episode)       : 0.38282
replay buffer                : 300000 samples [1: 98.8%, 2: 1.2%, 3: 0.0%]
DFA state visits in window   : 1: 26374, 2: 1013, 3: 0
DFA state visits cumulative  : 1: 353789, 2: 4187, 3: 0
DFA state entries in window  : 1: 100, 2: 15, 3: 0
DFA state entries cumulative : 1: 2400, 2: 103, 3: 0
transitions cumulative       : 1->2: 103
accepted directly from s0    : 0
Gym endings cumulative       : terminated=2371, truncated=29

[Episode 2500/8000 | last 100]
success rate                : 0.0% (cumulative 0.0%)
failure rate                : 0.0% (cumulative 0.0%)
synthetic task reward       : 0.000
shaping reward              : -126.407
learning reward             : -126.407
episode length              : 291.6
abstract changes / episode  : 22.1
DFA transitions / episode   : 0.21
DFA transitions in window   : 1->2: 21
epsilon (next episode)       : 0.36781
replay buffer                : 300000 samples [1: 98.2%, 2: 1.8%, 3: 0.0%]
DFA state visits in window   : 1: 27414, 2: 1845, 3: 0
DFA state visits cumulative  : 1: 381203, 2: 6032, 3: 0
DFA state entries in window  : 1: 100, 2: 21, 3: 0
DFA state entries cumulative : 1: 2500, 2: 124, 3: 0
transitions cumulative       : 1->2: 124
accepted directly from s0    : 0
Gym endings cumulative       : terminated=2469, truncated=31

Starting autonomous greedy evaluation at episode 2500 (1000 fixed-seed episodes)...
[Greedy evaluation at episode 2500 | 1000 fixed-seed episodes]
success=0.0%, failure=0.0%, task reward=0.000, length=436.0
DFA transitions: 1->2: 711

[Episode 2600/8000 | last 100]
success rate                : 0.0% (cumulative 0.0%)
failure rate                : 0.0% (cumulative 0.0%)
synthetic task reward       : 0.000
shaping reward              : -134.937
learning reward             : -134.937
episode length              : 349.9
abstract changes / episode  : 24.8
DFA transitions / episode   : 0.18
DFA transitions in window   : 1->2: 18
epsilon (next episode)       : 0.35338
replay buffer                : 300000 samples [1: 97.6%, 2: 2.4%, 3: 0.0%]
DFA state visits in window   : 1: 32986, 2: 2106, 3: 0
DFA state visits cumulative  : 1: 414189, 2: 8138, 3: 0
DFA state entries in window  : 1: 100, 2: 18, 3: 0
DFA state entries cumulative : 1: 2600, 2: 142, 3: 0
transitions cumulative       : 1->2: 142
accepted directly from s0    : 0
Gym endings cumulative       : terminated=2566, truncated=34

[Episode 2700/8000 | last 100]
success rate                : 2.0% (cumulative 0.1%)
failure rate                : 0.0% (cumulative 0.0%)
synthetic task reward       : 200.000
shaping reward              : -14.056
learning reward             : 185.944
episode length              : 373.6
abstract changes / episode  : 26.9
DFA transitions / episode   : 0.33
DFA transitions in window   : 1->2: 31, 2->3: 2
epsilon (next episode)       : 0.33952
replay buffer                : 300000 samples [1: 96.3%, 2: 3.7%, 3: 0.0%]
DFA state visits in window   : 1: 33595, 2: 3868, 3: 2
DFA state visits cumulative  : 1: 447784, 2: 12006, 3: 2
DFA state entries in window  : 1: 100, 2: 31, 3: 2
DFA state entries cumulative : 1: 2700, 2: 173, 3: 2
transitions cumulative       : 1->2: 173, 2->3: 2
accepted directly from s0    : 0
Gym endings cumulative       : terminated=2661, truncated=37

[Episode 2800/8000 | last 100]
success rate                : 1.0% (cumulative 0.1%)
failure rate                : 0.0% (cumulative 0.0%)
synthetic task reward       : 100.000
shaping reward              : 73.268
learning reward             : 173.268
episode length              : 226.6
abstract changes / episode  : 19.9
DFA transitions / episode   : 0.52
DFA transitions in window   : 1->2: 51, 2->3: 1
epsilon (next episode)       : 0.32621
replay buffer                : 300000 samples [1: 95.1%, 2: 4.9%, 3: 0.0%]
DFA state visits in window   : 1: 19028, 2: 3726, 3: 1
DFA state visits cumulative  : 1: 466812, 2: 15732, 3: 3
DFA state entries in window  : 1: 100, 2: 51, 3: 1
DFA state entries cumulative : 1: 2800, 2: 224, 3: 3
transitions cumulative       : 1->2: 224, 2->3: 3
accepted directly from s0    : 0
Gym endings cumulative       : terminated=2760, truncated=37

[Episode 2900/8000 | last 100]
success rate                : 3.0% (cumulative 0.2%)
failure rate                : 0.0% (cumulative 0.0%)
synthetic task reward       : 300.000
shaping reward              : 198.286
learning reward             : 498.286
episode length              : 251.3
abstract changes / episode  : 20.5
DFA transitions / episode   : 0.52
DFA transitions in window   : 1->2: 49, 2->3: 3
epsilon (next episode)       : 0.31341
replay buffer                : 300000 samples [1: 93.0%, 2: 7.0%, 3: 0.0%]
DFA state visits in window   : 1: 18814, 2: 6413, 3: 3
DFA state visits cumulative  : 1: 485626, 2: 22145, 3: 6
DFA state entries in window  : 1: 100, 2: 49, 3: 3
DFA state entries cumulative : 1: 2900, 2: 273, 3: 6
transitions cumulative       : 1->2: 273, 2->3: 6
accepted directly from s0    : 0
Gym endings cumulative       : terminated=2857, truncated=37

[Episode 3000/8000 | last 100]
success rate                : 8.0% (cumulative 0.5%)
failure rate                : 0.0% (cumulative 0.0%)
synthetic task reward       : 800.000
shaping reward              : 234.761
learning reward             : 1034.761
episode length              : 282.3
abstract changes / episode  : 22.9
DFA transitions / episode   : 0.59
DFA transitions in window   : 1->2: 51, 2->3: 8
epsilon (next episode)       : 0.30112
replay buffer                : 300000 samples [1: 90.7%, 2: 9.3%, 3: 0.0%]
DFA state visits in window   : 1: 21409, 2: 6915, 3: 8
DFA state visits cumulative  : 1: 507035, 2: 29060, 3: 14
DFA state entries in window  : 1: 100, 2: 51, 3: 8
DFA state entries cumulative : 1: 3000, 2: 324, 3: 14
transitions cumulative       : 1->2: 324, 2->3: 14
accepted directly from s0    : 0
Gym endings cumulative       : terminated=2949, truncated=37

Starting autonomous greedy evaluation at episode 3000 (1000 fixed-seed episodes)...
[Greedy evaluation at episode 3000 | 1000 fixed-seed episodes]
success=52.3%, failure=0.0%, task reward=5230.000, length=234.6
DFA transitions: 1->2: 789, 2->3: 523
Best policy updated from autonomous greedy evaluation at episode 3000.

[Episode 3100/8000 | last 100]
success rate                : 7.0% (cumulative 0.7%)
failure rate                : 0.0% (cumulative 0.0%)
synthetic task reward       : 700.000
shaping reward              : 163.442
learning reward             : 863.442
episode length              : 325.8
abstract changes / episode  : 27.2
DFA transitions / episode   : 0.44
DFA transitions in window   : 1->2: 37, 2->3: 7
epsilon (next episode)       : 0.28931
replay buffer                : 300000 samples [1: 89.4%, 2: 10.6%, 3: 0.0%]
DFA state visits in window   : 1: 27906, 2: 4764, 3: 7
DFA state visits cumulative  : 1: 534941, 2: 33824, 3: 21
DFA state entries in window  : 1: 100, 2: 37, 3: 7
DFA state entries cumulative : 1: 3100, 2: 361, 3: 21
transitions cumulative       : 1->2: 361, 2->3: 21
accepted directly from s0    : 0
Gym endings cumulative       : terminated=3042, truncated=37

[Episode 3200/8000 | last 100]
success rate                : 9.0% (cumulative 0.9%)
failure rate                : 0.0% (cumulative 0.0%)
synthetic task reward       : 900.000
shaping reward              : 351.737
learning reward             : 1251.737
episode length              : 356.8
abstract changes / episode  : 29.2
DFA transitions / episode   : 0.68
DFA transitions in window   : 1->2: 59, 2->3: 9
epsilon (next episode)       : 0.27797
replay buffer                : 300000 samples [1: 86.8%, 2: 13.2%, 3: 0.0%]
DFA state visits in window   : 1: 27524, 2: 8248, 3: 9
DFA state visits cumulative  : 1: 562465, 2: 42072, 3: 30
DFA state entries in window  : 1: 100, 2: 59, 3: 9
DFA state entries cumulative : 1: 3200, 2: 420, 3: 30
transitions cumulative       : 1->2: 420, 2->3: 30
accepted directly from s0    : 0
Gym endings cumulative       : terminated=3131, truncated=39

[Episode 3300/8000 | last 100]
success rate                : 17.0% (cumulative 1.4%)
failure rate                : 0.0% (cumulative 0.0%)
synthetic task reward       : 1700.000
shaping reward              : 448.102
learning reward             : 2148.102
episode length              : 352.4
abstract changes / episode  : 28.9
DFA transitions / episode   : 0.86
DFA transitions in window   : 1->2: 69, 2->3: 17
epsilon (next episode)       : 0.26706
replay buffer                : 300000 samples [1: 83.9%, 2: 16.1%, 3: 0.0%]
DFA state visits in window   : 1: 24951, 2: 10373, 3: 17
DFA state visits cumulative  : 1: 587416, 2: 52445, 3: 47
DFA state entries in window  : 1: 100, 2: 69, 3: 17
DFA state entries cumulative : 1: 3300, 2: 489, 3: 47
transitions cumulative       : 1->2: 489, 2->3: 47
accepted directly from s0    : 0
Gym endings cumulative       : terminated=3213, truncated=40

[Episode 3400/8000 | last 100]
success rate                : 33.0% (cumulative 2.4%)
failure rate                : 0.0% (cumulative 0.0%)
synthetic task reward       : 3300.000
shaping reward              : 638.215
learning reward             : 3938.215
episode length              : 356.3
abstract changes / episode  : 28.4
DFA transitions / episode   : 1.12
DFA transitions in window   : 1->2: 79, 2->3: 33
epsilon (next episode)       : 0.25659
replay buffer                : 300000 samples [1: 80.3%, 2: 19.7%, 3: 0.0%]
DFA state visits in window   : 1: 23643, 2: 12056, 3: 33
DFA state visits cumulative  : 1: 611059, 2: 64501, 3: 80
DFA state entries in window  : 1: 100, 2: 79, 3: 33
DFA state entries cumulative : 1: 3400, 2: 568, 3: 80
transitions cumulative       : 1->2: 568, 2->3: 80
accepted directly from s0    : 0
Gym endings cumulative       : terminated=3278, truncated=42

[Episode 3500/8000 | last 100]
success rate                : 47.0% (cumulative 3.6%)
failure rate                : 0.0% (cumulative 0.0%)
synthetic task reward       : 4700.000
shaping reward              : 606.233
learning reward             : 5306.233
episode length              : 337.2
abstract changes / episode  : 27.3
DFA transitions / episode   : 1.24
DFA transitions in window   : 1->2: 77, 2->3: 47
epsilon (next episode)       : 0.24653
replay buffer                : 300000 samples [1: 77.3%, 2: 22.7%, 3: 0.0%]
DFA state visits in window   : 1: 22433, 2: 11343, 3: 47
DFA state visits cumulative  : 1: 633492, 2: 75844, 3: 127
DFA state entries in window  : 1: 100, 2: 77, 3: 47
DFA state entries cumulative : 1: 3500, 2: 645, 3: 127
transitions cumulative       : 1->2: 645, 2->3: 127
accepted directly from s0    : 0
Gym endings cumulative       : terminated=3331, truncated=42

Starting autonomous greedy evaluation at episode 3500 (1000 fixed-seed episodes)...
[Greedy evaluation at episode 3500 | 1000 fixed-seed episodes]
success=90.7%, failure=0.0%, task reward=9070.000, length=362.6
DFA transitions: 1->2: 1000, 2->3: 907
Best policy updated from autonomous greedy evaluation at episode 3500.

[Episode 3600/8000 | last 100]
success rate                : 52.0% (cumulative 5.0%)
failure rate                : 0.0% (cumulative 0.0%)
synthetic task reward       : 5200.000
shaping reward              : 691.024
learning reward             : 5891.024
episode length              : 319.0
abstract changes / episode  : 26.3
DFA transitions / episode   : 1.36
DFA transitions in window   : 1->2: 84, 2->3: 52
epsilon (next episode)       : 0.23686
replay buffer                : 300000 samples [1: 74.2%, 2: 25.8%, 3: 0.0%]
DFA state visits in window   : 1: 20361, 2: 11590, 3: 52
DFA state visits cumulative  : 1: 653853, 2: 87434, 3: 179
DFA state entries in window  : 1: 100, 2: 84, 3: 52
DFA state entries cumulative : 1: 3600, 2: 729, 3: 179
transitions cumulative       : 1->2: 729, 2->3: 179
accepted directly from s0    : 0
Gym endings cumulative       : terminated=3379, truncated=42

[Episode 3700/8000 | last 100]
success rate                : 53.0% (cumulative 6.3%)
failure rate                : 0.0% (cumulative 0.0%)
synthetic task reward       : 5300.000
shaping reward              : 681.285
learning reward             : 5981.285
episode length              : 315.5
abstract changes / episode  : 26.8
DFA transitions / episode   : 1.34
DFA transitions in window   : 1->2: 81, 2->3: 53
epsilon (next episode)       : 0.22757
replay buffer                : 300000 samples [1: 72.1%, 2: 27.9%, 3: 0.0%]
DFA state visits in window   : 1: 21184, 2: 10414, 3: 53
DFA state visits cumulative  : 1: 675037, 2: 97848, 3: 232
DFA state entries in window  : 1: 100, 2: 81, 3: 53
DFA state entries cumulative : 1: 3700, 2: 810, 3: 232
transitions cumulative       : 1->2: 810, 2->3: 232
accepted directly from s0    : 0
Gym endings cumulative       : terminated=3426, truncated=42

[Episode 3800/8000 | last 100]
success rate                : 60.0% (cumulative 7.7%)
failure rate                : 0.0% (cumulative 0.0%)
synthetic task reward       : 6000.000
shaping reward              : 762.809
learning reward             : 6762.809
episode length              : 332.0
abstract changes / episode  : 28.3
DFA transitions / episode   : 1.47
DFA transitions in window   : 1->2: 87, 2->3: 60
epsilon (next episode)       : 0.21865
replay buffer                : 300000 samples [1: 70.8%, 2: 29.2%, 3: 0.0%]
DFA state visits in window   : 1: 21699, 2: 11543, 3: 60
DFA state visits cumulative  : 1: 696736, 2: 109391, 3: 292
DFA state entries in window  : 1: 100, 2: 87, 3: 60
DFA state entries cumulative : 1: 3800, 2: 897, 3: 292
transitions cumulative       : 1->2: 897, 2->3: 292
accepted directly from s0    : 0
Gym endings cumulative       : terminated=3466, truncated=42

[Episode 3900/8000 | last 100]
success rate                : 66.0% (cumulative 9.2%)
failure rate                : 0.0% (cumulative 0.0%)
synthetic task reward       : 6600.000
shaping reward              : 798.101
learning reward             : 7398.101
episode length              : 311.4
abstract changes / episode  : 26.2
DFA transitions / episode   : 1.53
DFA transitions in window   : 1->2: 87, 2->3: 66
epsilon (next episode)       : 0.21007
replay buffer                : 300000 samples [1: 69.7%, 2: 30.3%, 3: 0.0%]
DFA state visits in window   : 1: 20145, 2: 11029, 3: 66
DFA state visits cumulative  : 1: 716881, 2: 120420, 3: 358
DFA state entries in window  : 1: 100, 2: 87, 3: 66
DFA state entries cumulative : 1: 3900, 2: 984, 3: 358
transitions cumulative       : 1->2: 984, 2->3: 358
accepted directly from s0    : 0
Gym endings cumulative       : terminated=3500, truncated=42

[Episode 4000/8000 | last 100]
success rate                : 67.0% (cumulative 10.6%)
failure rate                : 0.0% (cumulative 0.0%)
synthetic task reward       : 6700.000
shaping reward              : 794.227
learning reward             : 7494.227
episode length              : 290.5
abstract changes / episode  : 24.9
DFA transitions / episode   : 1.57
DFA transitions in window   : 1->2: 90, 2->3: 67
epsilon (next episode)       : 0.20183
replay buffer                : 300000 samples [1: 67.5%, 2: 32.5%, 3: 0.0%]
DFA state visits in window   : 1: 18090, 2: 10994, 3: 67
DFA state visits cumulative  : 1: 734971, 2: 131414, 3: 425
DFA state entries in window  : 1: 100, 2: 90, 3: 67
DFA state entries cumulative : 1: 4000, 2: 1074, 3: 425
transitions cumulative       : 1->2: 1074, 2->3: 425
accepted directly from s0    : 0
Gym endings cumulative       : terminated=3533, truncated=42

Starting autonomous greedy evaluation at episode 4000 (1000 fixed-seed episodes)...
[Greedy evaluation at episode 4000 | 1000 fixed-seed episodes]
success=65.6%, failure=0.0%, task reward=6560.000, length=267.9
DFA transitions: 1->2: 988, 2->3: 656

[Episode 4100/8000 | last 100]
success rate                : 69.0% (cumulative 12.0%)
failure rate                : 0.0% (cumulative 0.0%)
synthetic task reward       : 6900.000
shaping reward              : 746.923
learning reward             : 7646.923
episode length              : 285.7
abstract changes / episode  : 23.6
DFA transitions / episode   : 1.51
DFA transitions in window   : 1->2: 82, 2->3: 69
epsilon (next episode)       : 0.19392
replay buffer                : 300000 samples [1: 66.0%, 2: 34.0%, 3: 0.0%]
DFA state visits in window   : 1: 17744, 2: 10859, 3: 69
DFA state visits cumulative  : 1: 752715, 2: 142273, 3: 494
DFA state entries in window  : 1: 100, 2: 82, 3: 69
DFA state entries cumulative : 1: 4100, 2: 1156, 3: 494
transitions cumulative       : 1->2: 1156, 2->3: 494
accepted directly from s0    : 0
Gym endings cumulative       : terminated=3563, truncated=43

[Episode 4200/8000 | last 100]
success rate                : 80.0% (cumulative 13.7%)
failure rate                : 0.0% (cumulative 0.0%)
synthetic task reward       : 8000.000
shaping reward              : 822.704
learning reward             : 8822.704
episode length              : 282.4
abstract changes / episode  : 24.4
DFA transitions / episode   : 1.71
DFA transitions in window   : 1->2: 91, 2->3: 80
epsilon (next episode)       : 0.18631
replay buffer                : 300000 samples [1: 64.6%, 2: 35.4%, 3: 0.0%]
DFA state visits in window   : 1: 16490, 2: 11774, 3: 80
DFA state visits cumulative  : 1: 769205, 2: 154047, 3: 574
DFA state entries in window  : 1: 100, 2: 91, 3: 80
DFA state entries cumulative : 1: 4200, 2: 1247, 3: 574
transitions cumulative       : 1->2: 1247, 2->3: 574
accepted directly from s0    : 0
Gym endings cumulative       : terminated=3583, truncated=43

[Episode 4300/8000 | last 100]
success rate                : 73.0% (cumulative 15.0%)
failure rate                : 0.0% (cumulative 0.0%)
synthetic task reward       : 7300.000
shaping reward              : 680.338
learning reward             : 7980.338
episode length              : 271.1
abstract changes / episode  : 24.5
DFA transitions / episode   : 1.50
DFA transitions in window   : 1->2: 77, 2->3: 73
epsilon (next episode)       : 0.17900
replay buffer                : 300000 samples [1: 63.9%, 2: 36.1%, 3: 0.0%]
DFA state visits in window   : 1: 16571, 2: 10563, 3: 73
DFA state visits cumulative  : 1: 785776, 2: 164610, 3: 647
DFA state entries in window  : 1: 100, 2: 77, 3: 73
DFA state entries cumulative : 1: 4300, 2: 1324, 3: 647
transitions cumulative       : 1->2: 1324, 2->3: 647
accepted directly from s0    : 0
Gym endings cumulative       : terminated=3610, truncated=43

[Episode 4400/8000 | last 100]
success rate                : 68.0% (cumulative 16.2%)
failure rate                : 0.0% (cumulative 0.0%)
synthetic task reward       : 6800.000
shaping reward              : 754.581
learning reward             : 7554.581
episode length              : 267.9
abstract changes / episode  : 25.3
DFA transitions / episode   : 1.52
DFA transitions in window   : 1->2: 84, 2->3: 68
epsilon (next episode)       : 0.17198
replay buffer                : 300000 samples [1: 63.4%, 2: 36.6%, 3: 0.0%]
DFA state visits in window   : 1: 16681, 2: 10139, 3: 68
DFA state visits cumulative  : 1: 802457, 2: 174749, 3: 715
DFA state entries in window  : 1: 100, 2: 84, 3: 68
DFA state entries cumulative : 1: 4400, 2: 1408, 3: 715
transitions cumulative       : 1->2: 1408, 2->3: 715
accepted directly from s0    : 0
Gym endings cumulative       : terminated=3642, truncated=43

[Episode 4500/8000 | last 100]
success rate                : 56.0% (cumulative 17.1%)
failure rate                : 0.0% (cumulative 0.0%)
synthetic task reward       : 5600.000
shaping reward              : 718.853
learning reward             : 6318.853
episode length              : 272.8
abstract changes / episode  : 25.2
DFA transitions / episode   : 1.37
DFA transitions in window   : 1->2: 81, 2->3: 56
epsilon (next episode)       : 0.16524
replay buffer                : 300000 samples [1: 63.3%, 2: 36.7%, 3: 0.0%]
DFA state visits in window   : 1: 17896, 2: 9432, 3: 56
DFA state visits cumulative  : 1: 820353, 2: 184181, 3: 771
DFA state entries in window  : 1: 100, 2: 81, 3: 56
DFA state entries cumulative : 1: 4500, 2: 1489, 3: 771
transitions cumulative       : 1->2: 1489, 2->3: 771
accepted directly from s0    : 0
Gym endings cumulative       : terminated=3686, truncated=43

Starting autonomous greedy evaluation at episode 4500 (1000 fixed-seed episodes)...
[Greedy evaluation at episode 4500 | 1000 fixed-seed episodes]
success=66.3%, failure=0.0%, task reward=6630.000, length=242.5
DFA transitions: 1->2: 808, 2->3: 663

[Episode 4600/8000 | last 100]
success rate                : 72.0% (cumulative 18.3%)
failure rate                : 0.0% (cumulative 0.0%)
synthetic task reward       : 7200.000
shaping reward              : 802.361
learning reward             : 8002.361
episode length              : 254.8
abstract changes / episode  : 22.4
DFA transitions / episode   : 1.58
DFA transitions in window   : 1->2: 86, 2->3: 72
epsilon (next episode)       : 0.15876
replay buffer                : 300000 samples [1: 62.8%, 2: 37.2%, 3: 0.0%]
DFA state visits in window   : 1: 14710, 2: 10797, 3: 72
DFA state visits cumulative  : 1: 835063, 2: 194978, 3: 843
DFA state entries in window  : 1: 100, 2: 86, 3: 72
DFA state entries cumulative : 1: 4600, 2: 1575, 3: 843
transitions cumulative       : 1->2: 1575, 2->3: 843
accepted directly from s0    : 0
Gym endings cumulative       : terminated=3714, truncated=43

[Episode 4700/8000 | last 100]
success rate                : 54.0% (cumulative 19.1%)
failure rate                : 0.0% (cumulative 0.0%)
synthetic task reward       : 5400.000
shaping reward              : 626.291
learning reward             : 6026.291
episode length              : 240.6
abstract changes / episode  : 21.5
DFA transitions / episode   : 1.26
DFA transitions in window   : 1->2: 72, 2->3: 54
epsilon (next episode)       : 0.15253
replay buffer                : 300000 samples [1: 62.9%, 2: 37.1%, 3: 0.0%]
DFA state visits in window   : 1: 15642, 2: 8463, 3: 54
DFA state visits cumulative  : 1: 850705, 2: 203441, 3: 897
DFA state entries in window  : 1: 100, 2: 72, 3: 54
DFA state entries cumulative : 1: 4700, 2: 1647, 3: 897
transitions cumulative       : 1->2: 1647, 2->3: 897
accepted directly from s0    : 0
Gym endings cumulative       : terminated=3760, truncated=43

[Episode 4800/8000 | last 100]
success rate                : 54.0% (cumulative 19.8%)
failure rate                : 0.0% (cumulative 0.0%)
synthetic task reward       : 5400.000
shaping reward              : 850.937
learning reward             : 6250.937
episode length              : 274.5
abstract changes / episode  : 25.5
DFA transitions / episode   : 1.50
DFA transitions in window   : 1->2: 96, 2->3: 54
epsilon (next episode)       : 0.14655
replay buffer                : 300000 samples [1: 61.8%, 2: 38.2%, 3: 0.0%]
DFA state visits in window   : 1: 15400, 2: 12099, 3: 54
DFA state visits cumulative  : 1: 866105, 2: 215540, 3: 951
DFA state entries in window  : 1: 100, 2: 96, 3: 54
DFA state entries cumulative : 1: 4800, 2: 1743, 3: 951
transitions cumulative       : 1->2: 1743, 2->3: 951
accepted directly from s0    : 0
Gym endings cumulative       : terminated=3806, truncated=43

[Episode 4900/8000 | last 100]
success rate                : 78.0% (cumulative 21.0%)
failure rate                : 0.0% (cumulative 0.0%)
synthetic task reward       : 7800.000
shaping reward              : 900.164
learning reward             : 8700.164
episode length              : 294.1
abstract changes / episode  : 26.1
DFA transitions / episode   : 1.73
DFA transitions in window   : 1->2: 95, 2->3: 78
epsilon (next episode)       : 0.14080
replay buffer                : 300000 samples [1: 61.3%, 2: 38.7%, 3: 0.0%]
DFA state visits in window   : 1: 17917, 2: 11511, 3: 78
DFA state visits cumulative  : 1: 884022, 2: 227051, 3: 1029
DFA state entries in window  : 1: 100, 2: 95, 3: 78
DFA state entries cumulative : 1: 4900, 2: 1838, 3: 1029
transitions cumulative       : 1->2: 1838, 2->3: 1029
accepted directly from s0    : 0
Gym endings cumulative       : terminated=3828, truncated=43

[Episode 5000/8000 | last 100]
success rate                : 79.0% (cumulative 22.2%)
failure rate                : 0.0% (cumulative 0.0%)
synthetic task reward       : 7900.000
shaping reward              : 841.602
learning reward             : 8741.602
episode length              : 240.2
abstract changes / episode  : 22.9
DFA transitions / episode   : 1.69
DFA transitions in window   : 1->2: 90, 2->3: 79
epsilon (next episode)       : 0.13528
replay buffer                : 300000 samples [1: 60.8%, 2: 39.2%, 3: 0.0%]
DFA state visits in window   : 1: 13994, 2: 10042, 3: 79
DFA state visits cumulative  : 1: 898016, 2: 237093, 3: 1108
DFA state entries in window  : 1: 100, 2: 90, 3: 79
DFA state entries cumulative : 1: 5000, 2: 1928, 3: 1108
transitions cumulative       : 1->2: 1928, 2->3: 1108
accepted directly from s0    : 0
Gym endings cumulative       : terminated=3849, truncated=43

Starting autonomous greedy evaluation at episode 5000 (1000 fixed-seed episodes)...
[Greedy evaluation at episode 5000 | 1000 fixed-seed episodes]
success=84.1%, failure=0.0%, task reward=8410.000, length=306.6
DFA transitions: 1->2: 849, 2->3: 841

[Episode 5100/8000 | last 100]
success rate                : 69.0% (cumulative 23.1%)
failure rate                : 0.0% (cumulative 0.0%)
synthetic task reward       : 6900.000
shaping reward              : 792.117
learning reward             : 7692.117
episode length              : 242.5
abstract changes / episode  : 22.9
DFA transitions / episode   : 1.53
DFA transitions in window   : 1->2: 84, 2->3: 69
epsilon (next episode)       : 0.12998
replay buffer                : 300000 samples [1: 60.9%, 2: 39.1%, 3: 0.0%]
DFA state visits in window   : 1: 15571, 2: 8710, 3: 69
DFA state visits cumulative  : 1: 913587, 2: 245803, 3: 1177
DFA state entries in window  : 1: 100, 2: 84, 3: 69
DFA state entries cumulative : 1: 5100, 2: 2012, 3: 1177
transitions cumulative       : 1->2: 2012, 2->3: 1177
accepted directly from s0    : 0
Gym endings cumulative       : terminated=3879, truncated=44

[Episode 5200/8000 | last 100]
success rate                : 82.0% (cumulative 24.2%)
failure rate                : 0.0% (cumulative 0.0%)
synthetic task reward       : 8200.000
shaping reward              : 952.218
learning reward             : 9152.218
episode length              : 245.8
abstract changes / episode  : 23.4
DFA transitions / episode   : 1.79
DFA transitions in window   : 1->2: 97, 2->3: 82
epsilon (next episode)       : 0.12488
replay buffer                : 300000 samples [1: 60.8%, 2: 39.2%, 3: 0.0%]
DFA state visits in window   : 1: 14591, 2: 10005, 3: 82
DFA state visits cumulative  : 1: 928178, 2: 255808, 3: 1259
DFA state entries in window  : 1: 100, 2: 97, 3: 82
DFA state entries cumulative : 1: 5200, 2: 2109, 3: 1259
transitions cumulative       : 1->2: 2109, 2->3: 1259
accepted directly from s0    : 0
Gym endings cumulative       : terminated=3897, truncated=44

[Episode 5300/8000 | last 100]
success rate                : 73.0% (cumulative 25.1%)
failure rate                : 0.0% (cumulative 0.0%)
synthetic task reward       : 7300.000
shaping reward              : 918.384
learning reward             : 8218.384
episode length              : 265.8
abstract changes / episode  : 22.9
DFA transitions / episode   : 1.70
DFA transitions in window   : 1->2: 97, 2->3: 73
epsilon (next episode)       : 0.11998
replay buffer                : 300000 samples [1: 60.6%, 2: 39.4%, 3: 0.0%]
DFA state visits in window   : 1: 16211, 2: 10397, 3: 73
DFA state visits cumulative  : 1: 944389, 2: 266205, 3: 1332
DFA state entries in window  : 1: 100, 2: 97, 3: 73
DFA state entries cumulative : 1: 5300, 2: 2206, 3: 1332
transitions cumulative       : 1->2: 2206, 2->3: 1332
accepted directly from s0    : 0
Gym endings cumulative       : terminated=3924, truncated=44

[Episode 5400/8000 | last 100]
success rate                : 63.0% (cumulative 25.8%)
failure rate                : 0.0% (cumulative 0.0%)
synthetic task reward       : 6300.000
shaping reward              : 800.356
learning reward             : 7100.356
episode length              : 246.6
abstract changes / episode  : 22.4
DFA transitions / episode   : 1.53
DFA transitions in window   : 1->2: 90, 2->3: 63
epsilon (next episode)       : 0.11528
replay buffer                : 300000 samples [1: 61.1%, 2: 38.9%, 3: 0.0%]
DFA state visits in window   : 1: 15288, 2: 9405, 3: 63
DFA state visits cumulative  : 1: 959677, 2: 275610, 3: 1395
DFA state entries in window  : 1: 100, 2: 90, 3: 63
DFA state entries cumulative : 1: 5400, 2: 2296, 3: 1395
transitions cumulative       : 1->2: 2296, 2->3: 1395
accepted directly from s0    : 0
Gym endings cumulative       : terminated=3961, truncated=44

[Episode 5500/8000 | last 100]
success rate                : 67.0% (cumulative 26.6%)
failure rate                : 0.0% (cumulative 0.0%)
synthetic task reward       : 6700.000
shaping reward              : 849.944
learning reward             : 7549.944
episode length              : 239.3
abstract changes / episode  : 21.9
DFA transitions / episode   : 1.58
DFA transitions in window   : 1->2: 91, 2->3: 67
epsilon (next episode)       : 0.11075
replay buffer                : 300000 samples [1: 61.0%, 2: 39.0%, 3: 0.0%]
DFA state visits in window   : 1: 14452, 2: 9514, 3: 67
DFA state visits cumulative  : 1: 974129, 2: 285124, 3: 1462
DFA state entries in window  : 1: 100, 2: 91, 3: 67
DFA state entries cumulative : 1: 5500, 2: 2387, 3: 1462
transitions cumulative       : 1->2: 2387, 2->3: 1462
accepted directly from s0    : 0
Gym endings cumulative       : terminated=3994, truncated=44

Starting autonomous greedy evaluation at episode 5500 (1000 fixed-seed episodes)...
[Greedy evaluation at episode 5500 | 1000 fixed-seed episodes]
success=89.7%, failure=0.0%, task reward=8970.000, length=244.9
DFA transitions: 1->2: 945, 2->3: 897

[Episode 5600/8000 | last 100]
success rate                : 66.0% (cumulative 27.3%)
failure rate                : 0.0% (cumulative 0.0%)
synthetic task reward       : 6600.000
shaping reward              : 862.301
learning reward             : 7462.301
episode length              : 248.3
abstract changes / episode  : 23.4
DFA transitions / episode   : 1.58
DFA transitions in window   : 1->2: 92, 2->3: 66
epsilon (next episode)       : 0.10641
replay buffer                : 300000 samples [1: 61.1%, 2: 38.9%, 3: 0.0%]
DFA state visits in window   : 1: 15547, 2: 9315, 3: 66
DFA state visits cumulative  : 1: 989676, 2: 294439, 3: 1528
DFA state entries in window  : 1: 100, 2: 92, 3: 66
DFA state entries cumulative : 1: 5600, 2: 2479, 3: 1528
transitions cumulative       : 1->2: 2479, 2->3: 1528
accepted directly from s0    : 0
Gym endings cumulative       : terminated=4028, truncated=44

[Episode 5700/8000 | last 100]
success rate                : 62.0% (cumulative 27.9%)
failure rate                : 0.0% (cumulative 0.0%)
synthetic task reward       : 6200.000
shaping reward              : 853.552
learning reward             : 7053.552
episode length              : 243.2
abstract changes / episode  : 22.2
DFA transitions / episode   : 1.55
DFA transitions in window   : 1->2: 93, 2->3: 62
epsilon (next episode)       : 0.10224
replay buffer                : 300000 samples [1: 60.1%, 2: 39.9%, 3: 0.0%]
DFA state visits in window   : 1: 13433, 2: 10928, 3: 62
DFA state visits cumulative  : 1: 1003109, 2: 305367, 3: 1590
DFA state entries in window  : 1: 100, 2: 93, 3: 62
DFA state entries cumulative : 1: 5700, 2: 2572, 3: 1590
transitions cumulative       : 1->2: 2572, 2->3: 1590
accepted directly from s0    : 0
Gym endings cumulative       : terminated=4066, truncated=44

[Episode 5800/8000 | last 100]
success rate                : 66.0% (cumulative 28.6%)
failure rate                : 0.0% (cumulative 0.0%)
synthetic task reward       : 6600.000
shaping reward              : 696.285
learning reward             : 7296.285
episode length              : 218.9
abstract changes / episode  : 20.7
DFA transitions / episode   : 1.45
DFA transitions in window   : 1->2: 79, 2->3: 66
epsilon (next episode)       : 0.09823
replay buffer                : 300000 samples [1: 60.4%, 2: 39.6%, 3: 0.0%]
DFA state visits in window   : 1: 13388, 2: 8536, 3: 66
DFA state visits cumulative  : 1: 1016497, 2: 313903, 3: 1656
DFA state entries in window  : 1: 100, 2: 79, 3: 66
DFA state entries cumulative : 1: 5800, 2: 2651, 3: 1656
transitions cumulative       : 1->2: 2651, 2->3: 1656
accepted directly from s0    : 0
Gym endings cumulative       : terminated=4100, truncated=44

[Episode 5900/8000 | last 100]
success rate                : 59.0% (cumulative 29.1%)
failure rate                : 0.0% (cumulative 0.0%)
synthetic task reward       : 5900.000
shaping reward              : 613.770
learning reward             : 6513.770
episode length              : 238.8
abstract changes / episode  : 21.7
DFA transitions / episode   : 1.34
DFA transitions in window   : 1->2: 75, 2->3: 59
epsilon (next episode)       : 0.09438
replay buffer                : 300000 samples [1: 60.9%, 2: 39.1%, 3: 0.0%]
DFA state visits in window   : 1: 16838, 2: 7080, 3: 59
DFA state visits cumulative  : 1: 1033335, 2: 320983, 3: 1715
DFA state entries in window  : 1: 100, 2: 75, 3: 59
DFA state entries cumulative : 1: 5900, 2: 2726, 3: 1715
transitions cumulative       : 1->2: 2726, 2->3: 1715
accepted directly from s0    : 0
Gym endings cumulative       : terminated=4141, truncated=44

[Episode 6000/8000 | last 100]
success rate                : 73.0% (cumulative 29.8%)
failure rate                : 0.0% (cumulative 0.0%)
synthetic task reward       : 7300.000
shaping reward              : 889.135
learning reward             : 8189.135
episode length              : 242.3
abstract changes / episode  : 21.5
DFA transitions / episode   : 1.68
DFA transitions in window   : 1->2: 95, 2->3: 73
epsilon (next episode)       : 0.09067
replay buffer                : 300000 samples [1: 61.6%, 2: 38.4%, 3: 0.0%]
DFA state visits in window   : 1: 15456, 2: 8803, 3: 73
DFA state visits cumulative  : 1: 1048791, 2: 329786, 3: 1788
DFA state entries in window  : 1: 100, 2: 95, 3: 73
DFA state entries cumulative : 1: 6000, 2: 2821, 3: 1788
transitions cumulative       : 1->2: 2821, 2->3: 1788
accepted directly from s0    : 0
Gym endings cumulative       : terminated=4168, truncated=44

Starting autonomous greedy evaluation at episode 6000 (1000 fixed-seed episodes)...
[Greedy evaluation at episode 6000 | 1000 fixed-seed episodes]
success=72.9%, failure=0.0%, task reward=7290.000, length=241.9
DFA transitions: 1->2: 842, 2->3: 729

[Episode 6100/8000 | last 100]
success rate                : 51.0% (cumulative 30.1%)
failure rate                : 0.0% (cumulative 0.0%)
synthetic task reward       : 5100.000
shaping reward              : 597.799
learning reward             : 5697.799
episode length              : 300.2
abstract changes / episode  : 25.1
DFA transitions / episode   : 1.26
DFA transitions in window   : 1->2: 75, 2->3: 51
epsilon (next episode)       : 0.08712
replay buffer                : 300000 samples [1: 62.9%, 2: 37.1%, 3: 0.0%]
DFA state visits in window   : 1: 22313, 2: 7752, 3: 51
DFA state visits cumulative  : 1: 1071104, 2: 337538, 3: 1839
DFA state entries in window  : 1: 100, 2: 75, 3: 51
DFA state entries cumulative : 1: 6100, 2: 2896, 3: 1839
transitions cumulative       : 1->2: 2896, 2->3: 1839
accepted directly from s0    : 0
Gym endings cumulative       : terminated=4217, truncated=44

[Episode 6200/8000 | last 100]
success rate                : 41.0% (cumulative 30.3%)
failure rate                : 0.0% (cumulative 0.0%)
synthetic task reward       : 4100.000
shaping reward              : 471.473
learning reward             : 4571.473
episode length              : 322.9
abstract changes / episode  : 25.9
DFA transitions / episode   : 1.17
DFA transitions in window   : 1->2: 76, 2->3: 41
epsilon (next episode)       : 0.08370
replay buffer                : 300000 samples [1: 64.2%, 2: 35.8%, 3: 0.0%]
DFA state visits in window   : 1: 23571, 2: 8777, 3: 41
DFA state visits cumulative  : 1: 1094675, 2: 346315, 3: 1880
DFA state entries in window  : 1: 100, 2: 76, 3: 41
DFA state entries cumulative : 1: 6200, 2: 2972, 3: 1880
transitions cumulative       : 1->2: 2972, 2->3: 1880
accepted directly from s0    : 0
Gym endings cumulative       : terminated=4274, truncated=46

[Episode 6300/8000 | last 100]
success rate                : 78.0% (cumulative 31.1%)
failure rate                : 0.0% (cumulative 0.0%)
synthetic task reward       : 7800.000
shaping reward              : 862.600
learning reward             : 8662.600
episode length              : 285.5
abstract changes / episode  : 22.8
DFA transitions / episode   : 1.69
DFA transitions in window   : 1->2: 91, 2->3: 78
epsilon (next episode)       : 0.08042
replay buffer                : 300000 samples [1: 64.7%, 2: 35.3%, 3: 0.0%]
DFA state visits in window   : 1: 18981, 2: 9595, 3: 78
DFA state visits cumulative  : 1: 1113656, 2: 355910, 3: 1958
DFA state entries in window  : 1: 100, 2: 91, 3: 78
DFA state entries cumulative : 1: 6300, 2: 3063, 3: 1958
transitions cumulative       : 1->2: 3063, 2->3: 1958
accepted directly from s0    : 0
Gym endings cumulative       : terminated=4296, truncated=46

[Episode 6400/8000 | last 100]
success rate                : 78.0% (cumulative 31.8%)
failure rate                : 0.0% (cumulative 0.0%)
synthetic task reward       : 7800.000
shaping reward              : 841.367
learning reward             : 8641.367
episode length              : 280.5
abstract changes / episode  : 23.8
DFA transitions / episode   : 1.69
DFA transitions in window   : 1->2: 91, 2->3: 78
epsilon (next episode)       : 0.07727
replay buffer                : 300000 samples [1: 64.8%, 2: 35.2%, 3: 0.0%]
DFA state visits in window   : 1: 17118, 2: 10955, 3: 78
DFA state visits cumulative  : 1: 1130774, 2: 366865, 3: 2036
DFA state entries in window  : 1: 100, 2: 91, 3: 78
DFA state entries cumulative : 1: 6400, 2: 3154, 3: 2036
transitions cumulative       : 1->2: 3154, 2->3: 2036
accepted directly from s0    : 0
Gym endings cumulative       : terminated=4318, truncated=46

[Episode 6500/8000 | last 100]
success rate                : 56.0% (cumulative 32.2%)
failure rate                : 0.0% (cumulative 0.0%)
synthetic task reward       : 5600.000
shaping reward              : 557.231
learning reward             : 6157.231
episode length              : 248.0
abstract changes / episode  : 22.7
DFA transitions / episode   : 1.26
DFA transitions in window   : 1->2: 70, 2->3: 56
epsilon (next episode)       : 0.07423
replay buffer                : 300000 samples [1: 65.5%, 2: 34.5%, 3: 0.0%]
DFA state visits in window   : 1: 17498, 2: 7347, 3: 56
DFA state visits cumulative  : 1: 1148272, 2: 374212, 3: 2092
DFA state entries in window  : 1: 100, 2: 70, 3: 56
DFA state entries cumulative : 1: 6500, 2: 3224, 3: 2092
transitions cumulative       : 1->2: 3224, 2->3: 2092
accepted directly from s0    : 0
Gym endings cumulative       : terminated=4362, truncated=46

Starting autonomous greedy evaluation at episode 6500 (1000 fixed-seed episodes)...
[Greedy evaluation at episode 6500 | 1000 fixed-seed episodes]
success=76.7%, failure=0.0%, task reward=7670.000, length=246.2
DFA transitions: 1->2: 802, 2->3: 767

[Episode 6600/8000 | last 100]
success rate                : 58.0% (cumulative 32.6%)
failure rate                : 0.0% (cumulative 0.0%)
synthetic task reward       : 5800.000
shaping reward              : 782.187
learning reward             : 6582.187
episode length              : 243.7
abstract changes / episode  : 23.8
DFA transitions / episode   : 1.45
DFA transitions in window   : 1->2: 87, 2->3: 58
epsilon (next episode)       : 0.07132
replay buffer                : 300000 samples [1: 65.6%, 2: 34.4%, 3: 0.0%]
DFA state visits in window   : 1: 15403, 2: 9008, 3: 58
DFA state visits cumulative  : 1: 1163675, 2: 383220, 3: 2150
DFA state entries in window  : 1: 100, 2: 87, 3: 58
DFA state entries cumulative : 1: 6600, 2: 3311, 3: 2150
transitions cumulative       : 1->2: 3311, 2->3: 2150
accepted directly from s0    : 0
Gym endings cumulative       : terminated=4404, truncated=46

[Episode 6700/8000 | last 100]
success rate                : 66.0% (cumulative 33.1%)
failure rate                : 0.0% (cumulative 0.0%)
synthetic task reward       : 6600.000
shaping reward              : 639.355
learning reward             : 7239.355
episode length              : 238.3
abstract changes / episode  : 22.0
DFA transitions / episode   : 1.42
DFA transitions in window   : 1->2: 76, 2->3: 66
epsilon (next episode)       : 0.06853
replay buffer                : 300000 samples [1: 65.9%, 2: 34.1%, 3: 0.0%]
DFA state visits in window   : 1: 15691, 2: 8174, 3: 66
DFA state visits cumulative  : 1: 1179366, 2: 391394, 3: 2216
DFA state entries in window  : 1: 100, 2: 76, 3: 66
DFA state entries cumulative : 1: 6700, 2: 3387, 3: 2216
transitions cumulative       : 1->2: 3387, 2->3: 2216
accepted directly from s0    : 0
Gym endings cumulative       : terminated=4438, truncated=46

[Episode 6800/8000 | last 100]
success rate                : 83.0% (cumulative 33.8%)
failure rate                : 0.0% (cumulative 0.0%)
synthetic task reward       : 8300.000
shaping reward              : 863.677
learning reward             : 9163.677
episode length              : 239.6
abstract changes / episode  : 21.5
DFA transitions / episode   : 1.74
DFA transitions in window   : 1->2: 91, 2->3: 83
epsilon (next episode)       : 0.06584
replay buffer                : 300000 samples [1: 66.0%, 2: 34.0%, 3: 0.0%]
DFA state visits in window   : 1: 14457, 2: 9522, 3: 83
DFA state visits cumulative  : 1: 1193823, 2: 400916, 3: 2299
DFA state entries in window  : 1: 100, 2: 91, 3: 83
DFA state entries cumulative : 1: 6800, 2: 3478, 3: 2299
transitions cumulative       : 1->2: 3478, 2->3: 2299
accepted directly from s0    : 0
Gym endings cumulative       : terminated=4455, truncated=46

[Episode 6900/8000 | last 100]
success rate                : 85.0% (cumulative 34.6%)
failure rate                : 0.0% (cumulative 0.0%)
synthetic task reward       : 8500.000
shaping reward              : 885.893
learning reward             : 9385.893
episode length              : 248.1
abstract changes / episode  : 21.5
DFA transitions / episode   : 1.77
DFA transitions in window   : 1->2: 92, 2->3: 85
epsilon (next episode)       : 0.06326
replay buffer                : 300000 samples [1: 66.3%, 2: 33.7%, 3: 0.0%]
DFA state visits in window   : 1: 14511, 2: 10310, 3: 85
DFA state visits cumulative  : 1: 1208334, 2: 411226, 3: 2384
DFA state entries in window  : 1: 100, 2: 92, 3: 85
DFA state entries cumulative : 1: 6900, 2: 3570, 3: 2384
transitions cumulative       : 1->2: 3570, 2->3: 2384
accepted directly from s0    : 0
Gym endings cumulative       : terminated=4470, truncated=46

[Episode 7000/8000 | last 100]
success rate                : 80.0% (cumulative 35.2%)
failure rate                : 0.0% (cumulative 0.0%)
synthetic task reward       : 8000.000
shaping reward              : 837.778
learning reward             : 8837.778
episode length              : 250.5
abstract changes / episode  : 21.2
DFA transitions / episode   : 1.69
DFA transitions in window   : 1->2: 89, 2->3: 80
epsilon (next episode)       : 0.06078
replay buffer                : 300000 samples [1: 65.6%, 2: 34.4%, 3: 0.0%]
DFA state visits in window   : 1: 15719, 2: 9349, 3: 80
DFA state visits cumulative  : 1: 1224053, 2: 420575, 3: 2464
DFA state entries in window  : 1: 100, 2: 89, 3: 80
DFA state entries cumulative : 1: 7000, 2: 3659, 3: 2464
transitions cumulative       : 1->2: 3659, 2->3: 2464
accepted directly from s0    : 0
Gym endings cumulative       : terminated=4490, truncated=46

Starting autonomous greedy evaluation at episode 7000 (1000 fixed-seed episodes)...
[Greedy evaluation at episode 7000 | 1000 fixed-seed episodes]
success=67.0%, failure=0.0%, task reward=6700.000, length=266.3
DFA transitions: 1->2: 699, 2->3: 670

[Episode 7100/8000 | last 100]
success rate                : 80.0% (cumulative 35.8%)
failure rate                : 0.0% (cumulative 0.0%)
synthetic task reward       : 8000.000
shaping reward              : 890.954
learning reward             : 8890.954
episode length              : 246.6
abstract changes / episode  : 21.7
DFA transitions / episode   : 1.73
DFA transitions in window   : 1->2: 93, 2->3: 80
epsilon (next episode)       : 0.05839
replay buffer                : 300000 samples [1: 65.3%, 2: 34.7%, 3: 0.0%]
DFA state visits in window   : 1: 14814, 2: 9865, 3: 80
DFA state visits cumulative  : 1: 1238867, 2: 430440, 3: 2544
DFA state entries in window  : 1: 100, 2: 93, 3: 80
DFA state entries cumulative : 1: 7100, 2: 3752, 3: 2544
transitions cumulative       : 1->2: 3752, 2->3: 2544
accepted directly from s0    : 0
Gym endings cumulative       : terminated=4510, truncated=46

[Episode 7200/8000 | last 100]
success rate                : 82.0% (cumulative 36.5%)
failure rate                : 0.0% (cumulative 0.0%)
synthetic task reward       : 8200.000
shaping reward              : 833.522
learning reward             : 9033.522
episode length              : 254.4
abstract changes / episode  : 22.3
DFA transitions / episode   : 1.70
DFA transitions in window   : 1->2: 88, 2->3: 82
epsilon (next episode)       : 0.05610
replay buffer                : 300000 samples [1: 64.9%, 2: 35.1%, 3: 0.0%]
DFA state visits in window   : 1: 16160, 2: 9300, 3: 82
DFA state visits cumulative  : 1: 1255027, 2: 439740, 3: 2626
DFA state entries in window  : 1: 100, 2: 88, 3: 82
DFA state entries cumulative : 1: 7200, 2: 3840, 3: 2626
transitions cumulative       : 1->2: 3840, 2->3: 2626
accepted directly from s0    : 0
Gym endings cumulative       : terminated=4528, truncated=46

[Episode 7300/8000 | last 100]
success rate                : 83.0% (cumulative 37.1%)
failure rate                : 0.0% (cumulative 0.0%)
synthetic task reward       : 8300.000
shaping reward              : 888.711
learning reward             : 9188.711
episode length              : 243.8
abstract changes / episode  : 20.7
DFA transitions / episode   : 1.77
DFA transitions in window   : 1->2: 94, 2->3: 83
epsilon (next episode)       : 0.05390
replay buffer                : 300000 samples [1: 63.1%, 2: 36.9%, 3: 0.0%]
DFA state visits in window   : 1: 14482, 2: 9917, 3: 83
DFA state visits cumulative  : 1: 1269509, 2: 449657, 3: 2709
DFA state entries in window  : 1: 100, 2: 94, 3: 83
DFA state entries cumulative : 1: 7300, 2: 3934, 3: 2709
transitions cumulative       : 1->2: 3934, 2->3: 2709
accepted directly from s0    : 0
Gym endings cumulative       : terminated=4545, truncated=46

[Episode 7400/8000 | last 100]
success rate                : 78.0% (cumulative 37.7%)
failure rate                : 0.0% (cumulative 0.0%)
synthetic task reward       : 7800.000
shaping reward              : 770.921
learning reward             : 8570.921
episode length              : 253.0
abstract changes / episode  : 20.7
DFA transitions / episode   : 1.62
DFA transitions in window   : 1->2: 84, 2->3: 78
epsilon (next episode)       : 0.05179
replay buffer                : 300000 samples [1: 63.3%, 2: 36.7%, 3: 0.0%]
DFA state visits in window   : 1: 17296, 2: 8024, 3: 78
DFA state visits cumulative  : 1: 1286805, 2: 457681, 3: 2787
DFA state entries in window  : 1: 100, 2: 84, 3: 78
DFA state entries cumulative : 1: 7400, 2: 4018, 3: 2787
transitions cumulative       : 1->2: 4018, 2->3: 2787
accepted directly from s0    : 0
Gym endings cumulative       : terminated=4567, truncated=46

[Episode 7500/8000 | last 100]
success rate                : 92.0% (cumulative 38.4%)
failure rate                : 0.0% (cumulative 0.0%)
synthetic task reward       : 9200.000
shaping reward              : 943.391
learning reward             : 10143.391
episode length              : 229.5
abstract changes / episode  : 20.3
DFA transitions / episode   : 1.87
DFA transitions in window   : 1->2: 95, 2->3: 92
epsilon (next episode)       : 0.04976
replay buffer                : 300000 samples [1: 62.6%, 2: 37.4%, 3: 0.0%]
DFA state visits in window   : 1: 13517, 2: 9437, 3: 92
DFA state visits cumulative  : 1: 1300322, 2: 467118, 3: 2879
DFA state entries in window  : 1: 100, 2: 95, 3: 92
DFA state entries cumulative : 1: 7500, 2: 4113, 3: 2879
transitions cumulative       : 1->2: 4113, 2->3: 2879
accepted directly from s0    : 0
Gym endings cumulative       : terminated=4575, truncated=46

Starting autonomous greedy evaluation at episode 7500 (1000 fixed-seed episodes)...
[Greedy evaluation at episode 7500 | 1000 fixed-seed episodes]
success=85.4%, failure=0.0%, task reward=8540.000, length=215.4
DFA transitions: 1->2: 893, 2->3: 854

[Episode 7600/8000 | last 100]
success rate                : 91.0% (cumulative 39.1%)
failure rate                : 0.0% (cumulative 0.0%)
synthetic task reward       : 9100.000
shaping reward              : 921.282
learning reward             : 10021.282
episode length              : 225.5
abstract changes / episode  : 20.0
DFA transitions / episode   : 1.83
DFA transitions in window   : 1->2: 92, 2->3: 91
epsilon (next episode)       : 0.04781
replay buffer                : 300000 samples [1: 62.3%, 2: 37.7%, 3: 0.0%]
DFA state visits in window   : 1: 13075, 2: 9483, 3: 91
DFA state visits cumulative  : 1: 1313397, 2: 476601, 3: 2970
DFA state entries in window  : 1: 100, 2: 92, 3: 91
DFA state entries cumulative : 1: 7600, 2: 4205, 3: 2970
transitions cumulative       : 1->2: 4205, 2->3: 2970
accepted directly from s0    : 0
Gym endings cumulative       : terminated=4584, truncated=46

[Episode 7700/8000 | last 100]
success rate                : 87.0% (cumulative 39.7%)
failure rate                : 0.0% (cumulative 0.0%)
synthetic task reward       : 8700.000
shaping reward              : 943.704
learning reward             : 9643.704
episode length              : 236.5
abstract changes / episode  : 21.4
DFA transitions / episode   : 1.82
DFA transitions in window   : 1->2: 95, 2->3: 87
epsilon (next episode)       : 0.04593
replay buffer                : 300000 samples [1: 61.9%, 2: 38.1%, 3: 0.0%]
DFA state visits in window   : 1: 13645, 2: 10015, 3: 87
DFA state visits cumulative  : 1: 1327042, 2: 486616, 3: 3057
DFA state entries in window  : 1: 100, 2: 95, 3: 87
DFA state entries cumulative : 1: 7700, 2: 4300, 3: 3057
transitions cumulative       : 1->2: 4300, 2->3: 3057
accepted directly from s0    : 0
Gym endings cumulative       : terminated=4597, truncated=46

[Episode 7800/8000 | last 100]
success rate                : 77.0% (cumulative 40.2%)
failure rate                : 0.0% (cumulative 0.0%)
synthetic task reward       : 7700.000
shaping reward              : 811.086
learning reward             : 8511.086
episode length              : 255.2
abstract changes / episode  : 23.3
DFA transitions / episode   : 1.64
DFA transitions in window   : 1->2: 87, 2->3: 77
epsilon (next episode)       : 0.04413
replay buffer                : 300000 samples [1: 61.5%, 2: 38.5%, 3: 0.0%]
DFA state visits in window   : 1: 16620, 2: 8919, 3: 77
DFA state visits cumulative  : 1: 1343662, 2: 495535, 3: 3134
DFA state entries in window  : 1: 100, 2: 87, 3: 77
DFA state entries cumulative : 1: 7800, 2: 4387, 3: 3134
transitions cumulative       : 1->2: 4387, 2->3: 3134
accepted directly from s0    : 0
Gym endings cumulative       : terminated=4620, truncated=46

[Episode 7900/8000 | last 100]
success rate                : 94.0% (cumulative 40.9%)
failure rate                : 0.0% (cumulative 0.0%)
synthetic task reward       : 9400.000
shaping reward              : 959.879
learning reward             : 10359.879
episode length              : 242.8
abstract changes / episode  : 21.4
DFA transitions / episode   : 1.91
DFA transitions in window   : 1->2: 97, 2->3: 94
epsilon (next episode)       : 0.04240
replay buffer                : 300000 samples [1: 61.4%, 2: 38.6%, 3: 0.0%]
DFA state visits in window   : 1: 14654, 2: 9633, 3: 94
DFA state visits cumulative  : 1: 1358316, 2: 505168, 3: 3228
DFA state entries in window  : 1: 100, 2: 97, 3: 94
DFA state entries cumulative : 1: 7900, 2: 4484, 3: 3228
transitions cumulative       : 1->2: 4484, 2->3: 3228
accepted directly from s0    : 0
Gym endings cumulative       : terminated=4626, truncated=46

[Episode 8000/8000 | last 100]
success rate                : 83.0% (cumulative 41.4%)
failure rate                : 0.0% (cumulative 0.0%)
synthetic task reward       : 8300.000
shaping reward              : 848.073
learning reward             : 9148.073
episode length              : 252.3
abstract changes / episode  : 22.3
DFA transitions / episode   : 1.74
DFA transitions in window   : 1->2: 91, 2->3: 83
epsilon (next episode)       : 0.04074
replay buffer                : 300000 samples [1: 61.4%, 2: 38.6%, 3: 0.0%]
DFA state visits in window   : 1: 16323, 2: 8929, 3: 83
DFA state visits cumulative  : 1: 1374639, 2: 514097, 3: 3311
DFA state entries in window  : 1: 100, 2: 91, 3: 83
DFA state entries cumulative : 1: 8000, 2: 4575, 3: 3311
transitions cumulative       : 1->2: 4575, 2->3: 3311
accepted directly from s0    : 0
Gym endings cumulative       : terminated=4643, truncated=46

Starting autonomous greedy evaluation at episode 8000 (1000 fixed-seed episodes)...
[Greedy evaluation at episode 8000 | 1000 fixed-seed episodes]
success=95.8%, failure=0.0%, task reward=9580.000, length=229.2
DFA transitions: 1->2: 974, 2->3: 958
Best policy updated from autonomous greedy evaluation at episode 8000.
Last policy saved after episode 8000. Best greedy evaluation: episode 8000, mean task reward=9580.000
