
=== NEW RUN ===
episodes=8000, shaping=True, goal_reward=10000.0, gamma=0.99
gamma_shaping=1.0, shaping_formula=gamma_shaping*Phi(next)-Phi(state)
ground_unbiased_learner=False
eval_interval=500, eval_episodes=1000, eval_seed=100000
inter_level_shaping=False, inter_level_formula=gamma*Phi(next)-Phi(state)
task_type=ltlf, task=F(wp1 & X(F(g1)))
regions={wp1: {'center': [-0.75, 1.0625], 'radius': 0.1}, g1: {'center': [0.75, 1.0625], 'radius': 0.1}}
dfa_states=[1, 2, 3], pre_trace=1, accepting=[3], failure=[]

[Episode 1/8000 | last 1]
success rate                : 0.0% (cumulative 0.0%)
failure rate                : 0.0% (cumulative 0.0%)
completed cycles / episode  : 0.000
synthetic task reward       : 0.000
shaping reward              : -182.658
learning reward             : -182.658
episode length              : 119.0
abstract changes / episode  : 108.0
same abstract-state steps   : 9.2%
same-state shaping / episode: 0.000
changed-state shaping / ep. : -182.658
terminal shaping / episode  : 0.000
DFA transitions / episode   : 0.00
DFA transitions in window   : none
epsilon (next episode)       : 0.99960
replay buffer                : 119 samples [1: 100.0%, 2: 0.0%, 3: 0.0%]
DFA state visits in window   : 1: 120, 2: 0, 3: 0
DFA state visits cumulative  : 1: 120, 2: 0, 3: 0
DFA state entries in window  : 1: 1, 2: 0, 3: 0
DFA state entries cumulative : 1: 1, 2: 0, 3: 0
transitions cumulative       : none
accepted directly from s0    : 0
Gym endings cumulative       : terminated=1, truncated=0

[Episode 100/8000 | last 100]
success rate                : 0.0% (cumulative 0.0%)
failure rate                : 0.0% (cumulative 0.0%)
completed cycles / episode  : 0.000
synthetic task reward       : 0.000
shaping reward              : -171.075
learning reward             : -171.075
episode length              : 91.3
abstract changes / episode  : 88.0
same abstract-state steps   : 3.6%
same-state shaping / episode: 0.000
changed-state shaping / ep. : -171.075
terminal shaping / episode  : -1.734
DFA transitions / episode   : 0.02
DFA transitions in window   : 1->2: 2
epsilon (next episode)       : 0.96078
replay buffer                : 9131 samples [1: 99.4%, 2: 0.6%, 3: 0.0%]
DFA state visits in window   : 1: 9176, 2: 55, 3: 0
DFA state visits cumulative  : 1: 9176, 2: 55, 3: 0
DFA state entries in window  : 1: 100, 2: 2, 3: 0
DFA state entries cumulative : 1: 100, 2: 2, 3: 0
transitions cumulative       : 1->2: 2
accepted directly from s0    : 0
Gym endings cumulative       : terminated=100, truncated=0

[Episode 200/8000 | last 100]
success rate                : 0.0% (cumulative 0.0%)
failure rate                : 0.0% (cumulative 0.0%)
completed cycles / episode  : 0.000
synthetic task reward       : 0.000
shaping reward              : -168.650
learning reward             : -168.650
episode length              : 95.7
abstract changes / episode  : 92.4
same abstract-state steps   : 3.5%
same-state shaping / episode: 0.000
changed-state shaping / ep. : -168.650
terminal shaping / episode  : -1.233
DFA transitions / episode   : 0.02
DFA transitions in window   : 1->2: 2
epsilon (next episode)       : 0.92310
replay buffer                : 18704 samples [1: 99.4%, 2: 0.6%, 3: 0.0%]
DFA state visits in window   : 1: 9613, 2: 60, 3: 0
DFA state visits cumulative  : 1: 18789, 2: 115, 3: 0
DFA state entries in window  : 1: 100, 2: 2, 3: 0
DFA state entries cumulative : 1: 200, 2: 4, 3: 0
transitions cumulative       : 1->2: 4
accepted directly from s0    : 0
Gym endings cumulative       : terminated=200, truncated=0

[Episode 300/8000 | last 100]
success rate                : 0.0% (cumulative 0.0%)
failure rate                : 0.0% (cumulative 0.0%)
completed cycles / episode  : 0.000
synthetic task reward       : 0.000
shaping reward              : -167.089
learning reward             : -167.089
episode length              : 99.5
abstract changes / episode  : 95.4
same abstract-state steps   : 4.2%
same-state shaping / episode: 0.000
changed-state shaping / ep. : -167.089
terminal shaping / episode  : -1.700
DFA transitions / episode   : 0.03
DFA transitions in window   : 1->2: 3
epsilon (next episode)       : 0.88690
replay buffer                : 28657 samples [1: 99.4%, 2: 0.6%, 3: 0.0%]
DFA state visits in window   : 1: 9975, 2: 78, 3: 0
DFA state visits cumulative  : 1: 28764, 2: 193, 3: 0
DFA state entries in window  : 1: 100, 2: 3, 3: 0
DFA state entries cumulative : 1: 300, 2: 7, 3: 0
transitions cumulative       : 1->2: 7
accepted directly from s0    : 0
Gym endings cumulative       : terminated=300, truncated=0

[Episode 400/8000 | last 100]
success rate                : 0.0% (cumulative 0.0%)
failure rate                : 0.0% (cumulative 0.0%)
completed cycles / episode  : 0.000
synthetic task reward       : 0.000
shaping reward              : -167.731
learning reward             : -167.731
episode length              : 98.9
abstract changes / episode  : 95.0
same abstract-state steps   : 3.9%
same-state shaping / episode: 0.000
changed-state shaping / ep. : -167.731
terminal shaping / episode  : -2.157
DFA transitions / episode   : 0.02
DFA transitions in window   : 1->2: 2
epsilon (next episode)       : 0.85212
replay buffer                : 38548 samples [1: 99.4%, 2: 0.6%, 3: 0.0%]
DFA state visits in window   : 1: 9927, 2: 64, 3: 0
DFA state visits cumulative  : 1: 38691, 2: 257, 3: 0
DFA state entries in window  : 1: 100, 2: 2, 3: 0
DFA state entries cumulative : 1: 400, 2: 9, 3: 0
transitions cumulative       : 1->2: 9
accepted directly from s0    : 0
Gym endings cumulative       : terminated=400, truncated=0

[Episode 500/8000 | last 100]
success rate                : 0.0% (cumulative 0.0%)
failure rate                : 0.0% (cumulative 0.0%)
completed cycles / episode  : 0.000
synthetic task reward       : 0.000
shaping reward              : -167.906
learning reward             : -167.906
episode length              : 97.9
abstract changes / episode  : 94.8
same abstract-state steps   : 3.1%
same-state shaping / episode: 0.000
changed-state shaping / ep. : -167.906
terminal shaping / episode  : -1.787
DFA transitions / episode   : 0.01
DFA transitions in window   : 1->2: 1
epsilon (next episode)       : 0.81870
replay buffer                : 48335 samples [1: 99.4%, 2: 0.6%, 3: 0.0%]
DFA state visits in window   : 1: 9853, 2: 34, 3: 0
DFA state visits cumulative  : 1: 48544, 2: 291, 3: 0
DFA state entries in window  : 1: 100, 2: 1, 3: 0
DFA state entries cumulative : 1: 500, 2: 10, 3: 0
transitions cumulative       : 1->2: 10
accepted directly from s0    : 0
Gym endings cumulative       : terminated=500, truncated=0

Starting autonomous greedy evaluation at episode 500 (1000 fixed-seed episodes)...
[Greedy evaluation at episode 500 | 1000 fixed-seed episodes]
success=0.0%, failure=0.0%, task reward=0.000, length=130.3
DFA transitions: 1->2: 557
Best policy updated from autonomous greedy evaluation at episode 500.

[Episode 600/8000 | last 100]
success rate                : 0.0% (cumulative 0.0%)
failure rate                : 0.0% (cumulative 0.0%)
completed cycles / episode  : 0.000
synthetic task reward       : 0.000
shaping reward              : -177.515
learning reward             : -177.515
episode length              : 95.9
abstract changes / episode  : 93.2
same abstract-state steps   : 2.8%
same-state shaping / episode: 0.000
changed-state shaping / ep. : -177.515
terminal shaping / episode  : -1.927
DFA transitions / episode   : 0.00
DFA transitions in window   : none
epsilon (next episode)       : 0.78659
replay buffer                : 57926 samples [1: 99.5%, 2: 0.5%, 3: 0.0%]
DFA state visits in window   : 1: 9691, 2: 0, 3: 0
DFA state visits cumulative  : 1: 58235, 2: 291, 3: 0
DFA state entries in window  : 1: 100, 2: 0, 3: 0
DFA state entries cumulative : 1: 600, 2: 10, 3: 0
transitions cumulative       : 1->2: 10
accepted directly from s0    : 0
Gym endings cumulative       : terminated=600, truncated=0

[Episode 700/8000 | last 100]
success rate                : 0.0% (cumulative 0.0%)
failure rate                : 0.0% (cumulative 0.0%)
completed cycles / episode  : 0.000
synthetic task reward       : 0.000
shaping reward              : -160.847
learning reward             : -160.847
episode length              : 93.4
abstract changes / episode  : 91.2
same abstract-state steps   : 2.4%
same-state shaping / episode: 0.000
changed-state shaping / ep. : -160.847
terminal shaping / episode  : -1.939
DFA transitions / episode   : 0.02
DFA transitions in window   : 1->2: 2
epsilon (next episode)       : 0.75574
replay buffer                : 67266 samples [1: 99.5%, 2: 0.5%, 3: 0.0%]
DFA state visits in window   : 1: 9386, 2: 54, 3: 0
DFA state visits cumulative  : 1: 67621, 2: 345, 3: 0
DFA state entries in window  : 1: 100, 2: 2, 3: 0
DFA state entries cumulative : 1: 700, 2: 12, 3: 0
transitions cumulative       : 1->2: 12
accepted directly from s0    : 0
Gym endings cumulative       : terminated=700, truncated=0

[Episode 800/8000 | last 100]
success rate                : 0.0% (cumulative 0.0%)
failure rate                : 0.0% (cumulative 0.0%)
completed cycles / episode  : 0.000
synthetic task reward       : 0.000
shaping reward              : -163.354
learning reward             : -163.354
episode length              : 98.2
abstract changes / episode  : 95.4
same abstract-state steps   : 2.9%
same-state shaping / episode: 0.000
changed-state shaping / ep. : -163.354
terminal shaping / episode  : -1.685
DFA transitions / episode   : 0.02
DFA transitions in window   : 1->2: 2
epsilon (next episode)       : 0.72610
replay buffer                : 77086 samples [1: 99.5%, 2: 0.5%, 3: 0.0%]
DFA state visits in window   : 1: 9871, 2: 49, 3: 0
DFA state visits cumulative  : 1: 77492, 2: 394, 3: 0
DFA state entries in window  : 1: 100, 2: 2, 3: 0
DFA state entries cumulative : 1: 800, 2: 14, 3: 0
transitions cumulative       : 1->2: 14
accepted directly from s0    : 0
Gym endings cumulative       : terminated=800, truncated=0

[Episode 900/8000 | last 100]
success rate                : 0.0% (cumulative 0.0%)
failure rate                : 0.0% (cumulative 0.0%)
completed cycles / episode  : 0.000
synthetic task reward       : 0.000
shaping reward              : -167.165
learning reward             : -167.165
episode length              : 118.9
abstract changes / episode  : 99.6
same abstract-state steps   : 16.3%
same-state shaping / episode: 0.000
changed-state shaping / ep. : -167.165
terminal shaping / episode  : -1.749
DFA transitions / episode   : 0.01
DFA transitions in window   : 1->2: 1
epsilon (next episode)       : 0.69763
replay buffer                : 88980 samples [1: 99.5%, 2: 0.5%, 3: 0.0%]
DFA state visits in window   : 1: 11969, 2: 25, 3: 0
DFA state visits cumulative  : 1: 89461, 2: 419, 3: 0
DFA state entries in window  : 1: 100, 2: 1, 3: 0
DFA state entries cumulative : 1: 900, 2: 15, 3: 0
transitions cumulative       : 1->2: 15
accepted directly from s0    : 0
Gym endings cumulative       : terminated=898, truncated=2

[Episode 1000/8000 | last 100]
success rate                : 0.0% (cumulative 0.0%)
failure rate                : 0.0% (cumulative 0.0%)
completed cycles / episode  : 0.000
synthetic task reward       : 0.000
shaping reward              : -159.918
learning reward             : -159.918
episode length              : 101.6
abstract changes / episode  : 98.2
same abstract-state steps   : 3.3%
same-state shaping / episode: 0.000
changed-state shaping / ep. : -159.918
terminal shaping / episode  : -1.539
DFA transitions / episode   : 0.03
DFA transitions in window   : 1->2: 3
epsilon (next episode)       : 0.67027
replay buffer                : 99137 samples [1: 99.5%, 2: 0.5%, 3: 0.0%]
DFA state visits in window   : 1: 10182, 2: 75, 3: 0
DFA state visits cumulative  : 1: 99643, 2: 494, 3: 0
DFA state entries in window  : 1: 100, 2: 3, 3: 0
DFA state entries cumulative : 1: 1000, 2: 18, 3: 0
transitions cumulative       : 1->2: 18
accepted directly from s0    : 0
Gym endings cumulative       : terminated=998, truncated=2

Starting autonomous greedy evaluation at episode 1000 (1000 fixed-seed episodes)...
[Greedy evaluation at episode 1000 | 1000 fixed-seed episodes]
success=0.0%, failure=0.0%, task reward=0.000, length=103.6
DFA transitions: 1->2: 262
Best policy updated from autonomous greedy evaluation at episode 1000.

[Episode 1100/8000 | last 100]
success rate                : 0.0% (cumulative 0.0%)
failure rate                : 0.0% (cumulative 0.0%)
completed cycles / episode  : 0.000
synthetic task reward       : 0.000
shaping reward              : -115.690
learning reward             : -115.690
episode length              : 106.6
abstract changes / episode  : 103.9
same abstract-state steps   : 2.5%
same-state shaping / episode: 0.000
changed-state shaping / ep. : -115.690
terminal shaping / episode  : -2.131
DFA transitions / episode   : 0.06
DFA transitions in window   : 1->2: 6
epsilon (next episode)       : 0.64398
replay buffer                : 109795 samples [1: 99.5%, 2: 0.5%, 3: 0.0%]
DFA state visits in window   : 1: 10629, 2: 129, 3: 0
DFA state visits cumulative  : 1: 110272, 2: 623, 3: 0
DFA state entries in window  : 1: 100, 2: 6, 3: 0
DFA state entries cumulative : 1: 1100, 2: 24, 3: 0
transitions cumulative       : 1->2: 24
accepted directly from s0    : 0
Gym endings cumulative       : terminated=1098, truncated=2

[Episode 1200/8000 | last 100]
success rate                : 0.0% (cumulative 0.0%)
failure rate                : 0.0% (cumulative 0.0%)
completed cycles / episode  : 0.000
synthetic task reward       : 0.000
shaping reward              : -124.836
learning reward             : -124.836
episode length              : 121.4
abstract changes / episode  : 109.2
same abstract-state steps   : 10.1%
same-state shaping / episode: 0.000
changed-state shaping / ep. : -124.836
terminal shaping / episode  : -2.463
DFA transitions / episode   : 0.04
DFA transitions in window   : 1->2: 4
epsilon (next episode)       : 0.61872
replay buffer                : 121936 samples [1: 99.4%, 2: 0.6%, 3: 0.0%]
DFA state visits in window   : 1: 12141, 2: 100, 3: 0
DFA state visits cumulative  : 1: 122413, 2: 723, 3: 0
DFA state entries in window  : 1: 100, 2: 4, 3: 0
DFA state entries cumulative : 1: 1200, 2: 28, 3: 0
transitions cumulative       : 1->2: 28
accepted directly from s0    : 0
Gym endings cumulative       : terminated=1197, truncated=3

[Episode 1300/8000 | last 100]
success rate                : 0.0% (cumulative 0.0%)
failure rate                : 0.0% (cumulative 0.0%)
completed cycles / episode  : 0.000
synthetic task reward       : 0.000
shaping reward              : -101.367
learning reward             : -101.367
episode length              : 127.9
abstract changes / episode  : 117.4
same abstract-state steps   : 8.2%
same-state shaping / episode: 0.000
changed-state shaping / ep. : -101.367
terminal shaping / episode  : -2.714
DFA transitions / episode   : 0.08
DFA transitions in window   : 1->2: 8
epsilon (next episode)       : 0.59446
replay buffer                : 134723 samples [1: 99.4%, 2: 0.6%, 3: 0.0%]
DFA state visits in window   : 1: 12708, 2: 179, 3: 0
DFA state visits cumulative  : 1: 135121, 2: 902, 3: 0
DFA state entries in window  : 1: 100, 2: 8, 3: 0
DFA state entries cumulative : 1: 1300, 2: 36, 3: 0
transitions cumulative       : 1->2: 36
accepted directly from s0    : 0
Gym endings cumulative       : terminated=1297, truncated=3

[Episode 1400/8000 | last 100]
success rate                : 0.0% (cumulative 0.0%)
failure rate                : 0.0% (cumulative 0.0%)
completed cycles / episode  : 0.000
synthetic task reward       : 0.000
shaping reward              : -128.495
learning reward             : -128.495
episode length              : 153.0
abstract changes / episode  : 136.6
same abstract-state steps   : 10.7%
same-state shaping / episode: 0.000
changed-state shaping / ep. : -128.495
terminal shaping / episode  : -2.147
DFA transitions / episode   : 0.02
DFA transitions in window   : 1->2: 2
epsilon (next episode)       : 0.57115
replay buffer                : 150026 samples [1: 99.4%, 2: 0.6%, 3: 0.0%]
DFA state visits in window   : 1: 15347, 2: 56, 3: 0
DFA state visits cumulative  : 1: 150468, 2: 958, 3: 0
DFA state entries in window  : 1: 100, 2: 2, 3: 0
DFA state entries cumulative : 1: 1400, 2: 38, 3: 0
transitions cumulative       : 1->2: 38
accepted directly from s0    : 0
Gym endings cumulative       : terminated=1397, truncated=3

[Episode 1500/8000 | last 100]
success rate                : 0.0% (cumulative 0.0%)
failure rate                : 0.0% (cumulative 0.0%)
completed cycles / episode  : 0.000
synthetic task reward       : 0.000
shaping reward              : -97.384
learning reward             : -97.384
episode length              : 172.4
abstract changes / episode  : 154.3
same abstract-state steps   : 10.5%
same-state shaping / episode: 0.000
changed-state shaping / ep. : -97.384
terminal shaping / episode  : -1.598
DFA transitions / episode   : 0.06
DFA transitions in window   : 1->2: 6
epsilon (next episode)       : 0.54875
replay buffer                : 167262 samples [1: 99.3%, 2: 0.7%, 3: 0.0%]
DFA state visits in window   : 1: 17085, 2: 251, 3: 0
DFA state visits cumulative  : 1: 167553, 2: 1209, 3: 0
DFA state entries in window  : 1: 100, 2: 6, 3: 0
DFA state entries cumulative : 1: 1500, 2: 44, 3: 0
transitions cumulative       : 1->2: 44
accepted directly from s0    : 0
Gym endings cumulative       : terminated=1497, truncated=3

Starting autonomous greedy evaluation at episode 1500 (1000 fixed-seed episodes)...
[Greedy evaluation at episode 1500 | 1000 fixed-seed episodes]
success=0.0%, failure=0.0%, task reward=0.000, length=186.0
DFA transitions: none

[Episode 1600/8000 | last 100]
success rate                : 0.0% (cumulative 0.0%)
failure rate                : 0.0% (cumulative 0.0%)
completed cycles / episode  : 0.000
synthetic task reward       : 0.000
shaping reward              : -108.330
learning reward             : -108.330
episode length              : 213.8
abstract changes / episode  : 182.4
same abstract-state steps   : 14.7%
same-state shaping / episode: 0.000
changed-state shaping / ep. : -108.330
terminal shaping / episode  : -1.262
DFA transitions / episode   : 0.05
DFA transitions in window   : 1->2: 5
epsilon (next episode)       : 0.52722
replay buffer                : 188643 samples [1: 99.2%, 2: 0.8%, 3: 0.0%]
DFA state visits in window   : 1: 21208, 2: 273, 3: 0
DFA state visits cumulative  : 1: 188761, 2: 1482, 3: 0
DFA state entries in window  : 1: 100, 2: 5, 3: 0
DFA state entries cumulative : 1: 1600, 2: 49, 3: 0
transitions cumulative       : 1->2: 49
accepted directly from s0    : 0
Gym endings cumulative       : terminated=1597, truncated=3

[Episode 1700/8000 | last 100]
success rate                : 0.0% (cumulative 0.0%)
failure rate                : 0.0% (cumulative 0.0%)
completed cycles / episode  : 0.000
synthetic task reward       : 0.000
shaping reward              : -103.876
learning reward             : -103.876
episode length              : 283.3
abstract changes / episode  : 232.8
same abstract-state steps   : 17.8%
same-state shaping / episode: 0.000
changed-state shaping / ep. : -103.876
terminal shaping / episode  : -5.468
DFA transitions / episode   : 0.06
DFA transitions in window   : 1->2: 6
epsilon (next episode)       : 0.50655
replay buffer                : 216975 samples [1: 98.7%, 2: 1.3%, 3: 0.0%]
DFA state visits in window   : 1: 27059, 2: 1373, 3: 0
DFA state visits cumulative  : 1: 215820, 2: 2855, 3: 0
DFA state entries in window  : 1: 100, 2: 6, 3: 0
DFA state entries cumulative : 1: 1700, 2: 55, 3: 0
transitions cumulative       : 1->2: 55
accepted directly from s0    : 0
Gym endings cumulative       : terminated=1695, truncated=5

[Episode 1800/8000 | last 100]
success rate                : 0.0% (cumulative 0.0%)
failure rate                : 0.0% (cumulative 0.0%)
completed cycles / episode  : 0.000
synthetic task reward       : 0.000
shaping reward              : -169.153
learning reward             : -169.153
episode length              : 235.7
abstract changes / episode  : 191.4
same abstract-state steps   : 18.8%
same-state shaping / episode: 0.000
changed-state shaping / ep. : -169.153
terminal shaping / episode  : -0.451
DFA transitions / episode   : 0.01
DFA transitions in window   : 1->2: 1
epsilon (next episode)       : 0.48668
replay buffer                : 240549 samples [1: 98.8%, 2: 1.2%, 3: 0.0%]
DFA state visits in window   : 1: 23582, 2: 92, 3: 0
DFA state visits cumulative  : 1: 239402, 2: 2947, 3: 0
DFA state entries in window  : 1: 100, 2: 1, 3: 0
DFA state entries cumulative : 1: 1800, 2: 56, 3: 0
transitions cumulative       : 1->2: 56
accepted directly from s0    : 0
Gym endings cumulative       : terminated=1790, truncated=10

[Episode 1900/8000 | last 100]
success rate                : 0.0% (cumulative 0.0%)
failure rate                : 0.0% (cumulative 0.0%)
completed cycles / episode  : 0.000
synthetic task reward       : 0.000
shaping reward              : -114.131
learning reward             : -114.131
episode length              : 254.4
abstract changes / episode  : 183.1
same abstract-state steps   : 28.0%
same-state shaping / episode: 0.000
changed-state shaping / ep. : -114.131
terminal shaping / episode  : -0.557
DFA transitions / episode   : 0.04
DFA transitions in window   : 1->2: 4
epsilon (next episode)       : 0.46760
replay buffer                : 265989 samples [1: 98.8%, 2: 1.2%, 3: 0.0%]
DFA state visits in window   : 1: 25297, 2: 243, 3: 0
DFA state visits cumulative  : 1: 264699, 2: 3190, 3: 0
DFA state entries in window  : 1: 100, 2: 4, 3: 0
DFA state entries cumulative : 1: 1900, 2: 60, 3: 0
transitions cumulative       : 1->2: 60
accepted directly from s0    : 0
Gym endings cumulative       : terminated=1882, truncated=18

[Episode 2000/8000 | last 100]
success rate                : 0.0% (cumulative 0.0%)
failure rate                : 0.0% (cumulative 0.0%)
completed cycles / episode  : 0.000
synthetic task reward       : 0.000
shaping reward              : -152.762
learning reward             : -152.762
episode length              : 247.9
abstract changes / episode  : 207.9
same abstract-state steps   : 16.2%
same-state shaping / episode: 0.000
changed-state shaping / ep. : -152.762
terminal shaping / episode  : -1.452
DFA transitions / episode   : 0.02
DFA transitions in window   : 1->2: 2
epsilon (next episode)       : 0.44926
replay buffer                : 290781 samples [1: 98.8%, 2: 1.2%, 3: 0.0%]
DFA state visits in window   : 1: 24676, 2: 216, 3: 0
DFA state visits cumulative  : 1: 289375, 2: 3406, 3: 0
DFA state entries in window  : 1: 100, 2: 2, 3: 0
DFA state entries cumulative : 1: 2000, 2: 62, 3: 0
transitions cumulative       : 1->2: 62
accepted directly from s0    : 0
Gym endings cumulative       : terminated=1977, truncated=23

Starting autonomous greedy evaluation at episode 2000 (1000 fixed-seed episodes)...
[Greedy evaluation at episode 2000 | 1000 fixed-seed episodes]
success=1.1%, failure=0.0%, task reward=110.000, length=614.4
DFA transitions: 1->2: 393, 2->3: 11
Best policy updated from autonomous greedy evaluation at episode 2000.

[Episode 2100/8000 | last 100]
success rate                : 0.0% (cumulative 0.0%)
failure rate                : 0.0% (cumulative 0.0%)
completed cycles / episode  : 0.000
synthetic task reward       : 0.000
shaping reward              : -1.428
learning reward             : -1.428
episode length              : 203.4
abstract changes / episode  : 185.9
same abstract-state steps   : 8.6%
same-state shaping / episode: 0.000
changed-state shaping / ep. : -1.428
terminal shaping / episode  : -7.421
DFA transitions / episode   : 0.05
DFA transitions in window   : 1->2: 5
epsilon (next episode)       : 0.43164
replay buffer                : 300000 samples [1: 98.8%, 2: 1.2%, 3: 0.0%]
DFA state visits in window   : 1: 19991, 2: 454, 3: 0
DFA state visits cumulative  : 1: 309366, 2: 3860, 3: 0
DFA state entries in window  : 1: 100, 2: 5, 3: 0
DFA state entries cumulative : 1: 2100, 2: 67, 3: 0
transitions cumulative       : 1->2: 67
accepted directly from s0    : 0
Gym endings cumulative       : terminated=2077, truncated=23

[Episode 2200/8000 | last 100]
success rate                : 0.0% (cumulative 0.0%)
failure rate                : 0.0% (cumulative 0.0%)
completed cycles / episode  : 0.000
synthetic task reward       : 0.000
shaping reward              : -157.252
learning reward             : -157.252
episode length              : 228.1
abstract changes / episode  : 188.2
same abstract-state steps   : 17.5%
same-state shaping / episode: 0.000
changed-state shaping / ep. : -157.252
terminal shaping / episode  : -4.650
DFA transitions / episode   : 0.02
DFA transitions in window   : 1->2: 2
epsilon (next episode)       : 0.41471
replay buffer                : 300000 samples [1: 98.8%, 2: 1.2%, 3: 0.0%]
DFA state visits in window   : 1: 22754, 2: 152, 3: 0
DFA state visits cumulative  : 1: 332120, 2: 4012, 3: 0
DFA state entries in window  : 1: 100, 2: 2, 3: 0
DFA state entries cumulative : 1: 2200, 2: 69, 3: 0
transitions cumulative       : 1->2: 69
accepted directly from s0    : 0
Gym endings cumulative       : terminated=2177, truncated=23

[Episode 2300/8000 | last 100]
success rate                : 0.0% (cumulative 0.0%)
failure rate                : 0.0% (cumulative 0.0%)
completed cycles / episode  : 0.000
synthetic task reward       : 0.000
shaping reward              : -34.362
learning reward             : -34.362
episode length              : 280.0
abstract changes / episode  : 248.5
same abstract-state steps   : 11.3%
same-state shaping / episode: 0.000
changed-state shaping / ep. : -34.362
terminal shaping / episode  : -4.204
DFA transitions / episode   : 0.11
DFA transitions in window   : 1->2: 11
epsilon (next episode)       : 0.39845
replay buffer                : 300000 samples [1: 98.6%, 2: 1.4%, 3: 0.0%]
DFA state visits in window   : 1: 27524, 2: 579, 3: 0
DFA state visits cumulative  : 1: 359644, 2: 4591, 3: 0
DFA state entries in window  : 1: 100, 2: 11, 3: 0
DFA state entries cumulative : 1: 2300, 2: 80, 3: 0
transitions cumulative       : 1->2: 80
accepted directly from s0    : 0
Gym endings cumulative       : terminated=2277, truncated=23

[Episode 2400/8000 | last 100]
success rate                : 0.0% (cumulative 0.0%)
failure rate                : 0.0% (cumulative 0.0%)
completed cycles / episode  : 0.000
synthetic task reward       : 0.000
shaping reward              : 41.845
learning reward             : 41.845
episode length              : 237.1
abstract changes / episode  : 223.3
same abstract-state steps   : 5.8%
same-state shaping / episode: 0.000
changed-state shaping / ep. : 41.845
terminal shaping / episode  : -46.228
DFA transitions / episode   : 0.16
DFA transitions in window   : 1->2: 16
epsilon (next episode)       : 0.38282
replay buffer                : 300000 samples [1: 98.1%, 2: 1.9%, 3: 0.0%]
DFA state visits in window   : 1: 22370, 2: 1438, 3: 0
DFA state visits cumulative  : 1: 382014, 2: 6029, 3: 0
DFA state entries in window  : 1: 100, 2: 16, 3: 0
DFA state entries cumulative : 1: 2400, 2: 96, 3: 0
transitions cumulative       : 1->2: 96
accepted directly from s0    : 0
Gym endings cumulative       : terminated=2377, truncated=23

[Episode 2500/8000 | last 100]
success rate                : 2.0% (cumulative 0.1%)
failure rate                : 0.0% (cumulative 0.0%)
completed cycles / episode  : 0.000
synthetic task reward       : 200.000
shaping reward              : 689.739
learning reward             : 889.739
episode length              : 221.9
abstract changes / episode  : 205.3
same abstract-state steps   : 7.5%
same-state shaping / episode: 0.000
changed-state shaping / ep. : 689.739
terminal shaping / episode  : -185.788
DFA transitions / episode   : 0.39
DFA transitions in window   : 1->2: 37, 2->3: 2
epsilon (next episode)       : 0.36781
replay buffer                : 300000 samples [1: 96.6%, 2: 3.4%, 3: 0.0%]
DFA state visits in window   : 1: 17339, 2: 4954, 3: 2
DFA state visits cumulative  : 1: 399353, 2: 10983, 3: 2
DFA state entries in window  : 1: 100, 2: 37, 3: 2
DFA state entries cumulative : 1: 2500, 2: 133, 3: 2
transitions cumulative       : 1->2: 133, 2->3: 2
accepted directly from s0    : 0
Gym endings cumulative       : terminated=2474, truncated=24

Starting autonomous greedy evaluation at episode 2500 (1000 fixed-seed episodes)...
[Greedy evaluation at episode 2500 | 1000 fixed-seed episodes]
success=0.0%, failure=0.0%, task reward=0.000, length=232.4
DFA transitions: 1->2: 395

[Episode 2600/8000 | last 100]
success rate                : 1.0% (cumulative 0.1%)
failure rate                : 0.0% (cumulative 0.0%)
completed cycles / episode  : 0.000
synthetic task reward       : 100.000
shaping reward              : 542.470
learning reward             : 642.470
episode length              : 228.1
abstract changes / episode  : 207.6
same abstract-state steps   : 9.0%
same-state shaping / episode: 0.000
changed-state shaping / ep. : 542.470
terminal shaping / episode  : -6.629
DFA transitions / episode   : 0.35
DFA transitions in window   : 1->2: 34, 2->3: 1
epsilon (next episode)       : 0.35338
replay buffer                : 300000 samples [1: 95.1%, 2: 4.9%, 3: 0.0%]
DFA state visits in window   : 1: 18171, 2: 4738, 3: 1
DFA state visits cumulative  : 1: 417524, 2: 15721, 3: 3
DFA state entries in window  : 1: 100, 2: 34, 3: 1
DFA state entries cumulative : 1: 2600, 2: 167, 3: 3
transitions cumulative       : 1->2: 167, 2->3: 3
accepted directly from s0    : 0
Gym endings cumulative       : terminated=2573, truncated=24

[Episode 2700/8000 | last 100]
success rate                : 2.0% (cumulative 0.2%)
failure rate                : 0.0% (cumulative 0.0%)
completed cycles / episode  : 0.000
synthetic task reward       : 200.000
shaping reward              : 861.268
learning reward             : 1061.268
episode length              : 232.5
abstract changes / episode  : 217.6
same abstract-state steps   : 6.4%
same-state shaping / episode: 0.000
changed-state shaping / ep. : 861.268
terminal shaping / episode  : -88.252
DFA transitions / episode   : 0.40
DFA transitions in window   : 1->2: 38, 2->3: 2
epsilon (next episode)       : 0.33952
replay buffer                : 300000 samples [1: 93.5%, 2: 6.5%, 3: 0.0%]
DFA state visits in window   : 1: 18431, 2: 4913, 3: 2
DFA state visits cumulative  : 1: 435955, 2: 20634, 3: 5
DFA state entries in window  : 1: 100, 2: 38, 3: 2
DFA state entries cumulative : 1: 2700, 2: 205, 3: 5
transitions cumulative       : 1->2: 205, 2->3: 5
accepted directly from s0    : 0
Gym endings cumulative       : terminated=2671, truncated=24

[Episode 2800/8000 | last 100]
success rate                : 2.0% (cumulative 0.2%)
failure rate                : 0.0% (cumulative 0.0%)
completed cycles / episode  : 0.000
synthetic task reward       : 200.000
shaping reward              : 446.223
learning reward             : 646.223
episode length              : 266.1
abstract changes / episode  : 252.0
same abstract-state steps   : 5.3%
same-state shaping / episode: 0.000
changed-state shaping / ep. : 446.223
terminal shaping / episode  : -47.433
DFA transitions / episode   : 0.27
DFA transitions in window   : 1->2: 25, 2->3: 2
epsilon (next episode)       : 0.32621
replay buffer                : 300000 samples [1: 92.4%, 2: 7.6%, 3: 0.0%]
DFA state visits in window   : 1: 23069, 2: 3644, 3: 2
DFA state visits cumulative  : 1: 459024, 2: 24278, 3: 7
DFA state entries in window  : 1: 100, 2: 25, 3: 2
DFA state entries cumulative : 1: 2800, 2: 230, 3: 7
transitions cumulative       : 1->2: 230, 2->3: 7
accepted directly from s0    : 0
Gym endings cumulative       : terminated=2767, truncated=26

[Episode 2900/8000 | last 100]
success rate                : 8.0% (cumulative 0.5%)
failure rate                : 0.0% (cumulative 0.0%)
completed cycles / episode  : 0.000
synthetic task reward       : 800.000
shaping reward              : 2093.761
learning reward             : 2893.761
episode length              : 278.4
abstract changes / episode  : 259.8
same abstract-state steps   : 6.7%
same-state shaping / episode: 0.000
changed-state shaping / ep. : 2093.761
terminal shaping / episode  : -37.327
DFA transitions / episode   : 0.65
DFA transitions in window   : 1->2: 57, 2->3: 8
epsilon (next episode)       : 0.31341
replay buffer                : 300000 samples [1: 89.7%, 2: 10.3%, 3: 0.0%]
DFA state visits in window   : 1: 19415, 2: 8518, 3: 8
DFA state visits cumulative  : 1: 478439, 2: 32796, 3: 15
DFA state entries in window  : 1: 100, 2: 57, 3: 8
DFA state entries cumulative : 1: 2900, 2: 287, 3: 15
transitions cumulative       : 1->2: 287, 2->3: 15
accepted directly from s0    : 0
Gym endings cumulative       : terminated=2859, truncated=26

[Episode 3000/8000 | last 100]
success rate                : 17.0% (cumulative 1.1%)
failure rate                : 0.0% (cumulative 0.0%)
completed cycles / episode  : 0.000
synthetic task reward       : 1700.000
shaping reward              : 2869.253
learning reward             : 4569.253
episode length              : 312.7
abstract changes / episode  : 293.0
same abstract-state steps   : 6.3%
same-state shaping / episode: 0.000
changed-state shaping / ep. : 2869.253
terminal shaping / episode  : 3.846
DFA transitions / episode   : 0.68
DFA transitions in window   : 1->2: 51, 2->3: 17
epsilon (next episode)       : 0.30112
replay buffer                : 300000 samples [1: 87.9%, 2: 12.1%, 3: 0.0%]
DFA state visits in window   : 1: 24726, 2: 6623, 3: 17
DFA state visits cumulative  : 1: 503165, 2: 39419, 3: 32
DFA state entries in window  : 1: 100, 2: 51, 3: 17
DFA state entries cumulative : 1: 3000, 2: 338, 3: 32
transitions cumulative       : 1->2: 338, 2->3: 32
accepted directly from s0    : 0
Gym endings cumulative       : terminated=2941, truncated=27

Starting autonomous greedy evaluation at episode 3000 (1000 fixed-seed episodes)...
[Greedy evaluation at episode 3000 | 1000 fixed-seed episodes]
success=6.6%, failure=0.0%, task reward=660.000, length=841.6
DFA transitions: 1->2: 579, 2->3: 66
Best policy updated from autonomous greedy evaluation at episode 3000.

[Episode 3100/8000 | last 100]
success rate                : 18.0% (cumulative 1.6%)
failure rate                : 0.0% (cumulative 0.0%)
completed cycles / episode  : 0.000
synthetic task reward       : 1800.000
shaping reward              : 3390.061
learning reward             : 5190.061
episode length              : 282.7
abstract changes / episode  : 268.5
same abstract-state steps   : 5.0%
same-state shaping / episode: 0.000
changed-state shaping / ep. : 3390.061
terminal shaping / episode  : -7.526
DFA transitions / episode   : 0.85
DFA transitions in window   : 1->2: 67, 2->3: 18
epsilon (next episode)       : 0.28931
replay buffer                : 300000 samples [1: 85.3%, 2: 14.7%, 3: 0.0%]
DFA state visits in window   : 1: 20242, 2: 8110, 3: 18
DFA state visits cumulative  : 1: 523407, 2: 47529, 3: 50
DFA state entries in window  : 1: 100, 2: 67, 3: 18
DFA state entries cumulative : 1: 3100, 2: 405, 3: 50
transitions cumulative       : 1->2: 405, 2->3: 50
accepted directly from s0    : 0
Gym endings cumulative       : terminated=3022, truncated=28

[Episode 3200/8000 | last 100]
success rate                : 17.0% (cumulative 2.1%)
failure rate                : 0.0% (cumulative 0.0%)
completed cycles / episode  : 0.000
synthetic task reward       : 1700.000
shaping reward              : 2885.299
learning reward             : 4585.299
episode length              : 269.1
abstract changes / episode  : 255.2
same abstract-state steps   : 5.1%
same-state shaping / episode: 0.000
changed-state shaping / ep. : 2885.299
terminal shaping / episode  : 10.303
DFA transitions / episode   : 0.76
DFA transitions in window   : 1->2: 59, 2->3: 17
epsilon (next episode)       : 0.27797
replay buffer                : 300000 samples [1: 83.2%, 2: 16.8%, 3: 0.0%]
DFA state visits in window   : 1: 20170, 2: 6818, 3: 17
DFA state visits cumulative  : 1: 543577, 2: 54347, 3: 67
DFA state entries in window  : 1: 100, 2: 59, 3: 17
DFA state entries cumulative : 1: 3200, 2: 464, 3: 67
transitions cumulative       : 1->2: 464, 2->3: 67
accepted directly from s0    : 0
Gym endings cumulative       : terminated=3104, truncated=29

[Episode 3300/8000 | last 100]
success rate                : 14.0% (cumulative 2.5%)
failure rate                : 0.0% (cumulative 0.0%)
completed cycles / episode  : 0.000
synthetic task reward       : 1400.000
shaping reward              : 3675.943
learning reward             : 5075.943
episode length              : 258.6
abstract changes / episode  : 241.8
same abstract-state steps   : 6.5%
same-state shaping / episode: 0.000
changed-state shaping / ep. : 3675.943
terminal shaping / episode  : -18.273
DFA transitions / episode   : 1.02
DFA transitions in window   : 1->2: 88, 2->3: 14
epsilon (next episode)       : 0.26706
replay buffer                : 300000 samples [1: 79.6%, 2: 20.4%, 3: 0.0%]
DFA state visits in window   : 1: 14607, 2: 11343, 3: 14
DFA state visits cumulative  : 1: 558184, 2: 65690, 3: 81
DFA state entries in window  : 1: 100, 2: 88, 3: 14
DFA state entries cumulative : 1: 3300, 2: 552, 3: 81
transitions cumulative       : 1->2: 552, 2->3: 81
accepted directly from s0    : 0
Gym endings cumulative       : terminated=3190, truncated=29

[Episode 3400/8000 | last 100]
success rate                : 21.0% (cumulative 3.0%)
failure rate                : 0.0% (cumulative 0.0%)
completed cycles / episode  : 0.000
synthetic task reward       : 2100.000
shaping reward              : 4224.109
learning reward             : 6324.109
episode length              : 297.5
abstract changes / episode  : 281.2
same abstract-state steps   : 5.5%
same-state shaping / episode: 0.000
changed-state shaping / ep. : 4224.109
terminal shaping / episode  : -1.109
DFA transitions / episode   : 1.07
DFA transitions in window   : 1->2: 86, 2->3: 21
epsilon (next episode)       : 0.25659
replay buffer                : 300000 samples [1: 75.9%, 2: 24.1%, 3: 0.0%]
DFA state visits in window   : 1: 18706, 2: 11125, 3: 21
DFA state visits cumulative  : 1: 576890, 2: 76815, 3: 102
DFA state entries in window  : 1: 100, 2: 86, 3: 21
DFA state entries cumulative : 1: 3400, 2: 638, 3: 102
transitions cumulative       : 1->2: 638, 2->3: 102
accepted directly from s0    : 0
Gym endings cumulative       : terminated=3269, truncated=29

[Episode 3500/8000 | last 100]
success rate                : 21.0% (cumulative 3.5%)
failure rate                : 0.0% (cumulative 0.0%)
completed cycles / episode  : 0.000
synthetic task reward       : 2100.000
shaping reward              : 4351.718
learning reward             : 6451.718
episode length              : 292.2
abstract changes / episode  : 274.2
same abstract-state steps   : 6.2%
same-state shaping / episode: 0.000
changed-state shaping / ep. : 4351.718
terminal shaping / episode  : 5.675
DFA transitions / episode   : 1.08
DFA transitions in window   : 1->2: 87, 2->3: 21
epsilon (next episode)       : 0.24653
replay buffer                : 300000 samples [1: 72.6%, 2: 27.4%, 3: 0.0%]
DFA state visits in window   : 1: 18190, 2: 11108, 3: 21
DFA state visits cumulative  : 1: 595080, 2: 87923, 3: 123
DFA state entries in window  : 1: 100, 2: 87, 3: 21
DFA state entries cumulative : 1: 3500, 2: 725, 3: 123
transitions cumulative       : 1->2: 725, 2->3: 123
accepted directly from s0    : 0
Gym endings cumulative       : terminated=3348, truncated=29

Starting autonomous greedy evaluation at episode 3500 (1000 fixed-seed episodes)...
[Greedy evaluation at episode 3500 | 1000 fixed-seed episodes]
success=25.9%, failure=0.0%, task reward=2590.000, length=371.9
DFA transitions: 1->2: 939, 2->3: 259
Best policy updated from autonomous greedy evaluation at episode 3500.

[Episode 3600/8000 | last 100]
success rate                : 27.0% (cumulative 4.2%)
failure rate                : 0.0% (cumulative 0.0%)
completed cycles / episode  : 0.000
synthetic task reward       : 2700.000
shaping reward              : 4834.238
learning reward             : 7534.238
episode length              : 277.8
abstract changes / episode  : 262.2
same abstract-state steps   : 5.6%
same-state shaping / episode: 0.000
changed-state shaping / ep. : 4834.238
terminal shaping / episode  : 27.698
DFA transitions / episode   : 1.09
DFA transitions in window   : 1->2: 82, 2->3: 27
epsilon (next episode)       : 0.23686
replay buffer                : 300000 samples [1: 70.8%, 2: 29.2%, 3: 0.0%]
DFA state visits in window   : 1: 16752, 2: 11096, 3: 27
DFA state visits cumulative  : 1: 611832, 2: 99019, 3: 150
DFA state entries in window  : 1: 100, 2: 82, 3: 27
DFA state entries cumulative : 1: 3600, 2: 807, 3: 150
transitions cumulative       : 1->2: 807, 2->3: 150
accepted directly from s0    : 0
Gym endings cumulative       : terminated=3421, truncated=29

[Episode 3700/8000 | last 100]
success rate                : 27.0% (cumulative 4.8%)
failure rate                : 0.0% (cumulative 0.0%)
completed cycles / episode  : 0.000
synthetic task reward       : 2700.000
shaping reward              : 5017.803
learning reward             : 7717.803
episode length              : 305.6
abstract changes / episode  : 289.3
same abstract-state steps   : 5.3%
same-state shaping / episode: 0.000
changed-state shaping / ep. : 5017.803
terminal shaping / episode  : 16.949
DFA transitions / episode   : 1.04
DFA transitions in window   : 1->2: 77, 2->3: 27
epsilon (next episode)       : 0.22757
replay buffer                : 300000 samples [1: 68.6%, 2: 31.4%, 3: 0.0%]
DFA state visits in window   : 1: 17279, 2: 13350, 3: 27
DFA state visits cumulative  : 1: 629111, 2: 112369, 3: 177
DFA state entries in window  : 1: 100, 2: 77, 3: 27
DFA state entries cumulative : 1: 3700, 2: 884, 3: 177
transitions cumulative       : 1->2: 884, 2->3: 177
accepted directly from s0    : 0
Gym endings cumulative       : terminated=3494, truncated=29

[Episode 3800/8000 | last 100]
success rate                : 44.0% (cumulative 5.8%)
failure rate                : 0.0% (cumulative 0.0%)
completed cycles / episode  : 0.000
synthetic task reward       : 4400.000
shaping reward              : 6321.517
learning reward             : 10721.517
episode length              : 369.6
abstract changes / episode  : 350.9
same abstract-state steps   : 5.0%
same-state shaping / episode: 0.000
changed-state shaping / ep. : 6321.517
terminal shaping / episode  : 66.423
DFA transitions / episode   : 1.28
DFA transitions in window   : 1->2: 84, 2->3: 44
epsilon (next episode)       : 0.21865
replay buffer                : 300000 samples [1: 64.3%, 2: 35.7%, 3: 0.0%]
DFA state visits in window   : 1: 18130, 2: 18882, 3: 44
DFA state visits cumulative  : 1: 647241, 2: 131251, 3: 221
DFA state entries in window  : 1: 100, 2: 84, 3: 44
DFA state entries cumulative : 1: 3800, 2: 968, 3: 221
transitions cumulative       : 1->2: 968, 2->3: 221
accepted directly from s0    : 0
Gym endings cumulative       : terminated=3549, truncated=30

[Episode 3900/8000 | last 100]
success rate                : 64.0% (cumulative 7.3%)
failure rate                : 0.0% (cumulative 0.0%)
completed cycles / episode  : 0.000
synthetic task reward       : 6400.000
shaping reward              : 7419.712
learning reward             : 13819.712
episode length              : 327.8
abstract changes / episode  : 304.0
same abstract-state steps   : 7.3%
same-state shaping / episode: 0.000
changed-state shaping / ep. : 7419.712
terminal shaping / episode  : 101.931
DFA transitions / episode   : 1.48
DFA transitions in window   : 1->2: 84, 2->3: 64
epsilon (next episode)       : 0.21007
replay buffer                : 300000 samples [1: 62.5%, 2: 37.5%, 3: 0.0%]
DFA state visits in window   : 1: 18667, 2: 14147, 3: 64
DFA state visits cumulative  : 1: 665908, 2: 145398, 3: 285
DFA state entries in window  : 1: 100, 2: 84, 3: 64
DFA state entries cumulative : 1: 3900, 2: 1052, 3: 285
transitions cumulative       : 1->2: 1052, 2->3: 285
accepted directly from s0    : 0
Gym endings cumulative       : terminated=3583, truncated=32

[Episode 4000/8000 | last 100]
success rate                : 55.0% (cumulative 8.5%)
failure rate                : 0.0% (cumulative 0.0%)
completed cycles / episode  : 0.000
synthetic task reward       : 5500.000
shaping reward              : 7145.352
learning reward             : 12645.352
episode length              : 328.6
abstract changes / episode  : 299.5
same abstract-state steps   : 8.8%
same-state shaping / episode: 0.000
changed-state shaping / ep. : 7145.352
terminal shaping / episode  : 60.638
DFA transitions / episode   : 1.40
DFA transitions in window   : 1->2: 85, 2->3: 55
epsilon (next episode)       : 0.20183
replay buffer                : 300000 samples [1: 59.2%, 2: 40.8%, 3: 0.0%]
DFA state visits in window   : 1: 15634, 2: 17266, 3: 55
DFA state visits cumulative  : 1: 681542, 2: 162664, 3: 340
DFA state entries in window  : 1: 100, 2: 85, 3: 55
DFA state entries cumulative : 1: 4000, 2: 1137, 3: 340
transitions cumulative       : 1->2: 1137, 2->3: 340
accepted directly from s0    : 0
Gym endings cumulative       : terminated=3624, truncated=36

Starting autonomous greedy evaluation at episode 4000 (1000 fixed-seed episodes)...
[Greedy evaluation at episode 4000 | 1000 fixed-seed episodes]
success=40.9%, failure=0.0%, task reward=4090.000, length=557.1
DFA transitions: 1->2: 911, 2->3: 409
Best policy updated from autonomous greedy evaluation at episode 4000.

[Episode 4100/8000 | last 100]
success rate                : 43.0% (cumulative 9.3%)
failure rate                : 0.0% (cumulative 0.0%)
completed cycles / episode  : 0.000
synthetic task reward       : 4300.000
shaping reward              : 6178.371
learning reward             : 10478.371
episode length              : 303.4
abstract changes / episode  : 283.3
same abstract-state steps   : 6.6%
same-state shaping / episode: 0.000
changed-state shaping / ep. : 6178.371
terminal shaping / episode  : 29.030
DFA transitions / episode   : 1.23
DFA transitions in window   : 1->2: 80, 2->3: 43
epsilon (next episode)       : 0.19392
replay buffer                : 300000 samples [1: 56.9%, 2: 43.1%, 3: 0.0%]
DFA state visits in window   : 1: 15042, 2: 15355, 3: 43
DFA state visits cumulative  : 1: 696584, 2: 178019, 3: 383
DFA state entries in window  : 1: 100, 2: 80, 3: 43
DFA state entries cumulative : 1: 4100, 2: 1217, 3: 383
transitions cumulative       : 1->2: 1217, 2->3: 383
accepted directly from s0    : 0
Gym endings cumulative       : terminated=3679, truncated=38

[Episode 4200/8000 | last 100]
success rate                : 51.0% (cumulative 10.3%)
failure rate                : 0.0% (cumulative 0.0%)
completed cycles / episode  : 0.000
synthetic task reward       : 5100.000
shaping reward              : 7174.586
learning reward             : 12274.586
episode length              : 281.6
abstract changes / episode  : 265.1
same abstract-state steps   : 5.9%
same-state shaping / episode: 0.000
changed-state shaping / ep. : 7174.586
terminal shaping / episode  : 59.253
DFA transitions / episode   : 1.42
DFA transitions in window   : 1->2: 91, 2->3: 51
epsilon (next episode)       : 0.18631
replay buffer                : 300000 samples [1: 54.9%, 2: 45.1%, 3: 0.0%]
DFA state visits in window   : 1: 14191, 2: 14022, 3: 51
DFA state visits cumulative  : 1: 710775, 2: 192041, 3: 434
DFA state entries in window  : 1: 100, 2: 91, 3: 51
DFA state entries cumulative : 1: 4200, 2: 1308, 3: 434
transitions cumulative       : 1->2: 1308, 2->3: 434
accepted directly from s0    : 0
Gym endings cumulative       : terminated=3728, truncated=38

[Episode 4300/8000 | last 100]
success rate                : 46.0% (cumulative 11.2%)
failure rate                : 0.0% (cumulative 0.0%)
completed cycles / episode  : 0.000
synthetic task reward       : 4600.000
shaping reward              : 6821.902
learning reward             : 11421.902
episode length              : 297.1
abstract changes / episode  : 280.9
same abstract-state steps   : 5.5%
same-state shaping / episode: 0.000
changed-state shaping / ep. : 6821.902
terminal shaping / episode  : 40.434
DFA transitions / episode   : 1.33
DFA transitions in window   : 1->2: 87, 2->3: 46
epsilon (next episode)       : 0.17900
replay buffer                : 300000 samples [1: 55.1%, 2: 44.9%, 3: 0.0%]
DFA state visits in window   : 1: 17582, 2: 12179, 3: 46
DFA state visits cumulative  : 1: 728357, 2: 204220, 3: 480
DFA state entries in window  : 1: 100, 2: 87, 3: 46
DFA state entries cumulative : 1: 4300, 2: 1395, 3: 480
transitions cumulative       : 1->2: 1395, 2->3: 480
accepted directly from s0    : 0
Gym endings cumulative       : terminated=3782, truncated=38

[Episode 4400/8000 | last 100]
success rate                : 53.0% (cumulative 12.1%)
failure rate                : 0.0% (cumulative 0.0%)
completed cycles / episode  : 0.000
synthetic task reward       : 5300.000
shaping reward              : 7020.699
learning reward             : 12320.699
episode length              : 317.6
abstract changes / episode  : 292.6
same abstract-state steps   : 7.9%
same-state shaping / episode: 0.000
changed-state shaping / ep. : 7020.699
terminal shaping / episode  : 81.534
DFA transitions / episode   : 1.38
DFA transitions in window   : 1->2: 85, 2->3: 53
epsilon (next episode)       : 0.17198
replay buffer                : 300000 samples [1: 54.5%, 2: 45.5%, 3: 0.0%]
DFA state visits in window   : 1: 18747, 2: 13062, 3: 53
DFA state visits cumulative  : 1: 747104, 2: 217282, 3: 533
DFA state entries in window  : 1: 100, 2: 85, 3: 53
DFA state entries cumulative : 1: 4400, 2: 1480, 3: 533
transitions cumulative       : 1->2: 1480, 2->3: 533
accepted directly from s0    : 0
Gym endings cumulative       : terminated=3827, truncated=40

[Episode 4500/8000 | last 100]
success rate                : 38.0% (cumulative 12.7%)
failure rate                : 0.0% (cumulative 0.0%)
completed cycles / episode  : 0.000
synthetic task reward       : 3800.000
shaping reward              : 5080.430
learning reward             : 8880.430
episode length              : 309.8
abstract changes / episode  : 282.0
same abstract-state steps   : 9.0%
same-state shaping / episode: 0.000
changed-state shaping / ep. : 5080.430
terminal shaping / episode  : 50.011
DFA transitions / episode   : 1.04
DFA transitions in window   : 1->2: 66, 2->3: 38
epsilon (next episode)       : 0.16524
replay buffer                : 300000 samples [1: 56.1%, 2: 43.9%, 3: 0.0%]
DFA state visits in window   : 1: 23390, 2: 7654, 3: 38
DFA state visits cumulative  : 1: 770494, 2: 224936, 3: 571
DFA state entries in window  : 1: 100, 2: 66, 3: 38
DFA state entries cumulative : 1: 4500, 2: 1546, 3: 571
transitions cumulative       : 1->2: 1546, 2->3: 571
accepted directly from s0    : 0
Gym endings cumulative       : terminated=3888, truncated=41

Starting autonomous greedy evaluation at episode 4500 (1000 fixed-seed episodes)...
[Greedy evaluation at episode 4500 | 1000 fixed-seed episodes]
success=62.6%, failure=0.0%, task reward=6260.000, length=250.2
DFA transitions: 1->2: 994, 2->3: 626
Best policy updated from autonomous greedy evaluation at episode 4500.

[Episode 4600/8000 | last 100]
success rate                : 72.0% (cumulative 14.0%)
failure rate                : 0.0% (cumulative 0.0%)
completed cycles / episode  : 0.000
synthetic task reward       : 7200.000
shaping reward              : 7379.011
learning reward             : 14579.011
episode length              : 328.5
abstract changes / episode  : 312.7
same abstract-state steps   : 4.8%
same-state shaping / episode: 0.000
changed-state shaping / ep. : 7379.011
terminal shaping / episode  : 118.844
DFA transitions / episode   : 1.53
DFA transitions in window   : 1->2: 81, 2->3: 72
epsilon (next episode)       : 0.15876
replay buffer                : 300000 samples [1: 56.8%, 2: 43.2%, 3: 0.0%]
DFA state visits in window   : 1: 22320, 2: 10554, 3: 72
DFA state visits cumulative  : 1: 792814, 2: 235490, 3: 643
DFA state entries in window  : 1: 100, 2: 81, 3: 72
DFA state entries cumulative : 1: 4600, 2: 1627, 3: 643
transitions cumulative       : 1->2: 1627, 2->3: 643
accepted directly from s0    : 0
Gym endings cumulative       : terminated=3916, truncated=41

[Episode 4700/8000 | last 100]
success rate                : 55.0% (cumulative 14.9%)
failure rate                : 0.0% (cumulative 0.0%)
completed cycles / episode  : 0.000
synthetic task reward       : 5500.000
shaping reward              : 6356.144
learning reward             : 11856.144
episode length              : 318.0
abstract changes / episode  : 297.2
same abstract-state steps   : 6.5%
same-state shaping / episode: 0.000
changed-state shaping / ep. : 6356.144
terminal shaping / episode  : 89.765
DFA transitions / episode   : 1.29
DFA transitions in window   : 1->2: 74, 2->3: 55
epsilon (next episode)       : 0.15253
replay buffer                : 300000 samples [1: 58.6%, 2: 41.4%, 3: 0.0%]
DFA state visits in window   : 1: 21481, 2: 10367, 3: 55
DFA state visits cumulative  : 1: 814295, 2: 245857, 3: 698
DFA state entries in window  : 1: 100, 2: 74, 3: 55
DFA state entries cumulative : 1: 4700, 2: 1701, 3: 698
transitions cumulative       : 1->2: 1701, 2->3: 698
accepted directly from s0    : 0
Gym endings cumulative       : terminated=3960, truncated=42

[Episode 4800/8000 | last 100]
success rate                : 67.0% (cumulative 15.9%)
failure rate                : 0.0% (cumulative 0.0%)
completed cycles / episode  : 0.000
synthetic task reward       : 6700.000
shaping reward              : 7115.959
learning reward             : 13815.959
episode length              : 283.5
abstract changes / episode  : 267.6
same abstract-state steps   : 5.6%
same-state shaping / episode: 0.000
changed-state shaping / ep. : 7115.959
terminal shaping / episode  : 118.233
DFA transitions / episode   : 1.46
DFA transitions in window   : 1->2: 79, 2->3: 67
epsilon (next episode)       : 0.14655
replay buffer                : 300000 samples [1: 59.6%, 2: 40.4%, 3: 0.0%]
DFA state visits in window   : 1: 17322, 2: 11058, 3: 67
DFA state visits cumulative  : 1: 831617, 2: 256915, 3: 765
DFA state entries in window  : 1: 100, 2: 79, 3: 67
DFA state entries cumulative : 1: 4800, 2: 1780, 3: 765
transitions cumulative       : 1->2: 1780, 2->3: 765
accepted directly from s0    : 0
Gym endings cumulative       : terminated=3992, truncated=43

[Episode 4900/8000 | last 100]
success rate                : 73.0% (cumulative 17.1%)
failure rate                : 0.0% (cumulative 0.0%)
completed cycles / episode  : 0.000
synthetic task reward       : 7300.000
shaping reward              : 7993.201
learning reward             : 15293.201
episode length              : 278.4
abstract changes / episode  : 258.4
same abstract-state steps   : 7.2%
same-state shaping / episode: 0.000
changed-state shaping / ep. : 7993.201
terminal shaping / episode  : 117.142
DFA transitions / episode   : 1.61
DFA transitions in window   : 1->2: 88, 2->3: 73
epsilon (next episode)       : 0.14080
replay buffer                : 300000 samples [1: 59.0%, 2: 41.0%, 3: 0.0%]
DFA state visits in window   : 1: 14220, 2: 13644, 3: 73
DFA state visits cumulative  : 1: 845837, 2: 270559, 3: 838
DFA state entries in window  : 1: 100, 2: 88, 3: 73
DFA state entries cumulative : 1: 4900, 2: 1868, 3: 838
transitions cumulative       : 1->2: 1868, 2->3: 838
accepted directly from s0    : 0
Gym endings cumulative       : terminated=4018, truncated=44

[Episode 5000/8000 | last 100]
success rate                : 60.0% (cumulative 18.0%)
failure rate                : 0.0% (cumulative 0.0%)
completed cycles / episode  : 0.000
synthetic task reward       : 6000.000
shaping reward              : 7079.307
learning reward             : 13079.307
episode length              : 283.9
abstract changes / episode  : 267.9
same abstract-state steps   : 5.7%
same-state shaping / episode: 0.000
changed-state shaping / ep. : 7079.307
terminal shaping / episode  : 88.877
DFA transitions / episode   : 1.44
DFA transitions in window   : 1->2: 84, 2->3: 60
epsilon (next episode)       : 0.13528
replay buffer                : 300000 samples [1: 60.3%, 2: 39.7%, 3: 0.0%]
DFA state visits in window   : 1: 16965, 2: 11465, 3: 60
DFA state visits cumulative  : 1: 862802, 2: 282024, 3: 898
DFA state entries in window  : 1: 100, 2: 84, 3: 60
DFA state entries cumulative : 1: 5000, 2: 1952, 3: 898
transitions cumulative       : 1->2: 1952, 2->3: 898
accepted directly from s0    : 0
Gym endings cumulative       : terminated=4058, truncated=44

Starting autonomous greedy evaluation at episode 5000 (1000 fixed-seed episodes)...
[Greedy evaluation at episode 5000 | 1000 fixed-seed episodes]
success=21.1%, failure=0.0%, task reward=2110.000, length=327.7
DFA transitions: 1->2: 947, 2->3: 211

[Episode 5100/8000 | last 100]
success rate                : 42.0% (cumulative 18.4%)
failure rate                : 0.0% (cumulative 0.0%)
completed cycles / episode  : 0.000
synthetic task reward       : 4200.000
shaping reward              : 5800.710
learning reward             : 10000.710
episode length              : 400.7
abstract changes / episode  : 372.2
same abstract-state steps   : 7.1%
same-state shaping / episode: 0.000
changed-state shaping / ep. : 5800.710
terminal shaping / episode  : 54.466
DFA transitions / episode   : 1.17
DFA transitions in window   : 1->2: 75, 2->3: 42
epsilon (next episode)       : 0.12998
replay buffer                : 300000 samples [1: 61.6%, 2: 38.4%, 3: 0.0%]
DFA state visits in window   : 1: 23493, 2: 16633, 3: 42
DFA state visits cumulative  : 1: 886295, 2: 298657, 3: 940
DFA state entries in window  : 1: 100, 2: 75, 3: 42
DFA state entries cumulative : 1: 5100, 2: 2027, 3: 940
transitions cumulative       : 1->2: 2027, 2->3: 940
accepted directly from s0    : 0
Gym endings cumulative       : terminated=4112, truncated=48

[Episode 5200/8000 | last 100]
success rate                : 38.0% (cumulative 18.8%)
failure rate                : 0.0% (cumulative 0.0%)
completed cycles / episode  : 0.000
synthetic task reward       : 3800.000
shaping reward              : 5618.658
learning reward             : 9418.658
episode length              : 326.5
abstract changes / episode  : 283.4
same abstract-state steps   : 13.2%
same-state shaping / episode: 0.000
changed-state shaping / ep. : 5618.658
terminal shaping / episode  : 54.123
DFA transitions / episode   : 1.13
DFA transitions in window   : 1->2: 75, 2->3: 38
epsilon (next episode)       : 0.12488
replay buffer                : 300000 samples [1: 61.7%, 2: 38.3%, 3: 0.0%]
DFA state visits in window   : 1: 17616, 2: 15094, 3: 38
DFA state visits cumulative  : 1: 903911, 2: 313751, 3: 978
DFA state entries in window  : 1: 100, 2: 75, 3: 38
DFA state entries cumulative : 1: 5200, 2: 2102, 3: 978
transitions cumulative       : 1->2: 2102, 2->3: 978
accepted directly from s0    : 0
Gym endings cumulative       : terminated=4168, truncated=54

[Episode 5300/8000 | last 100]
success rate                : 38.0% (cumulative 19.2%)
failure rate                : 0.0% (cumulative 0.0%)
completed cycles / episode  : 0.000
synthetic task reward       : 3800.000
shaping reward              : 6954.423
learning reward             : 10754.423
episode length              : 263.8
abstract changes / episode  : 247.7
same abstract-state steps   : 6.1%
same-state shaping / episode: 0.000
changed-state shaping / ep. : 6954.423
terminal shaping / episode  : 39.082
DFA transitions / episode   : 1.29
DFA transitions in window   : 1->2: 91, 2->3: 38
epsilon (next episode)       : 0.11998
replay buffer                : 300000 samples [1: 60.9%, 2: 39.1%, 3: 0.0%]
DFA state visits in window   : 1: 14395, 2: 12050, 3: 38
DFA state visits cumulative  : 1: 918306, 2: 325801, 3: 1016
DFA state entries in window  : 1: 100, 2: 91, 3: 38
DFA state entries cumulative : 1: 5300, 2: 2193, 3: 1016
transitions cumulative       : 1->2: 2193, 2->3: 1016
accepted directly from s0    : 0
Gym endings cumulative       : terminated=4230, truncated=54

[Episode 5400/8000 | last 100]
success rate                : 54.0% (cumulative 19.8%)
failure rate                : 0.0% (cumulative 0.0%)
completed cycles / episode  : 0.000
synthetic task reward       : 5400.000
shaping reward              : 6073.846
learning reward             : 11473.846
episode length              : 267.0
abstract changes / episode  : 246.1
same abstract-state steps   : 7.8%
same-state shaping / episode: 0.000
changed-state shaping / ep. : 6073.846
terminal shaping / episode  : 61.973
DFA transitions / episode   : 1.28
DFA transitions in window   : 1->2: 74, 2->3: 54
epsilon (next episode)       : 0.11528
replay buffer                : 300000 samples [1: 61.6%, 2: 38.4%, 3: 0.0%]
DFA state visits in window   : 1: 18628, 2: 8116, 3: 54
DFA state visits cumulative  : 1: 936934, 2: 333917, 3: 1070
DFA state entries in window  : 1: 100, 2: 74, 3: 54
DFA state entries cumulative : 1: 5400, 2: 2267, 3: 1070
transitions cumulative       : 1->2: 2267, 2->3: 1070
accepted directly from s0    : 0
Gym endings cumulative       : terminated=4276, truncated=54

[Episode 5500/8000 | last 100]
success rate                : 59.0% (cumulative 20.5%)
failure rate                : 0.0% (cumulative 0.0%)
completed cycles / episode  : 0.000
synthetic task reward       : 5900.000
shaping reward              : 7023.033
learning reward             : 12923.033
episode length              : 227.3
abstract changes / episode  : 215.8
same abstract-state steps   : 5.0%
same-state shaping / episode: 0.000
changed-state shaping / ep. : 7023.033
terminal shaping / episode  : 89.496
DFA transitions / episode   : 1.40
DFA transitions in window   : 1->2: 81, 2->3: 59
epsilon (next episode)       : 0.11075
replay buffer                : 300000 samples [1: 60.3%, 2: 39.7%, 3: 0.0%]
DFA state visits in window   : 1: 13187, 2: 9582, 3: 59
DFA state visits cumulative  : 1: 950121, 2: 343499, 3: 1129
DFA state entries in window  : 1: 100, 2: 81, 3: 59
DFA state entries cumulative : 1: 5500, 2: 2348, 3: 1129
transitions cumulative       : 1->2: 2348, 2->3: 1129
accepted directly from s0    : 0
Gym endings cumulative       : terminated=4317, truncated=54

Starting autonomous greedy evaluation at episode 5500 (1000 fixed-seed episodes)...
[Greedy evaluation at episode 5500 | 1000 fixed-seed episodes]
success=81.2%, failure=0.0%, task reward=8120.000, length=249.6
DFA transitions: 1->2: 882, 2->3: 812
Best policy updated from autonomous greedy evaluation at episode 5500.

[Episode 5600/8000 | last 100]
success rate                : 48.0% (cumulative 21.0%)
failure rate                : 0.0% (cumulative 0.0%)
completed cycles / episode  : 0.000
synthetic task reward       : 4800.000
shaping reward              : 6356.396
learning reward             : 11156.396
episode length              : 248.7
abstract changes / episode  : 229.2
same abstract-state steps   : 7.8%
same-state shaping / episode: 0.000
changed-state shaping / ep. : 6356.396
terminal shaping / episode  : 74.948
DFA transitions / episode   : 1.25
DFA transitions in window   : 1->2: 77, 2->3: 48
epsilon (next episode)       : 0.10641
replay buffer                : 300000 samples [1: 60.3%, 2: 39.7%, 3: 0.0%]
DFA state visits in window   : 1: 16758, 2: 8162, 3: 48
DFA state visits cumulative  : 1: 966879, 2: 351661, 3: 1177
DFA state entries in window  : 1: 100, 2: 77, 3: 48
DFA state entries cumulative : 1: 5600, 2: 2425, 3: 1177
transitions cumulative       : 1->2: 2425, 2->3: 1177
accepted directly from s0    : 0
Gym endings cumulative       : terminated=4369, truncated=54

[Episode 5700/8000 | last 100]
success rate                : 46.0% (cumulative 21.5%)
failure rate                : 0.0% (cumulative 0.0%)
completed cycles / episode  : 0.000
synthetic task reward       : 4600.000
shaping reward              : 6800.669
learning reward             : 11400.669
episode length              : 300.6
abstract changes / episode  : 283.4
same abstract-state steps   : 5.7%
same-state shaping / episode: 0.000
changed-state shaping / ep. : 6800.669
terminal shaping / episode  : 73.290
DFA transitions / episode   : 1.27
DFA transitions in window   : 1->2: 81, 2->3: 46
epsilon (next episode)       : 0.10224
replay buffer                : 300000 samples [1: 59.8%, 2: 40.2%, 3: 0.0%]
DFA state visits in window   : 1: 20187, 2: 9929, 3: 46
DFA state visits cumulative  : 1: 987066, 2: 361590, 3: 1223
DFA state entries in window  : 1: 100, 2: 81, 3: 46
DFA state entries cumulative : 1: 5700, 2: 2506, 3: 1223
transitions cumulative       : 1->2: 2506, 2->3: 1223
accepted directly from s0    : 0
Gym endings cumulative       : terminated=4422, truncated=55

[Episode 5800/8000 | last 100]
success rate                : 56.0% (cumulative 22.1%)
failure rate                : 0.0% (cumulative 0.0%)
completed cycles / episode  : 0.000
synthetic task reward       : 5600.000
shaping reward              : 7970.639
learning reward             : 13570.639
episode length              : 268.6
abstract changes / episode  : 256.1
same abstract-state steps   : 4.6%
same-state shaping / episode: 0.000
changed-state shaping / ep. : 7970.639
terminal shaping / episode  : 81.320
DFA transitions / episode   : 1.50
DFA transitions in window   : 1->2: 94, 2->3: 56
epsilon (next episode)       : 0.09823
replay buffer                : 300000 samples [1: 59.9%, 2: 40.1%, 3: 0.0%]
DFA state visits in window   : 1: 15867, 2: 11033, 3: 56
DFA state visits cumulative  : 1: 1002933, 2: 372623, 3: 1279
DFA state entries in window  : 1: 100, 2: 94, 3: 56
DFA state entries cumulative : 1: 5800, 2: 2600, 3: 1279
transitions cumulative       : 1->2: 2600, 2->3: 1279
accepted directly from s0    : 0
Gym endings cumulative       : terminated=4466, truncated=55

[Episode 5900/8000 | last 100]
success rate                : 63.0% (cumulative 22.7%)
failure rate                : 0.0% (cumulative 0.0%)
completed cycles / episode  : 0.000
synthetic task reward       : 6300.000
shaping reward              : 7979.172
learning reward             : 14279.172
episode length              : 248.8
abstract changes / episode  : 235.0
same abstract-state steps   : 5.5%
same-state shaping / episode: 0.000
changed-state shaping / ep. : 7979.172
terminal shaping / episode  : 113.084
DFA transitions / episode   : 1.56
DFA transitions in window   : 1->2: 93, 2->3: 63
epsilon (next episode)       : 0.09438
replay buffer                : 300000 samples [1: 59.8%, 2: 40.2%, 3: 0.0%]
DFA state visits in window   : 1: 13723, 2: 11191, 3: 63
DFA state visits cumulative  : 1: 1016656, 2: 383814, 3: 1342
DFA state entries in window  : 1: 100, 2: 93, 3: 63
DFA state entries cumulative : 1: 5900, 2: 2693, 3: 1342
transitions cumulative       : 1->2: 2693, 2->3: 1342
accepted directly from s0    : 0
Gym endings cumulative       : terminated=4503, truncated=55

[Episode 6000/8000 | last 100]
success rate                : 67.0% (cumulative 23.5%)
failure rate                : 0.0% (cumulative 0.0%)
completed cycles / episode  : 0.000
synthetic task reward       : 6700.000
shaping reward              : 8146.153
learning reward             : 14846.153
episode length              : 256.1
abstract changes / episode  : 241.7
same abstract-state steps   : 5.6%
same-state shaping / episode: 0.000
changed-state shaping / ep. : 8146.153
terminal shaping / episode  : 107.764
DFA transitions / episode   : 1.62
DFA transitions in window   : 1->2: 95, 2->3: 67
epsilon (next episode)       : 0.09067
replay buffer                : 300000 samples [1: 60.0%, 2: 40.0%, 3: 0.0%]
DFA state visits in window   : 1: 14233, 2: 11409, 3: 67
DFA state visits cumulative  : 1: 1030889, 2: 395223, 3: 1409
DFA state entries in window  : 1: 100, 2: 95, 3: 67
DFA state entries cumulative : 1: 6000, 2: 2788, 3: 1409
transitions cumulative       : 1->2: 2788, 2->3: 1409
accepted directly from s0    : 0
Gym endings cumulative       : terminated=4536, truncated=55

Starting autonomous greedy evaluation at episode 6000 (1000 fixed-seed episodes)...
[Greedy evaluation at episode 6000 | 1000 fixed-seed episodes]
success=56.3%, failure=0.0%, task reward=5630.000, length=239.6
DFA transitions: 1->2: 997, 2->3: 563

[Episode 6100/8000 | last 100]
success rate                : 66.0% (cumulative 24.2%)
failure rate                : 0.0% (cumulative 0.0%)
completed cycles / episode  : 0.000
synthetic task reward       : 6600.000
shaping reward              : 8575.892
learning reward             : 15175.892
episode length              : 250.0
abstract changes / episode  : 237.4
same abstract-state steps   : 5.0%
same-state shaping / episode: 0.000
changed-state shaping / ep. : 8575.892
terminal shaping / episode  : 113.198
DFA transitions / episode   : 1.63
DFA transitions in window   : 1->2: 97, 2->3: 66
epsilon (next episode)       : 0.08712
replay buffer                : 300000 samples [1: 58.9%, 2: 41.1%, 3: 0.0%]
DFA state visits in window   : 1: 13293, 2: 11738, 3: 66
DFA state visits cumulative  : 1: 1044182, 2: 406961, 3: 1475
DFA state entries in window  : 1: 100, 2: 97, 3: 66
DFA state entries cumulative : 1: 6100, 2: 2885, 3: 1475
transitions cumulative       : 1->2: 2885, 2->3: 1475
accepted directly from s0    : 0
Gym endings cumulative       : terminated=4570, truncated=55

[Episode 6200/8000 | last 100]
success rate                : 70.0% (cumulative 24.9%)
failure rate                : 0.0% (cumulative 0.0%)
completed cycles / episode  : 0.000
synthetic task reward       : 7000.000
shaping reward              : 8336.531
learning reward             : 15336.531
episode length              : 247.6
abstract changes / episode  : 233.8
same abstract-state steps   : 5.5%
same-state shaping / episode: 0.000
changed-state shaping / ep. : 8336.531
terminal shaping / episode  : 114.032
DFA transitions / episode   : 1.62
DFA transitions in window   : 1->2: 92, 2->3: 70
epsilon (next episode)       : 0.08370
replay buffer                : 300000 samples [1: 58.2%, 2: 41.8%, 3: 0.0%]
DFA state visits in window   : 1: 13660, 2: 11125, 3: 70
DFA state visits cumulative  : 1: 1057842, 2: 418086, 3: 1545
DFA state entries in window  : 1: 100, 2: 92, 3: 70
DFA state entries cumulative : 1: 6200, 2: 2977, 3: 1545
transitions cumulative       : 1->2: 2977, 2->3: 1545
accepted directly from s0    : 0
Gym endings cumulative       : terminated=4600, truncated=55

[Episode 6300/8000 | last 100]
success rate                : 78.0% (cumulative 25.8%)
failure rate                : 0.0% (cumulative 0.0%)
completed cycles / episode  : 0.000
synthetic task reward       : 7800.000
shaping reward              : 8411.315
learning reward             : 16211.315
episode length              : 272.9
abstract changes / episode  : 252.1
same abstract-state steps   : 7.6%
same-state shaping / episode: 0.000
changed-state shaping / ep. : 8411.315
terminal shaping / episode  : 129.519
DFA transitions / episode   : 1.68
DFA transitions in window   : 1->2: 90, 2->3: 78
epsilon (next episode)       : 0.08042
replay buffer                : 300000 samples [1: 59.3%, 2: 40.7%, 3: 0.0%]
DFA state visits in window   : 1: 16404, 2: 10905, 3: 78
DFA state visits cumulative  : 1: 1074246, 2: 428991, 3: 1623
DFA state entries in window  : 1: 100, 2: 90, 3: 78
DFA state entries cumulative : 1: 6300, 2: 3067, 3: 1623
transitions cumulative       : 1->2: 3067, 2->3: 1623
accepted directly from s0    : 0
Gym endings cumulative       : terminated=4620, truncated=57

[Episode 6400/8000 | last 100]
success rate                : 77.0% (cumulative 26.6%)
failure rate                : 0.0% (cumulative 0.0%)
completed cycles / episode  : 0.000
synthetic task reward       : 7700.000
shaping reward              : 8152.091
learning reward             : 15852.091
episode length              : 258.8
abstract changes / episode  : 234.7
same abstract-state steps   : 9.3%
same-state shaping / episode: 0.000
changed-state shaping / ep. : 8152.091
terminal shaping / episode  : 112.360
DFA transitions / episode   : 1.65
DFA transitions in window   : 1->2: 88, 2->3: 77
epsilon (next episode)       : 0.07727
replay buffer                : 300000 samples [1: 59.9%, 2: 40.1%, 3: 0.0%]
DFA state visits in window   : 1: 15801, 2: 10106, 3: 77
DFA state visits cumulative  : 1: 1090047, 2: 439097, 3: 1700
DFA state entries in window  : 1: 100, 2: 88, 3: 77
DFA state entries cumulative : 1: 6400, 2: 3155, 3: 1700
transitions cumulative       : 1->2: 3155, 2->3: 1700
accepted directly from s0    : 0
Gym endings cumulative       : terminated=4640, truncated=60

[Episode 6500/8000 | last 100]
success rate                : 52.0% (cumulative 27.0%)
failure rate                : 0.0% (cumulative 0.0%)
completed cycles / episode  : 0.000
synthetic task reward       : 5200.000
shaping reward              : 5363.480
learning reward             : 10563.480
episode length              : 253.2
abstract changes / episode  : 232.2
same abstract-state steps   : 8.3%
same-state shaping / episode: 0.000
changed-state shaping / ep. : 5363.480
terminal shaping / episode  : 94.319
DFA transitions / episode   : 1.14
DFA transitions in window   : 1->2: 62, 2->3: 52
epsilon (next episode)       : 0.07423
replay buffer                : 300000 samples [1: 61.2%, 2: 38.8%, 3: 0.0%]
DFA state visits in window   : 1: 18592, 2: 6779, 3: 52
DFA state visits cumulative  : 1: 1108639, 2: 445876, 3: 1752
DFA state entries in window  : 1: 100, 2: 62, 3: 52
DFA state entries cumulative : 1: 6500, 2: 3217, 3: 1752
transitions cumulative       : 1->2: 3217, 2->3: 1752
accepted directly from s0    : 0
Gym endings cumulative       : terminated=4688, truncated=60

Starting autonomous greedy evaluation at episode 6500 (1000 fixed-seed episodes)...
[Greedy evaluation at episode 6500 | 1000 fixed-seed episodes]
success=36.1%, failure=0.0%, task reward=3610.000, length=265.6
DFA transitions: 1->2: 443, 2->3: 361

[Episode 6600/8000 | last 100]
success rate                : 71.0% (cumulative 27.6%)
failure rate                : 0.0% (cumulative 0.0%)
completed cycles / episode  : 0.000
synthetic task reward       : 7100.000
shaping reward              : 7602.989
learning reward             : 14702.989
episode length              : 311.6
abstract changes / episode  : 279.2
same abstract-state steps   : 10.4%
same-state shaping / episode: 0.000
changed-state shaping / ep. : 7602.989
terminal shaping / episode  : 114.889
DFA transitions / episode   : 1.59
DFA transitions in window   : 1->2: 88, 2->3: 71
epsilon (next episode)       : 0.07132
replay buffer                : 300000 samples [1: 60.3%, 2: 39.7%, 3: 0.0%]
DFA state visits in window   : 1: 17608, 2: 13576, 3: 71
DFA state visits cumulative  : 1: 1126247, 2: 459452, 3: 1823
DFA state entries in window  : 1: 100, 2: 88, 3: 71
DFA state entries cumulative : 1: 6600, 2: 3305, 3: 1823
transitions cumulative       : 1->2: 3305, 2->3: 1823
accepted directly from s0    : 0
Gym endings cumulative       : terminated=4713, truncated=64

[Episode 6700/8000 | last 100]
success rate                : 74.0% (cumulative 28.3%)
failure rate                : 0.0% (cumulative 0.0%)
completed cycles / episode  : 0.000
synthetic task reward       : 7400.000
shaping reward              : 7673.097
learning reward             : 15073.097
episode length              : 263.6
abstract changes / episode  : 245.3
same abstract-state steps   : 6.9%
same-state shaping / episode: 0.000
changed-state shaping / ep. : 7673.097
terminal shaping / episode  : 133.173
DFA transitions / episode   : 1.57
DFA transitions in window   : 1->2: 83, 2->3: 74
epsilon (next episode)       : 0.06853
replay buffer                : 300000 samples [1: 59.9%, 2: 40.1%, 3: 0.0%]
DFA state visits in window   : 1: 16470, 2: 9916, 3: 74
DFA state visits cumulative  : 1: 1142717, 2: 469368, 3: 1897
DFA state entries in window  : 1: 100, 2: 83, 3: 74
DFA state entries cumulative : 1: 6700, 2: 3388, 3: 1897
transitions cumulative       : 1->2: 3388, 2->3: 1897
accepted directly from s0    : 0
Gym endings cumulative       : terminated=4739, truncated=64

[Episode 6800/8000 | last 100]
success rate                : 78.0% (cumulative 29.0%)
failure rate                : 0.0% (cumulative 0.0%)
completed cycles / episode  : 0.000
synthetic task reward       : 7800.000
shaping reward              : 8231.747
learning reward             : 16031.747
episode length              : 271.6
abstract changes / episode  : 253.7
same abstract-state steps   : 6.6%
same-state shaping / episode: 0.000
changed-state shaping / ep. : 8231.747
terminal shaping / episode  : 128.370
DFA transitions / episode   : 1.73
DFA transitions in window   : 1->2: 95, 2->3: 78
epsilon (next episode)       : 0.06584
replay buffer                : 300000 samples [1: 58.8%, 2: 41.2%, 3: 0.0%]
DFA state visits in window   : 1: 13971, 2: 13207, 3: 78
DFA state visits cumulative  : 1: 1156688, 2: 482575, 3: 1975
DFA state entries in window  : 1: 100, 2: 95, 3: 78
DFA state entries cumulative : 1: 6800, 2: 3483, 3: 1975
transitions cumulative       : 1->2: 3483, 2->3: 1975
accepted directly from s0    : 0
Gym endings cumulative       : terminated=4761, truncated=64

[Episode 6900/8000 | last 100]
success rate                : 83.0% (cumulative 29.8%)
failure rate                : 0.0% (cumulative 0.0%)
completed cycles / episode  : 0.000
synthetic task reward       : 8300.000
shaping reward              : 8480.801
learning reward             : 16780.801
episode length              : 249.6
abstract changes / episode  : 232.6
same abstract-state steps   : 6.8%
same-state shaping / episode: 0.000
changed-state shaping / ep. : 8480.801
terminal shaping / episode  : 168.935
DFA transitions / episode   : 1.73
DFA transitions in window   : 1->2: 90, 2->3: 83
epsilon (next episode)       : 0.06326
replay buffer                : 300000 samples [1: 58.3%, 2: 41.7%, 3: 0.0%]
DFA state visits in window   : 1: 14355, 2: 10625, 3: 83
DFA state visits cumulative  : 1: 1171043, 2: 493200, 3: 2058
DFA state entries in window  : 1: 100, 2: 90, 3: 83
DFA state entries cumulative : 1: 6900, 2: 3573, 3: 2058
transitions cumulative       : 1->2: 3573, 2->3: 2058
accepted directly from s0    : 0
Gym endings cumulative       : terminated=4778, truncated=64

[Episode 7000/8000 | last 100]
success rate                : 77.0% (cumulative 30.5%)
failure rate                : 0.0% (cumulative 0.0%)
completed cycles / episode  : 0.000
synthetic task reward       : 7700.000
shaping reward              : 8466.577
learning reward             : 16166.577
episode length              : 245.2
abstract changes / episode  : 228.1
same abstract-state steps   : 7.0%
same-state shaping / episode: 0.000
changed-state shaping / ep. : 8466.577
terminal shaping / episode  : 163.507
DFA transitions / episode   : 1.71
DFA transitions in window   : 1->2: 94, 2->3: 77
epsilon (next episode)       : 0.06078
replay buffer                : 300000 samples [1: 58.1%, 2: 41.9%, 3: 0.0%]
DFA state visits in window   : 1: 13509, 2: 11036, 3: 77
DFA state visits cumulative  : 1: 1184552, 2: 504236, 3: 2135
DFA state entries in window  : 1: 100, 2: 94, 3: 77
DFA state entries cumulative : 1: 7000, 2: 3667, 3: 2135
transitions cumulative       : 1->2: 3667, 2->3: 2135
accepted directly from s0    : 0
Gym endings cumulative       : terminated=4800, truncated=65

Starting autonomous greedy evaluation at episode 7000 (1000 fixed-seed episodes)...
[Greedy evaluation at episode 7000 | 1000 fixed-seed episodes]
success=83.5%, failure=0.0%, task reward=8350.000, length=266.9
DFA transitions: 1->2: 874, 2->3: 835
Best policy updated from autonomous greedy evaluation at episode 7000.

[Episode 7100/8000 | last 100]
success rate                : 71.0% (cumulative 31.1%)
failure rate                : 0.0% (cumulative 0.0%)
completed cycles / episode  : 0.000
synthetic task reward       : 7100.000
shaping reward              : 8467.535
learning reward             : 15567.535
episode length              : 254.2
abstract changes / episode  : 236.3
same abstract-state steps   : 7.0%
same-state shaping / episode: 0.000
changed-state shaping / ep. : 8467.535
terminal shaping / episode  : 132.734
DFA transitions / episode   : 1.66
DFA transitions in window   : 1->2: 95, 2->3: 71
epsilon (next episode)       : 0.05839
replay buffer                : 300000 samples [1: 58.8%, 2: 41.2%, 3: 0.0%]
DFA state visits in window   : 1: 16026, 2: 9421, 3: 71
DFA state visits cumulative  : 1: 1200578, 2: 513657, 3: 2206
DFA state entries in window  : 1: 100, 2: 95, 3: 71
DFA state entries cumulative : 1: 7100, 2: 3762, 3: 2206
transitions cumulative       : 1->2: 3762, 2->3: 2206
accepted directly from s0    : 0
Gym endings cumulative       : terminated=4829, truncated=65

[Episode 7200/8000 | last 100]
success rate                : 72.0% (cumulative 31.6%)
failure rate                : 0.0% (cumulative 0.0%)
completed cycles / episode  : 0.000
synthetic task reward       : 7200.000
shaping reward              : 8104.072
learning reward             : 15304.072
episode length              : 241.5
abstract changes / episode  : 224.8
same abstract-state steps   : 6.9%
same-state shaping / episode: 0.000
changed-state shaping / ep. : 8104.072
terminal shaping / episode  : 173.051
DFA transitions / episode   : 1.63
DFA transitions in window   : 1->2: 91, 2->3: 72
epsilon (next episode)       : 0.05610
replay buffer                : 300000 samples [1: 59.5%, 2: 40.5%, 3: 0.0%]
DFA state visits in window   : 1: 15337, 2: 8841, 3: 72
DFA state visits cumulative  : 1: 1215915, 2: 522498, 3: 2278
DFA state entries in window  : 1: 100, 2: 91, 3: 72
DFA state entries cumulative : 1: 7200, 2: 3853, 3: 2278
transitions cumulative       : 1->2: 3853, 2->3: 2278
accepted directly from s0    : 0
Gym endings cumulative       : terminated=4857, truncated=65

[Episode 7300/8000 | last 100]
success rate                : 75.0% (cumulative 32.2%)
failure rate                : 0.0% (cumulative 0.0%)
completed cycles / episode  : 0.000
synthetic task reward       : 7500.000
shaping reward              : 8141.364
learning reward             : 15641.364
episode length              : 229.2
abstract changes / episode  : 216.4
same abstract-state steps   : 5.6%
same-state shaping / episode: 0.000
changed-state shaping / ep. : 8141.364
terminal shaping / episode  : 193.891
DFA transitions / episode   : 1.65
DFA transitions in window   : 1->2: 90, 2->3: 75
epsilon (next episode)       : 0.05390
replay buffer                : 300000 samples [1: 59.8%, 2: 40.2%, 3: 0.0%]
DFA state visits in window   : 1: 13164, 2: 9784, 3: 75
DFA state visits cumulative  : 1: 1229079, 2: 532282, 3: 2353
DFA state entries in window  : 1: 100, 2: 90, 3: 75
DFA state entries cumulative : 1: 7300, 2: 3943, 3: 2353
transitions cumulative       : 1->2: 3943, 2->3: 2353
accepted directly from s0    : 0
Gym endings cumulative       : terminated=4882, truncated=65

[Episode 7400/8000 | last 100]
success rate                : 75.0% (cumulative 32.8%)
failure rate                : 0.0% (cumulative 0.0%)
completed cycles / episode  : 0.000
synthetic task reward       : 7500.000
shaping reward              : 8571.982
learning reward             : 16071.982
episode length              : 241.6
abstract changes / episode  : 227.1
same abstract-state steps   : 6.0%
same-state shaping / episode: 0.000
changed-state shaping / ep. : 8571.982
terminal shaping / episode  : 171.712
DFA transitions / episode   : 1.70
DFA transitions in window   : 1->2: 95, 2->3: 75
epsilon (next episode)       : 0.05179
replay buffer                : 300000 samples [1: 59.7%, 2: 40.3%, 3: 0.0%]
DFA state visits in window   : 1: 13736, 2: 10446, 3: 75
DFA state visits cumulative  : 1: 1242815, 2: 542728, 3: 2428
DFA state entries in window  : 1: 100, 2: 95, 3: 75
DFA state entries cumulative : 1: 7400, 2: 4038, 3: 2428
transitions cumulative       : 1->2: 4038, 2->3: 2428
accepted directly from s0    : 0
Gym endings cumulative       : terminated=4907, truncated=65

[Episode 7500/8000 | last 100]
success rate                : 83.0% (cumulative 33.5%)
failure rate                : 0.0% (cumulative 0.0%)
completed cycles / episode  : 0.000
synthetic task reward       : 8300.000
shaping reward              : 8494.632
learning reward             : 16794.632
episode length              : 226.5
abstract changes / episode  : 211.9
same abstract-state steps   : 6.5%
same-state shaping / episode: 0.000
changed-state shaping / ep. : 8494.632
terminal shaping / episode  : 190.997
DFA transitions / episode   : 1.73
DFA transitions in window   : 1->2: 90, 2->3: 83
epsilon (next episode)       : 0.04976
replay buffer                : 300000 samples [1: 59.6%, 2: 40.4%, 3: 0.0%]
DFA state visits in window   : 1: 13117, 2: 9553, 3: 83
DFA state visits cumulative  : 1: 1255932, 2: 552281, 3: 2511
DFA state entries in window  : 1: 100, 2: 90, 3: 83
DFA state entries cumulative : 1: 7500, 2: 4128, 3: 2511
transitions cumulative       : 1->2: 4128, 2->3: 2511
accepted directly from s0    : 0
Gym endings cumulative       : terminated=4924, truncated=65

Starting autonomous greedy evaluation at episode 7500 (1000 fixed-seed episodes)...
[Greedy evaluation at episode 7500 | 1000 fixed-seed episodes]
success=51.7%, failure=0.0%, task reward=5170.000, length=336.6
DFA transitions: 1->2: 784, 2->3: 517

[Episode 7600/8000 | last 100]
success rate                : 90.0% (cumulative 34.2%)
failure rate                : 0.0% (cumulative 0.0%)
completed cycles / episode  : 0.000
synthetic task reward       : 9000.000
shaping reward              : 8975.735
learning reward             : 17975.735
episode length              : 226.3
abstract changes / episode  : 210.9
same abstract-state steps   : 6.8%
same-state shaping / episode: 0.000
changed-state shaping / ep. : 8975.735
terminal shaping / episode  : 208.622
DFA transitions / episode   : 1.83
DFA transitions in window   : 1->2: 93, 2->3: 90
epsilon (next episode)       : 0.04781
replay buffer                : 300000 samples [1: 59.3%, 2: 40.7%, 3: 0.0%]
DFA state visits in window   : 1: 13155, 2: 9487, 3: 90
DFA state visits cumulative  : 1: 1269087, 2: 561768, 3: 2601
DFA state entries in window  : 1: 100, 2: 93, 3: 90
DFA state entries cumulative : 1: 7600, 2: 4221, 3: 2601
transitions cumulative       : 1->2: 4221, 2->3: 2601
accepted directly from s0    : 0
Gym endings cumulative       : terminated=4934, truncated=65

[Episode 7700/8000 | last 100]
success rate                : 77.0% (cumulative 34.8%)
failure rate                : 0.0% (cumulative 0.0%)
completed cycles / episode  : 0.000
synthetic task reward       : 7700.000
shaping reward              : 8137.344
learning reward             : 15837.344
episode length              : 243.0
abstract changes / episode  : 222.6
same abstract-state steps   : 8.4%
same-state shaping / episode: 0.000
changed-state shaping / ep. : 8137.344
terminal shaping / episode  : 194.920
DFA transitions / episode   : 1.65
DFA transitions in window   : 1->2: 88, 2->3: 77
epsilon (next episode)       : 0.04593
replay buffer                : 300000 samples [1: 58.4%, 2: 41.6%, 3: 0.0%]
DFA state visits in window   : 1: 14987, 2: 9333, 3: 77
DFA state visits cumulative  : 1: 1284074, 2: 571101, 3: 2678
DFA state entries in window  : 1: 100, 2: 88, 3: 77
DFA state entries cumulative : 1: 7700, 2: 4309, 3: 2678
transitions cumulative       : 1->2: 4309, 2->3: 2678
accepted directly from s0    : 0
Gym endings cumulative       : terminated=4957, truncated=65

[Episode 7800/8000 | last 100]
success rate                : 78.0% (cumulative 35.3%)
failure rate                : 0.0% (cumulative 0.0%)
completed cycles / episode  : 0.000
synthetic task reward       : 7800.000
shaping reward              : 8470.859
learning reward             : 16270.859
episode length              : 306.3
abstract changes / episode  : 268.0
same abstract-state steps   : 12.5%
same-state shaping / episode: 0.000
changed-state shaping / ep. : 8470.859
terminal shaping / episode  : 196.661
DFA transitions / episode   : 1.71
DFA transitions in window   : 1->2: 93, 2->3: 78
epsilon (next episode)       : 0.04413
replay buffer                : 300000 samples [1: 59.8%, 2: 40.2%, 3: 0.0%]
DFA state visits in window   : 1: 21797, 2: 8851, 3: 78
DFA state visits cumulative  : 1: 1305871, 2: 579952, 3: 2756
DFA state entries in window  : 1: 100, 2: 93, 3: 78
DFA state entries cumulative : 1: 7800, 2: 4402, 3: 2756
transitions cumulative       : 1->2: 4402, 2->3: 2756
accepted directly from s0    : 0
Gym endings cumulative       : terminated=4975, truncated=69

[Episode 7900/8000 | last 100]
success rate                : 51.0% (cumulative 35.5%)
failure rate                : 0.0% (cumulative 0.0%)
completed cycles / episode  : 0.000
synthetic task reward       : 5100.000
shaping reward              : 5782.732
learning reward             : 10882.732
episode length              : 285.1
abstract changes / episode  : 252.3
same abstract-state steps   : 11.5%
same-state shaping / episode: 0.000
changed-state shaping / ep. : 5782.732
terminal shaping / episode  : 70.734
DFA transitions / episode   : 1.26
DFA transitions in window   : 1->2: 75, 2->3: 51
epsilon (next episode)       : 0.04240
replay buffer                : 300000 samples [1: 59.5%, 2: 40.5%, 3: 0.0%]
DFA state visits in window   : 1: 16473, 2: 12086, 3: 51
DFA state visits cumulative  : 1: 1322344, 2: 592038, 3: 2807
DFA state entries in window  : 1: 100, 2: 75, 3: 51
DFA state entries cumulative : 1: 7900, 2: 4477, 3: 2807
transitions cumulative       : 1->2: 4477, 2->3: 2807
accepted directly from s0    : 0
Gym endings cumulative       : terminated=5020, truncated=73

[Episode 8000/8000 | last 100]
success rate                : 51.0% (cumulative 35.7%)
failure rate                : 0.0% (cumulative 0.0%)
completed cycles / episode  : 0.000
synthetic task reward       : 5100.000
shaping reward              : 7127.211
learning reward             : 12227.211
episode length              : 275.2
abstract changes / episode  : 252.3
same abstract-state steps   : 8.3%
same-state shaping / episode: 0.000
changed-state shaping / ep. : 7127.211
terminal shaping / episode  : 47.746
DFA transitions / episode   : 1.36
DFA transitions in window   : 1->2: 85, 2->3: 51
epsilon (next episode)       : 0.04074
replay buffer                : 300000 samples [1: 59.5%, 2: 40.5%, 3: 0.0%]
DFA state visits in window   : 1: 14673, 2: 12892, 3: 51
DFA state visits cumulative  : 1: 1337017, 2: 604930, 3: 2858
DFA state entries in window  : 1: 100, 2: 85, 3: 51
DFA state entries cumulative : 1: 8000, 2: 4562, 3: 2858
transitions cumulative       : 1->2: 4562, 2->3: 2858
accepted directly from s0    : 0
Gym endings cumulative       : terminated=5067, truncated=75

Starting autonomous greedy evaluation at episode 8000 (1000 fixed-seed episodes)...
[Greedy evaluation at episode 8000 | 1000 fixed-seed episodes]
success=94.6%, failure=0.0%, task reward=9460.000, length=237.8
DFA transitions: 1->2: 971, 2->3: 946
Best policy updated from autonomous greedy evaluation at episode 8000.
Last policy saved after episode 8000. Best greedy evaluation: episode 8000, mean task reward=9460.000
