
=== NEW RUN ===
episodes=8000, shaping=True, goal_reward=10000.0, gamma=0.99
gamma_shaping=1.0, shaping_formula=gamma_shaping*Phi(next)-Phi(state)
ground_unbiased_learner=False
eval_interval=500, eval_episodes=1000, eval_seed=100000
inter_level_shaping=False, inter_level_formula=gamma*Phi(next)-Phi(state)
task_type=ltlf, task=F(wp1 & X(F(g1)))
regions={wp1: {'center': [-0.75, 1.0625], 'radius': 0.1}, g1: {'center': [0.75, 1.0625], 'radius': 0.1}}
dfa_states=[1, 2, 3], pre_trace=1, accepting=[3], failure=[]

[Episode 1/8000 | last 1]
success rate                : 0.0% (cumulative 0.0%)
failure rate                : 0.0% (cumulative 0.0%)
completed cycles / episode  : 0.000
synthetic task reward       : 0.000
shaping reward              : -215.514
learning reward             : -215.514
episode length              : 101.0
abstract changes / episode  : 101.0
same abstract-state steps   : 0.0%
same-state shaping / episode: 0.000
changed-state shaping / ep. : -215.514
terminal shaping / episode  : -1.373
DFA transitions / episode   : 0.00
DFA transitions in window   : none
epsilon (next episode)       : 0.99960
replay buffer                : 101 samples [1: 100.0%, 2: 0.0%, 3: 0.0%]
DFA state visits in window   : 1: 102, 2: 0, 3: 0
DFA state visits cumulative  : 1: 102, 2: 0, 3: 0
DFA state entries in window  : 1: 1, 2: 0, 3: 0
DFA state entries cumulative : 1: 1, 2: 0, 3: 0
transitions cumulative       : none
accepted directly from s0    : 0
Gym endings cumulative       : terminated=1, truncated=0

[Episode 100/8000 | last 100]
success rate                : 0.0% (cumulative 0.0%)
failure rate                : 0.0% (cumulative 0.0%)
completed cycles / episode  : 0.000
synthetic task reward       : 0.000
shaping reward              : -170.320
learning reward             : -170.320
episode length              : 91.3
abstract changes / episode  : 87.4
same abstract-state steps   : 4.3%
same-state shaping / episode: 0.000
changed-state shaping / ep. : -170.320
terminal shaping / episode  : -1.655
DFA transitions / episode   : 0.02
DFA transitions in window   : 1->2: 2
epsilon (next episode)       : 0.96078
replay buffer                : 9126 samples [1: 99.4%, 2: 0.6%, 3: 0.0%]
DFA state visits in window   : 1: 9169, 2: 57, 3: 0
DFA state visits cumulative  : 1: 9169, 2: 57, 3: 0
DFA state entries in window  : 1: 100, 2: 2, 3: 0
DFA state entries cumulative : 1: 100, 2: 2, 3: 0
transitions cumulative       : 1->2: 2
accepted directly from s0    : 0
Gym endings cumulative       : terminated=100, truncated=0

[Episode 200/8000 | last 100]
success rate                : 0.0% (cumulative 0.0%)
failure rate                : 0.0% (cumulative 0.0%)
completed cycles / episode  : 0.000
synthetic task reward       : 0.000
shaping reward              : -171.082
learning reward             : -171.082
episode length              : 93.4
abstract changes / episode  : 89.2
same abstract-state steps   : 4.5%
same-state shaping / episode: 0.000
changed-state shaping / ep. : -171.082
terminal shaping / episode  : -1.266
DFA transitions / episode   : 0.02
DFA transitions in window   : 1->2: 2
epsilon (next episode)       : 0.92310
replay buffer                : 18470 samples [1: 99.4%, 2: 0.6%, 3: 0.0%]
DFA state visits in window   : 1: 9391, 2: 53, 3: 0
DFA state visits cumulative  : 1: 18560, 2: 110, 3: 0
DFA state entries in window  : 1: 100, 2: 2, 3: 0
DFA state entries cumulative : 1: 200, 2: 4, 3: 0
transitions cumulative       : 1->2: 4
accepted directly from s0    : 0
Gym endings cumulative       : terminated=200, truncated=0

[Episode 300/8000 | last 100]
success rate                : 0.0% (cumulative 0.0%)
failure rate                : 0.0% (cumulative 0.0%)
completed cycles / episode  : 0.000
synthetic task reward       : 0.000
shaping reward              : -162.572
learning reward             : -162.572
episode length              : 94.0
abstract changes / episode  : 91.0
same abstract-state steps   : 3.1%
same-state shaping / episode: 0.000
changed-state shaping / ep. : -162.572
terminal shaping / episode  : -1.537
DFA transitions / episode   : 0.04
DFA transitions in window   : 1->2: 4
epsilon (next episode)       : 0.88690
replay buffer                : 27865 samples [1: 99.3%, 2: 0.7%, 3: 0.0%]
DFA state visits in window   : 1: 9412, 2: 83, 3: 0
DFA state visits cumulative  : 1: 27972, 2: 193, 3: 0
DFA state entries in window  : 1: 100, 2: 4, 3: 0
DFA state entries cumulative : 1: 300, 2: 8, 3: 0
transitions cumulative       : 1->2: 8
accepted directly from s0    : 0
Gym endings cumulative       : terminated=300, truncated=0

[Episode 400/8000 | last 100]
success rate                : 0.0% (cumulative 0.0%)
failure rate                : 0.0% (cumulative 0.0%)
completed cycles / episode  : 0.000
synthetic task reward       : 0.000
shaping reward              : -159.142
learning reward             : -159.142
episode length              : 97.3
abstract changes / episode  : 93.0
same abstract-state steps   : 4.4%
same-state shaping / episode: 0.000
changed-state shaping / ep. : -159.142
terminal shaping / episode  : -2.044
DFA transitions / episode   : 0.05
DFA transitions in window   : 1->2: 5
epsilon (next episode)       : 0.85212
replay buffer                : 37598 samples [1: 99.2%, 2: 0.8%, 3: 0.0%]
DFA state visits in window   : 1: 9713, 2: 120, 3: 0
DFA state visits cumulative  : 1: 37685, 2: 313, 3: 0
DFA state entries in window  : 1: 100, 2: 5, 3: 0
DFA state entries cumulative : 1: 400, 2: 13, 3: 0
transitions cumulative       : 1->2: 13
accepted directly from s0    : 0
Gym endings cumulative       : terminated=400, truncated=0

[Episode 500/8000 | last 100]
success rate                : 0.0% (cumulative 0.0%)
failure rate                : 0.0% (cumulative 0.0%)
completed cycles / episode  : 0.000
synthetic task reward       : 0.000
shaping reward              : -150.305
learning reward             : -150.305
episode length              : 99.8
abstract changes / episode  : 95.3
same abstract-state steps   : 4.6%
same-state shaping / episode: 0.000
changed-state shaping / ep. : -150.305
terminal shaping / episode  : -2.034
DFA transitions / episode   : 0.06
DFA transitions in window   : 1->2: 6
epsilon (next episode)       : 0.81870
replay buffer                : 47582 samples [1: 99.1%, 2: 0.9%, 3: 0.0%]
DFA state visits in window   : 1: 9937, 2: 147, 3: 0
DFA state visits cumulative  : 1: 47622, 2: 460, 3: 0
DFA state entries in window  : 1: 100, 2: 6, 3: 0
DFA state entries cumulative : 1: 500, 2: 19, 3: 0
transitions cumulative       : 1->2: 19
accepted directly from s0    : 0
Gym endings cumulative       : terminated=500, truncated=0

Starting autonomous greedy evaluation at episode 500 (1000 fixed-seed episodes)...
[Greedy evaluation at episode 500 | 1000 fixed-seed episodes]
success=0.0%, failure=0.0%, task reward=0.000, length=197.6
DFA transitions: 1->2: 487
Best policy updated from autonomous greedy evaluation at episode 500.

[Episode 600/8000 | last 100]
success rate                : 0.0% (cumulative 0.0%)
failure rate                : 0.0% (cumulative 0.0%)
completed cycles / episode  : 0.000
synthetic task reward       : 0.000
shaping reward              : -171.793
learning reward             : -171.793
episode length              : 102.2
abstract changes / episode  : 97.6
same abstract-state steps   : 4.5%
same-state shaping / episode: 0.000
changed-state shaping / ep. : -171.793
terminal shaping / episode  : -2.060
DFA transitions / episode   : 0.00
DFA transitions in window   : none
epsilon (next episode)       : 0.78659
replay buffer                : 57798 samples [1: 99.2%, 2: 0.8%, 3: 0.0%]
DFA state visits in window   : 1: 10316, 2: 0, 3: 0
DFA state visits cumulative  : 1: 57938, 2: 460, 3: 0
DFA state entries in window  : 1: 100, 2: 0, 3: 0
DFA state entries cumulative : 1: 600, 2: 19, 3: 0
transitions cumulative       : 1->2: 19
accepted directly from s0    : 0
Gym endings cumulative       : terminated=600, truncated=0

[Episode 700/8000 | last 100]
success rate                : 0.0% (cumulative 0.0%)
failure rate                : 0.0% (cumulative 0.0%)
completed cycles / episode  : 0.000
synthetic task reward       : 0.000
shaping reward              : -163.844
learning reward             : -163.844
episode length              : 105.6
abstract changes / episode  : 101.3
same abstract-state steps   : 4.1%
same-state shaping / episode: 0.000
changed-state shaping / ep. : -163.844
terminal shaping / episode  : -1.602
DFA transitions / episode   : 0.02
DFA transitions in window   : 1->2: 2
epsilon (next episode)       : 0.75574
replay buffer                : 68359 samples [1: 99.3%, 2: 0.7%, 3: 0.0%]
DFA state visits in window   : 1: 10601, 2: 60, 3: 0
DFA state visits cumulative  : 1: 68539, 2: 520, 3: 0
DFA state entries in window  : 1: 100, 2: 2, 3: 0
DFA state entries cumulative : 1: 700, 2: 21, 3: 0
transitions cumulative       : 1->2: 21
accepted directly from s0    : 0
Gym endings cumulative       : terminated=700, truncated=0

[Episode 800/8000 | last 100]
success rate                : 0.0% (cumulative 0.0%)
failure rate                : 0.0% (cumulative 0.0%)
completed cycles / episode  : 0.000
synthetic task reward       : 0.000
shaping reward              : -154.869
learning reward             : -154.869
episode length              : 104.0
abstract changes / episode  : 96.7
same abstract-state steps   : 7.1%
same-state shaping / episode: 0.000
changed-state shaping / ep. : -154.869
terminal shaping / episode  : -2.431
DFA transitions / episode   : 0.03
DFA transitions in window   : 1->2: 3
epsilon (next episode)       : 0.72610
replay buffer                : 78764 samples [1: 99.3%, 2: 0.7%, 3: 0.0%]
DFA state visits in window   : 1: 10441, 2: 64, 3: 0
DFA state visits cumulative  : 1: 78980, 2: 584, 3: 0
DFA state entries in window  : 1: 100, 2: 3, 3: 0
DFA state entries cumulative : 1: 800, 2: 24, 3: 0
transitions cumulative       : 1->2: 24
accepted directly from s0    : 0
Gym endings cumulative       : terminated=800, truncated=0

[Episode 900/8000 | last 100]
success rate                : 0.0% (cumulative 0.0%)
failure rate                : 0.0% (cumulative 0.0%)
completed cycles / episode  : 0.000
synthetic task reward       : 0.000
shaping reward              : -140.877
learning reward             : -140.877
episode length              : 105.3
abstract changes / episode  : 101.6
same abstract-state steps   : 3.5%
same-state shaping / episode: 0.000
changed-state shaping / ep. : -140.877
terminal shaping / episode  : -3.515
DFA transitions / episode   : 0.03
DFA transitions in window   : 1->2: 3
epsilon (next episode)       : 0.69763
replay buffer                : 89291 samples [1: 99.3%, 2: 0.7%, 3: 0.0%]
DFA state visits in window   : 1: 10562, 2: 65, 3: 0
DFA state visits cumulative  : 1: 89542, 2: 649, 3: 0
DFA state entries in window  : 1: 100, 2: 3, 3: 0
DFA state entries cumulative : 1: 900, 2: 27, 3: 0
transitions cumulative       : 1->2: 27
accepted directly from s0    : 0
Gym endings cumulative       : terminated=900, truncated=0

[Episode 1000/8000 | last 100]
success rate                : 0.0% (cumulative 0.0%)
failure rate                : 0.0% (cumulative 0.0%)
completed cycles / episode  : 0.000
synthetic task reward       : 0.000
shaping reward              : -108.112
learning reward             : -108.112
episode length              : 111.0
abstract changes / episode  : 106.8
same abstract-state steps   : 3.9%
same-state shaping / episode: 0.000
changed-state shaping / ep. : -108.112
terminal shaping / episode  : -3.158
DFA transitions / episode   : 0.11
DFA transitions in window   : 1->2: 11
epsilon (next episode)       : 0.67027
replay buffer                : 100396 samples [1: 99.1%, 2: 0.9%, 3: 0.0%]
DFA state visits in window   : 1: 10932, 2: 273, 3: 0
DFA state visits cumulative  : 1: 100474, 2: 922, 3: 0
DFA state entries in window  : 1: 100, 2: 11, 3: 0
DFA state entries cumulative : 1: 1000, 2: 38, 3: 0
transitions cumulative       : 1->2: 38
accepted directly from s0    : 0
Gym endings cumulative       : terminated=1000, truncated=0

Starting autonomous greedy evaluation at episode 1000 (1000 fixed-seed episodes)...
[Greedy evaluation at episode 1000 | 1000 fixed-seed episodes]
success=0.0%, failure=0.0%, task reward=0.000, length=98.9
DFA transitions: 1->2: 1
Best policy updated from autonomous greedy evaluation at episode 1000.

[Episode 1100/8000 | last 100]
success rate                : 0.0% (cumulative 0.0%)
failure rate                : 0.0% (cumulative 0.0%)
completed cycles / episode  : 0.000
synthetic task reward       : 0.000
shaping reward              : -117.947
learning reward             : -117.947
episode length              : 127.7
abstract changes / episode  : 118.0
same abstract-state steps   : 7.6%
same-state shaping / episode: 0.000
changed-state shaping / ep. : -117.947
terminal shaping / episode  : -3.243
DFA transitions / episode   : 0.05
DFA transitions in window   : 1->2: 5
epsilon (next episode)       : 0.64398
replay buffer                : 113170 samples [1: 99.1%, 2: 0.9%, 3: 0.0%]
DFA state visits in window   : 1: 12764, 2: 110, 3: 0
DFA state visits cumulative  : 1: 113238, 2: 1032, 3: 0
DFA state entries in window  : 1: 100, 2: 5, 3: 0
DFA state entries cumulative : 1: 1100, 2: 43, 3: 0
transitions cumulative       : 1->2: 43
accepted directly from s0    : 0
Gym endings cumulative       : terminated=1100, truncated=0

[Episode 1200/8000 | last 100]
success rate                : 0.0% (cumulative 0.0%)
failure rate                : 0.0% (cumulative 0.0%)
completed cycles / episode  : 0.000
synthetic task reward       : 0.000
shaping reward              : -103.266
learning reward             : -103.266
episode length              : 113.9
abstract changes / episode  : 110.2
same abstract-state steps   : 3.3%
same-state shaping / episode: 0.000
changed-state shaping / ep. : -103.266
terminal shaping / episode  : -2.772
DFA transitions / episode   : 0.11
DFA transitions in window   : 1->2: 11
epsilon (next episode)       : 0.61872
replay buffer                : 124564 samples [1: 99.0%, 2: 1.0%, 3: 0.0%]
DFA state visits in window   : 1: 11220, 2: 274, 3: 0
DFA state visits cumulative  : 1: 124458, 2: 1306, 3: 0
DFA state entries in window  : 1: 100, 2: 11, 3: 0
DFA state entries cumulative : 1: 1200, 2: 54, 3: 0
transitions cumulative       : 1->2: 54
accepted directly from s0    : 0
Gym endings cumulative       : terminated=1200, truncated=0

[Episode 1300/8000 | last 100]
success rate                : 0.0% (cumulative 0.0%)
failure rate                : 0.0% (cumulative 0.0%)
completed cycles / episode  : 0.000
synthetic task reward       : 0.000
shaping reward              : -131.717
learning reward             : -131.717
episode length              : 123.0
abstract changes / episode  : 116.4
same abstract-state steps   : 5.4%
same-state shaping / episode: 0.000
changed-state shaping / ep. : -131.717
terminal shaping / episode  : -1.609
DFA transitions / episode   : 0.04
DFA transitions in window   : 1->2: 4
epsilon (next episode)       : 0.59446
replay buffer                : 136864 samples [1: 99.0%, 2: 1.0%, 3: 0.0%]
DFA state visits in window   : 1: 12308, 2: 92, 3: 0
DFA state visits cumulative  : 1: 136766, 2: 1398, 3: 0
DFA state entries in window  : 1: 100, 2: 4, 3: 0
DFA state entries cumulative : 1: 1300, 2: 58, 3: 0
transitions cumulative       : 1->2: 58
accepted directly from s0    : 0
Gym endings cumulative       : terminated=1300, truncated=0

[Episode 1400/8000 | last 100]
success rate                : 0.0% (cumulative 0.0%)
failure rate                : 0.0% (cumulative 0.0%)
completed cycles / episode  : 0.000
synthetic task reward       : 0.000
shaping reward              : -128.921
learning reward             : -128.921
episode length              : 144.6
abstract changes / episode  : 134.9
same abstract-state steps   : 6.7%
same-state shaping / episode: 0.000
changed-state shaping / ep. : -128.921
terminal shaping / episode  : -2.595
DFA transitions / episode   : 0.04
DFA transitions in window   : 1->2: 4
epsilon (next episode)       : 0.57115
replay buffer                : 151324 samples [1: 99.0%, 2: 1.0%, 3: 0.0%]
DFA state visits in window   : 1: 14422, 2: 138, 3: 0
DFA state visits cumulative  : 1: 151188, 2: 1536, 3: 0
DFA state entries in window  : 1: 100, 2: 4, 3: 0
DFA state entries cumulative : 1: 1400, 2: 62, 3: 0
transitions cumulative       : 1->2: 62
accepted directly from s0    : 0
Gym endings cumulative       : terminated=1400, truncated=0

[Episode 1500/8000 | last 100]
success rate                : 0.0% (cumulative 0.0%)
failure rate                : 0.0% (cumulative 0.0%)
completed cycles / episode  : 0.000
synthetic task reward       : 0.000
shaping reward              : -119.609
learning reward             : -119.609
episode length              : 141.8
abstract changes / episode  : 129.6
same abstract-state steps   : 8.6%
same-state shaping / episode: 0.000
changed-state shaping / ep. : -119.609
terminal shaping / episode  : -2.500
DFA transitions / episode   : 0.06
DFA transitions in window   : 1->2: 6
epsilon (next episode)       : 0.54875
replay buffer                : 165505 samples [1: 99.0%, 2: 1.0%, 3: 0.0%]
DFA state visits in window   : 1: 14122, 2: 159, 3: 0
DFA state visits cumulative  : 1: 165310, 2: 1695, 3: 0
DFA state entries in window  : 1: 100, 2: 6, 3: 0
DFA state entries cumulative : 1: 1500, 2: 68, 3: 0
transitions cumulative       : 1->2: 68
accepted directly from s0    : 0
Gym endings cumulative       : terminated=1500, truncated=0

Starting autonomous greedy evaluation at episode 1500 (1000 fixed-seed episodes)...
[Greedy evaluation at episode 1500 | 1000 fixed-seed episodes]
success=0.0%, failure=0.0%, task reward=0.000, length=148.1
DFA transitions: 1->2: 13

[Episode 1600/8000 | last 100]
success rate                : 0.0% (cumulative 0.0%)
failure rate                : 0.0% (cumulative 0.0%)
completed cycles / episode  : 0.000
synthetic task reward       : 0.000
shaping reward              : -125.131
learning reward             : -125.131
episode length              : 150.8
abstract changes / episode  : 138.0
same abstract-state steps   : 8.5%
same-state shaping / episode: 0.000
changed-state shaping / ep. : -125.131
terminal shaping / episode  : -1.327
DFA transitions / episode   : 0.02
DFA transitions in window   : 1->2: 2
epsilon (next episode)       : 0.52722
replay buffer                : 180589 samples [1: 99.1%, 2: 0.9%, 3: 0.0%]
DFA state visits in window   : 1: 15131, 2: 53, 3: 0
DFA state visits cumulative  : 1: 180441, 2: 1748, 3: 0
DFA state entries in window  : 1: 100, 2: 2, 3: 0
DFA state entries cumulative : 1: 1600, 2: 70, 3: 0
transitions cumulative       : 1->2: 70
accepted directly from s0    : 0
Gym endings cumulative       : terminated=1600, truncated=0

[Episode 1700/8000 | last 100]
success rate                : 0.0% (cumulative 0.0%)
failure rate                : 0.0% (cumulative 0.0%)
completed cycles / episode  : 0.000
synthetic task reward       : 0.000
shaping reward              : -146.838
learning reward             : -146.838
episode length              : 190.1
abstract changes / episode  : 168.6
same abstract-state steps   : 11.3%
same-state shaping / episode: 0.000
changed-state shaping / ep. : -146.838
terminal shaping / episode  : -1.390
DFA transitions / episode   : 0.04
DFA transitions in window   : 1->2: 4
epsilon (next episode)       : 0.50655
replay buffer                : 199601 samples [1: 99.1%, 2: 0.9%, 3: 0.0%]
DFA state visits in window   : 1: 18973, 2: 139, 3: 0
DFA state visits cumulative  : 1: 199414, 2: 1887, 3: 0
DFA state entries in window  : 1: 100, 2: 4, 3: 0
DFA state entries cumulative : 1: 1700, 2: 74, 3: 0
transitions cumulative       : 1->2: 74
accepted directly from s0    : 0
Gym endings cumulative       : terminated=1700, truncated=0

[Episode 1800/8000 | last 100]
success rate                : 0.0% (cumulative 0.0%)
failure rate                : 0.0% (cumulative 0.0%)
completed cycles / episode  : 0.000
synthetic task reward       : 0.000
shaping reward              : -115.046
learning reward             : -115.046
episode length              : 219.7
abstract changes / episode  : 193.3
same abstract-state steps   : 12.0%
same-state shaping / episode: 0.000
changed-state shaping / ep. : -115.046
terminal shaping / episode  : -1.883
DFA transitions / episode   : 0.07
DFA transitions in window   : 1->2: 7
epsilon (next episode)       : 0.48668
replay buffer                : 221573 samples [1: 99.1%, 2: 0.9%, 3: 0.0%]
DFA state visits in window   : 1: 21883, 2: 189, 3: 0
DFA state visits cumulative  : 1: 221297, 2: 2076, 3: 0
DFA state entries in window  : 1: 100, 2: 7, 3: 0
DFA state entries cumulative : 1: 1800, 2: 81, 3: 0
transitions cumulative       : 1->2: 81
accepted directly from s0    : 0
Gym endings cumulative       : terminated=1800, truncated=0

[Episode 1900/8000 | last 100]
success rate                : 0.0% (cumulative 0.0%)
failure rate                : 0.0% (cumulative 0.0%)
completed cycles / episode  : 0.000
synthetic task reward       : 0.000
shaping reward              : -60.396
learning reward             : -60.396
episode length              : 261.8
abstract changes / episode  : 213.0
same abstract-state steps   : 18.7%
same-state shaping / episode: 0.000
changed-state shaping / ep. : -60.396
terminal shaping / episode  : -2.839
DFA transitions / episode   : 0.09
DFA transitions in window   : 1->2: 9
epsilon (next episode)       : 0.46760
replay buffer                : 247757 samples [1: 99.1%, 2: 0.9%, 3: 0.0%]
DFA state visits in window   : 1: 26037, 2: 247, 3: 0
DFA state visits cumulative  : 1: 247334, 2: 2323, 3: 0
DFA state entries in window  : 1: 100, 2: 9, 3: 0
DFA state entries cumulative : 1: 1900, 2: 90, 3: 0
transitions cumulative       : 1->2: 90
accepted directly from s0    : 0
Gym endings cumulative       : terminated=1900, truncated=0

[Episode 2000/8000 | last 100]
success rate                : 0.0% (cumulative 0.0%)
failure rate                : 0.0% (cumulative 0.0%)
completed cycles / episode  : 0.000
synthetic task reward       : 0.000
shaping reward              : -92.215
learning reward             : -92.215
episode length              : 322.4
abstract changes / episode  : 260.5
same abstract-state steps   : 19.2%
same-state shaping / episode: 0.000
changed-state shaping / ep. : -92.215
terminal shaping / episode  : -1.683
DFA transitions / episode   : 0.04
DFA transitions in window   : 1->2: 4
epsilon (next episode)       : 0.44926
replay buffer                : 279998 samples [1: 99.1%, 2: 0.9%, 3: 0.0%]
DFA state visits in window   : 1: 32080, 2: 261, 3: 0
DFA state visits cumulative  : 1: 279414, 2: 2584, 3: 0
DFA state entries in window  : 1: 100, 2: 4, 3: 0
DFA state entries cumulative : 1: 2000, 2: 94, 3: 0
transitions cumulative       : 1->2: 94
accepted directly from s0    : 0
Gym endings cumulative       : terminated=1999, truncated=1

Starting autonomous greedy evaluation at episode 2000 (1000 fixed-seed episodes)...
[Greedy evaluation at episode 2000 | 1000 fixed-seed episodes]
success=0.0%, failure=0.0%, task reward=0.000, length=247.6
DFA transitions: none

[Episode 2100/8000 | last 100]
success rate                : 0.0% (cumulative 0.0%)
failure rate                : 0.0% (cumulative 0.0%)
completed cycles / episode  : 0.000
synthetic task reward       : 0.000
shaping reward              : -127.334
learning reward             : -127.334
episode length              : 328.3
abstract changes / episode  : 266.9
same abstract-state steps   : 18.7%
same-state shaping / episode: 0.000
changed-state shaping / ep. : -127.334
terminal shaping / episode  : -0.251
DFA transitions / episode   : 0.02
DFA transitions in window   : 1->2: 2
epsilon (next episode)       : 0.43164
replay buffer                : 300000 samples [1: 99.2%, 2: 0.8%, 3: 0.0%]
DFA state visits in window   : 1: 32860, 2: 66, 3: 0
DFA state visits cumulative  : 1: 312274, 2: 2650, 3: 0
DFA state entries in window  : 1: 100, 2: 2, 3: 0
DFA state entries cumulative : 1: 2100, 2: 96, 3: 0
transitions cumulative       : 1->2: 96
accepted directly from s0    : 0
Gym endings cumulative       : terminated=2098, truncated=2

[Episode 2200/8000 | last 100]
success rate                : 0.0% (cumulative 0.0%)
failure rate                : 0.0% (cumulative 0.0%)
completed cycles / episode  : 0.000
synthetic task reward       : 0.000
shaping reward              : -145.680
learning reward             : -145.680
episode length              : 242.4
abstract changes / episode  : 219.6
same abstract-state steps   : 9.4%
same-state shaping / episode: 0.000
changed-state shaping / ep. : -145.680
terminal shaping / episode  : -0.748
DFA transitions / episode   : 0.00
DFA transitions in window   : none
epsilon (next episode)       : 0.41471
replay buffer                : 300000 samples [1: 99.2%, 2: 0.8%, 3: 0.0%]
DFA state visits in window   : 1: 24344, 2: 0, 3: 0
DFA state visits cumulative  : 1: 336618, 2: 2650, 3: 0
DFA state entries in window  : 1: 100, 2: 0, 3: 0
DFA state entries cumulative : 1: 2200, 2: 96, 3: 0
transitions cumulative       : 1->2: 96
accepted directly from s0    : 0
Gym endings cumulative       : terminated=2197, truncated=3

[Episode 2300/8000 | last 100]
success rate                : 0.0% (cumulative 0.0%)
failure rate                : 0.0% (cumulative 0.0%)
completed cycles / episode  : 0.000
synthetic task reward       : 0.000
shaping reward              : -108.967
learning reward             : -108.967
episode length              : 214.9
abstract changes / episode  : 193.4
same abstract-state steps   : 10.0%
same-state shaping / episode: 0.000
changed-state shaping / ep. : -108.967
terminal shaping / episode  : -1.478
DFA transitions / episode   : 0.05
DFA transitions in window   : 1->2: 5
epsilon (next episode)       : 0.39845
replay buffer                : 300000 samples [1: 98.9%, 2: 1.1%, 3: 0.0%]
DFA state visits in window   : 1: 20343, 2: 1250, 3: 0
DFA state visits cumulative  : 1: 356961, 2: 3900, 3: 0
DFA state entries in window  : 1: 100, 2: 5, 3: 0
DFA state entries cumulative : 1: 2300, 2: 101, 3: 0
transitions cumulative       : 1->2: 101
accepted directly from s0    : 0
Gym endings cumulative       : terminated=2296, truncated=4

[Episode 2400/8000 | last 100]
success rate                : 0.0% (cumulative 0.0%)
failure rate                : 0.0% (cumulative 0.0%)
completed cycles / episode  : 0.000
synthetic task reward       : 0.000
shaping reward              : 95.293
learning reward             : 95.293
episode length              : 318.5
abstract changes / episode  : 252.0
same abstract-state steps   : 20.9%
same-state shaping / episode: 0.000
changed-state shaping / ep. : 95.293
terminal shaping / episode  : -1.581
DFA transitions / episode   : 0.07
DFA transitions in window   : 1->2: 7
epsilon (next episode)       : 0.38282
replay buffer                : 300000 samples [1: 98.8%, 2: 1.2%, 3: 0.0%]
DFA state visits in window   : 1: 31381, 2: 572, 3: 0
DFA state visits cumulative  : 1: 388342, 2: 4472, 3: 0
DFA state entries in window  : 1: 100, 2: 7, 3: 0
DFA state entries cumulative : 1: 2400, 2: 108, 3: 0
transitions cumulative       : 1->2: 108
accepted directly from s0    : 0
Gym endings cumulative       : terminated=2394, truncated=6

[Episode 2500/8000 | last 100]
success rate                : 0.0% (cumulative 0.0%)
failure rate                : 0.0% (cumulative 0.0%)
completed cycles / episode  : 0.000
synthetic task reward       : 0.000
shaping reward              : -29.763
learning reward             : -29.763
episode length              : 411.4
abstract changes / episode  : 332.7
same abstract-state steps   : 19.1%
same-state shaping / episode: 0.000
changed-state shaping / ep. : -29.763
terminal shaping / episode  : -3.780
DFA transitions / episode   : 0.09
DFA transitions in window   : 1->2: 9
epsilon (next episode)       : 0.36781
replay buffer                : 300000 samples [1: 98.5%, 2: 1.5%, 3: 0.0%]
DFA state visits in window   : 1: 39826, 2: 1417, 3: 0
DFA state visits cumulative  : 1: 428168, 2: 5889, 3: 0
DFA state entries in window  : 1: 100, 2: 9, 3: 0
DFA state entries cumulative : 1: 2500, 2: 117, 3: 0
transitions cumulative       : 1->2: 117
accepted directly from s0    : 0
Gym endings cumulative       : terminated=2487, truncated=13

Starting autonomous greedy evaluation at episode 2500 (1000 fixed-seed episodes)...
[Greedy evaluation at episode 2500 | 1000 fixed-seed episodes]
success=0.0%, failure=0.0%, task reward=0.000, length=189.6
DFA transitions: 1->2: 19

[Episode 2600/8000 | last 100]
success rate                : 2.0% (cumulative 0.1%)
failure rate                : 0.0% (cumulative 0.0%)
completed cycles / episode  : 0.000
synthetic task reward       : 200.000
shaping reward              : 421.215
learning reward             : 621.215
episode length              : 238.2
abstract changes / episode  : 215.6
same abstract-state steps   : 9.5%
same-state shaping / episode: 0.000
changed-state shaping / ep. : 421.215
terminal shaping / episode  : -1.261
DFA transitions / episode   : 0.23
DFA transitions in window   : 1->2: 21, 2->3: 2
epsilon (next episode)       : 0.35338
replay buffer                : 300000 samples [1: 97.8%, 2: 2.2%, 3: 0.0%]
DFA state visits in window   : 1: 21464, 2: 2453, 3: 2
DFA state visits cumulative  : 1: 449632, 2: 8342, 3: 2
DFA state entries in window  : 1: 100, 2: 21, 3: 2
DFA state entries cumulative : 1: 2600, 2: 138, 3: 2
transitions cumulative       : 1->2: 138, 2->3: 2
accepted directly from s0    : 0
Gym endings cumulative       : terminated=2583, truncated=15

[Episode 2700/8000 | last 100]
success rate                : 0.0% (cumulative 0.1%)
failure rate                : 0.0% (cumulative 0.0%)
completed cycles / episode  : 0.000
synthetic task reward       : 0.000
shaping reward              : 123.338
learning reward             : 123.338
episode length              : 239.1
abstract changes / episode  : 220.1
same abstract-state steps   : 7.9%
same-state shaping / episode: 0.000
changed-state shaping / ep. : 123.338
terminal shaping / episode  : -7.810
DFA transitions / episode   : 0.17
DFA transitions in window   : 1->2: 17
epsilon (next episode)       : 0.33952
replay buffer                : 300000 samples [1: 97.3%, 2: 2.7%, 3: 0.0%]
DFA state visits in window   : 1: 22552, 2: 1460, 3: 0
DFA state visits cumulative  : 1: 472184, 2: 9802, 3: 2
DFA state entries in window  : 1: 100, 2: 17, 3: 0
DFA state entries cumulative : 1: 2700, 2: 155, 3: 2
transitions cumulative       : 1->2: 155, 2->3: 2
accepted directly from s0    : 0
Gym endings cumulative       : terminated=2683, truncated=15

[Episode 2800/8000 | last 100]
success rate                : 4.0% (cumulative 0.2%)
failure rate                : 0.0% (cumulative 0.0%)
completed cycles / episode  : 0.000
synthetic task reward       : 400.000
shaping reward              : 850.517
learning reward             : 1250.517
episode length              : 304.5
abstract changes / episode  : 278.8
same abstract-state steps   : 8.4%
same-state shaping / episode: 0.000
changed-state shaping / ep. : 850.517
terminal shaping / episode  : 0.204
DFA transitions / episode   : 0.32
DFA transitions in window   : 1->2: 28, 2->3: 4
epsilon (next episode)       : 0.32621
replay buffer                : 300000 samples [1: 96.3%, 2: 3.7%, 3: 0.0%]
DFA state visits in window   : 1: 26965, 2: 3578, 3: 4
DFA state visits cumulative  : 1: 499149, 2: 13380, 3: 6
DFA state entries in window  : 1: 100, 2: 28, 3: 4
DFA state entries cumulative : 1: 2800, 2: 183, 3: 6
transitions cumulative       : 1->2: 183, 2->3: 6
accepted directly from s0    : 0
Gym endings cumulative       : terminated=2777, truncated=17

[Episode 2900/8000 | last 100]
success rate                : 4.0% (cumulative 0.3%)
failure rate                : 0.0% (cumulative 0.0%)
completed cycles / episode  : 0.000
synthetic task reward       : 400.000
shaping reward              : 1185.922
learning reward             : 1585.922
episode length              : 294.0
abstract changes / episode  : 270.1
same abstract-state steps   : 8.1%
same-state shaping / episode: 0.000
changed-state shaping / ep. : 1185.922
terminal shaping / episode  : 1.070
DFA transitions / episode   : 0.33
DFA transitions in window   : 1->2: 29, 2->3: 4
epsilon (next episode)       : 0.31341
replay buffer                : 300000 samples [1: 95.2%, 2: 4.8%, 3: 0.0%]
DFA state visits in window   : 1: 25977, 2: 3516, 3: 4
DFA state visits cumulative  : 1: 525126, 2: 16896, 3: 10
DFA state entries in window  : 1: 100, 2: 29, 3: 4
DFA state entries cumulative : 1: 2900, 2: 212, 3: 10
transitions cumulative       : 1->2: 212, 2->3: 10
accepted directly from s0    : 0
Gym endings cumulative       : terminated=2870, truncated=20

[Episode 3000/8000 | last 100]
success rate                : 0.0% (cumulative 0.3%)
failure rate                : 0.0% (cumulative 0.0%)
completed cycles / episode  : 0.000
synthetic task reward       : 0.000
shaping reward              : 347.282
learning reward             : 347.282
episode length              : 233.2
abstract changes / episode  : 223.8
same abstract-state steps   : 4.1%
same-state shaping / episode: 0.000
changed-state shaping / ep. : 347.282
terminal shaping / episode  : -179.111
DFA transitions / episode   : 0.26
DFA transitions in window   : 1->2: 26
epsilon (next episode)       : 0.30112
replay buffer                : 300000 samples [1: 93.9%, 2: 6.1%, 3: 0.0%]
DFA state visits in window   : 1: 19630, 2: 3794, 3: 0
DFA state visits cumulative  : 1: 544756, 2: 20690, 3: 10
DFA state entries in window  : 1: 100, 2: 26, 3: 0
DFA state entries cumulative : 1: 3000, 2: 238, 3: 10
transitions cumulative       : 1->2: 238, 2->3: 10
accepted directly from s0    : 0
Gym endings cumulative       : terminated=2970, truncated=20

Starting autonomous greedy evaluation at episode 3000 (1000 fixed-seed episodes)...
[Greedy evaluation at episode 3000 | 1000 fixed-seed episodes]
success=0.0%, failure=0.0%, task reward=0.000, length=687.9
DFA transitions: 1->2: 1

[Episode 3100/8000 | last 100]
success rate                : 15.0% (cumulative 0.8%)
failure rate                : 0.0% (cumulative 0.0%)
completed cycles / episode  : 0.000
synthetic task reward       : 1500.000
shaping reward              : 3328.359
learning reward             : 4828.359
episode length              : 425.1
abstract changes / episode  : 376.8
same abstract-state steps   : 11.4%
same-state shaping / episode: 0.000
changed-state shaping / ep. : 3328.359
terminal shaping / episode  : -20.367
DFA transitions / episode   : 0.65
DFA transitions in window   : 1->2: 50, 2->3: 15
epsilon (next episode)       : 0.28931
replay buffer                : 300000 samples [1: 90.8%, 2: 9.2%, 3: 0.0%]
DFA state visits in window   : 1: 32761, 2: 9835, 3: 15
DFA state visits cumulative  : 1: 577517, 2: 30525, 3: 25
DFA state entries in window  : 1: 100, 2: 50, 3: 15
DFA state entries cumulative : 1: 3100, 2: 288, 3: 25
transitions cumulative       : 1->2: 288, 2->3: 25
accepted directly from s0    : 0
Gym endings cumulative       : terminated=3045, truncated=30

[Episode 3200/8000 | last 100]
success rate                : 19.0% (cumulative 1.4%)
failure rate                : 0.0% (cumulative 0.0%)
completed cycles / episode  : 0.000
synthetic task reward       : 1900.000
shaping reward              : 4014.111
learning reward             : 5914.111
episode length              : 330.1
abstract changes / episode  : 307.1
same abstract-state steps   : 7.0%
same-state shaping / episode: 0.000
changed-state shaping / ep. : 4014.111
terminal shaping / episode  : -49.275
DFA transitions / episode   : 0.84
DFA transitions in window   : 1->2: 65, 2->3: 19
epsilon (next episode)       : 0.27797
replay buffer                : 300000 samples [1: 86.8%, 2: 13.2%, 3: 0.0%]
DFA state visits in window   : 1: 21063, 2: 12032, 3: 19
DFA state visits cumulative  : 1: 598580, 2: 42557, 3: 44
DFA state entries in window  : 1: 100, 2: 65, 3: 19
DFA state entries cumulative : 1: 3200, 2: 353, 3: 44
transitions cumulative       : 1->2: 353, 2->3: 44
accepted directly from s0    : 0
Gym endings cumulative       : terminated=3126, truncated=30

[Episode 3300/8000 | last 100]
success rate                : 24.0% (cumulative 2.1%)
failure rate                : 0.0% (cumulative 0.0%)
completed cycles / episode  : 0.000
synthetic task reward       : 2400.000
shaping reward              : 4980.849
learning reward             : 7380.849
episode length              : 310.2
abstract changes / episode  : 291.3
same abstract-state steps   : 6.1%
same-state shaping / episode: 0.000
changed-state shaping / ep. : 4980.849
terminal shaping / episode  : -3.574
DFA transitions / episode   : 0.98
DFA transitions in window   : 1->2: 74, 2->3: 24
epsilon (next episode)       : 0.26706
replay buffer                : 300000 samples [1: 83.2%, 2: 16.8%, 3: 0.0%]
DFA state visits in window   : 1: 18706, 2: 12388, 3: 24
DFA state visits cumulative  : 1: 617286, 2: 54945, 3: 68
DFA state entries in window  : 1: 100, 2: 74, 3: 24
DFA state entries cumulative : 1: 3300, 2: 427, 3: 68
transitions cumulative       : 1->2: 427, 2->3: 68
accepted directly from s0    : 0
Gym endings cumulative       : terminated=3202, truncated=30

[Episode 3400/8000 | last 100]
success rate                : 38.0% (cumulative 3.1%)
failure rate                : 0.0% (cumulative 0.0%)
completed cycles / episode  : 0.000
synthetic task reward       : 3800.000
shaping reward              : 6435.898
learning reward             : 10235.898
episode length              : 318.4
abstract changes / episode  : 298.5
same abstract-state steps   : 6.2%
same-state shaping / episode: 0.000
changed-state shaping / ep. : 6435.898
terminal shaping / episode  : 23.469
DFA transitions / episode   : 1.22
DFA transitions in window   : 1->2: 84, 2->3: 38
epsilon (next episode)       : 0.25659
replay buffer                : 300000 samples [1: 78.6%, 2: 21.4%, 3: 0.0%]
DFA state visits in window   : 1: 17865, 2: 14032, 3: 38
DFA state visits cumulative  : 1: 635151, 2: 68977, 3: 106
DFA state entries in window  : 1: 100, 2: 84, 3: 38
DFA state entries cumulative : 1: 3400, 2: 511, 3: 106
transitions cumulative       : 1->2: 511, 2->3: 106
accepted directly from s0    : 0
Gym endings cumulative       : terminated=3264, truncated=30

[Episode 3500/8000 | last 100]
success rate                : 44.0% (cumulative 4.3%)
failure rate                : 0.0% (cumulative 0.0%)
completed cycles / episode  : 0.000
synthetic task reward       : 4400.000
shaping reward              : 6258.451
learning reward             : 10658.451
episode length              : 298.1
abstract changes / episode  : 281.6
same abstract-state steps   : 5.5%
same-state shaping / episode: 0.000
changed-state shaping / ep. : 6258.451
terminal shaping / episode  : 39.962
DFA transitions / episode   : 1.25
DFA transitions in window   : 1->2: 81, 2->3: 44
epsilon (next episode)       : 0.24653
replay buffer                : 300000 samples [1: 74.8%, 2: 25.2%, 3: 0.0%]
DFA state visits in window   : 1: 17084, 2: 12780, 3: 44
DFA state visits cumulative  : 1: 652235, 2: 81757, 3: 150
DFA state entries in window  : 1: 100, 2: 81, 3: 44
DFA state entries cumulative : 1: 3500, 2: 592, 3: 150
transitions cumulative       : 1->2: 592, 2->3: 150
accepted directly from s0    : 0
Gym endings cumulative       : terminated=3320, truncated=30

Starting autonomous greedy evaluation at episode 3500 (1000 fixed-seed episodes)...
[Greedy evaluation at episode 3500 | 1000 fixed-seed episodes]
success=96.3%, failure=0.0%, task reward=9630.000, length=278.7
DFA transitions: 1->2: 1000, 2->3: 963
Best policy updated from autonomous greedy evaluation at episode 3500.

[Episode 3600/8000 | last 100]
success rate                : 38.0% (cumulative 5.2%)
failure rate                : 0.0% (cumulative 0.0%)
completed cycles / episode  : 0.000
synthetic task reward       : 3800.000
shaping reward              : 6378.628
learning reward             : 10178.628
episode length              : 324.7
abstract changes / episode  : 306.1
same abstract-state steps   : 5.7%
same-state shaping / episode: 0.000
changed-state shaping / ep. : 6378.628
terminal shaping / episode  : 24.254
DFA transitions / episode   : 1.28
DFA transitions in window   : 1->2: 90, 2->3: 38
epsilon (next episode)       : 0.23686
replay buffer                : 300000 samples [1: 71.1%, 2: 28.9%, 3: 0.0%]
DFA state visits in window   : 1: 18427, 2: 14108, 3: 38
DFA state visits cumulative  : 1: 670662, 2: 95865, 3: 188
DFA state entries in window  : 1: 100, 2: 90, 3: 38
DFA state entries cumulative : 1: 3600, 2: 682, 3: 188
transitions cumulative       : 1->2: 682, 2->3: 188
accepted directly from s0    : 0
Gym endings cumulative       : terminated=3382, truncated=30

[Episode 3700/8000 | last 100]
success rate                : 48.0% (cumulative 6.4%)
failure rate                : 0.0% (cumulative 0.0%)
completed cycles / episode  : 0.000
synthetic task reward       : 4800.000
shaping reward              : 6651.502
learning reward             : 11451.502
episode length              : 297.4
abstract changes / episode  : 284.9
same abstract-state steps   : 4.2%
same-state shaping / episode: 0.000
changed-state shaping / ep. : 6651.502
terminal shaping / episode  : 50.990
DFA transitions / episode   : 1.36
DFA transitions in window   : 1->2: 88, 2->3: 48
epsilon (next episode)       : 0.22757
replay buffer                : 300000 samples [1: 67.2%, 2: 32.8%, 3: 0.0%]
DFA state visits in window   : 1: 16046, 2: 13743, 3: 48
DFA state visits cumulative  : 1: 686708, 2: 109608, 3: 236
DFA state entries in window  : 1: 100, 2: 88, 3: 48
DFA state entries cumulative : 1: 3700, 2: 770, 3: 236
transitions cumulative       : 1->2: 770, 2->3: 236
accepted directly from s0    : 0
Gym endings cumulative       : terminated=3434, truncated=30

[Episode 3800/8000 | last 100]
success rate                : 54.0% (cumulative 7.6%)
failure rate                : 0.0% (cumulative 0.0%)
completed cycles / episode  : 0.000
synthetic task reward       : 5400.000
shaping reward              : 7367.147
learning reward             : 12767.147
episode length              : 312.3
abstract changes / episode  : 293.9
same abstract-state steps   : 5.9%
same-state shaping / episode: 0.000
changed-state shaping / ep. : 7367.147
terminal shaping / episode  : 64.923
DFA transitions / episode   : 1.48
DFA transitions in window   : 1->2: 94, 2->3: 54
epsilon (next episode)       : 0.21865
replay buffer                : 300000 samples [1: 64.2%, 2: 35.8%, 3: 0.0%]
DFA state visits in window   : 1: 17730, 2: 13543, 3: 54
DFA state visits cumulative  : 1: 704438, 2: 123151, 3: 290
DFA state entries in window  : 1: 100, 2: 94, 3: 54
DFA state entries cumulative : 1: 3800, 2: 864, 3: 290
transitions cumulative       : 1->2: 864, 2->3: 290
accepted directly from s0    : 0
Gym endings cumulative       : terminated=3480, truncated=30

[Episode 3900/8000 | last 100]
success rate                : 56.0% (cumulative 8.9%)
failure rate                : 0.0% (cumulative 0.0%)
completed cycles / episode  : 0.000
synthetic task reward       : 5600.000
shaping reward              : 7327.990
learning reward             : 12927.990
episode length              : 287.5
abstract changes / episode  : 273.6
same abstract-state steps   : 4.9%
same-state shaping / episode: 0.000
changed-state shaping / ep. : 7327.990
terminal shaping / episode  : 77.039
DFA transitions / episode   : 1.49
DFA transitions in window   : 1->2: 93, 2->3: 56
epsilon (next episode)       : 0.21007
replay buffer                : 300000 samples [1: 61.2%, 2: 38.8%, 3: 0.0%]
DFA state visits in window   : 1: 16082, 2: 12714, 3: 56
DFA state visits cumulative  : 1: 720520, 2: 135865, 3: 346
DFA state entries in window  : 1: 100, 2: 93, 3: 56
DFA state entries cumulative : 1: 3900, 2: 957, 3: 346
transitions cumulative       : 1->2: 957, 2->3: 346
accepted directly from s0    : 0
Gym endings cumulative       : terminated=3524, truncated=30

[Episode 4000/8000 | last 100]
success rate                : 50.0% (cumulative 9.9%)
failure rate                : 0.0% (cumulative 0.0%)
completed cycles / episode  : 0.000
synthetic task reward       : 5000.000
shaping reward              : 6698.578
learning reward             : 11698.578
episode length              : 308.7
abstract changes / episode  : 294.4
same abstract-state steps   : 4.6%
same-state shaping / episode: 0.000
changed-state shaping / ep. : 6698.578
terminal shaping / episode  : 75.997
DFA transitions / episode   : 1.37
DFA transitions in window   : 1->2: 87, 2->3: 50
epsilon (next episode)       : 0.20183
replay buffer                : 300000 samples [1: 59.3%, 2: 40.7%, 3: 0.0%]
DFA state visits in window   : 1: 19700, 2: 11216, 3: 50
DFA state visits cumulative  : 1: 740220, 2: 147081, 3: 396
DFA state entries in window  : 1: 100, 2: 87, 3: 50
DFA state entries cumulative : 1: 4000, 2: 1044, 3: 396
transitions cumulative       : 1->2: 1044, 2->3: 396
accepted directly from s0    : 0
Gym endings cumulative       : terminated=3574, truncated=30

Starting autonomous greedy evaluation at episode 4000 (1000 fixed-seed episodes)...
[Greedy evaluation at episode 4000 | 1000 fixed-seed episodes]
success=94.7%, failure=0.0%, task reward=9470.000, length=254.8
DFA transitions: 1->2: 1000, 2->3: 947

[Episode 4100/8000 | last 100]
success rate                : 29.0% (cumulative 10.4%)
failure rate                : 0.0% (cumulative 0.0%)
completed cycles / episode  : 0.000
synthetic task reward       : 2900.000
shaping reward              : 5859.239
learning reward             : 8759.239
episode length              : 319.3
abstract changes / episode  : 301.1
same abstract-state steps   : 5.7%
same-state shaping / episode: 0.000
changed-state shaping / ep. : 5859.239
terminal shaping / episode  : 10.038
DFA transitions / episode   : 1.13
DFA transitions in window   : 1->2: 84, 2->3: 29
epsilon (next episode)       : 0.19392
replay buffer                : 300000 samples [1: 58.9%, 2: 41.1%, 3: 0.0%]
DFA state visits in window   : 1: 21094, 2: 10905, 3: 29
DFA state visits cumulative  : 1: 761314, 2: 157986, 3: 425
DFA state entries in window  : 1: 100, 2: 84, 3: 29
DFA state entries cumulative : 1: 4100, 2: 1128, 3: 425
transitions cumulative       : 1->2: 1128, 2->3: 425
accepted directly from s0    : 0
Gym endings cumulative       : terminated=3645, truncated=30

[Episode 4200/8000 | last 100]
success rate                : 55.0% (cumulative 11.4%)
failure rate                : 0.0% (cumulative 0.0%)
completed cycles / episode  : 0.000
synthetic task reward       : 5500.000
shaping reward              : 7388.411
learning reward             : 12888.411
episode length              : 260.9
abstract changes / episode  : 244.8
same abstract-state steps   : 6.2%
same-state shaping / episode: 0.000
changed-state shaping / ep. : 7388.411
terminal shaping / episode  : 102.679
DFA transitions / episode   : 1.48
DFA transitions in window   : 1->2: 93, 2->3: 55
epsilon (next episode)       : 0.18631
replay buffer                : 300000 samples [1: 58.5%, 2: 41.5%, 3: 0.0%]
DFA state visits in window   : 1: 15047, 2: 11090, 3: 55
DFA state visits cumulative  : 1: 776361, 2: 169076, 3: 480
DFA state entries in window  : 1: 100, 2: 93, 3: 55
DFA state entries cumulative : 1: 4200, 2: 1221, 3: 480
transitions cumulative       : 1->2: 1221, 2->3: 480
accepted directly from s0    : 0
Gym endings cumulative       : terminated=3690, truncated=30

[Episode 4300/8000 | last 100]
success rate                : 42.0% (cumulative 12.1%)
failure rate                : 0.0% (cumulative 0.0%)
completed cycles / episode  : 0.000
synthetic task reward       : 4200.000
shaping reward              : 6083.108
learning reward             : 10283.108
episode length              : 268.7
abstract changes / episode  : 251.2
same abstract-state steps   : 6.5%
same-state shaping / episode: 0.000
changed-state shaping / ep. : 6083.108
terminal shaping / episode  : 41.680
DFA transitions / episode   : 1.25
DFA transitions in window   : 1->2: 83, 2->3: 42
epsilon (next episode)       : 0.17900
replay buffer                : 300000 samples [1: 58.8%, 2: 41.2%, 3: 0.0%]
DFA state visits in window   : 1: 17212, 2: 9716, 3: 42
DFA state visits cumulative  : 1: 793573, 2: 178792, 3: 522
DFA state entries in window  : 1: 100, 2: 83, 3: 42
DFA state entries cumulative : 1: 4300, 2: 1304, 3: 522
transitions cumulative       : 1->2: 1304, 2->3: 522
accepted directly from s0    : 0
Gym endings cumulative       : terminated=3748, truncated=30

[Episode 4400/8000 | last 100]
success rate                : 59.0% (cumulative 13.2%)
failure rate                : 0.0% (cumulative 0.0%)
completed cycles / episode  : 0.000
synthetic task reward       : 5900.000
shaping reward              : 7547.575
learning reward             : 13447.575
episode length              : 295.7
abstract changes / episode  : 270.6
same abstract-state steps   : 8.5%
same-state shaping / episode: 0.000
changed-state shaping / ep. : 7547.575
terminal shaping / episode  : 97.370
DFA transitions / episode   : 1.51
DFA transitions in window   : 1->2: 92, 2->3: 59
epsilon (next episode)       : 0.17198
replay buffer                : 300000 samples [1: 59.5%, 2: 40.5%, 3: 0.0%]
DFA state visits in window   : 1: 18734, 2: 10876, 3: 59
DFA state visits cumulative  : 1: 812307, 2: 189668, 3: 581
DFA state entries in window  : 1: 100, 2: 92, 3: 59
DFA state entries cumulative : 1: 4400, 2: 1396, 3: 581
transitions cumulative       : 1->2: 1396, 2->3: 581
accepted directly from s0    : 0
Gym endings cumulative       : terminated=3789, truncated=30

[Episode 4500/8000 | last 100]
success rate                : 65.0% (cumulative 14.4%)
failure rate                : 0.0% (cumulative 0.0%)
completed cycles / episode  : 0.000
synthetic task reward       : 6500.000
shaping reward              : 7806.517
learning reward             : 14306.517
episode length              : 284.0
abstract changes / episode  : 263.8
same abstract-state steps   : 7.1%
same-state shaping / episode: 0.000
changed-state shaping / ep. : 7806.517
terminal shaping / episode  : 128.913
DFA transitions / episode   : 1.62
DFA transitions in window   : 1->2: 97, 2->3: 65
epsilon (next episode)       : 0.16524
replay buffer                : 300000 samples [1: 59.7%, 2: 40.3%, 3: 0.0%]
DFA state visits in window   : 1: 16787, 2: 11647, 3: 65
DFA state visits cumulative  : 1: 829094, 2: 201315, 3: 646
DFA state entries in window  : 1: 100, 2: 97, 3: 65
DFA state entries cumulative : 1: 4500, 2: 1493, 3: 646
transitions cumulative       : 1->2: 1493, 2->3: 646
accepted directly from s0    : 0
Gym endings cumulative       : terminated=3824, truncated=30

Starting autonomous greedy evaluation at episode 4500 (1000 fixed-seed episodes)...
[Greedy evaluation at episode 4500 | 1000 fixed-seed episodes]
success=98.4%, failure=0.0%, task reward=9840.000, length=239.6
DFA transitions: 1->2: 984, 2->3: 984
Best policy updated from autonomous greedy evaluation at episode 4500.

[Episode 4600/8000 | last 100]
success rate                : 70.0% (cumulative 15.6%)
failure rate                : 0.0% (cumulative 0.0%)
completed cycles / episode  : 0.000
synthetic task reward       : 7000.000
shaping reward              : 8306.441
learning reward             : 15306.441
episode length              : 253.1
abstract changes / episode  : 240.7
same abstract-state steps   : 4.9%
same-state shaping / episode: 0.000
changed-state shaping / ep. : 8306.441
terminal shaping / episode  : 133.656
DFA transitions / episode   : 1.67
DFA transitions in window   : 1->2: 97, 2->3: 70
epsilon (next episode)       : 0.15876
replay buffer                : 300000 samples [1: 59.6%, 2: 40.4%, 3: 0.0%]
DFA state visits in window   : 1: 13987, 2: 11355, 3: 70
DFA state visits cumulative  : 1: 843081, 2: 212670, 3: 716
DFA state entries in window  : 1: 100, 2: 97, 3: 70
DFA state entries cumulative : 1: 4600, 2: 1590, 3: 716
transitions cumulative       : 1->2: 1590, 2->3: 716
accepted directly from s0    : 0
Gym endings cumulative       : terminated=3854, truncated=30

[Episode 4700/8000 | last 100]
success rate                : 50.0% (cumulative 16.3%)
failure rate                : 0.0% (cumulative 0.0%)
completed cycles / episode  : 0.000
synthetic task reward       : 5000.000
shaping reward              : 5855.199
learning reward             : 10855.199
episode length              : 220.1
abstract changes / episode  : 209.2
same abstract-state steps   : 4.9%
same-state shaping / episode: 0.000
changed-state shaping / ep. : 5855.199
terminal shaping / episode  : 119.103
DFA transitions / episode   : 1.24
DFA transitions in window   : 1->2: 74, 2->3: 50
epsilon (next episode)       : 0.15253
replay buffer                : 300000 samples [1: 60.1%, 2: 39.9%, 3: 0.0%]
DFA state visits in window   : 1: 14125, 2: 7933, 3: 50
DFA state visits cumulative  : 1: 857206, 2: 220603, 3: 766
DFA state entries in window  : 1: 100, 2: 74, 3: 50
DFA state entries cumulative : 1: 4700, 2: 1664, 3: 766
transitions cumulative       : 1->2: 1664, 2->3: 766
accepted directly from s0    : 0
Gym endings cumulative       : terminated=3904, truncated=30

[Episode 4800/8000 | last 100]
success rate                : 49.0% (cumulative 17.0%)
failure rate                : 0.0% (cumulative 0.0%)
completed cycles / episode  : 0.000
synthetic task reward       : 4900.000
shaping reward              : 5339.411
learning reward             : 10239.411
episode length              : 247.4
abstract changes / episode  : 231.8
same abstract-state steps   : 6.3%
same-state shaping / episode: 0.000
changed-state shaping / ep. : 5339.411
terminal shaping / episode  : 103.953
DFA transitions / episode   : 1.14
DFA transitions in window   : 1->2: 65, 2->3: 49
epsilon (next episode)       : 0.14655
replay buffer                : 300000 samples [1: 61.4%, 2: 38.6%, 3: 0.0%]
DFA state visits in window   : 1: 17282, 2: 7508, 3: 49
DFA state visits cumulative  : 1: 874488, 2: 228111, 3: 815
DFA state entries in window  : 1: 100, 2: 65, 3: 49
DFA state entries cumulative : 1: 4800, 2: 1729, 3: 815
transitions cumulative       : 1->2: 1729, 2->3: 815
accepted directly from s0    : 0
Gym endings cumulative       : terminated=3954, truncated=31

[Episode 4900/8000 | last 100]
success rate                : 60.0% (cumulative 17.9%)
failure rate                : 0.0% (cumulative 0.0%)
completed cycles / episode  : 0.000
synthetic task reward       : 6000.000
shaping reward              : 7678.325
learning reward             : 13678.325
episode length              : 249.8
abstract changes / episode  : 231.2
same abstract-state steps   : 7.5%
same-state shaping / episode: 0.000
changed-state shaping / ep. : 7678.325
terminal shaping / episode  : 107.816
DFA transitions / episode   : 1.51
DFA transitions in window   : 1->2: 91, 2->3: 60
epsilon (next episode)       : 0.14080
replay buffer                : 300000 samples [1: 61.6%, 2: 38.4%, 3: 0.0%]
DFA state visits in window   : 1: 14579, 2: 10439, 3: 60
DFA state visits cumulative  : 1: 889067, 2: 238550, 3: 875
DFA state entries in window  : 1: 100, 2: 91, 3: 60
DFA state entries cumulative : 1: 4900, 2: 1820, 3: 875
transitions cumulative       : 1->2: 1820, 2->3: 875
accepted directly from s0    : 0
Gym endings cumulative       : terminated=3994, truncated=31

[Episode 5000/8000 | last 100]
success rate                : 63.0% (cumulative 18.8%)
failure rate                : 0.0% (cumulative 0.0%)
completed cycles / episode  : 0.000
synthetic task reward       : 6300.000
shaping reward              : 7720.090
learning reward             : 14020.090
episode length              : 253.8
abstract changes / episode  : 233.3
same abstract-state steps   : 8.1%
same-state shaping / episode: 0.000
changed-state shaping / ep. : 7720.090
terminal shaping / episode  : 128.586
DFA transitions / episode   : 1.54
DFA transitions in window   : 1->2: 91, 2->3: 63
epsilon (next episode)       : 0.13528
replay buffer                : 300000 samples [1: 61.7%, 2: 38.3%, 3: 0.0%]
DFA state visits in window   : 1: 14714, 2: 10708, 3: 63
DFA state visits cumulative  : 1: 903781, 2: 249258, 3: 938
DFA state entries in window  : 1: 100, 2: 91, 3: 63
DFA state entries cumulative : 1: 5000, 2: 1911, 3: 938
transitions cumulative       : 1->2: 1911, 2->3: 938
accepted directly from s0    : 0
Gym endings cumulative       : terminated=4031, truncated=31

Starting autonomous greedy evaluation at episode 5000 (1000 fixed-seed episodes)...
[Greedy evaluation at episode 5000 | 1000 fixed-seed episodes]
success=88.9%, failure=0.0%, task reward=8890.000, length=229.5
DFA transitions: 1->2: 999, 2->3: 889

[Episode 5100/8000 | last 100]
success rate                : 70.0% (cumulative 19.8%)
failure rate                : 0.0% (cumulative 0.0%)
completed cycles / episode  : 0.000
synthetic task reward       : 7000.000
shaping reward              : 8448.250
learning reward             : 15448.250
episode length              : 253.8
abstract changes / episode  : 233.2
same abstract-state steps   : 8.1%
same-state shaping / episode: 0.000
changed-state shaping / ep. : 8448.250
terminal shaping / episode  : 132.601
DFA transitions / episode   : 1.68
DFA transitions in window   : 1->2: 98, 2->3: 70
epsilon (next episode)       : 0.12998
replay buffer                : 300000 samples [1: 61.5%, 2: 38.5%, 3: 0.0%]
DFA state visits in window   : 1: 14724, 2: 10689, 3: 70
DFA state visits cumulative  : 1: 918505, 2: 259947, 3: 1008
DFA state entries in window  : 1: 100, 2: 98, 3: 70
DFA state entries cumulative : 1: 5100, 2: 2009, 3: 1008
transitions cumulative       : 1->2: 2009, 2->3: 1008
accepted directly from s0    : 0
Gym endings cumulative       : terminated=4061, truncated=31

[Episode 5200/8000 | last 100]
success rate                : 73.0% (cumulative 20.8%)
failure rate                : 0.0% (cumulative 0.0%)
completed cycles / episode  : 0.000
synthetic task reward       : 7300.000
shaping reward              : 8208.571
learning reward             : 15508.571
episode length              : 257.5
abstract changes / episode  : 239.7
same abstract-state steps   : 6.9%
same-state shaping / episode: 0.000
changed-state shaping / ep. : 8208.571
terminal shaping / episode  : 146.003
DFA transitions / episode   : 1.66
DFA transitions in window   : 1->2: 93, 2->3: 73
epsilon (next episode)       : 0.12488
replay buffer                : 300000 samples [1: 60.8%, 2: 39.2%, 3: 0.0%]
DFA state visits in window   : 1: 15144, 2: 10630, 3: 73
DFA state visits cumulative  : 1: 933649, 2: 270577, 3: 1081
DFA state entries in window  : 1: 100, 2: 93, 3: 73
DFA state entries cumulative : 1: 5200, 2: 2102, 3: 1081
transitions cumulative       : 1->2: 2102, 2->3: 1081
accepted directly from s0    : 0
Gym endings cumulative       : terminated=4088, truncated=31

[Episode 5300/8000 | last 100]
success rate                : 74.0% (cumulative 21.8%)
failure rate                : 0.0% (cumulative 0.0%)
completed cycles / episode  : 0.000
synthetic task reward       : 7400.000
shaping reward              : 8204.851
learning reward             : 15604.851
episode length              : 239.4
abstract changes / episode  : 224.0
same abstract-state steps   : 6.4%
same-state shaping / episode: 0.000
changed-state shaping / ep. : 8204.851
terminal shaping / episode  : 154.774
DFA transitions / episode   : 1.65
DFA transitions in window   : 1->2: 91, 2->3: 74
epsilon (next episode)       : 0.11998
replay buffer                : 300000 samples [1: 60.5%, 2: 39.5%, 3: 0.0%]
DFA state visits in window   : 1: 13921, 2: 10048, 3: 74
DFA state visits cumulative  : 1: 947570, 2: 280625, 3: 1155
DFA state entries in window  : 1: 100, 2: 91, 3: 74
DFA state entries cumulative : 1: 5300, 2: 2193, 3: 1155
transitions cumulative       : 1->2: 2193, 2->3: 1155
accepted directly from s0    : 0
Gym endings cumulative       : terminated=4114, truncated=31

[Episode 5400/8000 | last 100]
success rate                : 89.0% (cumulative 23.0%)
failure rate                : 0.0% (cumulative 0.0%)
completed cycles / episode  : 0.000
synthetic task reward       : 8900.000
shaping reward              : 9183.154
learning reward             : 18083.154
episode length              : 249.3
abstract changes / episode  : 233.7
same abstract-state steps   : 6.3%
same-state shaping / episode: 0.000
changed-state shaping / ep. : 9183.154
terminal shaping / episode  : 191.847
DFA transitions / episode   : 1.86
DFA transitions in window   : 1->2: 97, 2->3: 89
epsilon (next episode)       : 0.11528
replay buffer                : 300000 samples [1: 60.1%, 2: 39.9%, 3: 0.0%]
DFA state visits in window   : 1: 14247, 2: 10697, 3: 89
DFA state visits cumulative  : 1: 961817, 2: 291322, 3: 1244
DFA state entries in window  : 1: 100, 2: 97, 3: 89
DFA state entries cumulative : 1: 5400, 2: 2290, 3: 1244
transitions cumulative       : 1->2: 2290, 2->3: 1244
accepted directly from s0    : 0
Gym endings cumulative       : terminated=4125, truncated=31

[Episode 5500/8000 | last 100]
success rate                : 83.0% (cumulative 24.1%)
failure rate                : 0.0% (cumulative 0.0%)
completed cycles / episode  : 0.000
synthetic task reward       : 8300.000
shaping reward              : 8952.602
learning reward             : 17252.602
episode length              : 231.5
abstract changes / episode  : 215.9
same abstract-state steps   : 6.7%
same-state shaping / episode: 0.000
changed-state shaping / ep. : 8952.602
terminal shaping / episode  : 166.733
DFA transitions / episode   : 1.81
DFA transitions in window   : 1->2: 98, 2->3: 83
epsilon (next episode)       : 0.11075
replay buffer                : 300000 samples [1: 59.5%, 2: 40.5%, 3: 0.0%]
DFA state visits in window   : 1: 12571, 2: 10595, 3: 83
DFA state visits cumulative  : 1: 974388, 2: 301917, 3: 1327
DFA state entries in window  : 1: 100, 2: 98, 3: 83
DFA state entries cumulative : 1: 5500, 2: 2388, 3: 1327
transitions cumulative       : 1->2: 2388, 2->3: 1327
accepted directly from s0    : 0
Gym endings cumulative       : terminated=4142, truncated=31

Starting autonomous greedy evaluation at episode 5500 (1000 fixed-seed episodes)...
[Greedy evaluation at episode 5500 | 1000 fixed-seed episodes]
success=97.8%, failure=0.0%, task reward=9780.000, length=241.7
DFA transitions: 1->2: 978, 2->3: 978

[Episode 5600/8000 | last 100]
success rate                : 82.0% (cumulative 25.2%)
failure rate                : 0.0% (cumulative 0.0%)
completed cycles / episode  : 0.000
synthetic task reward       : 8200.000
shaping reward              : 8531.796
learning reward             : 16731.796
episode length              : 233.9
abstract changes / episode  : 218.4
same abstract-state steps   : 6.6%
same-state shaping / episode: 0.000
changed-state shaping / ep. : 8531.796
terminal shaping / episode  : 212.774
DFA transitions / episode   : 1.74
DFA transitions in window   : 1->2: 92, 2->3: 82
epsilon (next episode)       : 0.10641
replay buffer                : 300000 samples [1: 59.1%, 2: 40.9%, 3: 0.0%]
DFA state visits in window   : 1: 13701, 2: 9710, 3: 82
DFA state visits cumulative  : 1: 988089, 2: 311627, 3: 1409
DFA state entries in window  : 1: 100, 2: 92, 3: 82
DFA state entries cumulative : 1: 5600, 2: 2480, 3: 1409
transitions cumulative       : 1->2: 2480, 2->3: 1409
accepted directly from s0    : 0
Gym endings cumulative       : terminated=4160, truncated=31

[Episode 5700/8000 | last 100]
success rate                : 89.0% (cumulative 26.3%)
failure rate                : 0.0% (cumulative 0.0%)
completed cycles / episode  : 0.000
synthetic task reward       : 8900.000
shaping reward              : 9192.753
learning reward             : 18092.753
episode length              : 231.8
abstract changes / episode  : 216.9
same abstract-state steps   : 6.4%
same-state shaping / episode: 0.000
changed-state shaping / ep. : 9192.753
terminal shaping / episode  : 185.989
DFA transitions / episode   : 1.87
DFA transitions in window   : 1->2: 98, 2->3: 89
epsilon (next episode)       : 0.10224
replay buffer                : 300000 samples [1: 58.8%, 2: 41.2%, 3: 0.0%]
DFA state visits in window   : 1: 13154, 2: 10037, 3: 89
DFA state visits cumulative  : 1: 1001243, 2: 321664, 3: 1498
DFA state entries in window  : 1: 100, 2: 98, 3: 89
DFA state entries cumulative : 1: 5700, 2: 2578, 3: 1498
transitions cumulative       : 1->2: 2578, 2->3: 1498
accepted directly from s0    : 0
Gym endings cumulative       : terminated=4171, truncated=31

[Episode 5800/8000 | last 100]
success rate                : 89.0% (cumulative 27.4%)
failure rate                : 0.0% (cumulative 0.0%)
completed cycles / episode  : 0.000
synthetic task reward       : 8900.000
shaping reward              : 9229.830
learning reward             : 18129.830
episode length              : 231.8
abstract changes / episode  : 216.1
same abstract-state steps   : 6.8%
same-state shaping / episode: 0.000
changed-state shaping / ep. : 9229.830
terminal shaping / episode  : 199.178
DFA transitions / episode   : 1.87
DFA transitions in window   : 1->2: 98, 2->3: 89
epsilon (next episode)       : 0.09823
replay buffer                : 300000 samples [1: 58.8%, 2: 41.2%, 3: 0.0%]
DFA state visits in window   : 1: 12944, 2: 10242, 3: 89
DFA state visits cumulative  : 1: 1014187, 2: 331906, 3: 1587
DFA state entries in window  : 1: 100, 2: 98, 3: 89
DFA state entries cumulative : 1: 5800, 2: 2676, 3: 1587
transitions cumulative       : 1->2: 2676, 2->3: 1587
accepted directly from s0    : 0
Gym endings cumulative       : terminated=4182, truncated=31

[Episode 5900/8000 | last 100]
success rate                : 83.0% (cumulative 28.3%)
failure rate                : 0.0% (cumulative 0.0%)
completed cycles / episode  : 0.000
synthetic task reward       : 8300.000
shaping reward              : 8722.478
learning reward             : 17022.478
episode length              : 236.9
abstract changes / episode  : 221.9
same abstract-state steps   : 6.4%
same-state shaping / episode: 0.000
changed-state shaping / ep. : 8722.478
terminal shaping / episode  : 208.160
DFA transitions / episode   : 1.78
DFA transitions in window   : 1->2: 95, 2->3: 83
epsilon (next episode)       : 0.09438
replay buffer                : 300000 samples [1: 58.5%, 2: 41.5%, 3: 0.0%]
DFA state visits in window   : 1: 13475, 2: 10235, 3: 83
DFA state visits cumulative  : 1: 1027662, 2: 342141, 3: 1670
DFA state entries in window  : 1: 100, 2: 95, 3: 83
DFA state entries cumulative : 1: 5900, 2: 2771, 3: 1670
transitions cumulative       : 1->2: 2771, 2->3: 1670
accepted directly from s0    : 0
Gym endings cumulative       : terminated=4199, truncated=31

[Episode 6000/8000 | last 100]
success rate                : 87.0% (cumulative 29.3%)
failure rate                : 0.0% (cumulative 0.0%)
completed cycles / episode  : 0.000
synthetic task reward       : 8700.000
shaping reward              : 8962.573
learning reward             : 17662.573
episode length              : 224.5
abstract changes / episode  : 208.2
same abstract-state steps   : 7.3%
same-state shaping / episode: 0.000
changed-state shaping / ep. : 8962.573
terminal shaping / episode  : 202.172
DFA transitions / episode   : 1.82
DFA transitions in window   : 1->2: 95, 2->3: 87
epsilon (next episode)       : 0.09067
replay buffer                : 300000 samples [1: 57.7%, 2: 42.3%, 3: 0.0%]
DFA state visits in window   : 1: 12565, 2: 9895, 3: 87
DFA state visits cumulative  : 1: 1040227, 2: 352036, 3: 1757
DFA state entries in window  : 1: 100, 2: 95, 3: 87
DFA state entries cumulative : 1: 6000, 2: 2866, 3: 1757
transitions cumulative       : 1->2: 2866, 2->3: 1757
accepted directly from s0    : 0
Gym endings cumulative       : terminated=4212, truncated=31

Starting autonomous greedy evaluation at episode 6000 (1000 fixed-seed episodes)...
[Greedy evaluation at episode 6000 | 1000 fixed-seed episodes]
success=94.4%, failure=0.0%, task reward=9440.000, length=226.7
DFA transitions: 1->2: 944, 2->3: 944

[Episode 6100/8000 | last 100]
success rate                : 87.0% (cumulative 30.2%)
failure rate                : 0.0% (cumulative 0.0%)
completed cycles / episode  : 0.000
synthetic task reward       : 8700.000
shaping reward              : 8592.079
learning reward             : 17292.079
episode length              : 233.1
abstract changes / episode  : 214.6
same abstract-state steps   : 7.9%
same-state shaping / episode: 0.000
changed-state shaping / ep. : 8592.079
terminal shaping / episode  : 170.909
DFA transitions / episode   : 1.77
DFA transitions in window   : 1->2: 90, 2->3: 87
epsilon (next episode)       : 0.08712
replay buffer                : 300000 samples [1: 57.1%, 2: 42.9%, 3: 0.0%]
DFA state visits in window   : 1: 13437, 2: 9889, 3: 87
DFA state visits cumulative  : 1: 1053664, 2: 361925, 3: 1844
DFA state entries in window  : 1: 100, 2: 90, 3: 87
DFA state entries cumulative : 1: 6100, 2: 2956, 3: 1844
transitions cumulative       : 1->2: 2956, 2->3: 1844
accepted directly from s0    : 0
Gym endings cumulative       : terminated=4225, truncated=31

[Episode 6200/8000 | last 100]
success rate                : 74.0% (cumulative 30.9%)
failure rate                : 0.0% (cumulative 0.0%)
completed cycles / episode  : 0.000
synthetic task reward       : 7400.000
shaping reward              : 7448.788
learning reward             : 14848.788
episode length              : 255.1
abstract changes / episode  : 239.8
same abstract-state steps   : 6.0%
same-state shaping / episode: 0.000
changed-state shaping / ep. : 7448.788
terminal shaping / episode  : 146.817
DFA transitions / episode   : 1.52
DFA transitions in window   : 1->2: 78, 2->3: 74
epsilon (next episode)       : 0.08370
replay buffer                : 300000 samples [1: 57.8%, 2: 42.2%, 3: 0.0%]
DFA state visits in window   : 1: 16577, 2: 8962, 3: 74
DFA state visits cumulative  : 1: 1070241, 2: 370887, 3: 1918
DFA state entries in window  : 1: 100, 2: 78, 3: 74
DFA state entries cumulative : 1: 6200, 2: 3034, 3: 1918
transitions cumulative       : 1->2: 3034, 2->3: 1918
accepted directly from s0    : 0
Gym endings cumulative       : terminated=4251, truncated=31

[Episode 6300/8000 | last 100]
success rate                : 82.0% (cumulative 31.7%)
failure rate                : 0.0% (cumulative 0.0%)
completed cycles / episode  : 0.000
synthetic task reward       : 8200.000
shaping reward              : 8452.438
learning reward             : 16652.438
episode length              : 239.2
abstract changes / episode  : 225.0
same abstract-state steps   : 5.9%
same-state shaping / episode: 0.000
changed-state shaping / ep. : 8452.438
terminal shaping / episode  : 164.484
DFA transitions / episode   : 1.71
DFA transitions in window   : 1->2: 89, 2->3: 82
epsilon (next episode)       : 0.08042
replay buffer                : 300000 samples [1: 57.6%, 2: 42.4%, 3: 0.0%]
DFA state visits in window   : 1: 13703, 2: 10232, 3: 82
DFA state visits cumulative  : 1: 1083944, 2: 381119, 3: 2000
DFA state entries in window  : 1: 100, 2: 89, 3: 82
DFA state entries cumulative : 1: 6300, 2: 3123, 3: 2000
transitions cumulative       : 1->2: 3123, 2->3: 2000
accepted directly from s0    : 0
Gym endings cumulative       : terminated=4269, truncated=31

[Episode 6400/8000 | last 100]
success rate                : 71.0% (cumulative 32.4%)
failure rate                : 0.0% (cumulative 0.0%)
completed cycles / episode  : 0.000
synthetic task reward       : 7100.000
shaping reward              : 7645.181
learning reward             : 14745.181
episode length              : 239.0
abstract changes / episode  : 218.1
same abstract-state steps   : 8.7%
same-state shaping / episode: 0.000
changed-state shaping / ep. : 7645.181
terminal shaping / episode  : 148.785
DFA transitions / episode   : 1.59
DFA transitions in window   : 1->2: 88, 2->3: 71
epsilon (next episode)       : 0.07727
replay buffer                : 300000 samples [1: 58.1%, 2: 41.9%, 3: 0.0%]
DFA state visits in window   : 1: 14594, 2: 9333, 3: 71
DFA state visits cumulative  : 1: 1098538, 2: 390452, 3: 2071
DFA state entries in window  : 1: 100, 2: 88, 3: 71
DFA state entries cumulative : 1: 6400, 2: 3211, 3: 2071
transitions cumulative       : 1->2: 3211, 2->3: 2071
accepted directly from s0    : 0
Gym endings cumulative       : terminated=4298, truncated=31

[Episode 6500/8000 | last 100]
success rate                : 66.0% (cumulative 32.9%)
failure rate                : 0.0% (cumulative 0.0%)
completed cycles / episode  : 0.000
synthetic task reward       : 6600.000
shaping reward              : 7824.749
learning reward             : 14424.749
episode length              : 330.6
abstract changes / episode  : 280.5
same abstract-state steps   : 15.2%
same-state shaping / episode: 0.000
changed-state shaping / ep. : 7824.749
terminal shaping / episode  : 98.995
DFA transitions / episode   : 1.56
DFA transitions in window   : 1->2: 90, 2->3: 66
epsilon (next episode)       : 0.07423
replay buffer                : 300000 samples [1: 58.9%, 2: 41.1%, 3: 0.0%]
DFA state visits in window   : 1: 22340, 2: 10750, 3: 66
DFA state visits cumulative  : 1: 1120878, 2: 401202, 3: 2137
DFA state entries in window  : 1: 100, 2: 90, 3: 66
DFA state entries cumulative : 1: 6500, 2: 3301, 3: 2137
transitions cumulative       : 1->2: 3301, 2->3: 2137
accepted directly from s0    : 0
Gym endings cumulative       : terminated=4328, truncated=35

Starting autonomous greedy evaluation at episode 6500 (1000 fixed-seed episodes)...
[Greedy evaluation at episode 6500 | 1000 fixed-seed episodes]
success=38.4%, failure=0.0%, task reward=3840.000, length=321.8
DFA transitions: 1->2: 976, 2->3: 384

[Episode 6600/8000 | last 100]
success rate                : 75.0% (cumulative 33.5%)
failure rate                : 0.0% (cumulative 0.0%)
completed cycles / episode  : 0.000
synthetic task reward       : 7500.000
shaping reward              : 7908.788
learning reward             : 15408.788
episode length              : 269.6
abstract changes / episode  : 246.8
same abstract-state steps   : 8.5%
same-state shaping / episode: 0.000
changed-state shaping / ep. : 7908.788
terminal shaping / episode  : 165.111
DFA transitions / episode   : 1.62
DFA transitions in window   : 1->2: 87, 2->3: 75
epsilon (next episode)       : 0.07132
replay buffer                : 300000 samples [1: 59.5%, 2: 40.5%, 3: 0.0%]
DFA state visits in window   : 1: 17203, 2: 9785, 3: 75
DFA state visits cumulative  : 1: 1138081, 2: 410987, 3: 2212
DFA state entries in window  : 1: 100, 2: 87, 3: 75
DFA state entries cumulative : 1: 6600, 2: 3388, 3: 2212
transitions cumulative       : 1->2: 3388, 2->3: 2212
accepted directly from s0    : 0
Gym endings cumulative       : terminated=4351, truncated=37

[Episode 6700/8000 | last 100]
success rate                : 75.0% (cumulative 34.1%)
failure rate                : 0.0% (cumulative 0.0%)
completed cycles / episode  : 0.000
synthetic task reward       : 7500.000
shaping reward              : 7937.159
learning reward             : 15437.159
episode length              : 251.7
abstract changes / episode  : 231.6
same abstract-state steps   : 8.0%
same-state shaping / episode: 0.000
changed-state shaping / ep. : 7937.159
terminal shaping / episode  : 114.852
DFA transitions / episode   : 1.61
DFA transitions in window   : 1->2: 86, 2->3: 75
epsilon (next episode)       : 0.06853
replay buffer                : 300000 samples [1: 60.2%, 2: 39.8%, 3: 0.0%]
DFA state visits in window   : 1: 15811, 2: 9386, 3: 75
DFA state visits cumulative  : 1: 1153892, 2: 420373, 3: 2287
DFA state entries in window  : 1: 100, 2: 86, 3: 75
DFA state entries cumulative : 1: 6700, 2: 3474, 3: 2287
transitions cumulative       : 1->2: 3474, 2->3: 2287
accepted directly from s0    : 0
Gym endings cumulative       : terminated=4376, truncated=37

[Episode 6800/8000 | last 100]
success rate                : 58.0% (cumulative 34.5%)
failure rate                : 0.0% (cumulative 0.0%)
completed cycles / episode  : 0.000
synthetic task reward       : 5800.000
shaping reward              : 7786.976
learning reward             : 13586.976
episode length              : 239.7
abstract changes / episode  : 225.9
same abstract-state steps   : 5.8%
same-state shaping / episode: 0.000
changed-state shaping / ep. : 7786.976
terminal shaping / episode  : 63.292
DFA transitions / episode   : 1.52
DFA transitions in window   : 1->2: 94, 2->3: 58
epsilon (next episode)       : 0.06584
replay buffer                : 300000 samples [1: 60.3%, 2: 39.7%, 3: 0.0%]
DFA state visits in window   : 1: 14222, 2: 9787, 3: 58
DFA state visits cumulative  : 1: 1168114, 2: 430160, 3: 2345
DFA state entries in window  : 1: 100, 2: 94, 3: 58
DFA state entries cumulative : 1: 6800, 2: 3568, 3: 2345
transitions cumulative       : 1->2: 3568, 2->3: 2345
accepted directly from s0    : 0
Gym endings cumulative       : terminated=4418, truncated=37

[Episode 6900/8000 | last 100]
success rate                : 44.0% (cumulative 34.6%)
failure rate                : 0.0% (cumulative 0.0%)
completed cycles / episode  : 0.000
synthetic task reward       : 4400.000
shaping reward              : 7076.515
learning reward             : 11476.515
episode length              : 237.8
abstract changes / episode  : 226.8
same abstract-state steps   : 4.6%
same-state shaping / episode: 0.000
changed-state shaping / ep. : 7076.515
terminal shaping / episode  : 20.120
DFA transitions / episode   : 1.30
DFA transitions in window   : 1->2: 86, 2->3: 44
epsilon (next episode)       : 0.06326
replay buffer                : 300000 samples [1: 60.8%, 2: 39.2%, 3: 0.0%]
DFA state visits in window   : 1: 15071, 2: 8762, 3: 44
DFA state visits cumulative  : 1: 1183185, 2: 438922, 3: 2389
DFA state entries in window  : 1: 100, 2: 86, 3: 44
DFA state entries cumulative : 1: 6900, 2: 3654, 3: 2389
transitions cumulative       : 1->2: 3654, 2->3: 2389
accepted directly from s0    : 0
Gym endings cumulative       : terminated=4474, truncated=37

[Episode 7000/8000 | last 100]
success rate                : 63.0% (cumulative 35.0%)
failure rate                : 0.0% (cumulative 0.0%)
completed cycles / episode  : 0.000
synthetic task reward       : 6300.000
shaping reward              : 8166.196
learning reward             : 14466.196
episode length              : 248.9
abstract changes / episode  : 232.9
same abstract-state steps   : 6.4%
same-state shaping / episode: 0.000
changed-state shaping / ep. : 8166.196
terminal shaping / episode  : 97.134
DFA transitions / episode   : 1.56
DFA transitions in window   : 1->2: 93, 2->3: 63
epsilon (next episode)       : 0.06078
replay buffer                : 300000 samples [1: 61.2%, 2: 38.8%, 3: 0.0%]
DFA state visits in window   : 1: 15041, 2: 9891, 3: 63
DFA state visits cumulative  : 1: 1198226, 2: 448813, 3: 2452
DFA state entries in window  : 1: 100, 2: 93, 3: 63
DFA state entries cumulative : 1: 7000, 2: 3747, 3: 2452
transitions cumulative       : 1->2: 3747, 2->3: 2452
accepted directly from s0    : 0
Gym endings cumulative       : terminated=4511, truncated=37

Starting autonomous greedy evaluation at episode 7000 (1000 fixed-seed episodes)...
[Greedy evaluation at episode 7000 | 1000 fixed-seed episodes]
success=98.1%, failure=0.0%, task reward=9810.000, length=235.0
DFA transitions: 1->2: 981, 2->3: 981

[Episode 7100/8000 | last 100]
success rate                : 76.0% (cumulative 35.6%)
failure rate                : 0.0% (cumulative 0.0%)
completed cycles / episode  : 0.000
synthetic task reward       : 7600.000
shaping reward              : 8512.783
learning reward             : 16112.783
episode length              : 227.1
abstract changes / episode  : 214.5
same abstract-state steps   : 5.5%
same-state shaping / episode: 0.000
changed-state shaping / ep. : 8512.783
terminal shaping / episode  : 128.545
DFA transitions / episode   : 1.68
DFA transitions in window   : 1->2: 92, 2->3: 76
epsilon (next episode)       : 0.05839
replay buffer                : 300000 samples [1: 61.3%, 2: 38.7%, 3: 0.0%]
DFA state visits in window   : 1: 13173, 2: 9558, 3: 76
DFA state visits cumulative  : 1: 1211399, 2: 458371, 3: 2528
DFA state entries in window  : 1: 100, 2: 92, 3: 76
DFA state entries cumulative : 1: 7100, 2: 3839, 3: 2528
transitions cumulative       : 1->2: 3839, 2->3: 2528
accepted directly from s0    : 0
Gym endings cumulative       : terminated=4535, truncated=37

[Episode 7200/8000 | last 100]
success rate                : 79.0% (cumulative 36.2%)
failure rate                : 0.0% (cumulative 0.0%)
completed cycles / episode  : 0.000
synthetic task reward       : 7900.000
shaping reward              : 8353.164
learning reward             : 16253.164
episode length              : 224.7
abstract changes / episode  : 212.1
same abstract-state steps   : 5.6%
same-state shaping / episode: 0.000
changed-state shaping / ep. : 8353.164
terminal shaping / episode  : 152.206
DFA transitions / episode   : 1.68
DFA transitions in window   : 1->2: 89, 2->3: 79
epsilon (next episode)       : 0.05610
replay buffer                : 300000 samples [1: 61.5%, 2: 38.5%, 3: 0.0%]
DFA state visits in window   : 1: 13292, 2: 9199, 3: 79
DFA state visits cumulative  : 1: 1224691, 2: 467570, 3: 2607
DFA state entries in window  : 1: 100, 2: 89, 3: 79
DFA state entries cumulative : 1: 7200, 2: 3928, 3: 2607
transitions cumulative       : 1->2: 3928, 2->3: 2607
accepted directly from s0    : 0
Gym endings cumulative       : terminated=4556, truncated=37

[Episode 7300/8000 | last 100]
success rate                : 73.0% (cumulative 36.7%)
failure rate                : 0.0% (cumulative 0.0%)
completed cycles / episode  : 0.000
synthetic task reward       : 7300.000
shaping reward              : 8020.833
learning reward             : 15320.833
episode length              : 234.9
abstract changes / episode  : 219.6
same abstract-state steps   : 6.5%
same-state shaping / episode: 0.000
changed-state shaping / ep. : 8020.833
terminal shaping / episode  : 132.572
DFA transitions / episode   : 1.62
DFA transitions in window   : 1->2: 89, 2->3: 73
epsilon (next episode)       : 0.05390
replay buffer                : 300000 samples [1: 61.8%, 2: 38.2%, 3: 0.0%]
DFA state visits in window   : 1: 14341, 2: 9177, 3: 73
DFA state visits cumulative  : 1: 1239032, 2: 476747, 3: 2680
DFA state entries in window  : 1: 100, 2: 89, 3: 73
DFA state entries cumulative : 1: 7300, 2: 4017, 3: 2680
transitions cumulative       : 1->2: 4017, 2->3: 2680
accepted directly from s0    : 0
Gym endings cumulative       : terminated=4583, truncated=37

[Episode 7400/8000 | last 100]
success rate                : 77.0% (cumulative 37.3%)
failure rate                : 0.0% (cumulative 0.0%)
completed cycles / episode  : 0.000
synthetic task reward       : 7700.000
shaping reward              : 8203.554
learning reward             : 15903.554
episode length              : 222.0
abstract changes / episode  : 205.1
same abstract-state steps   : 7.6%
same-state shaping / episode: 0.000
changed-state shaping / ep. : 8203.554
terminal shaping / episode  : 138.269
DFA transitions / episode   : 1.66
DFA transitions in window   : 1->2: 89, 2->3: 77
epsilon (next episode)       : 0.05179
replay buffer                : 300000 samples [1: 61.2%, 2: 38.8%, 3: 0.0%]
DFA state visits in window   : 1: 12941, 2: 9282, 3: 77
DFA state visits cumulative  : 1: 1251973, 2: 486029, 3: 2757
DFA state entries in window  : 1: 100, 2: 89, 3: 77
DFA state entries cumulative : 1: 7400, 2: 4106, 3: 2757
transitions cumulative       : 1->2: 4106, 2->3: 2757
accepted directly from s0    : 0
Gym endings cumulative       : terminated=4606, truncated=37

[Episode 7500/8000 | last 100]
success rate                : 94.0% (cumulative 38.0%)
failure rate                : 0.0% (cumulative 0.0%)
completed cycles / episode  : 0.000
synthetic task reward       : 9400.000
shaping reward              : 9414.846
learning reward             : 18814.846
episode length              : 232.7
abstract changes / episode  : 218.2
same abstract-state steps   : 6.3%
same-state shaping / episode: 0.000
changed-state shaping / ep. : 9414.846
terminal shaping / episode  : 211.481
DFA transitions / episode   : 1.92
DFA transitions in window   : 1->2: 98, 2->3: 94
epsilon (next episode)       : 0.04976
replay buffer                : 300000 samples [1: 61.1%, 2: 38.9%, 3: 0.0%]
DFA state visits in window   : 1: 13237, 2: 10043, 3: 94
DFA state visits cumulative  : 1: 1265210, 2: 496072, 3: 2851
DFA state entries in window  : 1: 100, 2: 98, 3: 94
DFA state entries cumulative : 1: 7500, 2: 4204, 3: 2851
transitions cumulative       : 1->2: 4204, 2->3: 2851
accepted directly from s0    : 0
Gym endings cumulative       : terminated=4612, truncated=37

Starting autonomous greedy evaluation at episode 7500 (1000 fixed-seed episodes)...
[Greedy evaluation at episode 7500 | 1000 fixed-seed episodes]
success=87.4%, failure=0.0%, task reward=8740.000, length=229.0
DFA transitions: 1->2: 914, 2->3: 874

[Episode 7600/8000 | last 100]
success rate                : 80.0% (cumulative 38.6%)
failure rate                : 0.0% (cumulative 0.0%)
completed cycles / episode  : 0.000
synthetic task reward       : 8000.000
shaping reward              : 8347.904
learning reward             : 16347.904
episode length              : 237.9
abstract changes / episode  : 222.3
same abstract-state steps   : 6.5%
same-state shaping / episode: 0.000
changed-state shaping / ep. : 8347.904
terminal shaping / episode  : 160.653
DFA transitions / episode   : 1.71
DFA transitions in window   : 1->2: 91, 2->3: 80
epsilon (next episode)       : 0.04781
replay buffer                : 300000 samples [1: 61.1%, 2: 38.9%, 3: 0.0%]
DFA state visits in window   : 1: 14434, 2: 9373, 3: 80
DFA state visits cumulative  : 1: 1279644, 2: 505445, 3: 2931
DFA state entries in window  : 1: 100, 2: 91, 3: 80
DFA state entries cumulative : 1: 7600, 2: 4295, 3: 2931
transitions cumulative       : 1->2: 4295, 2->3: 2931
accepted directly from s0    : 0
Gym endings cumulative       : terminated=4632, truncated=37

[Episode 7700/8000 | last 100]
success rate                : 76.0% (cumulative 39.1%)
failure rate                : 0.0% (cumulative 0.0%)
completed cycles / episode  : 0.000
synthetic task reward       : 7600.000
shaping reward              : 7776.552
learning reward             : 15376.552
episode length              : 249.4
abstract changes / episode  : 238.7
same abstract-state steps   : 4.3%
same-state shaping / episode: 0.000
changed-state shaping / ep. : 7776.552
terminal shaping / episode  : 144.527
DFA transitions / episode   : 1.59
DFA transitions in window   : 1->2: 83, 2->3: 76
epsilon (next episode)       : 0.04593
replay buffer                : 300000 samples [1: 61.5%, 2: 38.5%, 3: 0.0%]
DFA state visits in window   : 1: 16818, 2: 8145, 3: 76
DFA state visits cumulative  : 1: 1296462, 2: 513590, 3: 3007
DFA state entries in window  : 1: 100, 2: 83, 3: 76
DFA state entries cumulative : 1: 7700, 2: 4378, 3: 3007
transitions cumulative       : 1->2: 4378, 2->3: 3007
accepted directly from s0    : 0
Gym endings cumulative       : terminated=4656, truncated=37

[Episode 7800/8000 | last 100]
success rate                : 84.0% (cumulative 39.6%)
failure rate                : 0.0% (cumulative 0.0%)
completed cycles / episode  : 0.000
synthetic task reward       : 8400.000
shaping reward              : 8508.567
learning reward             : 16908.567
episode length              : 230.4
abstract changes / episode  : 218.4
same abstract-state steps   : 5.2%
same-state shaping / episode: 0.000
changed-state shaping / ep. : 8508.567
terminal shaping / episode  : 164.081
DFA transitions / episode   : 1.73
DFA transitions in window   : 1->2: 89, 2->3: 84
epsilon (next episode)       : 0.04413
replay buffer                : 300000 samples [1: 61.0%, 2: 39.0%, 3: 0.0%]
DFA state visits in window   : 1: 14463, 2: 8597, 3: 84
DFA state visits cumulative  : 1: 1310925, 2: 522187, 3: 3091
DFA state entries in window  : 1: 100, 2: 89, 3: 84
DFA state entries cumulative : 1: 7800, 2: 4467, 3: 3091
transitions cumulative       : 1->2: 4467, 2->3: 3091
accepted directly from s0    : 0
Gym endings cumulative       : terminated=4672, truncated=37

[Episode 7900/8000 | last 100]
success rate                : 46.0% (cumulative 39.7%)
failure rate                : 0.0% (cumulative 0.0%)
completed cycles / episode  : 0.000
synthetic task reward       : 4600.000
shaping reward              : 4659.103
learning reward             : 9259.103
episode length              : 187.2
abstract changes / episode  : 181.1
same abstract-state steps   : 3.3%
same-state shaping / episode: 0.000
changed-state shaping / ep. : 4659.103
terminal shaping / episode  : 74.949
DFA transitions / episode   : 1.00
DFA transitions in window   : 1->2: 54, 2->3: 46
epsilon (next episode)       : 0.04240
replay buffer                : 300000 samples [1: 61.6%, 2: 38.4%, 3: 0.0%]
DFA state visits in window   : 1: 13617, 2: 5160, 3: 46
DFA state visits cumulative  : 1: 1324542, 2: 527347, 3: 3137
DFA state entries in window  : 1: 100, 2: 54, 3: 46
DFA state entries cumulative : 1: 7900, 2: 4521, 3: 3137
transitions cumulative       : 1->2: 4521, 2->3: 3137
accepted directly from s0    : 0
Gym endings cumulative       : terminated=4726, truncated=37

[Episode 8000/8000 | last 100]
success rate                : 1.0% (cumulative 39.2%)
failure rate                : 0.0% (cumulative 0.0%)
completed cycles / episode  : 0.000
synthetic task reward       : 100.000
shaping reward              : 3.845
learning reward             : 103.845
episode length              : 155.1
abstract changes / episode  : 148.8
same abstract-state steps   : 4.1%
same-state shaping / episode: 0.000
changed-state shaping / ep. : 3.845
terminal shaping / episode  : -5.246
DFA transitions / episode   : 0.13
DFA transitions in window   : 1->2: 12, 2->3: 1
epsilon (next episode)       : 0.04074
replay buffer                : 300000 samples [1: 63.0%, 2: 37.0%, 3: 0.0%]
DFA state visits in window   : 1: 14029, 2: 1581, 3: 1
DFA state visits cumulative  : 1: 1338571, 2: 528928, 3: 3138
DFA state entries in window  : 1: 100, 2: 12, 3: 1
DFA state entries cumulative : 1: 8000, 2: 4533, 3: 3138
transitions cumulative       : 1->2: 4533, 2->3: 3138
accepted directly from s0    : 0
Gym endings cumulative       : terminated=4825, truncated=37

Starting autonomous greedy evaluation at episode 8000 (1000 fixed-seed episodes)...
[Greedy evaluation at episode 8000 | 1000 fixed-seed episodes]
success=0.8%, failure=0.0%, task reward=80.000, length=200.3
DFA transitions: 1->2: 59, 2->3: 8
Last policy saved after episode 8000. Best greedy evaluation: episode 4500, mean task reward=9840.000
