
=== NEW RUN ===
episodes=8000, shaping=True, goal_reward=10000.0, gamma=0.99
gamma_shaping=1.0, shaping_formula=gamma_shaping*Phi(next)-Phi(state)
ground_unbiased_learner=False
eval_interval=500, eval_episodes=1000, eval_seed=100000
inter_level_shaping=False, inter_level_formula=gamma*Phi(next)-Phi(state)
task_type=ltlf, task=F(wp1 & X(F(wp2 & X(F(g1)))))
regions={wp1: {'center': [-0.75, 1.0625], 'radius': 0.1}, wp2: {'center': [0, 0.8125], 'radius': 0.1}, g1: {'center': [0.75, 1.0625], 'radius': 0.1}}
dfa_states=[1, 2, 3, 4], pre_trace=1, accepting=[4], failure=[]

[Episode 1/8000 | last 1]
success rate                : 0.0% (cumulative 0.0%)
failure rate                : 0.0% (cumulative 0.0%)
completed cycles / episode  : 0.000
synthetic task reward       : 0.000
shaping reward              : -830.611
learning reward             : -830.611
episode length              : 101.0
abstract changes / episode  : 24.0
same abstract-state steps   : 76.2%
same-state shaping / episode: 0.000
changed-state shaping / ep. : -830.611
terminal shaping / episode  : 0.000
DFA transitions / episode   : 0.00
DFA transitions in window   : none
epsilon (next episode)       : 0.99960
replay buffer                : 101 samples [1: 100.0%, 2: 0.0%, 3: 0.0%, 4: 0.0%]
DFA state visits in window   : 1: 102, 2: 0, 3: 0, 4: 0
DFA state visits cumulative  : 1: 102, 2: 0, 3: 0, 4: 0
DFA state entries in window  : 1: 1, 2: 0, 3: 0, 4: 0
DFA state entries cumulative : 1: 1, 2: 0, 3: 0, 4: 0
transitions cumulative       : none
accepted directly from s0    : 0
Gym endings cumulative       : terminated=1, truncated=0

[Episode 100/8000 | last 100]
success rate                : 0.0% (cumulative 0.0%)
failure rate                : 0.0% (cumulative 0.0%)
completed cycles / episode  : 0.000
synthetic task reward       : 0.000
shaping reward              : -649.566
learning reward             : -649.566
episode length              : 90.7
abstract changes / episode  : 25.6
same abstract-state steps   : 71.8%
same-state shaping / episode: 0.000
changed-state shaping / ep. : -649.566
terminal shaping / episode  : -5.963
DFA transitions / episode   : 0.00
DFA transitions in window   : none
epsilon (next episode)       : 0.96078
replay buffer                : 9071 samples [1: 100.0%, 2: 0.0%, 3: 0.0%, 4: 0.0%]
DFA state visits in window   : 1: 9171, 2: 0, 3: 0, 4: 0
DFA state visits cumulative  : 1: 9171, 2: 0, 3: 0, 4: 0
DFA state entries in window  : 1: 100, 2: 0, 3: 0, 4: 0
DFA state entries cumulative : 1: 100, 2: 0, 3: 0, 4: 0
transitions cumulative       : none
accepted directly from s0    : 0
Gym endings cumulative       : terminated=100, truncated=0

[Episode 200/8000 | last 100]
success rate                : 0.0% (cumulative 0.0%)
failure rate                : 0.0% (cumulative 0.0%)
completed cycles / episode  : 0.000
synthetic task reward       : 0.000
shaping reward              : -594.949
learning reward             : -594.949
episode length              : 101.0
abstract changes / episode  : 25.4
same abstract-state steps   : 74.8%
same-state shaping / episode: 0.000
changed-state shaping / ep. : -594.949
terminal shaping / episode  : -3.692
DFA transitions / episode   : 0.04
DFA transitions in window   : 1->2: 4
epsilon (next episode)       : 0.92310
replay buffer                : 19169 samples [1: 99.4%, 2: 0.6%, 3: 0.0%, 4: 0.0%]
DFA state visits in window   : 1: 10070, 2: 128, 3: 0, 4: 0
DFA state visits cumulative  : 1: 19241, 2: 128, 3: 0, 4: 0
DFA state entries in window  : 1: 100, 2: 4, 3: 0, 4: 0
DFA state entries cumulative : 1: 200, 2: 4, 3: 0, 4: 0
transitions cumulative       : 1->2: 4
accepted directly from s0    : 0
Gym endings cumulative       : terminated=199, truncated=1

[Episode 300/8000 | last 100]
success rate                : 0.0% (cumulative 0.0%)
failure rate                : 0.0% (cumulative 0.0%)
completed cycles / episode  : 0.000
synthetic task reward       : 0.000
shaping reward              : -575.855
learning reward             : -575.855
episode length              : 99.3
abstract changes / episode  : 25.7
same abstract-state steps   : 74.1%
same-state shaping / episode: 0.000
changed-state shaping / ep. : -575.855
terminal shaping / episode  : -5.193
DFA transitions / episode   : 0.05
DFA transitions in window   : 1->2: 5
epsilon (next episode)       : 0.88690
replay buffer                : 29097 samples [1: 99.2%, 2: 0.8%, 3: 0.0%, 4: 0.0%]
DFA state visits in window   : 1: 9909, 2: 119, 3: 0, 4: 0
DFA state visits cumulative  : 1: 29150, 2: 247, 3: 0, 4: 0
DFA state entries in window  : 1: 100, 2: 5, 3: 0, 4: 0
DFA state entries cumulative : 1: 300, 2: 9, 3: 0, 4: 0
transitions cumulative       : 1->2: 9
accepted directly from s0    : 0
Gym endings cumulative       : terminated=299, truncated=1

[Episode 400/8000 | last 100]
success rate                : 0.0% (cumulative 0.0%)
failure rate                : 0.0% (cumulative 0.0%)
completed cycles / episode  : 0.000
synthetic task reward       : 0.000
shaping reward              : -565.275
learning reward             : -565.275
episode length              : 101.6
abstract changes / episode  : 26.1
same abstract-state steps   : 74.3%
same-state shaping / episode: 0.000
changed-state shaping / ep. : -565.275
terminal shaping / episode  : -3.722
DFA transitions / episode   : 0.04
DFA transitions in window   : 1->2: 4
epsilon (next episode)       : 0.85212
replay buffer                : 39253 samples [1: 99.1%, 2: 0.9%, 3: 0.0%, 4: 0.0%]
DFA state visits in window   : 1: 10122, 2: 134, 3: 0, 4: 0
DFA state visits cumulative  : 1: 39272, 2: 381, 3: 0, 4: 0
DFA state entries in window  : 1: 100, 2: 4, 3: 0, 4: 0
DFA state entries cumulative : 1: 400, 2: 13, 3: 0, 4: 0
transitions cumulative       : 1->2: 13
accepted directly from s0    : 0
Gym endings cumulative       : terminated=399, truncated=1

[Episode 500/8000 | last 100]
success rate                : 0.0% (cumulative 0.0%)
failure rate                : 0.0% (cumulative 0.0%)
completed cycles / episode  : 0.000
synthetic task reward       : 0.000
shaping reward              : -576.242
learning reward             : -576.242
episode length              : 104.2
abstract changes / episode  : 26.0
same abstract-state steps   : 75.0%
same-state shaping / episode: 0.000
changed-state shaping / ep. : -576.242
terminal shaping / episode  : -9.784
DFA transitions / episode   : 0.03
DFA transitions in window   : 1->2: 3
epsilon (next episode)       : 0.81870
replay buffer                : 49677 samples [1: 99.2%, 2: 0.8%, 3: 0.0%, 4: 0.0%]
DFA state visits in window   : 1: 10469, 2: 55, 3: 0, 4: 0
DFA state visits cumulative  : 1: 49741, 2: 436, 3: 0, 4: 0
DFA state entries in window  : 1: 100, 2: 3, 3: 0, 4: 0
DFA state entries cumulative : 1: 500, 2: 16, 3: 0, 4: 0
transitions cumulative       : 1->2: 16
accepted directly from s0    : 0
Gym endings cumulative       : terminated=499, truncated=1

Starting autonomous greedy evaluation at episode 500 (1000 fixed-seed episodes)...
[Greedy evaluation at episode 500 | 1000 fixed-seed episodes]
success=0.0%, failure=0.0%, task reward=0.000, length=137.0
DFA transitions: none
Best policy updated from autonomous greedy evaluation at episode 500.

[Episode 600/8000 | last 100]
success rate                : 0.0% (cumulative 0.0%)
failure rate                : 0.0% (cumulative 0.0%)
completed cycles / episode  : 0.000
synthetic task reward       : 0.000
shaping reward              : -534.347
learning reward             : -534.347
episode length              : 109.5
abstract changes / episode  : 25.9
same abstract-state steps   : 76.3%
same-state shaping / episode: 0.000
changed-state shaping / ep. : -534.347
terminal shaping / episode  : -5.247
DFA transitions / episode   : 0.08
DFA transitions in window   : 1->2: 8
epsilon (next episode)       : 0.78659
replay buffer                : 60632 samples [1: 98.9%, 2: 1.1%, 3: 0.0%, 4: 0.0%]
DFA state visits in window   : 1: 10796, 2: 259, 3: 0, 4: 0
DFA state visits cumulative  : 1: 60537, 2: 695, 3: 0, 4: 0
DFA state entries in window  : 1: 100, 2: 8, 3: 0, 4: 0
DFA state entries cumulative : 1: 600, 2: 24, 3: 0, 4: 0
transitions cumulative       : 1->2: 24
accepted directly from s0    : 0
Gym endings cumulative       : terminated=599, truncated=1

[Episode 700/8000 | last 100]
success rate                : 0.0% (cumulative 0.0%)
failure rate                : 0.0% (cumulative 0.0%)
completed cycles / episode  : 0.000
synthetic task reward       : 0.000
shaping reward              : -489.611
learning reward             : -489.611
episode length              : 110.4
abstract changes / episode  : 25.4
same abstract-state steps   : 77.0%
same-state shaping / episode: 0.000
changed-state shaping / ep. : -489.611
terminal shaping / episode  : -8.975
DFA transitions / episode   : 0.07
DFA transitions in window   : 1->2: 7
epsilon (next episode)       : 0.75574
replay buffer                : 71674 samples [1: 98.8%, 2: 1.2%, 3: 0.0%, 4: 0.0%]
DFA state visits in window   : 1: 10958, 2: 184, 3: 0, 4: 0
DFA state visits cumulative  : 1: 71495, 2: 879, 3: 0, 4: 0
DFA state entries in window  : 1: 100, 2: 7, 3: 0, 4: 0
DFA state entries cumulative : 1: 700, 2: 31, 3: 0, 4: 0
transitions cumulative       : 1->2: 31
accepted directly from s0    : 0
Gym endings cumulative       : terminated=699, truncated=1

[Episode 800/8000 | last 100]
success rate                : 0.0% (cumulative 0.0%)
failure rate                : 0.0% (cumulative 0.0%)
completed cycles / episode  : 0.000
synthetic task reward       : 0.000
shaping reward              : -515.634
learning reward             : -515.634
episode length              : 116.7
abstract changes / episode  : 26.7
same abstract-state steps   : 77.1%
same-state shaping / episode: 0.000
changed-state shaping / ep. : -515.634
terminal shaping / episode  : -3.034
DFA transitions / episode   : 0.06
DFA transitions in window   : 1->2: 6
epsilon (next episode)       : 0.72610
replay buffer                : 83339 samples [1: 98.8%, 2: 1.2%, 3: 0.0%, 4: 0.0%]
DFA state visits in window   : 1: 11616, 2: 149, 3: 0, 4: 0
DFA state visits cumulative  : 1: 83111, 2: 1028, 3: 0, 4: 0
DFA state entries in window  : 1: 100, 2: 6, 3: 0, 4: 0
DFA state entries cumulative : 1: 800, 2: 37, 3: 0, 4: 0
transitions cumulative       : 1->2: 37
accepted directly from s0    : 0
Gym endings cumulative       : terminated=799, truncated=1

[Episode 900/8000 | last 100]
success rate                : 0.0% (cumulative 0.0%)
failure rate                : 0.0% (cumulative 0.0%)
completed cycles / episode  : 0.000
synthetic task reward       : 0.000
shaping reward              : -505.324
learning reward             : -505.324
episode length              : 124.2
abstract changes / episode  : 26.1
same abstract-state steps   : 79.0%
same-state shaping / episode: 0.000
changed-state shaping / ep. : -505.324
terminal shaping / episode  : -3.831
DFA transitions / episode   : 0.05
DFA transitions in window   : 1->2: 5
epsilon (next episode)       : 0.69763
replay buffer                : 95764 samples [1: 98.8%, 2: 1.2%, 3: 0.0%, 4: 0.0%]
DFA state visits in window   : 1: 12340, 2: 185, 3: 0, 4: 0
DFA state visits cumulative  : 1: 95451, 2: 1213, 3: 0, 4: 0
DFA state entries in window  : 1: 100, 2: 5, 3: 0, 4: 0
DFA state entries cumulative : 1: 900, 2: 42, 3: 0, 4: 0
transitions cumulative       : 1->2: 42
accepted directly from s0    : 0
Gym endings cumulative       : terminated=899, truncated=1

[Episode 1000/8000 | last 100]
success rate                : 0.0% (cumulative 0.0%)
failure rate                : 0.0% (cumulative 0.0%)
completed cycles / episode  : 0.000
synthetic task reward       : 0.000
shaping reward              : -512.971
learning reward             : -512.971
episode length              : 130.2
abstract changes / episode  : 26.9
same abstract-state steps   : 79.3%
same-state shaping / episode: 0.000
changed-state shaping / ep. : -512.971
terminal shaping / episode  : -9.075
DFA transitions / episode   : 0.08
DFA transitions in window   : 1->2: 8
epsilon (next episode)       : 0.67027
replay buffer                : 108784 samples [1: 98.6%, 2: 1.4%, 3: 0.0%, 4: 0.0%]
DFA state visits in window   : 1: 12793, 2: 327, 3: 0, 4: 0
DFA state visits cumulative  : 1: 108244, 2: 1540, 3: 0, 4: 0
DFA state entries in window  : 1: 100, 2: 8, 3: 0, 4: 0
DFA state entries cumulative : 1: 1000, 2: 50, 3: 0, 4: 0
transitions cumulative       : 1->2: 50
accepted directly from s0    : 0
Gym endings cumulative       : terminated=999, truncated=1

Starting autonomous greedy evaluation at episode 1000 (1000 fixed-seed episodes)...
[Greedy evaluation at episode 1000 | 1000 fixed-seed episodes]
success=0.0%, failure=0.0%, task reward=0.000, length=157.1
DFA transitions: none

[Episode 1100/8000 | last 100]
success rate                : 0.0% (cumulative 0.0%)
failure rate                : 0.0% (cumulative 0.0%)
completed cycles / episode  : 0.000
synthetic task reward       : 0.000
shaping reward              : -624.848
learning reward             : -624.848
episode length              : 151.2
abstract changes / episode  : 27.6
same abstract-state steps   : 81.8%
same-state shaping / episode: 0.000
changed-state shaping / ep. : -624.848
terminal shaping / episode  : -1.487
DFA transitions / episode   : 0.01
DFA transitions in window   : 1->2: 1
epsilon (next episode)       : 0.64398
replay buffer                : 123903 samples [1: 98.8%, 2: 1.2%, 3: 0.0%, 4: 0.0%]
DFA state visits in window   : 1: 15180, 2: 39, 3: 0, 4: 0
DFA state visits cumulative  : 1: 123424, 2: 1579, 3: 0, 4: 0
DFA state entries in window  : 1: 100, 2: 1, 3: 0, 4: 0
DFA state entries cumulative : 1: 1100, 2: 51, 3: 0, 4: 0
transitions cumulative       : 1->2: 51
accepted directly from s0    : 0
Gym endings cumulative       : terminated=1099, truncated=1

[Episode 1200/8000 | last 100]
success rate                : 0.0% (cumulative 0.0%)
failure rate                : 0.0% (cumulative 0.0%)
completed cycles / episode  : 0.000
synthetic task reward       : 0.000
shaping reward              : -669.740
learning reward             : -669.740
episode length              : 169.6
abstract changes / episode  : 29.1
same abstract-state steps   : 82.8%
same-state shaping / episode: 0.000
changed-state shaping / ep. : -669.740
terminal shaping / episode  : -2.227
DFA transitions / episode   : 0.00
DFA transitions in window   : none
epsilon (next episode)       : 0.61872
replay buffer                : 140864 samples [1: 98.9%, 2: 1.1%, 3: 0.0%, 4: 0.0%]
DFA state visits in window   : 1: 17061, 2: 0, 3: 0, 4: 0
DFA state visits cumulative  : 1: 140485, 2: 1579, 3: 0, 4: 0
DFA state entries in window  : 1: 100, 2: 0, 3: 0, 4: 0
DFA state entries cumulative : 1: 1200, 2: 51, 3: 0, 4: 0
transitions cumulative       : 1->2: 51
accepted directly from s0    : 0
Gym endings cumulative       : terminated=1199, truncated=1

[Episode 1300/8000 | last 100]
success rate                : 0.0% (cumulative 0.0%)
failure rate                : 0.0% (cumulative 0.0%)
completed cycles / episode  : 0.000
synthetic task reward       : 0.000
shaping reward              : -651.051
learning reward             : -651.051
episode length              : 178.3
abstract changes / episode  : 29.4
same abstract-state steps   : 83.5%
same-state shaping / episode: 0.000
changed-state shaping / ep. : -651.051
terminal shaping / episode  : -2.959
DFA transitions / episode   : 0.00
DFA transitions in window   : none
epsilon (next episode)       : 0.59446
replay buffer                : 158691 samples [1: 99.0%, 2: 1.0%, 3: 0.0%, 4: 0.0%]
DFA state visits in window   : 1: 17927, 2: 0, 3: 0, 4: 0
DFA state visits cumulative  : 1: 158412, 2: 1579, 3: 0, 4: 0
DFA state entries in window  : 1: 100, 2: 0, 3: 0, 4: 0
DFA state entries cumulative : 1: 1300, 2: 51, 3: 0, 4: 0
transitions cumulative       : 1->2: 51
accepted directly from s0    : 0
Gym endings cumulative       : terminated=1299, truncated=1

[Episode 1400/8000 | last 100]
success rate                : 0.0% (cumulative 0.0%)
failure rate                : 0.0% (cumulative 0.0%)
completed cycles / episode  : 0.000
synthetic task reward       : 0.000
shaping reward              : -595.838
learning reward             : -595.838
episode length              : 185.8
abstract changes / episode  : 30.0
same abstract-state steps   : 83.8%
same-state shaping / episode: 0.000
changed-state shaping / ep. : -595.838
terminal shaping / episode  : -2.204
DFA transitions / episode   : 0.01
DFA transitions in window   : 1->2: 1
epsilon (next episode)       : 0.57115
replay buffer                : 177273 samples [1: 99.1%, 2: 0.9%, 3: 0.0%, 4: 0.0%]
DFA state visits in window   : 1: 18623, 2: 59, 3: 0, 4: 0
DFA state visits cumulative  : 1: 177035, 2: 1638, 3: 0, 4: 0
DFA state entries in window  : 1: 100, 2: 1, 3: 0, 4: 0
DFA state entries cumulative : 1: 1400, 2: 52, 3: 0, 4: 0
transitions cumulative       : 1->2: 52
accepted directly from s0    : 0
Gym endings cumulative       : terminated=1398, truncated=2

[Episode 1500/8000 | last 100]
success rate                : 0.0% (cumulative 0.0%)
failure rate                : 0.0% (cumulative 0.0%)
completed cycles / episode  : 0.000
synthetic task reward       : 0.000
shaping reward              : -503.869
learning reward             : -503.869
episode length              : 156.5
abstract changes / episode  : 26.7
same abstract-state steps   : 82.9%
same-state shaping / episode: 0.000
changed-state shaping / ep. : -503.869
terminal shaping / episode  : -1.487
DFA transitions / episode   : 0.02
DFA transitions in window   : 1->2: 2
epsilon (next episode)       : 0.54875
replay buffer                : 192919 samples [1: 99.1%, 2: 0.9%, 3: 0.0%, 4: 0.0%]
DFA state visits in window   : 1: 15688, 2: 58, 3: 0, 4: 0
DFA state visits cumulative  : 1: 192723, 2: 1696, 3: 0, 4: 0
DFA state entries in window  : 1: 100, 2: 2, 3: 0, 4: 0
DFA state entries cumulative : 1: 1500, 2: 54, 3: 0, 4: 0
transitions cumulative       : 1->2: 54
accepted directly from s0    : 0
Gym endings cumulative       : terminated=1497, truncated=3

Starting autonomous greedy evaluation at episode 1500 (1000 fixed-seed episodes)...
[Greedy evaluation at episode 1500 | 1000 fixed-seed episodes]
success=0.0%, failure=0.0%, task reward=0.000, length=224.9
DFA transitions: 1->2: 16

[Episode 1600/8000 | last 100]
success rate                : 0.0% (cumulative 0.0%)
failure rate                : 0.0% (cumulative 0.0%)
completed cycles / episode  : 0.000
synthetic task reward       : 0.000
shaping reward              : -547.166
learning reward             : -547.166
episode length              : 157.4
abstract changes / episode  : 27.6
same abstract-state steps   : 82.4%
same-state shaping / episode: 0.000
changed-state shaping / ep. : -547.166
terminal shaping / episode  : -2.322
DFA transitions / episode   : 0.02
DFA transitions in window   : 1->2: 2
epsilon (next episode)       : 0.52722
replay buffer                : 208656 samples [1: 99.2%, 2: 0.8%, 3: 0.0%, 4: 0.0%]
DFA state visits in window   : 1: 15728, 2: 109, 3: 0, 4: 0
DFA state visits cumulative  : 1: 208451, 2: 1805, 3: 0, 4: 0
DFA state entries in window  : 1: 100, 2: 2, 3: 0, 4: 0
DFA state entries cumulative : 1: 1600, 2: 56, 3: 0, 4: 0
transitions cumulative       : 1->2: 56
accepted directly from s0    : 0
Gym endings cumulative       : terminated=1597, truncated=3

[Episode 1700/8000 | last 100]
success rate                : 0.0% (cumulative 0.0%)
failure rate                : 0.0% (cumulative 0.0%)
completed cycles / episode  : 0.000
synthetic task reward       : 0.000
shaping reward              : -626.105
learning reward             : -626.105
episode length              : 137.2
abstract changes / episode  : 27.1
same abstract-state steps   : 80.2%
same-state shaping / episode: 0.000
changed-state shaping / ep. : -626.105
terminal shaping / episode  : 0.000
DFA transitions / episode   : 0.00
DFA transitions in window   : none
epsilon (next episode)       : 0.50655
replay buffer                : 222375 samples [1: 99.2%, 2: 0.8%, 3: 0.0%, 4: 0.0%]
DFA state visits in window   : 1: 13819, 2: 0, 3: 0, 4: 0
DFA state visits cumulative  : 1: 222270, 2: 1805, 3: 0, 4: 0
DFA state entries in window  : 1: 100, 2: 0, 3: 0, 4: 0
DFA state entries cumulative : 1: 1700, 2: 56, 3: 0, 4: 0
transitions cumulative       : 1->2: 56
accepted directly from s0    : 0
Gym endings cumulative       : terminated=1697, truncated=3

[Episode 1800/8000 | last 100]
success rate                : 0.0% (cumulative 0.0%)
failure rate                : 0.0% (cumulative 0.0%)
completed cycles / episode  : 0.000
synthetic task reward       : 0.000
shaping reward              : -643.453
learning reward             : -643.453
episode length              : 135.6
abstract changes / episode  : 26.8
same abstract-state steps   : 80.2%
same-state shaping / episode: 0.000
changed-state shaping / ep. : -643.453
terminal shaping / episode  : -1.479
DFA transitions / episode   : 0.00
DFA transitions in window   : none
epsilon (next episode)       : 0.48668
replay buffer                : 235932 samples [1: 99.3%, 2: 0.7%, 3: 0.0%, 4: 0.0%]
DFA state visits in window   : 1: 13657, 2: 0, 3: 0, 4: 0
DFA state visits cumulative  : 1: 235927, 2: 1805, 3: 0, 4: 0
DFA state entries in window  : 1: 100, 2: 0, 3: 0, 4: 0
DFA state entries cumulative : 1: 1800, 2: 56, 3: 0, 4: 0
transitions cumulative       : 1->2: 56
accepted directly from s0    : 0
Gym endings cumulative       : terminated=1796, truncated=4

[Episode 1900/8000 | last 100]
success rate                : 0.0% (cumulative 0.0%)
failure rate                : 0.0% (cumulative 0.0%)
completed cycles / episode  : 0.000
synthetic task reward       : 0.000
shaping reward              : -645.533
learning reward             : -645.533
episode length              : 141.5
abstract changes / episode  : 27.1
same abstract-state steps   : 80.9%
same-state shaping / episode: 0.000
changed-state shaping / ep. : -645.533
terminal shaping / episode  : -2.227
DFA transitions / episode   : 0.00
DFA transitions in window   : none
epsilon (next episode)       : 0.46760
replay buffer                : 250083 samples [1: 99.3%, 2: 0.7%, 3: 0.0%, 4: 0.0%]
DFA state visits in window   : 1: 14251, 2: 0, 3: 0, 4: 0
DFA state visits cumulative  : 1: 250178, 2: 1805, 3: 0, 4: 0
DFA state entries in window  : 1: 100, 2: 0, 3: 0, 4: 0
DFA state entries cumulative : 1: 1900, 2: 56, 3: 0, 4: 0
transitions cumulative       : 1->2: 56
accepted directly from s0    : 0
Gym endings cumulative       : terminated=1894, truncated=6

[Episode 2000/8000 | last 100]
success rate                : 0.0% (cumulative 0.0%)
failure rate                : 0.0% (cumulative 0.0%)
completed cycles / episode  : 0.000
synthetic task reward       : 0.000
shaping reward              : -410.446
learning reward             : -410.446
episode length              : 208.8
abstract changes / episode  : 30.1
same abstract-state steps   : 85.6%
same-state shaping / episode: 0.000
changed-state shaping / ep. : -410.446
terminal shaping / episode  : -3.077
DFA transitions / episode   : 0.21
DFA transitions in window   : 1->2: 21
epsilon (next episode)       : 0.44926
replay buffer                : 270968 samples [1: 98.9%, 2: 1.1%, 3: 0.0%, 4: 0.0%]
DFA state visits in window   : 1: 19638, 2: 1347, 3: 0, 4: 0
DFA state visits cumulative  : 1: 269816, 2: 3152, 3: 0, 4: 0
DFA state entries in window  : 1: 100, 2: 21, 3: 0, 4: 0
DFA state entries cumulative : 1: 2000, 2: 77, 3: 0, 4: 0
transitions cumulative       : 1->2: 77
accepted directly from s0    : 0
Gym endings cumulative       : terminated=1990, truncated=10

Starting autonomous greedy evaluation at episode 2000 (1000 fixed-seed episodes)...
[Greedy evaluation at episode 2000 | 1000 fixed-seed episodes]
success=0.0%, failure=0.0%, task reward=0.000, length=305.3
DFA transitions: 1->2: 242, 2->3: 3

[Episode 2100/8000 | last 100]
success rate                : 0.0% (cumulative 0.0%)
failure rate                : 0.0% (cumulative 0.0%)
completed cycles / episode  : 0.000
synthetic task reward       : 0.000
shaping reward              : -383.716
learning reward             : -383.716
episode length              : 220.8
abstract changes / episode  : 35.1
same abstract-state steps   : 84.1%
same-state shaping / episode: 0.000
changed-state shaping / ep. : -383.716
terminal shaping / episode  : -4.584
DFA transitions / episode   : 0.14
DFA transitions in window   : 1->2: 12, 2->3: 2
epsilon (next episode)       : 0.43164
replay buffer                : 293050 samples [1: 98.5%, 2: 1.5%, 3: 0.0%, 4: 0.0%]
DFA state visits in window   : 1: 20861, 2: 1252, 3: 69, 4: 0
DFA state visits cumulative  : 1: 290677, 2: 4404, 3: 69, 4: 0
DFA state entries in window  : 1: 100, 2: 12, 3: 2, 4: 0
DFA state entries cumulative : 1: 2100, 2: 89, 3: 2, 4: 0
transitions cumulative       : 1->2: 89, 2->3: 2
accepted directly from s0    : 0
Gym endings cumulative       : terminated=2090, truncated=10

[Episode 2200/8000 | last 100]
success rate                : 0.0% (cumulative 0.0%)
failure rate                : 0.0% (cumulative 0.0%)
completed cycles / episode  : 0.000
synthetic task reward       : 0.000
shaping reward              : -304.105
learning reward             : -304.105
episode length              : 262.9
abstract changes / episode  : 39.7
same abstract-state steps   : 84.9%
same-state shaping / episode: 0.000
changed-state shaping / ep. : -304.105
terminal shaping / episode  : -1.712
DFA transitions / episode   : 0.18
DFA transitions in window   : 1->2: 15, 2->3: 3
epsilon (next episode)       : 0.41471
replay buffer                : 300000 samples [1: 98.0%, 2: 1.9%, 3: 0.1%, 4: 0.0%]
DFA state visits in window   : 1: 24631, 2: 1647, 3: 109, 4: 0
DFA state visits cumulative  : 1: 315308, 2: 6051, 3: 178, 4: 0
DFA state entries in window  : 1: 100, 2: 15, 3: 3, 4: 0
DFA state entries cumulative : 1: 2200, 2: 104, 3: 5, 4: 0
transitions cumulative       : 1->2: 104, 2->3: 5
accepted directly from s0    : 0
Gym endings cumulative       : terminated=2190, truncated=10

[Episode 2300/8000 | last 100]
success rate                : 0.0% (cumulative 0.0%)
failure rate                : 0.0% (cumulative 0.0%)
completed cycles / episode  : 0.000
synthetic task reward       : 0.000
shaping reward              : -313.384
learning reward             : -313.384
episode length              : 261.8
abstract changes / episode  : 40.8
same abstract-state steps   : 84.4%
same-state shaping / episode: 0.000
changed-state shaping / ep. : -313.384
terminal shaping / episode  : -3.985
DFA transitions / episode   : 0.12
DFA transitions in window   : 1->2: 10, 2->3: 2
epsilon (next episode)       : 0.39845
replay buffer                : 300000 samples [1: 97.7%, 2: 2.3%, 3: 0.1%, 4: 0.0%]
DFA state visits in window   : 1: 24971, 2: 1230, 3: 76, 4: 0
DFA state visits cumulative  : 1: 340279, 2: 7281, 3: 254, 4: 0
DFA state entries in window  : 1: 100, 2: 10, 3: 2, 4: 0
DFA state entries cumulative : 1: 2300, 2: 114, 3: 7, 4: 0
transitions cumulative       : 1->2: 114, 2->3: 7
accepted directly from s0    : 0
Gym endings cumulative       : terminated=2290, truncated=10

[Episode 2400/8000 | last 100]
success rate                : 0.0% (cumulative 0.0%)
failure rate                : 0.0% (cumulative 0.0%)
completed cycles / episode  : 0.000
synthetic task reward       : 0.000
shaping reward              : -325.079
learning reward             : -325.079
episode length              : 303.4
abstract changes / episode  : 46.6
same abstract-state steps   : 84.6%
same-state shaping / episode: 0.000
changed-state shaping / ep. : -325.079
terminal shaping / episode  : -1.613
DFA transitions / episode   : 0.13
DFA transitions in window   : 1->2: 13
epsilon (next episode)       : 0.38282
replay buffer                : 300000 samples [1: 97.2%, 2: 2.7%, 3: 0.1%, 4: 0.0%]
DFA state visits in window   : 1: 28580, 2: 1861, 3: 0, 4: 0
DFA state visits cumulative  : 1: 368859, 2: 9142, 3: 254, 4: 0
DFA state entries in window  : 1: 100, 2: 13, 3: 0, 4: 0
DFA state entries cumulative : 1: 2400, 2: 127, 3: 7, 4: 0
transitions cumulative       : 1->2: 127, 2->3: 7
accepted directly from s0    : 0
Gym endings cumulative       : terminated=2385, truncated=15

[Episode 2500/8000 | last 100]
success rate                : 0.0% (cumulative 0.0%)
failure rate                : 0.0% (cumulative 0.0%)
completed cycles / episode  : 0.000
synthetic task reward       : 0.000
shaping reward              : -230.961
learning reward             : -230.961
episode length              : 317.8
abstract changes / episode  : 49.3
same abstract-state steps   : 84.5%
same-state shaping / episode: 0.000
changed-state shaping / ep. : -230.961
terminal shaping / episode  : 0.826
DFA transitions / episode   : 0.19
DFA transitions in window   : 1->2: 18, 2->3: 1
epsilon (next episode)       : 0.36781
replay buffer                : 300000 samples [1: 96.7%, 2: 3.2%, 3: 0.1%, 4: 0.0%]
DFA state visits in window   : 1: 29594, 2: 2228, 3: 54, 4: 0
DFA state visits cumulative  : 1: 398453, 2: 11370, 3: 308, 4: 0
DFA state entries in window  : 1: 100, 2: 18, 3: 1, 4: 0
DFA state entries cumulative : 1: 2500, 2: 145, 3: 8, 4: 0
transitions cumulative       : 1->2: 145, 2->3: 8
accepted directly from s0    : 0
Gym endings cumulative       : terminated=2484, truncated=16

Starting autonomous greedy evaluation at episode 2500 (1000 fixed-seed episodes)...
[Greedy evaluation at episode 2500 | 1000 fixed-seed episodes]
success=0.0%, failure=0.0%, task reward=0.000, length=913.4
DFA transitions: none

[Episode 2600/8000 | last 100]
success rate                : 0.0% (cumulative 0.0%)
failure rate                : 0.0% (cumulative 0.0%)
completed cycles / episode  : 0.000
synthetic task reward       : 0.000
shaping reward              : -184.100
learning reward             : -184.100
episode length              : 332.1
abstract changes / episode  : 51.5
same abstract-state steps   : 84.5%
same-state shaping / episode: 0.000
changed-state shaping / ep. : -184.100
terminal shaping / episode  : -2.291
DFA transitions / episode   : 0.30
DFA transitions in window   : 1->2: 26, 2->3: 4
epsilon (next episode)       : 0.35338
replay buffer                : 300000 samples [1: 95.4%, 2: 4.3%, 3: 0.2%, 4: 0.0%]
DFA state visits in window   : 1: 29612, 2: 3356, 3: 339, 4: 0
DFA state visits cumulative  : 1: 428065, 2: 14726, 3: 647, 4: 0
DFA state entries in window  : 1: 100, 2: 26, 3: 4, 4: 0
DFA state entries cumulative : 1: 2600, 2: 171, 3: 12, 4: 0
transitions cumulative       : 1->2: 171, 2->3: 12
accepted directly from s0    : 0
Gym endings cumulative       : terminated=2581, truncated=19

[Episode 2700/8000 | last 100]
success rate                : 0.0% (cumulative 0.0%)
failure rate                : 0.0% (cumulative 0.0%)
completed cycles / episode  : 0.000
synthetic task reward       : 0.000
shaping reward              : -103.078
learning reward             : -103.078
episode length              : 353.9
abstract changes / episode  : 50.4
same abstract-state steps   : 85.8%
same-state shaping / episode: 0.000
changed-state shaping / ep. : -103.078
terminal shaping / episode  : -0.799
DFA transitions / episode   : 0.32
DFA transitions in window   : 1->2: 24, 2->3: 8
epsilon (next episode)       : 0.33952
replay buffer                : 300000 samples [1: 94.4%, 2: 5.2%, 3: 0.4%, 4: 0.0%]
DFA state visits in window   : 1: 32165, 2: 2731, 3: 590, 4: 0
DFA state visits cumulative  : 1: 460230, 2: 17457, 3: 1237, 4: 0
DFA state entries in window  : 1: 100, 2: 24, 3: 8, 4: 0
DFA state entries cumulative : 1: 2700, 2: 195, 3: 20, 4: 0
transitions cumulative       : 1->2: 195, 2->3: 20
accepted directly from s0    : 0
Gym endings cumulative       : terminated=2676, truncated=24

[Episode 2800/8000 | last 100]
success rate                : 0.0% (cumulative 0.0%)
failure rate                : 0.0% (cumulative 0.0%)
completed cycles / episode  : 0.000
synthetic task reward       : 0.000
shaping reward              : -108.356
learning reward             : -108.356
episode length              : 389.6
abstract changes / episode  : 60.5
same abstract-state steps   : 84.5%
same-state shaping / episode: 0.000
changed-state shaping / ep. : -108.356
terminal shaping / episode  : -3.929
DFA transitions / episode   : 0.39
DFA transitions in window   : 1->2: 31, 2->3: 8
epsilon (next episode)       : 0.32621
replay buffer                : 300000 samples [1: 92.8%, 2: 6.6%, 3: 0.6%, 4: 0.0%]
DFA state visits in window   : 1: 34226, 2: 4370, 3: 469, 4: 0
DFA state visits cumulative  : 1: 494456, 2: 21827, 3: 1706, 4: 0
DFA state entries in window  : 1: 100, 2: 31, 3: 8, 4: 0
DFA state entries cumulative : 1: 2800, 2: 226, 3: 28, 4: 0
transitions cumulative       : 1->2: 226, 2->3: 28
accepted directly from s0    : 0
Gym endings cumulative       : terminated=2773, truncated=27

[Episode 2900/8000 | last 100]
success rate                : 2.0% (cumulative 0.1%)
failure rate                : 0.0% (cumulative 0.0%)
completed cycles / episode  : 0.000
synthetic task reward       : 200.000
shaping reward              : 154.764
learning reward             : 354.764
episode length              : 359.8
abstract changes / episode  : 54.5
same abstract-state steps   : 84.9%
same-state shaping / episode: 0.000
changed-state shaping / ep. : 154.764
terminal shaping / episode  : -2.346
DFA transitions / episode   : 0.55
DFA transitions in window   : 1->2: 42, 2->3: 11, 3->4: 2
epsilon (next episode)       : 0.31341
replay buffer                : 300000 samples [1: 89.5%, 2: 9.5%, 3: 1.1%, 4: 0.0%]
DFA state visits in window   : 1: 26038, 2: 8506, 3: 1530, 4: 2
DFA state visits cumulative  : 1: 520494, 2: 30333, 3: 3236, 4: 2
DFA state entries in window  : 1: 100, 2: 42, 3: 11, 4: 2
DFA state entries cumulative : 1: 2900, 2: 268, 3: 39, 4: 2
transitions cumulative       : 1->2: 268, 2->3: 39, 3->4: 2
accepted directly from s0    : 0
Gym endings cumulative       : terminated=2866, truncated=32

[Episode 3000/8000 | last 100]
success rate                : 3.0% (cumulative 0.2%)
failure rate                : 0.0% (cumulative 0.0%)
completed cycles / episode  : 0.000
synthetic task reward       : 300.000
shaping reward              : 327.884
learning reward             : 627.884
episode length              : 446.0
abstract changes / episode  : 65.0
same abstract-state steps   : 85.4%
same-state shaping / episode: 0.000
changed-state shaping / ep. : 327.884
terminal shaping / episode  : -0.437
DFA transitions / episode   : 0.85
DFA transitions in window   : 1->2: 51, 2->3: 31, 3->4: 3
epsilon (next episode)       : 0.30112
replay buffer                : 300000 samples [1: 85.5%, 2: 11.7%, 3: 2.8%, 4: 0.0%]
DFA state visits in window   : 1: 29771, 2: 9747, 3: 5179, 4: 3
DFA state visits cumulative  : 1: 550265, 2: 40080, 3: 8415, 4: 5
DFA state entries in window  : 1: 100, 2: 51, 3: 31, 4: 3
DFA state entries cumulative : 1: 3000, 2: 319, 3: 70, 4: 5
transitions cumulative       : 1->2: 319, 2->3: 70, 3->4: 5
accepted directly from s0    : 0
Gym endings cumulative       : terminated=2957, truncated=39

Starting autonomous greedy evaluation at episode 3000 (1000 fixed-seed episodes)...
[Greedy evaluation at episode 3000 | 1000 fixed-seed episodes]
success=1.1%, failure=0.0%, task reward=110.000, length=766.0
DFA transitions: 1->2: 976, 2->3: 839, 3->4: 11
Best policy updated from autonomous greedy evaluation at episode 3000.

[Episode 3100/8000 | last 100]
success rate                : 9.0% (cumulative 0.5%)
failure rate                : 0.0% (cumulative 0.0%)
completed cycles / episode  : 0.000
synthetic task reward       : 900.000
shaping reward              : 574.819
learning reward             : 1474.819
episode length              : 459.2
abstract changes / episode  : 67.3
same abstract-state steps   : 85.3%
same-state shaping / episode: 0.000
changed-state shaping / ep. : 574.819
terminal shaping / episode  : 9.000
DFA transitions / episode   : 1.10
DFA transitions in window   : 1->2: 66, 2->3: 35, 3->4: 9
epsilon (next episode)       : 0.28931
replay buffer                : 300000 samples [1: 81.2%, 2: 14.6%, 3: 4.2%, 4: 0.0%]
DFA state visits in window   : 1: 30763, 2: 10875, 3: 4372, 4: 9
DFA state visits cumulative  : 1: 581028, 2: 50955, 3: 12787, 4: 14
DFA state entries in window  : 1: 100, 2: 66, 3: 35, 4: 9
DFA state entries cumulative : 1: 3100, 2: 385, 3: 105, 4: 14
transitions cumulative       : 1->2: 385, 2->3: 105, 3->4: 14
accepted directly from s0    : 0
Gym endings cumulative       : terminated=3037, truncated=50

[Episode 3200/8000 | last 100]
success rate                : 11.0% (cumulative 0.8%)
failure rate                : 0.0% (cumulative 0.0%)
completed cycles / episode  : 0.000
synthetic task reward       : 1100.000
shaping reward              : 656.724
learning reward             : 1756.724
episode length              : 413.6
abstract changes / episode  : 63.8
same abstract-state steps   : 84.6%
same-state shaping / episode: 0.000
changed-state shaping / ep. : 656.724
terminal shaping / episode  : 10.046
DFA transitions / episode   : 1.22
DFA transitions in window   : 1->2: 71, 2->3: 40, 3->4: 11
epsilon (next episode)       : 0.27797
replay buffer                : 300000 samples [1: 77.1%, 2: 17.0%, 3: 5.9%, 4: 0.0%]
DFA state visits in window   : 1: 26545, 2: 9776, 3: 5130, 4: 11
DFA state visits cumulative  : 1: 607573, 2: 60731, 3: 17917, 4: 25
DFA state entries in window  : 1: 100, 2: 71, 3: 40, 4: 11
DFA state entries cumulative : 1: 3200, 2: 456, 3: 145, 4: 25
transitions cumulative       : 1->2: 456, 2->3: 145, 3->4: 25
accepted directly from s0    : 0
Gym endings cumulative       : terminated=3124, truncated=52

[Episode 3300/8000 | last 100]
success rate                : 13.0% (cumulative 1.2%)
failure rate                : 0.0% (cumulative 0.0%)
completed cycles / episode  : 0.000
synthetic task reward       : 1300.000
shaping reward              : 515.132
learning reward             : 1815.132
episode length              : 403.8
abstract changes / episode  : 61.8
same abstract-state steps   : 84.7%
same-state shaping / episode: 0.000
changed-state shaping / ep. : 515.132
terminal shaping / episode  : 9.468
DFA transitions / episode   : 1.07
DFA transitions in window   : 1->2: 60, 2->3: 34, 3->4: 13
epsilon (next episode)       : 0.26706
replay buffer                : 300000 samples [1: 74.3%, 2: 18.4%, 3: 7.3%, 4: 0.0%]
DFA state visits in window   : 1: 28285, 2: 7723, 3: 4462, 4: 13
DFA state visits cumulative  : 1: 635858, 2: 68454, 3: 22379, 4: 38
DFA state entries in window  : 1: 100, 2: 60, 3: 34, 4: 13
DFA state entries cumulative : 1: 3300, 2: 516, 3: 179, 4: 38
transitions cumulative       : 1->2: 516, 2->3: 179, 3->4: 38
accepted directly from s0    : 0
Gym endings cumulative       : terminated=3208, truncated=55

[Episode 3400/8000 | last 100]
success rate                : 11.0% (cumulative 1.4%)
failure rate                : 0.0% (cumulative 0.0%)
completed cycles / episode  : 0.000
synthetic task reward       : 1100.000
shaping reward              : 617.564
learning reward             : 1717.564
episode length              : 377.4
abstract changes / episode  : 58.8
same abstract-state steps   : 84.4%
same-state shaping / episode: 0.000
changed-state shaping / ep. : 617.564
terminal shaping / episode  : 9.544
DFA transitions / episode   : 1.15
DFA transitions in window   : 1->2: 68, 2->3: 36, 3->4: 11
epsilon (next episode)       : 0.25659
replay buffer                : 300000 samples [1: 71.4%, 2: 19.9%, 3: 8.7%, 4: 0.0%]
DFA state visits in window   : 1: 24631, 2: 8053, 3: 5142, 4: 11
DFA state visits cumulative  : 1: 660489, 2: 76507, 3: 27521, 4: 49
DFA state entries in window  : 1: 100, 2: 68, 3: 36, 4: 11
DFA state entries cumulative : 1: 3400, 2: 584, 3: 215, 4: 49
transitions cumulative       : 1->2: 584, 2->3: 215, 3->4: 49
accepted directly from s0    : 0
Gym endings cumulative       : terminated=3292, truncated=60

[Episode 3500/8000 | last 100]
success rate                : 22.0% (cumulative 2.0%)
failure rate                : 0.0% (cumulative 0.0%)
completed cycles / episode  : 0.000
synthetic task reward       : 2200.000
shaping reward              : 666.448
learning reward             : 2866.448
episode length              : 340.3
abstract changes / episode  : 54.1
same abstract-state steps   : 84.1%
same-state shaping / episode: 0.000
changed-state shaping / ep. : 666.448
terminal shaping / episode  : 17.295
DFA transitions / episode   : 1.20
DFA transitions in window   : 1->2: 64, 2->3: 34, 3->4: 22
epsilon (next episode)       : 0.24653
replay buffer                : 300000 samples [1: 67.7%, 2: 22.2%, 3: 10.1%, 4: 0.0%]
DFA state visits in window   : 1: 20088, 2: 9527, 3: 4491, 4: 22
DFA state visits cumulative  : 1: 680577, 2: 86034, 3: 32012, 4: 71
DFA state entries in window  : 1: 100, 2: 64, 3: 34, 4: 22
DFA state entries cumulative : 1: 3500, 2: 648, 3: 249, 4: 71
transitions cumulative       : 1->2: 648, 2->3: 249, 3->4: 71
accepted directly from s0    : 0
Gym endings cumulative       : terminated=3367, truncated=63

Starting autonomous greedy evaluation at episode 3500 (1000 fixed-seed episodes)...
[Greedy evaluation at episode 3500 | 1000 fixed-seed episodes]
success=38.6%, failure=0.0%, task reward=3860.000, length=349.7
DFA transitions: 1->2: 915, 2->3: 722, 3->4: 386
Best policy updated from autonomous greedy evaluation at episode 3500.

[Episode 3600/8000 | last 100]
success rate                : 31.0% (cumulative 2.8%)
failure rate                : 0.0% (cumulative 0.0%)
completed cycles / episode  : 0.000
synthetic task reward       : 3100.000
shaping reward              : 1033.543
learning reward             : 4133.543
episode length              : 389.0
abstract changes / episode  : 63.2
same abstract-state steps   : 83.8%
same-state shaping / episode: 0.000
changed-state shaping / ep. : 1033.543
terminal shaping / episode  : 31.298
DFA transitions / episode   : 1.64
DFA transitions in window   : 1->2: 79, 2->3: 54, 3->4: 31
epsilon (next episode)       : 0.23686
replay buffer                : 300000 samples [1: 64.8%, 2: 23.8%, 3: 11.5%, 4: 0.0%]
DFA state visits in window   : 1: 22534, 2: 11350, 3: 5083, 4: 31
DFA state visits cumulative  : 1: 703111, 2: 97384, 3: 37095, 4: 102
DFA state entries in window  : 1: 100, 2: 79, 3: 54, 4: 31
DFA state entries cumulative : 1: 3600, 2: 727, 3: 303, 4: 102
transitions cumulative       : 1->2: 727, 2->3: 303, 3->4: 102
accepted directly from s0    : 0
Gym endings cumulative       : terminated=3435, truncated=64

[Episode 3700/8000 | last 100]
success rate                : 34.0% (cumulative 3.7%)
failure rate                : 0.0% (cumulative 0.0%)
completed cycles / episode  : 0.000
synthetic task reward       : 3400.000
shaping reward              : 1216.947
learning reward             : 4616.947
episode length              : 405.9
abstract changes / episode  : 64.1
same abstract-state steps   : 84.2%
same-state shaping / episode: 0.000
changed-state shaping / ep. : 1216.947
terminal shaping / episode  : 33.378
DFA transitions / episode   : 1.84
DFA transitions in window   : 1->2: 84, 2->3: 66, 3->4: 34
epsilon (next episode)       : 0.22757
replay buffer                : 300000 samples [1: 62.4%, 2: 24.8%, 3: 12.8%, 4: 0.0%]
DFA state visits in window   : 1: 21698, 2: 11825, 3: 7132, 4: 34
DFA state visits cumulative  : 1: 724809, 2: 109209, 3: 44227, 4: 136
DFA state entries in window  : 1: 100, 2: 84, 3: 66, 4: 34
DFA state entries cumulative : 1: 3700, 2: 811, 3: 369, 4: 136
transitions cumulative       : 1->2: 811, 2->3: 369, 3->4: 136
accepted directly from s0    : 0
Gym endings cumulative       : terminated=3497, truncated=68

[Episode 3800/8000 | last 100]
success rate                : 33.0% (cumulative 4.4%)
failure rate                : 0.0% (cumulative 0.0%)
completed cycles / episode  : 0.000
synthetic task reward       : 3300.000
shaping reward              : 1162.047
learning reward             : 4462.047
episode length              : 373.3
abstract changes / episode  : 61.1
same abstract-state steps   : 83.6%
same-state shaping / episode: 0.000
changed-state shaping / ep. : 1162.047
terminal shaping / episode  : 33.020
DFA transitions / episode   : 1.75
DFA transitions in window   : 1->2: 83, 2->3: 59, 3->4: 33
epsilon (next episode)       : 0.21865
replay buffer                : 300000 samples [1: 62.2%, 2: 25.0%, 3: 12.8%, 4: 0.0%]
DFA state visits in window   : 1: 22373, 2: 10508, 3: 4517, 4: 33
DFA state visits cumulative  : 1: 747182, 2: 119717, 3: 48744, 4: 169
DFA state entries in window  : 1: 100, 2: 83, 3: 59, 4: 33
DFA state entries cumulative : 1: 3800, 2: 894, 3: 428, 4: 169
transitions cumulative       : 1->2: 894, 2->3: 428, 3->4: 169
accepted directly from s0    : 0
Gym endings cumulative       : terminated=3562, truncated=70

[Episode 3900/8000 | last 100]
success rate                : 55.0% (cumulative 5.7%)
failure rate                : 0.0% (cumulative 0.0%)
completed cycles / episode  : 0.000
synthetic task reward       : 5500.000
shaping reward              : 1492.919
learning reward             : 6992.919
episode length              : 328.4
abstract changes / episode  : 53.6
same abstract-state steps   : 83.7%
same-state shaping / episode: 0.000
changed-state shaping / ep. : 1492.919
terminal shaping / episode  : 54.030
DFA transitions / episode   : 2.21
DFA transitions in window   : 1->2: 89, 2->3: 77, 3->4: 55
epsilon (next episode)       : 0.21007
replay buffer                : 300000 samples [1: 60.0%, 2: 26.4%, 3: 13.6%, 4: 0.0%]
DFA state visits in window   : 1: 15869, 2: 11409, 3: 5605, 4: 55
DFA state visits cumulative  : 1: 763051, 2: 131126, 3: 54349, 4: 224
DFA state entries in window  : 1: 100, 2: 89, 3: 77, 4: 55
DFA state entries cumulative : 1: 3900, 2: 983, 3: 505, 4: 224
transitions cumulative       : 1->2: 983, 2->3: 505, 3->4: 224
accepted directly from s0    : 0
Gym endings cumulative       : terminated=3607, truncated=70

[Episode 4000/8000 | last 100]
success rate                : 48.0% (cumulative 6.8%)
failure rate                : 0.0% (cumulative 0.0%)
completed cycles / episode  : 0.000
synthetic task reward       : 4800.000
shaping reward              : 1228.376
learning reward             : 6028.376
episode length              : 356.9
abstract changes / episode  : 58.0
same abstract-state steps   : 83.8%
same-state shaping / episode: 0.000
changed-state shaping / ep. : 1228.376
terminal shaping / episode  : 46.050
DFA transitions / episode   : 1.92
DFA transitions in window   : 1->2: 82, 2->3: 62, 3->4: 48
epsilon (next episode)       : 0.20183
replay buffer                : 300000 samples [1: 58.3%, 2: 28.0%, 3: 13.7%, 4: 0.0%]
DFA state visits in window   : 1: 18126, 2: 12951, 3: 4666, 4: 48
DFA state visits cumulative  : 1: 781177, 2: 144077, 3: 59015, 4: 272
DFA state entries in window  : 1: 100, 2: 82, 3: 62, 4: 48
DFA state entries cumulative : 1: 4000, 2: 1065, 3: 567, 4: 272
transitions cumulative       : 1->2: 1065, 2->3: 567, 3->4: 272
accepted directly from s0    : 0
Gym endings cumulative       : terminated=3658, truncated=71

Starting autonomous greedy evaluation at episode 4000 (1000 fixed-seed episodes)...
[Greedy evaluation at episode 4000 | 1000 fixed-seed episodes]
success=78.3%, failure=0.0%, task reward=7830.000, length=454.5
DFA transitions: 1->2: 999, 2->3: 999, 3->4: 783
Best policy updated from autonomous greedy evaluation at episode 4000.

[Episode 4100/8000 | last 100]
success rate                : 57.0% (cumulative 8.0%)
failure rate                : 0.0% (cumulative 0.0%)
completed cycles / episode  : 0.000
synthetic task reward       : 5700.000
shaping reward              : 1393.760
learning reward             : 7093.760
episode length              : 369.9
abstract changes / episode  : 60.4
same abstract-state steps   : 83.7%
same-state shaping / episode: 0.000
changed-state shaping / ep. : 1393.760
terminal shaping / episode  : 56.950
DFA transitions / episode   : 2.18
DFA transitions in window   : 1->2: 91, 2->3: 70, 3->4: 57
epsilon (next episode)       : 0.19392
replay buffer                : 300000 samples [1: 55.8%, 2: 29.5%, 3: 14.7%, 4: 0.0%]
DFA state visits in window   : 1: 17675, 2: 12030, 3: 7330, 4: 57
DFA state visits cumulative  : 1: 798852, 2: 156107, 3: 66345, 4: 329
DFA state entries in window  : 1: 100, 2: 91, 3: 70, 4: 57
DFA state entries cumulative : 1: 4100, 2: 1156, 3: 637, 4: 329
transitions cumulative       : 1->2: 1156, 2->3: 637, 3->4: 329
accepted directly from s0    : 0
Gym endings cumulative       : terminated=3698, truncated=74

[Episode 4200/8000 | last 100]
success rate                : 56.0% (cumulative 9.2%)
failure rate                : 0.0% (cumulative 0.0%)
completed cycles / episode  : 0.000
synthetic task reward       : 5600.000
shaping reward              : 1383.209
learning reward             : 6983.209
episode length              : 338.4
abstract changes / episode  : 56.5
same abstract-state steps   : 83.3%
same-state shaping / episode: 0.000
changed-state shaping / ep. : 1383.209
terminal shaping / episode  : 56.965
DFA transitions / episode   : 2.10
DFA transitions in window   : 1->2: 86, 2->3: 68, 3->4: 56
epsilon (next episode)       : 0.18631
replay buffer                : 300000 samples [1: 54.0%, 2: 31.1%, 3: 14.8%, 4: 0.0%]
DFA state visits in window   : 1: 18262, 2: 11967, 3: 3650, 4: 56
DFA state visits cumulative  : 1: 817114, 2: 168074, 3: 69995, 4: 385
DFA state entries in window  : 1: 100, 2: 86, 3: 68, 4: 56
DFA state entries cumulative : 1: 4200, 2: 1242, 3: 705, 4: 385
transitions cumulative       : 1->2: 1242, 2->3: 705, 3->4: 385
accepted directly from s0    : 0
Gym endings cumulative       : terminated=3741, truncated=75

[Episode 4300/8000 | last 100]
success rate                : 50.0% (cumulative 10.1%)
failure rate                : 0.0% (cumulative 0.0%)
completed cycles / episode  : 0.000
synthetic task reward       : 5000.000
shaping reward              : 1171.250
learning reward             : 6171.250
episode length              : 338.4
abstract changes / episode  : 58.6
same abstract-state steps   : 82.7%
same-state shaping / episode: 0.000
changed-state shaping / ep. : 1171.250
terminal shaping / episode  : 48.417
DFA transitions / episode   : 1.87
DFA transitions in window   : 1->2: 80, 2->3: 57, 3->4: 50
epsilon (next episode)       : 0.17900
replay buffer                : 300000 samples [1: 53.8%, 2: 32.2%, 3: 14.0%, 4: 0.0%]
DFA state visits in window   : 1: 18699, 2: 11770, 3: 3423, 4: 50
DFA state visits cumulative  : 1: 835813, 2: 179844, 3: 73418, 4: 435
DFA state entries in window  : 1: 100, 2: 80, 3: 57, 4: 50
DFA state entries cumulative : 1: 4300, 2: 1322, 3: 762, 4: 435
transitions cumulative       : 1->2: 1322, 2->3: 762, 3->4: 435
accepted directly from s0    : 0
Gym endings cumulative       : terminated=3790, truncated=76

[Episode 4400/8000 | last 100]
success rate                : 45.0% (cumulative 10.9%)
failure rate                : 0.0% (cumulative 0.0%)
completed cycles / episode  : 0.000
synthetic task reward       : 4500.000
shaping reward              : 1173.838
learning reward             : 5673.838
episode length              : 311.5
abstract changes / episode  : 55.2
same abstract-state steps   : 82.3%
same-state shaping / episode: 0.000
changed-state shaping / ep. : 1173.838
terminal shaping / episode  : 43.280
DFA transitions / episode   : 1.80
DFA transitions in window   : 1->2: 77, 2->3: 58, 3->4: 45
epsilon (next episode)       : 0.17198
replay buffer                : 300000 samples [1: 53.5%, 2: 32.7%, 3: 13.8%, 4: 0.0%]
DFA state visits in window   : 1: 16900, 2: 10614, 3: 3691, 4: 45
DFA state visits cumulative  : 1: 852713, 2: 190458, 3: 77109, 4: 480
DFA state entries in window  : 1: 100, 2: 77, 3: 58, 4: 45
DFA state entries cumulative : 1: 4400, 2: 1399, 3: 820, 4: 480
transitions cumulative       : 1->2: 1399, 2->3: 820, 3->4: 480
accepted directly from s0    : 0
Gym endings cumulative       : terminated=3843, truncated=78

[Episode 4500/8000 | last 100]
success rate                : 56.0% (cumulative 11.9%)
failure rate                : 0.0% (cumulative 0.0%)
completed cycles / episode  : 0.000
synthetic task reward       : 5600.000
shaping reward              : 1403.266
learning reward             : 7003.266
episode length              : 360.8
abstract changes / episode  : 60.1
same abstract-state steps   : 83.3%
same-state shaping / episode: 0.000
changed-state shaping / ep. : 1403.266
terminal shaping / episode  : 55.077
DFA transitions / episode   : 2.16
DFA transitions in window   : 1->2: 93, 2->3: 67, 3->4: 56
epsilon (next episode)       : 0.16524
replay buffer                : 300000 samples [1: 52.1%, 2: 33.7%, 3: 14.2%, 4: 0.0%]
DFA state visits in window   : 1: 17711, 2: 12945, 3: 5464, 4: 56
DFA state visits cumulative  : 1: 870424, 2: 203403, 3: 82573, 4: 536
DFA state entries in window  : 1: 100, 2: 93, 3: 67, 4: 56
DFA state entries cumulative : 1: 4500, 2: 1492, 3: 887, 4: 536
transitions cumulative       : 1->2: 1492, 2->3: 887, 3->4: 536
accepted directly from s0    : 0
Gym endings cumulative       : terminated=3883, truncated=82

Starting autonomous greedy evaluation at episode 4500 (1000 fixed-seed episodes)...
[Greedy evaluation at episode 4500 | 1000 fixed-seed episodes]
success=99.2%, failure=0.0%, task reward=9920.000, length=265.0
DFA transitions: 1->2: 992, 2->3: 992, 3->4: 992
Best policy updated from autonomous greedy evaluation at episode 4500.

[Episode 4600/8000 | last 100]
success rate                : 82.0% (cumulative 13.4%)
failure rate                : 0.0% (cumulative 0.0%)
completed cycles / episode  : 0.000
synthetic task reward       : 8200.000
shaping reward              : 1823.639
learning reward             : 10023.639
episode length              : 346.1
abstract changes / episode  : 58.1
same abstract-state steps   : 83.2%
same-state shaping / episode: 0.000
changed-state shaping / ep. : 1823.639
terminal shaping / episode  : 82.000
DFA transitions / episode   : 2.69
DFA transitions in window   : 1->2: 97, 2->3: 90, 3->4: 82
epsilon (next episode)       : 0.15876
replay buffer                : 300000 samples [1: 51.4%, 2: 34.7%, 3: 13.9%, 4: 0.0%]
DFA state visits in window   : 1: 15604, 2: 13974, 3: 5054, 4: 82
DFA state visits cumulative  : 1: 886028, 2: 217377, 3: 87627, 4: 618
DFA state entries in window  : 1: 100, 2: 97, 3: 90, 4: 82
DFA state entries cumulative : 1: 4600, 2: 1589, 3: 977, 4: 618
transitions cumulative       : 1->2: 1589, 2->3: 977, 3->4: 618
accepted directly from s0    : 0
Gym endings cumulative       : terminated=3901, truncated=82

[Episode 4700/8000 | last 100]
success rate                : 56.0% (cumulative 14.3%)
failure rate                : 0.0% (cumulative 0.0%)
completed cycles / episode  : 0.000
synthetic task reward       : 5600.000
shaping reward              : 1522.919
learning reward             : 7122.919
episode length              : 310.8
abstract changes / episode  : 53.1
same abstract-state steps   : 82.9%
same-state shaping / episode: 0.000
changed-state shaping / ep. : 1522.919
terminal shaping / episode  : 55.260
DFA transitions / episode   : 2.25
DFA transitions in window   : 1->2: 94, 2->3: 75, 3->4: 56
epsilon (next episode)       : 0.15253
replay buffer                : 300000 samples [1: 50.3%, 2: 35.9%, 3: 13.8%, 4: 0.0%]
DFA state visits in window   : 1: 15252, 2: 12510, 3: 3363, 4: 56
DFA state visits cumulative  : 1: 901280, 2: 229887, 3: 90990, 4: 674
DFA state entries in window  : 1: 100, 2: 94, 3: 75, 4: 56
DFA state entries cumulative : 1: 4700, 2: 1683, 3: 1052, 4: 674
transitions cumulative       : 1->2: 1683, 2->3: 1052, 3->4: 674
accepted directly from s0    : 0
Gym endings cumulative       : terminated=3944, truncated=83

[Episode 4800/8000 | last 100]
success rate                : 53.0% (cumulative 15.1%)
failure rate                : 0.0% (cumulative 0.0%)
completed cycles / episode  : 0.000
synthetic task reward       : 5300.000
shaping reward              : 1516.644
learning reward             : 6816.644
episode length              : 311.3
abstract changes / episode  : 53.0
same abstract-state steps   : 83.0%
same-state shaping / episode: 0.000
changed-state shaping / ep. : 1516.644
terminal shaping / episode  : 53.000
DFA transitions / episode   : 2.26
DFA transitions in window   : 1->2: 95, 2->3: 78, 3->4: 53
epsilon (next episode)       : 0.14655
replay buffer                : 300000 samples [1: 49.8%, 2: 36.9%, 3: 13.3%, 4: 0.0%]
DFA state visits in window   : 1: 13856, 2: 13508, 3: 3809, 4: 53
DFA state visits cumulative  : 1: 915136, 2: 243395, 3: 94799, 4: 727
DFA state entries in window  : 1: 100, 2: 95, 3: 78, 4: 53
DFA state entries cumulative : 1: 4800, 2: 1778, 3: 1130, 4: 727
transitions cumulative       : 1->2: 1778, 2->3: 1130, 3->4: 727
accepted directly from s0    : 0
Gym endings cumulative       : terminated=3989, truncated=85

[Episode 4900/8000 | last 100]
success rate                : 63.0% (cumulative 16.1%)
failure rate                : 0.0% (cumulative 0.0%)
completed cycles / episode  : 0.000
synthetic task reward       : 6300.000
shaping reward              : 1406.886
learning reward             : 7706.886
episode length              : 306.0
abstract changes / episode  : 51.8
same abstract-state steps   : 83.1%
same-state shaping / episode: 0.000
changed-state shaping / ep. : 1406.886
terminal shaping / episode  : 62.039
DFA transitions / episode   : 2.22
DFA transitions in window   : 1->2: 87, 2->3: 72, 3->4: 63
epsilon (next episode)       : 0.14080
replay buffer                : 300000 samples [1: 49.4%, 2: 37.5%, 3: 13.1%, 4: 0.0%]
DFA state visits in window   : 1: 14045, 2: 13025, 3: 3567, 4: 63
DFA state visits cumulative  : 1: 929181, 2: 256420, 3: 98366, 4: 790
DFA state entries in window  : 1: 100, 2: 87, 3: 72, 4: 63
DFA state entries cumulative : 1: 4900, 2: 1865, 3: 1202, 4: 790
transitions cumulative       : 1->2: 1865, 2->3: 1202, 3->4: 790
accepted directly from s0    : 0
Gym endings cumulative       : terminated=4024, truncated=87

[Episode 5000/8000 | last 100]
success rate                : 60.0% (cumulative 17.0%)
failure rate                : 0.0% (cumulative 0.0%)
completed cycles / episode  : 0.000
synthetic task reward       : 6000.000
shaping reward              : 1406.494
learning reward             : 7406.494
episode length              : 313.8
abstract changes / episode  : 52.9
same abstract-state steps   : 83.1%
same-state shaping / episode: 0.000
changed-state shaping / ep. : 1406.494
terminal shaping / episode  : 60.086
DFA transitions / episode   : 2.14
DFA transitions in window   : 1->2: 83, 2->3: 71, 3->4: 60
epsilon (next episode)       : 0.13528
replay buffer                : 300000 samples [1: 50.3%, 2: 37.6%, 3: 12.1%, 4: 0.0%]
DFA state visits in window   : 1: 17323, 2: 10768, 3: 3333, 4: 60
DFA state visits cumulative  : 1: 946504, 2: 267188, 3: 101699, 4: 850
DFA state entries in window  : 1: 100, 2: 83, 3: 71, 4: 60
DFA state entries cumulative : 1: 5000, 2: 1948, 3: 1273, 4: 850
transitions cumulative       : 1->2: 1948, 2->3: 1273, 3->4: 850
accepted directly from s0    : 0
Gym endings cumulative       : terminated=4060, truncated=91

Starting autonomous greedy evaluation at episode 5000 (1000 fixed-seed episodes)...
[Greedy evaluation at episode 5000 | 1000 fixed-seed episodes]
success=42.9%, failure=0.0%, task reward=4290.000, length=256.6
DFA transitions: 1->2: 973, 2->3: 429, 3->4: 429

[Episode 5100/8000 | last 100]
success rate                : 68.0% (cumulative 18.0%)
failure rate                : 0.0% (cumulative 0.0%)
completed cycles / episode  : 0.000
synthetic task reward       : 6800.000
shaping reward              : 1623.071
learning reward             : 8423.071
episode length              : 283.7
abstract changes / episode  : 49.4
same abstract-state steps   : 82.6%
same-state shaping / episode: 0.000
changed-state shaping / ep. : 1623.071
terminal shaping / episode  : 67.140
DFA transitions / episode   : 2.39
DFA transitions in window   : 1->2: 92, 2->3: 79, 3->4: 68
epsilon (next episode)       : 0.12998
replay buffer                : 300000 samples [1: 50.0%, 2: 37.9%, 3: 12.0%, 4: 0.0%]
DFA state visits in window   : 1: 15328, 2: 9631, 3: 3447, 4: 68
DFA state visits cumulative  : 1: 961832, 2: 276819, 3: 105146, 4: 918
DFA state entries in window  : 1: 100, 2: 92, 3: 79, 4: 68
DFA state entries cumulative : 1: 5100, 2: 2040, 3: 1352, 4: 918
transitions cumulative       : 1->2: 2040, 2->3: 1352, 3->4: 918
accepted directly from s0    : 0
Gym endings cumulative       : terminated=4092, truncated=91

[Episode 5200/8000 | last 100]
success rate                : 62.0% (cumulative 18.8%)
failure rate                : 0.0% (cumulative 0.0%)
completed cycles / episode  : 0.000
synthetic task reward       : 6200.000
shaping reward              : 1638.915
learning reward             : 7838.915
episode length              : 301.2
abstract changes / episode  : 49.4
same abstract-state steps   : 83.6%
same-state shaping / episode: 0.000
changed-state shaping / ep. : 1638.915
terminal shaping / episode  : 61.105
DFA transitions / episode   : 2.39
DFA transitions in window   : 1->2: 97, 2->3: 80, 3->4: 62
epsilon (next episode)       : 0.12488
replay buffer                : 300000 samples [1: 49.9%, 2: 38.1%, 3: 12.1%, 4: 0.0%]
DFA state visits in window   : 1: 14678, 2: 12043, 3: 3436, 4: 62
DFA state visits cumulative  : 1: 976510, 2: 288862, 3: 108582, 4: 980
DFA state entries in window  : 1: 100, 2: 97, 3: 80, 4: 62
DFA state entries cumulative : 1: 5200, 2: 2137, 3: 1432, 4: 980
transitions cumulative       : 1->2: 2137, 2->3: 1432, 3->4: 980
accepted directly from s0    : 0
Gym endings cumulative       : terminated=4127, truncated=94

[Episode 5300/8000 | last 100]
success rate                : 77.0% (cumulative 19.9%)
failure rate                : 0.0% (cumulative 0.0%)
completed cycles / episode  : 0.000
synthetic task reward       : 7700.000
shaping reward              : 1770.228
learning reward             : 9470.228
episode length              : 311.8
abstract changes / episode  : 49.9
same abstract-state steps   : 84.0%
same-state shaping / episode: 0.000
changed-state shaping / ep. : 1770.228
terminal shaping / episode  : 77.000
DFA transitions / episode   : 2.58
DFA transitions in window   : 1->2: 95, 2->3: 86, 3->4: 77
epsilon (next episode)       : 0.11998
replay buffer                : 300000 samples [1: 49.2%, 2: 38.6%, 3: 12.2%, 4: 0.0%]
DFA state visits in window   : 1: 16163, 2: 11583, 3: 3452, 4: 77
DFA state visits cumulative  : 1: 992673, 2: 300445, 3: 112034, 4: 1057
DFA state entries in window  : 1: 100, 2: 95, 3: 86, 4: 77
DFA state entries cumulative : 1: 5300, 2: 2232, 3: 1518, 4: 1057
transitions cumulative       : 1->2: 2232, 2->3: 1518, 3->4: 1057
accepted directly from s0    : 0
Gym endings cumulative       : terminated=4149, truncated=95

[Episode 5400/8000 | last 100]
success rate                : 70.0% (cumulative 20.9%)
failure rate                : 0.0% (cumulative 0.0%)
completed cycles / episode  : 0.000
synthetic task reward       : 7000.000
shaping reward              : 1721.268
learning reward             : 8721.268
episode length              : 288.8
abstract changes / episode  : 49.2
same abstract-state steps   : 83.0%
same-state shaping / episode: 0.000
changed-state shaping / ep. : 1721.268
terminal shaping / episode  : 69.068
DFA transitions / episode   : 2.48
DFA transitions in window   : 1->2: 92, 2->3: 86, 3->4: 70
epsilon (next episode)       : 0.11528
replay buffer                : 300000 samples [1: 49.3%, 2: 38.4%, 3: 12.3%, 4: 0.0%]
DFA state visits in window   : 1: 14615, 2: 10767, 3: 3526, 4: 70
DFA state visits cumulative  : 1: 1007288, 2: 311212, 3: 115560, 4: 1127
DFA state entries in window  : 1: 100, 2: 92, 3: 86, 4: 70
DFA state entries cumulative : 1: 5400, 2: 2324, 3: 1604, 4: 1127
transitions cumulative       : 1->2: 2324, 2->3: 1604, 3->4: 1127
accepted directly from s0    : 0
Gym endings cumulative       : terminated=4179, truncated=95

[Episode 5500/8000 | last 100]
success rate                : 85.0% (cumulative 22.0%)
failure rate                : 0.0% (cumulative 0.0%)
completed cycles / episode  : 0.000
synthetic task reward       : 8500.000
shaping reward              : 1924.884
learning reward             : 10424.884
episode length              : 278.4
abstract changes / episode  : 46.1
same abstract-state steps   : 83.4%
same-state shaping / episode: 0.000
changed-state shaping / ep. : 1924.884
terminal shaping / episode  : 85.000
DFA transitions / episode   : 2.80
DFA transitions in window   : 1->2: 99, 2->3: 96, 3->4: 85
epsilon (next episode)       : 0.11075
replay buffer                : 300000 samples [1: 49.2%, 2: 38.8%, 3: 12.1%, 4: 0.0%]
DFA state visits in window   : 1: 13125, 2: 10646, 3: 4088, 4: 85
DFA state visits cumulative  : 1: 1020413, 2: 321858, 3: 119648, 4: 1212
DFA state entries in window  : 1: 100, 2: 99, 3: 96, 4: 85
DFA state entries cumulative : 1: 5500, 2: 2423, 3: 1700, 4: 1212
transitions cumulative       : 1->2: 2423, 2->3: 1700, 3->4: 1212
accepted directly from s0    : 0
Gym endings cumulative       : terminated=4194, truncated=95

Starting autonomous greedy evaluation at episode 5500 (1000 fixed-seed episodes)...
[Greedy evaluation at episode 5500 | 1000 fixed-seed episodes]
success=95.2%, failure=0.0%, task reward=9520.000, length=262.0
DFA transitions: 1->2: 955, 2->3: 952, 3->4: 952

[Episode 5600/8000 | last 100]
success rate                : 68.0% (cumulative 22.9%)
failure rate                : 0.0% (cumulative 0.0%)
completed cycles / episode  : 0.000
synthetic task reward       : 6800.000
shaping reward              : 1623.088
learning reward             : 8423.088
episode length              : 291.3
abstract changes / episode  : 46.4
same abstract-state steps   : 84.1%
same-state shaping / episode: 0.000
changed-state shaping / ep. : 1623.088
terminal shaping / episode  : 68.000
DFA transitions / episode   : 2.36
DFA transitions in window   : 1->2: 85, 2->3: 83, 3->4: 68
epsilon (next episode)       : 0.10641
replay buffer                : 300000 samples [1: 50.4%, 2: 37.7%, 3: 11.8%, 4: 0.0%]
DFA state visits in window   : 1: 16822, 2: 8778, 3: 3566, 4: 68
DFA state visits cumulative  : 1: 1037235, 2: 330636, 3: 123214, 4: 1280
DFA state entries in window  : 1: 100, 2: 85, 3: 83, 4: 68
DFA state entries cumulative : 1: 5600, 2: 2508, 3: 1783, 4: 1280
transitions cumulative       : 1->2: 2508, 2->3: 1783, 3->4: 1280
accepted directly from s0    : 0
Gym endings cumulative       : terminated=4223, truncated=98

[Episode 5700/8000 | last 100]
success rate                : 70.0% (cumulative 23.7%)
failure rate                : 0.0% (cumulative 0.0%)
completed cycles / episode  : 0.000
synthetic task reward       : 7000.000
shaping reward              : 1591.141
learning reward             : 8591.141
episode length              : 388.3
abstract changes / episode  : 59.9
same abstract-state steps   : 84.6%
same-state shaping / episode: 0.000
changed-state shaping / ep. : 1591.141
terminal shaping / episode  : 69.105
DFA transitions / episode   : 2.38
DFA transitions in window   : 1->2: 87, 2->3: 81, 3->4: 70
epsilon (next episode)       : 0.10224
replay buffer                : 300000 samples [1: 53.0%, 2: 35.5%, 3: 11.5%, 4: 0.0%]
DFA state visits in window   : 1: 26443, 2: 9198, 3: 3215, 4: 70
DFA state visits cumulative  : 1: 1063678, 2: 339834, 3: 126429, 4: 1350
DFA state entries in window  : 1: 100, 2: 87, 3: 81, 4: 70
DFA state entries cumulative : 1: 5700, 2: 2595, 3: 1864, 4: 1350
transitions cumulative       : 1->2: 2595, 2->3: 1864, 3->4: 1350
accepted directly from s0    : 0
Gym endings cumulative       : terminated=4250, truncated=101

[Episode 5800/8000 | last 100]
success rate                : 73.0% (cumulative 24.5%)
failure rate                : 0.0% (cumulative 0.0%)
completed cycles / episode  : 0.000
synthetic task reward       : 7300.000
shaping reward              : 1643.647
learning reward             : 8943.647
episode length              : 303.7
abstract changes / episode  : 49.3
same abstract-state steps   : 83.8%
same-state shaping / episode: 0.000
changed-state shaping / ep. : 1643.647
terminal shaping / episode  : 73.826
DFA transitions / episode   : 2.44
DFA transitions in window   : 1->2: 91, 2->3: 80, 3->4: 73
epsilon (next episode)       : 0.09823
replay buffer                : 300000 samples [1: 54.5%, 2: 34.1%, 3: 11.4%, 4: 0.0%]
DFA state visits in window   : 1: 17876, 2: 8959, 3: 3560, 4: 73
DFA state visits cumulative  : 1: 1081554, 2: 348793, 3: 129989, 4: 1423
DFA state entries in window  : 1: 100, 2: 91, 3: 80, 4: 73
DFA state entries cumulative : 1: 5800, 2: 2686, 3: 1944, 4: 1423
transitions cumulative       : 1->2: 2686, 2->3: 1944, 3->4: 1423
accepted directly from s0    : 0
Gym endings cumulative       : terminated=4276, truncated=102

[Episode 5900/8000 | last 100]
success rate                : 72.0% (cumulative 25.3%)
failure rate                : 0.0% (cumulative 0.0%)
completed cycles / episode  : 0.000
synthetic task reward       : 7200.000
shaping reward              : 1771.716
learning reward             : 8971.716
episode length              : 280.5
abstract changes / episode  : 46.8
same abstract-state steps   : 83.3%
same-state shaping / episode: 0.000
changed-state shaping / ep. : 1771.716
terminal shaping / episode  : 70.216
DFA transitions / episode   : 2.56
DFA transitions in window   : 1->2: 96, 2->3: 88, 3->4: 72
epsilon (next episode)       : 0.09438
replay buffer                : 300000 samples [1: 55.4%, 2: 33.3%, 3: 11.4%, 4: 0.0%]
DFA state visits in window   : 1: 15889, 2: 9056, 3: 3132, 4: 72
DFA state visits cumulative  : 1: 1097443, 2: 357849, 3: 133121, 4: 1495
DFA state entries in window  : 1: 100, 2: 96, 3: 88, 4: 72
DFA state entries cumulative : 1: 5900, 2: 2782, 3: 2032, 4: 1495
transitions cumulative       : 1->2: 2782, 2->3: 2032, 3->4: 1495
accepted directly from s0    : 0
Gym endings cumulative       : terminated=4304, truncated=102

[Episode 6000/8000 | last 100]
success rate                : 66.0% (cumulative 26.0%)
failure rate                : 0.0% (cumulative 0.0%)
completed cycles / episode  : 0.000
synthetic task reward       : 6600.000
shaping reward              : 1565.644
learning reward             : 8165.644
episode length              : 269.2
abstract changes / episode  : 45.0
same abstract-state steps   : 83.3%
same-state shaping / episode: 0.000
changed-state shaping / ep. : 1565.644
terminal shaping / episode  : 65.149
DFA transitions / episode   : 2.35
DFA transitions in window   : 1->2: 91, 2->3: 78, 3->4: 66
epsilon (next episode)       : 0.09067
replay buffer                : 300000 samples [1: 54.6%, 2: 34.0%, 3: 11.4%, 4: 0.0%]
DFA state visits in window   : 1: 12837, 2: 11258, 3: 2860, 4: 66
DFA state visits cumulative  : 1: 1110280, 2: 369107, 3: 135981, 4: 1561
DFA state entries in window  : 1: 100, 2: 91, 3: 78, 4: 66
DFA state entries cumulative : 1: 6000, 2: 2873, 3: 2110, 4: 1561
transitions cumulative       : 1->2: 2873, 2->3: 2110, 3->4: 1561
accepted directly from s0    : 0
Gym endings cumulative       : terminated=4337, truncated=103

Starting autonomous greedy evaluation at episode 6000 (1000 fixed-seed episodes)...
[Greedy evaluation at episode 6000 | 1000 fixed-seed episodes]
success=99.3%, failure=0.0%, task reward=9930.000, length=240.3
DFA transitions: 1->2: 996, 2->3: 994, 3->4: 993
Best policy updated from autonomous greedy evaluation at episode 6000.

[Episode 6100/8000 | last 100]
success rate                : 71.0% (cumulative 26.8%)
failure rate                : 0.0% (cumulative 0.0%)
completed cycles / episode  : 0.000
synthetic task reward       : 7100.000
shaping reward              : 1659.743
learning reward             : 8759.743
episode length              : 260.5
abstract changes / episode  : 44.1
same abstract-state steps   : 83.1%
same-state shaping / episode: 0.000
changed-state shaping / ep. : 1659.743
terminal shaping / episode  : 71.818
DFA transitions / episode   : 2.42
DFA transitions in window   : 1->2: 87, 2->3: 84, 3->4: 71
epsilon (next episode)       : 0.08712
replay buffer                : 300000 samples [1: 54.8%, 2: 33.9%, 3: 11.4%, 4: 0.0%]
DFA state visits in window   : 1: 14253, 2: 8695, 3: 3134, 4: 71
DFA state visits cumulative  : 1: 1124533, 2: 377802, 3: 139115, 4: 1632
DFA state entries in window  : 1: 100, 2: 87, 3: 84, 4: 71
DFA state entries cumulative : 1: 6100, 2: 2960, 3: 2194, 4: 1632
transitions cumulative       : 1->2: 2960, 2->3: 2194, 3->4: 1632
accepted directly from s0    : 0
Gym endings cumulative       : terminated=4365, truncated=104

[Episode 6200/8000 | last 100]
success rate                : 75.0% (cumulative 27.5%)
failure rate                : 0.0% (cumulative 0.0%)
completed cycles / episode  : 0.000
synthetic task reward       : 7500.000
shaping reward              : 1664.610
learning reward             : 9164.610
episode length              : 269.4
abstract changes / episode  : 45.1
same abstract-state steps   : 83.2%
same-state shaping / episode: 0.000
changed-state shaping / ep. : 1664.610
terminal shaping / episode  : 73.300
DFA transitions / episode   : 2.48
DFA transitions in window   : 1->2: 89, 2->3: 84, 3->4: 75
epsilon (next episode)       : 0.08370
replay buffer                : 300000 samples [1: 55.0%, 2: 33.7%, 3: 11.3%, 4: 0.0%]
DFA state visits in window   : 1: 14255, 2: 9690, 3: 3016, 4: 75
DFA state visits cumulative  : 1: 1138788, 2: 387492, 3: 142131, 4: 1707
DFA state entries in window  : 1: 100, 2: 89, 3: 84, 4: 75
DFA state entries cumulative : 1: 6200, 2: 3049, 3: 2278, 4: 1707
transitions cumulative       : 1->2: 3049, 2->3: 2278, 3->4: 1707
accepted directly from s0    : 0
Gym endings cumulative       : terminated=4389, truncated=105

[Episode 6300/8000 | last 100]
success rate                : 68.0% (cumulative 28.2%)
failure rate                : 0.0% (cumulative 0.0%)
completed cycles / episode  : 0.000
synthetic task reward       : 6800.000
shaping reward              : 1444.259
learning reward             : 8244.259
episode length              : 254.7
abstract changes / episode  : 42.2
same abstract-state steps   : 83.4%
same-state shaping / episode: 0.000
changed-state shaping / ep. : 1444.259
terminal shaping / episode  : 65.590
DFA transitions / episode   : 2.27
DFA transitions in window   : 1->2: 82, 2->3: 77, 3->4: 68
epsilon (next episode)       : 0.08042
replay buffer                : 300000 samples [1: 55.5%, 2: 33.2%, 3: 11.3%, 4: 0.0%]
DFA state visits in window   : 1: 15388, 2: 7383, 3: 2728, 4: 68
DFA state visits cumulative  : 1: 1154176, 2: 394875, 3: 144859, 4: 1775
DFA state entries in window  : 1: 100, 2: 82, 3: 77, 4: 68
DFA state entries cumulative : 1: 6300, 2: 3131, 3: 2355, 4: 1775
transitions cumulative       : 1->2: 3131, 2->3: 2355, 3->4: 1775
accepted directly from s0    : 0
Gym endings cumulative       : terminated=4421, truncated=105

[Episode 6400/8000 | last 100]
success rate                : 71.0% (cumulative 28.8%)
failure rate                : 0.0% (cumulative 0.0%)
completed cycles / episode  : 0.000
synthetic task reward       : 7100.000
shaping reward              : 1510.503
learning reward             : 8610.503
episode length              : 252.7
abstract changes / episode  : 44.8
same abstract-state steps   : 82.3%
same-state shaping / episode: 0.000
changed-state shaping / ep. : 1510.503
terminal shaping / episode  : 68.429
DFA transitions / episode   : 2.34
DFA transitions in window   : 1->2: 85, 2->3: 78, 3->4: 71
epsilon (next episode)       : 0.07727
replay buffer                : 300000 samples [1: 56.3%, 2: 32.5%, 3: 11.2%, 4: 0.0%]
DFA state visits in window   : 1: 14483, 2: 8009, 3: 2806, 4: 71
DFA state visits cumulative  : 1: 1168659, 2: 402884, 3: 147665, 4: 1846
DFA state entries in window  : 1: 100, 2: 85, 3: 78, 4: 71
DFA state entries cumulative : 1: 6400, 2: 3216, 3: 2433, 4: 1846
transitions cumulative       : 1->2: 3216, 2->3: 2433, 3->4: 1846
accepted directly from s0    : 0
Gym endings cumulative       : terminated=4450, truncated=105

[Episode 6500/8000 | last 100]
success rate                : 80.0% (cumulative 29.6%)
failure rate                : 0.0% (cumulative 0.0%)
completed cycles / episode  : 0.000
synthetic task reward       : 8000.000
shaping reward              : 1745.525
learning reward             : 9745.525
episode length              : 296.0
abstract changes / episode  : 49.0
same abstract-state steps   : 83.4%
same-state shaping / episode: 0.000
changed-state shaping / ep. : 1745.525
terminal shaping / episode  : 80.000
DFA transitions / episode   : 2.60
DFA transitions in window   : 1->2: 92, 2->3: 88, 3->4: 80
epsilon (next episode)       : 0.07423
replay buffer                : 300000 samples [1: 57.2%, 2: 31.6%, 3: 11.2%, 4: 0.0%]
DFA state visits in window   : 1: 17360, 2: 8627, 3: 3629, 4: 80
DFA state visits cumulative  : 1: 1186019, 2: 411511, 3: 151294, 4: 1926
DFA state entries in window  : 1: 100, 2: 92, 3: 88, 4: 80
DFA state entries cumulative : 1: 6500, 2: 3308, 3: 2521, 4: 1926
transitions cumulative       : 1->2: 3308, 2->3: 2521, 3->4: 1926
accepted directly from s0    : 0
Gym endings cumulative       : terminated=4469, truncated=106

Starting autonomous greedy evaluation at episode 6500 (1000 fixed-seed episodes)...
[Greedy evaluation at episode 6500 | 1000 fixed-seed episodes]
success=93.4%, failure=0.0%, task reward=9340.000, length=258.4
DFA transitions: 1->2: 956, 2->3: 934, 3->4: 934

[Episode 6600/8000 | last 100]
success rate                : 83.0% (cumulative 30.4%)
failure rate                : 0.0% (cumulative 0.0%)
completed cycles / episode  : 0.000
synthetic task reward       : 8300.000
shaping reward              : 1809.830
learning reward             : 10109.830
episode length              : 267.6
abstract changes / episode  : 44.5
same abstract-state steps   : 83.4%
same-state shaping / episode: 0.000
changed-state shaping / ep. : 1809.830
terminal shaping / episode  : 83.000
DFA transitions / episode   : 2.67
DFA transitions in window   : 1->2: 93, 2->3: 91, 3->4: 83
epsilon (next episode)       : 0.07132
replay buffer                : 300000 samples [1: 57.8%, 2: 31.3%, 3: 10.9%, 4: 0.0%]
DFA state visits in window   : 1: 14971, 2: 8592, 3: 3219, 4: 83
DFA state visits cumulative  : 1: 1200990, 2: 420103, 3: 154513, 4: 2009
DFA state entries in window  : 1: 100, 2: 93, 3: 91, 4: 83
DFA state entries cumulative : 1: 6600, 2: 3401, 3: 2612, 4: 2009
transitions cumulative       : 1->2: 3401, 2->3: 2612, 3->4: 2009
accepted directly from s0    : 0
Gym endings cumulative       : terminated=4486, truncated=106

[Episode 6700/8000 | last 100]
success rate                : 75.0% (cumulative 31.1%)
failure rate                : 0.0% (cumulative 0.0%)
completed cycles / episode  : 0.000
synthetic task reward       : 7500.000
shaping reward              : 1852.183
learning reward             : 9352.183
episode length              : 244.4
abstract changes / episode  : 42.3
same abstract-state steps   : 82.7%
same-state shaping / episode: 0.000
changed-state shaping / ep. : 1852.183
terminal shaping / episode  : 74.059
DFA transitions / episode   : 2.65
DFA transitions in window   : 1->2: 99, 2->3: 91, 3->4: 75
epsilon (next episode)       : 0.06853
replay buffer                : 300000 samples [1: 57.1%, 2: 31.7%, 3: 11.2%, 4: 0.0%]
DFA state visits in window   : 1: 13731, 2: 7636, 3: 3101, 4: 75
DFA state visits cumulative  : 1: 1214721, 2: 427739, 3: 157614, 4: 2084
DFA state entries in window  : 1: 100, 2: 99, 3: 91, 4: 75
DFA state entries cumulative : 1: 6700, 2: 3500, 3: 2703, 4: 2084
transitions cumulative       : 1->2: 3500, 2->3: 2703, 3->4: 2084
accepted directly from s0    : 0
Gym endings cumulative       : terminated=4511, truncated=106

[Episode 6800/8000 | last 100]
success rate                : 72.0% (cumulative 31.7%)
failure rate                : 0.0% (cumulative 0.0%)
completed cycles / episode  : 0.000
synthetic task reward       : 7200.000
shaping reward              : 1704.963
learning reward             : 8904.963
episode length              : 250.1
abstract changes / episode  : 43.3
same abstract-state steps   : 82.7%
same-state shaping / episode: 0.000
changed-state shaping / ep. : 1704.963
terminal shaping / episode  : 69.312
DFA transitions / episode   : 2.52
DFA transitions in window   : 1->2: 93, 2->3: 87, 3->4: 72
epsilon (next episode)       : 0.06584
replay buffer                : 300000 samples [1: 56.0%, 2: 32.3%, 3: 11.7%, 4: 0.0%]
DFA state visits in window   : 1: 13756, 2: 7727, 3: 3552, 4: 72
DFA state visits cumulative  : 1: 1228477, 2: 435466, 3: 161166, 4: 2156
DFA state entries in window  : 1: 100, 2: 93, 3: 87, 4: 72
DFA state entries cumulative : 1: 6800, 2: 3593, 3: 2790, 4: 2156
transitions cumulative       : 1->2: 3593, 2->3: 2790, 3->4: 2156
accepted directly from s0    : 0
Gym endings cumulative       : terminated=4538, truncated=107

[Episode 6900/8000 | last 100]
success rate                : 64.0% (cumulative 32.2%)
failure rate                : 0.0% (cumulative 0.0%)
completed cycles / episode  : 0.000
synthetic task reward       : 6400.000
shaping reward              : 1322.090
learning reward             : 7722.090
episode length              : 269.4
abstract changes / episode  : 45.5
same abstract-state steps   : 83.1%
same-state shaping / episode: 0.000
changed-state shaping / ep. : 1322.090
terminal shaping / episode  : 63.260
DFA transitions / episode   : 2.13
DFA transitions in window   : 1->2: 80, 2->3: 69, 3->4: 64
epsilon (next episode)       : 0.06326
replay buffer                : 300000 samples [1: 56.5%, 2: 32.1%, 3: 11.4%, 4: 0.0%]
DFA state visits in window   : 1: 17505, 2: 7082, 3: 2384, 4: 64
DFA state visits cumulative  : 1: 1245982, 2: 442548, 3: 163550, 4: 2220
DFA state entries in window  : 1: 100, 2: 80, 3: 69, 4: 64
DFA state entries cumulative : 1: 6900, 2: 3673, 3: 2859, 4: 2220
transitions cumulative       : 1->2: 3673, 2->3: 2859, 3->4: 2220
accepted directly from s0    : 0
Gym endings cumulative       : terminated=4574, truncated=107

[Episode 7000/8000 | last 100]
success rate                : 57.0% (cumulative 32.5%)
failure rate                : 0.0% (cumulative 0.0%)
completed cycles / episode  : 0.000
synthetic task reward       : 5700.000
shaping reward              : 1274.220
learning reward             : 6974.220
episode length              : 262.9
abstract changes / episode  : 42.1
same abstract-state steps   : 84.0%
same-state shaping / episode: 0.000
changed-state shaping / ep. : 1274.220
terminal shaping / episode  : 56.275
DFA transitions / episode   : 1.90
DFA transitions in window   : 1->2: 70, 2->3: 63, 3->4: 57
epsilon (next episode)       : 0.06078
replay buffer                : 300000 samples [1: 57.7%, 2: 31.1%, 3: 11.2%, 4: 0.0%]
DFA state visits in window   : 1: 18979, 2: 5265, 3: 2087, 4: 57
DFA state visits cumulative  : 1: 1264961, 2: 447813, 3: 165637, 4: 2277
DFA state entries in window  : 1: 100, 2: 70, 3: 63, 4: 57
DFA state entries cumulative : 1: 7000, 2: 3743, 3: 2922, 4: 2277
transitions cumulative       : 1->2: 3743, 2->3: 2922, 3->4: 2277
accepted directly from s0    : 0
Gym endings cumulative       : terminated=4617, truncated=107

Starting autonomous greedy evaluation at episode 7000 (1000 fixed-seed episodes)...
[Greedy evaluation at episode 7000 | 1000 fixed-seed episodes]
success=49.6%, failure=0.0%, task reward=4960.000, length=259.9
DFA transitions: 1->2: 561, 2->3: 524, 3->4: 496

[Episode 7100/8000 | last 100]
success rate                : 73.0% (cumulative 33.1%)
failure rate                : 0.0% (cumulative 0.0%)
completed cycles / episode  : 0.000
synthetic task reward       : 7300.000
shaping reward              : 1561.551
learning reward             : 8861.551
episode length              : 284.7
abstract changes / episode  : 47.2
same abstract-state steps   : 83.4%
same-state shaping / episode: 0.000
changed-state shaping / ep. : 1561.551
terminal shaping / episode  : 69.863
DFA transitions / episode   : 2.37
DFA transitions in window   : 1->2: 87, 2->3: 77, 3->4: 73
epsilon (next episode)       : 0.05839
replay buffer                : 300000 samples [1: 58.7%, 2: 30.0%, 3: 11.3%, 4: 0.0%]
DFA state visits in window   : 1: 17250, 2: 7844, 3: 3399, 4: 73
DFA state visits cumulative  : 1: 1282211, 2: 455657, 3: 169036, 4: 2350
DFA state entries in window  : 1: 100, 2: 87, 3: 77, 4: 73
DFA state entries cumulative : 1: 7100, 2: 3830, 3: 2999, 4: 2350
transitions cumulative       : 1->2: 3830, 2->3: 2999, 3->4: 2350
accepted directly from s0    : 0
Gym endings cumulative       : terminated=4644, truncated=107

[Episode 7200/8000 | last 100]
success rate                : 79.0% (cumulative 33.7%)
failure rate                : 0.0% (cumulative 0.0%)
completed cycles / episode  : 0.000
synthetic task reward       : 7900.000
shaping reward              : 1653.911
learning reward             : 9553.911
episode length              : 275.6
abstract changes / episode  : 46.1
same abstract-state steps   : 83.3%
same-state shaping / episode: 0.000
changed-state shaping / ep. : 1653.911
terminal shaping / episode  : 77.420
DFA transitions / episode   : 2.52
DFA transitions in window   : 1->2: 90, 2->3: 83, 3->4: 79
epsilon (next episode)       : 0.05610
replay buffer                : 300000 samples [1: 59.8%, 2: 29.1%, 3: 11.2%, 4: 0.0%]
DFA state visits in window   : 1: 17567, 2: 7233, 3: 2784, 4: 79
DFA state visits cumulative  : 1: 1299778, 2: 462890, 3: 171820, 4: 2429
DFA state entries in window  : 1: 100, 2: 90, 3: 83, 4: 79
DFA state entries cumulative : 1: 7200, 2: 3920, 3: 3082, 4: 2429
transitions cumulative       : 1->2: 3920, 2->3: 3082, 3->4: 2429
accepted directly from s0    : 0
Gym endings cumulative       : terminated=4665, truncated=107

[Episode 7300/8000 | last 100]
success rate                : 80.0% (cumulative 34.4%)
failure rate                : 0.0% (cumulative 0.0%)
completed cycles / episode  : 0.000
synthetic task reward       : 8000.000
shaping reward              : 1712.179
learning reward             : 9712.179
episode length              : 281.8
abstract changes / episode  : 46.9
same abstract-state steps   : 83.3%
same-state shaping / episode: 0.000
changed-state shaping / ep. : 1712.179
terminal shaping / episode  : 79.268
DFA transitions / episode   : 2.58
DFA transitions in window   : 1->2: 92, 2->3: 86, 3->4: 80
epsilon (next episode)       : 0.05390
replay buffer                : 300000 samples [1: 60.6%, 2: 28.3%, 3: 11.1%, 4: 0.0%]
DFA state visits in window   : 1: 17628, 2: 7575, 3: 3000, 4: 80
DFA state visits cumulative  : 1: 1317406, 2: 470465, 3: 174820, 4: 2509
DFA state entries in window  : 1: 100, 2: 92, 3: 86, 4: 80
DFA state entries cumulative : 1: 7300, 2: 4012, 3: 3168, 4: 2509
transitions cumulative       : 1->2: 4012, 2->3: 3168, 3->4: 2509
accepted directly from s0    : 0
Gym endings cumulative       : terminated=4685, truncated=107

[Episode 7400/8000 | last 100]
success rate                : 72.0% (cumulative 34.9%)
failure rate                : 0.0% (cumulative 0.0%)
completed cycles / episode  : 0.000
synthetic task reward       : 7200.000
shaping reward              : 1489.202
learning reward             : 8689.202
episode length              : 242.3
abstract changes / episode  : 40.7
same abstract-state steps   : 83.2%
same-state shaping / episode: 0.000
changed-state shaping / ep. : 1489.202
terminal shaping / episode  : 72.736
DFA transitions / episode   : 2.24
DFA transitions in window   : 1->2: 77, 2->3: 75, 3->4: 72
epsilon (next episode)       : 0.05179
replay buffer                : 300000 samples [1: 61.0%, 2: 27.9%, 3: 11.1%, 4: 0.0%]
DFA state visits in window   : 1: 15330, 2: 6266, 3: 2664, 4: 72
DFA state visits cumulative  : 1: 1332736, 2: 476731, 3: 177484, 4: 2581
DFA state entries in window  : 1: 100, 2: 77, 3: 75, 4: 72
DFA state entries cumulative : 1: 7400, 2: 4089, 3: 3243, 4: 2581
transitions cumulative       : 1->2: 4089, 2->3: 3243, 3->4: 2581
accepted directly from s0    : 0
Gym endings cumulative       : terminated=4713, truncated=107

[Episode 7500/8000 | last 100]
success rate                : 66.0% (cumulative 35.3%)
failure rate                : 0.0% (cumulative 0.0%)
completed cycles / episode  : 0.000
synthetic task reward       : 6600.000
shaping reward              : 1506.168
learning reward             : 8106.168
episode length              : 252.0
abstract changes / episode  : 45.7
same abstract-state steps   : 81.9%
same-state shaping / episode: 0.000
changed-state shaping / ep. : 1506.168
terminal shaping / episode  : 64.350
DFA transitions / episode   : 2.30
DFA transitions in window   : 1->2: 83, 2->3: 81, 3->4: 66
epsilon (next episode)       : 0.04976
replay buffer                : 300000 samples [1: 61.6%, 2: 27.2%, 3: 11.2%, 4: 0.0%]
DFA state visits in window   : 1: 16333, 2: 6027, 3: 2873, 4: 66
DFA state visits cumulative  : 1: 1349069, 2: 482758, 3: 180357, 4: 2647
DFA state entries in window  : 1: 100, 2: 83, 3: 81, 4: 66
DFA state entries cumulative : 1: 7500, 2: 4172, 3: 3324, 4: 2647
transitions cumulative       : 1->2: 4172, 2->3: 3324, 3->4: 2647
accepted directly from s0    : 0
Gym endings cumulative       : terminated=4747, truncated=107

Starting autonomous greedy evaluation at episode 7500 (1000 fixed-seed episodes)...
[Greedy evaluation at episode 7500 | 1000 fixed-seed episodes]
success=88.1%, failure=0.0%, task reward=8810.000, length=290.7
DFA transitions: 1->2: 928, 2->3: 900, 3->4: 881

[Episode 7600/8000 | last 100]
success rate                : 83.0% (cumulative 35.9%)
failure rate                : 0.0% (cumulative 0.0%)
completed cycles / episode  : 0.000
synthetic task reward       : 8300.000
shaping reward              : 1714.158
learning reward             : 10014.158
episode length              : 290.0
abstract changes / episode  : 49.5
same abstract-state steps   : 82.9%
same-state shaping / episode: 0.000
changed-state shaping / ep. : 1714.158
terminal shaping / episode  : 83.000
DFA transitions / episode   : 2.62
DFA transitions in window   : 1->2: 93, 2->3: 86, 3->4: 83
epsilon (next episode)       : 0.04781
replay buffer                : 300000 samples [1: 61.7%, 2: 27.4%, 3: 10.9%, 4: 0.0%]
DFA state visits in window   : 1: 16836, 2: 9117, 3: 3060, 4: 83
DFA state visits cumulative  : 1: 1365905, 2: 491875, 3: 183417, 4: 2730
DFA state entries in window  : 1: 100, 2: 93, 3: 86, 4: 83
DFA state entries cumulative : 1: 7600, 2: 4265, 3: 3410, 4: 2730
transitions cumulative       : 1->2: 4265, 2->3: 3410, 3->4: 2730
accepted directly from s0    : 0
Gym endings cumulative       : terminated=4764, truncated=107

[Episode 7700/8000 | last 100]
success rate                : 82.0% (cumulative 36.5%)
failure rate                : 0.0% (cumulative 0.0%)
completed cycles / episode  : 0.000
synthetic task reward       : 8200.000
shaping reward              : 1801.145
learning reward             : 10001.145
episode length              : 280.6
abstract changes / episode  : 47.7
same abstract-state steps   : 83.0%
same-state shaping / episode: 0.000
changed-state shaping / ep. : 1801.145
terminal shaping / episode  : 82.000
DFA transitions / episode   : 2.66
DFA transitions in window   : 1->2: 95, 2->3: 89, 3->4: 82
epsilon (next episode)       : 0.04593
replay buffer                : 300000 samples [1: 61.7%, 2: 27.4%, 3: 10.9%, 4: 0.0%]
DFA state visits in window   : 1: 17295, 2: 7718, 3: 3063, 4: 82
DFA state visits cumulative  : 1: 1383200, 2: 499593, 3: 186480, 4: 2812
DFA state entries in window  : 1: 100, 2: 95, 3: 89, 4: 82
DFA state entries cumulative : 1: 7700, 2: 4360, 3: 3499, 4: 2812
transitions cumulative       : 1->2: 4360, 2->3: 3499, 3->4: 2812
accepted directly from s0    : 0
Gym endings cumulative       : terminated=4782, truncated=107

[Episode 7800/8000 | last 100]
success rate                : 80.0% (cumulative 37.1%)
failure rate                : 0.0% (cumulative 0.0%)
completed cycles / episode  : 0.000
synthetic task reward       : 8000.000
shaping reward              : 1776.075
learning reward             : 9776.075
episode length              : 319.1
abstract changes / episode  : 54.6
same abstract-state steps   : 82.9%
same-state shaping / episode: 0.000
changed-state shaping / ep. : 1776.075
terminal shaping / episode  : 79.817
DFA transitions / episode   : 2.61
DFA transitions in window   : 1->2: 92, 2->3: 89, 3->4: 80
epsilon (next episode)       : 0.04413
replay buffer                : 300000 samples [1: 62.9%, 2: 26.5%, 3: 10.6%, 4: 0.0%]
DFA state visits in window   : 1: 20848, 2: 8071, 3: 3012, 4: 80
DFA state visits cumulative  : 1: 1404048, 2: 507664, 3: 189492, 4: 2892
DFA state entries in window  : 1: 100, 2: 92, 3: 89, 4: 80
DFA state entries cumulative : 1: 7800, 2: 4452, 3: 3588, 4: 2892
transitions cumulative       : 1->2: 4452, 2->3: 3588, 3->4: 2892
accepted directly from s0    : 0
Gym endings cumulative       : terminated=4801, truncated=108

[Episode 7900/8000 | last 100]
success rate                : 76.0% (cumulative 37.6%)
failure rate                : 0.0% (cumulative 0.0%)
completed cycles / episode  : 0.000
synthetic task reward       : 7600.000
shaping reward              : 1643.002
learning reward             : 9243.002
episode length              : 294.9
abstract changes / episode  : 48.9
same abstract-state steps   : 83.4%
same-state shaping / episode: 0.000
changed-state shaping / ep. : 1643.002
terminal shaping / episode  : 74.506
DFA transitions / episode   : 2.47
DFA transitions in window   : 1->2: 86, 2->3: 85, 3->4: 76
epsilon (next episode)       : 0.04240
replay buffer                : 300000 samples [1: 64.1%, 2: 25.6%, 3: 10.3%, 4: 0.0%]
DFA state visits in window   : 1: 19095, 2: 7127, 3: 3291, 4: 76
DFA state visits cumulative  : 1: 1423143, 2: 514791, 3: 192783, 4: 2968
DFA state entries in window  : 1: 100, 2: 86, 3: 85, 4: 76
DFA state entries cumulative : 1: 7900, 2: 4538, 3: 3673, 4: 2968
transitions cumulative       : 1->2: 4538, 2->3: 3673, 3->4: 2968
accepted directly from s0    : 0
Gym endings cumulative       : terminated=4825, truncated=108

[Episode 8000/8000 | last 100]
success rate                : 78.0% (cumulative 38.1%)
failure rate                : 0.0% (cumulative 0.0%)
completed cycles / episode  : 0.000
synthetic task reward       : 7800.000
shaping reward              : 1606.476
learning reward             : 9406.476
episode length              : 266.0
abstract changes / episode  : 44.6
same abstract-state steps   : 83.2%
same-state shaping / episode: 0.000
changed-state shaping / ep. : 1606.476
terminal shaping / episode  : 78.000
DFA transitions / episode   : 2.46
DFA transitions in window   : 1->2: 85, 2->3: 83, 3->4: 78
epsilon (next episode)       : 0.04074
replay buffer                : 300000 samples [1: 63.4%, 2: 26.1%, 3: 10.5%, 4: 0.0%]
DFA state visits in window   : 1: 16496, 2: 7222, 3: 2904, 4: 78
DFA state visits cumulative  : 1: 1439639, 2: 522013, 3: 195687, 4: 3046
DFA state entries in window  : 1: 100, 2: 85, 3: 83, 4: 78
DFA state entries cumulative : 1: 8000, 2: 4623, 3: 3756, 4: 3046
transitions cumulative       : 1->2: 4623, 2->3: 3756, 3->4: 3046
accepted directly from s0    : 0
Gym endings cumulative       : terminated=4846, truncated=109

Starting autonomous greedy evaluation at episode 8000 (1000 fixed-seed episodes)...
[Greedy evaluation at episode 8000 | 1000 fixed-seed episodes]
success=76.7%, failure=0.0%, task reward=7670.000, length=231.5
DFA transitions: 1->2: 781, 2->3: 771, 3->4: 767
Last policy saved after episode 8000. Best greedy evaluation: episode 6000, mean task reward=9930.000
