
=== NEW RUN ===
episodes=8000, shaping=False, goal_reward=10000.0, gamma=0.99
gamma_shaping=1.0, shaping_formula=gamma_shaping*Phi(next)-Phi(state)
ground_unbiased_learner=False
ground_max_episode_steps=1500
eval_interval=500, eval_episodes=1000, eval_seed=100000
inter_level_shaping=False, inter_level_formula=gamma*Phi(next)-Phi(state)
task_type=cyclic_waypoints, task=cycle(g1, g2, g3)
regions={g1: {'center': [0, 1.0625], 'radius': 0.1}, g2: {'center': [-0.5, 0.5], 'radius': 0.1}, g3: {'center': [0.5, 0.5], 'radius': 0.1}}
dfa_states=[0, 1, 2], pre_trace=0, accepting=[], failure=[]

[Episode 1/8000 | last 1]
success rate                : 0.0% (cumulative 0.0%)
failure rate                : 0.0% (cumulative 0.0%)
completed cycles / episode  : 0.000
synthetic task reward       : 0.000
shaping reward              : 0.000
learning reward             : 0.000
episode length              : 73.0
abstract changes / episode  : 12.0
same abstract-state steps   : 83.6%
same-state shaping / episode: 0.000
changed-state shaping / ep. : 0.000
terminal shaping / episode  : 0.000
DFA transitions / episode   : 1.00
DFA transitions in window   : 0->1: 1
epsilon (next episode)       : 0.99960
replay buffer                : 73 samples [0: 27.4%, 1: 72.6%, 2: 0.0%]
DFA state visits in window   : 0: 20, 1: 54, 2: 0
DFA state visits cumulative  : 0: 20, 1: 54, 2: 0
DFA state entries in window  : 0: 1, 1: 1, 2: 0
DFA state entries cumulative : 0: 1, 1: 1, 2: 0
transitions cumulative       : 0->1: 1
accepted directly from s0    : 0
Gym endings cumulative       : terminated=1, truncated=0

[Episode 100/8000 | last 100]
success rate                : 0.0% (cumulative 0.0%)
failure rate                : 0.0% (cumulative 0.0%)
completed cycles / episode  : 0.000
synthetic task reward       : 0.000
shaping reward              : 0.000
learning reward             : 0.000
episode length              : 92.8
abstract changes / episode  : 13.0
same abstract-state steps   : 86.0%
same-state shaping / episode: 0.000
changed-state shaping / ep. : 0.000
terminal shaping / episode  : 0.000
DFA transitions / episode   : 0.26
DFA transitions in window   : 0->1: 26
epsilon (next episode)       : 0.96078
replay buffer                : 9283 samples [0: 85.5%, 1: 14.5%, 2: 0.0%]
DFA state visits in window   : 0: 8015, 1: 1368, 2: 0
DFA state visits cumulative  : 0: 8015, 1: 1368, 2: 0
DFA state entries in window  : 0: 100, 1: 26, 2: 0
DFA state entries cumulative : 0: 100, 1: 26, 2: 0
transitions cumulative       : 0->1: 26
accepted directly from s0    : 0
Gym endings cumulative       : terminated=100, truncated=0

[Episode 200/8000 | last 100]
success rate                : 0.0% (cumulative 0.0%)
failure rate                : 0.0% (cumulative 0.0%)
completed cycles / episode  : 0.000
synthetic task reward       : 0.000
shaping reward              : 0.000
learning reward             : 0.000
episode length              : 91.9
abstract changes / episode  : 13.0
same abstract-state steps   : 85.9%
same-state shaping / episode: 0.000
changed-state shaping / ep. : 0.000
terminal shaping / episode  : 0.000
DFA transitions / episode   : 0.28
DFA transitions in window   : 0->1: 28
epsilon (next episode)       : 0.92310
replay buffer                : 18470 samples [0: 85.3%, 1: 14.7%, 2: 0.0%]
DFA state visits in window   : 0: 7880, 1: 1407, 2: 0
DFA state visits cumulative  : 0: 15895, 1: 2775, 2: 0
DFA state entries in window  : 0: 100, 1: 28, 2: 0
DFA state entries cumulative : 0: 200, 1: 54, 2: 0
transitions cumulative       : 0->1: 54
accepted directly from s0    : 0
Gym endings cumulative       : terminated=200, truncated=0

[Episode 300/8000 | last 100]
success rate                : 0.0% (cumulative 0.0%)
failure rate                : 0.0% (cumulative 0.0%)
completed cycles / episode  : 0.000
synthetic task reward       : 0.000
shaping reward              : 0.000
learning reward             : 0.000
episode length              : 88.8
abstract changes / episode  : 12.8
same abstract-state steps   : 85.6%
same-state shaping / episode: 0.000
changed-state shaping / ep. : 0.000
terminal shaping / episode  : 0.000
DFA transitions / episode   : 0.37
DFA transitions in window   : 0->1: 37
epsilon (next episode)       : 0.88690
replay buffer                : 27345 samples [0: 83.4%, 1: 16.6%, 2: 0.0%]
DFA state visits in window   : 0: 7118, 1: 1857, 2: 0
DFA state visits cumulative  : 0: 23013, 1: 4632, 2: 0
DFA state entries in window  : 0: 100, 1: 37, 2: 0
DFA state entries cumulative : 0: 300, 1: 91, 2: 0
transitions cumulative       : 0->1: 91
accepted directly from s0    : 0
Gym endings cumulative       : terminated=300, truncated=0

[Episode 400/8000 | last 100]
success rate                : 0.0% (cumulative 0.0%)
failure rate                : 0.0% (cumulative 0.0%)
completed cycles / episode  : 0.000
synthetic task reward       : 0.000
shaping reward              : 0.000
learning reward             : 0.000
episode length              : 90.8
abstract changes / episode  : 12.7
same abstract-state steps   : 86.0%
same-state shaping / episode: 0.000
changed-state shaping / ep. : 0.000
terminal shaping / episode  : 0.000
DFA transitions / episode   : 0.41
DFA transitions in window   : 0->1: 41
epsilon (next episode)       : 0.85212
replay buffer                : 36430 samples [0: 82.0%, 1: 18.0%, 2: 0.0%]
DFA state visits in window   : 0: 7130, 1: 2055, 2: 0
DFA state visits cumulative  : 0: 30143, 1: 6687, 2: 0
DFA state entries in window  : 0: 100, 1: 41, 2: 0
DFA state entries cumulative : 0: 400, 1: 132, 2: 0
transitions cumulative       : 0->1: 132
accepted directly from s0    : 0
Gym endings cumulative       : terminated=400, truncated=0

[Episode 500/8000 | last 100]
success rate                : 0.0% (cumulative 0.0%)
failure rate                : 0.0% (cumulative 0.0%)
completed cycles / episode  : 0.000
synthetic task reward       : 0.000
shaping reward              : 0.000
learning reward             : 0.000
episode length              : 91.2
abstract changes / episode  : 12.7
same abstract-state steps   : 86.1%
same-state shaping / episode: 0.000
changed-state shaping / ep. : 0.000
terminal shaping / episode  : 0.000
DFA transitions / episode   : 0.41
DFA transitions in window   : 0->1: 41
epsilon (next episode)       : 0.81870
replay buffer                : 45548 samples [0: 80.8%, 1: 19.2%, 2: 0.0%]
DFA state visits in window   : 0: 6993, 1: 2225, 2: 0
DFA state visits cumulative  : 0: 37136, 1: 8912, 2: 0
DFA state entries in window  : 0: 100, 1: 41, 2: 0
DFA state entries cumulative : 0: 500, 1: 173, 2: 0
transitions cumulative       : 0->1: 173
accepted directly from s0    : 0
Gym endings cumulative       : terminated=500, truncated=0

Starting autonomous greedy evaluation at episode 500 (1000 fixed-seed episodes)...
[Greedy evaluation at episode 500 | 1000 fixed-seed episodes]
success=0.0%, failure=0.0%, task reward=0.000, cycles=0.000, length=90.9
DFA transitions: 0->1: 394, 1->2: 1
Best policy updated from autonomous greedy evaluation at episode 500.

[Episode 600/8000 | last 100]
success rate                : 0.0% (cumulative 0.0%)
failure rate                : 0.0% (cumulative 0.0%)
completed cycles / episode  : 0.000
synthetic task reward       : 0.000
shaping reward              : 0.000
learning reward             : 0.000
episode length              : 112.2
abstract changes / episode  : 13.1
same abstract-state steps   : 88.3%
same-state shaping / episode: 0.000
changed-state shaping / ep. : 0.000
terminal shaping / episode  : 0.000
DFA transitions / episode   : 0.27
DFA transitions in window   : 0->1: 27
epsilon (next episode)       : 0.78659
replay buffer                : 56765 samples [0: 79.3%, 1: 20.7%, 2: 0.0%]
DFA state visits in window   : 0: 8284, 1: 3033, 2: 0
DFA state visits cumulative  : 0: 45420, 1: 11945, 2: 0
DFA state entries in window  : 0: 100, 1: 27, 2: 0
DFA state entries cumulative : 0: 600, 1: 200, 2: 0
transitions cumulative       : 0->1: 200
accepted directly from s0    : 0
Gym endings cumulative       : terminated=599, truncated=1

[Episode 700/8000 | last 100]
success rate                : 0.0% (cumulative 0.0%)
failure rate                : 0.0% (cumulative 0.0%)
completed cycles / episode  : 0.000
synthetic task reward       : 0.000
shaping reward              : 0.000
learning reward             : 0.000
episode length              : 111.4
abstract changes / episode  : 13.5
same abstract-state steps   : 87.9%
same-state shaping / episode: 0.000
changed-state shaping / ep. : 0.000
terminal shaping / episode  : 0.000
DFA transitions / episode   : 0.26
DFA transitions in window   : 0->1: 26
epsilon (next episode)       : 0.75574
replay buffer                : 67905 samples [0: 80.3%, 1: 19.7%, 2: 0.0%]
DFA state visits in window   : 0: 9582, 1: 1658, 2: 0
DFA state visits cumulative  : 0: 55002, 1: 13603, 2: 0
DFA state entries in window  : 0: 100, 1: 26, 2: 0
DFA state entries cumulative : 0: 700, 1: 226, 2: 0
transitions cumulative       : 0->1: 226
accepted directly from s0    : 0
Gym endings cumulative       : terminated=699, truncated=1

[Episode 800/8000 | last 100]
success rate                : 0.0% (cumulative 0.0%)
failure rate                : 0.0% (cumulative 0.0%)
completed cycles / episode  : 0.000
synthetic task reward       : 0.000
shaping reward              : 0.000
learning reward             : 0.000
episode length              : 118.5
abstract changes / episode  : 13.3
same abstract-state steps   : 88.7%
same-state shaping / episode: 0.000
changed-state shaping / ep. : 0.000
terminal shaping / episode  : 0.000
DFA transitions / episode   : 0.22
DFA transitions in window   : 0->1: 22
epsilon (next episode)       : 0.72610
replay buffer                : 79753 samples [0: 81.3%, 1: 18.7%, 2: 0.0%]
DFA state visits in window   : 0: 10406, 1: 1542, 2: 0
DFA state visits cumulative  : 0: 65408, 1: 15145, 2: 0
DFA state entries in window  : 0: 100, 1: 22, 2: 0
DFA state entries cumulative : 0: 800, 1: 248, 2: 0
transitions cumulative       : 0->1: 248
accepted directly from s0    : 0
Gym endings cumulative       : terminated=799, truncated=1

[Episode 900/8000 | last 100]
success rate                : 0.0% (cumulative 0.0%)
failure rate                : 0.0% (cumulative 0.0%)
completed cycles / episode  : 0.000
synthetic task reward       : 0.000
shaping reward              : 0.000
learning reward             : 0.000
episode length              : 125.7
abstract changes / episode  : 13.3
same abstract-state steps   : 89.4%
same-state shaping / episode: 0.000
changed-state shaping / ep. : 0.000
terminal shaping / episode  : 0.000
DFA transitions / episode   : 0.22
DFA transitions in window   : 0->1: 22
epsilon (next episode)       : 0.69763
replay buffer                : 92326 samples [0: 82.4%, 1: 17.6%, 2: 0.0%]
DFA state visits in window   : 0: 11288, 1: 1385, 2: 0
DFA state visits cumulative  : 0: 76696, 1: 16530, 2: 0
DFA state entries in window  : 0: 100, 1: 22, 2: 0
DFA state entries cumulative : 0: 900, 1: 270, 2: 0
transitions cumulative       : 0->1: 270
accepted directly from s0    : 0
Gym endings cumulative       : terminated=899, truncated=1

[Episode 1000/8000 | last 100]
success rate                : 0.0% (cumulative 0.0%)
failure rate                : 0.0% (cumulative 0.0%)
completed cycles / episode  : 0.000
synthetic task reward       : 0.000
shaping reward              : 0.000
learning reward             : 0.000
episode length              : 123.5
abstract changes / episode  : 13.4
same abstract-state steps   : 89.1%
same-state shaping / episode: 0.000
changed-state shaping / ep. : 0.000
terminal shaping / episode  : 0.000
DFA transitions / episode   : 0.23
DFA transitions in window   : 0->1: 23
epsilon (next episode)       : 0.67027
replay buffer                : 104678 samples [0: 83.0%, 1: 17.0%, 2: 0.0%]
DFA state visits in window   : 0: 10943, 1: 1509, 2: 0
DFA state visits cumulative  : 0: 87639, 1: 18039, 2: 0
DFA state entries in window  : 0: 100, 1: 23, 2: 0
DFA state entries cumulative : 0: 1000, 1: 293, 2: 0
transitions cumulative       : 0->1: 293
accepted directly from s0    : 0
Gym endings cumulative       : terminated=999, truncated=1

Starting autonomous greedy evaluation at episode 1000 (1000 fixed-seed episodes)...
[Greedy evaluation at episode 1000 | 1000 fixed-seed episodes]
success=0.0%, failure=0.0%, task reward=0.000, cycles=0.000, length=151.5
DFA transitions: 0->1: 7

[Episode 1100/8000 | last 100]
success rate                : 0.0% (cumulative 0.0%)
failure rate                : 0.0% (cumulative 0.0%)
completed cycles / episode  : 0.000
synthetic task reward       : 0.000
shaping reward              : 0.000
learning reward             : 0.000
episode length              : 132.8
abstract changes / episode  : 13.6
same abstract-state steps   : 89.7%
same-state shaping / episode: 0.000
changed-state shaping / ep. : 0.000
terminal shaping / episode  : 0.000
DFA transitions / episode   : 0.14
DFA transitions in window   : 0->1: 14
epsilon (next episode)       : 0.64398
replay buffer                : 117955 samples [0: 84.0%, 1: 16.0%, 2: 0.0%]
DFA state visits in window   : 0: 12251, 1: 1126, 2: 0
DFA state visits cumulative  : 0: 99890, 1: 19165, 2: 0
DFA state entries in window  : 0: 100, 1: 14, 2: 0
DFA state entries cumulative : 0: 1100, 1: 307, 2: 0
transitions cumulative       : 0->1: 307
accepted directly from s0    : 0
Gym endings cumulative       : terminated=1099, truncated=1

[Episode 1200/8000 | last 100]
success rate                : 0.0% (cumulative 0.0%)
failure rate                : 0.0% (cumulative 0.0%)
completed cycles / episode  : 0.000
synthetic task reward       : 0.000
shaping reward              : 0.000
learning reward             : 0.000
episode length              : 133.0
abstract changes / episode  : 13.2
same abstract-state steps   : 90.1%
same-state shaping / episode: 0.000
changed-state shaping / ep. : 0.000
terminal shaping / episode  : 0.000
DFA transitions / episode   : 0.19
DFA transitions in window   : 0->1: 19
epsilon (next episode)       : 0.61872
replay buffer                : 131252 samples [0: 84.3%, 1: 15.7%, 2: 0.0%]
DFA state visits in window   : 0: 11683, 1: 1714, 2: 0
DFA state visits cumulative  : 0: 111573, 1: 20879, 2: 0
DFA state entries in window  : 0: 100, 1: 19, 2: 0
DFA state entries cumulative : 0: 1200, 1: 326, 2: 0
transitions cumulative       : 0->1: 326
accepted directly from s0    : 0
Gym endings cumulative       : terminated=1199, truncated=1

[Episode 1300/8000 | last 100]
success rate                : 0.0% (cumulative 0.0%)
failure rate                : 0.0% (cumulative 0.0%)
completed cycles / episode  : 0.000
synthetic task reward       : 0.000
shaping reward              : 0.000
learning reward             : 0.000
episode length              : 145.9
abstract changes / episode  : 13.2
same abstract-state steps   : 91.0%
same-state shaping / episode: 0.000
changed-state shaping / ep. : 0.000
terminal shaping / episode  : 0.000
DFA transitions / episode   : 0.15
DFA transitions in window   : 0->1: 14, 1->2: 1
epsilon (next episode)       : 0.59446
replay buffer                : 145846 samples [0: 85.1%, 1: 14.9%, 2: 0.0%]
DFA state visits in window   : 0: 13450, 1: 1200, 2: 44
DFA state visits cumulative  : 0: 125023, 1: 22079, 2: 44
DFA state entries in window  : 0: 100, 1: 14, 2: 1
DFA state entries cumulative : 0: 1300, 1: 340, 2: 1
transitions cumulative       : 0->1: 340, 1->2: 1
accepted directly from s0    : 0
Gym endings cumulative       : terminated=1299, truncated=1

[Episode 1400/8000 | last 100]
success rate                : 0.0% (cumulative 0.0%)
failure rate                : 0.0% (cumulative 0.0%)
completed cycles / episode  : 0.000
synthetic task reward       : 0.000
shaping reward              : 0.000
learning reward             : 0.000
episode length              : 176.8
abstract changes / episode  : 15.2
same abstract-state steps   : 91.4%
same-state shaping / episode: 0.000
changed-state shaping / ep. : 0.000
terminal shaping / episode  : 0.000
DFA transitions / episode   : 0.20
DFA transitions in window   : 0->1: 18, 1->2: 2
epsilon (next episode)       : 0.57115
replay buffer                : 163527 samples [0: 85.5%, 1: 14.4%, 2: 0.1%]
DFA state visits in window   : 0: 15898, 1: 1838, 2: 45
DFA state visits cumulative  : 0: 140921, 1: 23917, 2: 89
DFA state entries in window  : 0: 100, 1: 18, 2: 2
DFA state entries cumulative : 0: 1400, 1: 358, 2: 3
transitions cumulative       : 0->1: 358, 1->2: 3
accepted directly from s0    : 0
Gym endings cumulative       : terminated=1399, truncated=1

[Episode 1500/8000 | last 100]
success rate                : 0.0% (cumulative 0.0%)
failure rate                : 0.0% (cumulative 0.0%)
completed cycles / episode  : 0.000
synthetic task reward       : 0.000
shaping reward              : 0.000
learning reward             : 0.000
episode length              : 183.6
abstract changes / episode  : 14.2
same abstract-state steps   : 92.3%
same-state shaping / episode: 0.000
changed-state shaping / ep. : 0.000
terminal shaping / episode  : 0.000
DFA transitions / episode   : 0.13
DFA transitions in window   : 0->1: 12, 1->2: 1
epsilon (next episode)       : 0.54875
replay buffer                : 181889 samples [0: 86.4%, 1: 13.5%, 2: 0.1%]
DFA state visits in window   : 0: 17428, 1: 1006, 2: 28
DFA state visits cumulative  : 0: 158349, 1: 24923, 2: 117
DFA state entries in window  : 0: 100, 1: 12, 2: 1
DFA state entries cumulative : 0: 1500, 1: 370, 2: 4
transitions cumulative       : 0->1: 370, 1->2: 4
accepted directly from s0    : 0
Gym endings cumulative       : terminated=1499, truncated=1

Starting autonomous greedy evaluation at episode 1500 (1000 fixed-seed episodes)...
[Greedy evaluation at episode 1500 | 1000 fixed-seed episodes]
success=0.0%, failure=0.0%, task reward=0.000, cycles=0.000, length=237.0
DFA transitions: 0->1: 5

[Episode 1600/8000 | last 100]
success rate                : 0.0% (cumulative 0.0%)
failure rate                : 0.0% (cumulative 0.0%)
completed cycles / episode  : 0.000
synthetic task reward       : 0.000
shaping reward              : 0.000
learning reward             : 0.000
episode length              : 206.6
abstract changes / episode  : 15.7
same abstract-state steps   : 92.4%
same-state shaping / episode: 0.000
changed-state shaping / ep. : 0.000
terminal shaping / episode  : 0.000
DFA transitions / episode   : 0.17
DFA transitions in window   : 0->1: 16, 1->2: 1
epsilon (next episode)       : 0.52722
replay buffer                : 202546 samples [0: 87.1%, 1: 12.8%, 2: 0.1%]
DFA state visits in window   : 0: 19263, 1: 1475, 2: 19
DFA state visits cumulative  : 0: 177612, 1: 26398, 2: 136
DFA state entries in window  : 0: 100, 1: 16, 2: 1
DFA state entries cumulative : 0: 1600, 1: 386, 2: 5
transitions cumulative       : 0->1: 386, 1->2: 5
accepted directly from s0    : 0
Gym endings cumulative       : terminated=1599, truncated=1

[Episode 1700/8000 | last 100]
success rate                : 0.0% (cumulative 0.0%)
failure rate                : 0.0% (cumulative 0.0%)
completed cycles / episode  : 0.000
synthetic task reward       : 0.000
shaping reward              : 0.000
learning reward             : 0.000
episode length              : 261.3
abstract changes / episode  : 18.2
same abstract-state steps   : 93.0%
same-state shaping / episode: 0.000
changed-state shaping / ep. : 0.000
terminal shaping / episode  : 0.000
DFA transitions / episode   : 0.16
DFA transitions in window   : 0->1: 14, 1->2: 2
epsilon (next episode)       : 0.50655
replay buffer                : 228678 samples [0: 87.6%, 1: 12.3%, 2: 0.1%]
DFA state visits in window   : 0: 24098, 1: 2068, 2: 66
DFA state visits cumulative  : 0: 201710, 1: 28466, 2: 202
DFA state entries in window  : 0: 100, 1: 14, 2: 2
DFA state entries cumulative : 0: 1700, 1: 400, 2: 7
transitions cumulative       : 0->1: 400, 1->2: 7
accepted directly from s0    : 0
Gym endings cumulative       : terminated=1699, truncated=1

[Episode 1800/8000 | last 100]
success rate                : 0.0% (cumulative 0.0%)
failure rate                : 0.0% (cumulative 0.0%)
completed cycles / episode  : 0.000
synthetic task reward       : 0.000
shaping reward              : 0.000
learning reward             : 0.000
episode length              : 235.0
abstract changes / episode  : 16.3
same abstract-state steps   : 93.1%
same-state shaping / episode: 0.000
changed-state shaping / ep. : 0.000
terminal shaping / episode  : 0.000
DFA transitions / episode   : 0.25
DFA transitions in window   : 0->1: 23, 1->2: 2
epsilon (next episode)       : 0.48668
replay buffer                : 252181 samples [0: 87.5%, 1: 12.4%, 2: 0.1%]
DFA state visits in window   : 0: 20382, 1: 3139, 2: 82
DFA state visits cumulative  : 0: 222092, 1: 31605, 2: 284
DFA state entries in window  : 0: 100, 1: 23, 2: 2
DFA state entries cumulative : 0: 1800, 1: 423, 2: 9
transitions cumulative       : 0->1: 423, 1->2: 9
accepted directly from s0    : 0
Gym endings cumulative       : terminated=1799, truncated=1

[Episode 1900/8000 | last 100]
success rate                : 0.0% (cumulative 0.0%)
failure rate                : 0.0% (cumulative 0.0%)
completed cycles / episode  : 0.000
synthetic task reward       : 0.000
shaping reward              : 0.000
learning reward             : 0.000
episode length              : 222.4
abstract changes / episode  : 16.4
same abstract-state steps   : 92.6%
same-state shaping / episode: 0.000
changed-state shaping / ep. : 0.000
terminal shaping / episode  : 0.000
DFA transitions / episode   : 0.22
DFA transitions in window   : 0->1: 15, 1->2: 7
epsilon (next episode)       : 0.46760
replay buffer                : 274417 samples [0: 87.9%, 1: 12.0%, 2: 0.2%]
DFA state visits in window   : 0: 20484, 1: 1640, 2: 212
DFA state visits cumulative  : 0: 242576, 1: 33245, 2: 496
DFA state entries in window  : 0: 100, 1: 15, 2: 7
DFA state entries cumulative : 0: 1900, 1: 438, 2: 16
transitions cumulative       : 0->1: 438, 1->2: 16
accepted directly from s0    : 0
Gym endings cumulative       : terminated=1897, truncated=3

[Episode 2000/8000 | last 100]
success rate                : 0.0% (cumulative 0.0%)
failure rate                : 0.0% (cumulative 0.0%)
completed cycles / episode  : 0.000
synthetic task reward       : 0.000
shaping reward              : 0.000
learning reward             : 0.000
episode length              : 203.9
abstract changes / episode  : 14.8
same abstract-state steps   : 92.8%
same-state shaping / episode: 0.000
changed-state shaping / ep. : 0.000
terminal shaping / episode  : 0.000
DFA transitions / episode   : 0.19
DFA transitions in window   : 0->1: 18, 1->2: 1
epsilon (next episode)       : 0.44926
replay buffer                : 294807 samples [0: 87.9%, 1: 12.0%, 2: 0.2%]
DFA state visits in window   : 0: 18020, 1: 2424, 2: 46
DFA state visits cumulative  : 0: 260596, 1: 35669, 2: 542
DFA state entries in window  : 0: 100, 1: 18, 2: 1
DFA state entries cumulative : 0: 2000, 1: 456, 2: 17
transitions cumulative       : 0->1: 456, 1->2: 17
accepted directly from s0    : 0
Gym endings cumulative       : terminated=1996, truncated=4

Starting autonomous greedy evaluation at episode 2000 (1000 fixed-seed episodes)...
[Greedy evaluation at episode 2000 | 1000 fixed-seed episodes]
success=0.0%, failure=0.0%, task reward=0.000, cycles=0.000, length=950.7
DFA transitions: 0->1: 382

[Episode 2100/8000 | last 100]
success rate                : 0.0% (cumulative 0.0%)
failure rate                : 0.0% (cumulative 0.0%)
completed cycles / episode  : 0.000
synthetic task reward       : 0.000
shaping reward              : 0.000
learning reward             : 0.000
episode length              : 237.0
abstract changes / episode  : 14.1
same abstract-state steps   : 94.0%
same-state shaping / episode: 0.000
changed-state shaping / ep. : 0.000
terminal shaping / episode  : 0.000
DFA transitions / episode   : 0.10
DFA transitions in window   : 0->1: 10
epsilon (next episode)       : 0.43164
replay buffer                : 300000 samples [0: 88.7%, 1: 11.2%, 2: 0.2%]
DFA state visits in window   : 0: 22792, 1: 1005, 2: 0
DFA state visits cumulative  : 0: 283388, 1: 36674, 2: 542
DFA state entries in window  : 0: 100, 1: 10, 2: 0
DFA state entries cumulative : 0: 2100, 1: 466, 2: 17
transitions cumulative       : 0->1: 466, 1->2: 17
accepted directly from s0    : 0
Gym endings cumulative       : terminated=2096, truncated=4

[Episode 2200/8000 | last 100]
success rate                : 0.0% (cumulative 0.0%)
failure rate                : 0.0% (cumulative 0.0%)
completed cycles / episode  : 0.000
synthetic task reward       : 0.000
shaping reward              : 0.000
learning reward             : 0.000
episode length              : 365.6
abstract changes / episode  : 15.8
same abstract-state steps   : 95.7%
same-state shaping / episode: 0.000
changed-state shaping / ep. : 0.000
terminal shaping / episode  : 0.000
DFA transitions / episode   : 0.15
DFA transitions in window   : 0->1: 14, 1->2: 1
epsilon (next episode)       : 0.41471
replay buffer                : 300000 samples [0: 90.1%, 1: 9.7%, 2: 0.2%]
DFA state visits in window   : 0: 33102, 1: 3510, 2: 44
DFA state visits cumulative  : 0: 316490, 1: 40184, 2: 586
DFA state entries in window  : 0: 100, 1: 14, 2: 1
DFA state entries cumulative : 0: 2200, 1: 480, 2: 18
transitions cumulative       : 0->1: 480, 1->2: 18
accepted directly from s0    : 0
Gym endings cumulative       : terminated=2192, truncated=8

[Episode 2300/8000 | last 100]
success rate                : 0.0% (cumulative 0.0%)
failure rate                : 0.0% (cumulative 0.0%)
completed cycles / episode  : 0.000
synthetic task reward       : 0.000
shaping reward              : 0.000
learning reward             : 0.000
episode length              : 450.6
abstract changes / episode  : 19.5
same abstract-state steps   : 95.7%
same-state shaping / episode: 0.000
changed-state shaping / ep. : 0.000
terminal shaping / episode  : 0.000
DFA transitions / episode   : 0.20
DFA transitions in window   : 0->1: 19, 1->2: 1
epsilon (next episode)       : 0.39845
replay buffer                : 300000 samples [0: 90.4%, 1: 9.4%, 2: 0.2%]
DFA state visits in window   : 0: 39299, 1: 5743, 2: 115
DFA state visits cumulative  : 0: 355789, 1: 45927, 2: 701
DFA state entries in window  : 0: 100, 1: 19, 2: 1
DFA state entries cumulative : 0: 2300, 1: 499, 2: 19
transitions cumulative       : 0->1: 499, 1->2: 19
accepted directly from s0    : 0
Gym endings cumulative       : terminated=2285, truncated=15

[Episode 2400/8000 | last 100]
success rate                : 0.0% (cumulative 0.0%)
failure rate                : 0.0% (cumulative 0.0%)
completed cycles / episode  : 0.000
synthetic task reward       : 0.000
shaping reward              : 0.000
learning reward             : 0.000
episode length              : 502.7
abstract changes / episode  : 24.0
same abstract-state steps   : 95.2%
same-state shaping / episode: 0.000
changed-state shaping / ep. : 0.000
terminal shaping / episode  : 0.000
DFA transitions / episode   : 0.12
DFA transitions in window   : 0->1: 12
epsilon (next episode)       : 0.38282
replay buffer                : 300000 samples [0: 90.5%, 1: 9.3%, 2: 0.2%]
DFA state visits in window   : 0: 45814, 1: 4556, 2: 0
DFA state visits cumulative  : 0: 401603, 1: 50483, 2: 701
DFA state entries in window  : 0: 100, 1: 12, 2: 0
DFA state entries cumulative : 0: 2400, 1: 511, 2: 19
transitions cumulative       : 0->1: 511, 1->2: 19
accepted directly from s0    : 0
Gym endings cumulative       : terminated=2380, truncated=20

[Episode 2500/8000 | last 100]
success rate                : 1.0% (cumulative 0.0%)
failure rate                : 0.0% (cumulative 0.0%)
completed cycles / episode  : 0.010
synthetic task reward       : 100.000
shaping reward              : 0.000
learning reward             : 100.000
episode length              : 466.2
abstract changes / episode  : 24.4
same abstract-state steps   : 94.8%
same-state shaping / episode: 0.000
changed-state shaping / ep. : 0.000
terminal shaping / episode  : 0.000
DFA transitions / episode   : 0.34
DFA transitions in window   : 0->1: 29, 1->2: 4, 2->0: 1
epsilon (next episode)       : 0.36781
replay buffer                : 300000 samples [0: 89.1%, 1: 10.7%, 2: 0.2%]
DFA state visits in window   : 0: 39196, 1: 7321, 2: 199
DFA state visits cumulative  : 0: 440799, 1: 57804, 2: 900
DFA state entries in window  : 0: 101, 1: 29, 2: 4
DFA state entries cumulative : 0: 2501, 1: 540, 2: 23
transitions cumulative       : 0->1: 540, 1->2: 23, 2->0: 1
accepted directly from s0    : 0
Gym endings cumulative       : terminated=2477, truncated=23

Starting autonomous greedy evaluation at episode 2500 (1000 fixed-seed episodes)...
[Greedy evaluation at episode 2500 | 1000 fixed-seed episodes]
success=0.0%, failure=0.0%, task reward=0.000, cycles=0.000, length=393.1
DFA transitions: 0->1: 305, 1->2: 4

[Episode 2600/8000 | last 100]
success rate                : 0.0% (cumulative 0.0%)
failure rate                : 0.0% (cumulative 0.0%)
completed cycles / episode  : 0.000
synthetic task reward       : 0.000
shaping reward              : 0.000
learning reward             : 0.000
episode length              : 218.5
abstract changes / episode  : 17.3
same abstract-state steps   : 92.1%
same-state shaping / episode: 0.000
changed-state shaping / ep. : 0.000
terminal shaping / episode  : 0.000
DFA transitions / episode   : 0.23
DFA transitions in window   : 0->1: 21, 1->2: 2
epsilon (next episode)       : 0.35338
replay buffer                : 300000 samples [0: 89.3%, 1: 10.4%, 2: 0.3%]
DFA state visits in window   : 0: 20625, 1: 1172, 2: 152
DFA state visits cumulative  : 0: 461424, 1: 58976, 2: 1052
DFA state entries in window  : 0: 100, 1: 21, 2: 2
DFA state entries cumulative : 0: 2601, 1: 561, 2: 25
transitions cumulative       : 0->1: 561, 1->2: 25, 2->0: 1
accepted directly from s0    : 0
Gym endings cumulative       : terminated=2577, truncated=23

[Episode 2700/8000 | last 100]
success rate                : 0.0% (cumulative 0.0%)
failure rate                : 0.0% (cumulative 0.0%)
completed cycles / episode  : 0.000
synthetic task reward       : 0.000
shaping reward              : 0.000
learning reward             : 0.000
episode length              : 87.7
abstract changes / episode  : 13.1
same abstract-state steps   : 85.1%
same-state shaping / episode: 0.000
changed-state shaping / ep. : 0.000
terminal shaping / episode  : 0.000
DFA transitions / episode   : 0.25
DFA transitions in window   : 0->1: 25
epsilon (next episode)       : 0.33952
replay buffer                : 300000 samples [0: 89.2%, 1: 10.5%, 2: 0.3%]
DFA state visits in window   : 0: 7797, 1: 1076, 2: 0
DFA state visits cumulative  : 0: 469221, 1: 60052, 2: 1052
DFA state entries in window  : 0: 100, 1: 25, 2: 0
DFA state entries cumulative : 0: 2701, 1: 586, 2: 25
transitions cumulative       : 0->1: 586, 1->2: 25, 2->0: 1
accepted directly from s0    : 0
Gym endings cumulative       : terminated=2677, truncated=23

[Episode 2800/8000 | last 100]
success rate                : 0.0% (cumulative 0.0%)
failure rate                : 0.0% (cumulative 0.0%)
completed cycles / episode  : 0.000
synthetic task reward       : 0.000
shaping reward              : 0.000
learning reward             : 0.000
episode length              : 100.3
abstract changes / episode  : 14.0
same abstract-state steps   : 86.0%
same-state shaping / episode: 0.000
changed-state shaping / ep. : 0.000
terminal shaping / episode  : 0.000
DFA transitions / episode   : 0.30
DFA transitions in window   : 0->1: 30
epsilon (next episode)       : 0.32621
replay buffer                : 300000 samples [0: 89.2%, 1: 10.5%, 2: 0.3%]
DFA state visits in window   : 0: 8601, 1: 1530, 2: 0
DFA state visits cumulative  : 0: 477822, 1: 61582, 2: 1052
DFA state entries in window  : 0: 100, 1: 30, 2: 0
DFA state entries cumulative : 0: 2801, 1: 616, 2: 25
transitions cumulative       : 0->1: 616, 1->2: 25, 2->0: 1
accepted directly from s0    : 0
Gym endings cumulative       : terminated=2777, truncated=23

[Episode 2900/8000 | last 100]
success rate                : 0.0% (cumulative 0.0%)
failure rate                : 0.0% (cumulative 0.0%)
completed cycles / episode  : 0.000
synthetic task reward       : 0.000
shaping reward              : 0.000
learning reward             : 0.000
episode length              : 156.9
abstract changes / episode  : 12.6
same abstract-state steps   : 91.9%
same-state shaping / episode: 0.000
changed-state shaping / ep. : 0.000
terminal shaping / episode  : 0.000
DFA transitions / episode   : 0.14
DFA transitions in window   : 0->1: 12, 1->2: 2
epsilon (next episode)       : 0.31341
replay buffer                : 300000 samples [0: 89.6%, 1: 10.1%, 2: 0.3%]
DFA state visits in window   : 0: 15073, 1: 609, 2: 108
DFA state visits cumulative  : 0: 492895, 1: 62191, 2: 1160
DFA state entries in window  : 0: 100, 1: 12, 2: 2
DFA state entries cumulative : 0: 2901, 1: 628, 2: 27
transitions cumulative       : 0->1: 628, 1->2: 27, 2->0: 1
accepted directly from s0    : 0
Gym endings cumulative       : terminated=2877, truncated=23

[Episode 3000/8000 | last 100]
success rate                : 0.0% (cumulative 0.0%)
failure rate                : 0.0% (cumulative 0.0%)
completed cycles / episode  : 0.000
synthetic task reward       : 0.000
shaping reward              : 0.000
learning reward             : 0.000
episode length              : 153.3
abstract changes / episode  : 12.6
same abstract-state steps   : 91.8%
same-state shaping / episode: 0.000
changed-state shaping / ep. : 0.000
terminal shaping / episode  : 0.000
DFA transitions / episode   : 0.05
DFA transitions in window   : 0->1: 5
epsilon (next episode)       : 0.30112
replay buffer                : 300000 samples [0: 89.9%, 1: 9.9%, 2: 0.2%]
DFA state visits in window   : 0: 15027, 1: 404, 2: 0
DFA state visits cumulative  : 0: 507922, 1: 62595, 2: 1160
DFA state entries in window  : 0: 100, 1: 5, 2: 0
DFA state entries cumulative : 0: 3001, 1: 633, 2: 27
transitions cumulative       : 0->1: 633, 1->2: 27, 2->0: 1
accepted directly from s0    : 0
Gym endings cumulative       : terminated=2977, truncated=23

Starting autonomous greedy evaluation at episode 3000 (1000 fixed-seed episodes)...
[Greedy evaluation at episode 3000 | 1000 fixed-seed episodes]
success=0.0%, failure=0.0%, task reward=0.000, cycles=0.000, length=120.0
DFA transitions: 0->1: 221

[Episode 3100/8000 | last 100]
success rate                : 0.0% (cumulative 0.0%)
failure rate                : 0.0% (cumulative 0.0%)
completed cycles / episode  : 0.000
synthetic task reward       : 0.000
shaping reward              : 0.000
learning reward             : 0.000
episode length              : 239.9
abstract changes / episode  : 14.0
same abstract-state steps   : 94.2%
same-state shaping / episode: 0.000
changed-state shaping / ep. : 0.000
terminal shaping / episode  : 0.000
DFA transitions / episode   : 0.16
DFA transitions in window   : 0->1: 15, 1->2: 1
epsilon (next episode)       : 0.28931
replay buffer                : 300000 samples [0: 90.2%, 1: 9.6%, 2: 0.2%]
DFA state visits in window   : 0: 22049, 1: 2015, 2: 28
DFA state visits cumulative  : 0: 529971, 1: 64610, 2: 1188
DFA state entries in window  : 0: 100, 1: 15, 2: 1
DFA state entries cumulative : 0: 3101, 1: 648, 2: 28
transitions cumulative       : 0->1: 648, 1->2: 28, 2->0: 1
accepted directly from s0    : 0
Gym endings cumulative       : terminated=3077, truncated=23

[Episode 3200/8000 | last 100]
success rate                : 0.0% (cumulative 0.0%)
failure rate                : 0.0% (cumulative 0.0%)
completed cycles / episode  : 0.000
synthetic task reward       : 0.000
shaping reward              : 0.000
learning reward             : 0.000
episode length              : 379.8
abstract changes / episode  : 15.9
same abstract-state steps   : 95.8%
same-state shaping / episode: 0.000
changed-state shaping / ep. : 0.000
terminal shaping / episode  : 0.000
DFA transitions / episode   : 0.07
DFA transitions in window   : 0->1: 7
epsilon (next episode)       : 0.27797
replay buffer                : 300000 samples [0: 90.3%, 1: 9.5%, 2: 0.2%]
DFA state visits in window   : 0: 36962, 1: 1118, 2: 0
DFA state visits cumulative  : 0: 566933, 1: 65728, 2: 1188
DFA state entries in window  : 0: 100, 1: 7, 2: 0
DFA state entries cumulative : 0: 3201, 1: 655, 2: 28
transitions cumulative       : 0->1: 655, 1->2: 28, 2->0: 1
accepted directly from s0    : 0
Gym endings cumulative       : terminated=3177, truncated=23

[Episode 3300/8000 | last 100]
success rate                : 0.0% (cumulative 0.0%)
failure rate                : 0.0% (cumulative 0.0%)
completed cycles / episode  : 0.000
synthetic task reward       : 0.000
shaping reward              : 0.000
learning reward             : 0.000
episode length              : 232.5
abstract changes / episode  : 14.9
same abstract-state steps   : 93.6%
same-state shaping / episode: 0.000
changed-state shaping / ep. : 0.000
terminal shaping / episode  : 0.000
DFA transitions / episode   : 0.06
DFA transitions in window   : 0->1: 6
epsilon (next episode)       : 0.26706
replay buffer                : 300000 samples [0: 91.2%, 1: 8.6%, 2: 0.2%]
DFA state visits in window   : 0: 22882, 1: 468, 2: 0
DFA state visits cumulative  : 0: 589815, 1: 66196, 2: 1188
DFA state entries in window  : 0: 100, 1: 6, 2: 0
DFA state entries cumulative : 0: 3301, 1: 661, 2: 28
transitions cumulative       : 0->1: 661, 1->2: 28, 2->0: 1
accepted directly from s0    : 0
Gym endings cumulative       : terminated=3277, truncated=23

[Episode 3400/8000 | last 100]
success rate                : 0.0% (cumulative 0.0%)
failure rate                : 0.0% (cumulative 0.0%)
completed cycles / episode  : 0.000
synthetic task reward       : 0.000
shaping reward              : 0.000
learning reward             : 0.000
episode length              : 254.6
abstract changes / episode  : 18.1
same abstract-state steps   : 92.9%
same-state shaping / episode: 0.000
changed-state shaping / ep. : 0.000
terminal shaping / episode  : 0.000
DFA transitions / episode   : 0.12
DFA transitions in window   : 0->1: 12
epsilon (next episode)       : 0.25659
replay buffer                : 300000 samples [0: 91.7%, 1: 8.1%, 2: 0.2%]
DFA state visits in window   : 0: 24376, 1: 1180, 2: 0
DFA state visits cumulative  : 0: 614191, 1: 67376, 2: 1188
DFA state entries in window  : 0: 100, 1: 12, 2: 0
DFA state entries cumulative : 0: 3401, 1: 673, 2: 28
transitions cumulative       : 0->1: 673, 1->2: 28, 2->0: 1
accepted directly from s0    : 0
Gym endings cumulative       : terminated=3377, truncated=23

[Episode 3500/8000 | last 100]
success rate                : 0.0% (cumulative 0.0%)
failure rate                : 0.0% (cumulative 0.0%)
completed cycles / episode  : 0.000
synthetic task reward       : 0.000
shaping reward              : 0.000
learning reward             : 0.000
episode length              : 223.0
abstract changes / episode  : 14.4
same abstract-state steps   : 93.5%
same-state shaping / episode: 0.000
changed-state shaping / ep. : 0.000
terminal shaping / episode  : 0.000
DFA transitions / episode   : 0.15
DFA transitions in window   : 0->1: 14, 1->2: 1
epsilon (next episode)       : 0.24653
replay buffer                : 300000 samples [0: 92.5%, 1: 7.3%, 2: 0.2%]
DFA state visits in window   : 0: 21436, 1: 936, 2: 25
DFA state visits cumulative  : 0: 635627, 1: 68312, 2: 1213
DFA state entries in window  : 0: 100, 1: 14, 2: 1
DFA state entries cumulative : 0: 3501, 1: 687, 2: 29
transitions cumulative       : 0->1: 687, 1->2: 29, 2->0: 1
accepted directly from s0    : 0
Gym endings cumulative       : terminated=3477, truncated=23

Starting autonomous greedy evaluation at episode 3500 (1000 fixed-seed episodes)...
[Greedy evaluation at episode 3500 | 1000 fixed-seed episodes]
success=0.0%, failure=0.0%, task reward=0.000, cycles=0.000, length=197.0
DFA transitions: 0->1: 291

[Episode 3600/8000 | last 100]
success rate                : 0.0% (cumulative 0.0%)
failure rate                : 0.0% (cumulative 0.0%)
completed cycles / episode  : 0.000
synthetic task reward       : 0.000
shaping reward              : 0.000
learning reward             : 0.000
episode length              : 144.9
abstract changes / episode  : 12.8
same abstract-state steps   : 91.1%
same-state shaping / episode: 0.000
changed-state shaping / ep. : 0.000
terminal shaping / episode  : 0.000
DFA transitions / episode   : 0.24
DFA transitions in window   : 0->1: 24
epsilon (next episode)       : 0.23686
replay buffer                : 300000 samples [0: 92.1%, 1: 7.7%, 2: 0.2%]
DFA state visits in window   : 0: 12823, 1: 1771, 2: 0
DFA state visits cumulative  : 0: 648450, 1: 70083, 2: 1213
DFA state entries in window  : 0: 100, 1: 24, 2: 0
DFA state entries cumulative : 0: 3601, 1: 711, 2: 29
transitions cumulative       : 0->1: 711, 1->2: 29, 2->0: 1
accepted directly from s0    : 0
Gym endings cumulative       : terminated=3577, truncated=23

[Episode 3700/8000 | last 100]
success rate                : 0.0% (cumulative 0.0%)
failure rate                : 0.0% (cumulative 0.0%)
completed cycles / episode  : 0.000
synthetic task reward       : 0.000
shaping reward              : 0.000
learning reward             : 0.000
episode length              : 96.5
abstract changes / episode  : 13.1
same abstract-state steps   : 86.4%
same-state shaping / episode: 0.000
changed-state shaping / ep. : 0.000
terminal shaping / episode  : 0.000
DFA transitions / episode   : 0.26
DFA transitions in window   : 0->1: 26
epsilon (next episode)       : 0.22757
replay buffer                : 300000 samples [0: 91.4%, 1: 8.4%, 2: 0.2%]
DFA state visits in window   : 0: 7732, 1: 2014, 2: 0
DFA state visits cumulative  : 0: 656182, 1: 72097, 2: 1213
DFA state entries in window  : 0: 100, 1: 26, 2: 0
DFA state entries cumulative : 0: 3701, 1: 737, 2: 29
transitions cumulative       : 0->1: 737, 1->2: 29, 2->0: 1
accepted directly from s0    : 0
Gym endings cumulative       : terminated=3677, truncated=23

[Episode 3800/8000 | last 100]
success rate                : 0.0% (cumulative 0.0%)
failure rate                : 0.0% (cumulative 0.0%)
completed cycles / episode  : 0.000
synthetic task reward       : 0.000
shaping reward              : 0.000
learning reward             : 0.000
episode length              : 85.1
abstract changes / episode  : 13.1
same abstract-state steps   : 84.6%
same-state shaping / episode: 0.000
changed-state shaping / ep. : 0.000
terminal shaping / episode  : 0.000
DFA transitions / episode   : 0.32
DFA transitions in window   : 0->1: 32
epsilon (next episode)       : 0.21865
replay buffer                : 300000 samples [0: 91.3%, 1: 8.5%, 2: 0.2%]
DFA state visits in window   : 0: 6564, 1: 2050, 2: 0
DFA state visits cumulative  : 0: 662746, 1: 74147, 2: 1213
DFA state entries in window  : 0: 100, 1: 32, 2: 0
DFA state entries cumulative : 0: 3801, 1: 769, 2: 29
transitions cumulative       : 0->1: 769, 1->2: 29, 2->0: 1
accepted directly from s0    : 0
Gym endings cumulative       : terminated=3777, truncated=23

[Episode 3900/8000 | last 100]
success rate                : 0.0% (cumulative 0.0%)
failure rate                : 0.0% (cumulative 0.0%)
completed cycles / episode  : 0.000
synthetic task reward       : 0.000
shaping reward              : 0.000
learning reward             : 0.000
episode length              : 153.8
abstract changes / episode  : 13.6
same abstract-state steps   : 91.2%
same-state shaping / episode: 0.000
changed-state shaping / ep. : 0.000
terminal shaping / episode  : 0.000
DFA transitions / episode   : 0.16
DFA transitions in window   : 0->1: 15, 1->2: 1
epsilon (next episode)       : 0.21007
replay buffer                : 300000 samples [0: 91.7%, 1: 8.1%, 2: 0.2%]
DFA state visits in window   : 0: 14502, 1: 968, 2: 10
DFA state visits cumulative  : 0: 677248, 1: 75115, 2: 1223
DFA state entries in window  : 0: 100, 1: 15, 2: 1
DFA state entries cumulative : 0: 3901, 1: 784, 2: 30
transitions cumulative       : 0->1: 784, 1->2: 30, 2->0: 1
accepted directly from s0    : 0
Gym endings cumulative       : terminated=3877, truncated=23

[Episode 4000/8000 | last 100]
success rate                : 0.0% (cumulative 0.0%)
failure rate                : 0.0% (cumulative 0.0%)
completed cycles / episode  : 0.000
synthetic task reward       : 0.000
shaping reward              : 0.000
learning reward             : 0.000
episode length              : 184.6
abstract changes / episode  : 12.0
same abstract-state steps   : 93.5%
same-state shaping / episode: 0.000
changed-state shaping / ep. : 0.000
terminal shaping / episode  : 0.000
DFA transitions / episode   : 0.14
DFA transitions in window   : 0->1: 14
epsilon (next episode)       : 0.20183
replay buffer                : 300000 samples [0: 92.2%, 1: 7.7%, 2: 0.2%]
DFA state visits in window   : 0: 18028, 1: 532, 2: 0
DFA state visits cumulative  : 0: 695276, 1: 75647, 2: 1223
DFA state entries in window  : 0: 100, 1: 14, 2: 0
DFA state entries cumulative : 0: 4001, 1: 798, 2: 30
transitions cumulative       : 0->1: 798, 1->2: 30, 2->0: 1
accepted directly from s0    : 0
Gym endings cumulative       : terminated=3977, truncated=23

Starting autonomous greedy evaluation at episode 4000 (1000 fixed-seed episodes)...
[Greedy evaluation at episode 4000 | 1000 fixed-seed episodes]
success=0.0%, failure=0.0%, task reward=0.000, cycles=0.000, length=171.4
DFA transitions: 0->1: 227

[Episode 4100/8000 | last 100]
success rate                : 0.0% (cumulative 0.0%)
failure rate                : 0.0% (cumulative 0.0%)
completed cycles / episode  : 0.000
synthetic task reward       : 0.000
shaping reward              : 0.000
learning reward             : 0.000
episode length              : 210.2
abstract changes / episode  : 14.2
same abstract-state steps   : 93.2%
same-state shaping / episode: 0.000
changed-state shaping / ep. : 0.000
terminal shaping / episode  : 0.000
DFA transitions / episode   : 0.18
DFA transitions in window   : 0->1: 18
epsilon (next episode)       : 0.19392
replay buffer                : 300000 samples [0: 93.3%, 1: 6.6%, 2: 0.1%]
DFA state visits in window   : 0: 20360, 1: 765, 2: 0
DFA state visits cumulative  : 0: 715636, 1: 76412, 2: 1223
DFA state entries in window  : 0: 100, 1: 18, 2: 0
DFA state entries cumulative : 0: 4101, 1: 816, 2: 30
transitions cumulative       : 0->1: 816, 1->2: 30, 2->0: 1
accepted directly from s0    : 0
Gym endings cumulative       : terminated=4077, truncated=23

[Episode 4200/8000 | last 100]
success rate                : 0.0% (cumulative 0.0%)
failure rate                : 0.0% (cumulative 0.0%)
completed cycles / episode  : 0.000
synthetic task reward       : 0.000
shaping reward              : 0.000
learning reward             : 0.000
episode length              : 210.9
abstract changes / episode  : 12.4
same abstract-state steps   : 94.1%
same-state shaping / episode: 0.000
changed-state shaping / ep. : 0.000
terminal shaping / episode  : 0.000
DFA transitions / episode   : 0.06
DFA transitions in window   : 0->1: 6
epsilon (next episode)       : 0.18631
replay buffer                : 300000 samples [0: 93.8%, 1: 6.2%, 2: 0.1%]
DFA state visits in window   : 0: 20546, 1: 648, 2: 0
DFA state visits cumulative  : 0: 736182, 1: 77060, 2: 1223
DFA state entries in window  : 0: 100, 1: 6, 2: 0
DFA state entries cumulative : 0: 4201, 1: 822, 2: 30
transitions cumulative       : 0->1: 822, 1->2: 30, 2->0: 1
accepted directly from s0    : 0
Gym endings cumulative       : terminated=4177, truncated=23

[Episode 4300/8000 | last 100]
success rate                : 0.0% (cumulative 0.0%)
failure rate                : 0.0% (cumulative 0.0%)
completed cycles / episode  : 0.000
synthetic task reward       : 0.000
shaping reward              : 0.000
learning reward             : 0.000
episode length              : 321.1
abstract changes / episode  : 14.4
same abstract-state steps   : 95.5%
same-state shaping / episode: 0.000
changed-state shaping / ep. : 0.000
terminal shaping / episode  : 0.000
DFA transitions / episode   : 0.05
DFA transitions in window   : 0->1: 4, 1->2: 1
epsilon (next episode)       : 0.17900
replay buffer                : 300000 samples [0: 94.7%, 1: 5.3%, 2: 0.1%]
DFA state visits in window   : 0: 31418, 1: 769, 2: 21
DFA state visits cumulative  : 0: 767600, 1: 77829, 2: 1244
DFA state entries in window  : 0: 100, 1: 4, 2: 1
DFA state entries cumulative : 0: 4301, 1: 826, 2: 31
transitions cumulative       : 0->1: 826, 1->2: 31, 2->0: 1
accepted directly from s0    : 0
Gym endings cumulative       : terminated=4277, truncated=23

[Episode 4400/8000 | last 100]
success rate                : 0.0% (cumulative 0.0%)
failure rate                : 0.0% (cumulative 0.0%)
completed cycles / episode  : 0.000
synthetic task reward       : 0.000
shaping reward              : 0.000
learning reward             : 0.000
episode length              : 261.9
abstract changes / episode  : 11.1
same abstract-state steps   : 95.8%
same-state shaping / episode: 0.000
changed-state shaping / ep. : 0.000
terminal shaping / episode  : 0.000
DFA transitions / episode   : 0.07
DFA transitions in window   : 0->1: 6, 1->2: 1
epsilon (next episode)       : 0.17198
replay buffer                : 300000 samples [0: 94.8%, 1: 5.2%, 2: 0.0%]
DFA state visits in window   : 0: 25823, 1: 445, 2: 24
DFA state visits cumulative  : 0: 793423, 1: 78274, 2: 1268
DFA state entries in window  : 0: 100, 1: 6, 2: 1
DFA state entries cumulative : 0: 4401, 1: 832, 2: 32
transitions cumulative       : 0->1: 832, 1->2: 32, 2->0: 1
accepted directly from s0    : 0
Gym endings cumulative       : terminated=4377, truncated=23

[Episode 4500/8000 | last 100]
success rate                : 0.0% (cumulative 0.0%)
failure rate                : 0.0% (cumulative 0.0%)
completed cycles / episode  : 0.000
synthetic task reward       : 0.000
shaping reward              : 0.000
learning reward             : 0.000
episode length              : 210.9
abstract changes / episode  : 13.4
same abstract-state steps   : 93.6%
same-state shaping / episode: 0.000
changed-state shaping / ep. : 0.000
terminal shaping / episode  : 0.000
DFA transitions / episode   : 0.05
DFA transitions in window   : 0->1: 5
epsilon (next episode)       : 0.16524
replay buffer                : 300000 samples [0: 95.3%, 1: 4.7%, 2: 0.0%]
DFA state visits in window   : 0: 20688, 1: 504, 2: 0
DFA state visits cumulative  : 0: 814111, 1: 78778, 2: 1268
DFA state entries in window  : 0: 100, 1: 5, 2: 0
DFA state entries cumulative : 0: 4501, 1: 837, 2: 32
transitions cumulative       : 0->1: 837, 1->2: 32, 2->0: 1
accepted directly from s0    : 0
Gym endings cumulative       : terminated=4477, truncated=23

Starting autonomous greedy evaluation at episode 4500 (1000 fixed-seed episodes)...
[Greedy evaluation at episode 4500 | 1000 fixed-seed episodes]
success=0.0%, failure=0.0%, task reward=0.000, cycles=0.000, length=221.7
DFA transitions: 0->1: 29

[Episode 4600/8000 | last 100]
success rate                : 0.0% (cumulative 0.0%)
failure rate                : 0.0% (cumulative 0.0%)
completed cycles / episode  : 0.000
synthetic task reward       : 0.000
shaping reward              : 0.000
learning reward             : 0.000
episode length              : 129.9
abstract changes / episode  : 12.9
same abstract-state steps   : 90.1%
same-state shaping / episode: 0.000
changed-state shaping / ep. : 0.000
terminal shaping / episode  : 0.000
DFA transitions / episode   : 0.16
DFA transitions in window   : 0->1: 16
epsilon (next episode)       : 0.15876
replay buffer                : 300000 samples [0: 95.2%, 1: 4.8%, 2: 0.0%]
DFA state visits in window   : 0: 12446, 1: 646, 2: 0
DFA state visits cumulative  : 0: 826557, 1: 79424, 2: 1268
DFA state entries in window  : 0: 100, 1: 16, 2: 0
DFA state entries cumulative : 0: 4601, 1: 853, 2: 32
transitions cumulative       : 0->1: 853, 1->2: 32, 2->0: 1
accepted directly from s0    : 0
Gym endings cumulative       : terminated=4577, truncated=23

[Episode 4700/8000 | last 100]
success rate                : 0.0% (cumulative 0.0%)
failure rate                : 0.0% (cumulative 0.0%)
completed cycles / episode  : 0.000
synthetic task reward       : 0.000
shaping reward              : 0.000
learning reward             : 0.000
episode length              : 82.5
abstract changes / episode  : 12.7
same abstract-state steps   : 84.6%
same-state shaping / episode: 0.000
changed-state shaping / ep. : 0.000
terminal shaping / episode  : 0.000
DFA transitions / episode   : 0.35
DFA transitions in window   : 0->1: 35
epsilon (next episode)       : 0.15253
replay buffer                : 300000 samples [0: 94.6%, 1: 5.4%, 2: 0.0%]
DFA state visits in window   : 0: 6484, 1: 1861, 2: 0
DFA state visits cumulative  : 0: 833041, 1: 81285, 2: 1268
DFA state entries in window  : 0: 100, 1: 35, 2: 0
DFA state entries cumulative : 0: 4701, 1: 888, 2: 32
transitions cumulative       : 0->1: 888, 1->2: 32, 2->0: 1
accepted directly from s0    : 0
Gym endings cumulative       : terminated=4677, truncated=23

[Episode 4800/8000 | last 100]
success rate                : 0.0% (cumulative 0.0%)
failure rate                : 0.0% (cumulative 0.0%)
completed cycles / episode  : 0.000
synthetic task reward       : 0.000
shaping reward              : 0.000
learning reward             : 0.000
episode length              : 83.4
abstract changes / episode  : 12.6
same abstract-state steps   : 84.9%
same-state shaping / episode: 0.000
changed-state shaping / ep. : 0.000
terminal shaping / episode  : 0.000
DFA transitions / episode   : 0.46
DFA transitions in window   : 0->1: 46
epsilon (next episode)       : 0.14655
replay buffer                : 300000 samples [0: 94.0%, 1: 6.0%, 2: 0.0%]
DFA state visits in window   : 0: 6025, 1: 2416, 2: 0
DFA state visits cumulative  : 0: 839066, 1: 83701, 2: 1268
DFA state entries in window  : 0: 100, 1: 46, 2: 0
DFA state entries cumulative : 0: 4801, 1: 934, 2: 32
transitions cumulative       : 0->1: 934, 1->2: 32, 2->0: 1
accepted directly from s0    : 0
Gym endings cumulative       : terminated=4777, truncated=23

[Episode 4900/8000 | last 100]
success rate                : 0.0% (cumulative 0.0%)
failure rate                : 0.0% (cumulative 0.0%)
completed cycles / episode  : 0.000
synthetic task reward       : 0.000
shaping reward              : 0.000
learning reward             : 0.000
episode length              : 187.1
abstract changes / episode  : 12.5
same abstract-state steps   : 93.3%
same-state shaping / episode: 0.000
changed-state shaping / ep. : 0.000
terminal shaping / episode  : 0.000
DFA transitions / episode   : 0.12
DFA transitions in window   : 0->1: 12
epsilon (next episode)       : 0.14080
replay buffer                : 300000 samples [0: 93.7%, 1: 6.3%, 2: 0.0%]
DFA state visits in window   : 0: 17325, 1: 1487, 2: 0
DFA state visits cumulative  : 0: 856391, 1: 85188, 2: 1268
DFA state entries in window  : 0: 100, 1: 12, 2: 0
DFA state entries cumulative : 0: 4901, 1: 946, 2: 32
transitions cumulative       : 0->1: 946, 1->2: 32, 2->0: 1
accepted directly from s0    : 0
Gym endings cumulative       : terminated=4877, truncated=23

[Episode 5000/8000 | last 100]
success rate                : 0.0% (cumulative 0.0%)
failure rate                : 0.0% (cumulative 0.0%)
completed cycles / episode  : 0.000
synthetic task reward       : 0.000
shaping reward              : 0.000
learning reward             : 0.000
episode length              : 235.5
abstract changes / episode  : 10.8
same abstract-state steps   : 95.4%
same-state shaping / episode: 0.000
changed-state shaping / ep. : 0.000
terminal shaping / episode  : 0.000
DFA transitions / episode   : 0.02
DFA transitions in window   : 0->1: 2
epsilon (next episode)       : 0.13528
replay buffer                : 300000 samples [0: 93.6%, 1: 6.4%, 2: 0.0%]
DFA state visits in window   : 0: 23045, 1: 601, 2: 0
DFA state visits cumulative  : 0: 879436, 1: 85789, 2: 1268
DFA state entries in window  : 0: 100, 1: 2, 2: 0
DFA state entries cumulative : 0: 5001, 1: 948, 2: 32
transitions cumulative       : 0->1: 948, 1->2: 32, 2->0: 1
accepted directly from s0    : 0
Gym endings cumulative       : terminated=4977, truncated=23

Starting autonomous greedy evaluation at episode 5000 (1000 fixed-seed episodes)...
[Greedy evaluation at episode 5000 | 1000 fixed-seed episodes]
success=0.0%, failure=0.0%, task reward=0.000, cycles=0.000, length=340.0
DFA transitions: 0->1: 4

[Episode 5100/8000 | last 100]
success rate                : 0.0% (cumulative 0.0%)
failure rate                : 0.0% (cumulative 0.0%)
completed cycles / episode  : 0.000
synthetic task reward       : 0.000
shaping reward              : 0.000
learning reward             : 0.000
episode length              : 342.8
abstract changes / episode  : 16.1
same abstract-state steps   : 95.3%
same-state shaping / episode: 0.000
changed-state shaping / ep. : 0.000
terminal shaping / episode  : 0.000
DFA transitions / episode   : 0.10
DFA transitions in window   : 0->1: 10
epsilon (next episode)       : 0.12998
replay buffer                : 300000 samples [0: 93.7%, 1: 6.3%, 2: 0.0%]
DFA state visits in window   : 0: 33395, 1: 987, 2: 0
DFA state visits cumulative  : 0: 912831, 1: 86776, 2: 1268
DFA state entries in window  : 0: 100, 1: 10, 2: 0
DFA state entries cumulative : 0: 5101, 1: 958, 2: 32
transitions cumulative       : 0->1: 958, 1->2: 32, 2->0: 1
accepted directly from s0    : 0
Gym endings cumulative       : terminated=5077, truncated=23

[Episode 5200/8000 | last 100]
success rate                : 0.0% (cumulative 0.0%)
failure rate                : 0.0% (cumulative 0.0%)
completed cycles / episode  : 0.000
synthetic task reward       : 0.000
shaping reward              : 0.000
learning reward             : 0.000
episode length              : 242.7
abstract changes / episode  : 15.7
same abstract-state steps   : 93.5%
same-state shaping / episode: 0.000
changed-state shaping / ep. : 0.000
terminal shaping / episode  : 0.000
DFA transitions / episode   : 0.16
DFA transitions in window   : 0->1: 16
epsilon (next episode)       : 0.12488
replay buffer                : 300000 samples [0: 93.9%, 1: 6.1%, 2: 0.0%]
DFA state visits in window   : 0: 21932, 1: 2441, 2: 0
DFA state visits cumulative  : 0: 934763, 1: 89217, 2: 1268
DFA state entries in window  : 0: 100, 1: 16, 2: 0
DFA state entries cumulative : 0: 5201, 1: 974, 2: 32
transitions cumulative       : 0->1: 974, 1->2: 32, 2->0: 1
accepted directly from s0    : 0
Gym endings cumulative       : terminated=5177, truncated=23

[Episode 5300/8000 | last 100]
success rate                : 0.0% (cumulative 0.0%)
failure rate                : 0.0% (cumulative 0.0%)
completed cycles / episode  : 0.000
synthetic task reward       : 0.000
shaping reward              : 0.000
learning reward             : 0.000
episode length              : 324.9
abstract changes / episode  : 17.9
same abstract-state steps   : 94.5%
same-state shaping / episode: 0.000
changed-state shaping / ep. : 0.000
terminal shaping / episode  : 0.000
DFA transitions / episode   : 0.24
DFA transitions in window   : 0->1: 20, 1->2: 4
epsilon (next episode)       : 0.11998
replay buffer                : 300000 samples [0: 94.0%, 1: 5.9%, 2: 0.0%]
DFA state visits in window   : 0: 28595, 1: 3945, 2: 53
DFA state visits cumulative  : 0: 963358, 1: 93162, 2: 1321
DFA state entries in window  : 0: 100, 1: 20, 2: 4
DFA state entries cumulative : 0: 5301, 1: 994, 2: 36
transitions cumulative       : 0->1: 994, 1->2: 36, 2->0: 1
accepted directly from s0    : 0
Gym endings cumulative       : terminated=5277, truncated=23

[Episode 5400/8000 | last 100]
success rate                : 0.0% (cumulative 0.0%)
failure rate                : 0.0% (cumulative 0.0%)
completed cycles / episode  : 0.000
synthetic task reward       : 0.000
shaping reward              : 0.000
learning reward             : 0.000
episode length              : 174.6
abstract changes / episode  : 11.0
same abstract-state steps   : 93.7%
same-state shaping / episode: 0.000
changed-state shaping / ep. : 0.000
terminal shaping / episode  : 0.000
DFA transitions / episode   : 0.09
DFA transitions in window   : 0->1: 9
epsilon (next episode)       : 0.11528
replay buffer                : 300000 samples [0: 93.9%, 1: 6.1%, 2: 0.0%]
DFA state visits in window   : 0: 16455, 1: 1106, 2: 0
DFA state visits cumulative  : 0: 979813, 1: 94268, 2: 1321
DFA state entries in window  : 0: 100, 1: 9, 2: 0
DFA state entries cumulative : 0: 5401, 1: 1003, 2: 36
transitions cumulative       : 0->1: 1003, 1->2: 36, 2->0: 1
accepted directly from s0    : 0
Gym endings cumulative       : terminated=5377, truncated=23

[Episode 5500/8000 | last 100]
success rate                : 0.0% (cumulative 0.0%)
failure rate                : 0.0% (cumulative 0.0%)
completed cycles / episode  : 0.000
synthetic task reward       : 0.000
shaping reward              : 0.000
learning reward             : 0.000
episode length              : 273.8
abstract changes / episode  : 13.3
same abstract-state steps   : 95.1%
same-state shaping / episode: 0.000
changed-state shaping / ep. : 0.000
terminal shaping / episode  : 0.000
DFA transitions / episode   : 0.19
DFA transitions in window   : 0->1: 16, 1->2: 3
epsilon (next episode)       : 0.11075
replay buffer                : 300000 samples [0: 93.6%, 1: 6.3%, 2: 0.1%]
DFA state visits in window   : 0: 26018, 1: 1363, 2: 100
DFA state visits cumulative  : 0: 1005831, 1: 95631, 2: 1421
DFA state entries in window  : 0: 100, 1: 16, 2: 3
DFA state entries cumulative : 0: 5501, 1: 1019, 2: 39
transitions cumulative       : 0->1: 1019, 1->2: 39, 2->0: 1
accepted directly from s0    : 0
Gym endings cumulative       : terminated=5477, truncated=23

Starting autonomous greedy evaluation at episode 5500 (1000 fixed-seed episodes)...
[Greedy evaluation at episode 5500 | 1000 fixed-seed episodes]
success=0.0%, failure=0.0%, task reward=0.000, cycles=0.000, length=120.2
DFA transitions: 0->1: 364, 1->2: 49

[Episode 5600/8000 | last 100]
success rate                : 0.0% (cumulative 0.0%)
failure rate                : 0.0% (cumulative 0.0%)
completed cycles / episode  : 0.000
synthetic task reward       : 0.000
shaping reward              : 0.000
learning reward             : 0.000
episode length              : 128.0
abstract changes / episode  : 11.8
same abstract-state steps   : 90.8%
same-state shaping / episode: 0.000
changed-state shaping / ep. : 0.000
terminal shaping / episode  : 0.000
DFA transitions / episode   : 0.41
DFA transitions in window   : 0->1: 40, 1->2: 1
epsilon (next episode)       : 0.10641
replay buffer                : 300000 samples [0: 92.6%, 1: 7.3%, 2: 0.1%]
DFA state visits in window   : 0: 9157, 1: 3701, 2: 39
DFA state visits cumulative  : 0: 1014988, 1: 99332, 2: 1460
DFA state entries in window  : 0: 100, 1: 40, 2: 1
DFA state entries cumulative : 0: 5601, 1: 1059, 2: 40
transitions cumulative       : 0->1: 1059, 1->2: 40, 2->0: 1
accepted directly from s0    : 0
Gym endings cumulative       : terminated=5577, truncated=23

[Episode 5700/8000 | last 100]
success rate                : 0.0% (cumulative 0.0%)
failure rate                : 0.0% (cumulative 0.0%)
completed cycles / episode  : 0.000
synthetic task reward       : 0.000
shaping reward              : 0.000
learning reward             : 0.000
episode length              : 215.8
abstract changes / episode  : 12.3
same abstract-state steps   : 94.3%
same-state shaping / episode: 0.000
changed-state shaping / ep. : 0.000
terminal shaping / episode  : 0.000
DFA transitions / episode   : 0.06
DFA transitions in window   : 0->1: 6
epsilon (next episode)       : 0.10224
replay buffer                : 300000 samples [0: 92.6%, 1: 7.4%, 2: 0.1%]
DFA state visits in window   : 0: 21001, 1: 682, 2: 0
DFA state visits cumulative  : 0: 1035989, 1: 100014, 2: 1460
DFA state entries in window  : 0: 100, 1: 6, 2: 0
DFA state entries cumulative : 0: 5701, 1: 1065, 2: 40
transitions cumulative       : 0->1: 1065, 1->2: 40, 2->0: 1
accepted directly from s0    : 0
Gym endings cumulative       : terminated=5677, truncated=23

[Episode 5800/8000 | last 100]
success rate                : 0.0% (cumulative 0.0%)
failure rate                : 0.0% (cumulative 0.0%)
completed cycles / episode  : 0.000
synthetic task reward       : 0.000
shaping reward              : 0.000
learning reward             : 0.000
episode length              : 273.4
abstract changes / episode  : 11.6
same abstract-state steps   : 95.8%
same-state shaping / episode: 0.000
changed-state shaping / ep. : 0.000
terminal shaping / episode  : 0.000
DFA transitions / episode   : 0.09
DFA transitions in window   : 0->1: 9
epsilon (next episode)       : 0.09823
replay buffer                : 300000 samples [0: 92.5%, 1: 7.5%, 2: 0.1%]
DFA state visits in window   : 0: 26758, 1: 686, 2: 0
DFA state visits cumulative  : 0: 1062747, 1: 100700, 2: 1460
DFA state entries in window  : 0: 100, 1: 9, 2: 0
DFA state entries cumulative : 0: 5801, 1: 1074, 2: 40
transitions cumulative       : 0->1: 1074, 1->2: 40, 2->0: 1
accepted directly from s0    : 0
Gym endings cumulative       : terminated=5776, truncated=24

[Episode 5900/8000 | last 100]
success rate                : 0.0% (cumulative 0.0%)
failure rate                : 0.0% (cumulative 0.0%)
completed cycles / episode  : 0.000
synthetic task reward       : 0.000
shaping reward              : 0.000
learning reward             : 0.000
episode length              : 406.8
abstract changes / episode  : 15.5
same abstract-state steps   : 96.2%
same-state shaping / episode: 0.000
changed-state shaping / ep. : 0.000
terminal shaping / episode  : 0.000
DFA transitions / episode   : 0.05
DFA transitions in window   : 0->1: 5
epsilon (next episode)       : 0.09438
replay buffer                : 300000 samples [0: 92.7%, 1: 7.2%, 2: 0.1%]
DFA state visits in window   : 0: 40404, 1: 373, 2: 0
DFA state visits cumulative  : 0: 1103151, 1: 101073, 2: 1460
DFA state entries in window  : 0: 100, 1: 5, 2: 0
DFA state entries cumulative : 0: 5901, 1: 1079, 2: 40
transitions cumulative       : 0->1: 1079, 1->2: 40, 2->0: 1
accepted directly from s0    : 0
Gym endings cumulative       : terminated=5873, truncated=27

[Episode 6000/8000 | last 100]
success rate                : 0.0% (cumulative 0.0%)
failure rate                : 0.0% (cumulative 0.0%)
completed cycles / episode  : 0.000
synthetic task reward       : 0.000
shaping reward              : 0.000
learning reward             : 0.000
episode length              : 413.7
abstract changes / episode  : 19.3
same abstract-state steps   : 95.3%
same-state shaping / episode: 0.000
changed-state shaping / ep. : 0.000
terminal shaping / episode  : 0.000
DFA transitions / episode   : 0.13
DFA transitions in window   : 0->1: 11, 1->2: 2
epsilon (next episode)       : 0.09067
replay buffer                : 300000 samples [0: 93.5%, 1: 6.4%, 2: 0.1%]
DFA state visits in window   : 0: 37920, 1: 3525, 2: 21
DFA state visits cumulative  : 0: 1141071, 1: 104598, 2: 1481
DFA state entries in window  : 0: 100, 1: 11, 2: 2
DFA state entries cumulative : 0: 6001, 1: 1090, 2: 42
transitions cumulative       : 0->1: 1090, 1->2: 42, 2->0: 1
accepted directly from s0    : 0
Gym endings cumulative       : terminated=5973, truncated=27

Starting autonomous greedy evaluation at episode 6000 (1000 fixed-seed episodes)...
[Greedy evaluation at episode 6000 | 1000 fixed-seed episodes]
success=0.0%, failure=0.0%, task reward=0.000, cycles=0.000, length=388.0
DFA transitions: 0->1: 360, 1->2: 20

[Episode 6100/8000 | last 100]
success rate                : 0.0% (cumulative 0.0%)
failure rate                : 0.0% (cumulative 0.0%)
completed cycles / episode  : 0.000
synthetic task reward       : 0.000
shaping reward              : 0.000
learning reward             : 0.000
episode length              : 182.8
abstract changes / episode  : 14.4
same abstract-state steps   : 92.1%
same-state shaping / episode: 0.000
changed-state shaping / ep. : 0.000
terminal shaping / episode  : 0.000
DFA transitions / episode   : 0.43
DFA transitions in window   : 0->1: 37, 1->2: 6
epsilon (next episode)       : 0.08712
replay buffer                : 300000 samples [0: 92.0%, 1: 7.8%, 2: 0.1%]
DFA state visits in window   : 0: 13368, 1: 4763, 2: 248
DFA state visits cumulative  : 0: 1154439, 1: 109361, 2: 1729
DFA state entries in window  : 0: 100, 1: 37, 2: 6
DFA state entries cumulative : 0: 6101, 1: 1127, 2: 48
transitions cumulative       : 0->1: 1127, 1->2: 48, 2->0: 1
accepted directly from s0    : 0
Gym endings cumulative       : terminated=6071, truncated=29

[Episode 6200/8000 | last 100]
success rate                : 0.0% (cumulative 0.0%)
failure rate                : 0.0% (cumulative 0.0%)
completed cycles / episode  : 0.000
synthetic task reward       : 0.000
shaping reward              : 0.000
learning reward             : 0.000
episode length              : 546.0
abstract changes / episode  : 18.9
same abstract-state steps   : 96.5%
same-state shaping / episode: 0.000
changed-state shaping / ep. : 0.000
terminal shaping / episode  : 0.000
DFA transitions / episode   : 0.26
DFA transitions in window   : 0->1: 21, 1->2: 5
epsilon (next episode)       : 0.08370
replay buffer                : 300000 samples [0: 90.3%, 1: 9.4%, 2: 0.2%]
DFA state visits in window   : 0: 46330, 1: 8163, 2: 207
DFA state visits cumulative  : 0: 1200769, 1: 117524, 2: 1936
DFA state entries in window  : 0: 100, 1: 21, 2: 5
DFA state entries cumulative : 0: 6201, 1: 1148, 2: 53
transitions cumulative       : 0->1: 1148, 1->2: 53, 2->0: 1
accepted directly from s0    : 0
Gym endings cumulative       : terminated=6163, truncated=37

[Episode 6300/8000 | last 100]
success rate                : 0.0% (cumulative 0.0%)
failure rate                : 0.0% (cumulative 0.0%)
completed cycles / episode  : 0.000
synthetic task reward       : 0.000
shaping reward              : 0.000
learning reward             : 0.000
episode length              : 231.6
abstract changes / episode  : 15.9
same abstract-state steps   : 93.1%
same-state shaping / episode: 0.000
changed-state shaping / ep. : 0.000
terminal shaping / episode  : 0.000
DFA transitions / episode   : 0.27
DFA transitions in window   : 0->1: 27
epsilon (next episode)       : 0.08042
replay buffer                : 300000 samples [0: 90.4%, 1: 9.4%, 2: 0.2%]
DFA state visits in window   : 0: 20124, 1: 3140, 2: 0
DFA state visits cumulative  : 0: 1220893, 1: 120664, 2: 1936
DFA state entries in window  : 0: 100, 1: 27, 2: 0
DFA state entries cumulative : 0: 6301, 1: 1175, 2: 53
transitions cumulative       : 0->1: 1175, 1->2: 53, 2->0: 1
accepted directly from s0    : 0
Gym endings cumulative       : terminated=6263, truncated=37

[Episode 6400/8000 | last 100]
success rate                : 0.0% (cumulative 0.0%)
failure rate                : 0.0% (cumulative 0.0%)
completed cycles / episode  : 0.000
synthetic task reward       : 0.000
shaping reward              : 0.000
learning reward             : 0.000
episode length              : 107.7
abstract changes / episode  : 12.9
same abstract-state steps   : 88.0%
same-state shaping / episode: 0.000
changed-state shaping / ep. : 0.000
terminal shaping / episode  : 0.000
DFA transitions / episode   : 0.33
DFA transitions in window   : 0->1: 33
epsilon (next episode)       : 0.07727
replay buffer                : 300000 samples [0: 90.1%, 1: 9.7%, 2: 0.2%]
DFA state visits in window   : 0: 9217, 1: 1652, 2: 0
DFA state visits cumulative  : 0: 1230110, 1: 122316, 2: 1936
DFA state entries in window  : 0: 100, 1: 33, 2: 0
DFA state entries cumulative : 0: 6401, 1: 1208, 2: 53
transitions cumulative       : 0->1: 1208, 1->2: 53, 2->0: 1
accepted directly from s0    : 0
Gym endings cumulative       : terminated=6363, truncated=37

[Episode 6500/8000 | last 100]
success rate                : 0.0% (cumulative 0.0%)
failure rate                : 0.0% (cumulative 0.0%)
completed cycles / episode  : 0.000
synthetic task reward       : 0.000
shaping reward              : 0.000
learning reward             : 0.000
episode length              : 165.3
abstract changes / episode  : 14.3
same abstract-state steps   : 91.4%
same-state shaping / episode: 0.000
changed-state shaping / ep. : 0.000
terminal shaping / episode  : 0.000
DFA transitions / episode   : 0.33
DFA transitions in window   : 0->1: 32, 1->2: 1
epsilon (next episode)       : 0.07423
replay buffer                : 300000 samples [0: 89.8%, 1: 10.0%, 2: 0.2%]
DFA state visits in window   : 0: 14520, 1: 2096, 2: 19
DFA state visits cumulative  : 0: 1244630, 1: 124412, 2: 1955
DFA state entries in window  : 0: 100, 1: 32, 2: 1
DFA state entries cumulative : 0: 6501, 1: 1240, 2: 54
transitions cumulative       : 0->1: 1240, 1->2: 54, 2->0: 1
accepted directly from s0    : 0
Gym endings cumulative       : terminated=6463, truncated=37

Starting autonomous greedy evaluation at episode 6500 (1000 fixed-seed episodes)...
[Greedy evaluation at episode 6500 | 1000 fixed-seed episodes]
success=0.0%, failure=0.0%, task reward=0.000, cycles=0.000, length=75.9
DFA transitions: 0->1: 407
Best policy updated from autonomous greedy evaluation at episode 6500.

[Episode 6600/8000 | last 100]
success rate                : 0.0% (cumulative 0.0%)
failure rate                : 0.0% (cumulative 0.0%)
completed cycles / episode  : 0.000
synthetic task reward       : 0.000
shaping reward              : 0.000
learning reward             : 0.000
episode length              : 101.3
abstract changes / episode  : 12.8
same abstract-state steps   : 87.4%
same-state shaping / episode: 0.000
changed-state shaping / ep. : 0.000
terminal shaping / episode  : 0.000
DFA transitions / episode   : 0.31
DFA transitions in window   : 0->1: 30, 1->2: 1
epsilon (next episode)       : 0.07132
replay buffer                : 300000 samples [0: 89.2%, 1: 10.6%, 2: 0.2%]
DFA state visits in window   : 0: 8071, 1: 2081, 2: 80
DFA state visits cumulative  : 0: 1252701, 1: 126493, 2: 2035
DFA state entries in window  : 0: 100, 1: 30, 2: 1
DFA state entries cumulative : 0: 6601, 1: 1270, 2: 55
transitions cumulative       : 0->1: 1270, 1->2: 55, 2->0: 1
accepted directly from s0    : 0
Gym endings cumulative       : terminated=6563, truncated=37

[Episode 6700/8000 | last 100]
success rate                : 0.0% (cumulative 0.0%)
failure rate                : 0.0% (cumulative 0.0%)
completed cycles / episode  : 0.000
synthetic task reward       : 0.000
shaping reward              : 0.000
learning reward             : 0.000
episode length              : 221.0
abstract changes / episode  : 14.9
same abstract-state steps   : 93.3%
same-state shaping / episode: 0.000
changed-state shaping / ep. : 0.000
terminal shaping / episode  : 0.000
DFA transitions / episode   : 0.31
DFA transitions in window   : 0->1: 29, 1->2: 2
epsilon (next episode)       : 0.06853
replay buffer                : 300000 samples [0: 86.6%, 1: 13.2%, 2: 0.2%]
DFA state visits in window   : 0: 13382, 1: 8761, 2: 53
DFA state visits cumulative  : 0: 1266083, 1: 135254, 2: 2088
DFA state entries in window  : 0: 100, 1: 29, 2: 2
DFA state entries cumulative : 0: 6701, 1: 1299, 2: 57
transitions cumulative       : 0->1: 1299, 1->2: 57, 2->0: 1
accepted directly from s0    : 0
Gym endings cumulative       : terminated=6659, truncated=41

[Episode 6800/8000 | last 100]
success rate                : 0.0% (cumulative 0.0%)
failure rate                : 0.0% (cumulative 0.0%)
completed cycles / episode  : 0.000
synthetic task reward       : 0.000
shaping reward              : 0.000
learning reward             : 0.000
episode length              : 311.8
abstract changes / episode  : 14.6
same abstract-state steps   : 95.3%
same-state shaping / episode: 0.000
changed-state shaping / ep. : 0.000
terminal shaping / episode  : 0.000
DFA transitions / episode   : 0.30
DFA transitions in window   : 0->1: 28, 1->2: 2
epsilon (next episode)       : 0.06584
replay buffer                : 300000 samples [0: 84.1%, 1: 15.7%, 2: 0.2%]
DFA state visits in window   : 0: 19105, 1: 12125, 2: 51
DFA state visits cumulative  : 0: 1285188, 1: 147379, 2: 2139
DFA state entries in window  : 0: 100, 1: 28, 2: 2
DFA state entries cumulative : 0: 6801, 1: 1327, 2: 59
transitions cumulative       : 0->1: 1327, 1->2: 59, 2->0: 1
accepted directly from s0    : 0
Gym endings cumulative       : terminated=6753, truncated=47

[Episode 6900/8000 | last 100]
success rate                : 0.0% (cumulative 0.0%)
failure rate                : 0.0% (cumulative 0.0%)
completed cycles / episode  : 0.000
synthetic task reward       : 0.000
shaping reward              : 0.000
learning reward             : 0.000
episode length              : 153.8
abstract changes / episode  : 12.7
same abstract-state steps   : 91.8%
same-state shaping / episode: 0.000
changed-state shaping / ep. : 0.000
terminal shaping / episode  : 0.000
DFA transitions / episode   : 0.27
DFA transitions in window   : 0->1: 24, 1->2: 3
epsilon (next episode)       : 0.06326
replay buffer                : 300000 samples [0: 83.6%, 1: 16.2%, 2: 0.2%]
DFA state visits in window   : 0: 13436, 1: 1981, 2: 62
DFA state visits cumulative  : 0: 1298624, 1: 149360, 2: 2201
DFA state entries in window  : 0: 100, 1: 24, 2: 3
DFA state entries cumulative : 0: 6901, 1: 1351, 2: 62
transitions cumulative       : 0->1: 1351, 1->2: 62, 2->0: 1
accepted directly from s0    : 0
Gym endings cumulative       : terminated=6853, truncated=47

[Episode 7000/8000 | last 100]
success rate                : 0.0% (cumulative 0.0%)
failure rate                : 0.0% (cumulative 0.0%)
completed cycles / episode  : 0.000
synthetic task reward       : 0.000
shaping reward              : 0.000
learning reward             : 0.000
episode length              : 95.9
abstract changes / episode  : 11.1
same abstract-state steps   : 88.5%
same-state shaping / episode: 0.000
changed-state shaping / ep. : 0.000
terminal shaping / episode  : 0.000
DFA transitions / episode   : 0.18
DFA transitions in window   : 0->1: 18
epsilon (next episode)       : 0.06078
replay buffer                : 300000 samples [0: 83.3%, 1: 16.5%, 2: 0.2%]
DFA state visits in window   : 0: 8796, 1: 893, 2: 0
DFA state visits cumulative  : 0: 1307420, 1: 150253, 2: 2201
DFA state entries in window  : 0: 100, 1: 18, 2: 0
DFA state entries cumulative : 0: 7001, 1: 1369, 2: 62
transitions cumulative       : 0->1: 1369, 1->2: 62, 2->0: 1
accepted directly from s0    : 0
Gym endings cumulative       : terminated=6953, truncated=47

Starting autonomous greedy evaluation at episode 7000 (1000 fixed-seed episodes)...
[Greedy evaluation at episode 7000 | 1000 fixed-seed episodes]
success=0.0%, failure=0.0%, task reward=0.000, cycles=0.000, length=97.7
DFA transitions: 0->1: 189

[Episode 7100/8000 | last 100]
success rate                : 0.0% (cumulative 0.0%)
failure rate                : 0.0% (cumulative 0.0%)
completed cycles / episode  : 0.000
synthetic task reward       : 0.000
shaping reward              : 0.000
learning reward             : 0.000
episode length              : 269.2
abstract changes / episode  : 10.7
same abstract-state steps   : 96.0%
same-state shaping / episode: 0.000
changed-state shaping / ep. : 0.000
terminal shaping / episode  : 0.000
DFA transitions / episode   : 0.12
DFA transitions in window   : 0->1: 12
epsilon (next episode)       : 0.05839
replay buffer                : 300000 samples [0: 83.2%, 1: 16.6%, 2: 0.2%]
DFA state visits in window   : 0: 26188, 1: 834, 2: 0
DFA state visits cumulative  : 0: 1333608, 1: 151087, 2: 2201
DFA state entries in window  : 0: 100, 1: 12, 2: 0
DFA state entries cumulative : 0: 7101, 1: 1381, 2: 62
transitions cumulative       : 0->1: 1381, 1->2: 62, 2->0: 1
accepted directly from s0    : 0
Gym endings cumulative       : terminated=7050, truncated=50

[Episode 7200/8000 | last 100]
success rate                : 0.0% (cumulative 0.0%)
failure rate                : 0.0% (cumulative 0.0%)
completed cycles / episode  : 0.000
synthetic task reward       : 0.000
shaping reward              : 0.000
learning reward             : 0.000
episode length              : 117.7
abstract changes / episode  : 7.7
same abstract-state steps   : 93.5%
same-state shaping / episode: 0.000
changed-state shaping / ep. : 0.000
terminal shaping / episode  : 0.000
DFA transitions / episode   : 0.00
DFA transitions in window   : none
epsilon (next episode)       : 0.05610
replay buffer                : 300000 samples [0: 83.2%, 1: 16.6%, 2: 0.2%]
DFA state visits in window   : 0: 11867, 1: 0, 2: 0
DFA state visits cumulative  : 0: 1345475, 1: 151087, 2: 2201
DFA state entries in window  : 0: 100, 1: 0, 2: 0
DFA state entries cumulative : 0: 7201, 1: 1381, 2: 62
transitions cumulative       : 0->1: 1381, 1->2: 62, 2->0: 1
accepted directly from s0    : 0
Gym endings cumulative       : terminated=7150, truncated=50

[Episode 7300/8000 | last 100]
success rate                : 0.0% (cumulative 0.0%)
failure rate                : 0.0% (cumulative 0.0%)
completed cycles / episode  : 0.000
synthetic task reward       : 0.000
shaping reward              : 0.000
learning reward             : 0.000
episode length              : 130.9
abstract changes / episode  : 7.6
same abstract-state steps   : 94.2%
same-state shaping / episode: 0.000
changed-state shaping / ep. : 0.000
terminal shaping / episode  : 0.000
DFA transitions / episode   : 0.01
DFA transitions in window   : 0->1: 1
epsilon (next episode)       : 0.05390
replay buffer                : 300000 samples [0: 83.1%, 1: 16.6%, 2: 0.2%]
DFA state visits in window   : 0: 12986, 1: 207, 2: 0
DFA state visits cumulative  : 0: 1358461, 1: 151294, 2: 2201
DFA state entries in window  : 0: 100, 1: 1, 2: 0
DFA state entries cumulative : 0: 7301, 1: 1382, 2: 62
transitions cumulative       : 0->1: 1382, 1->2: 62, 2->0: 1
accepted directly from s0    : 0
Gym endings cumulative       : terminated=7250, truncated=50

[Episode 7400/8000 | last 100]
success rate                : 0.0% (cumulative 0.0%)
failure rate                : 0.0% (cumulative 0.0%)
completed cycles / episode  : 0.000
synthetic task reward       : 0.000
shaping reward              : 0.000
learning reward             : 0.000
episode length              : 236.1
abstract changes / episode  : 10.8
same abstract-state steps   : 95.4%
same-state shaping / episode: 0.000
changed-state shaping / ep. : 0.000
terminal shaping / episode  : 0.000
DFA transitions / episode   : 0.14
DFA transitions in window   : 0->1: 13, 1->2: 1
epsilon (next episode)       : 0.05179
replay buffer                : 300000 samples [0: 82.7%, 1: 17.1%, 2: 0.2%]
DFA state visits in window   : 0: 22207, 1: 1490, 2: 14
DFA state visits cumulative  : 0: 1380668, 1: 152784, 2: 2215
DFA state entries in window  : 0: 100, 1: 13, 2: 1
DFA state entries cumulative : 0: 7401, 1: 1395, 2: 63
transitions cumulative       : 0->1: 1395, 1->2: 63, 2->0: 1
accepted directly from s0    : 0
Gym endings cumulative       : terminated=7346, truncated=54

[Episode 7500/8000 | last 100]
success rate                : 0.0% (cumulative 0.0%)
failure rate                : 0.0% (cumulative 0.0%)
completed cycles / episode  : 0.000
synthetic task reward       : 0.000
shaping reward              : 0.000
learning reward             : 0.000
episode length              : 195.7
abstract changes / episode  : 14.4
same abstract-state steps   : 92.6%
same-state shaping / episode: 0.000
changed-state shaping / ep. : 0.000
terminal shaping / episode  : 0.000
DFA transitions / episode   : 0.28
DFA transitions in window   : 0->1: 27, 1->2: 1
epsilon (next episode)       : 0.04976
replay buffer                : 300000 samples [0: 83.7%, 1: 16.1%, 2: 0.2%]
DFA state visits in window   : 0: 16958, 1: 2644, 2: 68
DFA state visits cumulative  : 0: 1397626, 1: 155428, 2: 2283
DFA state entries in window  : 0: 100, 1: 27, 2: 1
DFA state entries cumulative : 0: 7501, 1: 1422, 2: 64
transitions cumulative       : 0->1: 1422, 1->2: 64, 2->0: 1
accepted directly from s0    : 0
Gym endings cumulative       : terminated=7446, truncated=54

Starting autonomous greedy evaluation at episode 7500 (1000 fixed-seed episodes)...
[Greedy evaluation at episode 7500 | 1000 fixed-seed episodes]
success=0.0%, failure=0.0%, task reward=0.000, cycles=0.000, length=213.5
DFA transitions: 0->1: 208

[Episode 7600/8000 | last 100]
success rate                : 0.0% (cumulative 0.0%)
failure rate                : 0.0% (cumulative 0.0%)
completed cycles / episode  : 0.000
synthetic task reward       : 0.000
shaping reward              : 0.000
learning reward             : 0.000
episode length              : 215.2
abstract changes / episode  : 10.7
same abstract-state steps   : 95.0%
same-state shaping / episode: 0.000
changed-state shaping / ep. : 0.000
terminal shaping / episode  : 0.000
DFA transitions / episode   : 0.06
DFA transitions in window   : 0->1: 6
epsilon (next episode)       : 0.04781
replay buffer                : 300000 samples [0: 84.4%, 1: 15.5%, 2: 0.2%]
DFA state visits in window   : 0: 20996, 1: 622, 2: 0
DFA state visits cumulative  : 0: 1418622, 1: 156050, 2: 2283
DFA state entries in window  : 0: 100, 1: 6, 2: 0
DFA state entries cumulative : 0: 7601, 1: 1428, 2: 64
transitions cumulative       : 0->1: 1428, 1->2: 64, 2->0: 1
accepted directly from s0    : 0
Gym endings cumulative       : terminated=7546, truncated=54

[Episode 7700/8000 | last 100]
success rate                : 0.0% (cumulative 0.0%)
failure rate                : 0.0% (cumulative 0.0%)
completed cycles / episode  : 0.000
synthetic task reward       : 0.000
shaping reward              : 0.000
learning reward             : 0.000
episode length              : 147.2
abstract changes / episode  : 8.1
same abstract-state steps   : 94.5%
same-state shaping / episode: 0.000
changed-state shaping / ep. : 0.000
terminal shaping / episode  : 0.000
DFA transitions / episode   : 0.05
DFA transitions in window   : 0->1: 3, 1->2: 2
epsilon (next episode)       : 0.04593
replay buffer                : 300000 samples [0: 85.0%, 1: 14.8%, 2: 0.2%]
DFA state visits in window   : 0: 14591, 1: 188, 2: 40
DFA state visits cumulative  : 0: 1433213, 1: 156238, 2: 2323
DFA state entries in window  : 0: 100, 1: 3, 2: 2
DFA state entries cumulative : 0: 7701, 1: 1431, 2: 66
transitions cumulative       : 0->1: 1431, 1->2: 66, 2->0: 1
accepted directly from s0    : 0
Gym endings cumulative       : terminated=7646, truncated=54

[Episode 7800/8000 | last 100]
success rate                : 0.0% (cumulative 0.0%)
failure rate                : 0.0% (cumulative 0.0%)
completed cycles / episode  : 0.000
synthetic task reward       : 0.000
shaping reward              : 0.000
learning reward             : 0.000
episode length              : 143.8
abstract changes / episode  : 8.2
same abstract-state steps   : 94.3%
same-state shaping / episode: 0.000
changed-state shaping / ep. : 0.000
terminal shaping / episode  : 0.000
DFA transitions / episode   : 0.04
DFA transitions in window   : 0->1: 4
epsilon (next episode)       : 0.04413
replay buffer                : 300000 samples [0: 86.5%, 1: 13.3%, 2: 0.1%]
DFA state visits in window   : 0: 14363, 1: 117, 2: 0
DFA state visits cumulative  : 0: 1447576, 1: 156355, 2: 2323
DFA state entries in window  : 0: 100, 1: 4, 2: 0
DFA state entries cumulative : 0: 7801, 1: 1435, 2: 66
transitions cumulative       : 0->1: 1435, 1->2: 66, 2->0: 1
accepted directly from s0    : 0
Gym endings cumulative       : terminated=7746, truncated=54

[Episode 7900/8000 | last 100]
success rate                : 0.0% (cumulative 0.0%)
failure rate                : 0.0% (cumulative 0.0%)
completed cycles / episode  : 0.000
synthetic task reward       : 0.000
shaping reward              : 0.000
learning reward             : 0.000
episode length              : 121.1
abstract changes / episode  : 8.7
same abstract-state steps   : 92.8%
same-state shaping / episode: 0.000
changed-state shaping / ep. : 0.000
terminal shaping / episode  : 0.000
DFA transitions / episode   : 0.05
DFA transitions in window   : 0->1: 5
epsilon (next episode)       : 0.04240
replay buffer                : 300000 samples [0: 87.0%, 1: 12.9%, 2: 0.1%]
DFA state visits in window   : 0: 12037, 1: 169, 2: 0
DFA state visits cumulative  : 0: 1459613, 1: 156524, 2: 2323
DFA state entries in window  : 0: 100, 1: 5, 2: 0
DFA state entries cumulative : 0: 7901, 1: 1440, 2: 66
transitions cumulative       : 0->1: 1440, 1->2: 66, 2->0: 1
accepted directly from s0    : 0
Gym endings cumulative       : terminated=7846, truncated=54

[Episode 8000/8000 | last 100]
success rate                : 0.0% (cumulative 0.0%)
failure rate                : 0.0% (cumulative 0.0%)
completed cycles / episode  : 0.000
synthetic task reward       : 0.000
shaping reward              : 0.000
learning reward             : 0.000
episode length              : 122.6
abstract changes / episode  : 9.2
same abstract-state steps   : 92.5%
same-state shaping / episode: 0.000
changed-state shaping / ep. : 0.000
terminal shaping / episode  : 0.000
DFA transitions / episode   : 0.14
DFA transitions in window   : 0->1: 13, 1->2: 1
epsilon (next episode)       : 0.04074
replay buffer                : 300000 samples [0: 87.2%, 1: 12.7%, 2: 0.1%]
DFA state visits in window   : 0: 11380, 1: 948, 2: 33
DFA state visits cumulative  : 0: 1470993, 1: 157472, 2: 2356
DFA state entries in window  : 0: 100, 1: 13, 2: 1
DFA state entries cumulative : 0: 8001, 1: 1453, 2: 67
transitions cumulative       : 0->1: 1453, 1->2: 67, 2->0: 1
accepted directly from s0    : 0
Gym endings cumulative       : terminated=7946, truncated=54

Starting autonomous greedy evaluation at episode 8000 (1000 fixed-seed episodes)...
[Greedy evaluation at episode 8000 | 1000 fixed-seed episodes]
success=0.0%, failure=0.0%, task reward=0.000, cycles=0.000, length=124.6
DFA transitions: 0->1: 68, 1->2: 2
Last policy saved after episode 8000. Best greedy evaluation: episode 6500, mean task reward=0.000
