
=== NEW RUN ===
episodes=8000, shaping=False, goal_reward=10000.0, gamma=0.99
gamma_shaping=1.0, shaping_formula=gamma_shaping*Phi(next)-Phi(state)
ground_unbiased_learner=False
ground_max_episode_steps=1500
eval_interval=500, eval_episodes=1000, eval_seed=100000
inter_level_shaping=False, inter_level_formula=gamma*Phi(next)-Phi(state)
task_type=cyclic_waypoints, task=cycle(g1, g2, g3)
regions={g1: {'center': [0, 1.0625], 'radius': 0.1}, g2: {'center': [-0.5, 0.5], 'radius': 0.1}, g3: {'center': [0.5, 0.5], 'radius': 0.1}}
dfa_states=[0, 1, 2], pre_trace=0, accepting=[], failure=[]

[Episode 1/8000 | last 1]
success rate                : 0.0% (cumulative 0.0%)
failure rate                : 0.0% (cumulative 0.0%)
completed cycles / episode  : 0.000
synthetic task reward       : 0.000
shaping reward              : 0.000
learning reward             : 0.000
episode length              : 101.0
abstract changes / episode  : 12.0
same abstract-state steps   : 88.1%
same-state shaping / episode: 0.000
changed-state shaping / ep. : 0.000
terminal shaping / episode  : 0.000
DFA transitions / episode   : 0.00
DFA transitions in window   : none
epsilon (next episode)       : 0.99960
replay buffer                : 101 samples [0: 100.0%, 1: 0.0%, 2: 0.0%]
DFA state visits in window   : 0: 102, 1: 0, 2: 0
DFA state visits cumulative  : 0: 102, 1: 0, 2: 0
DFA state entries in window  : 0: 1, 1: 0, 2: 0
DFA state entries cumulative : 0: 1, 1: 0, 2: 0
transitions cumulative       : none
accepted directly from s0    : 0
Gym endings cumulative       : terminated=1, truncated=0

[Episode 100/8000 | last 100]
success rate                : 0.0% (cumulative 0.0%)
failure rate                : 0.0% (cumulative 0.0%)
completed cycles / episode  : 0.000
synthetic task reward       : 0.000
shaping reward              : 0.000
learning reward             : 0.000
episode length              : 93.1
abstract changes / episode  : 13.2
same abstract-state steps   : 85.9%
same-state shaping / episode: 0.000
changed-state shaping / ep. : 0.000
terminal shaping / episode  : 0.000
DFA transitions / episode   : 0.24
DFA transitions in window   : 0->1: 24
epsilon (next episode)       : 0.96078
replay buffer                : 9308 samples [0: 86.9%, 1: 13.1%, 2: 0.0%]
DFA state visits in window   : 0: 8164, 1: 1244, 2: 0
DFA state visits cumulative  : 0: 8164, 1: 1244, 2: 0
DFA state entries in window  : 0: 100, 1: 24, 2: 0
DFA state entries cumulative : 0: 100, 1: 24, 2: 0
transitions cumulative       : 0->1: 24
accepted directly from s0    : 0
Gym endings cumulative       : terminated=100, truncated=0

[Episode 200/8000 | last 100]
success rate                : 0.0% (cumulative 0.0%)
failure rate                : 0.0% (cumulative 0.0%)
completed cycles / episode  : 0.000
synthetic task reward       : 0.000
shaping reward              : 0.000
learning reward             : 0.000
episode length              : 91.6
abstract changes / episode  : 13.3
same abstract-state steps   : 85.5%
same-state shaping / episode: 0.000
changed-state shaping / ep. : 0.000
terminal shaping / episode  : 0.000
DFA transitions / episode   : 0.30
DFA transitions in window   : 0->1: 30
epsilon (next episode)       : 0.92310
replay buffer                : 18466 samples [0: 85.3%, 1: 14.7%, 2: 0.0%]
DFA state visits in window   : 0: 7727, 1: 1531, 2: 0
DFA state visits cumulative  : 0: 15891, 1: 2775, 2: 0
DFA state entries in window  : 0: 100, 1: 30, 2: 0
DFA state entries cumulative : 0: 200, 1: 54, 2: 0
transitions cumulative       : 0->1: 54
accepted directly from s0    : 0
Gym endings cumulative       : terminated=200, truncated=0

[Episode 300/8000 | last 100]
success rate                : 0.0% (cumulative 0.0%)
failure rate                : 0.0% (cumulative 0.0%)
completed cycles / episode  : 0.000
synthetic task reward       : 0.000
shaping reward              : 0.000
learning reward             : 0.000
episode length              : 97.5
abstract changes / episode  : 13.0
same abstract-state steps   : 86.7%
same-state shaping / episode: 0.000
changed-state shaping / ep. : 0.000
terminal shaping / episode  : 0.000
DFA transitions / episode   : 0.37
DFA transitions in window   : 0->1: 37
epsilon (next episode)       : 0.88690
replay buffer                : 28220 samples [0: 83.1%, 1: 16.9%, 2: 0.0%]
DFA state visits in window   : 0: 7777, 1: 2077, 2: 0
DFA state visits cumulative  : 0: 23668, 1: 4852, 2: 0
DFA state entries in window  : 0: 100, 1: 37, 2: 0
DFA state entries cumulative : 0: 300, 1: 91, 2: 0
transitions cumulative       : 0->1: 91
accepted directly from s0    : 0
Gym endings cumulative       : terminated=300, truncated=0

[Episode 400/8000 | last 100]
success rate                : 0.0% (cumulative 0.0%)
failure rate                : 0.0% (cumulative 0.0%)
completed cycles / episode  : 0.000
synthetic task reward       : 0.000
shaping reward              : 0.000
learning reward             : 0.000
episode length              : 96.4
abstract changes / episode  : 12.8
same abstract-state steps   : 86.7%
same-state shaping / episode: 0.000
changed-state shaping / ep. : 0.000
terminal shaping / episode  : 0.000
DFA transitions / episode   : 0.28
DFA transitions in window   : 0->1: 28
epsilon (next episode)       : 0.85212
replay buffer                : 37859 samples [0: 83.5%, 1: 16.5%, 2: 0.0%]
DFA state visits in window   : 0: 8231, 1: 1508, 2: 0
DFA state visits cumulative  : 0: 31899, 1: 6360, 2: 0
DFA state entries in window  : 0: 100, 1: 28, 2: 0
DFA state entries cumulative : 0: 400, 1: 119, 2: 0
transitions cumulative       : 0->1: 119
accepted directly from s0    : 0
Gym endings cumulative       : terminated=400, truncated=0

[Episode 500/8000 | last 100]
success rate                : 0.0% (cumulative 0.0%)
failure rate                : 0.0% (cumulative 0.0%)
completed cycles / episode  : 0.000
synthetic task reward       : 0.000
shaping reward              : 0.000
learning reward             : 0.000
episode length              : 98.7
abstract changes / episode  : 12.9
same abstract-state steps   : 86.9%
same-state shaping / episode: 0.000
changed-state shaping / ep. : 0.000
terminal shaping / episode  : 0.000
DFA transitions / episode   : 0.17
DFA transitions in window   : 0->1: 17
epsilon (next episode)       : 0.81870
replay buffer                : 47724 samples [0: 85.1%, 1: 14.9%, 2: 0.0%]
DFA state visits in window   : 0: 9058, 1: 907, 2: 0
DFA state visits cumulative  : 0: 40957, 1: 7267, 2: 0
DFA state entries in window  : 0: 100, 1: 17, 2: 0
DFA state entries cumulative : 0: 500, 1: 136, 2: 0
transitions cumulative       : 0->1: 136
accepted directly from s0    : 0
Gym endings cumulative       : terminated=500, truncated=0

Starting autonomous greedy evaluation at episode 500 (1000 fixed-seed episodes)...
[Greedy evaluation at episode 500 | 1000 fixed-seed episodes]
success=0.0%, failure=0.0%, task reward=0.000, cycles=0.000, length=122.7
DFA transitions: 0->1: 152
Best policy updated from autonomous greedy evaluation at episode 500.

[Episode 600/8000 | last 100]
success rate                : 0.0% (cumulative 0.0%)
failure rate                : 0.0% (cumulative 0.0%)
completed cycles / episode  : 0.000
synthetic task reward       : 0.000
shaping reward              : 0.000
learning reward             : 0.000
episode length              : 95.8
abstract changes / episode  : 12.8
same abstract-state steps   : 86.7%
same-state shaping / episode: 0.000
changed-state shaping / ep. : 0.000
terminal shaping / episode  : 0.000
DFA transitions / episode   : 0.25
DFA transitions in window   : 0->1: 25
epsilon (next episode)       : 0.78659
replay buffer                : 57308 samples [0: 85.0%, 1: 15.0%, 2: 0.0%]
DFA state visits in window   : 0: 8202, 1: 1482, 2: 0
DFA state visits cumulative  : 0: 49159, 1: 8749, 2: 0
DFA state entries in window  : 0: 100, 1: 25, 2: 0
DFA state entries cumulative : 0: 600, 1: 161, 2: 0
transitions cumulative       : 0->1: 161
accepted directly from s0    : 0
Gym endings cumulative       : terminated=600, truncated=0

[Episode 700/8000 | last 100]
success rate                : 0.0% (cumulative 0.0%)
failure rate                : 0.0% (cumulative 0.0%)
completed cycles / episode  : 0.000
synthetic task reward       : 0.000
shaping reward              : 0.000
learning reward             : 0.000
episode length              : 101.5
abstract changes / episode  : 12.4
same abstract-state steps   : 87.8%
same-state shaping / episode: 0.000
changed-state shaping / ep. : 0.000
terminal shaping / episode  : 0.000
DFA transitions / episode   : 0.27
DFA transitions in window   : 0->1: 27
epsilon (next episode)       : 0.75574
replay buffer                : 67458 samples [0: 84.9%, 1: 15.1%, 2: 0.0%]
DFA state visits in window   : 0: 8655, 1: 1595, 2: 0
DFA state visits cumulative  : 0: 57814, 1: 10344, 2: 0
DFA state entries in window  : 0: 100, 1: 27, 2: 0
DFA state entries cumulative : 0: 700, 1: 188, 2: 0
transitions cumulative       : 0->1: 188
accepted directly from s0    : 0
Gym endings cumulative       : terminated=700, truncated=0

[Episode 800/8000 | last 100]
success rate                : 0.0% (cumulative 0.0%)
failure rate                : 0.0% (cumulative 0.0%)
completed cycles / episode  : 0.000
synthetic task reward       : 0.000
shaping reward              : 0.000
learning reward             : 0.000
episode length              : 105.2
abstract changes / episode  : 12.5
same abstract-state steps   : 88.1%
same-state shaping / episode: 0.000
changed-state shaping / ep. : 0.000
terminal shaping / episode  : 0.000
DFA transitions / episode   : 0.45
DFA transitions in window   : 0->1: 45
epsilon (next episode)       : 0.72610
replay buffer                : 77976 samples [0: 83.5%, 1: 16.5%, 2: 0.0%]
DFA state visits in window   : 0: 7840, 1: 2778, 2: 0
DFA state visits cumulative  : 0: 65654, 1: 13122, 2: 0
DFA state entries in window  : 0: 100, 1: 45, 2: 0
DFA state entries cumulative : 0: 800, 1: 233, 2: 0
transitions cumulative       : 0->1: 233
accepted directly from s0    : 0
Gym endings cumulative       : terminated=800, truncated=0

[Episode 900/8000 | last 100]
success rate                : 0.0% (cumulative 0.0%)
failure rate                : 0.0% (cumulative 0.0%)
completed cycles / episode  : 0.000
synthetic task reward       : 0.000
shaping reward              : 0.000
learning reward             : 0.000
episode length              : 113.0
abstract changes / episode  : 11.8
same abstract-state steps   : 89.5%
same-state shaping / episode: 0.000
changed-state shaping / ep. : 0.000
terminal shaping / episode  : 0.000
DFA transitions / episode   : 0.28
DFA transitions in window   : 0->1: 28
epsilon (next episode)       : 0.69763
replay buffer                : 89277 samples [0: 83.6%, 1: 16.4%, 2: 0.0%]
DFA state visits in window   : 0: 9587, 1: 1814, 2: 0
DFA state visits cumulative  : 0: 75241, 1: 14936, 2: 0
DFA state entries in window  : 0: 100, 1: 28, 2: 0
DFA state entries cumulative : 0: 900, 1: 261, 2: 0
transitions cumulative       : 0->1: 261
accepted directly from s0    : 0
Gym endings cumulative       : terminated=900, truncated=0

[Episode 1000/8000 | last 100]
success rate                : 0.0% (cumulative 0.0%)
failure rate                : 0.0% (cumulative 0.0%)
completed cycles / episode  : 0.000
synthetic task reward       : 0.000
shaping reward              : 0.000
learning reward             : 0.000
episode length              : 111.8
abstract changes / episode  : 11.9
same abstract-state steps   : 89.4%
same-state shaping / episode: 0.000
changed-state shaping / ep. : 0.000
terminal shaping / episode  : 0.000
DFA transitions / episode   : 0.32
DFA transitions in window   : 0->1: 32
epsilon (next episode)       : 0.67027
replay buffer                : 100456 samples [0: 83.1%, 1: 16.9%, 2: 0.0%]
DFA state visits in window   : 0: 8994, 1: 2285, 2: 0
DFA state visits cumulative  : 0: 84235, 1: 17221, 2: 0
DFA state entries in window  : 0: 100, 1: 32, 2: 0
DFA state entries cumulative : 0: 1000, 1: 293, 2: 0
transitions cumulative       : 0->1: 293
accepted directly from s0    : 0
Gym endings cumulative       : terminated=1000, truncated=0

Starting autonomous greedy evaluation at episode 1000 (1000 fixed-seed episodes)...
[Greedy evaluation at episode 1000 | 1000 fixed-seed episodes]
success=0.0%, failure=0.0%, task reward=0.000, cycles=0.000, length=123.8
DFA transitions: 0->1: 115

[Episode 1100/8000 | last 100]
success rate                : 0.0% (cumulative 0.0%)
failure rate                : 0.0% (cumulative 0.0%)
completed cycles / episode  : 0.000
synthetic task reward       : 0.000
shaping reward              : 0.000
learning reward             : 0.000
episode length              : 116.7
abstract changes / episode  : 12.0
same abstract-state steps   : 89.7%
same-state shaping / episode: 0.000
changed-state shaping / ep. : 0.000
terminal shaping / episode  : 0.000
DFA transitions / episode   : 0.24
DFA transitions in window   : 0->1: 23, 1->2: 1
epsilon (next episode)       : 0.64398
replay buffer                : 112130 samples [0: 83.6%, 1: 16.4%, 2: 0.0%]
DFA state visits in window   : 0: 10261, 1: 1491, 2: 22
DFA state visits cumulative  : 0: 94496, 1: 18712, 2: 22
DFA state entries in window  : 0: 100, 1: 23, 2: 1
DFA state entries cumulative : 0: 1100, 1: 316, 2: 1
transitions cumulative       : 0->1: 316, 1->2: 1
accepted directly from s0    : 0
Gym endings cumulative       : terminated=1100, truncated=0

[Episode 1200/8000 | last 100]
success rate                : 0.0% (cumulative 0.0%)
failure rate                : 0.0% (cumulative 0.0%)
completed cycles / episode  : 0.000
synthetic task reward       : 0.000
shaping reward              : 0.000
learning reward             : 0.000
episode length              : 141.0
abstract changes / episode  : 12.8
same abstract-state steps   : 90.9%
same-state shaping / episode: 0.000
changed-state shaping / ep. : 0.000
terminal shaping / episode  : 0.000
DFA transitions / episode   : 0.19
DFA transitions in window   : 0->1: 19
epsilon (next episode)       : 0.61872
replay buffer                : 126227 samples [0: 84.4%, 1: 15.6%, 2: 0.0%]
DFA state visits in window   : 0: 12886, 1: 1311, 2: 0
DFA state visits cumulative  : 0: 107382, 1: 20023, 2: 22
DFA state entries in window  : 0: 100, 1: 19, 2: 0
DFA state entries cumulative : 0: 1200, 1: 335, 2: 1
transitions cumulative       : 0->1: 335, 1->2: 1
accepted directly from s0    : 0
Gym endings cumulative       : terminated=1200, truncated=0

[Episode 1300/8000 | last 100]
success rate                : 0.0% (cumulative 0.0%)
failure rate                : 0.0% (cumulative 0.0%)
completed cycles / episode  : 0.000
synthetic task reward       : 0.000
shaping reward              : 0.000
learning reward             : 0.000
episode length              : 124.0
abstract changes / episode  : 12.7
same abstract-state steps   : 89.8%
same-state shaping / episode: 0.000
changed-state shaping / ep. : 0.000
terminal shaping / episode  : 0.000
DFA transitions / episode   : 0.28
DFA transitions in window   : 0->1: 28
epsilon (next episode)       : 0.59446
replay buffer                : 138626 samples [0: 84.3%, 1: 15.7%, 2: 0.0%]
DFA state visits in window   : 0: 10443, 1: 2056, 2: 0
DFA state visits cumulative  : 0: 117825, 1: 22079, 2: 22
DFA state entries in window  : 0: 100, 1: 28, 2: 0
DFA state entries cumulative : 0: 1300, 1: 363, 2: 1
transitions cumulative       : 0->1: 363, 1->2: 1
accepted directly from s0    : 0
Gym endings cumulative       : terminated=1300, truncated=0

[Episode 1400/8000 | last 100]
success rate                : 0.0% (cumulative 0.0%)
failure rate                : 0.0% (cumulative 0.0%)
completed cycles / episode  : 0.000
synthetic task reward       : 0.000
shaping reward              : 0.000
learning reward             : 0.000
episode length              : 134.5
abstract changes / episode  : 12.8
same abstract-state steps   : 90.4%
same-state shaping / episode: 0.000
changed-state shaping / ep. : 0.000
terminal shaping / episode  : 0.000
DFA transitions / episode   : 0.33
DFA transitions in window   : 0->1: 33
epsilon (next episode)       : 0.57115
replay buffer                : 152073 samples [0: 84.1%, 1: 15.8%, 2: 0.0%]
DFA state visits in window   : 0: 11145, 1: 2402, 2: 0
DFA state visits cumulative  : 0: 128970, 1: 24481, 2: 22
DFA state entries in window  : 0: 100, 1: 33, 2: 0
DFA state entries cumulative : 0: 1400, 1: 396, 2: 1
transitions cumulative       : 0->1: 396, 1->2: 1
accepted directly from s0    : 0
Gym endings cumulative       : terminated=1400, truncated=0

[Episode 1500/8000 | last 100]
success rate                : 0.0% (cumulative 0.0%)
failure rate                : 0.0% (cumulative 0.0%)
completed cycles / episode  : 0.000
synthetic task reward       : 0.000
shaping reward              : 0.000
learning reward             : 0.000
episode length              : 130.9
abstract changes / episode  : 12.4
same abstract-state steps   : 90.5%
same-state shaping / episode: 0.000
changed-state shaping / ep. : 0.000
terminal shaping / episode  : 0.000
DFA transitions / episode   : 0.42
DFA transitions in window   : 0->1: 41, 1->2: 1
epsilon (next episode)       : 0.54875
replay buffer                : 165161 samples [0: 83.5%, 1: 16.4%, 2: 0.0%]
DFA state visits in window   : 0: 10080, 1: 3088, 2: 20
DFA state visits cumulative  : 0: 139050, 1: 27569, 2: 42
DFA state entries in window  : 0: 100, 1: 41, 2: 1
DFA state entries cumulative : 0: 1500, 1: 437, 2: 2
transitions cumulative       : 0->1: 437, 1->2: 2
accepted directly from s0    : 0
Gym endings cumulative       : terminated=1500, truncated=0

Starting autonomous greedy evaluation at episode 1500 (1000 fixed-seed episodes)...
[Greedy evaluation at episode 1500 | 1000 fixed-seed episodes]
success=0.0%, failure=0.0%, task reward=0.000, cycles=0.000, length=187.2
DFA transitions: 0->1: 451

[Episode 1600/8000 | last 100]
success rate                : 0.0% (cumulative 0.0%)
failure rate                : 0.0% (cumulative 0.0%)
completed cycles / episode  : 0.000
synthetic task reward       : 0.000
shaping reward              : 0.000
learning reward             : 0.000
episode length              : 123.5
abstract changes / episode  : 12.0
same abstract-state steps   : 90.3%
same-state shaping / episode: 0.000
changed-state shaping / ep. : 0.000
terminal shaping / episode  : 0.000
DFA transitions / episode   : 0.43
DFA transitions in window   : 0->1: 43
epsilon (next episode)       : 0.52722
replay buffer                : 177509 samples [0: 82.8%, 1: 17.2%, 2: 0.0%]
DFA state visits in window   : 0: 8970, 1: 3478, 2: 0
DFA state visits cumulative  : 0: 148020, 1: 31047, 2: 42
DFA state entries in window  : 0: 100, 1: 43, 2: 0
DFA state entries cumulative : 0: 1600, 1: 480, 2: 2
transitions cumulative       : 0->1: 480, 1->2: 2
accepted directly from s0    : 0
Gym endings cumulative       : terminated=1600, truncated=0

[Episode 1700/8000 | last 100]
success rate                : 0.0% (cumulative 0.0%)
failure rate                : 0.0% (cumulative 0.0%)
completed cycles / episode  : 0.000
synthetic task reward       : 0.000
shaping reward              : 0.000
learning reward             : 0.000
episode length              : 162.5
abstract changes / episode  : 14.2
same abstract-state steps   : 91.3%
same-state shaping / episode: 0.000
changed-state shaping / ep. : 0.000
terminal shaping / episode  : 0.000
DFA transitions / episode   : 0.52
DFA transitions in window   : 0->1: 49, 1->2: 3
epsilon (next episode)       : 0.50655
replay buffer                : 193760 samples [0: 80.5%, 1: 19.4%, 2: 0.1%]
DFA state visits in window   : 0: 9126, 1: 7025, 2: 200
DFA state visits cumulative  : 0: 157146, 1: 38072, 2: 242
DFA state entries in window  : 0: 100, 1: 49, 2: 3
DFA state entries cumulative : 0: 1700, 1: 529, 2: 5
transitions cumulative       : 0->1: 529, 1->2: 5
accepted directly from s0    : 0
Gym endings cumulative       : terminated=1700, truncated=0

[Episode 1800/8000 | last 100]
success rate                : 0.0% (cumulative 0.0%)
failure rate                : 0.0% (cumulative 0.0%)
completed cycles / episode  : 0.000
synthetic task reward       : 0.000
shaping reward              : 0.000
learning reward             : 0.000
episode length              : 164.8
abstract changes / episode  : 15.2
same abstract-state steps   : 90.7%
same-state shaping / episode: 0.000
changed-state shaping / ep. : 0.000
terminal shaping / episode  : 0.000
DFA transitions / episode   : 0.47
DFA transitions in window   : 0->1: 43, 1->2: 4
epsilon (next episode)       : 0.48668
replay buffer                : 210236 samples [0: 79.6%, 1: 20.1%, 2: 0.2%]
DFA state visits in window   : 0: 11498, 1: 4847, 2: 231
DFA state visits cumulative  : 0: 168644, 1: 42919, 2: 473
DFA state entries in window  : 0: 100, 1: 43, 2: 4
DFA state entries cumulative : 0: 1800, 1: 572, 2: 9
transitions cumulative       : 0->1: 572, 1->2: 9
accepted directly from s0    : 0
Gym endings cumulative       : terminated=1800, truncated=0

[Episode 1900/8000 | last 100]
success rate                : 1.0% (cumulative 0.1%)
failure rate                : 0.0% (cumulative 0.0%)
completed cycles / episode  : 0.010
synthetic task reward       : 100.000
shaping reward              : 0.000
learning reward             : 100.000
episode length              : 199.8
abstract changes / episode  : 15.9
same abstract-state steps   : 92.0%
same-state shaping / episode: 0.000
changed-state shaping / ep. : 0.000
terminal shaping / episode  : 0.000
DFA transitions / episode   : 0.55
DFA transitions in window   : 0->1: 50, 1->2: 4, 2->0: 1
epsilon (next episode)       : 0.46760
replay buffer                : 230213 samples [0: 78.0%, 1: 21.6%, 2: 0.4%]
DFA state visits in window   : 0: 12196, 1: 7501, 2: 380
DFA state visits cumulative  : 0: 180840, 1: 50420, 2: 853
DFA state entries in window  : 0: 101, 1: 50, 2: 4
DFA state entries cumulative : 0: 1901, 1: 622, 2: 13
transitions cumulative       : 0->1: 622, 1->2: 13, 2->0: 1
accepted directly from s0    : 0
Gym endings cumulative       : terminated=1900, truncated=0

[Episode 2000/8000 | last 100]
success rate                : 0.0% (cumulative 0.1%)
failure rate                : 0.0% (cumulative 0.0%)
completed cycles / episode  : 0.000
synthetic task reward       : 0.000
shaping reward              : 0.000
learning reward             : 0.000
episode length              : 239.0
abstract changes / episode  : 15.8
same abstract-state steps   : 93.4%
same-state shaping / episode: 0.000
changed-state shaping / ep. : 0.000
terminal shaping / episode  : 0.000
DFA transitions / episode   : 0.47
DFA transitions in window   : 0->1: 47
epsilon (next episode)       : 0.44926
replay buffer                : 254109 samples [0: 75.3%, 1: 24.4%, 2: 0.3%]
DFA state visits in window   : 0: 11879, 1: 12117, 2: 0
DFA state visits cumulative  : 0: 192719, 1: 62537, 2: 853
DFA state entries in window  : 0: 100, 1: 47, 2: 0
DFA state entries cumulative : 0: 2001, 1: 669, 2: 13
transitions cumulative       : 0->1: 669, 1->2: 13, 2->0: 1
accepted directly from s0    : 0
Gym endings cumulative       : terminated=1997, truncated=3

Starting autonomous greedy evaluation at episode 2000 (1000 fixed-seed episodes)...
[Greedy evaluation at episode 2000 | 1000 fixed-seed episodes]
success=8.4%, failure=0.0%, task reward=840.000, cycles=0.084, length=710.3
DFA transitions: 0->1: 633, 1->2: 427, 2->0: 84
Best policy updated from autonomous greedy evaluation at episode 2000.

[Episode 2100/8000 | last 100]
success rate                : 0.0% (cumulative 0.0%)
failure rate                : 0.0% (cumulative 0.0%)
completed cycles / episode  : 0.000
synthetic task reward       : 0.000
shaping reward              : 0.000
learning reward             : 0.000
episode length              : 235.7
abstract changes / episode  : 16.6
same abstract-state steps   : 92.9%
same-state shaping / episode: 0.000
changed-state shaping / ep. : 0.000
terminal shaping / episode  : 0.000
DFA transitions / episode   : 0.34
DFA transitions in window   : 0->1: 29, 1->2: 5
epsilon (next episode)       : 0.43164
replay buffer                : 277681 samples [0: 75.0%, 1: 24.5%, 2: 0.4%]
DFA state visits in window   : 0: 17067, 1: 6272, 2: 333
DFA state visits cumulative  : 0: 209786, 1: 68809, 2: 1186
DFA state entries in window  : 0: 100, 1: 29, 2: 5
DFA state entries cumulative : 0: 2101, 1: 698, 2: 18
transitions cumulative       : 0->1: 698, 1->2: 18, 2->0: 1
accepted directly from s0    : 0
Gym endings cumulative       : terminated=2096, truncated=4

[Episode 2200/8000 | last 100]
success rate                : 0.0% (cumulative 0.0%)
failure rate                : 0.0% (cumulative 0.0%)
completed cycles / episode  : 0.000
synthetic task reward       : 0.000
shaping reward              : 0.000
learning reward             : 0.000
episode length              : 495.2
abstract changes / episode  : 23.2
same abstract-state steps   : 95.3%
same-state shaping / episode: 0.000
changed-state shaping / ep. : 0.000
terminal shaping / episode  : 0.000
DFA transitions / episode   : 0.28
DFA transitions in window   : 0->1: 28
epsilon (next episode)       : 0.41471
replay buffer                : 300000 samples [0: 76.8%, 1: 22.9%, 2: 0.4%]
DFA state visits in window   : 0: 44619, 1: 5000, 2: 0
DFA state visits cumulative  : 0: 254405, 1: 73809, 2: 1186
DFA state entries in window  : 0: 100, 1: 28, 2: 0
DFA state entries cumulative : 0: 2201, 1: 726, 2: 18
transitions cumulative       : 0->1: 726, 1->2: 18, 2->0: 1
accepted directly from s0    : 0
Gym endings cumulative       : terminated=2194, truncated=6

[Episode 2300/8000 | last 100]
success rate                : 0.0% (cumulative 0.0%)
failure rate                : 0.0% (cumulative 0.0%)
completed cycles / episode  : 0.000
synthetic task reward       : 0.000
shaping reward              : 0.000
learning reward             : 0.000
episode length              : 545.5
abstract changes / episode  : 27.1
same abstract-state steps   : 95.0%
same-state shaping / episode: 0.000
changed-state shaping / ep. : 0.000
terminal shaping / episode  : 0.000
DFA transitions / episode   : 0.32
DFA transitions in window   : 0->1: 28, 1->2: 4
epsilon (next episode)       : 0.39845
replay buffer                : 300000 samples [0: 76.5%, 1: 23.0%, 2: 0.5%]
DFA state visits in window   : 0: 44890, 1: 9323, 2: 433
DFA state visits cumulative  : 0: 299295, 1: 83132, 2: 1619
DFA state entries in window  : 0: 100, 1: 28, 2: 4
DFA state entries cumulative : 0: 2301, 1: 754, 2: 22
transitions cumulative       : 0->1: 754, 1->2: 22, 2->0: 1
accepted directly from s0    : 0
Gym endings cumulative       : terminated=2285, truncated=15

[Episode 2400/8000 | last 100]
success rate                : 0.0% (cumulative 0.0%)
failure rate                : 0.0% (cumulative 0.0%)
completed cycles / episode  : 0.000
synthetic task reward       : 0.000
shaping reward              : 0.000
learning reward             : 0.000
episode length              : 429.2
abstract changes / episode  : 19.1
same abstract-state steps   : 95.5%
same-state shaping / episode: 0.000
changed-state shaping / ep. : 0.000
terminal shaping / episode  : 0.000
DFA transitions / episode   : 0.11
DFA transitions in window   : 0->1: 10, 1->2: 1
epsilon (next episode)       : 0.38282
replay buffer                : 300000 samples [0: 77.9%, 1: 21.5%, 2: 0.6%]
DFA state visits in window   : 0: 41379, 1: 1403, 2: 239
DFA state visits cumulative  : 0: 340674, 1: 84535, 2: 1858
DFA state entries in window  : 0: 100, 1: 10, 2: 1
DFA state entries cumulative : 0: 2401, 1: 764, 2: 23
transitions cumulative       : 0->1: 764, 1->2: 23, 2->0: 1
accepted directly from s0    : 0
Gym endings cumulative       : terminated=2385, truncated=15

[Episode 2500/8000 | last 100]
success rate                : 0.0% (cumulative 0.0%)
failure rate                : 0.0% (cumulative 0.0%)
completed cycles / episode  : 0.000
synthetic task reward       : 0.000
shaping reward              : 0.000
learning reward             : 0.000
episode length              : 404.8
abstract changes / episode  : 21.3
same abstract-state steps   : 94.7%
same-state shaping / episode: 0.000
changed-state shaping / ep. : 0.000
terminal shaping / episode  : 0.000
DFA transitions / episode   : 0.32
DFA transitions in window   : 0->1: 31, 1->2: 1
epsilon (next episode)       : 0.36781
replay buffer                : 300000 samples [0: 75.8%, 1: 23.4%, 2: 0.8%]
DFA state visits in window   : 0: 26521, 1: 13516, 2: 541
DFA state visits cumulative  : 0: 367195, 1: 98051, 2: 2399
DFA state entries in window  : 0: 100, 1: 31, 2: 1
DFA state entries cumulative : 0: 2501, 1: 795, 2: 24
transitions cumulative       : 0->1: 795, 1->2: 24, 2->0: 1
accepted directly from s0    : 0
Gym endings cumulative       : terminated=2478, truncated=22

Starting autonomous greedy evaluation at episode 2500 (1000 fixed-seed episodes)...
[Greedy evaluation at episode 2500 | 1000 fixed-seed episodes]
success=0.0%, failure=0.0%, task reward=0.000, cycles=0.000, length=1122.6
DFA transitions: 0->1: 544, 1->2: 324

[Episode 2600/8000 | last 100]
success rate                : 0.0% (cumulative 0.0%)
failure rate                : 0.0% (cumulative 0.0%)
completed cycles / episode  : 0.000
synthetic task reward       : 0.000
shaping reward              : 0.000
learning reward             : 0.000
episode length              : 412.8
abstract changes / episode  : 28.6
same abstract-state steps   : 93.1%
same-state shaping / episode: 0.000
changed-state shaping / ep. : 0.000
terminal shaping / episode  : 0.000
DFA transitions / episode   : 0.49
DFA transitions in window   : 0->1: 40, 1->2: 9
epsilon (next episode)       : 0.35338
replay buffer                : 300000 samples [0: 76.1%, 1: 21.8%, 2: 2.0%]
DFA state visits in window   : 0: 27923, 1: 9409, 2: 4052
DFA state visits cumulative  : 0: 395118, 1: 107460, 2: 6451
DFA state entries in window  : 0: 100, 1: 40, 2: 9
DFA state entries cumulative : 0: 2601, 1: 835, 2: 33
transitions cumulative       : 0->1: 835, 1->2: 33, 2->0: 1
accepted directly from s0    : 0
Gym endings cumulative       : terminated=2574, truncated=26

[Episode 2700/8000 | last 100]
success rate                : 1.0% (cumulative 0.1%)
failure rate                : 0.0% (cumulative 0.0%)
completed cycles / episode  : 0.010
synthetic task reward       : 100.000
shaping reward              : 0.000
learning reward             : 100.000
episode length              : 473.0
abstract changes / episode  : 28.1
same abstract-state steps   : 94.1%
same-state shaping / episode: 0.000
changed-state shaping / ep. : 0.000
terminal shaping / episode  : 0.000
DFA transitions / episode   : 0.67
DFA transitions in window   : 0->1: 51, 1->2: 15, 2->0: 1
epsilon (next episode)       : 0.33952
replay buffer                : 300000 samples [0: 75.7%, 1: 19.3%, 2: 4.9%]
DFA state visits in window   : 0: 25097, 1: 13044, 2: 9257
DFA state visits cumulative  : 0: 420215, 1: 120504, 2: 15708
DFA state entries in window  : 0: 101, 1: 51, 2: 15
DFA state entries cumulative : 0: 2702, 1: 886, 2: 48
transitions cumulative       : 0->1: 886, 1->2: 48, 2->0: 2
accepted directly from s0    : 0
Gym endings cumulative       : terminated=2666, truncated=34

[Episode 2800/8000 | last 100]
success rate                : 1.0% (cumulative 0.1%)
failure rate                : 0.0% (cumulative 0.0%)
completed cycles / episode  : 0.010
synthetic task reward       : 100.000
shaping reward              : 0.000
learning reward             : 100.000
episode length              : 458.3
abstract changes / episode  : 23.2
same abstract-state steps   : 94.9%
same-state shaping / episode: 0.000
changed-state shaping / ep. : 0.000
terminal shaping / episode  : 0.000
DFA transitions / episode   : 0.38
DFA transitions in window   : 0->1: 23, 1->2: 14, 2->0: 1
epsilon (next episode)       : 0.32621
replay buffer                : 300000 samples [0: 75.1%, 1: 18.9%, 2: 6.0%]
DFA state visits in window   : 0: 35914, 1: 6596, 2: 3420
DFA state visits cumulative  : 0: 456129, 1: 127100, 2: 19128
DFA state entries in window  : 0: 101, 1: 23, 2: 14
DFA state entries cumulative : 0: 2803, 1: 909, 2: 62
transitions cumulative       : 0->1: 909, 1->2: 62, 2->0: 3
accepted directly from s0    : 0
Gym endings cumulative       : terminated=2762, truncated=38

[Episode 2900/8000 | last 100]
success rate                : 4.0% (cumulative 0.2%)
failure rate                : 0.0% (cumulative 0.0%)
completed cycles / episode  : 0.040
synthetic task reward       : 400.000
shaping reward              : 0.000
learning reward             : 400.000
episode length              : 380.3
abstract changes / episode  : 24.2
same abstract-state steps   : 93.6%
same-state shaping / episode: 0.000
changed-state shaping / ep. : 0.000
terminal shaping / episode  : 0.000
DFA transitions / episode   : 0.58
DFA transitions in window   : 0->1: 43, 1->2: 11, 2->0: 4
epsilon (next episode)       : 0.31341
replay buffer                : 300000 samples [0: 72.7%, 1: 20.7%, 2: 6.6%]
DFA state visits in window   : 0: 24356, 1: 11925, 2: 1849
DFA state visits cumulative  : 0: 480485, 1: 139025, 2: 20977
DFA state entries in window  : 0: 104, 1: 43, 2: 11
DFA state entries cumulative : 0: 2907, 1: 952, 2: 73
transitions cumulative       : 0->1: 952, 1->2: 73, 2->0: 7
accepted directly from s0    : 0
Gym endings cumulative       : terminated=2861, truncated=39

[Episode 3000/8000 | last 100]
success rate                : 0.0% (cumulative 0.2%)
failure rate                : 0.0% (cumulative 0.0%)
completed cycles / episode  : 0.000
synthetic task reward       : 0.000
shaping reward              : 0.000
learning reward             : 0.000
episode length              : 394.9
abstract changes / episode  : 16.2
same abstract-state steps   : 95.9%
same-state shaping / episode: 0.000
changed-state shaping / ep. : 0.000
terminal shaping / episode  : 0.000
DFA transitions / episode   : 0.15
DFA transitions in window   : 0->1: 14, 1->2: 1
epsilon (next episode)       : 0.30112
replay buffer                : 300000 samples [0: 74.2%, 1: 19.4%, 2: 6.4%]
DFA state visits in window   : 0: 37109, 1: 2450, 2: 32
DFA state visits cumulative  : 0: 517594, 1: 141475, 2: 21009
DFA state entries in window  : 0: 100, 1: 14, 2: 1
DFA state entries cumulative : 0: 3007, 1: 966, 2: 74
transitions cumulative       : 0->1: 966, 1->2: 74, 2->0: 7
accepted directly from s0    : 0
Gym endings cumulative       : terminated=2961, truncated=39

Starting autonomous greedy evaluation at episode 3000 (1000 fixed-seed episodes)...
[Greedy evaluation at episode 3000 | 1000 fixed-seed episodes]
success=0.0%, failure=0.0%, task reward=0.000, cycles=0.000, length=404.6
DFA transitions: 0->1: 4

[Episode 3100/8000 | last 100]
success rate                : 0.0% (cumulative 0.2%)
failure rate                : 0.0% (cumulative 0.0%)
completed cycles / episode  : 0.000
synthetic task reward       : 0.000
shaping reward              : 0.000
learning reward             : 0.000
episode length              : 615.5
abstract changes / episode  : 19.6
same abstract-state steps   : 96.8%
same-state shaping / episode: 0.000
changed-state shaping / ep. : 0.000
terminal shaping / episode  : 0.000
DFA transitions / episode   : 0.22
DFA transitions in window   : 0->1: 19, 1->2: 3
epsilon (next episode)       : 0.28931
replay buffer                : 300000 samples [0: 73.5%, 1: 20.1%, 2: 6.3%]
DFA state visits in window   : 0: 52616, 1: 8592, 2: 440
DFA state visits cumulative  : 0: 570210, 1: 150067, 2: 21449
DFA state entries in window  : 0: 100, 1: 19, 2: 3
DFA state entries cumulative : 0: 3107, 1: 985, 2: 77
transitions cumulative       : 0->1: 985, 1->2: 77, 2->0: 7
accepted directly from s0    : 0
Gym endings cumulative       : terminated=3049, truncated=51

[Episode 3200/8000 | last 100]
success rate                : 1.0% (cumulative 0.2%)
failure rate                : 0.0% (cumulative 0.0%)
completed cycles / episode  : 0.010
synthetic task reward       : 100.000
shaping reward              : 0.000
learning reward             : 100.000
episode length              : 519.2
abstract changes / episode  : 21.7
same abstract-state steps   : 95.8%
same-state shaping / episode: 0.000
changed-state shaping / ep. : 0.000
terminal shaping / episode  : 0.000
DFA transitions / episode   : 0.25
DFA transitions in window   : 0->1: 19, 1->2: 5, 2->0: 1
epsilon (next episode)       : 0.27797
replay buffer                : 300000 samples [0: 77.9%, 1: 16.5%, 2: 5.6%]
DFA state visits in window   : 0: 46458, 1: 4821, 2: 742
DFA state visits cumulative  : 0: 616668, 1: 154888, 2: 22191
DFA state entries in window  : 0: 101, 1: 19, 2: 5
DFA state entries cumulative : 0: 3208, 1: 1004, 2: 82
transitions cumulative       : 0->1: 1004, 1->2: 82, 2->0: 8
accepted directly from s0    : 0
Gym endings cumulative       : terminated=3141, truncated=59

[Episode 3300/8000 | last 100]
success rate                : 0.0% (cumulative 0.2%)
failure rate                : 0.0% (cumulative 0.0%)
completed cycles / episode  : 0.000
synthetic task reward       : 0.000
shaping reward              : 0.000
learning reward             : 0.000
episode length              : 268.1
abstract changes / episode  : 20.7
same abstract-state steps   : 92.3%
same-state shaping / episode: 0.000
changed-state shaping / ep. : 0.000
terminal shaping / episode  : 0.000
DFA transitions / episode   : 0.39
DFA transitions in window   : 0->1: 33, 1->2: 6
epsilon (next episode)       : 0.26706
replay buffer                : 300000 samples [0: 77.5%, 1: 18.0%, 2: 4.5%]
DFA state visits in window   : 0: 15606, 1: 10581, 2: 727
DFA state visits cumulative  : 0: 632274, 1: 165469, 2: 22918
DFA state entries in window  : 0: 100, 1: 33, 2: 6
DFA state entries cumulative : 0: 3308, 1: 1037, 2: 88
transitions cumulative       : 0->1: 1037, 1->2: 88, 2->0: 8
accepted directly from s0    : 0
Gym endings cumulative       : terminated=3240, truncated=60

[Episode 3400/8000 | last 100]
success rate                : 1.0% (cumulative 0.3%)
failure rate                : 0.0% (cumulative 0.0%)
completed cycles / episode  : 0.010
synthetic task reward       : 100.000
shaping reward              : 0.000
learning reward             : 100.000
episode length              : 262.9
abstract changes / episode  : 19.8
same abstract-state steps   : 92.5%
same-state shaping / episode: 0.000
changed-state shaping / ep. : 0.000
terminal shaping / episode  : 0.000
DFA transitions / episode   : 0.54
DFA transitions in window   : 0->1: 43, 1->2: 10, 2->0: 1
epsilon (next episode)       : 0.25659
replay buffer                : 300000 samples [0: 78.5%, 1: 18.2%, 2: 3.3%]
DFA state visits in window   : 0: 16424, 1: 7373, 2: 2589
DFA state visits cumulative  : 0: 648698, 1: 172842, 2: 25507
DFA state entries in window  : 0: 101, 1: 43, 2: 10
DFA state entries cumulative : 0: 3409, 1: 1080, 2: 98
transitions cumulative       : 0->1: 1080, 1->2: 98, 2->0: 9
accepted directly from s0    : 0
Gym endings cumulative       : terminated=3340, truncated=60

[Episode 3500/8000 | last 100]
success rate                : 0.0% (cumulative 0.3%)
failure rate                : 0.0% (cumulative 0.0%)
completed cycles / episode  : 0.000
synthetic task reward       : 0.000
shaping reward              : 0.000
learning reward             : 0.000
episode length              : 411.3
abstract changes / episode  : 20.3
same abstract-state steps   : 95.1%
same-state shaping / episode: 0.000
changed-state shaping / ep. : 0.000
terminal shaping / episode  : 0.000
DFA transitions / episode   : 0.17
DFA transitions in window   : 0->1: 14, 1->2: 3
epsilon (next episode)       : 0.24653
replay buffer                : 300000 samples [0: 79.6%, 1: 17.3%, 2: 3.1%]
DFA state visits in window   : 0: 37243, 1: 2850, 2: 1134
DFA state visits cumulative  : 0: 685941, 1: 175692, 2: 26641
DFA state entries in window  : 0: 100, 1: 14, 2: 3
DFA state entries cumulative : 0: 3509, 1: 1094, 2: 101
transitions cumulative       : 0->1: 1094, 1->2: 101, 2->0: 9
accepted directly from s0    : 0
Gym endings cumulative       : terminated=3439, truncated=61

Starting autonomous greedy evaluation at episode 3500 (1000 fixed-seed episodes)...
[Greedy evaluation at episode 3500 | 1000 fixed-seed episodes]
success=0.0%, failure=0.0%, task reward=0.000, cycles=0.000, length=290.8
DFA transitions: 0->1: 58

[Episode 3600/8000 | last 100]
success rate                : 4.0% (cumulative 0.4%)
failure rate                : 0.0% (cumulative 0.0%)
completed cycles / episode  : 0.040
synthetic task reward       : 400.000
shaping reward              : 0.000
learning reward             : 400.000
episode length              : 360.5
abstract changes / episode  : 24.2
same abstract-state steps   : 93.3%
same-state shaping / episode: 0.000
changed-state shaping / ep. : 0.000
terminal shaping / episode  : 0.000
DFA transitions / episode   : 0.59
DFA transitions in window   : 0->1: 34, 1->2: 21, 2->0: 4
epsilon (next episode)       : 0.23686
replay buffer                : 300000 samples [0: 79.1%, 1: 17.3%, 2: 3.6%]
DFA state visits in window   : 0: 21738, 1: 9731, 2: 4685
DFA state visits cumulative  : 0: 707679, 1: 185423, 2: 31326
DFA state entries in window  : 0: 104, 1: 34, 2: 21
DFA state entries cumulative : 0: 3613, 1: 1128, 2: 122
transitions cumulative       : 0->1: 1128, 1->2: 122, 2->0: 13
accepted directly from s0    : 0
Gym endings cumulative       : terminated=3538, truncated=62

[Episode 3700/8000 | last 100]
success rate                : 5.0% (cumulative 0.5%)
failure rate                : 0.0% (cumulative 0.0%)
completed cycles / episode  : 0.050
synthetic task reward       : 500.000
shaping reward              : 0.000
learning reward             : 500.000
episode length              : 630.2
abstract changes / episode  : 36.7
same abstract-state steps   : 94.2%
same-state shaping / episode: 0.000
changed-state shaping / ep. : 0.000
terminal shaping / episode  : 0.000
DFA transitions / episode   : 0.78
DFA transitions in window   : 0->1: 45, 1->2: 28, 2->0: 5
epsilon (next episode)       : 0.22757
replay buffer                : 300000 samples [0: 73.9%, 1: 19.9%, 2: 6.1%]
DFA state visits in window   : 0: 37992, 1: 16969, 2: 8160
DFA state visits cumulative  : 0: 745671, 1: 202392, 2: 39486
DFA state entries in window  : 0: 105, 1: 45, 2: 28
DFA state entries cumulative : 0: 3718, 1: 1173, 2: 150
transitions cumulative       : 0->1: 1173, 1->2: 150, 2->0: 18
accepted directly from s0    : 0
Gym endings cumulative       : terminated=3626, truncated=74

[Episode 3800/8000 | last 100]
success rate                : 16.0% (cumulative 0.9%)
failure rate                : 0.0% (cumulative 0.0%)
completed cycles / episode  : 0.160
synthetic task reward       : 1600.000
shaping reward              : 0.000
learning reward             : 1600.000
episode length              : 664.7
abstract changes / episode  : 36.0
same abstract-state steps   : 94.6%
same-state shaping / episode: 0.000
changed-state shaping / ep. : 0.000
terminal shaping / episode  : 0.000
DFA transitions / episode   : 0.84
DFA transitions in window   : 0->1: 37, 1->2: 31, 2->0: 16
epsilon (next episode)       : 0.21865
replay buffer                : 300000 samples [0: 69.3%, 1: 21.3%, 2: 9.4%]
DFA state visits in window   : 0: 44248, 1: 11843, 2: 10483
DFA state visits cumulative  : 0: 789919, 1: 214235, 2: 49969
DFA state entries in window  : 0: 116, 1: 37, 2: 31
DFA state entries cumulative : 0: 3834, 1: 1210, 2: 181
transitions cumulative       : 0->1: 1210, 1->2: 181, 2->0: 34
accepted directly from s0    : 0
Gym endings cumulative       : terminated=3719, truncated=81

[Episode 3900/8000 | last 100]
success rate                : 13.0% (cumulative 1.2%)
failure rate                : 0.0% (cumulative 0.0%)
completed cycles / episode  : 0.130
synthetic task reward       : 1300.000
shaping reward              : 0.000
learning reward             : 1300.000
episode length              : 424.8
abstract changes / episode  : 27.1
same abstract-state steps   : 93.6%
same-state shaping / episode: 0.000
changed-state shaping / ep. : 0.000
terminal shaping / episode  : 0.000
DFA transitions / episode   : 0.80
DFA transitions in window   : 0->1: 39, 1->2: 28, 2->0: 13
epsilon (next episode)       : 0.21007
replay buffer                : 300000 samples [0: 65.6%, 1: 22.3%, 2: 12.0%]
DFA state visits in window   : 0: 26034, 1: 8170, 2: 8371
DFA state visits cumulative  : 0: 815953, 1: 222405, 2: 58340
DFA state entries in window  : 0: 113, 1: 39, 2: 28
DFA state entries cumulative : 0: 3947, 1: 1249, 2: 209
transitions cumulative       : 0->1: 1249, 1->2: 209, 2->0: 47
accepted directly from s0    : 0
Gym endings cumulative       : terminated=3817, truncated=83

[Episode 4000/8000 | last 100]
success rate                : 5.0% (cumulative 1.3%)
failure rate                : 0.0% (cumulative 0.0%)
completed cycles / episode  : 0.050
synthetic task reward       : 500.000
shaping reward              : 0.000
learning reward             : 500.000
episode length              : 317.2
abstract changes / episode  : 22.3
same abstract-state steps   : 93.0%
same-state shaping / episode: 0.000
changed-state shaping / ep. : 0.000
terminal shaping / episode  : 0.000
DFA transitions / episode   : 0.55
DFA transitions in window   : 0->1: 32, 1->2: 18, 2->0: 5
epsilon (next episode)       : 0.20183
replay buffer                : 300000 samples [0: 67.3%, 1: 19.7%, 2: 13.0%]
DFA state visits in window   : 0: 22606, 1: 5058, 2: 4154
DFA state visits cumulative  : 0: 838559, 1: 227463, 2: 62494
DFA state entries in window  : 0: 105, 1: 32, 2: 18
DFA state entries cumulative : 0: 4052, 1: 1281, 2: 227
transitions cumulative       : 0->1: 1281, 1->2: 227, 2->0: 52
accepted directly from s0    : 0
Gym endings cumulative       : terminated=3917, truncated=83

Starting autonomous greedy evaluation at episode 4000 (1000 fixed-seed episodes)...
[Greedy evaluation at episode 4000 | 1000 fixed-seed episodes]
success=33.2%, failure=0.0%, task reward=3320.000, cycles=0.332, length=310.4
DFA transitions: 0->1: 355, 1->2: 347, 2->0: 332
Best policy updated from autonomous greedy evaluation at episode 4000.

[Episode 4100/8000 | last 100]
success rate                : 18.0% (cumulative 1.7%)
failure rate                : 0.0% (cumulative 0.0%)
completed cycles / episode  : 0.190
synthetic task reward       : 1900.000
shaping reward              : 0.000
learning reward             : 1900.000
episode length              : 314.4
abstract changes / episode  : 22.3
same abstract-state steps   : 92.9%
same-state shaping / episode: 0.000
changed-state shaping / ep. : 0.000
terminal shaping / episode  : 0.000
DFA transitions / episode   : 0.76
DFA transitions in window   : 0->1: 34, 1->2: 23, 2->0: 19
epsilon (next episode)       : 0.19392
replay buffer                : 300000 samples [0: 67.4%, 1: 19.2%, 2: 13.4%]
DFA state visits in window   : 0: 21559, 1: 5614, 2: 4371
DFA state visits cumulative  : 0: 860118, 1: 233077, 2: 66865
DFA state entries in window  : 0: 119, 1: 34, 2: 23
DFA state entries cumulative : 0: 4171, 1: 1315, 2: 250
transitions cumulative       : 0->1: 1315, 1->2: 250, 2->0: 71
accepted directly from s0    : 0
Gym endings cumulative       : terminated=4017, truncated=83

[Episode 4200/8000 | last 100]
success rate                : 16.0% (cumulative 2.0%)
failure rate                : 0.0% (cumulative 0.0%)
completed cycles / episode  : 0.160
synthetic task reward       : 1600.000
shaping reward              : 0.000
learning reward             : 1600.000
episode length              : 262.5
abstract changes / episode  : 19.1
same abstract-state steps   : 92.7%
same-state shaping / episode: 0.000
changed-state shaping / ep. : 0.000
terminal shaping / episode  : 0.000
DFA transitions / episode   : 0.75
DFA transitions in window   : 0->1: 32, 1->2: 27, 2->0: 16
epsilon (next episode)       : 0.18631
replay buffer                : 300000 samples [0: 63.9%, 1: 20.5%, 2: 15.5%]
DFA state visits in window   : 0: 15614, 1: 4278, 2: 6456
DFA state visits cumulative  : 0: 875732, 1: 237355, 2: 73321
DFA state entries in window  : 0: 116, 1: 32, 2: 27
DFA state entries cumulative : 0: 4287, 1: 1347, 2: 277
transitions cumulative       : 0->1: 1347, 1->2: 277, 2->0: 87
accepted directly from s0    : 0
Gym endings cumulative       : terminated=4115, truncated=85

[Episode 4300/8000 | last 100]
success rate                : 25.0% (cumulative 2.6%)
failure rate                : 0.0% (cumulative 0.0%)
completed cycles / episode  : 0.250
synthetic task reward       : 2500.000
shaping reward              : 0.000
learning reward             : 2500.000
episode length              : 269.2
abstract changes / episode  : 20.9
same abstract-state steps   : 92.2%
same-state shaping / episode: 0.000
changed-state shaping / ep. : 0.000
terminal shaping / episode  : 0.000
DFA transitions / episode   : 0.94
DFA transitions in window   : 0->1: 38, 1->2: 31, 2->0: 25
epsilon (next episode)       : 0.17900
replay buffer                : 300000 samples [0: 61.8%, 1: 21.0%, 2: 17.2%]
DFA state visits in window   : 0: 12766, 1: 6545, 2: 7713
DFA state visits cumulative  : 0: 888498, 1: 243900, 2: 81034
DFA state entries in window  : 0: 125, 1: 38, 2: 31
DFA state entries cumulative : 0: 4412, 1: 1385, 2: 308
transitions cumulative       : 0->1: 1385, 1->2: 308, 2->0: 112
accepted directly from s0    : 0
Gym endings cumulative       : terminated=4214, truncated=86

[Episode 4400/8000 | last 100]
success rate                : 23.0% (cumulative 3.0%)
failure rate                : 0.0% (cumulative 0.0%)
completed cycles / episode  : 0.240
synthetic task reward       : 2400.000
shaping reward              : 0.000
learning reward             : 2400.000
episode length              : 318.5
abstract changes / episode  : 24.1
same abstract-state steps   : 92.4%
same-state shaping / episode: 0.000
changed-state shaping / ep. : 0.000
terminal shaping / episode  : 0.000
DFA transitions / episode   : 0.89
DFA transitions in window   : 0->1: 37, 1->2: 28, 2->0: 24
epsilon (next episode)       : 0.17198
replay buffer                : 300000 samples [0: 62.1%, 1: 20.9%, 2: 17.0%]
DFA state visits in window   : 0: 17477, 1: 10542, 2: 3932
DFA state visits cumulative  : 0: 905975, 1: 254442, 2: 84966
DFA state entries in window  : 0: 124, 1: 37, 2: 28
DFA state entries cumulative : 0: 4536, 1: 1422, 2: 336
transitions cumulative       : 0->1: 1422, 1->2: 336, 2->0: 136
accepted directly from s0    : 0
Gym endings cumulative       : terminated=4313, truncated=87

[Episode 4500/8000 | last 100]
success rate                : 34.0% (cumulative 3.7%)
failure rate                : 0.0% (cumulative 0.0%)
completed cycles / episode  : 0.360
synthetic task reward       : 3600.000
shaping reward              : 0.000
learning reward             : 3600.000
episode length              : 364.6
abstract changes / episode  : 28.4
same abstract-state steps   : 92.2%
same-state shaping / episode: 0.000
changed-state shaping / ep. : 0.000
terminal shaping / episode  : 0.000
DFA transitions / episode   : 1.19
DFA transitions in window   : 0->1: 45, 1->2: 38, 2->0: 36
epsilon (next episode)       : 0.16524
replay buffer                : 300000 samples [0: 61.9%, 1: 20.9%, 2: 17.2%]
DFA state visits in window   : 0: 21602, 1: 9418, 2: 5545
DFA state visits cumulative  : 0: 927577, 1: 263860, 2: 90511
DFA state entries in window  : 0: 136, 1: 45, 2: 38
DFA state entries cumulative : 0: 4672, 1: 1467, 2: 374
transitions cumulative       : 0->1: 1467, 1->2: 374, 2->0: 172
accepted directly from s0    : 0
Gym endings cumulative       : terminated=4413, truncated=87

Starting autonomous greedy evaluation at episode 4500 (1000 fixed-seed episodes)...
[Greedy evaluation at episode 4500 | 1000 fixed-seed episodes]
success=39.7%, failure=0.0%, task reward=3970.000, cycles=0.397, length=324.2
DFA transitions: 0->1: 429, 1->2: 403, 2->0: 397
Best policy updated from autonomous greedy evaluation at episode 4500.

[Episode 4600/8000 | last 100]
success rate                : 42.0% (cumulative 4.6%)
failure rate                : 0.0% (cumulative 0.0%)
completed cycles / episode  : 0.440
synthetic task reward       : 4400.000
shaping reward              : 0.000
learning reward             : 4400.000
episode length              : 413.9
abstract changes / episode  : 35.3
same abstract-state steps   : 91.5%
same-state shaping / episode: 0.000
changed-state shaping / ep. : 0.000
terminal shaping / episode  : 0.000
DFA transitions / episode   : 1.59
DFA transitions in window   : 0->1: 67, 1->2: 48, 2->0: 44
epsilon (next episode)       : 0.15876
replay buffer                : 300000 samples [0: 59.8%, 1: 22.4%, 2: 17.7%]
DFA state visits in window   : 0: 23849, 1: 10388, 2: 7255
DFA state visits cumulative  : 0: 951426, 1: 274248, 2: 97766
DFA state entries in window  : 0: 144, 1: 67, 2: 48
DFA state entries cumulative : 0: 4816, 1: 1534, 2: 422
transitions cumulative       : 0->1: 1534, 1->2: 422, 2->0: 216
accepted directly from s0    : 0
Gym endings cumulative       : terminated=4511, truncated=89

[Episode 4700/8000 | last 100]
success rate                : 32.0% (cumulative 5.1%)
failure rate                : 0.0% (cumulative 0.0%)
completed cycles / episode  : 0.350
synthetic task reward       : 3500.000
shaping reward              : 0.000
learning reward             : 3500.000
episode length              : 339.5
abstract changes / episode  : 32.1
same abstract-state steps   : 90.6%
same-state shaping / episode: 0.000
changed-state shaping / ep. : 0.000
terminal shaping / episode  : 0.000
DFA transitions / episode   : 1.36
DFA transitions in window   : 0->1: 62, 1->2: 39, 2->0: 35
epsilon (next episode)       : 0.15253
replay buffer                : 300000 samples [0: 60.5%, 1: 22.0%, 2: 17.4%]
DFA state visits in window   : 0: 21984, 1: 7043, 2: 5024
DFA state visits cumulative  : 0: 973410, 1: 281291, 2: 102790
DFA state entries in window  : 0: 135, 1: 62, 2: 39
DFA state entries cumulative : 0: 4951, 1: 1596, 2: 461
transitions cumulative       : 0->1: 1596, 1->2: 461, 2->0: 251
accepted directly from s0    : 0
Gym endings cumulative       : terminated=4611, truncated=89

[Episode 4800/8000 | last 100]
success rate                : 35.0% (cumulative 5.8%)
failure rate                : 0.0% (cumulative 0.0%)
completed cycles / episode  : 0.380
synthetic task reward       : 3800.000
shaping reward              : 0.000
learning reward             : 3800.000
episode length              : 335.6
abstract changes / episode  : 29.6
same abstract-state steps   : 91.2%
same-state shaping / episode: 0.000
changed-state shaping / ep. : 0.000
terminal shaping / episode  : 0.000
DFA transitions / episode   : 1.35
DFA transitions in window   : 0->1: 57, 1->2: 40, 2->0: 38
epsilon (next episode)       : 0.14655
replay buffer                : 300000 samples [0: 60.4%, 1: 23.0%, 2: 16.6%]
DFA state visits in window   : 0: 21096, 1: 7683, 2: 4885
DFA state visits cumulative  : 0: 994506, 1: 288974, 2: 107675
DFA state entries in window  : 0: 138, 1: 57, 2: 40
DFA state entries cumulative : 0: 5089, 1: 1653, 2: 501
transitions cumulative       : 0->1: 1653, 1->2: 501, 2->0: 289
accepted directly from s0    : 0
Gym endings cumulative       : terminated=4710, truncated=90

[Episode 4900/8000 | last 100]
success rate                : 45.0% (cumulative 6.6%)
failure rate                : 0.0% (cumulative 0.0%)
completed cycles / episode  : 0.610
synthetic task reward       : 6100.000
shaping reward              : 0.000
learning reward             : 6100.000
episode length              : 593.0
abstract changes / episode  : 37.9
same abstract-state steps   : 93.6%
same-state shaping / episode: 0.000
changed-state shaping / ep. : 0.000
terminal shaping / episode  : 0.000
DFA transitions / episode   : 2.06
DFA transitions in window   : 0->1: 78, 1->2: 67, 2->0: 61
epsilon (next episode)       : 0.14080
replay buffer                : 300000 samples [0: 60.4%, 1: 23.0%, 2: 16.6%]
DFA state visits in window   : 0: 39965, 1: 11544, 2: 7892
DFA state visits cumulative  : 0: 1034471, 1: 300518, 2: 115567
DFA state entries in window  : 0: 161, 1: 78, 2: 67
DFA state entries cumulative : 0: 5250, 1: 1731, 2: 568
transitions cumulative       : 0->1: 1731, 1->2: 568, 2->0: 350
accepted directly from s0    : 0
Gym endings cumulative       : terminated=4797, truncated=102

[Episode 5000/8000 | last 100]
success rate                : 22.0% (cumulative 6.9%)
failure rate                : 0.0% (cumulative 0.0%)
completed cycles / episode  : 0.260
synthetic task reward       : 2600.000
shaping reward              : 0.000
learning reward             : 2600.000
episode length              : 387.5
abstract changes / episode  : 23.7
same abstract-state steps   : 93.9%
same-state shaping / episode: 0.000
changed-state shaping / ep. : 0.000
terminal shaping / episode  : 0.000
DFA transitions / episode   : 0.97
DFA transitions in window   : 0->1: 42, 1->2: 29, 2->0: 26
epsilon (next episode)       : 0.13528
replay buffer                : 300000 samples [0: 62.3%, 1: 22.4%, 2: 15.3%]
DFA state visits in window   : 0: 29921, 1: 4736, 2: 4195
DFA state visits cumulative  : 0: 1064392, 1: 305254, 2: 119762
DFA state entries in window  : 0: 126, 1: 42, 2: 29
DFA state entries cumulative : 0: 5376, 1: 1773, 2: 597
transitions cumulative       : 0->1: 1773, 1->2: 597, 2->0: 376
accepted directly from s0    : 0
Gym endings cumulative       : terminated=4891, truncated=106

Starting autonomous greedy evaluation at episode 5000 (1000 fixed-seed episodes)...
[Greedy evaluation at episode 5000 | 1000 fixed-seed episodes]
success=20.4%, failure=0.0%, task reward=2080.000, cycles=0.208, length=269.1
DFA transitions: 0->1: 311, 1->2: 224, 2->0: 208

[Episode 5100/8000 | last 100]
success rate                : 18.0% (cumulative 7.1%)
failure rate                : 0.0% (cumulative 0.0%)
completed cycles / episode  : 0.180
synthetic task reward       : 1800.000
shaping reward              : 0.000
learning reward             : 1800.000
episode length              : 264.5
abstract changes / episode  : 20.1
same abstract-state steps   : 92.4%
same-state shaping / episode: 0.000
changed-state shaping / ep. : 0.000
terminal shaping / episode  : 0.000
DFA transitions / episode   : 0.71
DFA transitions in window   : 0->1: 33, 1->2: 20, 2->0: 18
epsilon (next episode)       : 0.12998
replay buffer                : 300000 samples [0: 64.2%, 1: 21.7%, 2: 14.1%]
DFA state visits in window   : 0: 18931, 1: 4166, 2: 3455
DFA state visits cumulative  : 0: 1083323, 1: 309420, 2: 123217
DFA state entries in window  : 0: 118, 1: 33, 2: 20
DFA state entries cumulative : 0: 5494, 1: 1806, 2: 617
transitions cumulative       : 0->1: 1806, 1->2: 617, 2->0: 394
accepted directly from s0    : 0
Gym endings cumulative       : terminated=4991, truncated=106

[Episode 5200/8000 | last 100]
success rate                : 24.0% (cumulative 7.4%)
failure rate                : 0.0% (cumulative 0.0%)
completed cycles / episode  : 0.320
synthetic task reward       : 3200.000
shaping reward              : 0.000
learning reward             : 3200.000
episode length              : 345.9
abstract changes / episode  : 22.6
same abstract-state steps   : 93.5%
same-state shaping / episode: 0.000
changed-state shaping / ep. : 0.000
terminal shaping / episode  : 0.000
DFA transitions / episode   : 1.10
DFA transitions in window   : 0->1: 42, 1->2: 36, 2->0: 32
epsilon (next episode)       : 0.12488
replay buffer                : 300000 samples [0: 66.2%, 1: 19.7%, 2: 14.1%]
DFA state visits in window   : 0: 24782, 1: 5356, 2: 4548
DFA state visits cumulative  : 0: 1108105, 1: 314776, 2: 127765
DFA state entries in window  : 0: 132, 1: 42, 2: 36
DFA state entries cumulative : 0: 5626, 1: 1848, 2: 653
transitions cumulative       : 0->1: 1848, 1->2: 653, 2->0: 426
accepted directly from s0    : 0
Gym endings cumulative       : terminated=5087, truncated=107

[Episode 5300/8000 | last 100]
success rate                : 34.0% (cumulative 7.9%)
failure rate                : 0.0% (cumulative 0.0%)
completed cycles / episode  : 0.440
synthetic task reward       : 4400.000
shaping reward              : 0.000
learning reward             : 4400.000
episode length              : 460.0
abstract changes / episode  : 32.7
same abstract-state steps   : 92.9%
same-state shaping / episode: 0.000
changed-state shaping / ep. : 0.000
terminal shaping / episode  : 0.000
DFA transitions / episode   : 1.60
DFA transitions in window   : 0->1: 68, 1->2: 48, 2->0: 44
epsilon (next episode)       : 0.11998
replay buffer                : 300000 samples [0: 66.8%, 1: 19.4%, 2: 13.7%]
DFA state visits in window   : 0: 29147, 1: 11358, 2: 5596
DFA state visits cumulative  : 0: 1137252, 1: 326134, 2: 133361
DFA state entries in window  : 0: 144, 1: 68, 2: 48
DFA state entries cumulative : 0: 5770, 1: 1916, 2: 701
transitions cumulative       : 0->1: 1916, 1->2: 701, 2->0: 470
accepted directly from s0    : 0
Gym endings cumulative       : terminated=5182, truncated=110

[Episode 5400/8000 | last 100]
success rate                : 49.0% (cumulative 8.7%)
failure rate                : 0.0% (cumulative 0.0%)
completed cycles / episode  : 0.510
synthetic task reward       : 5100.000
shaping reward              : 0.000
learning reward             : 5100.000
episode length              : 554.4
abstract changes / episode  : 36.9
same abstract-state steps   : 93.3%
same-state shaping / episode: 0.000
changed-state shaping / ep. : 0.000
terminal shaping / episode  : 0.000
DFA transitions / episode   : 1.81
DFA transitions in window   : 0->1: 69, 1->2: 61, 2->0: 51
epsilon (next episode)       : 0.11528
replay buffer                : 300000 samples [0: 67.9%, 1: 19.3%, 2: 12.8%]
DFA state visits in window   : 0: 36368, 1: 12017, 2: 7151
DFA state visits cumulative  : 0: 1173620, 1: 338151, 2: 140512
DFA state entries in window  : 0: 151, 1: 69, 2: 61
DFA state entries cumulative : 0: 5921, 1: 1985, 2: 762
transitions cumulative       : 0->1: 1985, 1->2: 762, 2->0: 521
accepted directly from s0    : 0
Gym endings cumulative       : terminated=5276, truncated=116

[Episode 5500/8000 | last 100]
success rate                : 50.0% (cumulative 9.4%)
failure rate                : 0.0% (cumulative 0.0%)
completed cycles / episode  : 0.540
synthetic task reward       : 5400.000
shaping reward              : 0.000
learning reward             : 5400.000
episode length              : 502.6
abstract changes / episode  : 36.4
same abstract-state steps   : 92.8%
same-state shaping / episode: 0.000
changed-state shaping / ep. : 0.000
terminal shaping / episode  : 0.000
DFA transitions / episode   : 1.83
DFA transitions in window   : 0->1: 68, 1->2: 61, 2->0: 54
epsilon (next episode)       : 0.11075
replay buffer                : 300000 samples [0: 67.1%, 1: 19.6%, 2: 13.4%]
DFA state visits in window   : 0: 28713, 1: 12226, 2: 9417
DFA state visits cumulative  : 0: 1202333, 1: 350377, 2: 149929
DFA state entries in window  : 0: 154, 1: 68, 2: 61
DFA state entries cumulative : 0: 6075, 1: 2053, 2: 823
transitions cumulative       : 0->1: 2053, 1->2: 823, 2->0: 575
accepted directly from s0    : 0
Gym endings cumulative       : terminated=5374, truncated=118

Starting autonomous greedy evaluation at episode 5500 (1000 fixed-seed episodes)...
[Greedy evaluation at episode 5500 | 1000 fixed-seed episodes]
success=2.9%, failure=0.0%, task reward=290.000, cycles=0.029, length=465.7
DFA transitions: 0->1: 707, 1->2: 513, 2->0: 29

[Episode 5600/8000 | last 100]
success rate                : 40.0% (cumulative 10.0%)
failure rate                : 0.0% (cumulative 0.0%)
completed cycles / episode  : 0.440
synthetic task reward       : 4400.000
shaping reward              : 0.000
learning reward             : 4400.000
episode length              : 445.5
abstract changes / episode  : 31.6
same abstract-state steps   : 92.9%
same-state shaping / episode: 0.000
changed-state shaping / ep. : 0.000
terminal shaping / episode  : 0.000
DFA transitions / episode   : 1.49
DFA transitions in window   : 0->1: 56, 1->2: 49, 2->0: 44
epsilon (next episode)       : 0.10641
replay buffer                : 300000 samples [0: 66.5%, 1: 19.6%, 2: 13.9%]
DFA state visits in window   : 0: 30091, 1: 8080, 2: 6475
DFA state visits cumulative  : 0: 1232424, 1: 358457, 2: 156404
DFA state entries in window  : 0: 144, 1: 56, 2: 49
DFA state entries cumulative : 0: 6219, 1: 2109, 2: 872
transitions cumulative       : 0->1: 2109, 1->2: 872, 2->0: 619
accepted directly from s0    : 0
Gym endings cumulative       : terminated=5470, truncated=121

[Episode 5700/8000 | last 100]
success rate                : 16.0% (cumulative 10.1%)
failure rate                : 0.0% (cumulative 0.0%)
completed cycles / episode  : 0.180
synthetic task reward       : 1800.000
shaping reward              : 0.000
learning reward             : 1800.000
episode length              : 271.0
abstract changes / episode  : 20.5
same abstract-state steps   : 92.4%
same-state shaping / episode: 0.000
changed-state shaping / ep. : 0.000
terminal shaping / episode  : 0.000
DFA transitions / episode   : 0.78
DFA transitions in window   : 0->1: 36, 1->2: 24, 2->0: 18
epsilon (next episode)       : 0.10224
replay buffer                : 300000 samples [0: 66.1%, 1: 20.1%, 2: 13.8%]
DFA state visits in window   : 0: 18521, 1: 5315, 2: 3368
DFA state visits cumulative  : 0: 1250945, 1: 363772, 2: 159772
DFA state entries in window  : 0: 118, 1: 36, 2: 24
DFA state entries cumulative : 0: 6337, 1: 2145, 2: 896
transitions cumulative       : 0->1: 2145, 1->2: 896, 2->0: 637
accepted directly from s0    : 0
Gym endings cumulative       : terminated=5570, truncated=121

[Episode 5800/8000 | last 100]
success rate                : 34.0% (cumulative 10.5%)
failure rate                : 0.0% (cumulative 0.0%)
completed cycles / episode  : 0.350
synthetic task reward       : 3500.000
shaping reward              : 0.000
learning reward             : 3500.000
episode length              : 347.0
abstract changes / episode  : 26.3
same abstract-state steps   : 92.4%
same-state shaping / episode: 0.000
changed-state shaping / ep. : 0.000
terminal shaping / episode  : 0.000
DFA transitions / episode   : 1.17
DFA transitions in window   : 0->1: 43, 1->2: 39, 2->0: 35
epsilon (next episode)       : 0.09823
replay buffer                : 300000 samples [0: 65.1%, 1: 20.5%, 2: 14.4%]
DFA state visits in window   : 0: 21899, 1: 6714, 2: 6191
DFA state visits cumulative  : 0: 1272844, 1: 370486, 2: 165963
DFA state entries in window  : 0: 135, 1: 43, 2: 39
DFA state entries cumulative : 0: 6472, 1: 2188, 2: 935
transitions cumulative       : 0->1: 2188, 1->2: 935, 2->0: 672
accepted directly from s0    : 0
Gym endings cumulative       : terminated=5669, truncated=122

[Episode 5900/8000 | last 100]
success rate                : 43.0% (cumulative 11.1%)
failure rate                : 0.0% (cumulative 0.0%)
completed cycles / episode  : 0.450
synthetic task reward       : 4500.000
shaping reward              : 0.000
learning reward             : 4500.000
episode length              : 389.6
abstract changes / episode  : 26.1
same abstract-state steps   : 93.3%
same-state shaping / episode: 0.000
changed-state shaping / ep. : 0.000
terminal shaping / episode  : 0.000
DFA transitions / episode   : 1.57
DFA transitions in window   : 0->1: 64, 1->2: 48, 2->0: 45
epsilon (next episode)       : 0.09438
replay buffer                : 300000 samples [0: 63.8%, 1: 21.5%, 2: 14.6%]
DFA state visits in window   : 0: 25543, 1: 8127, 2: 5391
DFA state visits cumulative  : 0: 1298387, 1: 378613, 2: 171354
DFA state entries in window  : 0: 145, 1: 64, 2: 48
DFA state entries cumulative : 0: 6617, 1: 2252, 2: 983
transitions cumulative       : 0->1: 2252, 1->2: 983, 2->0: 717
accepted directly from s0    : 0
Gym endings cumulative       : terminated=5762, truncated=129

[Episode 6000/8000 | last 100]
success rate                : 51.0% (cumulative 11.7%)
failure rate                : 0.0% (cumulative 0.0%)
completed cycles / episode  : 0.550
synthetic task reward       : 5500.000
shaping reward              : 0.000
learning reward             : 5500.000
episode length              : 602.0
abstract changes / episode  : 32.1
same abstract-state steps   : 94.7%
same-state shaping / episode: 0.000
changed-state shaping / ep. : 0.000
terminal shaping / episode  : 0.000
DFA transitions / episode   : 1.86
DFA transitions in window   : 0->1: 68, 1->2: 63, 2->0: 55
epsilon (next episode)       : 0.09067
replay buffer                : 300000 samples [0: 65.3%, 1: 19.8%, 2: 15.0%]
DFA state visits in window   : 0: 43978, 1: 8346, 2: 7981
DFA state visits cumulative  : 0: 1342365, 1: 386959, 2: 179335
DFA state entries in window  : 0: 155, 1: 68, 2: 63
DFA state entries cumulative : 0: 6772, 1: 2320, 2: 1046
transitions cumulative       : 0->1: 2320, 1->2: 1046, 2->0: 772
accepted directly from s0    : 0
Gym endings cumulative       : terminated=5850, truncated=141

Starting autonomous greedy evaluation at episode 6000 (1000 fixed-seed episodes)...
[Greedy evaluation at episode 6000 | 1000 fixed-seed episodes]
success=76.7%, failure=0.0%, task reward=7700.000, cycles=0.770, length=456.2
DFA transitions: 0->1: 778, 1->2: 773, 2->0: 770
Best policy updated from autonomous greedy evaluation at episode 6000.

[Episode 6100/8000 | last 100]
success rate                : 53.0% (cumulative 12.4%)
failure rate                : 0.0% (cumulative 0.0%)
completed cycles / episode  : 0.700
synthetic task reward       : 7000.000
shaping reward              : 0.000
learning reward             : 7000.000
episode length              : 463.4
abstract changes / episode  : 31.0
same abstract-state steps   : 93.3%
same-state shaping / episode: 0.000
changed-state shaping / ep. : 0.000
terminal shaping / episode  : 0.000
DFA transitions / episode   : 2.24
DFA transitions in window   : 0->1: 81, 1->2: 73, 2->0: 70
epsilon (next episode)       : 0.08712
replay buffer                : 300000 samples [0: 64.9%, 1: 19.2%, 2: 15.9%]
DFA state visits in window   : 0: 28080, 1: 9094, 2: 9266
DFA state visits cumulative  : 0: 1370445, 1: 396053, 2: 188601
DFA state entries in window  : 0: 170, 1: 81, 2: 73
DFA state entries cumulative : 0: 6942, 1: 2401, 2: 1119
transitions cumulative       : 0->1: 2401, 1->2: 1119, 2->0: 842
accepted directly from s0    : 0
Gym endings cumulative       : terminated=5942, truncated=147

[Episode 6200/8000 | last 100]
success rate                : 5.0% (cumulative 12.3%)
failure rate                : 0.0% (cumulative 0.0%)
completed cycles / episode  : 0.060
synthetic task reward       : 600.000
shaping reward              : 0.000
learning reward             : 600.000
episode length              : 236.5
abstract changes / episode  : 16.3
same abstract-state steps   : 93.1%
same-state shaping / episode: 0.000
changed-state shaping / ep. : 0.000
terminal shaping / episode  : 0.000
DFA transitions / episode   : 0.42
DFA transitions in window   : 0->1: 26, 1->2: 10, 2->0: 6
epsilon (next episode)       : 0.08370
replay buffer                : 300000 samples [0: 66.5%, 1: 19.0%, 2: 14.5%]
DFA state visits in window   : 0: 18861, 1: 3469, 2: 1424
DFA state visits cumulative  : 0: 1389306, 1: 399522, 2: 190025
DFA state entries in window  : 0: 106, 1: 26, 2: 10
DFA state entries cumulative : 0: 7048, 1: 2427, 2: 1129
transitions cumulative       : 0->1: 2427, 1->2: 1129, 2->0: 848
accepted directly from s0    : 0
Gym endings cumulative       : terminated=6042, truncated=147

[Episode 6300/8000 | last 100]
success rate                : 0.0% (cumulative 12.1%)
failure rate                : 0.0% (cumulative 0.0%)
completed cycles / episode  : 0.000
synthetic task reward       : 0.000
shaping reward              : 0.000
learning reward             : 0.000
episode length              : 246.7
abstract changes / episode  : 16.8
same abstract-state steps   : 93.2%
same-state shaping / episode: 0.000
changed-state shaping / ep. : 0.000
terminal shaping / episode  : 0.000
DFA transitions / episode   : 0.52
DFA transitions in window   : 0->1: 31, 1->2: 21
epsilon (next episode)       : 0.08042
replay buffer                : 300000 samples [0: 67.0%, 1: 18.8%, 2: 14.2%]
DFA state visits in window   : 0: 14888, 1: 7370, 2: 2513
DFA state visits cumulative  : 0: 1404194, 1: 406892, 2: 192538
DFA state entries in window  : 0: 100, 1: 31, 2: 21
DFA state entries cumulative : 0: 7148, 1: 2458, 2: 1150
transitions cumulative       : 0->1: 2458, 1->2: 1150, 2->0: 848
accepted directly from s0    : 0
Gym endings cumulative       : terminated=6142, truncated=147

[Episode 6400/8000 | last 100]
success rate                : 2.0% (cumulative 11.9%)
failure rate                : 0.0% (cumulative 0.0%)
completed cycles / episode  : 0.020
synthetic task reward       : 200.000
shaping reward              : 0.000
learning reward             : 200.000
episode length              : 229.5
abstract changes / episode  : 14.4
same abstract-state steps   : 93.7%
same-state shaping / episode: 0.000
changed-state shaping / ep. : 0.000
terminal shaping / episode  : 0.000
DFA transitions / episode   : 0.35
DFA transitions in window   : 0->1: 24, 1->2: 9, 2->0: 2
epsilon (next episode)       : 0.07727
replay buffer                : 300000 samples [0: 66.6%, 1: 18.4%, 2: 15.0%]
DFA state visits in window   : 0: 15181, 1: 2224, 2: 5643
DFA state visits cumulative  : 0: 1419375, 1: 409116, 2: 198181
DFA state entries in window  : 0: 102, 1: 24, 2: 9
DFA state entries cumulative : 0: 7250, 1: 2482, 2: 1159
transitions cumulative       : 0->1: 2482, 1->2: 1159, 2->0: 850
accepted directly from s0    : 0
Gym endings cumulative       : terminated=6238, truncated=151

[Episode 6500/8000 | last 100]
success rate                : 1.0% (cumulative 11.8%)
failure rate                : 0.0% (cumulative 0.0%)
completed cycles / episode  : 0.010
synthetic task reward       : 100.000
shaping reward              : 0.000
learning reward             : 100.000
episode length              : 418.6
abstract changes / episode  : 14.4
same abstract-state steps   : 96.6%
same-state shaping / episode: 0.000
changed-state shaping / ep. : 0.000
terminal shaping / episode  : 0.000
DFA transitions / episode   : 0.17
DFA transitions in window   : 0->1: 11, 1->2: 5, 2->0: 1
epsilon (next episode)       : 0.07423
replay buffer                : 300000 samples [0: 70.0%, 1: 15.9%, 2: 14.1%]
DFA state visits in window   : 0: 37638, 1: 1460, 2: 2867
DFA state visits cumulative  : 0: 1457013, 1: 410576, 2: 201048
DFA state entries in window  : 0: 101, 1: 11, 2: 5
DFA state entries cumulative : 0: 7351, 1: 2493, 2: 1164
transitions cumulative       : 0->1: 2493, 1->2: 1164, 2->0: 851
accepted directly from s0    : 0
Gym endings cumulative       : terminated=6323, truncated=166

Starting autonomous greedy evaluation at episode 6500 (1000 fixed-seed episodes)...
[Greedy evaluation at episode 6500 | 1000 fixed-seed episodes]
success=0.0%, failure=0.0%, task reward=0.000, cycles=0.000, length=279.7
DFA transitions: none

[Episode 6600/8000 | last 100]
success rate                : 1.0% (cumulative 11.6%)
failure rate                : 0.0% (cumulative 0.0%)
completed cycles / episode  : 0.010
synthetic task reward       : 100.000
shaping reward              : 0.000
learning reward             : 100.000
episode length              : 411.7
abstract changes / episode  : 19.7
same abstract-state steps   : 95.2%
same-state shaping / episode: 0.000
changed-state shaping / ep. : 0.000
terminal shaping / episode  : 0.000
DFA transitions / episode   : 0.15
DFA transitions in window   : 0->1: 13, 1->2: 1, 2->0: 1
epsilon (next episode)       : 0.07132
replay buffer                : 300000 samples [0: 73.1%, 1: 15.2%, 2: 11.7%]
DFA state visits in window   : 0: 35619, 1: 5535, 2: 118
DFA state visits cumulative  : 0: 1492632, 1: 416111, 2: 201166
DFA state entries in window  : 0: 101, 1: 13, 2: 1
DFA state entries cumulative : 0: 7452, 1: 2506, 2: 1165
transitions cumulative       : 0->1: 2506, 1->2: 1165, 2->0: 852
accepted directly from s0    : 0
Gym endings cumulative       : terminated=6418, truncated=171

[Episode 6700/8000 | last 100]
success rate                : 0.0% (cumulative 11.4%)
failure rate                : 0.0% (cumulative 0.0%)
completed cycles / episode  : 0.000
synthetic task reward       : 0.000
shaping reward              : 0.000
learning reward             : 0.000
episode length              : 482.0
abstract changes / episode  : 16.7
same abstract-state steps   : 96.5%
same-state shaping / episode: 0.000
changed-state shaping / ep. : 0.000
terminal shaping / episode  : 0.000
DFA transitions / episode   : 0.28
DFA transitions in window   : 0->1: 24, 1->2: 4
epsilon (next episode)       : 0.06853
replay buffer                : 300000 samples [0: 78.4%, 1: 12.3%, 2: 9.4%]
DFA state visits in window   : 0: 46407, 1: 1791, 2: 98
DFA state visits cumulative  : 0: 1539039, 1: 417902, 2: 201264
DFA state entries in window  : 0: 100, 1: 24, 2: 4
DFA state entries cumulative : 0: 7552, 1: 2530, 2: 1169
transitions cumulative       : 0->1: 2530, 1->2: 1169, 2->0: 852
accepted directly from s0    : 0
Gym endings cumulative       : terminated=6496, truncated=193

[Episode 6800/8000 | last 100]
success rate                : 0.0% (cumulative 11.2%)
failure rate                : 0.0% (cumulative 0.0%)
completed cycles / episode  : 0.000
synthetic task reward       : 0.000
shaping reward              : 0.000
learning reward             : 0.000
episode length              : 573.9
abstract changes / episode  : 15.3
same abstract-state steps   : 97.3%
same-state shaping / episode: 0.000
changed-state shaping / ep. : 0.000
terminal shaping / episode  : 0.000
DFA transitions / episode   : 0.10
DFA transitions in window   : 0->1: 7, 1->2: 3
epsilon (next episode)       : 0.06584
replay buffer                : 300000 samples [0: 82.8%, 1: 10.1%, 2: 7.0%]
DFA state visits in window   : 0: 56513, 1: 670, 2: 310
DFA state visits cumulative  : 0: 1595552, 1: 418572, 2: 201574
DFA state entries in window  : 0: 100, 1: 7, 2: 3
DFA state entries cumulative : 0: 7652, 1: 2537, 2: 1172
transitions cumulative       : 0->1: 2537, 1->2: 1172, 2->0: 852
accepted directly from s0    : 0
Gym endings cumulative       : terminated=6579, truncated=210

[Episode 6900/8000 | last 100]
success rate                : 0.0% (cumulative 11.1%)
failure rate                : 0.0% (cumulative 0.0%)
completed cycles / episode  : 0.000
synthetic task reward       : 0.000
shaping reward              : 0.000
learning reward             : 0.000
episode length              : 524.0
abstract changes / episode  : 27.6
same abstract-state steps   : 94.7%
same-state shaping / episode: 0.000
changed-state shaping / ep. : 0.000
terminal shaping / episode  : 0.000
DFA transitions / episode   : 0.59
DFA transitions in window   : 0->1: 51, 1->2: 8
epsilon (next episode)       : 0.06326
replay buffer                : 300000 samples [0: 82.9%, 1: 12.8%, 2: 4.2%]
DFA state visits in window   : 0: 33956, 1: 17382, 2: 1164
DFA state visits cumulative  : 0: 1629508, 1: 435954, 2: 202738
DFA state entries in window  : 0: 100, 1: 51, 2: 8
DFA state entries cumulative : 0: 7752, 1: 2588, 2: 1180
transitions cumulative       : 0->1: 2588, 1->2: 1180, 2->0: 852
accepted directly from s0    : 0
Gym endings cumulative       : terminated=6673, truncated=216

[Episode 7000/8000 | last 100]
success rate                : 0.0% (cumulative 10.9%)
failure rate                : 0.0% (cumulative 0.0%)
completed cycles / episode  : 0.000
synthetic task reward       : 0.000
shaping reward              : 0.000
learning reward             : 0.000
episode length              : 508.2
abstract changes / episode  : 14.6
same abstract-state steps   : 97.1%
same-state shaping / episode: 0.000
changed-state shaping / ep. : 0.000
terminal shaping / episode  : 0.000
DFA transitions / episode   : 0.15
DFA transitions in window   : 0->1: 15
epsilon (next episode)       : 0.06078
replay buffer                : 300000 samples [0: 87.6%, 1: 10.2%, 2: 2.3%]
DFA state visits in window   : 0: 48386, 1: 2534, 2: 0
DFA state visits cumulative  : 0: 1677894, 1: 438488, 2: 202738
DFA state entries in window  : 0: 100, 1: 15, 2: 0
DFA state entries cumulative : 0: 7852, 1: 2603, 2: 1180
transitions cumulative       : 0->1: 2603, 1->2: 1180, 2->0: 852
accepted directly from s0    : 0
Gym endings cumulative       : terminated=6758, truncated=231

Starting autonomous greedy evaluation at episode 7000 (1000 fixed-seed episodes)...
[Greedy evaluation at episode 7000 | 1000 fixed-seed episodes]
success=0.0%, failure=0.0%, task reward=0.000, cycles=0.000, length=136.6
DFA transitions: 0->1: 31

[Episode 7100/8000 | last 100]
success rate                : 0.0% (cumulative 10.8%)
failure rate                : 0.0% (cumulative 0.0%)
completed cycles / episode  : 0.000
synthetic task reward       : 0.000
shaping reward              : 0.000
learning reward             : 0.000
episode length              : 92.7
abstract changes / episode  : 10.7
same abstract-state steps   : 88.5%
same-state shaping / episode: 0.000
changed-state shaping / ep. : 0.000
terminal shaping / episode  : 0.000
DFA transitions / episode   : 0.28
DFA transitions in window   : 0->1: 28
epsilon (next episode)       : 0.05839
replay buffer                : 300000 samples [0: 88.5%, 1: 10.0%, 2: 1.5%]
DFA state visits in window   : 0: 8208, 1: 1164, 2: 0
DFA state visits cumulative  : 0: 1686102, 1: 439652, 2: 202738
DFA state entries in window  : 0: 100, 1: 28, 2: 0
DFA state entries cumulative : 0: 7952, 1: 2631, 2: 1180
transitions cumulative       : 0->1: 2631, 1->2: 1180, 2->0: 852
accepted directly from s0    : 0
Gym endings cumulative       : terminated=6858, truncated=231

[Episode 7200/8000 | last 100]
success rate                : 0.0% (cumulative 10.6%)
failure rate                : 0.0% (cumulative 0.0%)
completed cycles / episode  : 0.000
synthetic task reward       : 0.000
shaping reward              : 0.000
learning reward             : 0.000
episode length              : 101.9
abstract changes / episode  : 13.3
same abstract-state steps   : 86.9%
same-state shaping / episode: 0.000
changed-state shaping / ep. : 0.000
terminal shaping / episode  : 0.000
DFA transitions / episode   : 0.43
DFA transitions in window   : 0->1: 43
epsilon (next episode)       : 0.05610
replay buffer                : 300000 samples [0: 88.4%, 1: 11.1%, 2: 0.6%]
DFA state visits in window   : 0: 6105, 1: 4183, 2: 0
DFA state visits cumulative  : 0: 1692207, 1: 443835, 2: 202738
DFA state entries in window  : 0: 100, 1: 43, 2: 0
DFA state entries cumulative : 0: 8052, 1: 2674, 2: 1180
transitions cumulative       : 0->1: 2674, 1->2: 1180, 2->0: 852
accepted directly from s0    : 0
Gym endings cumulative       : terminated=6957, truncated=232

[Episode 7300/8000 | last 100]
success rate                : 0.0% (cumulative 10.5%)
failure rate                : 0.0% (cumulative 0.0%)
completed cycles / episode  : 0.000
synthetic task reward       : 0.000
shaping reward              : 0.000
learning reward             : 0.000
episode length              : 176.1
abstract changes / episode  : 10.7
same abstract-state steps   : 93.9%
same-state shaping / episode: 0.000
changed-state shaping / ep. : 0.000
terminal shaping / episode  : 0.000
DFA transitions / episode   : 0.13
DFA transitions in window   : 0->1: 13
epsilon (next episode)       : 0.05390
replay buffer                : 300000 samples [0: 88.1%, 1: 11.4%, 2: 0.6%]
DFA state visits in window   : 0: 16727, 1: 984, 2: 0
DFA state visits cumulative  : 0: 1708934, 1: 444819, 2: 202738
DFA state entries in window  : 0: 100, 1: 13, 2: 0
DFA state entries cumulative : 0: 8152, 1: 2687, 2: 1180
transitions cumulative       : 0->1: 2687, 1->2: 1180, 2->0: 852
accepted directly from s0    : 0
Gym endings cumulative       : terminated=7057, truncated=232

[Episode 7400/8000 | last 100]
success rate                : 0.0% (cumulative 10.3%)
failure rate                : 0.0% (cumulative 0.0%)
completed cycles / episode  : 0.000
synthetic task reward       : 0.000
shaping reward              : 0.000
learning reward             : 0.000
episode length              : 437.3
abstract changes / episode  : 15.5
same abstract-state steps   : 96.5%
same-state shaping / episode: 0.000
changed-state shaping / ep. : 0.000
terminal shaping / episode  : 0.000
DFA transitions / episode   : 0.09
DFA transitions in window   : 0->1: 6, 1->2: 3
epsilon (next episode)       : 0.05179
replay buffer                : 300000 samples [0: 87.8%, 1: 11.2%, 2: 1.0%]
DFA state visits in window   : 0: 42107, 1: 360, 2: 1363
DFA state visits cumulative  : 0: 1751041, 1: 445179, 2: 204101
DFA state entries in window  : 0: 100, 1: 6, 2: 3
DFA state entries cumulative : 0: 8252, 1: 2693, 2: 1183
transitions cumulative       : 0->1: 2693, 1->2: 1183, 2->0: 852
accepted directly from s0    : 0
Gym endings cumulative       : terminated=7152, truncated=237

[Episode 7500/8000 | last 100]
success rate                : 0.0% (cumulative 10.2%)
failure rate                : 0.0% (cumulative 0.0%)
completed cycles / episode  : 0.000
synthetic task reward       : 0.000
shaping reward              : 0.000
learning reward             : 0.000
episode length              : 298.7
abstract changes / episode  : 18.3
same abstract-state steps   : 93.9%
same-state shaping / episode: 0.000
changed-state shaping / ep. : 0.000
terminal shaping / episode  : 0.000
DFA transitions / episode   : 0.19
DFA transitions in window   : 0->1: 16, 1->2: 3
epsilon (next episode)       : 0.04976
replay buffer                : 300000 samples [0: 88.7%, 1: 10.2%, 2: 1.1%]
DFA state visits in window   : 0: 26609, 1: 2969, 2: 392
DFA state visits cumulative  : 0: 1777650, 1: 448148, 2: 204493
DFA state entries in window  : 0: 100, 1: 16, 2: 3
DFA state entries cumulative : 0: 8352, 1: 2709, 2: 1186
transitions cumulative       : 0->1: 2709, 1->2: 1186, 2->0: 852
accepted directly from s0    : 0
Gym endings cumulative       : terminated=7251, truncated=238

Starting autonomous greedy evaluation at episode 7500 (1000 fixed-seed episodes)...
[Greedy evaluation at episode 7500 | 1000 fixed-seed episodes]
success=0.0%, failure=0.0%, task reward=0.000, cycles=0.000, length=396.8
DFA transitions: 0->1: 99

[Episode 7600/8000 | last 100]
success rate                : 1.0% (cumulative 10.1%)
failure rate                : 0.0% (cumulative 0.0%)
completed cycles / episode  : 0.010
synthetic task reward       : 100.000
shaping reward              : 0.000
learning reward             : 100.000
episode length              : 243.5
abstract changes / episode  : 17.5
same abstract-state steps   : 92.8%
same-state shaping / episode: 0.000
changed-state shaping / ep. : 0.000
terminal shaping / episode  : 0.000
DFA transitions / episode   : 0.52
DFA transitions in window   : 0->1: 37, 1->2: 14, 2->0: 1
epsilon (next episode)       : 0.04781
replay buffer                : 300000 samples [0: 86.2%, 1: 11.5%, 2: 2.3%]
DFA state visits in window   : 0: 16304, 1: 4396, 2: 3751
DFA state visits cumulative  : 0: 1793954, 1: 452544, 2: 208244
DFA state entries in window  : 0: 101, 1: 37, 2: 14
DFA state entries cumulative : 0: 8453, 1: 2746, 2: 1200
transitions cumulative       : 0->1: 2746, 1->2: 1200, 2->0: 853
accepted directly from s0    : 0
Gym endings cumulative       : terminated=7351, truncated=238

[Episode 7700/8000 | last 100]
success rate                : 0.0% (cumulative 9.9%)
failure rate                : 0.0% (cumulative 0.0%)
completed cycles / episode  : 0.000
synthetic task reward       : 0.000
shaping reward              : 0.000
learning reward             : 0.000
episode length              : 168.1
abstract changes / episode  : 9.4
same abstract-state steps   : 94.4%
same-state shaping / episode: 0.000
changed-state shaping / ep. : 0.000
terminal shaping / episode  : 0.000
DFA transitions / episode   : 0.06
DFA transitions in window   : 0->1: 6
epsilon (next episode)       : 0.04593
replay buffer                : 300000 samples [0: 86.1%, 1: 11.6%, 2: 2.3%]
DFA state visits in window   : 0: 16700, 1: 214, 2: 0
DFA state visits cumulative  : 0: 1810654, 1: 452758, 2: 208244
DFA state entries in window  : 0: 100, 1: 6, 2: 0
DFA state entries cumulative : 0: 8553, 1: 2752, 2: 1200
transitions cumulative       : 0->1: 2752, 1->2: 1200, 2->0: 853
accepted directly from s0    : 0
Gym endings cumulative       : terminated=7451, truncated=238

[Episode 7800/8000 | last 100]
success rate                : 0.0% (cumulative 9.8%)
failure rate                : 0.0% (cumulative 0.0%)
completed cycles / episode  : 0.000
synthetic task reward       : 0.000
shaping reward              : 0.000
learning reward             : 0.000
episode length              : 277.8
abstract changes / episode  : 10.9
same abstract-state steps   : 96.1%
same-state shaping / episode: 0.000
changed-state shaping / ep. : 0.000
terminal shaping / episode  : 0.000
DFA transitions / episode   : 0.02
DFA transitions in window   : 0->1: 2
epsilon (next episode)       : 0.04413
replay buffer                : 300000 samples [0: 86.1%, 1: 11.6%, 2: 2.3%]
DFA state visits in window   : 0: 27791, 1: 84, 2: 0
DFA state visits cumulative  : 0: 1838445, 1: 452842, 2: 208244
DFA state entries in window  : 0: 100, 1: 2, 2: 0
DFA state entries cumulative : 0: 8653, 1: 2754, 2: 1200
transitions cumulative       : 0->1: 2754, 1->2: 1200, 2->0: 853
accepted directly from s0    : 0
Gym endings cumulative       : terminated=7549, truncated=240

[Episode 7900/8000 | last 100]
success rate                : 0.0% (cumulative 9.7%)
failure rate                : 0.0% (cumulative 0.0%)
completed cycles / episode  : 0.000
synthetic task reward       : 0.000
shaping reward              : 0.000
learning reward             : 0.000
episode length              : 281.3
abstract changes / episode  : 11.3
same abstract-state steps   : 96.0%
same-state shaping / episode: 0.000
changed-state shaping / ep. : 0.000
terminal shaping / episode  : 0.000
DFA transitions / episode   : 0.06
DFA transitions in window   : 0->1: 6
epsilon (next episode)       : 0.04240
replay buffer                : 300000 samples [0: 86.7%, 1: 11.2%, 2: 2.1%]
DFA state visits in window   : 0: 27670, 1: 564, 2: 0
DFA state visits cumulative  : 0: 1866115, 1: 453406, 2: 208244
DFA state entries in window  : 0: 100, 1: 6, 2: 0
DFA state entries cumulative : 0: 8753, 1: 2760, 2: 1200
transitions cumulative       : 0->1: 2760, 1->2: 1200, 2->0: 853
accepted directly from s0    : 0
Gym endings cumulative       : terminated=7649, truncated=240

[Episode 8000/8000 | last 100]
success rate                : 0.0% (cumulative 9.6%)
failure rate                : 0.0% (cumulative 0.0%)
completed cycles / episode  : 0.000
synthetic task reward       : 0.000
shaping reward              : 0.000
learning reward             : 0.000
episode length              : 278.6
abstract changes / episode  : 16.8
same abstract-state steps   : 94.0%
same-state shaping / episode: 0.000
changed-state shaping / ep. : 0.000
terminal shaping / episode  : 0.000
DFA transitions / episode   : 0.25
DFA transitions in window   : 0->1: 25
epsilon (next episode)       : 0.04074
replay buffer                : 300000 samples [0: 89.7%, 1: 8.4%, 2: 2.0%]
DFA state visits in window   : 0: 23919, 1: 4036, 2: 0
DFA state visits cumulative  : 0: 1890034, 1: 457442, 2: 208244
DFA state entries in window  : 0: 100, 1: 25, 2: 0
DFA state entries cumulative : 0: 8853, 1: 2785, 2: 1200
transitions cumulative       : 0->1: 2785, 1->2: 1200, 2->0: 853
accepted directly from s0    : 0
Gym endings cumulative       : terminated=7748, truncated=241

Starting autonomous greedy evaluation at episode 8000 (1000 fixed-seed episodes)...
[Greedy evaluation at episode 8000 | 1000 fixed-seed episodes]
success=0.0%, failure=0.0%, task reward=0.000, cycles=0.000, length=556.9
DFA transitions: 0->1: 227
Last policy saved after episode 8000. Best greedy evaluation: episode 6000, mean task reward=7700.000
