
=== NEW RUN ===
episodes=8000, shaping=True, goal_reward=10000.0, gamma=0.99
gamma_shaping=1.0, shaping_formula=gamma_shaping*Phi(next)-Phi(state)
ground_unbiased_learner=False
ground_max_episode_steps=1500
eval_interval=500, eval_episodes=1000, eval_seed=100000
inter_level_shaping=False, inter_level_formula=gamma*Phi(next)-Phi(state)
task_type=cyclic_waypoints, task=cycle(g1, g2)
regions={g1: {'center': [-0.75, 1.0625], 'radius': 0.1}, g2: {'center': [0.75, 1.0625], 'radius': 0.1}}
dfa_states=[0, 1], pre_trace=0, accepting=[], failure=[]

[Episode 1/8000 | last 1]
success rate                : 0.0% (cumulative 0.0%)
failure rate                : 0.0% (cumulative 0.0%)
completed cycles / episode  : 0.000
synthetic task reward       : 0.000
shaping reward              : -2715.057
learning reward             : -2715.057
episode length              : 123.0
abstract changes / episode  : 14.0
same abstract-state steps   : 88.6%
same-state shaping / episode: 0.000
changed-state shaping / ep. : -2715.057
terminal shaping / episode  : 0.000
DFA transitions / episode   : 0.00
DFA transitions in window   : none
epsilon (next episode)       : 0.99960
replay buffer                : 123 samples [0: 100.0%, 1: 0.0%]
DFA state visits in window   : 0: 124, 1: 0
DFA state visits cumulative  : 0: 124, 1: 0
DFA state entries in window  : 0: 1, 1: 0
DFA state entries cumulative : 0: 1, 1: 0
transitions cumulative       : none
accepted directly from s0    : 0
Gym endings cumulative       : terminated=1, truncated=0

[Episode 100/8000 | last 100]
success rate                : 0.0% (cumulative 0.0%)
failure rate                : 0.0% (cumulative 0.0%)
completed cycles / episode  : 0.000
synthetic task reward       : 0.000
shaping reward              : -2877.757
learning reward             : -2877.757
episode length              : 95.5
abstract changes / episode  : 12.9
same abstract-state steps   : 86.5%
same-state shaping / episode: 0.000
changed-state shaping / ep. : -2877.757
terminal shaping / episode  : 0.136
DFA transitions / episode   : 0.03
DFA transitions in window   : 0->1: 3
epsilon (next episode)       : 0.96078
replay buffer                : 9551 samples [0: 98.9%, 1: 1.1%]
DFA state visits in window   : 0: 9542, 1: 109
DFA state visits cumulative  : 0: 9542, 1: 109
DFA state entries in window  : 0: 100, 1: 3
DFA state entries cumulative : 0: 100, 1: 3
transitions cumulative       : 0->1: 3
accepted directly from s0    : 0
Gym endings cumulative       : terminated=100, truncated=0

[Episode 200/8000 | last 100]
success rate                : 0.0% (cumulative 0.0%)
failure rate                : 0.0% (cumulative 0.0%)
completed cycles / episode  : 0.000
synthetic task reward       : 0.000
shaping reward              : -2891.002
learning reward             : -2891.002
episode length              : 98.0
abstract changes / episode  : 13.1
same abstract-state steps   : 86.7%
same-state shaping / episode: 0.000
changed-state shaping / ep. : -2891.002
terminal shaping / episode  : -20.057
DFA transitions / episode   : 0.02
DFA transitions in window   : 0->1: 2
epsilon (next episode)       : 0.92310
replay buffer                : 19350 samples [0: 99.3%, 1: 0.7%]
DFA state visits in window   : 0: 9860, 1: 39
DFA state visits cumulative  : 0: 19402, 1: 148
DFA state entries in window  : 0: 100, 1: 2
DFA state entries cumulative : 0: 200, 1: 5
transitions cumulative       : 0->1: 5
accepted directly from s0    : 0
Gym endings cumulative       : terminated=200, truncated=0

[Episode 300/8000 | last 100]
success rate                : 0.0% (cumulative 0.0%)
failure rate                : 0.0% (cumulative 0.0%)
completed cycles / episode  : 0.000
synthetic task reward       : 0.000
shaping reward              : -2685.222
learning reward             : -2685.222
episode length              : 94.5
abstract changes / episode  : 12.9
same abstract-state steps   : 86.4%
same-state shaping / episode: 0.000
changed-state shaping / ep. : -2685.222
terminal shaping / episode  : -13.371
DFA transitions / episode   : 0.07
DFA transitions in window   : 0->1: 7
epsilon (next episode)       : 0.88690
replay buffer                : 28798 samples [0: 98.9%, 1: 1.1%]
DFA state visits in window   : 0: 9373, 1: 175
DFA state visits cumulative  : 0: 28775, 1: 323
DFA state entries in window  : 0: 100, 1: 7
DFA state entries cumulative : 0: 300, 1: 12
transitions cumulative       : 0->1: 12
accepted directly from s0    : 0
Gym endings cumulative       : terminated=300, truncated=0

[Episode 400/8000 | last 100]
success rate                : 0.0% (cumulative 0.0%)
failure rate                : 0.0% (cumulative 0.0%)
completed cycles / episode  : 0.000
synthetic task reward       : 0.000
shaping reward              : -2852.034
learning reward             : -2852.034
episode length              : 99.0
abstract changes / episode  : 13.0
same abstract-state steps   : 86.9%
same-state shaping / episode: 0.000
changed-state shaping / ep. : -2852.034
terminal shaping / episode  : -13.439
DFA transitions / episode   : 0.02
DFA transitions in window   : 0->1: 2
epsilon (next episode)       : 0.85212
replay buffer                : 38695 samples [0: 99.1%, 1: 0.9%]
DFA state visits in window   : 0: 9955, 1: 42
DFA state visits cumulative  : 0: 38730, 1: 365
DFA state entries in window  : 0: 100, 1: 2
DFA state entries cumulative : 0: 400, 1: 14
transitions cumulative       : 0->1: 14
accepted directly from s0    : 0
Gym endings cumulative       : terminated=400, truncated=0

[Episode 500/8000 | last 100]
success rate                : 0.0% (cumulative 0.0%)
failure rate                : 0.0% (cumulative 0.0%)
completed cycles / episode  : 0.000
synthetic task reward       : 0.000
shaping reward              : -2524.152
learning reward             : -2524.152
episode length              : 99.8
abstract changes / episode  : 12.7
same abstract-state steps   : 87.3%
same-state shaping / episode: 0.000
changed-state shaping / ep. : -2524.152
terminal shaping / episode  : -33.428
DFA transitions / episode   : 0.10
DFA transitions in window   : 0->1: 10
epsilon (next episode)       : 0.81870
replay buffer                : 48678 samples [0: 98.8%, 1: 1.2%]
DFA state visits in window   : 0: 9854, 1: 229
DFA state visits cumulative  : 0: 48584, 1: 594
DFA state entries in window  : 0: 100, 1: 10
DFA state entries cumulative : 0: 500, 1: 24
transitions cumulative       : 0->1: 24
accepted directly from s0    : 0
Gym endings cumulative       : terminated=500, truncated=0

Starting autonomous greedy evaluation at episode 500 (1000 fixed-seed episodes)...
[Greedy evaluation at episode 500 | 1000 fixed-seed episodes]
success=0.0%, failure=0.0%, task reward=0.000, cycles=0.000, length=96.5
DFA transitions: 0->1: 29
Best policy updated from autonomous greedy evaluation at episode 500.

[Episode 600/8000 | last 100]
success rate                : 0.0% (cumulative 0.0%)
failure rate                : 0.0% (cumulative 0.0%)
completed cycles / episode  : 0.000
synthetic task reward       : 0.000
shaping reward              : -2442.284
learning reward             : -2442.284
episode length              : 103.4
abstract changes / episode  : 12.7
same abstract-state steps   : 87.7%
same-state shaping / episode: 0.000
changed-state shaping / ep. : -2442.284
terminal shaping / episode  : -27.222
DFA transitions / episode   : 0.07
DFA transitions in window   : 0->1: 7
epsilon (next episode)       : 0.78659
replay buffer                : 59019 samples [0: 98.8%, 1: 1.2%]
DFA state visits in window   : 0: 10276, 1: 165
DFA state visits cumulative  : 0: 58860, 1: 759
DFA state entries in window  : 0: 100, 1: 7
DFA state entries cumulative : 0: 600, 1: 31
transitions cumulative       : 0->1: 31
accepted directly from s0    : 0
Gym endings cumulative       : terminated=600, truncated=0

[Episode 700/8000 | last 100]
success rate                : 0.0% (cumulative 0.0%)
failure rate                : 0.0% (cumulative 0.0%)
completed cycles / episode  : 0.000
synthetic task reward       : 0.000
shaping reward              : -2394.740
learning reward             : -2394.740
episode length              : 103.3
abstract changes / episode  : 12.2
same abstract-state steps   : 88.2%
same-state shaping / episode: 0.000
changed-state shaping / ep. : -2394.740
terminal shaping / episode  : -20.535
DFA transitions / episode   : 0.05
DFA transitions in window   : 0->1: 5
epsilon (next episode)       : 0.75574
replay buffer                : 69353 samples [0: 98.8%, 1: 1.2%]
DFA state visits in window   : 0: 10323, 1: 111
DFA state visits cumulative  : 0: 69183, 1: 870
DFA state entries in window  : 0: 100, 1: 5
DFA state entries cumulative : 0: 700, 1: 36
transitions cumulative       : 0->1: 36
accepted directly from s0    : 0
Gym endings cumulative       : terminated=700, truncated=0

[Episode 800/8000 | last 100]
success rate                : 0.0% (cumulative 0.0%)
failure rate                : 0.0% (cumulative 0.0%)
completed cycles / episode  : 0.000
synthetic task reward       : 0.000
shaping reward              : -2208.070
learning reward             : -2208.070
episode length              : 114.6
abstract changes / episode  : 12.5
same abstract-state steps   : 89.1%
same-state shaping / episode: 0.000
changed-state shaping / ep. : -2208.070
terminal shaping / episode  : -20.125
DFA transitions / episode   : 0.10
DFA transitions in window   : 0->1: 10
epsilon (next episode)       : 0.72610
replay buffer                : 80814 samples [0: 98.7%, 1: 1.3%]
DFA state visits in window   : 0: 11305, 1: 256
DFA state visits cumulative  : 0: 80488, 1: 1126
DFA state entries in window  : 0: 100, 1: 10
DFA state entries cumulative : 0: 800, 1: 46
transitions cumulative       : 0->1: 46
accepted directly from s0    : 0
Gym endings cumulative       : terminated=800, truncated=0

[Episode 900/8000 | last 100]
success rate                : 0.0% (cumulative 0.0%)
failure rate                : 0.0% (cumulative 0.0%)
completed cycles / episode  : 0.000
synthetic task reward       : 0.000
shaping reward              : -2091.061
learning reward             : -2091.061
episode length              : 118.0
abstract changes / episode  : 12.2
same abstract-state steps   : 89.6%
same-state shaping / episode: 0.000
changed-state shaping / ep. : -2091.061
terminal shaping / episode  : -27.083
DFA transitions / episode   : 0.10
DFA transitions in window   : 0->1: 10
epsilon (next episode)       : 0.69763
replay buffer                : 92610 samples [0: 98.6%, 1: 1.4%]
DFA state visits in window   : 0: 11639, 1: 257
DFA state visits cumulative  : 0: 92127, 1: 1383
DFA state entries in window  : 0: 100, 1: 10
DFA state entries cumulative : 0: 900, 1: 56
transitions cumulative       : 0->1: 56
accepted directly from s0    : 0
Gym endings cumulative       : terminated=900, truncated=0

[Episode 1000/8000 | last 100]
success rate                : 0.0% (cumulative 0.0%)
failure rate                : 0.0% (cumulative 0.0%)
completed cycles / episode  : 0.000
synthetic task reward       : 0.000
shaping reward              : -2262.307
learning reward             : -2262.307
episode length              : 132.8
abstract changes / episode  : 13.0
same abstract-state steps   : 90.2%
same-state shaping / episode: 0.000
changed-state shaping / ep. : -2262.307
terminal shaping / episode  : 0.140
DFA transitions / episode   : 0.09
DFA transitions in window   : 0->1: 9
epsilon (next episode)       : 0.67027
replay buffer                : 105888 samples [0: 98.5%, 1: 1.5%]
DFA state visits in window   : 0: 13116, 1: 262
DFA state visits cumulative  : 0: 105243, 1: 1645
DFA state entries in window  : 0: 100, 1: 9
DFA state entries cumulative : 0: 1000, 1: 65
transitions cumulative       : 0->1: 65
accepted directly from s0    : 0
Gym endings cumulative       : terminated=1000, truncated=0

Starting autonomous greedy evaluation at episode 1000 (1000 fixed-seed episodes)...
[Greedy evaluation at episode 1000 | 1000 fixed-seed episodes]
success=0.0%, failure=0.0%, task reward=0.000, cycles=0.000, length=199.2
DFA transitions: 0->1: 2

[Episode 1100/8000 | last 100]
success rate                : 0.0% (cumulative 0.0%)
failure rate                : 0.0% (cumulative 0.0%)
completed cycles / episode  : 0.000
synthetic task reward       : 0.000
shaping reward              : -1996.233
learning reward             : -1996.233
episode length              : 137.0
abstract changes / episode  : 13.4
same abstract-state steps   : 90.2%
same-state shaping / episode: 0.000
changed-state shaping / ep. : -1996.233
terminal shaping / episode  : -13.781
DFA transitions / episode   : 0.15
DFA transitions in window   : 0->1: 15
epsilon (next episode)       : 0.64398
replay buffer                : 119585 samples [0: 98.3%, 1: 1.7%]
DFA state visits in window   : 0: 13332, 1: 465
DFA state visits cumulative  : 0: 118575, 1: 2110
DFA state entries in window  : 0: 100, 1: 15
DFA state entries cumulative : 0: 1100, 1: 80
transitions cumulative       : 0->1: 80
accepted directly from s0    : 0
Gym endings cumulative       : terminated=1100, truncated=0

[Episode 1200/8000 | last 100]
success rate                : 0.0% (cumulative 0.0%)
failure rate                : 0.0% (cumulative 0.0%)
completed cycles / episode  : 0.000
synthetic task reward       : 0.000
shaping reward              : -2068.793
learning reward             : -2068.793
episode length              : 129.9
abstract changes / episode  : 13.4
same abstract-state steps   : 89.7%
same-state shaping / episode: 0.000
changed-state shaping / ep. : -2068.793
terminal shaping / episode  : -27.219
DFA transitions / episode   : 0.08
DFA transitions in window   : 0->1: 8
epsilon (next episode)       : 0.61872
replay buffer                : 132575 samples [0: 98.3%, 1: 1.7%]
DFA state visits in window   : 0: 12865, 1: 225
DFA state visits cumulative  : 0: 131440, 1: 2335
DFA state entries in window  : 0: 100, 1: 8
DFA state entries cumulative : 0: 1200, 1: 88
transitions cumulative       : 0->1: 88
accepted directly from s0    : 0
Gym endings cumulative       : terminated=1200, truncated=0

[Episode 1300/8000 | last 100]
success rate                : 0.0% (cumulative 0.0%)
failure rate                : 0.0% (cumulative 0.0%)
completed cycles / episode  : 0.000
synthetic task reward       : 0.000
shaping reward              : -2392.459
learning reward             : -2392.459
episode length              : 125.9
abstract changes / episode  : 14.2
same abstract-state steps   : 88.7%
same-state shaping / episode: 0.000
changed-state shaping / ep. : -2392.459
terminal shaping / episode  : -13.712
DFA transitions / episode   : 0.02
DFA transitions in window   : 0->1: 2
epsilon (next episode)       : 0.59446
replay buffer                : 145168 samples [0: 98.4%, 1: 1.6%]
DFA state visits in window   : 0: 12651, 1: 42
DFA state visits cumulative  : 0: 144091, 1: 2377
DFA state entries in window  : 0: 100, 1: 2
DFA state entries cumulative : 0: 1300, 1: 90
transitions cumulative       : 0->1: 90
accepted directly from s0    : 0
Gym endings cumulative       : terminated=1300, truncated=0

[Episode 1400/8000 | last 100]
success rate                : 0.0% (cumulative 0.0%)
failure rate                : 0.0% (cumulative 0.0%)
completed cycles / episode  : 0.000
synthetic task reward       : 0.000
shaping reward              : -2547.712
learning reward             : -2547.712
episode length              : 120.8
abstract changes / episode  : 13.9
same abstract-state steps   : 88.5%
same-state shaping / episode: 0.000
changed-state shaping / ep. : -2547.712
terminal shaping / episode  : -20.328
DFA transitions / episode   : 0.05
DFA transitions in window   : 0->1: 5
epsilon (next episode)       : 0.57115
replay buffer                : 157248 samples [0: 98.5%, 1: 1.5%]
DFA state visits in window   : 0: 12071, 1: 109
DFA state visits cumulative  : 0: 156162, 1: 2486
DFA state entries in window  : 0: 100, 1: 5
DFA state entries cumulative : 0: 1400, 1: 95
transitions cumulative       : 0->1: 95
accepted directly from s0    : 0
Gym endings cumulative       : terminated=1400, truncated=0

[Episode 1500/8000 | last 100]
success rate                : 0.0% (cumulative 0.0%)
failure rate                : 0.0% (cumulative 0.0%)
completed cycles / episode  : 0.000
synthetic task reward       : 0.000
shaping reward              : -2254.005
learning reward             : -2254.005
episode length              : 118.7
abstract changes / episode  : 13.9
same abstract-state steps   : 88.2%
same-state shaping / episode: 0.000
changed-state shaping / ep. : -2254.005
terminal shaping / episode  : -40.388
DFA transitions / episode   : 0.05
DFA transitions in window   : 0->1: 5
epsilon (next episode)       : 0.54875
replay buffer                : 169119 samples [0: 98.5%, 1: 1.5%]
DFA state visits in window   : 0: 11812, 1: 159
DFA state visits cumulative  : 0: 167974, 1: 2645
DFA state entries in window  : 0: 100, 1: 5
DFA state entries cumulative : 0: 1500, 1: 100
transitions cumulative       : 0->1: 100
accepted directly from s0    : 0
Gym endings cumulative       : terminated=1500, truncated=0

Starting autonomous greedy evaluation at episode 1500 (1000 fixed-seed episodes)...
[Greedy evaluation at episode 1500 | 1000 fixed-seed episodes]
success=0.0%, failure=0.0%, task reward=0.000, cycles=0.000, length=149.1
DFA transitions: 0->1: 766

[Episode 1600/8000 | last 100]
success rate                : 0.0% (cumulative 0.0%)
failure rate                : 0.0% (cumulative 0.0%)
completed cycles / episode  : 0.000
synthetic task reward       : 0.000
shaping reward              : -2356.371
learning reward             : -2356.371
episode length              : 127.9
abstract changes / episode  : 13.7
same abstract-state steps   : 89.3%
same-state shaping / episode: 0.000
changed-state shaping / ep. : -2356.371
terminal shaping / episode  : -27.219
DFA transitions / episode   : 0.05
DFA transitions in window   : 0->1: 5
epsilon (next episode)       : 0.52722
replay buffer                : 181908 samples [0: 98.5%, 1: 1.5%]
DFA state visits in window   : 0: 12690, 1: 199
DFA state visits cumulative  : 0: 180664, 1: 2844
DFA state entries in window  : 0: 100, 1: 5
DFA state entries cumulative : 0: 1600, 1: 105
transitions cumulative       : 0->1: 105
accepted directly from s0    : 0
Gym endings cumulative       : terminated=1600, truncated=0

[Episode 1700/8000 | last 100]
success rate                : 0.0% (cumulative 0.0%)
failure rate                : 0.0% (cumulative 0.0%)
completed cycles / episode  : 0.000
synthetic task reward       : 0.000
shaping reward              : -2287.998
learning reward             : -2287.998
episode length              : 140.6
abstract changes / episode  : 14.4
same abstract-state steps   : 89.7%
same-state shaping / episode: 0.000
changed-state shaping / ep. : -2287.998
terminal shaping / episode  : -13.781
DFA transitions / episode   : 0.02
DFA transitions in window   : 0->1: 2
epsilon (next episode)       : 0.50655
replay buffer                : 195972 samples [0: 98.6%, 1: 1.4%]
DFA state visits in window   : 0: 14086, 1: 78
DFA state visits cumulative  : 0: 194750, 1: 2922
DFA state entries in window  : 0: 100, 1: 2
DFA state entries cumulative : 0: 1700, 1: 107
transitions cumulative       : 0->1: 107
accepted directly from s0    : 0
Gym endings cumulative       : terminated=1700, truncated=0

[Episode 1800/8000 | last 100]
success rate                : 0.0% (cumulative 0.0%)
failure rate                : 0.0% (cumulative 0.0%)
completed cycles / episode  : 0.000
synthetic task reward       : 0.000
shaping reward              : -1850.320
learning reward             : -1850.320
episode length              : 146.4
abstract changes / episode  : 14.2
same abstract-state steps   : 90.3%
same-state shaping / episode: 0.000
changed-state shaping / ep. : -1850.320
terminal shaping / episode  : 0.348
DFA transitions / episode   : 0.03
DFA transitions in window   : 0->1: 3
epsilon (next episode)       : 0.48668
replay buffer                : 210616 samples [0: 98.5%, 1: 1.5%]
DFA state visits in window   : 0: 14466, 1: 278
DFA state visits cumulative  : 0: 209216, 1: 3200
DFA state entries in window  : 0: 100, 1: 3
DFA state entries cumulative : 0: 1800, 1: 110
transitions cumulative       : 0->1: 110
accepted directly from s0    : 0
Gym endings cumulative       : terminated=1800, truncated=0

[Episode 1900/8000 | last 100]
success rate                : 0.0% (cumulative 0.0%)
failure rate                : 0.0% (cumulative 0.0%)
completed cycles / episode  : 0.000
synthetic task reward       : 0.000
shaping reward              : -2120.185
learning reward             : -2120.185
episode length              : 142.9
abstract changes / episode  : 14.0
same abstract-state steps   : 90.2%
same-state shaping / episode: 0.000
changed-state shaping / ep. : -2120.185
terminal shaping / episode  : -7.165
DFA transitions / episode   : 0.02
DFA transitions in window   : 0->1: 2
epsilon (next episode)       : 0.46760
replay buffer                : 224903 samples [0: 98.6%, 1: 1.4%]
DFA state visits in window   : 0: 14341, 1: 46
DFA state visits cumulative  : 0: 223557, 1: 3246
DFA state entries in window  : 0: 100, 1: 2
DFA state entries cumulative : 0: 1900, 1: 112
transitions cumulative       : 0->1: 112
accepted directly from s0    : 0
Gym endings cumulative       : terminated=1900, truncated=0

[Episode 2000/8000 | last 100]
success rate                : 0.0% (cumulative 0.0%)
failure rate                : 0.0% (cumulative 0.0%)
completed cycles / episode  : 0.000
synthetic task reward       : 0.000
shaping reward              : -1839.105
learning reward             : -1839.105
episode length              : 179.8
abstract changes / episode  : 16.0
same abstract-state steps   : 91.1%
same-state shaping / episode: 0.000
changed-state shaping / ep. : -1839.105
terminal shaping / episode  : -27.152
DFA transitions / episode   : 0.05
DFA transitions in window   : 0->1: 5
epsilon (next episode)       : 0.44926
replay buffer                : 242885 samples [0: 98.5%, 1: 1.5%]
DFA state visits in window   : 0: 17536, 1: 546
DFA state visits cumulative  : 0: 241093, 1: 3792
DFA state entries in window  : 0: 100, 1: 5
DFA state entries cumulative : 0: 2000, 1: 117
transitions cumulative       : 0->1: 117
accepted directly from s0    : 0
Gym endings cumulative       : terminated=2000, truncated=0

Starting autonomous greedy evaluation at episode 2000 (1000 fixed-seed episodes)...
[Greedy evaluation at episode 2000 | 1000 fixed-seed episodes]
success=0.0%, failure=0.0%, task reward=0.000, cycles=0.000, length=1180.2
DFA transitions: 0->1: 79

[Episode 2100/8000 | last 100]
success rate                : 0.0% (cumulative 0.0%)
failure rate                : 0.0% (cumulative 0.0%)
completed cycles / episode  : 0.000
synthetic task reward       : 0.000
shaping reward              : -1886.156
learning reward             : -1886.156
episode length              : 214.0
abstract changes / episode  : 17.9
same abstract-state steps   : 91.6%
same-state shaping / episode: 0.000
changed-state shaping / ep. : -1886.156
terminal shaping / episode  : 6.618
DFA transitions / episode   : 0.06
DFA transitions in window   : 0->1: 6
epsilon (next episode)       : 0.43164
replay buffer                : 264281 samples [0: 98.3%, 1: 1.7%]
DFA state visits in window   : 0: 20597, 1: 899
DFA state visits cumulative  : 0: 261690, 1: 4691
DFA state entries in window  : 0: 100, 1: 6
DFA state entries cumulative : 0: 2100, 1: 123
transitions cumulative       : 0->1: 123
accepted directly from s0    : 0
Gym endings cumulative       : terminated=2100, truncated=0

[Episode 2200/8000 | last 100]
success rate                : 0.0% (cumulative 0.0%)
failure rate                : 0.0% (cumulative 0.0%)
completed cycles / episode  : 0.000
synthetic task reward       : 0.000
shaping reward              : -2225.782
learning reward             : -2225.782
episode length              : 234.1
abstract changes / episode  : 18.9
same abstract-state steps   : 91.9%
same-state shaping / episode: 0.000
changed-state shaping / ep. : -2225.782
terminal shaping / episode  : -13.439
DFA transitions / episode   : 0.01
DFA transitions in window   : 0->1: 1
epsilon (next episode)       : 0.41471
replay buffer                : 287687 samples [0: 98.4%, 1: 1.6%]
DFA state visits in window   : 0: 23389, 1: 117
DFA state visits cumulative  : 0: 285079, 1: 4808
DFA state entries in window  : 0: 100, 1: 1
DFA state entries cumulative : 0: 2200, 1: 124
transitions cumulative       : 0->1: 124
accepted directly from s0    : 0
Gym endings cumulative       : terminated=2200, truncated=0

[Episode 2300/8000 | last 100]
success rate                : 0.0% (cumulative 0.0%)
failure rate                : 0.0% (cumulative 0.0%)
completed cycles / episode  : 0.000
synthetic task reward       : 0.000
shaping reward              : -2082.836
learning reward             : -2082.836
episode length              : 263.9
abstract changes / episode  : 20.9
same abstract-state steps   : 92.1%
same-state shaping / episode: 0.000
changed-state shaping / ep. : -2082.836
terminal shaping / episode  : 0.000
DFA transitions / episode   : 0.02
DFA transitions in window   : 0->1: 2
epsilon (next episode)       : 0.39845
replay buffer                : 300000 samples [0: 98.4%, 1: 1.6%]
DFA state visits in window   : 0: 26222, 1: 263
DFA state visits cumulative  : 0: 311301, 1: 5071
DFA state entries in window  : 0: 100, 1: 2
DFA state entries cumulative : 0: 2300, 1: 126
transitions cumulative       : 0->1: 126
accepted directly from s0    : 0
Gym endings cumulative       : terminated=2300, truncated=0

[Episode 2400/8000 | last 100]
success rate                : 0.0% (cumulative 0.0%)
failure rate                : 0.0% (cumulative 0.0%)
completed cycles / episode  : 0.000
synthetic task reward       : 0.000
shaping reward              : -2062.238
learning reward             : -2062.238
episode length              : 275.6
abstract changes / episode  : 21.1
same abstract-state steps   : 92.3%
same-state shaping / episode: 0.000
changed-state shaping / ep. : -2062.238
terminal shaping / episode  : 0.274
DFA transitions / episode   : 0.04
DFA transitions in window   : 0->1: 4
epsilon (next episode)       : 0.38282
replay buffer                : 300000 samples [0: 98.3%, 1: 1.7%]
DFA state visits in window   : 0: 26987, 1: 671
DFA state visits cumulative  : 0: 338288, 1: 5742
DFA state entries in window  : 0: 100, 1: 4
DFA state entries cumulative : 0: 2400, 1: 130
transitions cumulative       : 0->1: 130
accepted directly from s0    : 0
Gym endings cumulative       : terminated=2399, truncated=1

[Episode 2500/8000 | last 100]
success rate                : 0.0% (cumulative 0.0%)
failure rate                : 0.0% (cumulative 0.0%)
completed cycles / episode  : 0.000
synthetic task reward       : 0.000
shaping reward              : -1175.133
learning reward             : -1175.133
episode length              : 270.1
abstract changes / episode  : 19.3
same abstract-state steps   : 92.8%
same-state shaping / episode: 0.000
changed-state shaping / ep. : -1175.133
terminal shaping / episode  : -7.182
DFA transitions / episode   : 0.08
DFA transitions in window   : 0->1: 8
epsilon (next episode)       : 0.36781
replay buffer                : 300000 samples [0: 98.1%, 1: 1.9%]
DFA state visits in window   : 0: 26125, 1: 990
DFA state visits cumulative  : 0: 364413, 1: 6732
DFA state entries in window  : 0: 100, 1: 8
DFA state entries cumulative : 0: 2500, 1: 138
transitions cumulative       : 0->1: 138
accepted directly from s0    : 0
Gym endings cumulative       : terminated=2498, truncated=2

Starting autonomous greedy evaluation at episode 2500 (1000 fixed-seed episodes)...
[Greedy evaluation at episode 2500 | 1000 fixed-seed episodes]
success=0.1%, failure=0.0%, task reward=10.000, cycles=0.001, length=132.6
DFA transitions: 0->1: 775, 1->0: 1
Best policy updated from autonomous greedy evaluation at episode 2500.

[Episode 2600/8000 | last 100]
success rate                : 0.0% (cumulative 0.0%)
failure rate                : 0.0% (cumulative 0.0%)
completed cycles / episode  : 0.000
synthetic task reward       : 0.000
shaping reward              : -371.884
learning reward             : -371.884
episode length              : 292.5
abstract changes / episode  : 20.5
same abstract-state steps   : 93.0%
same-state shaping / episode: 0.000
changed-state shaping / ep. : -371.884
terminal shaping / episode  : -0.209
DFA transitions / episode   : 0.23
DFA transitions in window   : 0->1: 23
epsilon (next episode)       : 0.35338
replay buffer                : 300000 samples [0: 97.7%, 1: 2.3%]
DFA state visits in window   : 0: 27666, 1: 1687
DFA state visits cumulative  : 0: 392079, 1: 8419
DFA state entries in window  : 0: 100, 1: 23
DFA state entries cumulative : 0: 2600, 1: 161
transitions cumulative       : 0->1: 161
accepted directly from s0    : 0
Gym endings cumulative       : terminated=2598, truncated=2

[Episode 2700/8000 | last 100]
success rate                : 1.0% (cumulative 0.0%)
failure rate                : 0.0% (cumulative 0.0%)
completed cycles / episode  : 0.010
synthetic task reward       : 100.000
shaping reward              : -185.052
learning reward             : -85.052
episode length              : 232.4
abstract changes / episode  : 20.1
same abstract-state steps   : 91.3%
same-state shaping / episode: 0.000
changed-state shaping / ep. : -185.052
terminal shaping / episode  : -21.040
DFA transitions / episode   : 0.28
DFA transitions in window   : 0->1: 27, 1->0: 1
epsilon (next episode)       : 0.33952
replay buffer                : 300000 samples [0: 96.7%, 1: 3.3%]
DFA state visits in window   : 0: 19598, 1: 3738
DFA state visits cumulative  : 0: 411677, 1: 12157
DFA state entries in window  : 0: 101, 1: 27
DFA state entries cumulative : 0: 2701, 1: 188
transitions cumulative       : 0->1: 188, 1->0: 1
accepted directly from s0    : 0
Gym endings cumulative       : terminated=2698, truncated=2

[Episode 2800/8000 | last 100]
success rate                : 2.0% (cumulative 0.1%)
failure rate                : 0.0% (cumulative 0.0%)
completed cycles / episode  : 0.020
synthetic task reward       : 200.000
shaping reward              : -322.478
learning reward             : -122.478
episode length              : 235.2
abstract changes / episode  : 19.9
same abstract-state steps   : 91.6%
same-state shaping / episode: 0.000
changed-state shaping / ep. : -322.478
terminal shaping / episode  : 7.095
DFA transitions / episode   : 0.30
DFA transitions in window   : 0->1: 28, 1->0: 2
epsilon (next episode)       : 0.32621
replay buffer                : 300000 samples [0: 95.7%, 1: 4.3%]
DFA state visits in window   : 0: 20319, 1: 3304
DFA state visits cumulative  : 0: 431996, 1: 15461
DFA state entries in window  : 0: 102, 1: 28
DFA state entries cumulative : 0: 2803, 1: 216
transitions cumulative       : 0->1: 216, 1->0: 3
accepted directly from s0    : 0
Gym endings cumulative       : terminated=2798, truncated=2

[Episode 2900/8000 | last 100]
success rate                : 4.0% (cumulative 0.2%)
failure rate                : 0.0% (cumulative 0.0%)
completed cycles / episode  : 0.040
synthetic task reward       : 400.000
shaping reward              : 332.670
learning reward             : 732.670
episode length              : 322.8
abstract changes / episode  : 25.7
same abstract-state steps   : 92.0%
same-state shaping / episode: 0.000
changed-state shaping / ep. : 332.670
terminal shaping / episode  : 0.152
DFA transitions / episode   : 0.40
DFA transitions in window   : 0->1: 36, 1->0: 4
epsilon (next episode)       : 0.31341
replay buffer                : 300000 samples [0: 94.0%, 1: 6.0%]
DFA state visits in window   : 0: 26873, 1: 5510
DFA state visits cumulative  : 0: 458869, 1: 20971
DFA state entries in window  : 0: 104, 1: 36
DFA state entries cumulative : 0: 2907, 1: 252
transitions cumulative       : 0->1: 252, 1->0: 7
accepted directly from s0    : 0
Gym endings cumulative       : terminated=2898, truncated=2

[Episode 3000/8000 | last 100]
success rate                : 6.0% (cumulative 0.4%)
failure rate                : 0.0% (cumulative 0.0%)
completed cycles / episode  : 0.060
synthetic task reward       : 600.000
shaping reward              : 633.331
learning reward             : 1233.331
episode length              : 400.8
abstract changes / episode  : 25.7
same abstract-state steps   : 93.6%
same-state shaping / episode: 0.000
changed-state shaping / ep. : 633.331
terminal shaping / episode  : -7.182
DFA transitions / episode   : 0.47
DFA transitions in window   : 0->1: 41, 1->0: 6
epsilon (next episode)       : 0.30112
replay buffer                : 300000 samples [0: 92.3%, 1: 7.7%]
DFA state visits in window   : 0: 34541, 1: 5638
DFA state visits cumulative  : 0: 493410, 1: 26609
DFA state entries in window  : 0: 106, 1: 41
DFA state entries cumulative : 0: 3013, 1: 293
transitions cumulative       : 0->1: 293, 1->0: 13
accepted directly from s0    : 0
Gym endings cumulative       : terminated=2996, truncated=4

Starting autonomous greedy evaluation at episode 3000 (1000 fixed-seed episodes)...
[Greedy evaluation at episode 3000 | 1000 fixed-seed episodes]
success=0.8%, failure=0.0%, task reward=80.000, cycles=0.008, length=706.0
DFA transitions: 0->1: 707, 1->0: 8
Best policy updated from autonomous greedy evaluation at episode 3000.

[Episode 3100/8000 | last 100]
success rate                : 12.0% (cumulative 0.8%)
failure rate                : 0.0% (cumulative 0.0%)
completed cycles / episode  : 0.120
synthetic task reward       : 1200.000
shaping reward              : 111.624
learning reward             : 1311.624
episode length              : 367.5
abstract changes / episode  : 28.4
same abstract-state steps   : 92.3%
same-state shaping / episode: 0.000
changed-state shaping / ep. : 111.624
terminal shaping / episode  : 0.000
DFA transitions / episode   : 0.60
DFA transitions in window   : 0->1: 48, 1->0: 12
epsilon (next episode)       : 0.28931
replay buffer                : 300000 samples [0: 90.4%, 1: 9.6%]
DFA state visits in window   : 0: 30258, 1: 6596
DFA state visits cumulative  : 0: 523668, 1: 33205
DFA state entries in window  : 0: 112, 1: 48
DFA state entries cumulative : 0: 3125, 1: 341
transitions cumulative       : 0->1: 341, 1->0: 25
accepted directly from s0    : 0
Gym endings cumulative       : terminated=3096, truncated=4

[Episode 3200/8000 | last 100]
success rate                : 6.0% (cumulative 1.0%)
failure rate                : 0.0% (cumulative 0.0%)
completed cycles / episode  : 0.060
synthetic task reward       : 600.000
shaping reward              : 450.551
learning reward             : 1050.551
episode length              : 333.4
abstract changes / episode  : 27.2
same abstract-state steps   : 91.9%
same-state shaping / episode: 0.000
changed-state shaping / ep. : 450.551
terminal shaping / episode  : -13.122
DFA transitions / episode   : 0.41
DFA transitions in window   : 0->1: 35, 1->0: 6
epsilon (next episode)       : 0.27797
replay buffer                : 300000 samples [0: 88.9%, 1: 11.1%]
DFA state visits in window   : 0: 28169, 1: 5268
DFA state visits cumulative  : 0: 551837, 1: 38473
DFA state entries in window  : 0: 106, 1: 35
DFA state entries cumulative : 0: 3231, 1: 376
transitions cumulative       : 0->1: 376, 1->0: 31
accepted directly from s0    : 0
Gym endings cumulative       : terminated=3196, truncated=4

[Episode 3300/8000 | last 100]
success rate                : 19.0% (cumulative 1.5%)
failure rate                : 0.0% (cumulative 0.0%)
completed cycles / episode  : 0.190
synthetic task reward       : 1900.000
shaping reward              : 683.152
learning reward             : 2583.152
episode length              : 360.7
abstract changes / episode  : 31.4
same abstract-state steps   : 91.3%
same-state shaping / episode: 0.000
changed-state shaping / ep. : 683.152
terminal shaping / episode  : 0.941
DFA transitions / episode   : 0.83
DFA transitions in window   : 0->1: 64, 1->0: 19
epsilon (next episode)       : 0.26706
replay buffer                : 300000 samples [0: 86.0%, 1: 14.0%]
DFA state visits in window   : 0: 27099, 1: 9069
DFA state visits cumulative  : 0: 578936, 1: 47542
DFA state entries in window  : 0: 119, 1: 64
DFA state entries cumulative : 0: 3350, 1: 440
transitions cumulative       : 0->1: 440, 1->0: 50
accepted directly from s0    : 0
Gym endings cumulative       : terminated=3295, truncated=5

[Episode 3400/8000 | last 100]
success rate                : 25.0% (cumulative 2.2%)
failure rate                : 0.0% (cumulative 0.0%)
completed cycles / episode  : 0.250
synthetic task reward       : 2500.000
shaping reward              : 255.202
learning reward             : 2755.202
episode length              : 345.9
abstract changes / episode  : 30.2
same abstract-state steps   : 91.3%
same-state shaping / episode: 0.000
changed-state shaping / ep. : 255.202
terminal shaping / episode  : 0.000
DFA transitions / episode   : 0.84
DFA transitions in window   : 0->1: 59, 1->0: 25
epsilon (next episode)       : 0.25659
replay buffer                : 300000 samples [0: 83.4%, 1: 16.6%]
DFA state visits in window   : 0: 26145, 1: 8548
DFA state visits cumulative  : 0: 605081, 1: 56090
DFA state entries in window  : 0: 125, 1: 59
DFA state entries cumulative : 0: 3475, 1: 499
transitions cumulative       : 0->1: 499, 1->0: 75
accepted directly from s0    : 0
Gym endings cumulative       : terminated=3395, truncated=5

[Episode 3500/8000 | last 100]
success rate                : 16.0% (cumulative 2.6%)
failure rate                : 0.0% (cumulative 0.0%)
completed cycles / episode  : 0.160
synthetic task reward       : 1600.000
shaping reward              : 562.210
learning reward             : 2162.210
episode length              : 369.0
abstract changes / episode  : 32.2
same abstract-state steps   : 91.3%
same-state shaping / episode: 0.000
changed-state shaping / ep. : 562.210
terminal shaping / episode  : 0.000
DFA transitions / episode   : 0.75
DFA transitions in window   : 0->1: 59, 1->0: 16
epsilon (next episode)       : 0.24653
replay buffer                : 300000 samples [0: 81.0%, 1: 19.0%]
DFA state visits in window   : 0: 27441, 1: 9556
DFA state visits cumulative  : 0: 632522, 1: 65646
DFA state entries in window  : 0: 116, 1: 59
DFA state entries cumulative : 0: 3591, 1: 558
transitions cumulative       : 0->1: 558, 1->0: 91
accepted directly from s0    : 0
Gym endings cumulative       : terminated=3495, truncated=5

Starting autonomous greedy evaluation at episode 3500 (1000 fixed-seed episodes)...
[Greedy evaluation at episode 3500 | 1000 fixed-seed episodes]
success=0.4%, failure=0.0%, task reward=40.000, cycles=0.004, length=1209.0
DFA transitions: 0->1: 300, 1->0: 4

[Episode 3600/8000 | last 100]
success rate                : 20.0% (cumulative 3.1%)
failure rate                : 0.0% (cumulative 0.0%)
completed cycles / episode  : 0.200
synthetic task reward       : 2000.000
shaping reward              : 837.627
learning reward             : 2837.627
episode length              : 414.0
abstract changes / episode  : 35.6
same abstract-state steps   : 91.4%
same-state shaping / episode: 0.000
changed-state shaping / ep. : 837.627
terminal shaping / episode  : -13.439
DFA transitions / episode   : 0.90
DFA transitions in window   : 0->1: 70, 1->0: 20
epsilon (next episode)       : 0.23686
replay buffer                : 300000 samples [0: 79.3%, 1: 20.7%]
DFA state visits in window   : 0: 30236, 1: 11261
DFA state visits cumulative  : 0: 662758, 1: 76907
DFA state entries in window  : 0: 120, 1: 70
DFA state entries cumulative : 0: 3711, 1: 628
transitions cumulative       : 0->1: 628, 1->0: 111
accepted directly from s0    : 0
Gym endings cumulative       : terminated=3595, truncated=5

[Episode 3700/8000 | last 100]
success rate                : 27.0% (cumulative 3.7%)
failure rate                : 0.0% (cumulative 0.0%)
completed cycles / episode  : 0.270
synthetic task reward       : 2700.000
shaping reward              : 941.677
learning reward             : 3641.677
episode length              : 436.8
abstract changes / episode  : 37.6
same abstract-state steps   : 91.4%
same-state shaping / episode: 0.000
changed-state shaping / ep. : 941.677
terminal shaping / episode  : -7.402
DFA transitions / episode   : 1.08
DFA transitions in window   : 0->1: 81, 1->0: 27
epsilon (next episode)       : 0.22757
replay buffer                : 300000 samples [0: 77.1%, 1: 22.9%]
DFA state visits in window   : 0: 30051, 1: 13730
DFA state visits cumulative  : 0: 692809, 1: 90637
DFA state entries in window  : 0: 127, 1: 81
DFA state entries cumulative : 0: 3838, 1: 709
transitions cumulative       : 0->1: 709, 1->0: 138
accepted directly from s0    : 0
Gym endings cumulative       : terminated=3695, truncated=5

[Episode 3800/8000 | last 100]
success rate                : 24.0% (cumulative 4.3%)
failure rate                : 0.0% (cumulative 0.0%)
completed cycles / episode  : 0.260
synthetic task reward       : 2600.000
shaping reward              : 1629.166
learning reward             : 4229.166
episode length              : 483.3
abstract changes / episode  : 41.5
same abstract-state steps   : 91.4%
same-state shaping / episode: 0.000
changed-state shaping / ep. : 1629.166
terminal shaping / episode  : -6.821
DFA transitions / episode   : 1.07
DFA transitions in window   : 0->1: 81, 1->0: 26
epsilon (next episode)       : 0.21865
replay buffer                : 300000 samples [0: 75.1%, 1: 24.9%]
DFA state visits in window   : 0: 35379, 1: 13047
DFA state visits cumulative  : 0: 728188, 1: 103684
DFA state entries in window  : 0: 126, 1: 81
DFA state entries cumulative : 0: 3964, 1: 790
transitions cumulative       : 0->1: 790, 1->0: 164
accepted directly from s0    : 0
Gym endings cumulative       : terminated=3793, truncated=7

[Episode 3900/8000 | last 100]
success rate                : 39.0% (cumulative 5.2%)
failure rate                : 0.0% (cumulative 0.0%)
completed cycles / episode  : 0.440
synthetic task reward       : 4400.000
shaping reward              : 681.915
learning reward             : 5081.915
episode length              : 428.5
abstract changes / episode  : 38.7
same abstract-state steps   : 91.0%
same-state shaping / episode: 0.000
changed-state shaping / ep. : 681.915
terminal shaping / episode  : -6.686
DFA transitions / episode   : 1.32
DFA transitions in window   : 0->1: 88, 1->0: 44
epsilon (next episode)       : 0.21007
replay buffer                : 300000 samples [0: 72.9%, 1: 27.1%]
DFA state visits in window   : 0: 29001, 1: 13949
DFA state visits cumulative  : 0: 757189, 1: 117633
DFA state entries in window  : 0: 144, 1: 88
DFA state entries cumulative : 0: 4108, 1: 878
transitions cumulative       : 0->1: 878, 1->0: 208
accepted directly from s0    : 0
Gym endings cumulative       : terminated=3892, truncated=8

[Episode 4000/8000 | last 100]
success rate                : 36.0% (cumulative 5.9%)
failure rate                : 0.0% (cumulative 0.0%)
completed cycles / episode  : 0.370
synthetic task reward       : 3700.000
shaping reward              : 650.647
learning reward             : 4350.647
episode length              : 405.9
abstract changes / episode  : 36.7
same abstract-state steps   : 91.0%
same-state shaping / episode: 0.000
changed-state shaping / ep. : 650.647
terminal shaping / episode  : 6.513
DFA transitions / episode   : 1.17
DFA transitions in window   : 0->1: 80, 1->0: 37
epsilon (next episode)       : 0.20183
replay buffer                : 300000 samples [0: 71.1%, 1: 28.9%]
DFA state visits in window   : 0: 26118, 1: 14577
DFA state visits cumulative  : 0: 783307, 1: 132210
DFA state entries in window  : 0: 137, 1: 80
DFA state entries cumulative : 0: 4245, 1: 958
transitions cumulative       : 0->1: 958, 1->0: 245
accepted directly from s0    : 0
Gym endings cumulative       : terminated=3992, truncated=8

Starting autonomous greedy evaluation at episode 4000 (1000 fixed-seed episodes)...
[Greedy evaluation at episode 4000 | 1000 fixed-seed episodes]
success=17.9%, failure=0.0%, task reward=2230.000, cycles=0.223, length=1063.7
DFA transitions: 0->1: 1202, 1->0: 223
Best policy updated from autonomous greedy evaluation at episode 4000.

[Episode 4100/8000 | last 100]
success rate                : 36.0% (cumulative 6.7%)
failure rate                : 0.0% (cumulative 0.0%)
completed cycles / episode  : 0.390
synthetic task reward       : 3900.000
shaping reward              : 590.479
learning reward             : 4490.479
episode length              : 424.9
abstract changes / episode  : 37.0
same abstract-state steps   : 91.3%
same-state shaping / episode: 0.000
changed-state shaping / ep. : 590.479
terminal shaping / episode  : -7.553
DFA transitions / episode   : 1.20
DFA transitions in window   : 0->1: 81, 1->0: 39
epsilon (next episode)       : 0.19392
replay buffer                : 300000 samples [0: 69.0%, 1: 31.0%]
DFA state visits in window   : 0: 26784, 1: 15809
DFA state visits cumulative  : 0: 810091, 1: 148019
DFA state entries in window  : 0: 139, 1: 81
DFA state entries cumulative : 0: 4384, 1: 1039
transitions cumulative       : 0->1: 1039, 1->0: 284
accepted directly from s0    : 0
Gym endings cumulative       : terminated=4091, truncated=9

[Episode 4200/8000 | last 100]
success rate                : 50.0% (cumulative 7.7%)
failure rate                : 0.0% (cumulative 0.0%)
completed cycles / episode  : 0.610
synthetic task reward       : 6100.000
shaping reward              : 1140.357
learning reward             : 7240.357
episode length              : 600.6
abstract changes / episode  : 50.6
same abstract-state steps   : 91.6%
same-state shaping / episode: 0.000
changed-state shaping / ep. : 1140.357
terminal shaping / episode  : -0.731
DFA transitions / episode   : 1.73
DFA transitions in window   : 0->1: 112, 1->0: 61
epsilon (next episode)       : 0.18631
replay buffer                : 300000 samples [0: 66.3%, 1: 33.7%]
DFA state visits in window   : 0: 35495, 1: 24668
DFA state visits cumulative  : 0: 845586, 1: 172687
DFA state entries in window  : 0: 161, 1: 112
DFA state entries cumulative : 0: 4545, 1: 1151
transitions cumulative       : 0->1: 1151, 1->0: 345
accepted directly from s0    : 0
Gym endings cumulative       : terminated=4189, truncated=11

[Episode 4300/8000 | last 100]
success rate                : 63.0% (cumulative 9.0%)
failure rate                : 0.0% (cumulative 0.0%)
completed cycles / episode  : 0.910
synthetic task reward       : 9100.000
shaping reward              : 1301.329
learning reward             : 10401.329
episode length              : 749.3
abstract changes / episode  : 62.8
same abstract-state steps   : 91.6%
same-state shaping / episode: 0.000
changed-state shaping / ep. : 1301.329
terminal shaping / episode  : -7.255
DFA transitions / episode   : 2.31
DFA transitions in window   : 0->1: 140, 1->0: 91
epsilon (next episode)       : 0.17900
replay buffer                : 300000 samples [0: 61.9%, 1: 38.1%]
DFA state visits in window   : 0: 40147, 1: 34884
DFA state visits cumulative  : 0: 885733, 1: 207571
DFA state entries in window  : 0: 191, 1: 140
DFA state entries cumulative : 0: 4736, 1: 1291
transitions cumulative       : 0->1: 1291, 1->0: 436
accepted directly from s0    : 0
Gym endings cumulative       : terminated=4268, truncated=27

[Episode 4400/8000 | last 100]
success rate                : 61.0% (cumulative 10.2%)
failure rate                : 0.0% (cumulative 0.0%)
completed cycles / episode  : 0.860
synthetic task reward       : 8600.000
shaping reward              : 1033.421
learning reward             : 9633.421
episode length              : 628.5
abstract changes / episode  : 54.9
same abstract-state steps   : 91.3%
same-state shaping / episode: 0.000
changed-state shaping / ep. : 1033.421
terminal shaping / episode  : -14.437
DFA transitions / episode   : 2.23
DFA transitions in window   : 0->1: 137, 1->0: 86
epsilon (next episode)       : 0.17198
replay buffer                : 300000 samples [0: 57.7%, 1: 42.3%]
DFA state visits in window   : 0: 31806, 1: 31145
DFA state visits cumulative  : 0: 917539, 1: 238716
DFA state entries in window  : 0: 186, 1: 137
DFA state entries cumulative : 0: 4922, 1: 1428
transitions cumulative       : 0->1: 1428, 1->0: 522
accepted directly from s0    : 0
Gym endings cumulative       : terminated=4360, truncated=31

[Episode 4500/8000 | last 100]
success rate                : 79.0% (cumulative 11.7%)
failure rate                : 0.0% (cumulative 0.0%)
completed cycles / episode  : 1.090
synthetic task reward       : 10900.000
shaping reward              : 772.290
learning reward             : 11672.290
episode length              : 685.6
abstract changes / episode  : 61.8
same abstract-state steps   : 91.0%
same-state shaping / episode: 0.000
changed-state shaping / ep. : 772.290
terminal shaping / episode  : 0.000
DFA transitions / episode   : 2.58
DFA transitions in window   : 0->1: 149, 1->0: 109
epsilon (next episode)       : 0.16524
replay buffer                : 300000 samples [0: 56.4%, 1: 43.6%]
DFA state visits in window   : 0: 40944, 1: 27720
DFA state visits cumulative  : 0: 958483, 1: 266436
DFA state entries in window  : 0: 209, 1: 149
DFA state entries cumulative : 0: 5131, 1: 1577
transitions cumulative       : 0->1: 1577, 1->0: 631
accepted directly from s0    : 0
Gym endings cumulative       : terminated=4444, truncated=41

Starting autonomous greedy evaluation at episode 4500 (1000 fixed-seed episodes)...
[Greedy evaluation at episode 4500 | 1000 fixed-seed episodes]
success=11.9%, failure=0.0%, task reward=1270.000, cycles=0.127, length=1480.3
DFA transitions: 0->1: 413, 1->0: 127

[Episode 4600/8000 | last 100]
success rate                : 65.0% (cumulative 12.8%)
failure rate                : 0.0% (cumulative 0.0%)
completed cycles / episode  : 0.950
synthetic task reward       : 9500.000
shaping reward              : 1773.249
learning reward             : 11273.249
episode length              : 659.1
abstract changes / episode  : 59.6
same abstract-state steps   : 91.0%
same-state shaping / episode: 0.000
changed-state shaping / ep. : 1773.249
terminal shaping / episode  : 7.553
DFA transitions / episode   : 2.46
DFA transitions in window   : 0->1: 151, 1->0: 95
epsilon (next episode)       : 0.15876
replay buffer                : 300000 samples [0: 54.3%, 1: 45.7%]
DFA state visits in window   : 0: 34755, 1: 31260
DFA state visits cumulative  : 0: 993238, 1: 297696
DFA state entries in window  : 0: 195, 1: 151
DFA state entries cumulative : 0: 5326, 1: 1728
transitions cumulative       : 0->1: 1728, 1->0: 726
accepted directly from s0    : 0
Gym endings cumulative       : terminated=4530, truncated=45

[Episode 4700/8000 | last 100]
success rate                : 63.0% (cumulative 13.9%)
failure rate                : 0.0% (cumulative 0.0%)
completed cycles / episode  : 1.110
synthetic task reward       : 11100.000
shaping reward              : 1236.151
learning reward             : 12336.151
episode length              : 703.3
abstract changes / episode  : 62.6
same abstract-state steps   : 91.1%
same-state shaping / episode: 0.000
changed-state shaping / ep. : 1236.151
terminal shaping / episode  : 7.116
DFA transitions / episode   : 2.71
DFA transitions in window   : 0->1: 160, 1->0: 111
epsilon (next episode)       : 0.15253
replay buffer                : 300000 samples [0: 55.1%, 1: 44.9%]
DFA state visits in window   : 0: 41240, 1: 29190
DFA state visits cumulative  : 0: 1034478, 1: 326886
DFA state entries in window  : 0: 211, 1: 160
DFA state entries cumulative : 0: 5537, 1: 1888
transitions cumulative       : 0->1: 1888, 1->0: 837
accepted directly from s0    : 0
Gym endings cumulative       : terminated=4606, truncated=53

[Episode 4800/8000 | last 100]
success rate                : 68.0% (cumulative 15.0%)
failure rate                : 0.0% (cumulative 0.0%)
completed cycles / episode  : 1.190
synthetic task reward       : 11900.000
shaping reward              : 1488.991
learning reward             : 13388.991
episode length              : 754.4
abstract changes / episode  : 70.5
same abstract-state steps   : 90.7%
same-state shaping / episode: 0.000
changed-state shaping / ep. : 1488.991
terminal shaping / episode  : 7.328
DFA transitions / episode   : 2.91
DFA transitions in window   : 0->1: 172, 1->0: 119
epsilon (next episode)       : 0.14655
replay buffer                : 300000 samples [0: 57.0%, 1: 43.0%]
DFA state visits in window   : 0: 44040, 1: 31501
DFA state visits cumulative  : 0: 1078518, 1: 358387
DFA state entries in window  : 0: 219, 1: 172
DFA state entries cumulative : 0: 5756, 1: 2060
transitions cumulative       : 0->1: 2060, 1->0: 956
accepted directly from s0    : 0
Gym endings cumulative       : terminated=4682, truncated=62

[Episode 4900/8000 | last 100]
success rate                : 73.0% (cumulative 16.2%)
failure rate                : 0.0% (cumulative 0.0%)
completed cycles / episode  : 1.430
synthetic task reward       : 14300.000
shaping reward              : 1300.481
learning reward             : 15600.481
episode length              : 815.1
abstract changes / episode  : 73.6
same abstract-state steps   : 91.0%
same-state shaping / episode: 0.000
changed-state shaping / ep. : 1300.481
terminal shaping / episode  : 15.234
DFA transitions / episode   : 3.38
DFA transitions in window   : 0->1: 195, 1->0: 143
epsilon (next episode)       : 0.14080
replay buffer                : 300000 samples [0: 56.1%, 1: 43.9%]
DFA state visits in window   : 0: 43682, 1: 37924
DFA state visits cumulative  : 0: 1122200, 1: 396311
DFA state entries in window  : 0: 243, 1: 195
DFA state entries cumulative : 0: 5999, 1: 2255
transitions cumulative       : 0->1: 2255, 1->0: 1099
accepted directly from s0    : 0
Gym endings cumulative       : terminated=4753, truncated=69

[Episode 5000/8000 | last 100]
success rate                : 82.0% (cumulative 17.5%)
failure rate                : 0.0% (cumulative 0.0%)
completed cycles / episode  : 1.470
synthetic task reward       : 14700.000
shaping reward              : 921.075
learning reward             : 15621.075
episode length              : 803.0
abstract changes / episode  : 73.8
same abstract-state steps   : 90.8%
same-state shaping / episode: 0.000
changed-state shaping / ep. : 921.075
terminal shaping / episode  : 0.000
DFA transitions / episode   : 3.39
DFA transitions in window   : 0->1: 192, 1->0: 147
epsilon (next episode)       : 0.13528
replay buffer                : 300000 samples [0: 55.9%, 1: 44.1%]
DFA state visits in window   : 0: 43215, 1: 37186
DFA state visits cumulative  : 0: 1165415, 1: 433497
DFA state entries in window  : 0: 247, 1: 192
DFA state entries cumulative : 0: 6246, 1: 2447
transitions cumulative       : 0->1: 2447, 1->0: 1246
accepted directly from s0    : 0
Gym endings cumulative       : terminated=4831, truncated=76

Starting autonomous greedy evaluation at episode 5000 (1000 fixed-seed episodes)...
[Greedy evaluation at episode 5000 | 1000 fixed-seed episodes]
success=99.9%, failure=0.0%, task reward=29680.000, cycles=2.968, length=992.0
DFA transitions: 0->1: 2973, 1->0: 2968
Best policy updated from autonomous greedy evaluation at episode 5000.

[Episode 5100/8000 | last 100]
success rate                : 86.0% (cumulative 18.9%)
failure rate                : 0.0% (cumulative 0.0%)
completed cycles / episode  : 1.850
synthetic task reward       : 18500.000
shaping reward              : 510.961
learning reward             : 19010.961
episode length              : 901.6
abstract changes / episode  : 85.3
same abstract-state steps   : 90.5%
same-state shaping / episode: 0.000
changed-state shaping / ep. : 510.961
terminal shaping / episode  : -13.716
DFA transitions / episode   : 4.09
DFA transitions in window   : 0->1: 224, 1->0: 185
epsilon (next episode)       : 0.12998
replay buffer                : 300000 samples [0: 52.2%, 1: 47.8%]
DFA state visits in window   : 0: 43454, 1: 46811
DFA state visits cumulative  : 0: 1208869, 1: 480308
DFA state entries in window  : 0: 285, 1: 224
DFA state entries cumulative : 0: 6531, 1: 2671
transitions cumulative       : 0->1: 2671, 1->0: 1431
accepted directly from s0    : 0
Gym endings cumulative       : terminated=4884, truncated=85

[Episode 5200/8000 | last 100]
success rate                : 90.0% (cumulative 20.2%)
failure rate                : 0.0% (cumulative 0.0%)
completed cycles / episode  : 2.090
synthetic task reward       : 20900.000
shaping reward              : -21.968
learning reward             : 20878.032
episode length              : 946.2
abstract changes / episode  : 85.7
same abstract-state steps   : 90.9%
same-state shaping / episode: 0.000
changed-state shaping / ep. : -21.968
terminal shaping / episode  : -7.182
DFA transitions / episode   : 4.51
DFA transitions in window   : 0->1: 242, 1->0: 209
epsilon (next episode)       : 0.12488
replay buffer                : 300000 samples [0: 52.0%, 1: 48.0%]
DFA state visits in window   : 0: 50905, 1: 43813
DFA state visits cumulative  : 0: 1259774, 1: 524121
DFA state entries in window  : 0: 309, 1: 242
DFA state entries cumulative : 0: 6840, 1: 2913
transitions cumulative       : 0->1: 2913, 1->0: 1640
accepted directly from s0    : 0
Gym endings cumulative       : terminated=4924, truncated=95

[Episode 5300/8000 | last 100]
success rate                : 86.0% (cumulative 21.5%)
failure rate                : 0.0% (cumulative 0.0%)
completed cycles / episode  : 1.880
synthetic task reward       : 18800.000
shaping reward              : 80.360
learning reward             : 18880.360
episode length              : 919.3
abstract changes / episode  : 77.5
same abstract-state steps   : 91.6%
same-state shaping / episode: 0.000
changed-state shaping / ep. : 80.360
terminal shaping / episode  : 0.000
DFA transitions / episode   : 4.08
DFA transitions in window   : 0->1: 220, 1->0: 188
epsilon (next episode)       : 0.11998
replay buffer                : 300000 samples [0: 52.9%, 1: 47.1%]
DFA state visits in window   : 0: 52828, 1: 39205
DFA state visits cumulative  : 0: 1312602, 1: 563326
DFA state entries in window  : 0: 288, 1: 220
DFA state entries cumulative : 0: 7128, 1: 3133
transitions cumulative       : 0->1: 3133, 1->0: 1828
accepted directly from s0    : 0
Gym endings cumulative       : terminated=4970, truncated=110

[Episode 5400/8000 | last 100]
success rate                : 91.0% (cumulative 22.8%)
failure rate                : 0.0% (cumulative 0.0%)
completed cycles / episode  : 1.890
synthetic task reward       : 18900.000
shaping reward              : -233.640
learning reward             : 18666.360
episode length              : 846.7
abstract changes / episode  : 80.3
same abstract-state steps   : 90.5%
same-state shaping / episode: 0.000
changed-state shaping / ep. : -233.640
terminal shaping / episode  : 0.731
DFA transitions / episode   : 4.07
DFA transitions in window   : 0->1: 218, 1->0: 189
epsilon (next episode)       : 0.11528
replay buffer                : 300000 samples [0: 54.5%, 1: 45.5%]
DFA state visits in window   : 0: 44979, 1: 39792
DFA state visits cumulative  : 0: 1357581, 1: 603118
DFA state entries in window  : 0: 289, 1: 218
DFA state entries cumulative : 0: 7417, 1: 3351
transitions cumulative       : 0->1: 3351, 1->0: 2017
accepted directly from s0    : 0
Gym endings cumulative       : terminated=5030, truncated=113

[Episode 5500/8000 | last 100]
success rate                : 91.0% (cumulative 24.0%)
failure rate                : 0.0% (cumulative 0.0%)
completed cycles / episode  : 1.960
synthetic task reward       : 19600.000
shaping reward              : 233.376
learning reward             : 19833.376
episode length              : 793.7
abstract changes / episode  : 76.1
same abstract-state steps   : 90.4%
same-state shaping / episode: 0.000
changed-state shaping / ep. : 233.376
terminal shaping / episode  : -13.716
DFA transitions / episode   : 4.19
DFA transitions in window   : 0->1: 223, 1->0: 196
epsilon (next episode)       : 0.11075
replay buffer                : 300000 samples [0: 55.1%, 1: 44.9%]
DFA state visits in window   : 0: 43640, 1: 35833
DFA state visits cumulative  : 0: 1401221, 1: 638951
DFA state entries in window  : 0: 296, 1: 223
DFA state entries cumulative : 0: 7713, 1: 3574
transitions cumulative       : 0->1: 3574, 1->0: 2213
accepted directly from s0    : 0
Gym endings cumulative       : terminated=5086, truncated=117

Starting autonomous greedy evaluation at episode 5500 (1000 fixed-seed episodes)...
[Greedy evaluation at episode 5500 | 1000 fixed-seed episodes]
success=100.0%, failure=0.0%, task reward=29370.000, cycles=2.937, length=882.5
DFA transitions: 0->1: 2972, 1->0: 2937

[Episode 5600/8000 | last 100]
success rate                : 95.0% (cumulative 25.3%)
failure rate                : 0.0% (cumulative 0.0%)
completed cycles / episode  : 2.080
synthetic task reward       : 20800.000
shaping reward              : 9.899
learning reward             : 20809.899
episode length              : 891.7
abstract changes / episode  : 85.1
same abstract-state steps   : 90.5%
same-state shaping / episode: 0.000
changed-state shaping / ep. : 9.899
terminal shaping / episode  : 0.000
DFA transitions / episode   : 4.47
DFA transitions in window   : 0->1: 239, 1->0: 208
epsilon (next episode)       : 0.10641
replay buffer                : 300000 samples [0: 54.9%, 1: 45.1%]
DFA state visits in window   : 0: 48915, 1: 40353
DFA state visits cumulative  : 0: 1450136, 1: 679304
DFA state entries in window  : 0: 308, 1: 239
DFA state entries cumulative : 0: 8021, 1: 3813
transitions cumulative       : 0->1: 3813, 1->0: 2421
accepted directly from s0    : 0
Gym endings cumulative       : terminated=5135, truncated=123

[Episode 5700/8000 | last 100]
success rate                : 89.0% (cumulative 26.4%)
failure rate                : 0.0% (cumulative 0.0%)
completed cycles / episode  : 1.800
synthetic task reward       : 18000.000
shaping reward              : 419.019
learning reward             : 18419.019
episode length              : 801.2
abstract changes / episode  : 76.4
same abstract-state steps   : 90.5%
same-state shaping / episode: 0.000
changed-state shaping / ep. : 419.019
terminal shaping / episode  : 0.205
DFA transitions / episode   : 3.97
DFA transitions in window   : 0->1: 217, 1->0: 180
epsilon (next episode)       : 0.10224
replay buffer                : 300000 samples [0: 54.3%, 1: 45.7%]
DFA state visits in window   : 0: 43554, 1: 36669
DFA state visits cumulative  : 0: 1493690, 1: 715973
DFA state entries in window  : 0: 280, 1: 217
DFA state entries cumulative : 0: 8301, 1: 4030
transitions cumulative       : 0->1: 4030, 1->0: 2601
accepted directly from s0    : 0
Gym endings cumulative       : terminated=5198, truncated=126

[Episode 5800/8000 | last 100]
success rate                : 84.0% (cumulative 27.4%)
failure rate                : 0.0% (cumulative 0.0%)
completed cycles / episode  : 1.820
synthetic task reward       : 18200.000
shaping reward              : 259.327
learning reward             : 18459.327
episode length              : 797.0
abstract changes / episode  : 75.9
same abstract-state steps   : 90.5%
same-state shaping / episode: 0.000
changed-state shaping / ep. : 259.327
terminal shaping / episode  : -6.686
DFA transitions / episode   : 4.04
DFA transitions in window   : 0->1: 222, 1->0: 182
epsilon (next episode)       : 0.09823
replay buffer                : 300000 samples [0: 53.1%, 1: 46.9%]
DFA state visits in window   : 0: 38895, 1: 40906
DFA state visits cumulative  : 0: 1532585, 1: 756879
DFA state entries in window  : 0: 282, 1: 222
DFA state entries cumulative : 0: 8583, 1: 4252
transitions cumulative       : 0->1: 4252, 1->0: 2783
accepted directly from s0    : 0
Gym endings cumulative       : terminated=5260, truncated=129

[Episode 5900/8000 | last 100]
success rate                : 89.0% (cumulative 28.4%)
failure rate                : 0.0% (cumulative 0.0%)
completed cycles / episode  : 1.890
synthetic task reward       : 18900.000
shaping reward              : -377.029
learning reward             : 18522.971
episode length              : 766.5
abstract changes / episode  : 73.6
same abstract-state steps   : 90.4%
same-state shaping / episode: 0.000
changed-state shaping / ep. : -377.029
terminal shaping / episode  : 0.000
DFA transitions / episode   : 4.09
DFA transitions in window   : 0->1: 220, 1->0: 189
epsilon (next episode)       : 0.09438
replay buffer                : 300000 samples [0: 52.3%, 1: 47.7%]
DFA state visits in window   : 0: 39884, 1: 36863
DFA state visits cumulative  : 0: 1572469, 1: 793742
DFA state entries in window  : 0: 289, 1: 220
DFA state entries cumulative : 0: 8872, 1: 4472
transitions cumulative       : 0->1: 4472, 1->0: 2972
accepted directly from s0    : 0
Gym endings cumulative       : terminated=5317, truncated=131

[Episode 6000/8000 | last 100]
success rate                : 93.0% (cumulative 29.5%)
failure rate                : 0.0% (cumulative 0.0%)
completed cycles / episode  : 2.160
synthetic task reward       : 21600.000
shaping reward              : -355.588
learning reward             : 21244.412
episode length              : 912.6
abstract changes / episode  : 85.2
same abstract-state steps   : 90.7%
same-state shaping / episode: 0.000
changed-state shaping / ep. : -355.588
terminal shaping / episode  : 0.000
DFA transitions / episode   : 4.61
DFA transitions in window   : 0->1: 245, 1->0: 216
epsilon (next episode)       : 0.09067
replay buffer                : 300000 samples [0: 51.4%, 1: 48.6%]
DFA state visits in window   : 0: 48178, 1: 43186
DFA state visits cumulative  : 0: 1620647, 1: 836928
DFA state entries in window  : 0: 316, 1: 245
DFA state entries cumulative : 0: 9188, 1: 4717
transitions cumulative       : 0->1: 4717, 1->0: 3188
accepted directly from s0    : 0
Gym endings cumulative       : terminated=5357, truncated=139

Starting autonomous greedy evaluation at episode 6000 (1000 fixed-seed episodes)...
[Greedy evaluation at episode 6000 | 1000 fixed-seed episodes]
success=97.6%, failure=0.0%, task reward=29130.000, cycles=2.913, length=827.9
DFA transitions: 0->1: 2922, 1->0: 2913

[Episode 6100/8000 | last 100]
success rate                : 89.0% (cumulative 30.5%)
failure rate                : 0.0% (cumulative 0.0%)
completed cycles / episode  : 1.850
synthetic task reward       : 18500.000
shaping reward              : 282.541
learning reward             : 18782.541
episode length              : 785.1
abstract changes / episode  : 77.3
same abstract-state steps   : 90.2%
same-state shaping / episode: 0.000
changed-state shaping / ep. : 282.541
terminal shaping / episode  : 0.000
DFA transitions / episode   : 4.08
DFA transitions in window   : 0->1: 223, 1->0: 185
epsilon (next episode)       : 0.08712
replay buffer                : 300000 samples [0: 51.9%, 1: 48.1%]
DFA state visits in window   : 0: 42273, 1: 36338
DFA state visits cumulative  : 0: 1662920, 1: 873266
DFA state entries in window  : 0: 285, 1: 223
DFA state entries cumulative : 0: 9473, 1: 4940
transitions cumulative       : 0->1: 4940, 1->0: 3373
accepted directly from s0    : 0
Gym endings cumulative       : terminated=5418, truncated=141

[Episode 6200/8000 | last 100]
success rate                : 92.0% (cumulative 31.5%)
failure rate                : 0.0% (cumulative 0.0%)
completed cycles / episode  : 2.180
synthetic task reward       : 21800.000
shaping reward              : -557.507
learning reward             : 21242.493
episode length              : 800.2
abstract changes / episode  : 75.4
same abstract-state steps   : 90.6%
same-state shaping / episode: 0.000
changed-state shaping / ep. : -557.507
terminal shaping / episode  : 0.000
DFA transitions / episode   : 4.63
DFA transitions in window   : 0->1: 245, 1->0: 218
epsilon (next episode)       : 0.08370
replay buffer                : 300000 samples [0: 52.0%, 1: 48.0%]
DFA state visits in window   : 0: 40087, 1: 40035
DFA state visits cumulative  : 0: 1703007, 1: 913301
DFA state entries in window  : 0: 318, 1: 245
DFA state entries cumulative : 0: 9791, 1: 5185
transitions cumulative       : 0->1: 5185, 1->0: 3591
accepted directly from s0    : 0
Gym endings cumulative       : terminated=5459, truncated=143

[Episode 6300/8000 | last 100]
success rate                : 82.0% (cumulative 32.3%)
failure rate                : 0.0% (cumulative 0.0%)
completed cycles / episode  : 1.760
synthetic task reward       : 17600.000
shaping reward              : 64.711
learning reward             : 17664.711
episode length              : 825.3
abstract changes / episode  : 74.1
same abstract-state steps   : 91.0%
same-state shaping / episode: 0.000
changed-state shaping / ep. : 64.711
terminal shaping / episode  : 0.000
DFA transitions / episode   : 3.94
DFA transitions in window   : 0->1: 218, 1->0: 176
epsilon (next episode)       : 0.08042
replay buffer                : 300000 samples [0: 51.3%, 1: 48.7%]
DFA state visits in window   : 0: 40256, 1: 42372
DFA state visits cumulative  : 0: 1743263, 1: 955673
DFA state entries in window  : 0: 276, 1: 218
DFA state entries cumulative : 0: 10067, 1: 5403
transitions cumulative       : 0->1: 5403, 1->0: 3767
accepted directly from s0    : 0
Gym endings cumulative       : terminated=5516, truncated=148

[Episode 6400/8000 | last 100]
success rate                : 86.0% (cumulative 33.1%)
failure rate                : 0.0% (cumulative 0.0%)
completed cycles / episode  : 1.920
synthetic task reward       : 19200.000
shaping reward              : -292.908
learning reward             : 18907.092
episode length              : 777.7
abstract changes / episode  : 73.8
same abstract-state steps   : 90.5%
same-state shaping / episode: 0.000
changed-state shaping / ep. : -292.908
terminal shaping / episode  : 7.847
DFA transitions / episode   : 4.21
DFA transitions in window   : 0->1: 229, 1->0: 192
epsilon (next episode)       : 0.07727
replay buffer                : 300000 samples [0: 51.1%, 1: 48.9%]
DFA state visits in window   : 0: 41059, 1: 36809
DFA state visits cumulative  : 0: 1784322, 1: 992482
DFA state entries in window  : 0: 292, 1: 229
DFA state entries cumulative : 0: 10359, 1: 5632
transitions cumulative       : 0->1: 5632, 1->0: 3959
accepted directly from s0    : 0
Gym endings cumulative       : terminated=5568, truncated=149

[Episode 6500/8000 | last 100]
success rate                : 78.0% (cumulative 33.8%)
failure rate                : 0.0% (cumulative 0.0%)
completed cycles / episode  : 1.600
synthetic task reward       : 16000.000
shaping reward              : 447.400
learning reward             : 16447.400
episode length              : 789.8
abstract changes / episode  : 72.3
same abstract-state steps   : 90.8%
same-state shaping / episode: 0.000
changed-state shaping / ep. : 447.400
terminal shaping / episode  : 0.000
DFA transitions / episode   : 3.67
DFA transitions in window   : 0->1: 207, 1->0: 160
epsilon (next episode)       : 0.07423
replay buffer                : 300000 samples [0: 52.2%, 1: 47.8%]
DFA state visits in window   : 0: 45828, 1: 33255
DFA state visits cumulative  : 0: 1830150, 1: 1025737
DFA state entries in window  : 0: 260, 1: 207
DFA state entries cumulative : 0: 10619, 1: 5839
transitions cumulative       : 0->1: 5839, 1->0: 4119
accepted directly from s0    : 0
Gym endings cumulative       : terminated=5628, truncated=155

Starting autonomous greedy evaluation at episode 6500 (1000 fixed-seed episodes)...
[Greedy evaluation at episode 6500 | 1000 fixed-seed episodes]
success=99.0%, failure=0.0%, task reward=27620.000, cycles=2.762, length=1043.1
DFA transitions: 0->1: 2818, 1->0: 2762

[Episode 6600/8000 | last 100]
success rate                : 82.0% (cumulative 34.5%)
failure rate                : 0.0% (cumulative 0.0%)
completed cycles / episode  : 1.610
synthetic task reward       : 16100.000
shaping reward              : 708.299
learning reward             : 16808.299
episode length              : 793.4
abstract changes / episode  : 72.8
same abstract-state steps   : 90.8%
same-state shaping / episode: 0.000
changed-state shaping / ep. : 708.299
terminal shaping / episode  : -6.619
DFA transitions / episode   : 3.68
DFA transitions in window   : 0->1: 207, 1->0: 161
epsilon (next episode)       : 0.07132
replay buffer                : 300000 samples [0: 53.0%, 1: 47.0%]
DFA state visits in window   : 0: 41447, 1: 37995
DFA state visits cumulative  : 0: 1871597, 1: 1063732
DFA state entries in window  : 0: 261, 1: 207
DFA state entries cumulative : 0: 10880, 1: 6046
transitions cumulative       : 0->1: 6046, 1->0: 4280
accepted directly from s0    : 0
Gym endings cumulative       : terminated=5694, truncated=160

[Episode 6700/8000 | last 100]
success rate                : 55.0% (cumulative 34.9%)
failure rate                : 0.0% (cumulative 0.0%)
completed cycles / episode  : 1.050
synthetic task reward       : 10500.000
shaping reward              : 1318.981
learning reward             : 11818.981
episode length              : 695.0
abstract changes / episode  : 60.8
same abstract-state steps   : 91.2%
same-state shaping / episode: 0.000
changed-state shaping / ep. : 1318.981
terminal shaping / episode  : 7.402
DFA transitions / episode   : 2.65
DFA transitions in window   : 0->1: 160, 1->0: 105
epsilon (next episode)       : 0.06853
replay buffer                : 300000 samples [0: 55.8%, 1: 44.2%]
DFA state visits in window   : 0: 42777, 1: 26820
DFA state visits cumulative  : 0: 1914374, 1: 1090552
DFA state entries in window  : 0: 205, 1: 160
DFA state entries cumulative : 0: 11085, 1: 6206
transitions cumulative       : 0->1: 6206, 1->0: 4385
accepted directly from s0    : 0
Gym endings cumulative       : terminated=5773, truncated=165

[Episode 6800/8000 | last 100]
success rate                : 74.0% (cumulative 35.4%)
failure rate                : 0.0% (cumulative 0.0%)
completed cycles / episode  : 1.540
synthetic task reward       : 15400.000
shaping reward              : 1172.574
learning reward             : 16572.574
episode length              : 722.0
abstract changes / episode  : 67.9
same abstract-state steps   : 90.6%
same-state shaping / episode: 0.000
changed-state shaping / ep. : 1172.574
terminal shaping / episode  : -14.879
DFA transitions / episode   : 3.63
DFA transitions in window   : 0->1: 209, 1->0: 154
epsilon (next episode)       : 0.06584
replay buffer                : 300000 samples [0: 54.7%, 1: 45.3%]
DFA state visits in window   : 0: 34253, 1: 38049
DFA state visits cumulative  : 0: 1948627, 1: 1128601
DFA state entries in window  : 0: 254, 1: 209
DFA state entries cumulative : 0: 11339, 1: 6415
transitions cumulative       : 0->1: 6415, 1->0: 4539
accepted directly from s0    : 0
Gym endings cumulative       : terminated=5838, truncated=171

[Episode 6900/8000 | last 100]
success rate                : 85.0% (cumulative 36.1%)
failure rate                : 0.0% (cumulative 0.0%)
completed cycles / episode  : 1.800
synthetic task reward       : 18000.000
shaping reward              : 132.611
learning reward             : 18132.611
episode length              : 768.8
abstract changes / episode  : 74.2
same abstract-state steps   : 90.3%
same-state shaping / episode: 0.000
changed-state shaping / ep. : 132.611
terminal shaping / episode  : 14.731
DFA transitions / episode   : 4.02
DFA transitions in window   : 0->1: 222, 1->0: 180
epsilon (next episode)       : 0.06326
replay buffer                : 300000 samples [0: 52.0%, 1: 48.0%]
DFA state visits in window   : 0: 36810, 1: 40166
DFA state visits cumulative  : 0: 1985437, 1: 1168767
DFA state entries in window  : 0: 280, 1: 222
DFA state entries cumulative : 0: 11619, 1: 6637
transitions cumulative       : 0->1: 6637, 1->0: 4719
accepted directly from s0    : 0
Gym endings cumulative       : terminated=5897, truncated=172

[Episode 7000/8000 | last 100]
success rate                : 87.0% (cumulative 36.9%)
failure rate                : 0.0% (cumulative 0.0%)
completed cycles / episode  : 1.770
synthetic task reward       : 17700.000
shaping reward              : 549.945
learning reward             : 18249.945
episode length              : 769.4
abstract changes / episode  : 73.2
same abstract-state steps   : 90.5%
same-state shaping / episode: 0.000
changed-state shaping / ep. : 549.945
terminal shaping / episode  : 0.791
DFA transitions / episode   : 3.95
DFA transitions in window   : 0->1: 218, 1->0: 177
epsilon (next episode)       : 0.06078
replay buffer                : 300000 samples [0: 52.2%, 1: 47.8%]
DFA state visits in window   : 0: 40836, 1: 36208
DFA state visits cumulative  : 0: 2026273, 1: 1204975
DFA state entries in window  : 0: 277, 1: 218
DFA state entries cumulative : 0: 11896, 1: 6855
transitions cumulative       : 0->1: 6855, 1->0: 4896
accepted directly from s0    : 0
Gym endings cumulative       : terminated=5959, truncated=176

Starting autonomous greedy evaluation at episode 7000 (1000 fixed-seed episodes)...
[Greedy evaluation at episode 7000 | 1000 fixed-seed episodes]
success=94.7%, failure=0.0%, task reward=26010.000, cycles=2.601, length=955.4
DFA transitions: 0->1: 2621, 1->0: 2601

[Episode 7100/8000 | last 100]
success rate                : 84.0% (cumulative 37.5%)
failure rate                : 0.0% (cumulative 0.0%)
completed cycles / episode  : 1.870
synthetic task reward       : 18700.000
shaping reward              : 237.212
learning reward             : 18937.212
episode length              : 856.3
abstract changes / episode  : 74.6
same abstract-state steps   : 91.3%
same-state shaping / episode: 0.000
changed-state shaping / ep. : 237.212
terminal shaping / episode  : -6.619
DFA transitions / episode   : 4.10
DFA transitions in window   : 0->1: 223, 1->0: 187
epsilon (next episode)       : 0.05839
replay buffer                : 300000 samples [0: 49.8%, 1: 50.2%]
DFA state visits in window   : 0: 43032, 1: 42699
DFA state visits cumulative  : 0: 2069305, 1: 1247674
DFA state entries in window  : 0: 287, 1: 223
DFA state entries cumulative : 0: 12183, 1: 7078
transitions cumulative       : 0->1: 7078, 1->0: 5083
accepted directly from s0    : 0
Gym endings cumulative       : terminated=6010, truncated=186

[Episode 7200/8000 | last 100]
success rate                : 81.0% (cumulative 38.1%)
failure rate                : 0.0% (cumulative 0.0%)
completed cycles / episode  : 1.720
synthetic task reward       : 17200.000
shaping reward              : 39.610
learning reward             : 17239.610
episode length              : 722.8
abstract changes / episode  : 68.7
same abstract-state steps   : 90.5%
same-state shaping / episode: 0.000
changed-state shaping / ep. : 39.610
terminal shaping / episode  : 7.030
DFA transitions / episode   : 3.81
DFA transitions in window   : 0->1: 209, 1->0: 172
epsilon (next episode)       : 0.05610
replay buffer                : 300000 samples [0: 50.2%, 1: 49.8%]
DFA state visits in window   : 0: 35557, 1: 36821
DFA state visits cumulative  : 0: 2104862, 1: 1284495
DFA state entries in window  : 0: 272, 1: 209
DFA state entries cumulative : 0: 12455, 1: 7287
transitions cumulative       : 0->1: 7287, 1->0: 5255
accepted directly from s0    : 0
Gym endings cumulative       : terminated=6073, truncated=187

[Episode 7300/8000 | last 100]
success rate                : 72.0% (cumulative 38.6%)
failure rate                : 0.0% (cumulative 0.0%)
completed cycles / episode  : 1.250
synthetic task reward       : 12500.000
shaping reward              : 1361.111
learning reward             : 13861.111
episode length              : 701.6
abstract changes / episode  : 69.7
same abstract-state steps   : 90.1%
same-state shaping / episode: 0.000
changed-state shaping / ep. : 1361.111
terminal shaping / episode  : 14.657
DFA transitions / episode   : 3.06
DFA transitions in window   : 0->1: 181, 1->0: 125
epsilon (next episode)       : 0.05390
replay buffer                : 300000 samples [0: 51.0%, 1: 49.0%]
DFA state visits in window   : 0: 36154, 1: 34104
DFA state visits cumulative  : 0: 2141016, 1: 1318599
DFA state entries in window  : 0: 225, 1: 181
DFA state entries cumulative : 0: 12680, 1: 7468
transitions cumulative       : 0->1: 7468, 1->0: 5380
accepted directly from s0    : 0
Gym endings cumulative       : terminated=6153, truncated=192

[Episode 7400/8000 | last 100]
success rate                : 84.0% (cumulative 39.2%)
failure rate                : 0.0% (cumulative 0.0%)
completed cycles / episode  : 1.830
synthetic task reward       : 18300.000
shaping reward              : 86.226
learning reward             : 18386.226
episode length              : 778.0
abstract changes / episode  : 73.5
same abstract-state steps   : 90.6%
same-state shaping / episode: 0.000
changed-state shaping / ep. : 86.226
terminal shaping / episode  : 0.000
DFA transitions / episode   : 4.01
DFA transitions in window   : 0->1: 218, 1->0: 183
epsilon (next episode)       : 0.05179
replay buffer                : 300000 samples [0: 51.1%, 1: 48.9%]
DFA state visits in window   : 0: 41939, 1: 35962
DFA state visits cumulative  : 0: 2182955, 1: 1354561
DFA state entries in window  : 0: 283, 1: 218
DFA state entries cumulative : 0: 12963, 1: 7686
transitions cumulative       : 0->1: 7686, 1->0: 5563
accepted directly from s0    : 0
Gym endings cumulative       : terminated=6207, truncated=194

[Episode 7500/8000 | last 100]
success rate                : 70.0% (cumulative 39.6%)
failure rate                : 0.0% (cumulative 0.0%)
completed cycles / episode  : 1.420
synthetic task reward       : 14200.000
shaping reward              : 1182.932
learning reward             : 15382.932
episode length              : 803.3
abstract changes / episode  : 71.3
same abstract-state steps   : 91.1%
same-state shaping / episode: 0.000
changed-state shaping / ep. : 1182.932
terminal shaping / episode  : -0.941
DFA transitions / episode   : 3.38
DFA transitions in window   : 0->1: 196, 1->0: 142
epsilon (next episode)       : 0.04976
replay buffer                : 300000 samples [0: 51.1%, 1: 48.9%]
DFA state visits in window   : 0: 40177, 1: 40253
DFA state visits cumulative  : 0: 2223132, 1: 1394814
DFA state entries in window  : 0: 242, 1: 196
DFA state entries cumulative : 0: 13205, 1: 7882
transitions cumulative       : 0->1: 7882, 1->0: 5705
accepted directly from s0    : 0
Gym endings cumulative       : terminated=6266, truncated=206

Starting autonomous greedy evaluation at episode 7500 (1000 fixed-seed episodes)...
[Greedy evaluation at episode 7500 | 1000 fixed-seed episodes]
success=86.2%, failure=0.0%, task reward=21160.000, cycles=2.116, length=1062.4
DFA transitions: 0->1: 2250, 1->0: 2116

[Episode 7600/8000 | last 100]
success rate                : 92.0% (cumulative 40.3%)
failure rate                : 0.0% (cumulative 0.0%)
completed cycles / episode  : 1.900
synthetic task reward       : 19000.000
shaping reward              : 513.956
learning reward             : 19513.956
episode length              : 858.8
abstract changes / episode  : 80.1
same abstract-state steps   : 90.7%
same-state shaping / episode: 0.000
changed-state shaping / ep. : 513.956
terminal shaping / episode  : 6.960
DFA transitions / episode   : 4.22
DFA transitions in window   : 0->1: 232, 1->0: 190
epsilon (next episode)       : 0.04781
replay buffer                : 300000 samples [0: 51.4%, 1: 48.6%]
DFA state visits in window   : 0: 42845, 1: 43133
DFA state visits cumulative  : 0: 2265977, 1: 1437947
DFA state entries in window  : 0: 290, 1: 232
DFA state entries cumulative : 0: 13495, 1: 8114
transitions cumulative       : 0->1: 8114, 1->0: 5895
accepted directly from s0    : 0
Gym endings cumulative       : terminated=6324, truncated=213

[Episode 7700/8000 | last 100]
success rate                : 91.0% (cumulative 41.0%)
failure rate                : 0.0% (cumulative 0.0%)
completed cycles / episode  : 2.250
synthetic task reward       : 22500.000
shaping reward              : -199.406
learning reward             : 22300.594
episode length              : 843.6
abstract changes / episode  : 82.0
same abstract-state steps   : 90.3%
same-state shaping / episode: 0.000
changed-state shaping / ep. : -199.406
terminal shaping / episode  : -7.477
DFA transitions / episode   : 4.83
DFA transitions in window   : 0->1: 258, 1->0: 225
epsilon (next episode)       : 0.04593
replay buffer                : 300000 samples [0: 50.8%, 1: 49.2%]
DFA state visits in window   : 0: 42824, 1: 41641
DFA state visits cumulative  : 0: 2308801, 1: 1479588
DFA state entries in window  : 0: 325, 1: 258
DFA state entries cumulative : 0: 13820, 1: 8372
transitions cumulative       : 0->1: 8372, 1->0: 6120
accepted directly from s0    : 0
Gym endings cumulative       : terminated=6367, truncated=213

[Episode 7800/8000 | last 100]
success rate                : 88.0% (cumulative 41.6%)
failure rate                : 0.0% (cumulative 0.0%)
completed cycles / episode  : 2.140
synthetic task reward       : 21400.000
shaping reward              : -393.080
learning reward             : 21006.920
episode length              : 854.5
abstract changes / episode  : 81.2
same abstract-state steps   : 90.5%
same-state shaping / episode: 0.000
changed-state shaping / ep. : -393.080
terminal shaping / episode  : 0.000
DFA transitions / episode   : 4.59
DFA transitions in window   : 0->1: 245, 1->0: 214
epsilon (next episode)       : 0.04413
replay buffer                : 300000 samples [0: 52.0%, 1: 48.0%]
DFA state visits in window   : 0: 46097, 1: 39451
DFA state visits cumulative  : 0: 2354898, 1: 1519039
DFA state entries in window  : 0: 314, 1: 245
DFA state entries cumulative : 0: 14134, 1: 8617
transitions cumulative       : 0->1: 8617, 1->0: 6334
accepted directly from s0    : 0
Gym endings cumulative       : terminated=6408, truncated=215

[Episode 7900/8000 | last 100]
success rate                : 86.0% (cumulative 42.1%)
failure rate                : 0.0% (cumulative 0.0%)
completed cycles / episode  : 2.120
synthetic task reward       : 21200.000
shaping reward              : -5.176
learning reward             : 21194.824
episode length              : 872.4
abstract changes / episode  : 81.5
same abstract-state steps   : 90.7%
same-state shaping / episode: 0.000
changed-state shaping / ep. : -5.176
terminal shaping / episode  : 7.553
DFA transitions / episode   : 4.58
DFA transitions in window   : 0->1: 246, 1->0: 212
epsilon (next episode)       : 0.04240
replay buffer                : 300000 samples [0: 51.9%, 1: 48.1%]
DFA state visits in window   : 0: 46424, 1: 40914
DFA state visits cumulative  : 0: 2401322, 1: 1559953
DFA state entries in window  : 0: 312, 1: 246
DFA state entries cumulative : 0: 14446, 1: 8863
transitions cumulative       : 0->1: 8863, 1->0: 6546
accepted directly from s0    : 0
Gym endings cumulative       : terminated=6451, truncated=220

[Episode 8000/8000 | last 100]
success rate                : 75.0% (cumulative 42.5%)
failure rate                : 0.0% (cumulative 0.0%)
completed cycles / episode  : 1.610
synthetic task reward       : 16100.000
shaping reward              : 1653.417
learning reward             : 17753.417
episode length              : 833.2
abstract changes / episode  : 73.3
same abstract-state steps   : 91.2%
same-state shaping / episode: 0.000
changed-state shaping / ep. : 1653.417
terminal shaping / episode  : 0.000
DFA transitions / episode   : 3.80
DFA transitions in window   : 0->1: 219, 1->0: 161
epsilon (next episode)       : 0.04074
replay buffer                : 300000 samples [0: 53.3%, 1: 46.7%]
DFA state visits in window   : 0: 44166, 1: 39256
DFA state visits cumulative  : 0: 2445488, 1: 1599209
DFA state entries in window  : 0: 261, 1: 219
DFA state entries cumulative : 0: 14707, 1: 9082
transitions cumulative       : 0->1: 9082, 1->0: 6707
accepted directly from s0    : 0
Gym endings cumulative       : terminated=6505, truncated=232

Starting autonomous greedy evaluation at episode 8000 (1000 fixed-seed episodes)...
[Greedy evaluation at episode 8000 | 1000 fixed-seed episodes]
success=82.9%, failure=0.0%, task reward=17170.000, cycles=1.717, length=1030.7
DFA transitions: 0->1: 2205, 1->0: 1717
Last policy saved after episode 8000. Best greedy evaluation: episode 5000, mean task reward=29680.000
