
=== NEW RUN ===
episodes=8000, shaping=True, goal_reward=10000.0, gamma=0.99
gamma_shaping=1.0, shaping_formula=gamma_shaping*Phi(next)-Phi(state)
eval_interval=1000, eval_episodes=1000, eval_seed=100000
inter_level_shaping=False, inter_level_formula=gamma*Phi(next)-Phi(state)
task_type=ltlf, task=F(wp1 & X(F(wp2 & X(F(g1)))))
regions={wp1: {'center': [-0.75, 1.0625], 'radius': 0.1}, wp2: {'center': [0, 0.1525], 'radius': 0.1}, g1: {'center': [0.75, 1.0625], 'radius': 0.1}}
dfa_states=[1, 2, 3, 4], pre_trace=1, accepting=[4], failure=[]

[Episode 1/8000 | last 1]
success rate                : 0.0% (cumulative 0.0%)
failure rate                : 0.0% (cumulative 0.0%)
completed cycles / episode  : 0.000
synthetic task reward       : 0.000
shaping reward              : -258.026
learning reward             : -258.026
episode length              : 107.0
abstract changes / episode  : 12.0
DFA transitions / episode   : 0.00
DFA transitions in window   : none
epsilon (next episode)       : 0.99960
replay buffer                : 107 samples [1: 100.0%, 2: 0.0%, 3: 0.0%, 4: 0.0%]
DFA state visits in window   : 1: 108, 2: 0, 3: 0, 4: 0
DFA state visits cumulative  : 1: 108, 2: 0, 3: 0, 4: 0
DFA state entries in window  : 1: 1, 2: 0, 3: 0, 4: 0
DFA state entries cumulative : 1: 1, 2: 0, 3: 0, 4: 0
transitions cumulative       : none
accepted directly from s0    : 0
Gym endings cumulative       : terminated=1, truncated=0

[Episode 100/8000 | last 100]
success rate                : 0.0% (cumulative 0.0%)
failure rate                : 0.0% (cumulative 0.0%)
completed cycles / episode  : 0.000
synthetic task reward       : 0.000
shaping reward              : -230.620
learning reward             : -230.620
episode length              : 93.3
abstract changes / episode  : 12.9
DFA transitions / episode   : 0.03
DFA transitions in window   : 1->2: 3
epsilon (next episode)       : 0.96078
replay buffer                : 9334 samples [1: 99.3%, 2: 0.7%, 3: 0.0%, 4: 0.0%]
DFA state visits in window   : 1: 9367, 2: 67, 3: 0, 4: 0
DFA state visits cumulative  : 1: 9367, 2: 67, 3: 0, 4: 0
DFA state entries in window  : 1: 100, 2: 3, 3: 0, 4: 0
DFA state entries cumulative : 1: 100, 2: 3, 3: 0, 4: 0
transitions cumulative       : 1->2: 3
accepted directly from s0    : 0
Gym endings cumulative       : terminated=100, truncated=0

[Episode 200/8000 | last 100]
success rate                : 0.0% (cumulative 0.0%)
failure rate                : 0.0% (cumulative 0.0%)
completed cycles / episode  : 0.000
synthetic task reward       : 0.000
shaping reward              : -208.296
learning reward             : -208.296
episode length              : 94.6
abstract changes / episode  : 13.0
DFA transitions / episode   : 0.04
DFA transitions in window   : 1->2: 4
epsilon (next episode)       : 0.92310
replay buffer                : 18797 samples [1: 99.1%, 2: 0.9%, 3: 0.0%, 4: 0.0%]
DFA state visits in window   : 1: 9448, 2: 115, 3: 0, 4: 0
DFA state visits cumulative  : 1: 18815, 2: 182, 3: 0, 4: 0
DFA state entries in window  : 1: 100, 2: 4, 3: 0, 4: 0
DFA state entries cumulative : 1: 200, 2: 7, 3: 0, 4: 0
transitions cumulative       : 1->2: 7
accepted directly from s0    : 0
Gym endings cumulative       : terminated=200, truncated=0

[Episode 300/8000 | last 100]
success rate                : 0.0% (cumulative 0.0%)
failure rate                : 0.0% (cumulative 0.0%)
completed cycles / episode  : 0.000
synthetic task reward       : 0.000
shaping reward              : -200.700
learning reward             : -200.700
episode length              : 94.6
abstract changes / episode  : 13.0
DFA transitions / episode   : 0.04
DFA transitions in window   : 1->2: 4
epsilon (next episode)       : 0.88690
replay buffer                : 28260 samples [1: 99.1%, 2: 0.9%, 3: 0.0%, 4: 0.0%]
DFA state visits in window   : 1: 9490, 2: 73, 3: 0, 4: 0
DFA state visits cumulative  : 1: 28305, 2: 255, 3: 0, 4: 0
DFA state entries in window  : 1: 100, 2: 4, 3: 0, 4: 0
DFA state entries cumulative : 1: 300, 2: 11, 3: 0, 4: 0
transitions cumulative       : 1->2: 11
accepted directly from s0    : 0
Gym endings cumulative       : terminated=300, truncated=0

[Episode 400/8000 | last 100]
success rate                : 0.0% (cumulative 0.0%)
failure rate                : 0.0% (cumulative 0.0%)
completed cycles / episode  : 0.000
synthetic task reward       : 0.000
shaping reward              : -180.262
learning reward             : -180.262
episode length              : 100.5
abstract changes / episode  : 12.8
DFA transitions / episode   : 0.04
DFA transitions in window   : 1->2: 4
epsilon (next episode)       : 0.85212
replay buffer                : 38307 samples [1: 99.2%, 2: 0.8%, 3: 0.0%, 4: 0.0%]
DFA state visits in window   : 1: 10068, 2: 79, 3: 0, 4: 0
DFA state visits cumulative  : 1: 38373, 2: 334, 3: 0, 4: 0
DFA state entries in window  : 1: 100, 2: 4, 3: 0, 4: 0
DFA state entries cumulative : 1: 400, 2: 15, 3: 0, 4: 0
transitions cumulative       : 1->2: 15
accepted directly from s0    : 0
Gym endings cumulative       : terminated=400, truncated=0

[Episode 500/8000 | last 100]
success rate                : 0.0% (cumulative 0.0%)
failure rate                : 0.0% (cumulative 0.0%)
completed cycles / episode  : 0.000
synthetic task reward       : 0.000
shaping reward              : -180.809
learning reward             : -180.809
episode length              : 96.6
abstract changes / episode  : 12.4
DFA transitions / episode   : 0.04
DFA transitions in window   : 1->2: 4
epsilon (next episode)       : 0.81870
replay buffer                : 47965 samples [1: 99.2%, 2: 0.8%, 3: 0.0%, 4: 0.0%]
DFA state visits in window   : 1: 9683, 2: 75, 3: 0, 4: 0
DFA state visits cumulative  : 1: 48056, 2: 409, 3: 0, 4: 0
DFA state entries in window  : 1: 100, 2: 4, 3: 0, 4: 0
DFA state entries cumulative : 1: 500, 2: 19, 3: 0, 4: 0
transitions cumulative       : 1->2: 19
accepted directly from s0    : 0
Gym endings cumulative       : terminated=500, truncated=0

[Episode 600/8000 | last 100]
success rate                : 0.0% (cumulative 0.0%)
failure rate                : 0.0% (cumulative 0.0%)
completed cycles / episode  : 0.000
synthetic task reward       : 0.000
shaping reward              : -146.692
learning reward             : -146.692
episode length              : 105.2
abstract changes / episode  : 12.6
DFA transitions / episode   : 0.10
DFA transitions in window   : 1->2: 10
epsilon (next episode)       : 0.78659
replay buffer                : 58480 samples [1: 99.0%, 2: 1.0%, 3: 0.0%, 4: 0.0%]
DFA state visits in window   : 1: 10393, 2: 222, 3: 0, 4: 0
DFA state visits cumulative  : 1: 58449, 2: 631, 3: 0, 4: 0
DFA state entries in window  : 1: 100, 2: 10, 3: 0, 4: 0
DFA state entries cumulative : 1: 600, 2: 29, 3: 0, 4: 0
transitions cumulative       : 1->2: 29
accepted directly from s0    : 0
Gym endings cumulative       : terminated=600, truncated=0

[Episode 700/8000 | last 100]
success rate                : 0.0% (cumulative 0.0%)
failure rate                : 0.0% (cumulative 0.0%)
completed cycles / episode  : 0.000
synthetic task reward       : 0.000
shaping reward              : -149.560
learning reward             : -149.560
episode length              : 113.4
abstract changes / episode  : 12.3
DFA transitions / episode   : 0.08
DFA transitions in window   : 1->2: 8
epsilon (next episode)       : 0.75574
replay buffer                : 69816 samples [1: 98.9%, 2: 1.1%, 3: 0.0%, 4: 0.0%]
DFA state visits in window   : 1: 11233, 2: 203, 3: 0, 4: 0
DFA state visits cumulative  : 1: 69682, 2: 834, 3: 0, 4: 0
DFA state entries in window  : 1: 100, 2: 8, 3: 0, 4: 0
DFA state entries cumulative : 1: 700, 2: 37, 3: 0, 4: 0
transitions cumulative       : 1->2: 37
accepted directly from s0    : 0
Gym endings cumulative       : terminated=700, truncated=0

[Episode 800/8000 | last 100]
success rate                : 0.0% (cumulative 0.0%)
failure rate                : 0.0% (cumulative 0.0%)
completed cycles / episode  : 0.000
synthetic task reward       : 0.000
shaping reward              : -184.968
learning reward             : -184.968
episode length              : 119.8
abstract changes / episode  : 12.4
DFA transitions / episode   : 0.02
DFA transitions in window   : 1->2: 2
epsilon (next episode)       : 0.72610
replay buffer                : 81793 samples [1: 98.9%, 2: 1.1%, 3: 0.0%, 4: 0.0%]
DFA state visits in window   : 1: 11975, 2: 102, 3: 0, 4: 0
DFA state visits cumulative  : 1: 81657, 2: 936, 3: 0, 4: 0
DFA state entries in window  : 1: 100, 2: 2, 3: 0, 4: 0
DFA state entries cumulative : 1: 800, 2: 39, 3: 0, 4: 0
transitions cumulative       : 1->2: 39
accepted directly from s0    : 0
Gym endings cumulative       : terminated=800, truncated=0

[Episode 900/8000 | last 100]
success rate                : 0.0% (cumulative 0.0%)
failure rate                : 0.0% (cumulative 0.0%)
completed cycles / episode  : 0.000
synthetic task reward       : 0.000
shaping reward              : -181.204
learning reward             : -181.204
episode length              : 124.0
abstract changes / episode  : 13.2
DFA transitions / episode   : 0.04
DFA transitions in window   : 1->2: 4
epsilon (next episode)       : 0.69763
replay buffer                : 94188 samples [1: 98.9%, 2: 1.1%, 3: 0.0%, 4: 0.0%]
DFA state visits in window   : 1: 12308, 2: 187, 3: 0, 4: 0
DFA state visits cumulative  : 1: 93965, 2: 1123, 3: 0, 4: 0
DFA state entries in window  : 1: 100, 2: 4, 3: 0, 4: 0
DFA state entries cumulative : 1: 900, 2: 43, 3: 0, 4: 0
transitions cumulative       : 1->2: 43
accepted directly from s0    : 0
Gym endings cumulative       : terminated=900, truncated=0

[Episode 1000/8000 | last 100]
success rate                : 0.0% (cumulative 0.0%)
failure rate                : 0.0% (cumulative 0.0%)
completed cycles / episode  : 0.000
synthetic task reward       : 0.000
shaping reward              : -175.643
learning reward             : -175.643
episode length              : 157.5
abstract changes / episode  : 13.4
DFA transitions / episode   : 0.06
DFA transitions in window   : 1->2: 6
epsilon (next episode)       : 0.67027
replay buffer                : 109937 samples [1: 98.8%, 2: 1.2%, 3: 0.0%, 4: 0.0%]
DFA state visits in window   : 1: 15647, 2: 202, 3: 0, 4: 0
DFA state visits cumulative  : 1: 109612, 2: 1325, 3: 0, 4: 0
DFA state entries in window  : 1: 100, 2: 6, 3: 0, 4: 0
DFA state entries cumulative : 1: 1000, 2: 49, 3: 0, 4: 0
transitions cumulative       : 1->2: 49
accepted directly from s0    : 0
Gym endings cumulative       : terminated=999, truncated=1

Starting autonomous greedy evaluation at episode 1000 (1000 fixed-seed episodes)...
[Greedy evaluation at episode 1000 | 1000 fixed-seed episodes]
success=0.0%, failure=0.0%, task reward=0.000, length=152.1
DFA transitions: none
Best policy updated from autonomous greedy evaluation at episode 1000.

[Episode 1100/8000 | last 100]
success rate                : 0.0% (cumulative 0.0%)
failure rate                : 0.0% (cumulative 0.0%)
completed cycles / episode  : 0.000
synthetic task reward       : 0.000
shaping reward              : -147.125
learning reward             : -147.125
episode length              : 141.4
abstract changes / episode  : 13.0
DFA transitions / episode   : 0.09
DFA transitions in window   : 1->2: 9
epsilon (next episode)       : 0.64398
replay buffer                : 124082 samples [1: 98.7%, 2: 1.3%, 3: 0.0%, 4: 0.0%]
DFA state visits in window   : 1: 13953, 2: 292, 3: 0, 4: 0
DFA state visits cumulative  : 1: 123565, 2: 1617, 3: 0, 4: 0
DFA state entries in window  : 1: 100, 2: 9, 3: 0, 4: 0
DFA state entries cumulative : 1: 1100, 2: 58, 3: 0, 4: 0
transitions cumulative       : 1->2: 58
accepted directly from s0    : 0
Gym endings cumulative       : terminated=1099, truncated=1

[Episode 1200/8000 | last 100]
success rate                : 0.0% (cumulative 0.0%)
failure rate                : 0.0% (cumulative 0.0%)
completed cycles / episode  : 0.000
synthetic task reward       : 0.000
shaping reward              : -154.138
learning reward             : -154.138
episode length              : 162.0
abstract changes / episode  : 13.2
DFA transitions / episode   : 0.06
DFA transitions in window   : 1->2: 5, 2->3: 1
epsilon (next episode)       : 0.61872
replay buffer                : 140282 samples [1: 98.8%, 2: 1.2%, 3: 0.0%, 4: 0.0%]
DFA state visits in window   : 1: 16119, 2: 166, 3: 15, 4: 0
DFA state visits cumulative  : 1: 139684, 2: 1783, 3: 15, 4: 0
DFA state entries in window  : 1: 100, 2: 5, 3: 1, 4: 0
DFA state entries cumulative : 1: 1200, 2: 63, 3: 1, 4: 0
transitions cumulative       : 1->2: 63, 2->3: 1
accepted directly from s0    : 0
Gym endings cumulative       : terminated=1199, truncated=1

[Episode 1300/8000 | last 100]
success rate                : 0.0% (cumulative 0.0%)
failure rate                : 0.0% (cumulative 0.0%)
completed cycles / episode  : 0.000
synthetic task reward       : 0.000
shaping reward              : -191.140
learning reward             : -191.140
episode length              : 164.3
abstract changes / episode  : 13.6
DFA transitions / episode   : 0.03
DFA transitions in window   : 1->2: 3
epsilon (next episode)       : 0.59446
replay buffer                : 156714 samples [1: 98.8%, 2: 1.2%, 3: 0.0%, 4: 0.0%]
DFA state visits in window   : 1: 16376, 2: 156, 3: 0, 4: 0
DFA state visits cumulative  : 1: 156060, 2: 1939, 3: 15, 4: 0
DFA state entries in window  : 1: 100, 2: 3, 3: 0, 4: 0
DFA state entries cumulative : 1: 1300, 2: 66, 3: 1, 4: 0
transitions cumulative       : 1->2: 66, 2->3: 1
accepted directly from s0    : 0
Gym endings cumulative       : terminated=1299, truncated=1

[Episode 1400/8000 | last 100]
success rate                : 0.0% (cumulative 0.0%)
failure rate                : 0.0% (cumulative 0.0%)
completed cycles / episode  : 0.000
synthetic task reward       : 0.000
shaping reward              : -178.520
learning reward             : -178.520
episode length              : 157.3
abstract changes / episode  : 13.0
DFA transitions / episode   : 0.06
DFA transitions in window   : 1->2: 6
epsilon (next episode)       : 0.57115
replay buffer                : 172446 samples [1: 98.7%, 2: 1.3%, 3: 0.0%, 4: 0.0%]
DFA state visits in window   : 1: 15433, 2: 399, 3: 0, 4: 0
DFA state visits cumulative  : 1: 171493, 2: 2338, 3: 15, 4: 0
DFA state entries in window  : 1: 100, 2: 6, 3: 0, 4: 0
DFA state entries cumulative : 1: 1400, 2: 72, 3: 1, 4: 0
transitions cumulative       : 1->2: 72, 2->3: 1
accepted directly from s0    : 0
Gym endings cumulative       : terminated=1399, truncated=1

[Episode 1500/8000 | last 100]
success rate                : 0.0% (cumulative 0.0%)
failure rate                : 0.0% (cumulative 0.0%)
completed cycles / episode  : 0.000
synthetic task reward       : 0.000
shaping reward              : -263.723
learning reward             : -263.723
episode length              : 172.9
abstract changes / episode  : 12.6
DFA transitions / episode   : 0.00
DFA transitions in window   : none
epsilon (next episode)       : 0.54875
replay buffer                : 189734 samples [1: 98.8%, 2: 1.2%, 3: 0.0%, 4: 0.0%]
DFA state visits in window   : 1: 17388, 2: 0, 3: 0, 4: 0
DFA state visits cumulative  : 1: 188881, 2: 2338, 3: 15, 4: 0
DFA state entries in window  : 1: 100, 2: 0, 3: 0, 4: 0
DFA state entries cumulative : 1: 1500, 2: 72, 3: 1, 4: 0
transitions cumulative       : 1->2: 72, 2->3: 1
accepted directly from s0    : 0
Gym endings cumulative       : terminated=1499, truncated=1

[Episode 1600/8000 | last 100]
success rate                : 0.0% (cumulative 0.0%)
failure rate                : 0.0% (cumulative 0.0%)
completed cycles / episode  : 0.000
synthetic task reward       : 0.000
shaping reward              : -193.002
learning reward             : -193.002
episode length              : 236.8
abstract changes / episode  : 15.2
DFA transitions / episode   : 0.03
DFA transitions in window   : 1->2: 3
epsilon (next episode)       : 0.52722
replay buffer                : 213415 samples [1: 98.8%, 2: 1.2%, 3: 0.0%, 4: 0.0%]
DFA state visits in window   : 1: 23563, 2: 218, 3: 0, 4: 0
DFA state visits cumulative  : 1: 212444, 2: 2556, 3: 15, 4: 0
DFA state entries in window  : 1: 100, 2: 3, 3: 0, 4: 0
DFA state entries cumulative : 1: 1600, 2: 75, 3: 1, 4: 0
transitions cumulative       : 1->2: 75, 2->3: 1
accepted directly from s0    : 0
Gym endings cumulative       : terminated=1597, truncated=3

[Episode 1700/8000 | last 100]
success rate                : 0.0% (cumulative 0.0%)
failure rate                : 0.0% (cumulative 0.0%)
completed cycles / episode  : 0.000
synthetic task reward       : 0.000
shaping reward              : -176.280
learning reward             : -176.280
episode length              : 314.9
abstract changes / episode  : 16.9
DFA transitions / episode   : 0.01
DFA transitions in window   : 1->2: 1
epsilon (next episode)       : 0.50655
replay buffer                : 244904 samples [1: 99.0%, 2: 1.0%, 3: 0.0%, 4: 0.0%]
DFA state visits in window   : 1: 31550, 2: 39, 3: 0, 4: 0
DFA state visits cumulative  : 1: 243994, 2: 2595, 3: 15, 4: 0
DFA state entries in window  : 1: 100, 2: 1, 3: 0, 4: 0
DFA state entries cumulative : 1: 1700, 2: 76, 3: 1, 4: 0
transitions cumulative       : 1->2: 76, 2->3: 1
accepted directly from s0    : 0
Gym endings cumulative       : terminated=1691, truncated=9

[Episode 1800/8000 | last 100]
success rate                : 0.0% (cumulative 0.0%)
failure rate                : 0.0% (cumulative 0.0%)
completed cycles / episode  : 0.000
synthetic task reward       : 0.000
shaping reward              : -251.649
learning reward             : -251.649
episode length              : 290.8
abstract changes / episode  : 15.0
DFA transitions / episode   : 0.00
DFA transitions in window   : none
epsilon (next episode)       : 0.48668
replay buffer                : 273983 samples [1: 99.1%, 2: 0.9%, 3: 0.0%, 4: 0.0%]
DFA state visits in window   : 1: 29179, 2: 0, 3: 0, 4: 0
DFA state visits cumulative  : 1: 273173, 2: 2595, 3: 15, 4: 0
DFA state entries in window  : 1: 100, 2: 0, 3: 0, 4: 0
DFA state entries cumulative : 1: 1800, 2: 76, 3: 1, 4: 0
transitions cumulative       : 1->2: 76, 2->3: 1
accepted directly from s0    : 0
Gym endings cumulative       : terminated=1780, truncated=20

[Episode 1900/8000 | last 100]
success rate                : 0.0% (cumulative 0.0%)
failure rate                : 0.0% (cumulative 0.0%)
completed cycles / episode  : 0.000
synthetic task reward       : 0.000
shaping reward              : -209.756
learning reward             : -209.756
episode length              : 259.2
abstract changes / episode  : 15.7
DFA transitions / episode   : 0.01
DFA transitions in window   : 1->2: 1
epsilon (next episode)       : 0.46760
replay buffer                : 299904 samples [1: 99.1%, 2: 0.9%, 3: 0.0%, 4: 0.0%]
DFA state visits in window   : 1: 25936, 2: 85, 3: 0, 4: 0
DFA state visits cumulative  : 1: 299109, 2: 2680, 3: 15, 4: 0
DFA state entries in window  : 1: 100, 2: 1, 3: 0, 4: 0
DFA state entries cumulative : 1: 1900, 2: 77, 3: 1, 4: 0
transitions cumulative       : 1->2: 77, 2->3: 1
accepted directly from s0    : 0
Gym endings cumulative       : terminated=1870, truncated=30

[Episode 2000/8000 | last 100]
success rate                : 0.0% (cumulative 0.0%)
failure rate                : 0.0% (cumulative 0.0%)
completed cycles / episode  : 0.000
synthetic task reward       : 0.000
shaping reward              : -253.336
learning reward             : -253.336
episode length              : 270.4
abstract changes / episode  : 15.9
DFA transitions / episode   : 0.00
DFA transitions in window   : none
epsilon (next episode)       : 0.44926
replay buffer                : 300000 samples [1: 99.2%, 2: 0.8%, 3: 0.0%, 4: 0.0%]
DFA state visits in window   : 1: 27135, 2: 0, 3: 0, 4: 0
DFA state visits cumulative  : 1: 326244, 2: 2680, 3: 15, 4: 0
DFA state entries in window  : 1: 100, 2: 0, 3: 0, 4: 0
DFA state entries cumulative : 1: 2000, 2: 77, 3: 1, 4: 0
transitions cumulative       : 1->2: 77, 2->3: 1
accepted directly from s0    : 0
Gym endings cumulative       : terminated=1957, truncated=43

Starting autonomous greedy evaluation at episode 2000 (1000 fixed-seed episodes)...
[Greedy evaluation at episode 2000 | 1000 fixed-seed episodes]
success=0.0%, failure=0.0%, task reward=0.000, length=922.7
DFA transitions: none

[Episode 2100/8000 | last 100]
success rate                : 0.0% (cumulative 0.0%)
failure rate                : 0.0% (cumulative 0.0%)
completed cycles / episode  : 0.000
synthetic task reward       : 0.000
shaping reward              : -262.234
learning reward             : -262.234
episode length              : 181.8
abstract changes / episode  : 14.9
DFA transitions / episode   : 0.00
DFA transitions in window   : none
epsilon (next episode)       : 0.43164
replay buffer                : 300000 samples [1: 99.3%, 2: 0.7%, 3: 0.0%, 4: 0.0%]
DFA state visits in window   : 1: 18279, 2: 0, 3: 0, 4: 0
DFA state visits cumulative  : 1: 344523, 2: 2680, 3: 15, 4: 0
DFA state entries in window  : 1: 100, 2: 0, 3: 0, 4: 0
DFA state entries cumulative : 1: 2100, 2: 77, 3: 1, 4: 0
transitions cumulative       : 1->2: 77, 2->3: 1
accepted directly from s0    : 0
Gym endings cumulative       : terminated=2055, truncated=45

[Episode 2200/8000 | last 100]
success rate                : 0.0% (cumulative 0.0%)
failure rate                : 0.0% (cumulative 0.0%)
completed cycles / episode  : 0.000
synthetic task reward       : 0.000
shaping reward              : -171.478
learning reward             : -171.478
episode length              : 226.9
abstract changes / episode  : 14.8
DFA transitions / episode   : 0.06
DFA transitions in window   : 1->2: 6
epsilon (next episode)       : 0.41471
replay buffer                : 300000 samples [1: 99.2%, 2: 0.8%, 3: 0.0%, 4: 0.0%]
DFA state visits in window   : 1: 22190, 2: 603, 3: 0, 4: 0
DFA state visits cumulative  : 1: 366713, 2: 3283, 3: 15, 4: 0
DFA state entries in window  : 1: 100, 2: 6, 3: 0, 4: 0
DFA state entries cumulative : 1: 2200, 2: 83, 3: 1, 4: 0
transitions cumulative       : 1->2: 83, 2->3: 1
accepted directly from s0    : 0
Gym endings cumulative       : terminated=2155, truncated=45

[Episode 2300/8000 | last 100]
success rate                : 0.0% (cumulative 0.0%)
failure rate                : 0.0% (cumulative 0.0%)
completed cycles / episode  : 0.000
synthetic task reward       : 0.000
shaping reward              : -153.916
learning reward             : -153.916
episode length              : 321.4
abstract changes / episode  : 16.0
DFA transitions / episode   : 0.01
DFA transitions in window   : 1->2: 1
epsilon (next episode)       : 0.39845
replay buffer                : 300000 samples [1: 99.3%, 2: 0.7%, 3: 0.0%, 4: 0.0%]
DFA state visits in window   : 1: 32202, 2: 34, 3: 0, 4: 0
DFA state visits cumulative  : 1: 398915, 2: 3317, 3: 15, 4: 0
DFA state entries in window  : 1: 100, 2: 1, 3: 0, 4: 0
DFA state entries cumulative : 1: 2300, 2: 84, 3: 1, 4: 0
transitions cumulative       : 1->2: 84, 2->3: 1
accepted directly from s0    : 0
Gym endings cumulative       : terminated=2253, truncated=47

[Episode 2400/8000 | last 100]
success rate                : 0.0% (cumulative 0.0%)
failure rate                : 0.0% (cumulative 0.0%)
completed cycles / episode  : 0.000
synthetic task reward       : 0.000
shaping reward              : -173.423
learning reward             : -173.423
episode length              : 281.4
abstract changes / episode  : 21.6
DFA transitions / episode   : 0.06
DFA transitions in window   : 1->2: 6
epsilon (next episode)       : 0.38282
replay buffer                : 300000 samples [1: 99.4%, 2: 0.6%, 3: 0.0%, 4: 0.0%]
DFA state visits in window   : 1: 28027, 2: 215, 3: 0, 4: 0
DFA state visits cumulative  : 1: 426942, 2: 3532, 3: 15, 4: 0
DFA state entries in window  : 1: 100, 2: 6, 3: 0, 4: 0
DFA state entries cumulative : 1: 2400, 2: 90, 3: 1, 4: 0
transitions cumulative       : 1->2: 90, 2->3: 1
accepted directly from s0    : 0
Gym endings cumulative       : terminated=2350, truncated=50

[Episode 2500/8000 | last 100]
success rate                : 0.0% (cumulative 0.0%)
failure rate                : 0.0% (cumulative 0.0%)
completed cycles / episode  : 0.000
synthetic task reward       : 0.000
shaping reward              : -148.678
learning reward             : -148.678
episode length              : 286.7
abstract changes / episode  : 17.4
DFA transitions / episode   : 0.04
DFA transitions in window   : 1->2: 4
epsilon (next episode)       : 0.36781
replay buffer                : 300000 samples [1: 99.4%, 2: 0.6%, 3: 0.0%, 4: 0.0%]
DFA state visits in window   : 1: 28647, 2: 126, 3: 0, 4: 0
DFA state visits cumulative  : 1: 455589, 2: 3658, 3: 15, 4: 0
DFA state entries in window  : 1: 100, 2: 4, 3: 0, 4: 0
DFA state entries cumulative : 1: 2500, 2: 94, 3: 1, 4: 0
transitions cumulative       : 1->2: 94, 2->3: 1
accepted directly from s0    : 0
Gym endings cumulative       : terminated=2441, truncated=59

[Episode 2600/8000 | last 100]
success rate                : 0.0% (cumulative 0.0%)
failure rate                : 0.0% (cumulative 0.0%)
completed cycles / episode  : 0.000
synthetic task reward       : 0.000
shaping reward              : -101.481
learning reward             : -101.481
episode length              : 295.0
abstract changes / episode  : 18.6
DFA transitions / episode   : 0.09
DFA transitions in window   : 1->2: 9
epsilon (next episode)       : 0.35338
replay buffer                : 300000 samples [1: 99.5%, 2: 0.5%, 3: 0.0%, 4: 0.0%]
DFA state visits in window   : 1: 29367, 2: 232, 3: 0, 4: 0
DFA state visits cumulative  : 1: 484956, 2: 3890, 3: 15, 4: 0
DFA state entries in window  : 1: 100, 2: 9, 3: 0, 4: 0
DFA state entries cumulative : 1: 2600, 2: 103, 3: 1, 4: 0
transitions cumulative       : 1->2: 103, 2->3: 1
accepted directly from s0    : 0
Gym endings cumulative       : terminated=2541, truncated=59

[Episode 2700/8000 | last 100]
success rate                : 0.0% (cumulative 0.0%)
failure rate                : 0.0% (cumulative 0.0%)
completed cycles / episode  : 0.000
synthetic task reward       : 0.000
shaping reward              : -144.553
learning reward             : -144.553
episode length              : 363.5
abstract changes / episode  : 20.5
DFA transitions / episode   : 0.07
DFA transitions in window   : 1->2: 5, 2->3: 2
epsilon (next episode)       : 0.33952
replay buffer                : 300000 samples [1: 99.4%, 2: 0.6%, 3: 0.0%, 4: 0.0%]
DFA state visits in window   : 1: 35925, 2: 494, 3: 32, 4: 0
DFA state visits cumulative  : 1: 520881, 2: 4384, 3: 47, 4: 0
DFA state entries in window  : 1: 100, 2: 5, 3: 2, 4: 0
DFA state entries cumulative : 1: 2700, 2: 108, 3: 3, 4: 0
transitions cumulative       : 1->2: 108, 2->3: 3
accepted directly from s0    : 0
Gym endings cumulative       : terminated=2639, truncated=61

[Episode 2800/8000 | last 100]
success rate                : 0.0% (cumulative 0.0%)
failure rate                : 0.0% (cumulative 0.0%)
completed cycles / episode  : 0.000
synthetic task reward       : 0.000
shaping reward              : -85.176
learning reward             : -85.176
episode length              : 440.1
abstract changes / episode  : 25.6
DFA transitions / episode   : 0.06
DFA transitions in window   : 1->2: 5, 2->3: 1
epsilon (next episode)       : 0.32621
replay buffer                : 300000 samples [1: 99.1%, 2: 0.9%, 3: 0.0%, 4: 0.0%]
DFA state visits in window   : 1: 43287, 2: 796, 3: 24, 4: 0
DFA state visits cumulative  : 1: 564168, 2: 5180, 3: 71, 4: 0
DFA state entries in window  : 1: 100, 2: 5, 3: 1, 4: 0
DFA state entries cumulative : 1: 2800, 2: 113, 3: 4, 4: 0
transitions cumulative       : 1->2: 113, 2->3: 4
accepted directly from s0    : 0
Gym endings cumulative       : terminated=2724, truncated=76

[Episode 2900/8000 | last 100]
success rate                : 0.0% (cumulative 0.0%)
failure rate                : 0.0% (cumulative 0.0%)
completed cycles / episode  : 0.000
synthetic task reward       : 0.000
shaping reward              : -121.297
learning reward             : -121.297
episode length              : 433.3
abstract changes / episode  : 29.6
DFA transitions / episode   : 0.10
DFA transitions in window   : 1->2: 9, 2->3: 1
epsilon (next episode)       : 0.31341
replay buffer                : 300000 samples [1: 98.7%, 2: 1.3%, 3: 0.0%, 4: 0.0%]
DFA state visits in window   : 1: 42113, 2: 1302, 3: 13, 4: 0
DFA state visits cumulative  : 1: 606281, 2: 6482, 3: 84, 4: 0
DFA state entries in window  : 1: 100, 2: 9, 3: 1, 4: 0
DFA state entries cumulative : 1: 2900, 2: 122, 3: 5, 4: 0
transitions cumulative       : 1->2: 122, 2->3: 5
accepted directly from s0    : 0
Gym endings cumulative       : terminated=2817, truncated=83

[Episode 3000/8000 | last 100]
success rate                : 0.0% (cumulative 0.0%)
failure rate                : 0.0% (cumulative 0.0%)
completed cycles / episode  : 0.000
synthetic task reward       : 0.000
shaping reward              : -88.807
learning reward             : -88.807
episode length              : 269.4
abstract changes / episode  : 21.8
DFA transitions / episode   : 0.13
DFA transitions in window   : 1->2: 12, 2->3: 1
epsilon (next episode)       : 0.30112
replay buffer                : 300000 samples [1: 98.4%, 2: 1.6%, 3: 0.0%, 4: 0.0%]
DFA state visits in window   : 1: 25959, 2: 1071, 3: 14, 4: 0
DFA state visits cumulative  : 1: 632240, 2: 7553, 3: 98, 4: 0
DFA state entries in window  : 1: 100, 2: 12, 3: 1, 4: 0
DFA state entries cumulative : 1: 3000, 2: 134, 3: 6, 4: 0
transitions cumulative       : 1->2: 134, 2->3: 6
accepted directly from s0    : 0
Gym endings cumulative       : terminated=2915, truncated=85

Starting autonomous greedy evaluation at episode 3000 (1000 fixed-seed episodes)...
[Greedy evaluation at episode 3000 | 1000 fixed-seed episodes]
success=0.0%, failure=0.0%, task reward=0.000, length=558.7
DFA transitions: 1->2: 370, 2->3: 1

[Episode 3100/8000 | last 100]
success rate                : 0.0% (cumulative 0.0%)
failure rate                : 0.0% (cumulative 0.0%)
completed cycles / episode  : 0.000
synthetic task reward       : 0.000
shaping reward              : -2.352
learning reward             : -2.352
episode length              : 313.0
abstract changes / episode  : 23.9
DFA transitions / episode   : 0.22
DFA transitions in window   : 1->2: 21, 2->3: 1
epsilon (next episode)       : 0.28931
replay buffer                : 300000 samples [1: 98.0%, 2: 1.9%, 3: 0.0%, 4: 0.0%]
DFA state visits in window   : 1: 29791, 2: 1607, 3: 5, 4: 0
DFA state visits cumulative  : 1: 662031, 2: 9160, 3: 103, 4: 0
DFA state entries in window  : 1: 100, 2: 21, 3: 1, 4: 0
DFA state entries cumulative : 1: 3100, 2: 155, 3: 7, 4: 0
transitions cumulative       : 1->2: 155, 2->3: 7
accepted directly from s0    : 0
Gym endings cumulative       : terminated=3014, truncated=86

[Episode 3200/8000 | last 100]
success rate                : 0.0% (cumulative 0.0%)
failure rate                : 0.0% (cumulative 0.0%)
completed cycles / episode  : 0.000
synthetic task reward       : 0.000
shaping reward              : 17.863
learning reward             : 17.863
episode length              : 330.9
abstract changes / episode  : 25.0
DFA transitions / episode   : 0.23
DFA transitions in window   : 1->2: 23
epsilon (next episode)       : 0.27797
replay buffer                : 300000 samples [1: 97.6%, 2: 2.4%, 3: 0.0%, 4: 0.0%]
DFA state visits in window   : 1: 31689, 2: 1504, 3: 0, 4: 0
DFA state visits cumulative  : 1: 693720, 2: 10664, 3: 103, 4: 0
DFA state entries in window  : 1: 100, 2: 23, 3: 0, 4: 0
DFA state entries cumulative : 1: 3200, 2: 178, 3: 7, 4: 0
transitions cumulative       : 1->2: 178, 2->3: 7
accepted directly from s0    : 0
Gym endings cumulative       : terminated=3112, truncated=88

[Episode 3300/8000 | last 100]
success rate                : 0.0% (cumulative 0.0%)
failure rate                : 0.0% (cumulative 0.0%)
completed cycles / episode  : 0.000
synthetic task reward       : 0.000
shaping reward              : 69.774
learning reward             : 69.774
episode length              : 310.5
abstract changes / episode  : 22.7
DFA transitions / episode   : 0.25
DFA transitions in window   : 1->2: 24, 2->3: 1
epsilon (next episode)       : 0.26706
replay buffer                : 300000 samples [1: 96.9%, 2: 3.0%, 3: 0.0%, 4: 0.0%]
DFA state visits in window   : 1: 29042, 2: 2100, 3: 9, 4: 0
DFA state visits cumulative  : 1: 722762, 2: 12764, 3: 112, 4: 0
DFA state entries in window  : 1: 100, 2: 24, 3: 1, 4: 0
DFA state entries cumulative : 1: 3300, 2: 202, 3: 8, 4: 0
transitions cumulative       : 1->2: 202, 2->3: 8
accepted directly from s0    : 0
Gym endings cumulative       : terminated=3209, truncated=91

[Episode 3400/8000 | last 100]
success rate                : 0.0% (cumulative 0.0%)
failure rate                : 0.0% (cumulative 0.0%)
completed cycles / episode  : 0.000
synthetic task reward       : 0.000
shaping reward              : 163.157
learning reward             : 163.157
episode length              : 397.6
abstract changes / episode  : 25.8
DFA transitions / episode   : 0.34
DFA transitions in window   : 1->2: 32, 2->3: 2
epsilon (next episode)       : 0.25659
replay buffer                : 300000 samples [1: 96.2%, 2: 3.8%, 3: 0.0%, 4: 0.0%]
DFA state visits in window   : 1: 37315, 2: 2499, 3: 41, 4: 0
DFA state visits cumulative  : 1: 760077, 2: 15263, 3: 153, 4: 0
DFA state entries in window  : 1: 100, 2: 32, 3: 2, 4: 0
DFA state entries cumulative : 1: 3400, 2: 234, 3: 10, 4: 0
transitions cumulative       : 1->2: 234, 2->3: 10
accepted directly from s0    : 0
Gym endings cumulative       : terminated=3299, truncated=101

[Episode 3500/8000 | last 100]
success rate                : 0.0% (cumulative 0.0%)
failure rate                : 0.0% (cumulative 0.0%)
completed cycles / episode  : 0.000
synthetic task reward       : 0.000
shaping reward              : 180.771
learning reward             : 180.771
episode length              : 384.7
abstract changes / episode  : 26.1
DFA transitions / episode   : 0.41
DFA transitions in window   : 1->2: 38, 2->3: 3
epsilon (next episode)       : 0.24653
replay buffer                : 300000 samples [1: 94.9%, 2: 5.0%, 3: 0.1%, 4: 0.0%]
DFA state visits in window   : 1: 34237, 2: 4207, 3: 123, 4: 0
DFA state visits cumulative  : 1: 794314, 2: 19470, 3: 276, 4: 0
DFA state entries in window  : 1: 100, 2: 38, 3: 3, 4: 0
DFA state entries cumulative : 1: 3500, 2: 272, 3: 13, 4: 0
transitions cumulative       : 1->2: 272, 2->3: 13
accepted directly from s0    : 0
Gym endings cumulative       : terminated=3393, truncated=107

[Episode 3600/8000 | last 100]
success rate                : 0.0% (cumulative 0.0%)
failure rate                : 0.0% (cumulative 0.0%)
completed cycles / episode  : 0.000
synthetic task reward       : 0.000
shaping reward              : 177.993
learning reward             : 177.993
episode length              : 471.2
abstract changes / episode  : 30.1
DFA transitions / episode   : 0.41
DFA transitions in window   : 1->2: 37, 2->3: 4
epsilon (next episode)       : 0.23686
replay buffer                : 300000 samples [1: 93.4%, 2: 6.4%, 3: 0.2%, 4: 0.0%]
DFA state visits in window   : 1: 42124, 2: 4768, 3: 326, 4: 0
DFA state visits cumulative  : 1: 836438, 2: 24238, 3: 602, 4: 0
DFA state entries in window  : 1: 100, 2: 37, 3: 4, 4: 0
DFA state entries cumulative : 1: 3600, 2: 309, 3: 17, 4: 0
transitions cumulative       : 1->2: 309, 2->3: 17
accepted directly from s0    : 0
Gym endings cumulative       : terminated=3482, truncated=118

[Episode 3700/8000 | last 100]
success rate                : 0.0% (cumulative 0.0%)
failure rate                : 0.0% (cumulative 0.0%)
completed cycles / episode  : 0.000
synthetic task reward       : 0.000
shaping reward              : 310.792
learning reward             : 310.792
episode length              : 329.8
abstract changes / episode  : 24.6
DFA transitions / episode   : 0.69
DFA transitions in window   : 1->2: 54, 2->3: 15
epsilon (next episode)       : 0.22757
replay buffer                : 300000 samples [1: 90.2%, 2: 9.5%, 3: 0.3%, 4: 0.0%]
DFA state visits in window   : 1: 22097, 2: 10566, 3: 420, 4: 0
DFA state visits cumulative  : 1: 858535, 2: 34804, 3: 1022, 4: 0
DFA state entries in window  : 1: 100, 2: 54, 3: 15, 4: 0
DFA state entries cumulative : 1: 3700, 2: 363, 3: 32, 4: 0
transitions cumulative       : 1->2: 363, 2->3: 32
accepted directly from s0    : 0
Gym endings cumulative       : terminated=3580, truncated=120

[Episode 3800/8000 | last 100]
success rate                : 0.0% (cumulative 0.0%)
failure rate                : 0.0% (cumulative 0.0%)
completed cycles / episode  : 0.000
synthetic task reward       : 0.000
shaping reward              : 408.812
learning reward             : 408.812
episode length              : 335.1
abstract changes / episode  : 25.2
DFA transitions / episode   : 0.92
DFA transitions in window   : 1->2: 66, 2->3: 26
epsilon (next episode)       : 0.21865
replay buffer                : 300000 samples [1: 87.1%, 2: 12.2%, 3: 0.7%, 4: 0.0%]
DFA state visits in window   : 1: 23185, 2: 9192, 3: 1235, 4: 0
DFA state visits cumulative  : 1: 881720, 2: 43996, 3: 2257, 4: 0
DFA state entries in window  : 1: 100, 2: 66, 3: 26, 4: 0
DFA state entries cumulative : 1: 3800, 2: 429, 3: 58, 4: 0
transitions cumulative       : 1->2: 429, 2->3: 58
accepted directly from s0    : 0
Gym endings cumulative       : terminated=3680, truncated=120

[Episode 3900/8000 | last 100]
success rate                : 1.0% (cumulative 0.0%)
failure rate                : 0.0% (cumulative 0.0%)
completed cycles / episode  : 0.000
synthetic task reward       : 100.000
shaping reward              : 475.267
learning reward             : 575.267
episode length              : 342.8
abstract changes / episode  : 24.4
DFA transitions / episode   : 0.96
DFA transitions in window   : 1->2: 73, 2->3: 22, 3->4: 1
epsilon (next episode)       : 0.21007
replay buffer                : 300000 samples [1: 83.5%, 2: 15.3%, 3: 1.2%, 4: 0.0%]
DFA state visits in window   : 1: 22106, 2: 10830, 3: 1445, 4: 1
DFA state visits cumulative  : 1: 903826, 2: 54826, 3: 3702, 4: 1
DFA state entries in window  : 1: 100, 2: 73, 3: 22, 4: 1
DFA state entries cumulative : 1: 3900, 2: 502, 3: 80, 4: 1
transitions cumulative       : 1->2: 502, 2->3: 80, 3->4: 1
accepted directly from s0    : 0
Gym endings cumulative       : terminated=3778, truncated=121

[Episode 4000/8000 | last 100]
success rate                : 1.0% (cumulative 0.1%)
failure rate                : 0.0% (cumulative 0.0%)
completed cycles / episode  : 0.000
synthetic task reward       : 100.000
shaping reward              : 443.813
learning reward             : 543.813
episode length              : 365.7
abstract changes / episode  : 26.3
DFA transitions / episode   : 0.93
DFA transitions in window   : 1->2: 70, 2->3: 22, 3->4: 1
epsilon (next episode)       : 0.20183
replay buffer                : 300000 samples [1: 79.5%, 2: 18.7%, 3: 1.8%, 4: 0.0%]
DFA state visits in window   : 1: 22654, 2: 12103, 3: 1909, 4: 1
DFA state visits cumulative  : 1: 926480, 2: 66929, 3: 5611, 4: 2
DFA state entries in window  : 1: 100, 2: 70, 3: 22, 4: 1
DFA state entries cumulative : 1: 4000, 2: 572, 3: 102, 4: 2
transitions cumulative       : 1->2: 572, 2->3: 102, 3->4: 2
accepted directly from s0    : 0
Gym endings cumulative       : terminated=3875, truncated=123

Starting autonomous greedy evaluation at episode 4000 (1000 fixed-seed episodes)...
[Greedy evaluation at episode 4000 | 1000 fixed-seed episodes]
success=0.0%, failure=0.0%, task reward=0.000, length=715.0
DFA transitions: 1->2: 113, 2->3: 8

[Episode 4100/8000 | last 100]
success rate                : 1.0% (cumulative 0.1%)
failure rate                : 0.0% (cumulative 0.0%)
completed cycles / episode  : 0.000
synthetic task reward       : 100.000
shaping reward              : 383.009
learning reward             : 483.009
episode length              : 334.0
abstract changes / episode  : 23.1
DFA transitions / episode   : 0.74
DFA transitions in window   : 1->2: 60, 2->3: 13, 3->4: 1
epsilon (next episode)       : 0.19392
replay buffer                : 300000 samples [1: 76.1%, 2: 21.6%, 3: 2.3%, 4: 0.0%]
DFA state visits in window   : 1: 21233, 2: 10783, 3: 1482, 4: 1
DFA state visits cumulative  : 1: 947713, 2: 77712, 3: 7093, 4: 3
DFA state entries in window  : 1: 100, 2: 60, 3: 13, 4: 1
DFA state entries cumulative : 1: 4100, 2: 632, 3: 115, 4: 3
transitions cumulative       : 1->2: 632, 2->3: 115, 3->4: 3
accepted directly from s0    : 0
Gym endings cumulative       : terminated=3971, truncated=126

[Episode 4200/8000 | last 100]
success rate                : 1.0% (cumulative 0.1%)
failure rate                : 0.0% (cumulative 0.0%)
completed cycles / episode  : 0.000
synthetic task reward       : 100.000
shaping reward              : 365.822
learning reward             : 465.822
episode length              : 286.9
abstract changes / episode  : 22.8
DFA transitions / episode   : 0.69
DFA transitions in window   : 1->2: 53, 2->3: 15, 3->4: 1
epsilon (next episode)       : 0.18631
replay buffer                : 300000 samples [1: 73.6%, 2: 23.5%, 3: 2.8%, 4: 0.0%]
DFA state visits in window   : 1: 20191, 2: 6909, 3: 1691, 4: 1
DFA state visits cumulative  : 1: 967904, 2: 84621, 3: 8784, 4: 4
DFA state entries in window  : 1: 100, 2: 53, 3: 15, 4: 1
DFA state entries cumulative : 1: 4200, 2: 685, 3: 130, 4: 4
transitions cumulative       : 1->2: 685, 2->3: 130, 3->4: 4
accepted directly from s0    : 0
Gym endings cumulative       : terminated=4069, truncated=127

[Episode 4300/8000 | last 100]
success rate                : 0.0% (cumulative 0.1%)
failure rate                : 0.0% (cumulative 0.0%)
completed cycles / episode  : 0.000
synthetic task reward       : 0.000
shaping reward              : 292.972
learning reward             : 292.972
episode length              : 259.4
abstract changes / episode  : 20.8
DFA transitions / episode   : 0.52
DFA transitions in window   : 1->2: 39, 2->3: 13
epsilon (next episode)       : 0.17900
replay buffer                : 300000 samples [1: 72.7%, 2: 24.0%, 3: 3.4%, 4: 0.0%]
DFA state visits in window   : 1: 19701, 2: 4738, 3: 1599, 4: 0
DFA state visits cumulative  : 1: 987605, 2: 89359, 3: 10383, 4: 4
DFA state entries in window  : 1: 100, 2: 39, 3: 13, 4: 0
DFA state entries cumulative : 1: 4300, 2: 724, 3: 143, 4: 4
transitions cumulative       : 1->2: 724, 2->3: 143, 3->4: 4
accepted directly from s0    : 0
Gym endings cumulative       : terminated=4169, truncated=127

[Episode 4400/8000 | last 100]
success rate                : 2.0% (cumulative 0.1%)
failure rate                : 0.0% (cumulative 0.0%)
completed cycles / episode  : 0.000
synthetic task reward       : 200.000
shaping reward              : 499.420
learning reward             : 699.420
episode length              : 365.9
abstract changes / episode  : 25.7
DFA transitions / episode   : 1.05
DFA transitions in window   : 1->2: 63, 2->3: 40, 3->4: 2
epsilon (next episode)       : 0.17198
replay buffer                : 300000 samples [1: 67.2%, 2: 27.9%, 3: 5.0%, 4: 0.0%]
DFA state visits in window   : 1: 17074, 2: 14643, 3: 4971, 4: 2
DFA state visits cumulative  : 1: 1004679, 2: 104002, 3: 15354, 4: 6
DFA state entries in window  : 1: 100, 2: 63, 3: 40, 4: 2
DFA state entries cumulative : 1: 4400, 2: 787, 3: 183, 4: 6
transitions cumulative       : 1->2: 787, 2->3: 183, 3->4: 6
accepted directly from s0    : 0
Gym endings cumulative       : terminated=4264, truncated=130

[Episode 4500/8000 | last 100]
success rate                : 2.0% (cumulative 0.2%)
failure rate                : 0.0% (cumulative 0.0%)
completed cycles / episode  : 0.000
synthetic task reward       : 200.000
shaping reward              : 356.655
learning reward             : 556.655
episode length              : 362.8
abstract changes / episode  : 28.0
DFA transitions / episode   : 0.80
DFA transitions in window   : 1->2: 49, 2->3: 29, 3->4: 2
epsilon (next episode)       : 0.16524
replay buffer                : 300000 samples [1: 63.0%, 2: 30.0%, 3: 7.0%, 4: 0.0%]
DFA state visits in window   : 1: 19839, 2: 10125, 3: 6410, 4: 2
DFA state visits cumulative  : 1: 1024518, 2: 114127, 3: 21764, 4: 8
DFA state entries in window  : 1: 100, 2: 49, 3: 29, 4: 2
DFA state entries cumulative : 1: 4500, 2: 836, 3: 212, 4: 8
transitions cumulative       : 1->2: 836, 2->3: 212, 3->4: 8
accepted directly from s0    : 0
Gym endings cumulative       : terminated=4360, truncated=132

[Episode 4600/8000 | last 100]
success rate                : 9.0% (cumulative 0.4%)
failure rate                : 0.0% (cumulative 0.0%)
completed cycles / episode  : 0.000
synthetic task reward       : 900.000
shaping reward              : 525.260
learning reward             : 1425.260
episode length              : 374.3
abstract changes / episode  : 28.5
DFA transitions / episode   : 1.17
DFA transitions in window   : 1->2: 67, 2->3: 41, 3->4: 9
epsilon (next episode)       : 0.15876
replay buffer                : 300000 samples [1: 59.9%, 2: 30.9%, 3: 9.2%, 4: 0.0%]
DFA state visits in window   : 1: 15743, 2: 14520, 3: 7262, 4: 9
DFA state visits cumulative  : 1: 1040261, 2: 128647, 3: 29026, 4: 17
DFA state entries in window  : 1: 100, 2: 67, 3: 41, 4: 9
DFA state entries cumulative : 1: 4600, 2: 903, 3: 253, 4: 17
transitions cumulative       : 1->2: 903, 2->3: 253, 3->4: 17
accepted directly from s0    : 0
Gym endings cumulative       : terminated=4446, truncated=137

[Episode 4700/8000 | last 100]
success rate                : 12.0% (cumulative 0.6%)
failure rate                : 0.0% (cumulative 0.0%)
completed cycles / episode  : 0.000
synthetic task reward       : 1200.000
shaping reward              : 479.169
learning reward             : 1679.169
episode length              : 351.5
abstract changes / episode  : 27.6
DFA transitions / episode   : 1.03
DFA transitions in window   : 1->2: 53, 2->3: 38, 3->4: 12
epsilon (next episode)       : 0.15253
replay buffer                : 300000 samples [1: 57.2%, 2: 31.9%, 3: 10.9%, 4: 0.0%]
DFA state visits in window   : 1: 16361, 2: 12695, 3: 6183, 4: 12
DFA state visits cumulative  : 1: 1056622, 2: 141342, 3: 35209, 4: 29
DFA state entries in window  : 1: 100, 2: 53, 3: 38, 4: 12
DFA state entries cumulative : 1: 4700, 2: 956, 3: 291, 4: 29
transitions cumulative       : 1->2: 956, 2->3: 291, 3->4: 29
accepted directly from s0    : 0
Gym endings cumulative       : terminated=4530, truncated=141

[Episode 4800/8000 | last 100]
success rate                : 8.0% (cumulative 0.8%)
failure rate                : 0.0% (cumulative 0.0%)
completed cycles / episode  : 0.000
synthetic task reward       : 800.000
shaping reward              : 314.149
learning reward             : 1114.149
episode length              : 313.5
abstract changes / episode  : 25.0
DFA transitions / episode   : 0.82
DFA transitions in window   : 1->2: 47, 2->3: 27, 3->4: 8
epsilon (next episode)       : 0.14655
replay buffer                : 300000 samples [1: 56.4%, 2: 31.8%, 3: 11.8%, 4: 0.0%]
DFA state visits in window   : 1: 17916, 2: 9578, 3: 3946, 4: 8
DFA state visits cumulative  : 1: 1074538, 2: 150920, 3: 39155, 4: 37
DFA state entries in window  : 1: 100, 2: 47, 3: 27, 4: 8
DFA state entries cumulative : 1: 4800, 2: 1003, 3: 318, 4: 37
transitions cumulative       : 1->2: 1003, 2->3: 318, 3->4: 37
accepted directly from s0    : 0
Gym endings cumulative       : terminated=4621, truncated=142

[Episode 4900/8000 | last 100]
success rate                : 11.0% (cumulative 1.0%)
failure rate                : 0.0% (cumulative 0.0%)
completed cycles / episode  : 0.000
synthetic task reward       : 1100.000
shaping reward              : 467.796
learning reward             : 1567.796
episode length              : 404.1
abstract changes / episode  : 29.0
DFA transitions / episode   : 1.08
DFA transitions in window   : 1->2: 62, 2->3: 35, 3->4: 11
epsilon (next episode)       : 0.14080
replay buffer                : 300000 samples [1: 55.7%, 2: 31.7%, 3: 12.6%, 4: 0.0%]
DFA state visits in window   : 1: 23417, 2: 12676, 3: 4411, 4: 11
DFA state visits cumulative  : 1: 1097955, 2: 163596, 3: 43566, 4: 48
DFA state entries in window  : 1: 100, 2: 62, 3: 35, 4: 11
DFA state entries cumulative : 1: 4900, 2: 1065, 3: 353, 4: 48
transitions cumulative       : 1->2: 1065, 2->3: 353, 3->4: 48
accepted directly from s0    : 0
Gym endings cumulative       : terminated=4706, truncated=146

[Episode 5000/8000 | last 100]
success rate                : 20.0% (cumulative 1.4%)
failure rate                : 0.0% (cumulative 0.0%)
completed cycles / episode  : 0.000
synthetic task reward       : 2000.000
shaping reward              : 460.368
learning reward             : 2460.368
episode length              : 385.3
abstract changes / episode  : 27.1
DFA transitions / episode   : 1.10
DFA transitions in window   : 1->2: 50, 2->3: 40, 3->4: 20
epsilon (next episode)       : 0.13528
replay buffer                : 300000 samples [1: 54.4%, 2: 31.4%, 3: 14.2%, 4: 0.0%]
DFA state visits in window   : 1: 21410, 2: 10386, 3: 6811, 4: 20
DFA state visits cumulative  : 1: 1119365, 2: 173982, 3: 50377, 4: 68
DFA state entries in window  : 1: 100, 2: 50, 3: 40, 4: 20
DFA state entries cumulative : 1: 5000, 2: 1115, 3: 393, 4: 68
transitions cumulative       : 1->2: 1115, 2->3: 393, 3->4: 68
accepted directly from s0    : 0
Gym endings cumulative       : terminated=4780, truncated=152

Starting autonomous greedy evaluation at episode 5000 (1000 fixed-seed episodes)...
[Greedy evaluation at episode 5000 | 1000 fixed-seed episodes]
success=4.1%, failure=0.0%, task reward=410.000, length=822.1
DFA transitions: 1->2: 924, 2->3: 160, 3->4: 41
Best policy updated from autonomous greedy evaluation at episode 5000.

[Episode 5100/8000 | last 100]
success rate                : 25.0% (cumulative 1.8%)
failure rate                : 0.0% (cumulative 0.0%)
completed cycles / episode  : 0.000
synthetic task reward       : 2500.000
shaping reward              : 629.992
learning reward             : 3129.992
episode length              : 388.1
abstract changes / episode  : 28.6
DFA transitions / episode   : 1.30
DFA transitions in window   : 1->2: 63, 2->3: 42, 3->4: 25
epsilon (next episode)       : 0.12998
replay buffer                : 300000 samples [1: 51.3%, 2: 32.3%, 3: 16.4%, 4: 0.0%]
DFA state visits in window   : 1: 19269, 2: 10687, 3: 8934, 4: 25
DFA state visits cumulative  : 1: 1138634, 2: 184669, 3: 59311, 4: 93
DFA state entries in window  : 1: 100, 2: 63, 3: 42, 4: 25
DFA state entries cumulative : 1: 5100, 2: 1178, 3: 435, 4: 93
transitions cumulative       : 1->2: 1178, 2->3: 435, 3->4: 93
accepted directly from s0    : 0
Gym endings cumulative       : terminated=4849, truncated=158

[Episode 5200/8000 | last 100]
success rate                : 29.0% (cumulative 2.3%)
failure rate                : 0.0% (cumulative 0.0%)
completed cycles / episode  : 0.000
synthetic task reward       : 2900.000
shaping reward              : 584.425
learning reward             : 3484.425
episode length              : 333.0
abstract changes / episode  : 26.4
DFA transitions / episode   : 1.36
DFA transitions in window   : 1->2: 62, 2->3: 45, 3->4: 29
epsilon (next episode)       : 0.12488
replay buffer                : 300000 samples [1: 51.8%, 2: 30.8%, 3: 17.4%, 4: 0.0%]
DFA state visits in window   : 1: 18284, 2: 8321, 3: 6767, 4: 29
DFA state visits cumulative  : 1: 1156918, 2: 192990, 3: 66078, 4: 122
DFA state entries in window  : 1: 100, 2: 62, 3: 45, 4: 29
DFA state entries cumulative : 1: 5200, 2: 1240, 3: 480, 4: 122
transitions cumulative       : 1->2: 1240, 2->3: 480, 3->4: 122
accepted directly from s0    : 0
Gym endings cumulative       : terminated=4920, truncated=159

[Episode 5300/8000 | last 100]
success rate                : 36.0% (cumulative 3.0%)
failure rate                : 0.0% (cumulative 0.0%)
completed cycles / episode  : 0.000
synthetic task reward       : 3600.000
shaping reward              : 780.338
learning reward             : 4380.338
episode length              : 367.0
abstract changes / episode  : 30.1
DFA transitions / episode   : 1.62
DFA transitions in window   : 1->2: 74, 2->3: 52, 3->4: 36
epsilon (next episode)       : 0.11998
replay buffer                : 300000 samples [1: 51.3%, 2: 31.1%, 3: 17.6%, 4: 0.0%]
DFA state visits in window   : 1: 17823, 2: 11946, 3: 6998, 4: 36
DFA state visits cumulative  : 1: 1174741, 2: 204936, 3: 73076, 4: 158
DFA state entries in window  : 1: 100, 2: 74, 3: 52, 4: 36
DFA state entries cumulative : 1: 5300, 2: 1314, 3: 532, 4: 158
transitions cumulative       : 1->2: 1314, 2->3: 532, 3->4: 158
accepted directly from s0    : 0
Gym endings cumulative       : terminated=4982, truncated=161

[Episode 5400/8000 | last 100]
success rate                : 27.0% (cumulative 3.4%)
failure rate                : 0.0% (cumulative 0.0%)
completed cycles / episode  : 0.000
synthetic task reward       : 2700.000
shaping reward              : 599.370
learning reward             : 3299.370
episode length              : 306.3
abstract changes / episode  : 27.4
DFA transitions / episode   : 1.33
DFA transitions in window   : 1->2: 65, 2->3: 41, 3->4: 27
epsilon (next episode)       : 0.11528
replay buffer                : 300000 samples [1: 52.3%, 2: 30.2%, 3: 17.5%, 4: 0.0%]
DFA state visits in window   : 1: 17196, 2: 8207, 3: 5303, 4: 27
DFA state visits cumulative  : 1: 1191937, 2: 213143, 3: 78379, 4: 185
DFA state entries in window  : 1: 100, 2: 65, 3: 41, 4: 27
DFA state entries cumulative : 1: 5400, 2: 1379, 3: 573, 4: 185
transitions cumulative       : 1->2: 1379, 2->3: 573, 3->4: 185
accepted directly from s0    : 0
Gym endings cumulative       : terminated=5053, truncated=163

[Episode 5500/8000 | last 100]
success rate                : 37.0% (cumulative 4.0%)
failure rate                : 0.0% (cumulative 0.0%)
completed cycles / episode  : 0.000
synthetic task reward       : 3700.000
shaping reward              : 582.395
learning reward             : 4282.395
episode length              : 299.4
abstract changes / episode  : 27.0
DFA transitions / episode   : 1.40
DFA transitions in window   : 1->2: 61, 2->3: 42, 3->4: 37
epsilon (next episode)       : 0.11075
replay buffer                : 300000 samples [1: 53.5%, 2: 28.7%, 3: 17.7%, 4: 0.0%]
DFA state visits in window   : 1: 16714, 2: 6679, 3: 6605, 4: 37
DFA state visits cumulative  : 1: 1208651, 2: 219822, 3: 84984, 4: 222
DFA state entries in window  : 1: 100, 2: 61, 3: 42, 4: 37
DFA state entries cumulative : 1: 5500, 2: 1440, 3: 615, 4: 222
transitions cumulative       : 1->2: 1440, 2->3: 615, 3->4: 222
accepted directly from s0    : 0
Gym endings cumulative       : terminated=5116, truncated=163

[Episode 5600/8000 | last 100]
success rate                : 34.0% (cumulative 4.6%)
failure rate                : 0.0% (cumulative 0.0%)
completed cycles / episode  : 0.000
synthetic task reward       : 3400.000
shaping reward              : 547.994
learning reward             : 3947.994
episode length              : 333.2
abstract changes / episode  : 28.1
DFA transitions / episode   : 1.32
DFA transitions in window   : 1->2: 55, 2->3: 43, 3->4: 34
epsilon (next episode)       : 0.10641
replay buffer                : 300000 samples [1: 55.3%, 2: 26.9%, 3: 17.9%, 4: 0.0%]
DFA state visits in window   : 1: 21658, 2: 6183, 3: 5545, 4: 34
DFA state visits cumulative  : 1: 1230309, 2: 226005, 3: 90529, 4: 256
DFA state entries in window  : 1: 100, 2: 55, 3: 43, 4: 34
DFA state entries cumulative : 1: 5600, 2: 1495, 3: 658, 4: 256
transitions cumulative       : 1->2: 1495, 2->3: 658, 3->4: 256
accepted directly from s0    : 0
Gym endings cumulative       : terminated=5182, truncated=163

[Episode 5700/8000 | last 100]
success rate                : 47.0% (cumulative 5.3%)
failure rate                : 0.0% (cumulative 0.0%)
completed cycles / episode  : 0.000
synthetic task reward       : 4700.000
shaping reward              : 800.745
learning reward             : 5500.745
episode length              : 410.8
abstract changes / episode  : 33.0
DFA transitions / episode   : 1.78
DFA transitions in window   : 1->2: 71, 2->3: 60, 3->4: 47
epsilon (next episode)       : 0.10224
replay buffer                : 300000 samples [1: 54.8%, 2: 26.0%, 3: 19.3%, 4: 0.0%]
DFA state visits in window   : 1: 22708, 2: 9702, 3: 8727, 4: 47
DFA state visits cumulative  : 1: 1253017, 2: 235707, 3: 99256, 4: 303
DFA state entries in window  : 1: 100, 2: 71, 3: 60, 4: 47
DFA state entries cumulative : 1: 5700, 2: 1566, 3: 718, 4: 303
transitions cumulative       : 1->2: 1566, 2->3: 718, 3->4: 303
accepted directly from s0    : 0
Gym endings cumulative       : terminated=5234, truncated=164

[Episode 5800/8000 | last 100]
success rate                : 42.0% (cumulative 5.9%)
failure rate                : 0.0% (cumulative 0.0%)
completed cycles / episode  : 0.000
synthetic task reward       : 4200.000
shaping reward              : 750.395
learning reward             : 4950.395
episode length              : 335.0
abstract changes / episode  : 28.7
DFA transitions / episode   : 1.67
DFA transitions in window   : 1->2: 72, 2->3: 53, 3->4: 42
epsilon (next episode)       : 0.09823
replay buffer                : 300000 samples [1: 54.7%, 2: 25.1%, 3: 20.2%, 4: 0.0%]
DFA state visits in window   : 1: 18004, 2: 8202, 3: 7356, 4: 42
DFA state visits cumulative  : 1: 1271021, 2: 243909, 3: 106612, 4: 345
DFA state entries in window  : 1: 100, 2: 72, 3: 53, 4: 42
DFA state entries cumulative : 1: 5800, 2: 1638, 3: 771, 4: 345
transitions cumulative       : 1->2: 1638, 2->3: 771, 3->4: 345
accepted directly from s0    : 0
Gym endings cumulative       : terminated=5290, truncated=166

[Episode 5900/8000 | last 100]
success rate                : 35.0% (cumulative 6.4%)
failure rate                : 0.0% (cumulative 0.0%)
completed cycles / episode  : 0.000
synthetic task reward       : 3500.000
shaping reward              : 587.097
learning reward             : 4087.097
episode length              : 307.3
abstract changes / episode  : 26.0
DFA transitions / episode   : 1.37
DFA transitions in window   : 1->2: 57, 2->3: 45, 3->4: 35
epsilon (next episode)       : 0.09438
replay buffer                : 300000 samples [1: 55.7%, 2: 23.9%, 3: 20.4%, 4: 0.0%]
DFA state visits in window   : 1: 19000, 2: 5907, 3: 5891, 4: 35
DFA state visits cumulative  : 1: 1290021, 2: 249816, 3: 112503, 4: 380
DFA state entries in window  : 1: 100, 2: 57, 3: 45, 4: 35
DFA state entries cumulative : 1: 5900, 2: 1695, 3: 816, 4: 380
transitions cumulative       : 1->2: 1695, 2->3: 816, 3->4: 380
accepted directly from s0    : 0
Gym endings cumulative       : terminated=5354, truncated=167

[Episode 6000/8000 | last 100]
success rate                : 38.0% (cumulative 7.0%)
failure rate                : 0.0% (cumulative 0.0%)
completed cycles / episode  : 0.000
synthetic task reward       : 3800.000
shaping reward              : 570.182
learning reward             : 4370.182
episode length              : 361.5
abstract changes / episode  : 31.0
DFA transitions / episode   : 1.42
DFA transitions in window   : 1->2: 60, 2->3: 44, 3->4: 38
epsilon (next episode)       : 0.09067
replay buffer                : 300000 samples [1: 55.5%, 2: 25.2%, 3: 19.3%, 4: 0.0%]
DFA state visits in window   : 1: 18987, 2: 11560, 3: 5669, 4: 38
DFA state visits cumulative  : 1: 1309008, 2: 261376, 3: 118172, 4: 418
DFA state entries in window  : 1: 100, 2: 60, 3: 44, 4: 38
DFA state entries cumulative : 1: 6000, 2: 1755, 3: 860, 4: 418
transitions cumulative       : 1->2: 1755, 2->3: 860, 3->4: 418
accepted directly from s0    : 0
Gym endings cumulative       : terminated=5414, truncated=169

Starting autonomous greedy evaluation at episode 6000 (1000 fixed-seed episodes)...
[Greedy evaluation at episode 6000 | 1000 fixed-seed episodes]
success=17.2%, failure=0.0%, task reward=1720.000, length=793.3
DFA transitions: 1->2: 758, 2->3: 196, 3->4: 172
Best policy updated from autonomous greedy evaluation at episode 6000.

[Episode 6100/8000 | last 100]
success rate                : 42.0% (cumulative 7.5%)
failure rate                : 0.0% (cumulative 0.0%)
completed cycles / episode  : 0.000
synthetic task reward       : 4200.000
shaping reward              : 582.082
learning reward             : 4782.082
episode length              : 371.9
abstract changes / episode  : 30.6
DFA transitions / episode   : 1.43
DFA transitions in window   : 1->2: 54, 2->3: 47, 3->4: 42
epsilon (next episode)       : 0.08712
replay buffer                : 300000 samples [1: 56.9%, 2: 24.6%, 3: 18.5%, 4: 0.0%]
DFA state visits in window   : 1: 24012, 2: 7910, 3: 5322, 4: 42
DFA state visits cumulative  : 1: 1333020, 2: 269286, 3: 123494, 4: 460
DFA state entries in window  : 1: 100, 2: 54, 3: 47, 4: 42
DFA state entries cumulative : 1: 6100, 2: 1809, 3: 907, 4: 460
transitions cumulative       : 1->2: 1809, 2->3: 907, 3->4: 460
accepted directly from s0    : 0
Gym endings cumulative       : terminated=5472, truncated=170

[Episode 6200/8000 | last 100]
success rate                : 43.0% (cumulative 8.1%)
failure rate                : 0.0% (cumulative 0.0%)
completed cycles / episode  : 0.000
synthetic task reward       : 4300.000
shaping reward              : 665.065
learning reward             : 4965.065
episode length              : 403.4
abstract changes / episode  : 32.1
DFA transitions / episode   : 1.55
DFA transitions in window   : 1->2: 61, 2->3: 51, 3->4: 43
epsilon (next episode)       : 0.08370
replay buffer                : 300000 samples [1: 58.9%, 2: 22.8%, 3: 18.3%, 4: 0.0%]
DFA state visits in window   : 1: 26646, 2: 7189, 3: 6560, 4: 43
DFA state visits cumulative  : 1: 1359666, 2: 276475, 3: 130054, 4: 503
DFA state entries in window  : 1: 100, 2: 61, 3: 51, 4: 43
DFA state entries cumulative : 1: 6200, 2: 1870, 3: 958, 4: 503
transitions cumulative       : 1->2: 1870, 2->3: 958, 3->4: 503
accepted directly from s0    : 0
Gym endings cumulative       : terminated=5524, truncated=175

[Episode 6300/8000 | last 100]
success rate                : 64.0% (cumulative 9.0%)
failure rate                : 0.0% (cumulative 0.0%)
completed cycles / episode  : 0.000
synthetic task reward       : 6400.000
shaping reward              : 881.766
learning reward             : 7281.766
episode length              : 357.3
abstract changes / episode  : 31.7
DFA transitions / episode   : 2.03
DFA transitions in window   : 1->2: 72, 2->3: 67, 3->4: 64
epsilon (next episode)       : 0.08042
replay buffer                : 300000 samples [1: 59.0%, 2: 22.7%, 3: 18.3%, 4: 0.0%]
DFA state visits in window   : 1: 19616, 2: 8906, 3: 7248, 4: 64
DFA state visits cumulative  : 1: 1379282, 2: 285381, 3: 137302, 4: 567
DFA state entries in window  : 1: 100, 2: 72, 3: 67, 4: 64
DFA state entries cumulative : 1: 6300, 2: 1942, 3: 1025, 4: 567
transitions cumulative       : 1->2: 1942, 2->3: 1025, 3->4: 567
accepted directly from s0    : 0
Gym endings cumulative       : terminated=5559, truncated=176

[Episode 6400/8000 | last 100]
success rate                : 62.0% (cumulative 9.8%)
failure rate                : 0.0% (cumulative 0.0%)
completed cycles / episode  : 0.000
synthetic task reward       : 6200.000
shaping reward              : 972.055
learning reward             : 7172.055
episode length              : 356.3
abstract changes / episode  : 32.2
DFA transitions / episode   : 2.16
DFA transitions in window   : 1->2: 83, 2->3: 71, 3->4: 62
epsilon (next episode)       : 0.07727
replay buffer                : 300000 samples [1: 57.7%, 2: 23.5%, 3: 18.8%, 4: 0.0%]
DFA state visits in window   : 1: 16792, 2: 10049, 3: 8824, 4: 62
DFA state visits cumulative  : 1: 1396074, 2: 295430, 3: 146126, 4: 629
DFA state entries in window  : 1: 100, 2: 83, 3: 71, 4: 62
DFA state entries cumulative : 1: 6400, 2: 2025, 3: 1096, 4: 629
transitions cumulative       : 1->2: 2025, 2->3: 1096, 3->4: 629
accepted directly from s0    : 0
Gym endings cumulative       : terminated=5597, truncated=176

[Episode 6500/8000 | last 100]
success rate                : 43.0% (cumulative 10.3%)
failure rate                : 0.0% (cumulative 0.0%)
completed cycles / episode  : 0.000
synthetic task reward       : 4300.000
shaping reward              : 791.451
learning reward             : 5091.451
episode length              : 336.1
abstract changes / episode  : 29.0
DFA transitions / episode   : 1.64
DFA transitions in window   : 1->2: 68, 2->3: 53, 3->4: 43
epsilon (next episode)       : 0.07423
replay buffer                : 300000 samples [1: 55.9%, 2: 25.2%, 3: 18.9%, 4: 0.0%]
DFA state visits in window   : 1: 17637, 2: 11058, 3: 4970, 4: 43
DFA state visits cumulative  : 1: 1413711, 2: 306488, 3: 151096, 4: 672
DFA state entries in window  : 1: 100, 2: 68, 3: 53, 4: 43
DFA state entries cumulative : 1: 6500, 2: 2093, 3: 1149, 4: 672
transitions cumulative       : 1->2: 2093, 2->3: 1149, 3->4: 672
accepted directly from s0    : 0
Gym endings cumulative       : terminated=5651, truncated=179

[Episode 6600/8000 | last 100]
success rate                : 45.0% (cumulative 10.9%)
failure rate                : 0.0% (cumulative 0.0%)
completed cycles / episode  : 0.000
synthetic task reward       : 4500.000
shaping reward              : 781.674
learning reward             : 5281.674
episode length              : 369.9
abstract changes / episode  : 33.3
DFA transitions / episode   : 1.84
DFA transitions in window   : 1->2: 90, 2->3: 49, 3->4: 45
epsilon (next episode)       : 0.07132
replay buffer                : 300000 samples [1: 54.6%, 2: 27.5%, 3: 17.9%, 4: 0.0%]
DFA state visits in window   : 1: 14517, 2: 16457, 3: 6075, 4: 45
DFA state visits cumulative  : 1: 1428228, 2: 322945, 3: 157171, 4: 717
DFA state entries in window  : 1: 100, 2: 90, 3: 49, 4: 45
DFA state entries cumulative : 1: 6600, 2: 2183, 3: 1198, 4: 717
transitions cumulative       : 1->2: 2183, 2->3: 1198, 3->4: 717
accepted directly from s0    : 0
Gym endings cumulative       : terminated=5705, truncated=180

[Episode 6700/8000 | last 100]
success rate                : 68.0% (cumulative 11.7%)
failure rate                : 0.0% (cumulative 0.0%)
completed cycles / episode  : 0.000
synthetic task reward       : 6800.000
shaping reward              : 1065.462
learning reward             : 7865.462
episode length              : 405.8
abstract changes / episode  : 33.1
DFA transitions / episode   : 2.34
DFA transitions in window   : 1->2: 93, 2->3: 73, 3->4: 68
epsilon (next episode)       : 0.06853
replay buffer                : 300000 samples [1: 51.8%, 2: 30.3%, 3: 17.9%, 4: 0.0%]
DFA state visits in window   : 1: 14674, 2: 17396, 3: 8542, 4: 68
DFA state visits cumulative  : 1: 1442902, 2: 340341, 3: 165713, 4: 785
DFA state entries in window  : 1: 100, 2: 93, 3: 73, 4: 68
DFA state entries cumulative : 1: 6700, 2: 2276, 3: 1271, 4: 785
transitions cumulative       : 1->2: 2276, 2->3: 1271, 3->4: 785
accepted directly from s0    : 0
Gym endings cumulative       : terminated=5733, truncated=184

[Episode 6800/8000 | last 100]
success rate                : 48.0% (cumulative 12.2%)
failure rate                : 0.0% (cumulative 0.0%)
completed cycles / episode  : 0.000
synthetic task reward       : 4800.000
shaping reward              : 854.112
learning reward             : 5654.112
episode length              : 349.5
abstract changes / episode  : 29.3
DFA transitions / episode   : 1.80
DFA transitions in window   : 1->2: 80, 2->3: 52, 3->4: 48
epsilon (next episode)       : 0.06584
replay buffer                : 300000 samples [1: 51.5%, 2: 30.9%, 3: 17.6%, 4: 0.0%]
DFA state visits in window   : 1: 17970, 2: 11967, 3: 5061, 4: 48
DFA state visits cumulative  : 1: 1460872, 2: 352308, 3: 170774, 4: 833
DFA state entries in window  : 1: 100, 2: 80, 3: 52, 4: 48
DFA state entries cumulative : 1: 6800, 2: 2356, 3: 1323, 4: 833
transitions cumulative       : 1->2: 2356, 2->3: 1323, 3->4: 833
accepted directly from s0    : 0
Gym endings cumulative       : terminated=5785, truncated=184

[Episode 6900/8000 | last 100]
success rate                : 23.0% (cumulative 12.4%)
failure rate                : 0.0% (cumulative 0.0%)
completed cycles / episode  : 0.000
synthetic task reward       : 2300.000
shaping reward              : 475.899
learning reward             : 2775.899
episode length              : 352.4
abstract changes / episode  : 27.4
DFA transitions / episode   : 1.11
DFA transitions in window   : 1->2: 56, 2->3: 32, 3->4: 23
epsilon (next episode)       : 0.06326
replay buffer                : 300000 samples [1: 51.6%, 2: 30.7%, 3: 17.6%, 4: 0.0%]
DFA state visits in window   : 1: 22429, 2: 8040, 3: 4843, 4: 23
DFA state visits cumulative  : 1: 1483301, 2: 360348, 3: 175617, 4: 856
DFA state entries in window  : 1: 100, 2: 56, 3: 32, 4: 23
DFA state entries cumulative : 1: 6900, 2: 2412, 3: 1355, 4: 856
transitions cumulative       : 1->2: 2412, 2->3: 1355, 3->4: 856
accepted directly from s0    : 0
Gym endings cumulative       : terminated=5860, truncated=186

[Episode 7000/8000 | last 100]
success rate                : 28.0% (cumulative 12.6%)
failure rate                : 0.0% (cumulative 0.0%)
completed cycles / episode  : 0.000
synthetic task reward       : 2800.000
shaping reward              : 529.047
learning reward             : 3329.047
episode length              : 332.4
abstract changes / episode  : 26.8
DFA transitions / episode   : 1.29
DFA transitions in window   : 1->2: 56, 2->3: 45, 3->4: 28
epsilon (next episode)       : 0.06078
replay buffer                : 300000 samples [1: 49.4%, 2: 32.7%, 3: 17.9%, 4: 0.0%]
DFA state visits in window   : 1: 16191, 2: 11783, 3: 5337, 4: 28
DFA state visits cumulative  : 1: 1499492, 2: 372131, 3: 180954, 4: 884
DFA state entries in window  : 1: 100, 2: 56, 3: 45, 4: 28
DFA state entries cumulative : 1: 7000, 2: 2468, 3: 1400, 4: 884
transitions cumulative       : 1->2: 2468, 2->3: 1400, 3->4: 884
accepted directly from s0    : 0
Gym endings cumulative       : terminated=5929, truncated=189

Starting autonomous greedy evaluation at episode 7000 (1000 fixed-seed episodes)...
[Greedy evaluation at episode 7000 | 1000 fixed-seed episodes]
success=1.1%, failure=0.0%, task reward=110.000, length=808.1
DFA transitions: 1->2: 758, 2->3: 13, 3->4: 11

[Episode 7100/8000 | last 100]
success rate                : 57.0% (cumulative 13.3%)
failure rate                : 0.0% (cumulative 0.0%)
completed cycles / episode  : 0.000
synthetic task reward       : 5700.000
shaping reward              : 890.743
learning reward             : 6590.743
episode length              : 364.1
abstract changes / episode  : 29.8
DFA transitions / episode   : 1.96
DFA transitions in window   : 1->2: 76, 2->3: 63, 3->4: 57
epsilon (next episode)       : 0.05839
replay buffer                : 300000 samples [1: 47.8%, 2: 33.6%, 3: 18.6%, 4: 0.0%]
DFA state visits in window   : 1: 16585, 2: 10848, 3: 9021, 4: 57
DFA state visits cumulative  : 1: 1516077, 2: 382979, 3: 189975, 4: 941
DFA state entries in window  : 1: 100, 2: 76, 3: 63, 4: 57
DFA state entries cumulative : 1: 7100, 2: 2544, 3: 1463, 4: 941
transitions cumulative       : 1->2: 2544, 2->3: 1463, 3->4: 941
accepted directly from s0    : 0
Gym endings cumulative       : terminated=5970, truncated=191

[Episode 7200/8000 | last 100]
success rate                : 73.0% (cumulative 14.1%)
failure rate                : 0.0% (cumulative 0.0%)
completed cycles / episode  : 0.000
synthetic task reward       : 7300.000
shaping reward              : 1049.542
learning reward             : 8349.542
episode length              : 365.7
abstract changes / episode  : 32.1
DFA transitions / episode   : 2.35
DFA transitions in window   : 1->2: 83, 2->3: 79, 3->4: 73
epsilon (next episode)       : 0.05610
replay buffer                : 300000 samples [1: 47.1%, 2: 34.2%, 3: 18.6%, 4: 0.0%]
DFA state visits in window   : 1: 15923, 2: 11721, 3: 8954, 4: 73
DFA state visits cumulative  : 1: 1532000, 2: 394700, 3: 198929, 4: 1014
DFA state entries in window  : 1: 100, 2: 83, 3: 79, 4: 73
DFA state entries cumulative : 1: 7200, 2: 2627, 3: 1542, 4: 1014
transitions cumulative       : 1->2: 2627, 2->3: 1542, 3->4: 1014
accepted directly from s0    : 0
Gym endings cumulative       : terminated=5997, truncated=191

[Episode 7300/8000 | last 100]
success rate                : 72.0% (cumulative 14.9%)
failure rate                : 0.0% (cumulative 0.0%)
completed cycles / episode  : 0.000
synthetic task reward       : 7200.000
shaping reward              : 1019.151
learning reward             : 8219.151
episode length              : 365.6
abstract changes / episode  : 31.5
DFA transitions / episode   : 2.29
DFA transitions in window   : 1->2: 82, 2->3: 75, 3->4: 72
epsilon (next episode)       : 0.05390
replay buffer                : 300000 samples [1: 46.4%, 2: 34.3%, 3: 19.3%, 4: 0.0%]
DFA state visits in window   : 1: 17001, 2: 11185, 3: 8406, 4: 72
DFA state visits cumulative  : 1: 1549001, 2: 405885, 3: 207335, 4: 1086
DFA state entries in window  : 1: 100, 2: 82, 3: 75, 4: 72
DFA state entries cumulative : 1: 7300, 2: 2709, 3: 1617, 4: 1086
transitions cumulative       : 1->2: 2709, 2->3: 1617, 3->4: 1086
accepted directly from s0    : 0
Gym endings cumulative       : terminated=6025, truncated=191

[Episode 7400/8000 | last 100]
success rate                : 59.0% (cumulative 15.5%)
failure rate                : 0.0% (cumulative 0.0%)
completed cycles / episode  : 0.000
synthetic task reward       : 5900.000
shaping reward              : 816.957
learning reward             : 6716.957
episode length              : 301.1
abstract changes / episode  : 26.4
DFA transitions / episode   : 1.91
DFA transitions in window   : 1->2: 73, 2->3: 59, 3->4: 59
epsilon (next episode)       : 0.05179
replay buffer                : 300000 samples [1: 47.4%, 2: 33.0%, 3: 19.6%, 4: 0.0%]
DFA state visits in window   : 1: 15418, 2: 8433, 3: 6296, 4: 59
DFA state visits cumulative  : 1: 1564419, 2: 414318, 3: 213631, 4: 1145
DFA state entries in window  : 1: 100, 2: 73, 3: 59, 4: 59
DFA state entries cumulative : 1: 7400, 2: 2782, 3: 1676, 4: 1145
transitions cumulative       : 1->2: 2782, 2->3: 1676, 3->4: 1145
accepted directly from s0    : 0
Gym endings cumulative       : terminated=6066, truncated=191

[Episode 7500/8000 | last 100]
success rate                : 44.0% (cumulative 15.9%)
failure rate                : 0.0% (cumulative 0.0%)
completed cycles / episode  : 0.000
synthetic task reward       : 4400.000
shaping reward              : 703.174
learning reward             : 5103.174
episode length              : 323.0
abstract changes / episode  : 26.6
DFA transitions / episode   : 1.61
DFA transitions in window   : 1->2: 67, 2->3: 50, 3->4: 44
epsilon (next episode)       : 0.04976
replay buffer                : 300000 samples [1: 48.9%, 2: 31.7%, 3: 19.4%, 4: 0.0%]
DFA state visits in window   : 1: 17863, 2: 9044, 3: 5448, 4: 44
DFA state visits cumulative  : 1: 1582282, 2: 423362, 3: 219079, 4: 1189
DFA state entries in window  : 1: 100, 2: 67, 3: 50, 4: 44
DFA state entries cumulative : 1: 7500, 2: 2849, 3: 1726, 4: 1189
transitions cumulative       : 1->2: 2849, 2->3: 1726, 3->4: 1189
accepted directly from s0    : 0
Gym endings cumulative       : terminated=6121, truncated=192

[Episode 7600/8000 | last 100]
success rate                : 56.0% (cumulative 16.4%)
failure rate                : 0.0% (cumulative 0.0%)
completed cycles / episode  : 0.000
synthetic task reward       : 5600.000
shaping reward              : 1011.904
learning reward             : 6611.904
episode length              : 393.2
abstract changes / episode  : 32.3
DFA transitions / episode   : 2.17
DFA transitions in window   : 1->2: 85, 2->3: 76, 3->4: 56
epsilon (next episode)       : 0.04781
replay buffer                : 300000 samples [1: 49.2%, 2: 30.8%, 3: 20.0%, 4: 0.0%]
DFA state visits in window   : 1: 15920, 2: 14428, 3: 9012, 4: 56
DFA state visits cumulative  : 1: 1598202, 2: 437790, 3: 228091, 4: 1245
DFA state entries in window  : 1: 100, 2: 85, 3: 76, 4: 56
DFA state entries cumulative : 1: 7600, 2: 2934, 3: 1802, 4: 1245
transitions cumulative       : 1->2: 2934, 2->3: 1802, 3->4: 1245
accepted directly from s0    : 0
Gym endings cumulative       : terminated=6162, truncated=195

[Episode 7700/8000 | last 100]
success rate                : 54.0% (cumulative 16.9%)
failure rate                : 0.0% (cumulative 0.0%)
completed cycles / episode  : 0.000
synthetic task reward       : 5400.000
shaping reward              : 836.356
learning reward             : 6236.356
episode length              : 328.6
abstract changes / episode  : 28.3
DFA transitions / episode   : 1.87
DFA transitions in window   : 1->2: 74, 2->3: 59, 3->4: 54
epsilon (next episode)       : 0.04593
replay buffer                : 300000 samples [1: 48.4%, 2: 31.0%, 3: 20.6%, 4: 0.0%]
DFA state visits in window   : 1: 15806, 2: 10564, 3: 6539, 4: 54
DFA state visits cumulative  : 1: 1614008, 2: 448354, 3: 234630, 4: 1299
DFA state entries in window  : 1: 100, 2: 74, 3: 59, 4: 54
DFA state entries cumulative : 1: 7700, 2: 3008, 3: 1861, 4: 1299
transitions cumulative       : 1->2: 3008, 2->3: 1861, 3->4: 1299
accepted directly from s0    : 0
Gym endings cumulative       : terminated=6208, truncated=195

[Episode 7800/8000 | last 100]
success rate                : 58.0% (cumulative 17.4%)
failure rate                : 0.0% (cumulative 0.0%)
completed cycles / episode  : 0.000
synthetic task reward       : 5800.000
shaping reward              : 770.517
learning reward             : 6570.517
episode length              : 312.4
abstract changes / episode  : 29.5
DFA transitions / episode   : 1.91
DFA transitions in window   : 1->2: 68, 2->3: 65, 3->4: 58
epsilon (next episode)       : 0.04413
replay buffer                : 300000 samples [1: 46.4%, 2: 31.8%, 3: 21.7%, 4: 0.0%]
DFA state visits in window   : 1: 14655, 2: 9052, 3: 7573, 4: 58
DFA state visits cumulative  : 1: 1628663, 2: 457406, 3: 242203, 4: 1357
DFA state entries in window  : 1: 100, 2: 68, 3: 65, 4: 58
DFA state entries cumulative : 1: 7800, 2: 3076, 3: 1926, 4: 1357
transitions cumulative       : 1->2: 3076, 2->3: 1926, 3->4: 1357
accepted directly from s0    : 0
Gym endings cumulative       : terminated=6250, truncated=195

[Episode 7900/8000 | last 100]
success rate                : 77.0% (cumulative 18.2%)
failure rate                : 0.0% (cumulative 0.0%)
completed cycles / episode  : 0.000
synthetic task reward       : 7700.000
shaping reward              : 1017.981
learning reward             : 8717.981
episode length              : 351.1
abstract changes / episode  : 32.5
DFA transitions / episode   : 2.36
DFA transitions in window   : 1->2: 81, 2->3: 78, 3->4: 77
epsilon (next episode)       : 0.04240
replay buffer                : 300000 samples [1: 46.8%, 2: 30.5%, 3: 22.7%, 4: 0.0%]
DFA state visits in window   : 1: 15828, 2: 9740, 3: 9562, 4: 77
DFA state visits cumulative  : 1: 1644491, 2: 467146, 3: 251765, 4: 1434
DFA state entries in window  : 1: 100, 2: 81, 3: 78, 4: 77
DFA state entries cumulative : 1: 7900, 2: 3157, 3: 2004, 4: 1434
transitions cumulative       : 1->2: 3157, 2->3: 2004, 3->4: 1434
accepted directly from s0    : 0
Gym endings cumulative       : terminated=6273, truncated=195

[Episode 8000/8000 | last 100]
success rate                : 91.0% (cumulative 19.1%)
failure rate                : 0.0% (cumulative 0.0%)
completed cycles / episode  : 0.000
synthetic task reward       : 9100.000
shaping reward              : 1266.129
learning reward             : 10366.129
episode length              : 377.9
abstract changes / episode  : 34.8
DFA transitions / episode   : 2.80
DFA transitions in window   : 1->2: 98, 2->3: 91, 3->4: 91
epsilon (next episode)       : 0.04074
replay buffer                : 300000 samples [1: 45.7%, 2: 31.1%, 3: 23.2%, 4: 0.0%]
DFA state visits in window   : 1: 14208, 2: 12984, 3: 10612, 4: 91
DFA state visits cumulative  : 1: 1658699, 2: 480130, 3: 262377, 4: 1525
DFA state entries in window  : 1: 100, 2: 98, 3: 91, 4: 91
DFA state entries cumulative : 1: 8000, 2: 3255, 3: 2095, 4: 1525
transitions cumulative       : 1->2: 3255, 2->3: 2095, 3->4: 1525
accepted directly from s0    : 0
Gym endings cumulative       : terminated=6282, truncated=195

Starting autonomous greedy evaluation at episode 8000 (1000 fixed-seed episodes)...
[Greedy evaluation at episode 8000 | 1000 fixed-seed episodes]
success=66.4%, failure=0.0%, task reward=6640.000, length=326.6
DFA transitions: 1->2: 824, 2->3: 702, 3->4: 664
Best policy updated from autonomous greedy evaluation at episode 8000.
Last policy saved after episode 8000. Best greedy evaluation: episode 8000, mean task reward=6640.000
