
=== NEW RUN ===
episodes=8000, shaping=True, goal_reward=10000.0, gamma=0.99
gamma_shaping=1.0, shaping_formula=gamma_shaping*Phi(next)-Phi(state)
eval_interval=1000, eval_episodes=1000, eval_seed=100000
inter_level_shaping=False, inter_level_formula=gamma*Phi(next)-Phi(state)
task_type=ltlf, task=F(wp1 & X(F(wp2 & X(F(g1)))))
regions={wp1: {'center': [-0.75, 1.0625], 'radius': 0.1}, wp2: {'center': [0, 0.1525], 'radius': 0.1}, g1: {'center': [0.75, 1.0625], 'radius': 0.1}}
dfa_states=[1, 2, 3, 4], pre_trace=1, accepting=[4], failure=[]

[Episode 1/8000 | last 1]
success rate                : 0.0% (cumulative 0.0%)
failure rate                : 0.0% (cumulative 0.0%)
completed cycles / episode  : 0.000
synthetic task reward       : 0.000
shaping reward              : -258.026
learning reward             : -258.026
episode length              : 91.0
abstract changes / episode  : 15.0
DFA transitions / episode   : 0.00
DFA transitions in window   : none
epsilon (next episode)       : 0.99960
replay buffer                : 91 samples [1: 100.0%, 2: 0.0%, 3: 0.0%, 4: 0.0%]
DFA state visits in window   : 1: 92, 2: 0, 3: 0, 4: 0
DFA state visits cumulative  : 1: 92, 2: 0, 3: 0, 4: 0
DFA state entries in window  : 1: 1, 2: 0, 3: 0, 4: 0
DFA state entries cumulative : 1: 1, 2: 0, 3: 0, 4: 0
transitions cumulative       : none
accepted directly from s0    : 0
Gym endings cumulative       : terminated=1, truncated=0

[Episode 100/8000 | last 100]
success rate                : 0.0% (cumulative 0.0%)
failure rate                : 0.0% (cumulative 0.0%)
completed cycles / episode  : 0.000
synthetic task reward       : 0.000
shaping reward              : -258.784
learning reward             : -258.784
episode length              : 91.4
abstract changes / episode  : 12.8
DFA transitions / episode   : 0.00
DFA transitions in window   : none
epsilon (next episode)       : 0.96078
replay buffer                : 9141 samples [1: 100.0%, 2: 0.0%, 3: 0.0%, 4: 0.0%]
DFA state visits in window   : 1: 9241, 2: 0, 3: 0, 4: 0
DFA state visits cumulative  : 1: 9241, 2: 0, 3: 0, 4: 0
DFA state entries in window  : 1: 100, 2: 0, 3: 0, 4: 0
DFA state entries cumulative : 1: 100, 2: 0, 3: 0, 4: 0
transitions cumulative       : none
accepted directly from s0    : 0
Gym endings cumulative       : terminated=100, truncated=0

[Episode 200/8000 | last 100]
success rate                : 0.0% (cumulative 0.0%)
failure rate                : 0.0% (cumulative 0.0%)
completed cycles / episode  : 0.000
synthetic task reward       : 0.000
shaping reward              : -213.874
learning reward             : -213.874
episode length              : 89.9
abstract changes / episode  : 12.9
DFA transitions / episode   : 0.02
DFA transitions in window   : 1->2: 2
epsilon (next episode)       : 0.92310
replay buffer                : 18128 samples [1: 99.7%, 2: 0.3%, 3: 0.0%, 4: 0.0%]
DFA state visits in window   : 1: 9035, 2: 52, 3: 0, 4: 0
DFA state visits cumulative  : 1: 18276, 2: 52, 3: 0, 4: 0
DFA state entries in window  : 1: 100, 2: 2, 3: 0, 4: 0
DFA state entries cumulative : 1: 200, 2: 2, 3: 0, 4: 0
transitions cumulative       : 1->2: 2
accepted directly from s0    : 0
Gym endings cumulative       : terminated=200, truncated=0

[Episode 300/8000 | last 100]
success rate                : 0.0% (cumulative 0.0%)
failure rate                : 0.0% (cumulative 0.0%)
completed cycles / episode  : 0.000
synthetic task reward       : 0.000
shaping reward              : -199.212
learning reward             : -199.212
episode length              : 93.5
abstract changes / episode  : 12.5
DFA transitions / episode   : 0.02
DFA transitions in window   : 1->2: 2
epsilon (next episode)       : 0.88690
replay buffer                : 27483 samples [1: 99.5%, 2: 0.5%, 3: 0.0%, 4: 0.0%]
DFA state visits in window   : 1: 9369, 2: 86, 3: 0, 4: 0
DFA state visits cumulative  : 1: 27645, 2: 138, 3: 0, 4: 0
DFA state entries in window  : 1: 100, 2: 2, 3: 0, 4: 0
DFA state entries cumulative : 1: 300, 2: 4, 3: 0, 4: 0
transitions cumulative       : 1->2: 4
accepted directly from s0    : 0
Gym endings cumulative       : terminated=300, truncated=0

[Episode 400/8000 | last 100]
success rate                : 0.0% (cumulative 0.0%)
failure rate                : 0.0% (cumulative 0.0%)
completed cycles / episode  : 0.000
synthetic task reward       : 0.000
shaping reward              : -203.326
learning reward             : -203.326
episode length              : 99.3
abstract changes / episode  : 12.9
DFA transitions / episode   : 0.03
DFA transitions in window   : 1->2: 3
epsilon (next episode)       : 0.85212
replay buffer                : 37413 samples [1: 99.5%, 2: 0.5%, 3: 0.0%, 4: 0.0%]
DFA state visits in window   : 1: 9958, 2: 72, 3: 0, 4: 0
DFA state visits cumulative  : 1: 37603, 2: 210, 3: 0, 4: 0
DFA state entries in window  : 1: 100, 2: 3, 3: 0, 4: 0
DFA state entries cumulative : 1: 400, 2: 7, 3: 0, 4: 0
transitions cumulative       : 1->2: 7
accepted directly from s0    : 0
Gym endings cumulative       : terminated=400, truncated=0

[Episode 500/8000 | last 100]
success rate                : 0.0% (cumulative 0.0%)
failure rate                : 0.0% (cumulative 0.0%)
completed cycles / episode  : 0.000
synthetic task reward       : 0.000
shaping reward              : -187.772
learning reward             : -187.772
episode length              : 99.1
abstract changes / episode  : 12.6
DFA transitions / episode   : 0.03
DFA transitions in window   : 1->2: 3
epsilon (next episode)       : 0.81870
replay buffer                : 47324 samples [1: 99.4%, 2: 0.6%, 3: 0.0%, 4: 0.0%]
DFA state visits in window   : 1: 9930, 2: 81, 3: 0, 4: 0
DFA state visits cumulative  : 1: 47533, 2: 291, 3: 0, 4: 0
DFA state entries in window  : 1: 100, 2: 3, 3: 0, 4: 0
DFA state entries cumulative : 1: 500, 2: 10, 3: 0, 4: 0
transitions cumulative       : 1->2: 10
accepted directly from s0    : 0
Gym endings cumulative       : terminated=500, truncated=0

[Episode 600/8000 | last 100]
success rate                : 0.0% (cumulative 0.0%)
failure rate                : 0.0% (cumulative 0.0%)
completed cycles / episode  : 0.000
synthetic task reward       : 0.000
shaping reward              : -156.203
learning reward             : -156.203
episode length              : 101.2
abstract changes / episode  : 12.6
DFA transitions / episode   : 0.03
DFA transitions in window   : 1->2: 3
epsilon (next episode)       : 0.78659
replay buffer                : 57441 samples [1: 99.4%, 2: 0.6%, 3: 0.0%, 4: 0.0%]
DFA state visits in window   : 1: 10155, 2: 62, 3: 0, 4: 0
DFA state visits cumulative  : 1: 57688, 2: 353, 3: 0, 4: 0
DFA state entries in window  : 1: 100, 2: 3, 3: 0, 4: 0
DFA state entries cumulative : 1: 600, 2: 13, 3: 0, 4: 0
transitions cumulative       : 1->2: 13
accepted directly from s0    : 0
Gym endings cumulative       : terminated=600, truncated=0

[Episode 700/8000 | last 100]
success rate                : 0.0% (cumulative 0.0%)
failure rate                : 0.0% (cumulative 0.0%)
completed cycles / episode  : 0.000
synthetic task reward       : 0.000
shaping reward              : -150.687
learning reward             : -150.687
episode length              : 114.2
abstract changes / episode  : 12.9
DFA transitions / episode   : 0.07
DFA transitions in window   : 1->2: 7
epsilon (next episode)       : 0.75574
replay buffer                : 68863 samples [1: 99.2%, 2: 0.8%, 3: 0.0%, 4: 0.0%]
DFA state visits in window   : 1: 11295, 2: 227, 3: 0, 4: 0
DFA state visits cumulative  : 1: 68983, 2: 580, 3: 0, 4: 0
DFA state entries in window  : 1: 100, 2: 7, 3: 0, 4: 0
DFA state entries cumulative : 1: 700, 2: 20, 3: 0, 4: 0
transitions cumulative       : 1->2: 20
accepted directly from s0    : 0
Gym endings cumulative       : terminated=700, truncated=0

[Episode 800/8000 | last 100]
success rate                : 0.0% (cumulative 0.0%)
failure rate                : 0.0% (cumulative 0.0%)
completed cycles / episode  : 0.000
synthetic task reward       : 0.000
shaping reward              : -171.411
learning reward             : -171.411
episode length              : 127.4
abstract changes / episode  : 12.8
DFA transitions / episode   : 0.04
DFA transitions in window   : 1->2: 4
epsilon (next episode)       : 0.72610
replay buffer                : 81601 samples [1: 99.2%, 2: 0.8%, 3: 0.0%, 4: 0.0%]
DFA state visits in window   : 1: 12724, 2: 114, 3: 0, 4: 0
DFA state visits cumulative  : 1: 81707, 2: 694, 3: 0, 4: 0
DFA state entries in window  : 1: 100, 2: 4, 3: 0, 4: 0
DFA state entries cumulative : 1: 800, 2: 24, 3: 0, 4: 0
transitions cumulative       : 1->2: 24
accepted directly from s0    : 0
Gym endings cumulative       : terminated=800, truncated=0

[Episode 900/8000 | last 100]
success rate                : 0.0% (cumulative 0.0%)
failure rate                : 0.0% (cumulative 0.0%)
completed cycles / episode  : 0.000
synthetic task reward       : 0.000
shaping reward              : -212.469
learning reward             : -212.469
episode length              : 132.4
abstract changes / episode  : 13.4
DFA transitions / episode   : 0.02
DFA transitions in window   : 1->2: 2
epsilon (next episode)       : 0.69763
replay buffer                : 94841 samples [1: 99.2%, 2: 0.8%, 3: 0.0%, 4: 0.0%]
DFA state visits in window   : 1: 13287, 2: 53, 3: 0, 4: 0
DFA state visits cumulative  : 1: 94994, 2: 747, 3: 0, 4: 0
DFA state entries in window  : 1: 100, 2: 2, 3: 0, 4: 0
DFA state entries cumulative : 1: 900, 2: 26, 3: 0, 4: 0
transitions cumulative       : 1->2: 26
accepted directly from s0    : 0
Gym endings cumulative       : terminated=900, truncated=0

[Episode 1000/8000 | last 100]
success rate                : 0.0% (cumulative 0.0%)
failure rate                : 0.0% (cumulative 0.0%)
completed cycles / episode  : 0.000
synthetic task reward       : 0.000
shaping reward              : -225.170
learning reward             : -225.170
episode length              : 129.5
abstract changes / episode  : 13.8
DFA transitions / episode   : 0.01
DFA transitions in window   : 1->2: 1
epsilon (next episode)       : 0.67027
replay buffer                : 107790 samples [1: 99.3%, 2: 0.7%, 3: 0.0%, 4: 0.0%]
DFA state visits in window   : 1: 12988, 2: 61, 3: 0, 4: 0
DFA state visits cumulative  : 1: 107982, 2: 808, 3: 0, 4: 0
DFA state entries in window  : 1: 100, 2: 1, 3: 0, 4: 0
DFA state entries cumulative : 1: 1000, 2: 27, 3: 0, 4: 0
transitions cumulative       : 1->2: 27
accepted directly from s0    : 0
Gym endings cumulative       : terminated=1000, truncated=0

Starting autonomous greedy evaluation at episode 1000 (1000 fixed-seed episodes)...
[Greedy evaluation at episode 1000 | 1000 fixed-seed episodes]
success=0.0%, failure=0.0%, task reward=0.000, length=225.5
DFA transitions: none
Best policy updated from autonomous greedy evaluation at episode 1000.

[Episode 1100/8000 | last 100]
success rate                : 0.0% (cumulative 0.0%)
failure rate                : 0.0% (cumulative 0.0%)
completed cycles / episode  : 0.000
synthetic task reward       : 0.000
shaping reward              : -215.938
learning reward             : -215.938
episode length              : 144.2
abstract changes / episode  : 14.2
DFA transitions / episode   : 0.01
DFA transitions in window   : 1->2: 1
epsilon (next episode)       : 0.64398
replay buffer                : 122214 samples [1: 99.3%, 2: 0.7%, 3: 0.0%, 4: 0.0%]
DFA state visits in window   : 1: 14478, 2: 46, 3: 0, 4: 0
DFA state visits cumulative  : 1: 122460, 2: 854, 3: 0, 4: 0
DFA state entries in window  : 1: 100, 2: 1, 3: 0, 4: 0
DFA state entries cumulative : 1: 1100, 2: 28, 3: 0, 4: 0
transitions cumulative       : 1->2: 28
accepted directly from s0    : 0
Gym endings cumulative       : terminated=1100, truncated=0

[Episode 1200/8000 | last 100]
success rate                : 0.0% (cumulative 0.0%)
failure rate                : 0.0% (cumulative 0.0%)
completed cycles / episode  : 0.000
synthetic task reward       : 0.000
shaping reward              : -198.981
learning reward             : -198.981
episode length              : 157.3
abstract changes / episode  : 13.7
DFA transitions / episode   : 0.03
DFA transitions in window   : 1->2: 3
epsilon (next episode)       : 0.61872
replay buffer                : 137940 samples [1: 99.3%, 2: 0.7%, 3: 0.0%, 4: 0.0%]
DFA state visits in window   : 1: 15724, 2: 102, 3: 0, 4: 0
DFA state visits cumulative  : 1: 138184, 2: 956, 3: 0, 4: 0
DFA state entries in window  : 1: 100, 2: 3, 3: 0, 4: 0
DFA state entries cumulative : 1: 1200, 2: 31, 3: 0, 4: 0
transitions cumulative       : 1->2: 31
accepted directly from s0    : 0
Gym endings cumulative       : terminated=1199, truncated=1

[Episode 1300/8000 | last 100]
success rate                : 0.0% (cumulative 0.0%)
failure rate                : 0.0% (cumulative 0.0%)
completed cycles / episode  : 0.000
synthetic task reward       : 0.000
shaping reward              : -219.805
learning reward             : -219.805
episode length              : 145.9
abstract changes / episode  : 13.6
DFA transitions / episode   : 0.01
DFA transitions in window   : 1->2: 1
epsilon (next episode)       : 0.59446
replay buffer                : 152526 samples [1: 99.4%, 2: 0.6%, 3: 0.0%, 4: 0.0%]
DFA state visits in window   : 1: 14662, 2: 24, 3: 0, 4: 0
DFA state visits cumulative  : 1: 152846, 2: 980, 3: 0, 4: 0
DFA state entries in window  : 1: 100, 2: 1, 3: 0, 4: 0
DFA state entries cumulative : 1: 1300, 2: 32, 3: 0, 4: 0
transitions cumulative       : 1->2: 32
accepted directly from s0    : 0
Gym endings cumulative       : terminated=1299, truncated=1

[Episode 1400/8000 | last 100]
success rate                : 0.0% (cumulative 0.0%)
failure rate                : 0.0% (cumulative 0.0%)
completed cycles / episode  : 0.000
synthetic task reward       : 0.000
shaping reward              : -195.734
learning reward             : -195.734
episode length              : 161.3
abstract changes / episode  : 14.4
DFA transitions / episode   : 0.02
DFA transitions in window   : 1->2: 2
epsilon (next episode)       : 0.57115
replay buffer                : 168654 samples [1: 99.4%, 2: 0.6%, 3: 0.0%, 4: 0.0%]
DFA state visits in window   : 1: 16101, 2: 127, 3: 0, 4: 0
DFA state visits cumulative  : 1: 168947, 2: 1107, 3: 0, 4: 0
DFA state entries in window  : 1: 100, 2: 2, 3: 0, 4: 0
DFA state entries cumulative : 1: 1400, 2: 34, 3: 0, 4: 0
transitions cumulative       : 1->2: 34
accepted directly from s0    : 0
Gym endings cumulative       : terminated=1398, truncated=2

[Episode 1500/8000 | last 100]
success rate                : 0.0% (cumulative 0.0%)
failure rate                : 0.0% (cumulative 0.0%)
completed cycles / episode  : 0.000
synthetic task reward       : 0.000
shaping reward              : -207.004
learning reward             : -207.004
episode length              : 135.9
abstract changes / episode  : 13.8
DFA transitions / episode   : 0.00
DFA transitions in window   : none
epsilon (next episode)       : 0.54875
replay buffer                : 182246 samples [1: 99.4%, 2: 0.6%, 3: 0.0%, 4: 0.0%]
DFA state visits in window   : 1: 13692, 2: 0, 3: 0, 4: 0
DFA state visits cumulative  : 1: 182639, 2: 1107, 3: 0, 4: 0
DFA state entries in window  : 1: 100, 2: 0, 3: 0, 4: 0
DFA state entries cumulative : 1: 1500, 2: 34, 3: 0, 4: 0
transitions cumulative       : 1->2: 34
accepted directly from s0    : 0
Gym endings cumulative       : terminated=1498, truncated=2

[Episode 1600/8000 | last 100]
success rate                : 0.0% (cumulative 0.0%)
failure rate                : 0.0% (cumulative 0.0%)
completed cycles / episode  : 0.000
synthetic task reward       : 0.000
shaping reward              : -178.299
learning reward             : -178.299
episode length              : 131.1
abstract changes / episode  : 13.3
DFA transitions / episode   : 0.01
DFA transitions in window   : 1->2: 1
epsilon (next episode)       : 0.52722
replay buffer                : 195351 samples [1: 99.4%, 2: 0.6%, 3: 0.0%, 4: 0.0%]
DFA state visits in window   : 1: 13163, 2: 42, 3: 0, 4: 0
DFA state visits cumulative  : 1: 195802, 2: 1149, 3: 0, 4: 0
DFA state entries in window  : 1: 100, 2: 1, 3: 0, 4: 0
DFA state entries cumulative : 1: 1600, 2: 35, 3: 0, 4: 0
transitions cumulative       : 1->2: 35
accepted directly from s0    : 0
Gym endings cumulative       : terminated=1597, truncated=3

[Episode 1700/8000 | last 100]
success rate                : 0.0% (cumulative 0.0%)
failure rate                : 0.0% (cumulative 0.0%)
completed cycles / episode  : 0.000
synthetic task reward       : 0.000
shaping reward              : -78.375
learning reward             : -78.375
episode length              : 124.3
abstract changes / episode  : 12.7
DFA transitions / episode   : 0.10
DFA transitions in window   : 1->2: 10
epsilon (next episode)       : 0.50655
replay buffer                : 207780 samples [1: 99.4%, 2: 0.6%, 3: 0.0%, 4: 0.0%]
DFA state visits in window   : 1: 12348, 2: 181, 3: 0, 4: 0
DFA state visits cumulative  : 1: 208150, 2: 1330, 3: 0, 4: 0
DFA state entries in window  : 1: 100, 2: 10, 3: 0, 4: 0
DFA state entries cumulative : 1: 1700, 2: 45, 3: 0, 4: 0
transitions cumulative       : 1->2: 45
accepted directly from s0    : 0
Gym endings cumulative       : terminated=1696, truncated=4

[Episode 1800/8000 | last 100]
success rate                : 0.0% (cumulative 0.0%)
failure rate                : 0.0% (cumulative 0.0%)
completed cycles / episode  : 0.000
synthetic task reward       : 0.000
shaping reward              : -18.651
learning reward             : -18.651
episode length              : 126.7
abstract changes / episode  : 12.2
DFA transitions / episode   : 0.16
DFA transitions in window   : 1->2: 16
epsilon (next episode)       : 0.48668
replay buffer                : 220453 samples [1: 99.3%, 2: 0.7%, 3: 0.0%, 4: 0.0%]
DFA state visits in window   : 1: 12465, 2: 308, 3: 0, 4: 0
DFA state visits cumulative  : 1: 220615, 2: 1638, 3: 0, 4: 0
DFA state entries in window  : 1: 100, 2: 16, 3: 0, 4: 0
DFA state entries cumulative : 1: 1800, 2: 61, 3: 0, 4: 0
transitions cumulative       : 1->2: 61
accepted directly from s0    : 0
Gym endings cumulative       : terminated=1795, truncated=5

[Episode 1900/8000 | last 100]
success rate                : 0.0% (cumulative 0.0%)
failure rate                : 0.0% (cumulative 0.0%)
completed cycles / episode  : 0.000
synthetic task reward       : 0.000
shaping reward              : -5.326
learning reward             : -5.326
episode length              : 168.0
abstract changes / episode  : 13.0
DFA transitions / episode   : 0.10
DFA transitions in window   : 1->2: 10
epsilon (next episode)       : 0.46760
replay buffer                : 237255 samples [1: 99.2%, 2: 0.8%, 3: 0.0%, 4: 0.0%]
DFA state visits in window   : 1: 16607, 2: 295, 3: 0, 4: 0
DFA state visits cumulative  : 1: 237222, 2: 1933, 3: 0, 4: 0
DFA state entries in window  : 1: 100, 2: 10, 3: 0, 4: 0
DFA state entries cumulative : 1: 1900, 2: 71, 3: 0, 4: 0
transitions cumulative       : 1->2: 71
accepted directly from s0    : 0
Gym endings cumulative       : terminated=1892, truncated=8

[Episode 2000/8000 | last 100]
success rate                : 0.0% (cumulative 0.0%)
failure rate                : 0.0% (cumulative 0.0%)
completed cycles / episode  : 0.000
synthetic task reward       : 0.000
shaping reward              : 17.894
learning reward             : 17.894
episode length              : 148.5
abstract changes / episode  : 13.0
DFA transitions / episode   : 0.03
DFA transitions in window   : 1->2: 3
epsilon (next episode)       : 0.44926
replay buffer                : 252106 samples [1: 99.2%, 2: 0.8%, 3: 0.0%, 4: 0.0%]
DFA state visits in window   : 1: 14878, 2: 73, 3: 0, 4: 0
DFA state visits cumulative  : 1: 252100, 2: 2006, 3: 0, 4: 0
DFA state entries in window  : 1: 100, 2: 3, 3: 0, 4: 0
DFA state entries cumulative : 1: 2000, 2: 74, 3: 0, 4: 0
transitions cumulative       : 1->2: 74
accepted directly from s0    : 0
Gym endings cumulative       : terminated=1992, truncated=8

Starting autonomous greedy evaluation at episode 2000 (1000 fixed-seed episodes)...
[Greedy evaluation at episode 2000 | 1000 fixed-seed episodes]
success=0.0%, failure=0.0%, task reward=0.000, length=158.4
DFA transitions: 1->2: 754
Best policy updated from autonomous greedy evaluation at episode 2000.

[Episode 2100/8000 | last 100]
success rate                : 0.0% (cumulative 0.0%)
failure rate                : 0.0% (cumulative 0.0%)
completed cycles / episode  : 0.000
synthetic task reward       : 0.000
shaping reward              : 1.558
learning reward             : 1.558
episode length              : 198.4
abstract changes / episode  : 14.1
DFA transitions / episode   : 0.02
DFA transitions in window   : 1->2: 2
epsilon (next episode)       : 0.43164
replay buffer                : 271942 samples [1: 99.3%, 2: 0.7%, 3: 0.0%, 4: 0.0%]
DFA state visits in window   : 1: 19875, 2: 61, 3: 0, 4: 0
DFA state visits cumulative  : 1: 271975, 2: 2067, 3: 0, 4: 0
DFA state entries in window  : 1: 100, 2: 2, 3: 0, 4: 0
DFA state entries cumulative : 1: 2100, 2: 76, 3: 0, 4: 0
transitions cumulative       : 1->2: 76
accepted directly from s0    : 0
Gym endings cumulative       : terminated=2088, truncated=12

[Episode 2200/8000 | last 100]
success rate                : 0.0% (cumulative 0.0%)
failure rate                : 0.0% (cumulative 0.0%)
completed cycles / episode  : 0.000
synthetic task reward       : 0.000
shaping reward              : -44.799
learning reward             : -44.799
episode length              : 200.7
abstract changes / episode  : 14.7
DFA transitions / episode   : 0.00
DFA transitions in window   : none
epsilon (next episode)       : 0.41471
replay buffer                : 292015 samples [1: 99.3%, 2: 0.7%, 3: 0.0%, 4: 0.0%]
DFA state visits in window   : 1: 20173, 2: 0, 3: 0, 4: 0
DFA state visits cumulative  : 1: 292148, 2: 2067, 3: 0, 4: 0
DFA state entries in window  : 1: 100, 2: 0, 3: 0, 4: 0
DFA state entries cumulative : 1: 2200, 2: 76, 3: 0, 4: 0
transitions cumulative       : 1->2: 76
accepted directly from s0    : 0
Gym endings cumulative       : terminated=2184, truncated=16

[Episode 2300/8000 | last 100]
success rate                : 0.0% (cumulative 0.0%)
failure rate                : 0.0% (cumulative 0.0%)
completed cycles / episode  : 0.000
synthetic task reward       : 0.000
shaping reward              : 63.231
learning reward             : 63.231
episode length              : 250.4
abstract changes / episode  : 17.1
DFA transitions / episode   : 0.22
DFA transitions in window   : 1->2: 19, 2->3: 3
epsilon (next episode)       : 0.39845
replay buffer                : 300000 samples [1: 98.8%, 2: 1.2%, 3: 0.0%, 4: 0.0%]
DFA state visits in window   : 1: 23472, 2: 1636, 3: 37, 4: 0
DFA state visits cumulative  : 1: 315620, 2: 3703, 3: 37, 4: 0
DFA state entries in window  : 1: 100, 2: 19, 3: 3, 4: 0
DFA state entries cumulative : 1: 2300, 2: 95, 3: 3, 4: 0
transitions cumulative       : 1->2: 95, 2->3: 3
accepted directly from s0    : 0
Gym endings cumulative       : terminated=2278, truncated=22

[Episode 2400/8000 | last 100]
success rate                : 0.0% (cumulative 0.0%)
failure rate                : 0.0% (cumulative 0.0%)
completed cycles / episode  : 0.000
synthetic task reward       : 0.000
shaping reward              : 80.381
learning reward             : 80.381
episode length              : 199.0
abstract changes / episode  : 16.1
DFA transitions / episode   : 0.28
DFA transitions in window   : 1->2: 25, 2->3: 3
epsilon (next episode)       : 0.38282
replay buffer                : 300000 samples [1: 97.9%, 2: 2.0%, 3: 0.1%, 4: 0.0%]
DFA state visits in window   : 1: 17190, 2: 2489, 3: 321, 4: 0
DFA state visits cumulative  : 1: 332810, 2: 6192, 3: 358, 4: 0
DFA state entries in window  : 1: 100, 2: 25, 3: 3, 4: 0
DFA state entries cumulative : 1: 2400, 2: 120, 3: 6, 4: 0
transitions cumulative       : 1->2: 120, 2->3: 6
accepted directly from s0    : 0
Gym endings cumulative       : terminated=2376, truncated=24

[Episode 2500/8000 | last 100]
success rate                : 0.0% (cumulative 0.0%)
failure rate                : 0.0% (cumulative 0.0%)
completed cycles / episode  : 0.000
synthetic task reward       : 0.000
shaping reward              : -63.016
learning reward             : -63.016
episode length              : 318.5
abstract changes / episode  : 22.5
DFA transitions / episode   : 0.07
DFA transitions in window   : 1->2: 7
epsilon (next episode)       : 0.36781
replay buffer                : 300000 samples [1: 97.8%, 2: 2.1%, 3: 0.1%, 4: 0.0%]
DFA state visits in window   : 1: 31227, 2: 725, 3: 0, 4: 0
DFA state visits cumulative  : 1: 364037, 2: 6917, 3: 358, 4: 0
DFA state entries in window  : 1: 100, 2: 7, 3: 0, 4: 0
DFA state entries cumulative : 1: 2500, 2: 127, 3: 6, 4: 0
transitions cumulative       : 1->2: 127, 2->3: 6
accepted directly from s0    : 0
Gym endings cumulative       : terminated=2472, truncated=28

[Episode 2600/8000 | last 100]
success rate                : 0.0% (cumulative 0.0%)
failure rate                : 0.0% (cumulative 0.0%)
completed cycles / episode  : 0.000
synthetic task reward       : 0.000
shaping reward              : 38.824
learning reward             : 38.824
episode length              : 421.4
abstract changes / episode  : 28.8
DFA transitions / episode   : 0.29
DFA transitions in window   : 1->2: 19, 2->3: 10
epsilon (next episode)       : 0.35338
replay buffer                : 300000 samples [1: 95.8%, 2: 3.4%, 3: 0.8%, 4: 0.0%]
DFA state visits in window   : 1: 35867, 2: 4197, 3: 2177, 4: 0
DFA state visits cumulative  : 1: 399904, 2: 11114, 3: 2535, 4: 0
DFA state entries in window  : 1: 100, 2: 19, 3: 10, 4: 0
DFA state entries cumulative : 1: 2600, 2: 146, 3: 16, 4: 0
transitions cumulative       : 1->2: 146, 2->3: 16
accepted directly from s0    : 0
Gym endings cumulative       : terminated=2559, truncated=41

[Episode 2700/8000 | last 100]
success rate                : 0.0% (cumulative 0.0%)
failure rate                : 0.0% (cumulative 0.0%)
completed cycles / episode  : 0.000
synthetic task reward       : 0.000
shaping reward              : 123.228
learning reward             : 123.228
episode length              : 269.3
abstract changes / episode  : 20.4
DFA transitions / episode   : 0.31
DFA transitions in window   : 1->2: 26, 2->3: 5
epsilon (next episode)       : 0.33952
replay buffer                : 300000 samples [1: 93.5%, 2: 5.3%, 3: 1.2%, 4: 0.0%]
DFA state visits in window   : 1: 20186, 2: 5875, 3: 970, 4: 0
DFA state visits cumulative  : 1: 420090, 2: 16989, 3: 3505, 4: 0
DFA state entries in window  : 1: 100, 2: 26, 3: 5, 4: 0
DFA state entries cumulative : 1: 2700, 2: 172, 3: 21, 4: 0
transitions cumulative       : 1->2: 172, 2->3: 21
accepted directly from s0    : 0
Gym endings cumulative       : terminated=2655, truncated=45

[Episode 2800/8000 | last 100]
success rate                : 0.0% (cumulative 0.0%)
failure rate                : 0.0% (cumulative 0.0%)
completed cycles / episode  : 0.000
synthetic task reward       : 0.000
shaping reward              : 258.756
learning reward             : 258.756
episode length              : 304.4
abstract changes / episode  : 23.0
DFA transitions / episode   : 0.49
DFA transitions in window   : 1->2: 38, 2->3: 11
epsilon (next episode)       : 0.32621
replay buffer                : 300000 samples [1: 90.5%, 2: 7.8%, 3: 1.7%, 4: 0.0%]
DFA state visits in window   : 1: 21223, 2: 7555, 3: 1763, 4: 0
DFA state visits cumulative  : 1: 441313, 2: 24544, 3: 5268, 4: 0
DFA state entries in window  : 1: 100, 2: 38, 3: 11, 4: 0
DFA state entries cumulative : 1: 2800, 2: 210, 3: 32, 4: 0
transitions cumulative       : 1->2: 210, 2->3: 32
accepted directly from s0    : 0
Gym endings cumulative       : terminated=2751, truncated=50

[Episode 2900/8000 | last 100]
success rate                : 1.0% (cumulative 0.0%)
failure rate                : 0.0% (cumulative 0.0%)
completed cycles / episode  : 0.000
synthetic task reward       : 100.000
shaping reward              : 348.398
learning reward             : 448.398
episode length              : 337.4
abstract changes / episode  : 26.7
DFA transitions / episode   : 0.84
DFA transitions in window   : 1->2: 56, 2->3: 27, 3->4: 1
epsilon (next episode)       : 0.31341
replay buffer                : 300000 samples [1: 86.4%, 2: 11.0%, 3: 2.6%, 4: 0.0%]
DFA state visits in window   : 1: 21448, 2: 9778, 3: 2614, 4: 1
DFA state visits cumulative  : 1: 462761, 2: 34322, 3: 7882, 4: 1
DFA state entries in window  : 1: 100, 2: 56, 3: 27, 4: 1
DFA state entries cumulative : 1: 2900, 2: 266, 3: 59, 4: 1
transitions cumulative       : 1->2: 266, 2->3: 59, 3->4: 1
accepted directly from s0    : 0
Gym endings cumulative       : terminated=2845, truncated=55

[Episode 3000/8000 | last 100]
success rate                : 0.0% (cumulative 0.0%)
failure rate                : 0.0% (cumulative 0.0%)
completed cycles / episode  : 0.000
synthetic task reward       : 0.000
shaping reward              : 337.248
learning reward             : 337.248
episode length              : 331.9
abstract changes / episode  : 27.6
DFA transitions / episode   : 0.84
DFA transitions in window   : 1->2: 56, 2->3: 28
epsilon (next episode)       : 0.30112
replay buffer                : 300000 samples [1: 82.4%, 2: 14.1%, 3: 3.5%, 4: 0.0%]
DFA state visits in window   : 1: 20496, 2: 9959, 3: 2838, 4: 0
DFA state visits cumulative  : 1: 483257, 2: 44281, 3: 10720, 4: 1
DFA state entries in window  : 1: 100, 2: 56, 3: 28, 4: 0
DFA state entries cumulative : 1: 3000, 2: 322, 3: 87, 4: 1
transitions cumulative       : 1->2: 322, 2->3: 87, 3->4: 1
accepted directly from s0    : 0
Gym endings cumulative       : terminated=2941, truncated=59

Starting autonomous greedy evaluation at episode 3000 (1000 fixed-seed episodes)...
[Greedy evaluation at episode 3000 | 1000 fixed-seed episodes]
success=0.4%, failure=0.0%, task reward=40.000, length=421.5
DFA transitions: 1->2: 732, 2->3: 134, 3->4: 4
Best policy updated from autonomous greedy evaluation at episode 3000.

[Episode 3100/8000 | last 100]
success rate                : 1.0% (cumulative 0.1%)
failure rate                : 0.0% (cumulative 0.0%)
completed cycles / episode  : 0.000
synthetic task reward       : 100.000
shaping reward              : 317.019
learning reward             : 417.019
episode length              : 310.3
abstract changes / episode  : 24.8
DFA transitions / episode   : 0.72
DFA transitions in window   : 1->2: 50, 2->3: 21, 3->4: 1
epsilon (next episode)       : 0.28931
replay buffer                : 300000 samples [1: 78.8%, 2: 16.6%, 3: 4.6%, 4: 0.0%]
DFA state visits in window   : 1: 20223, 2: 7847, 3: 3056, 4: 1
DFA state visits cumulative  : 1: 503480, 2: 52128, 3: 13776, 4: 2
DFA state entries in window  : 1: 100, 2: 50, 3: 21, 4: 1
DFA state entries cumulative : 1: 3100, 2: 372, 3: 108, 4: 2
transitions cumulative       : 1->2: 372, 2->3: 108, 3->4: 2
accepted directly from s0    : 0
Gym endings cumulative       : terminated=3037, truncated=62

[Episode 3200/8000 | last 100]
success rate                : 2.0% (cumulative 0.1%)
failure rate                : 0.0% (cumulative 0.0%)
completed cycles / episode  : 0.000
synthetic task reward       : 200.000
shaping reward              : 428.497
learning reward             : 628.497
episode length              : 327.7
abstract changes / episode  : 25.7
DFA transitions / episode   : 0.85
DFA transitions in window   : 1->2: 55, 2->3: 28, 3->4: 2
epsilon (next episode)       : 0.27797
replay buffer                : 300000 samples [1: 74.8%, 2: 19.6%, 3: 5.7%, 4: 0.0%]
DFA state visits in window   : 1: 20407, 2: 9118, 3: 3342, 4: 2
DFA state visits cumulative  : 1: 523887, 2: 61246, 3: 17118, 4: 4
DFA state entries in window  : 1: 100, 2: 55, 3: 28, 4: 2
DFA state entries cumulative : 1: 3200, 2: 427, 3: 136, 4: 4
transitions cumulative       : 1->2: 427, 2->3: 136, 3->4: 4
accepted directly from s0    : 0
Gym endings cumulative       : terminated=3132, truncated=65

[Episode 3300/8000 | last 100]
success rate                : 1.0% (cumulative 0.2%)
failure rate                : 0.0% (cumulative 0.0%)
completed cycles / episode  : 0.000
synthetic task reward       : 100.000
shaping reward              : 413.528
learning reward             : 513.528
episode length              : 289.2
abstract changes / episode  : 24.2
DFA transitions / episode   : 0.79
DFA transitions in window   : 1->2: 57, 2->3: 21, 3->4: 1
epsilon (next episode)       : 0.26706
replay buffer                : 300000 samples [1: 72.7%, 2: 21.1%, 3: 6.1%, 4: 0.0%]
DFA state visits in window   : 1: 19900, 2: 7360, 3: 1762, 4: 1
DFA state visits cumulative  : 1: 543787, 2: 68606, 3: 18880, 4: 5
DFA state entries in window  : 1: 100, 2: 57, 3: 21, 4: 1
DFA state entries cumulative : 1: 3300, 2: 484, 3: 157, 4: 5
transitions cumulative       : 1->2: 484, 2->3: 157, 3->4: 5
accepted directly from s0    : 0
Gym endings cumulative       : terminated=3230, truncated=66

[Episode 3400/8000 | last 100]
success rate                : 1.0% (cumulative 0.2%)
failure rate                : 0.0% (cumulative 0.0%)
completed cycles / episode  : 0.000
synthetic task reward       : 100.000
shaping reward              : 434.433
learning reward             : 534.433
episode length              : 329.1
abstract changes / episode  : 27.7
DFA transitions / episode   : 0.96
DFA transitions in window   : 1->2: 68, 2->3: 27, 3->4: 1
epsilon (next episode)       : 0.25659
replay buffer                : 300000 samples [1: 68.6%, 2: 24.5%, 3: 6.8%, 4: 0.0%]
DFA state visits in window   : 1: 18738, 2: 12092, 3: 2182, 4: 1
DFA state visits cumulative  : 1: 562525, 2: 80698, 3: 21062, 4: 6
DFA state entries in window  : 1: 100, 2: 68, 3: 27, 4: 1
DFA state entries cumulative : 1: 3400, 2: 552, 3: 184, 4: 6
transitions cumulative       : 1->2: 552, 2->3: 184, 3->4: 6
accepted directly from s0    : 0
Gym endings cumulative       : terminated=3326, truncated=69

[Episode 3500/8000 | last 100]
success rate                : 2.0% (cumulative 0.2%)
failure rate                : 0.0% (cumulative 0.0%)
completed cycles / episode  : 0.000
synthetic task reward       : 200.000
shaping reward              : 378.395
learning reward             : 578.395
episode length              : 347.7
abstract changes / episode  : 28.8
DFA transitions / episode   : 0.80
DFA transitions in window   : 1->2: 57, 2->3: 21, 3->4: 2
epsilon (next episode)       : 0.24653
replay buffer                : 300000 samples [1: 65.7%, 2: 27.1%, 3: 7.3%, 4: 0.0%]
DFA state visits in window   : 1: 23187, 2: 9474, 3: 2207, 4: 2
DFA state visits cumulative  : 1: 585712, 2: 90172, 3: 23269, 4: 8
DFA state entries in window  : 1: 100, 2: 57, 3: 21, 4: 2
DFA state entries cumulative : 1: 3500, 2: 609, 3: 205, 4: 8
transitions cumulative       : 1->2: 609, 2->3: 205, 3->4: 8
accepted directly from s0    : 0
Gym endings cumulative       : terminated=3424, truncated=69

[Episode 3600/8000 | last 100]
success rate                : 1.0% (cumulative 0.2%)
failure rate                : 0.0% (cumulative 0.0%)
completed cycles / episode  : 0.000
synthetic task reward       : 100.000
shaping reward              : 316.099
learning reward             : 416.099
episode length              : 298.0
abstract changes / episode  : 26.6
DFA transitions / episode   : 0.71
DFA transitions in window   : 1->2: 51, 2->3: 19, 3->4: 1
epsilon (next episode)       : 0.23686
replay buffer                : 300000 samples [1: 65.0%, 2: 27.4%, 3: 7.6%, 4: 0.0%]
DFA state visits in window   : 1: 20551, 2: 6711, 3: 2640, 4: 1
DFA state visits cumulative  : 1: 606263, 2: 96883, 3: 25909, 4: 9
DFA state entries in window  : 1: 100, 2: 51, 3: 19, 4: 1
DFA state entries cumulative : 1: 3600, 2: 660, 3: 224, 4: 9
transitions cumulative       : 1->2: 660, 2->3: 224, 3->4: 9
accepted directly from s0    : 0
Gym endings cumulative       : terminated=3522, truncated=70

[Episode 3700/8000 | last 100]
success rate                : 4.0% (cumulative 0.4%)
failure rate                : 0.0% (cumulative 0.0%)
completed cycles / episode  : 0.000
synthetic task reward       : 400.000
shaping reward              : 608.426
learning reward             : 1008.426
episode length              : 441.9
abstract changes / episode  : 36.7
DFA transitions / episode   : 1.19
DFA transitions in window   : 1->2: 77, 2->3: 38, 3->4: 4
epsilon (next episode)       : 0.22757
replay buffer                : 300000 samples [1: 62.9%, 2: 28.2%, 3: 9.0%, 4: 0.0%]
DFA state visits in window   : 1: 24858, 2: 12809, 3: 6622, 4: 4
DFA state visits cumulative  : 1: 631121, 2: 109692, 3: 32531, 4: 13
DFA state entries in window  : 1: 100, 2: 77, 3: 38, 4: 4
DFA state entries cumulative : 1: 3700, 2: 737, 3: 262, 4: 13
transitions cumulative       : 1->2: 737, 2->3: 262, 3->4: 13
accepted directly from s0    : 0
Gym endings cumulative       : terminated=3614, truncated=74

[Episode 3800/8000 | last 100]
success rate                : 8.0% (cumulative 0.6%)
failure rate                : 0.0% (cumulative 0.0%)
completed cycles / episode  : 0.000
synthetic task reward       : 800.000
shaping reward              : 748.023
learning reward             : 1548.023
episode length              : 476.7
abstract changes / episode  : 37.8
DFA transitions / episode   : 1.46
DFA transitions in window   : 1->2: 82, 2->3: 56, 3->4: 8
epsilon (next episode)       : 0.21865
replay buffer                : 300000 samples [1: 61.0%, 2: 28.6%, 3: 10.3%, 4: 0.0%]
DFA state visits in window   : 1: 22683, 2: 16676, 3: 8401, 4: 8
DFA state visits cumulative  : 1: 653804, 2: 126368, 3: 40932, 4: 21
DFA state entries in window  : 1: 100, 2: 82, 3: 56, 4: 8
DFA state entries cumulative : 1: 3800, 2: 819, 3: 318, 4: 21
transitions cumulative       : 1->2: 819, 2->3: 318, 3->4: 21
accepted directly from s0    : 0
Gym endings cumulative       : terminated=3703, truncated=77

[Episode 3900/8000 | last 100]
success rate                : 14.0% (cumulative 0.9%)
failure rate                : 0.0% (cumulative 0.0%)
completed cycles / episode  : 0.000
synthetic task reward       : 1400.000
shaping reward              : 823.628
learning reward             : 2223.628
episode length              : 490.3
abstract changes / episode  : 38.5
DFA transitions / episode   : 1.60
DFA transitions in window   : 1->2: 81, 2->3: 65, 3->4: 14
epsilon (next episode)       : 0.21007
replay buffer                : 300000 samples [1: 58.0%, 2: 29.8%, 3: 12.2%, 4: 0.0%]
DFA state visits in window   : 1: 23973, 2: 15346, 3: 9801, 4: 14
DFA state visits cumulative  : 1: 677777, 2: 141714, 3: 50733, 4: 35
DFA state entries in window  : 1: 100, 2: 81, 3: 65, 4: 14
DFA state entries cumulative : 1: 3900, 2: 900, 3: 383, 4: 35
transitions cumulative       : 1->2: 900, 2->3: 383, 3->4: 35
accepted directly from s0    : 0
Gym endings cumulative       : terminated=3781, truncated=85

[Episode 4000/8000 | last 100]
success rate                : 26.0% (cumulative 1.5%)
failure rate                : 0.0% (cumulative 0.0%)
completed cycles / episode  : 0.000
synthetic task reward       : 2600.000
shaping reward              : 892.326
learning reward             : 3492.326
episode length              : 493.6
abstract changes / episode  : 38.2
DFA transitions / episode   : 1.76
DFA transitions in window   : 1->2: 83, 2->3: 67, 3->4: 26
epsilon (next episode)       : 0.20183
replay buffer                : 300000 samples [1: 52.9%, 2: 32.6%, 3: 14.5%, 4: 0.0%]
DFA state visits in window   : 1: 16823, 2: 21804, 3: 10803, 4: 26
DFA state visits cumulative  : 1: 694600, 2: 163518, 3: 61536, 4: 61
DFA state entries in window  : 1: 100, 2: 83, 3: 67, 4: 26
DFA state entries cumulative : 1: 4000, 2: 983, 3: 450, 4: 61
transitions cumulative       : 1->2: 983, 2->3: 450, 3->4: 61
accepted directly from s0    : 0
Gym endings cumulative       : terminated=3851, truncated=89

Starting autonomous greedy evaluation at episode 4000 (1000 fixed-seed episodes)...
[Greedy evaluation at episode 4000 | 1000 fixed-seed episodes]
success=12.6%, failure=0.0%, task reward=1260.000, length=586.2
DFA transitions: 1->2: 785, 2->3: 627, 3->4: 126
Best policy updated from autonomous greedy evaluation at episode 4000.

[Episode 4100/8000 | last 100]
success rate                : 25.0% (cumulative 2.1%)
failure rate                : 0.0% (cumulative 0.0%)
completed cycles / episode  : 0.000
synthetic task reward       : 2500.000
shaping reward              : 618.415
learning reward             : 3118.415
episode length              : 413.9
abstract changes / episode  : 31.7
DFA transitions / episode   : 1.44
DFA transitions in window   : 1->2: 65, 2->3: 54, 3->4: 25
epsilon (next episode)       : 0.19392
replay buffer                : 300000 samples [1: 51.8%, 2: 31.6%, 3: 16.6%, 4: 0.0%]
DFA state visits in window   : 1: 21752, 2: 10859, 3: 8852, 4: 25
DFA state visits cumulative  : 1: 716352, 2: 174377, 3: 70388, 4: 86
DFA state entries in window  : 1: 100, 2: 65, 3: 54, 4: 25
DFA state entries cumulative : 1: 4100, 2: 1048, 3: 504, 4: 86
transitions cumulative       : 1->2: 1048, 2->3: 504, 3->4: 86
accepted directly from s0    : 0
Gym endings cumulative       : terminated=3925, truncated=90

[Episode 4200/8000 | last 100]
success rate                : 36.0% (cumulative 2.9%)
failure rate                : 0.0% (cumulative 0.0%)
completed cycles / episode  : 0.000
synthetic task reward       : 3600.000
shaping reward              : 625.709
learning reward             : 4225.709
episode length              : 392.4
abstract changes / episode  : 30.4
DFA transitions / episode   : 1.54
DFA transitions in window   : 1->2: 63, 2->3: 55, 3->4: 36
epsilon (next episode)       : 0.18631
replay buffer                : 300000 samples [1: 49.6%, 2: 32.3%, 3: 18.2%, 4: 0.0%]
DFA state visits in window   : 1: 18936, 2: 12755, 3: 7614, 4: 36
DFA state visits cumulative  : 1: 735288, 2: 187132, 3: 78002, 4: 122
DFA state entries in window  : 1: 100, 2: 63, 3: 55, 4: 36
DFA state entries cumulative : 1: 4200, 2: 1111, 3: 559, 4: 122
transitions cumulative       : 1->2: 1111, 2->3: 559, 3->4: 122
accepted directly from s0    : 0
Gym endings cumulative       : terminated=3988, truncated=91

[Episode 4300/8000 | last 100]
success rate                : 49.0% (cumulative 4.0%)
failure rate                : 0.0% (cumulative 0.0%)
completed cycles / episode  : 0.000
synthetic task reward       : 4900.000
shaping reward              : 814.009
learning reward             : 5714.009
episode length              : 392.0
abstract changes / episode  : 28.6
DFA transitions / episode   : 1.74
DFA transitions in window   : 1->2: 65, 2->3: 60, 3->4: 49
epsilon (next episode)       : 0.17900
replay buffer                : 300000 samples [1: 48.0%, 2: 32.6%, 3: 19.5%, 4: 0.0%]
DFA state visits in window   : 1: 21478, 2: 10148, 3: 7626, 4: 49
DFA state visits cumulative  : 1: 756766, 2: 197280, 3: 85628, 4: 171
DFA state entries in window  : 1: 100, 2: 65, 3: 60, 4: 49
DFA state entries cumulative : 1: 4300, 2: 1176, 3: 619, 4: 171
transitions cumulative       : 1->2: 1176, 2->3: 619, 3->4: 171
accepted directly from s0    : 0
Gym endings cumulative       : terminated=4038, truncated=92

[Episode 4400/8000 | last 100]
success rate                : 58.0% (cumulative 5.2%)
failure rate                : 0.0% (cumulative 0.0%)
completed cycles / episode  : 0.000
synthetic task reward       : 5800.000
shaping reward              : 985.660
learning reward             : 6785.660
episode length              : 404.7
abstract changes / episode  : 30.6
DFA transitions / episode   : 2.11
DFA transitions in window   : 1->2: 80, 2->3: 73, 3->4: 58
epsilon (next episode)       : 0.17198
replay buffer                : 300000 samples [1: 47.0%, 2: 32.3%, 3: 20.6%, 4: 0.0%]
DFA state visits in window   : 1: 19192, 2: 11409, 3: 9910, 4: 58
DFA state visits cumulative  : 1: 775958, 2: 208689, 3: 95538, 4: 229
DFA state entries in window  : 1: 100, 2: 80, 3: 73, 4: 58
DFA state entries cumulative : 1: 4400, 2: 1256, 3: 692, 4: 229
transitions cumulative       : 1->2: 1256, 2->3: 692, 3->4: 229
accepted directly from s0    : 0
Gym endings cumulative       : terminated=4077, truncated=95

[Episode 4500/8000 | last 100]
success rate                : 64.0% (cumulative 6.5%)
failure rate                : 0.0% (cumulative 0.0%)
completed cycles / episode  : 0.000
synthetic task reward       : 6400.000
shaping reward              : 1056.177
learning reward             : 7456.177
episode length              : 374.8
abstract changes / episode  : 31.2
DFA transitions / episode   : 2.25
DFA transitions in window   : 1->2: 85, 2->3: 76, 3->4: 64
epsilon (next episode)       : 0.16524
replay buffer                : 300000 samples [1: 46.3%, 2: 32.2%, 3: 21.5%, 4: 0.0%]
DFA state visits in window   : 1: 15896, 2: 12892, 3: 8725, 4: 64
DFA state visits cumulative  : 1: 791854, 2: 221581, 3: 104263, 4: 293
DFA state entries in window  : 1: 100, 2: 85, 3: 76, 4: 64
DFA state entries cumulative : 1: 4500, 2: 1341, 3: 768, 4: 293
transitions cumulative       : 1->2: 1341, 2->3: 768, 3->4: 293
accepted directly from s0    : 0
Gym endings cumulative       : terminated=4112, truncated=96

[Episode 4600/8000 | last 100]
success rate                : 55.0% (cumulative 7.6%)
failure rate                : 0.0% (cumulative 0.0%)
completed cycles / episode  : 0.000
synthetic task reward       : 5500.000
shaping reward              : 885.756
learning reward             : 6385.756
episode length              : 347.9
abstract changes / episode  : 28.2
DFA transitions / episode   : 1.96
DFA transitions in window   : 1->2: 73, 2->3: 68, 3->4: 55
epsilon (next episode)       : 0.15876
replay buffer                : 300000 samples [1: 46.7%, 2: 31.8%, 3: 21.5%, 4: 0.0%]
DFA state visits in window   : 1: 16469, 2: 10709, 3: 7652, 4: 55
DFA state visits cumulative  : 1: 808323, 2: 232290, 3: 111915, 4: 348
DFA state entries in window  : 1: 100, 2: 73, 3: 68, 4: 55
DFA state entries cumulative : 1: 4600, 2: 1414, 3: 836, 4: 348
transitions cumulative       : 1->2: 1414, 2->3: 836, 3->4: 348
accepted directly from s0    : 0
Gym endings cumulative       : terminated=4156, truncated=97

[Episode 4700/8000 | last 100]
success rate                : 59.0% (cumulative 8.7%)
failure rate                : 0.0% (cumulative 0.0%)
completed cycles / episode  : 0.000
synthetic task reward       : 5900.000
shaping reward              : 948.885
learning reward             : 6848.885
episode length              : 375.7
abstract changes / episode  : 30.7
DFA transitions / episode   : 2.10
DFA transitions in window   : 1->2: 81, 2->3: 70, 3->4: 59
epsilon (next episode)       : 0.15253
replay buffer                : 300000 samples [1: 47.1%, 2: 31.3%, 3: 21.5%, 4: 0.0%]
DFA state visits in window   : 1: 17884, 2: 11929, 3: 7798, 4: 59
DFA state visits cumulative  : 1: 826207, 2: 244219, 3: 119713, 4: 407
DFA state entries in window  : 1: 100, 2: 81, 3: 70, 4: 59
DFA state entries cumulative : 1: 4700, 2: 1495, 3: 906, 4: 407
transitions cumulative       : 1->2: 1495, 2->3: 906, 3->4: 407
accepted directly from s0    : 0
Gym endings cumulative       : terminated=4195, truncated=99

[Episode 4800/8000 | last 100]
success rate                : 61.0% (cumulative 9.8%)
failure rate                : 0.0% (cumulative 0.0%)
completed cycles / episode  : 0.000
synthetic task reward       : 6100.000
shaping reward              : 1040.725
learning reward             : 7140.725
episode length              : 397.4
abstract changes / episode  : 33.3
DFA transitions / episode   : 2.25
DFA transitions in window   : 1->2: 85, 2->3: 79, 3->4: 61
epsilon (next episode)       : 0.14655
replay buffer                : 300000 samples [1: 47.9%, 2: 30.8%, 3: 21.3%, 4: 0.0%]
DFA state visits in window   : 1: 17268, 2: 14631, 3: 7878, 4: 61
DFA state visits cumulative  : 1: 843475, 2: 258850, 3: 127591, 4: 468
DFA state entries in window  : 1: 100, 2: 85, 3: 79, 4: 61
DFA state entries cumulative : 1: 4800, 2: 1580, 3: 985, 4: 468
transitions cumulative       : 1->2: 1580, 2->3: 985, 3->4: 468
accepted directly from s0    : 0
Gym endings cumulative       : terminated=4233, truncated=100

[Episode 4900/8000 | last 100]
success rate                : 59.0% (cumulative 10.8%)
failure rate                : 0.0% (cumulative 0.0%)
completed cycles / episode  : 0.000
synthetic task reward       : 5900.000
shaping reward              : 961.489
learning reward             : 6861.489
episode length              : 423.4
abstract changes / episode  : 33.8
DFA transitions / episode   : 2.15
DFA transitions in window   : 1->2: 83, 2->3: 73, 3->4: 59
epsilon (next episode)       : 0.14080
replay buffer                : 300000 samples [1: 46.9%, 2: 32.0%, 3: 21.1%, 4: 0.0%]
DFA state visits in window   : 1: 20269, 2: 14783, 3: 7333, 4: 59
DFA state visits cumulative  : 1: 863744, 2: 273633, 3: 134924, 4: 527
DFA state entries in window  : 1: 100, 2: 83, 3: 73, 4: 59
DFA state entries cumulative : 1: 4900, 2: 1663, 3: 1058, 4: 527
transitions cumulative       : 1->2: 1663, 2->3: 1058, 3->4: 527
accepted directly from s0    : 0
Gym endings cumulative       : terminated=4273, truncated=101

[Episode 5000/8000 | last 100]
success rate                : 71.0% (cumulative 12.0%)
failure rate                : 0.0% (cumulative 0.0%)
completed cycles / episode  : 0.000
synthetic task reward       : 7100.000
shaping reward              : 1145.990
learning reward             : 8245.990
episode length              : 411.0
abstract changes / episode  : 34.8
DFA transitions / episode   : 2.52
DFA transitions in window   : 1->2: 95, 2->3: 86, 3->4: 71
epsilon (next episode)       : 0.13528
replay buffer                : 300000 samples [1: 46.1%, 2: 32.7%, 3: 21.2%, 4: 0.0%]
DFA state visits in window   : 1: 17519, 2: 14889, 3: 8722, 4: 71
DFA state visits cumulative  : 1: 881263, 2: 288522, 3: 143646, 4: 598
DFA state entries in window  : 1: 100, 2: 95, 3: 86, 4: 71
DFA state entries cumulative : 1: 5000, 2: 1758, 3: 1144, 4: 598
transitions cumulative       : 1->2: 1758, 2->3: 1144, 3->4: 598
accepted directly from s0    : 0
Gym endings cumulative       : terminated=4302, truncated=101

Starting autonomous greedy evaluation at episode 5000 (1000 fixed-seed episodes)...
[Greedy evaluation at episode 5000 | 1000 fixed-seed episodes]
success=49.3%, failure=0.0%, task reward=4930.000, length=503.5
DFA transitions: 1->2: 977, 2->3: 962, 3->4: 493
Best policy updated from autonomous greedy evaluation at episode 5000.

[Episode 5100/8000 | last 100]
success rate                : 74.0% (cumulative 13.2%)
failure rate                : 0.0% (cumulative 0.0%)
completed cycles / episode  : 0.000
synthetic task reward       : 7400.000
shaping reward              : 1178.369
learning reward             : 8578.369
episode length              : 381.0
abstract changes / episode  : 33.3
DFA transitions / episode   : 2.54
DFA transitions in window   : 1->2: 92, 2->3: 88, 3->4: 74
epsilon (next episode)       : 0.12998
replay buffer                : 300000 samples [1: 44.3%, 2: 34.1%, 3: 21.6%, 4: 0.0%]
DFA state visits in window   : 1: 14288, 2: 14235, 3: 9604, 4: 74
DFA state visits cumulative  : 1: 895551, 2: 302757, 3: 153250, 4: 672
DFA state entries in window  : 1: 100, 2: 92, 3: 88, 4: 74
DFA state entries cumulative : 1: 5100, 2: 1850, 3: 1232, 4: 672
transitions cumulative       : 1->2: 1850, 2->3: 1232, 3->4: 672
accepted directly from s0    : 0
Gym endings cumulative       : terminated=4327, truncated=102

[Episode 5200/8000 | last 100]
success rate                : 70.0% (cumulative 14.3%)
failure rate                : 0.0% (cumulative 0.0%)
completed cycles / episode  : 0.000
synthetic task reward       : 7000.000
shaping reward              : 1191.367
learning reward             : 8191.367
episode length              : 441.4
abstract changes / episode  : 37.2
DFA transitions / episode   : 2.52
DFA transitions in window   : 1->2: 96, 2->3: 86, 3->4: 70
epsilon (next episode)       : 0.12488
replay buffer                : 300000 samples [1: 42.4%, 2: 36.6%, 3: 21.0%, 4: 0.0%]
DFA state visits in window   : 1: 13869, 2: 21076, 3: 9228, 4: 70
DFA state visits cumulative  : 1: 909420, 2: 323833, 3: 162478, 4: 742
DFA state entries in window  : 1: 100, 2: 96, 3: 86, 4: 70
DFA state entries cumulative : 1: 5200, 2: 1946, 3: 1318, 4: 742
transitions cumulative       : 1->2: 1946, 2->3: 1318, 3->4: 742
accepted directly from s0    : 0
Gym endings cumulative       : terminated=4353, truncated=106

[Episode 5300/8000 | last 100]
success rate                : 65.0% (cumulative 15.2%)
failure rate                : 0.0% (cumulative 0.0%)
completed cycles / episode  : 0.000
synthetic task reward       : 6500.000
shaping reward              : 1065.648
learning reward             : 7565.648
episode length              : 357.8
abstract changes / episode  : 31.0
DFA transitions / episode   : 2.29
DFA transitions in window   : 1->2: 90, 2->3: 74, 3->4: 65
epsilon (next episode)       : 0.11998
replay buffer                : 300000 samples [1: 42.0%, 2: 36.8%, 3: 21.1%, 4: 0.0%]
DFA state visits in window   : 1: 14337, 2: 12872, 3: 8602, 4: 65
DFA state visits cumulative  : 1: 923757, 2: 336705, 3: 171080, 4: 807
DFA state entries in window  : 1: 100, 2: 90, 3: 74, 4: 65
DFA state entries cumulative : 1: 5300, 2: 2036, 3: 1392, 4: 807
transitions cumulative       : 1->2: 2036, 2->3: 1392, 3->4: 807
accepted directly from s0    : 0
Gym endings cumulative       : terminated=4388, truncated=106

[Episode 5400/8000 | last 100]
success rate                : 48.0% (cumulative 15.8%)
failure rate                : 0.0% (cumulative 0.0%)
completed cycles / episode  : 0.000
synthetic task reward       : 4800.000
shaping reward              : 790.510
learning reward             : 5590.510
episode length              : 312.8
abstract changes / episode  : 26.8
DFA transitions / episode   : 1.80
DFA transitions in window   : 1->2: 74, 2->3: 58, 3->4: 48
epsilon (next episode)       : 0.11528
replay buffer                : 300000 samples [1: 42.1%, 2: 36.6%, 3: 21.2%, 4: 0.0%]
DFA state visits in window   : 1: 16150, 2: 8645, 3: 6533, 4: 48
DFA state visits cumulative  : 1: 939907, 2: 345350, 3: 177613, 4: 855
DFA state entries in window  : 1: 100, 2: 74, 3: 58, 4: 48
DFA state entries cumulative : 1: 5400, 2: 2110, 3: 1450, 4: 855
transitions cumulative       : 1->2: 2110, 2->3: 1450, 3->4: 855
accepted directly from s0    : 0
Gym endings cumulative       : terminated=4440, truncated=106

[Episode 5500/8000 | last 100]
success rate                : 31.0% (cumulative 16.1%)
failure rate                : 0.0% (cumulative 0.0%)
completed cycles / episode  : 0.000
synthetic task reward       : 3100.000
shaping reward              : 618.853
learning reward             : 3718.853
episode length              : 293.4
abstract changes / episode  : 26.5
DFA transitions / episode   : 1.44
DFA transitions in window   : 1->2: 66, 2->3: 47, 3->4: 31
epsilon (next episode)       : 0.11075
replay buffer                : 300000 samples [1: 42.6%, 2: 36.3%, 3: 21.1%, 4: 0.0%]
DFA state visits in window   : 1: 15083, 2: 8429, 3: 5898, 4: 31
DFA state visits cumulative  : 1: 954990, 2: 353779, 3: 183511, 4: 886
DFA state entries in window  : 1: 100, 2: 66, 3: 47, 4: 31
DFA state entries cumulative : 1: 5500, 2: 2176, 3: 1497, 4: 886
transitions cumulative       : 1->2: 2176, 2->3: 1497, 3->4: 886
accepted directly from s0    : 0
Gym endings cumulative       : terminated=4509, truncated=106

[Episode 5600/8000 | last 100]
success rate                : 61.0% (cumulative 16.9%)
failure rate                : 0.0% (cumulative 0.0%)
completed cycles / episode  : 0.000
synthetic task reward       : 6100.000
shaping reward              : 833.642
learning reward             : 6933.642
episode length              : 308.3
abstract changes / episode  : 28.6
DFA transitions / episode   : 1.95
DFA transitions in window   : 1->2: 69, 2->3: 65, 3->4: 61
epsilon (next episode)       : 0.10641
replay buffer                : 300000 samples [1: 43.2%, 2: 35.7%, 3: 21.1%, 4: 0.0%]
DFA state visits in window   : 1: 15348, 2: 9484, 3: 6034, 4: 61
DFA state visits cumulative  : 1: 970338, 2: 363263, 3: 189545, 4: 947
DFA state entries in window  : 1: 100, 2: 69, 3: 65, 4: 61
DFA state entries cumulative : 1: 5600, 2: 2245, 3: 1562, 4: 947
transitions cumulative       : 1->2: 2245, 2->3: 1562, 3->4: 947
accepted directly from s0    : 0
Gym endings cumulative       : terminated=4548, truncated=106

[Episode 5700/8000 | last 100]
success rate                : 54.0% (cumulative 17.6%)
failure rate                : 0.0% (cumulative 0.0%)
completed cycles / episode  : 0.000
synthetic task reward       : 5400.000
shaping reward              : 819.115
learning reward             : 6219.115
episode length              : 352.6
abstract changes / episode  : 28.7
DFA transitions / episode   : 1.80
DFA transitions in window   : 1->2: 68, 2->3: 58, 3->4: 54
epsilon (next episode)       : 0.10224
replay buffer                : 300000 samples [1: 44.5%, 2: 34.9%, 3: 20.6%, 4: 0.0%]
DFA state visits in window   : 1: 19100, 2: 10813, 3: 5391, 4: 54
DFA state visits cumulative  : 1: 989438, 2: 374076, 3: 194936, 4: 1001
DFA state entries in window  : 1: 100, 2: 68, 3: 58, 4: 54
DFA state entries cumulative : 1: 5700, 2: 2313, 3: 1620, 4: 1001
transitions cumulative       : 1->2: 2313, 2->3: 1620, 3->4: 1001
accepted directly from s0    : 0
Gym endings cumulative       : terminated=4593, truncated=107

[Episode 5800/8000 | last 100]
success rate                : 60.0% (cumulative 18.3%)
failure rate                : 0.0% (cumulative 0.0%)
completed cycles / episode  : 0.000
synthetic task reward       : 6000.000
shaping reward              : 867.479
learning reward             : 6867.479
episode length              : 308.6
abstract changes / episode  : 27.1
DFA transitions / episode   : 1.88
DFA transitions in window   : 1->2: 66, 2->3: 62, 3->4: 60
epsilon (next episode)       : 0.09823
replay buffer                : 300000 samples [1: 44.9%, 2: 34.5%, 3: 20.6%, 4: 0.0%]
DFA state visits in window   : 1: 16390, 2: 9300, 3: 5210, 4: 60
DFA state visits cumulative  : 1: 1005828, 2: 383376, 3: 200146, 4: 1061
DFA state entries in window  : 1: 100, 2: 66, 3: 62, 4: 60
DFA state entries cumulative : 1: 5800, 2: 2379, 3: 1682, 4: 1061
transitions cumulative       : 1->2: 2379, 2->3: 1682, 3->4: 1061
accepted directly from s0    : 0
Gym endings cumulative       : terminated=4633, truncated=107

[Episode 5900/8000 | last 100]
success rate                : 57.0% (cumulative 18.9%)
failure rate                : 0.0% (cumulative 0.0%)
completed cycles / episode  : 0.000
synthetic task reward       : 5700.000
shaping reward              : 804.020
learning reward             : 6504.020
episode length              : 308.0
abstract changes / episode  : 27.1
DFA transitions / episode   : 1.91
DFA transitions in window   : 1->2: 72, 2->3: 62, 3->4: 57
epsilon (next episode)       : 0.09438
replay buffer                : 300000 samples [1: 46.0%, 2: 33.7%, 3: 20.4%, 4: 0.0%]
DFA state visits in window   : 1: 15706, 2: 9376, 3: 5761, 4: 57
DFA state visits cumulative  : 1: 1021534, 2: 392752, 3: 205907, 4: 1118
DFA state entries in window  : 1: 100, 2: 72, 3: 62, 4: 57
DFA state entries cumulative : 1: 5900, 2: 2451, 3: 1744, 4: 1118
transitions cumulative       : 1->2: 2451, 2->3: 1744, 3->4: 1118
accepted directly from s0    : 0
Gym endings cumulative       : terminated=4676, truncated=107

[Episode 6000/8000 | last 100]
success rate                : 54.0% (cumulative 19.5%)
failure rate                : 0.0% (cumulative 0.0%)
completed cycles / episode  : 0.000
synthetic task reward       : 5400.000
shaping reward              : 746.722
learning reward             : 6146.722
episode length              : 301.4
abstract changes / episode  : 25.0
DFA transitions / episode   : 1.71
DFA transitions in window   : 1->2: 60, 2->3: 57, 3->4: 54
epsilon (next episode)       : 0.09067
replay buffer                : 300000 samples [1: 47.7%, 2: 32.8%, 3: 19.5%, 4: 0.0%]
DFA state visits in window   : 1: 16815, 2: 8092, 3: 5280, 4: 54
DFA state visits cumulative  : 1: 1038349, 2: 400844, 3: 211187, 4: 1172
DFA state entries in window  : 1: 100, 2: 60, 3: 57, 4: 54
DFA state entries cumulative : 1: 6000, 2: 2511, 3: 1801, 4: 1172
transitions cumulative       : 1->2: 2511, 2->3: 1801, 3->4: 1172
accepted directly from s0    : 0
Gym endings cumulative       : terminated=4722, truncated=107

Starting autonomous greedy evaluation at episode 6000 (1000 fixed-seed episodes)...
[Greedy evaluation at episode 6000 | 1000 fixed-seed episodes]
success=52.6%, failure=0.0%, task reward=5260.000, length=308.2
DFA transitions: 1->2: 536, 2->3: 526, 3->4: 526
Best policy updated from autonomous greedy evaluation at episode 6000.

[Episode 6100/8000 | last 100]
success rate                : 25.0% (cumulative 19.6%)
failure rate                : 0.0% (cumulative 0.0%)
completed cycles / episode  : 0.000
synthetic task reward       : 2500.000
shaping reward              : 259.136
learning reward             : 2759.136
episode length              : 300.2
abstract changes / episode  : 20.9
DFA transitions / episode   : 0.83
DFA transitions in window   : 1->2: 32, 2->3: 26, 3->4: 25
epsilon (next episode)       : 0.08712
replay buffer                : 300000 samples [1: 52.0%, 2: 29.9%, 3: 18.1%, 4: 0.0%]
DFA state visits in window   : 1: 22117, 2: 5815, 3: 2166, 4: 25
DFA state visits cumulative  : 1: 1060466, 2: 406659, 3: 213353, 4: 1197
DFA state entries in window  : 1: 100, 2: 32, 3: 26, 4: 25
DFA state entries cumulative : 1: 6100, 2: 2543, 3: 1827, 4: 1197
transitions cumulative       : 1->2: 2543, 2->3: 1827, 3->4: 1197
accepted directly from s0    : 0
Gym endings cumulative       : terminated=4797, truncated=107

[Episode 6200/8000 | last 100]
success rate                : 33.0% (cumulative 19.8%)
failure rate                : 0.0% (cumulative 0.0%)
completed cycles / episode  : 0.000
synthetic task reward       : 3300.000
shaping reward              : 423.668
learning reward             : 3723.668
episode length              : 363.8
abstract changes / episode  : 25.3
DFA transitions / episode   : 1.20
DFA transitions in window   : 1->2: 45, 2->3: 42, 3->4: 33
epsilon (next episode)       : 0.08370
replay buffer                : 300000 samples [1: 55.8%, 2: 27.4%, 3: 16.8%, 4: 0.0%]
DFA state visits in window   : 1: 24757, 2: 7685, 3: 4001, 4: 33
DFA state visits cumulative  : 1: 1085223, 2: 414344, 3: 217354, 4: 1230
DFA state entries in window  : 1: 100, 2: 45, 3: 42, 4: 33
DFA state entries cumulative : 1: 6200, 2: 2588, 3: 1869, 4: 1230
transitions cumulative       : 1->2: 2588, 2->3: 1869, 3->4: 1230
accepted directly from s0    : 0
Gym endings cumulative       : terminated=4860, truncated=111

[Episode 6300/8000 | last 100]
success rate                : 29.0% (cumulative 20.0%)
failure rate                : 0.0% (cumulative 0.0%)
completed cycles / episode  : 0.000
synthetic task reward       : 2900.000
shaping reward              : 433.761
learning reward             : 3333.761
episode length              : 266.1
abstract changes / episode  : 24.4
DFA transitions / episode   : 1.16
DFA transitions in window   : 1->2: 51, 2->3: 36, 3->4: 29
epsilon (next episode)       : 0.08042
replay buffer                : 300000 samples [1: 57.0%, 2: 27.4%, 3: 15.6%, 4: 0.0%]
DFA state visits in window   : 1: 15504, 2: 7973, 3: 3203, 4: 29
DFA state visits cumulative  : 1: 1100727, 2: 422317, 3: 220557, 4: 1259
DFA state entries in window  : 1: 100, 2: 51, 3: 36, 4: 29
DFA state entries cumulative : 1: 6300, 2: 2639, 3: 1905, 4: 1259
transitions cumulative       : 1->2: 2639, 2->3: 1905, 3->4: 1259
accepted directly from s0    : 0
Gym endings cumulative       : terminated=4931, truncated=111

[Episode 6400/8000 | last 100]
success rate                : 28.0% (cumulative 20.1%)
failure rate                : 0.0% (cumulative 0.0%)
completed cycles / episode  : 0.000
synthetic task reward       : 2800.000
shaping reward              : 517.579
learning reward             : 3317.579
episode length              : 300.3
abstract changes / episode  : 26.2
DFA transitions / episode   : 1.33
DFA transitions in window   : 1->2: 61, 2->3: 44, 3->4: 28
epsilon (next episode)       : 0.07727
replay buffer                : 300000 samples [1: 57.3%, 2: 27.5%, 3: 15.2%, 4: 0.0%]
DFA state visits in window   : 1: 16934, 2: 9065, 3: 4102, 4: 28
DFA state visits cumulative  : 1: 1117661, 2: 431382, 3: 224659, 4: 1287
DFA state entries in window  : 1: 100, 2: 61, 3: 44, 4: 28
DFA state entries cumulative : 1: 6400, 2: 2700, 3: 1949, 4: 1287
transitions cumulative       : 1->2: 2700, 2->3: 1949, 3->4: 1287
accepted directly from s0    : 0
Gym endings cumulative       : terminated=5003, truncated=111

[Episode 6500/8000 | last 100]
success rate                : 59.0% (cumulative 20.7%)
failure rate                : 0.0% (cumulative 0.0%)
completed cycles / episode  : 0.000
synthetic task reward       : 5900.000
shaping reward              : 947.498
learning reward             : 6847.498
episode length              : 364.0
abstract changes / episode  : 31.9
DFA transitions / episode   : 2.10
DFA transitions in window   : 1->2: 79, 2->3: 72, 3->4: 59
epsilon (next episode)       : 0.07423
replay buffer                : 300000 samples [1: 56.4%, 2: 28.3%, 3: 15.3%, 4: 0.0%]
DFA state visits in window   : 1: 15754, 2: 12515, 3: 8171, 4: 59
DFA state visits cumulative  : 1: 1133415, 2: 443897, 3: 232830, 4: 1346
DFA state entries in window  : 1: 100, 2: 79, 3: 72, 4: 59
DFA state entries cumulative : 1: 6500, 2: 2779, 3: 2021, 4: 1346
transitions cumulative       : 1->2: 2779, 2->3: 2021, 3->4: 1346
accepted directly from s0    : 0
Gym endings cumulative       : terminated=5043, truncated=112

[Episode 6600/8000 | last 100]
success rate                : 45.0% (cumulative 21.1%)
failure rate                : 0.0% (cumulative 0.0%)
completed cycles / episode  : 0.000
synthetic task reward       : 4500.000
shaping reward              : 759.775
learning reward             : 5259.775
episode length              : 341.8
abstract changes / episode  : 29.3
DFA transitions / episode   : 1.70
DFA transitions in window   : 1->2: 68, 2->3: 57, 3->4: 45
epsilon (next episode)       : 0.07132
replay buffer                : 300000 samples [1: 55.8%, 2: 28.3%, 3: 15.9%, 4: 0.0%]
DFA state visits in window   : 1: 15961, 2: 11252, 3: 7026, 4: 45
DFA state visits cumulative  : 1: 1149376, 2: 455149, 3: 239856, 4: 1391
DFA state entries in window  : 1: 100, 2: 68, 3: 57, 4: 45
DFA state entries cumulative : 1: 6600, 2: 2847, 3: 2078, 4: 1391
transitions cumulative       : 1->2: 2847, 2->3: 2078, 3->4: 1391
accepted directly from s0    : 0
Gym endings cumulative       : terminated=5094, truncated=116

[Episode 6700/8000 | last 100]
success rate                : 55.0% (cumulative 21.6%)
failure rate                : 0.0% (cumulative 0.0%)
completed cycles / episode  : 0.000
synthetic task reward       : 5500.000
shaping reward              : 839.150
learning reward             : 6339.150
episode length              : 351.0
abstract changes / episode  : 31.1
DFA transitions / episode   : 1.95
DFA transitions in window   : 1->2: 72, 2->3: 68, 3->4: 55
epsilon (next episode)       : 0.06853
replay buffer                : 300000 samples [1: 54.5%, 2: 29.1%, 3: 16.4%, 4: 0.0%]
DFA state visits in window   : 1: 15603, 2: 11917, 3: 7622, 4: 55
DFA state visits cumulative  : 1: 1164979, 2: 467066, 3: 247478, 4: 1446
DFA state entries in window  : 1: 100, 2: 72, 3: 68, 4: 55
DFA state entries cumulative : 1: 6700, 2: 2919, 3: 2146, 4: 1446
transitions cumulative       : 1->2: 2919, 2->3: 2146, 3->4: 1446
accepted directly from s0    : 0
Gym endings cumulative       : terminated=5139, truncated=116

[Episode 6800/8000 | last 100]
success rate                : 64.0% (cumulative 22.2%)
failure rate                : 0.0% (cumulative 0.0%)
completed cycles / episode  : 0.000
synthetic task reward       : 6400.000
shaping reward              : 973.252
learning reward             : 7373.252
episode length              : 360.5
abstract changes / episode  : 31.7
DFA transitions / episode   : 2.20
DFA transitions in window   : 1->2: 84, 2->3: 72, 3->4: 64
epsilon (next episode)       : 0.06584
replay buffer                : 300000 samples [1: 53.6%, 2: 29.9%, 3: 16.5%, 4: 0.0%]
DFA state visits in window   : 1: 15728, 2: 13506, 3: 6851, 4: 64
DFA state visits cumulative  : 1: 1180707, 2: 480572, 3: 254329, 4: 1510
DFA state entries in window  : 1: 100, 2: 84, 3: 72, 4: 64
DFA state entries cumulative : 1: 6800, 2: 3003, 3: 2218, 4: 1510
transitions cumulative       : 1->2: 3003, 2->3: 2218, 3->4: 1510
accepted directly from s0    : 0
Gym endings cumulative       : terminated=5175, truncated=116

[Episode 6900/8000 | last 100]
success rate                : 52.0% (cumulative 22.6%)
failure rate                : 0.0% (cumulative 0.0%)
completed cycles / episode  : 0.000
synthetic task reward       : 5200.000
shaping reward              : 765.418
learning reward             : 5965.418
episode length              : 353.2
abstract changes / episode  : 29.6
DFA transitions / episode   : 1.82
DFA transitions in window   : 1->2: 73, 2->3: 57, 3->4: 52
epsilon (next episode)       : 0.06326
replay buffer                : 300000 samples [1: 53.5%, 2: 30.5%, 3: 16.1%, 4: 0.0%]
DFA state visits in window   : 1: 18516, 2: 11748, 3: 5105, 4: 52
DFA state visits cumulative  : 1: 1199223, 2: 492320, 3: 259434, 4: 1562
DFA state entries in window  : 1: 100, 2: 73, 3: 57, 4: 52
DFA state entries cumulative : 1: 6900, 2: 3076, 3: 2275, 4: 1562
transitions cumulative       : 1->2: 3076, 2->3: 2275, 3->4: 1562
accepted directly from s0    : 0
Gym endings cumulative       : terminated=5223, truncated=116

[Episode 7000/8000 | last 100]
success rate                : 33.0% (cumulative 22.8%)
failure rate                : 0.0% (cumulative 0.0%)
completed cycles / episode  : 0.000
synthetic task reward       : 3300.000
shaping reward              : 705.354
learning reward             : 4005.354
episode length              : 381.0
abstract changes / episode  : 29.6
DFA transitions / episode   : 1.67
DFA transitions in window   : 1->2: 84, 2->3: 50, 3->4: 33
epsilon (next episode)       : 0.06078
replay buffer                : 300000 samples [1: 49.8%, 2: 33.1%, 3: 17.1%, 4: 0.0%]
DFA state visits in window   : 1: 16409, 2: 15611, 3: 6147, 4: 33
DFA state visits cumulative  : 1: 1215632, 2: 507931, 3: 265581, 4: 1595
DFA state entries in window  : 1: 100, 2: 84, 3: 50, 4: 33
DFA state entries cumulative : 1: 7000, 2: 3160, 3: 2325, 4: 1595
transitions cumulative       : 1->2: 3160, 2->3: 2325, 3->4: 1595
accepted directly from s0    : 0
Gym endings cumulative       : terminated=5290, truncated=116

Starting autonomous greedy evaluation at episode 7000 (1000 fixed-seed episodes)...
[Greedy evaluation at episode 7000 | 1000 fixed-seed episodes]
success=84.4%, failure=0.0%, task reward=8440.000, length=448.7
DFA transitions: 1->2: 870, 2->3: 867, 3->4: 844
Best policy updated from autonomous greedy evaluation at episode 7000.

[Episode 7100/8000 | last 100]
success rate                : 57.0% (cumulative 23.3%)
failure rate                : 0.0% (cumulative 0.0%)
completed cycles / episode  : 0.000
synthetic task reward       : 5700.000
shaping reward              : 885.201
learning reward             : 6585.201
episode length              : 506.4
abstract changes / episode  : 34.0
DFA transitions / episode   : 1.99
DFA transitions in window   : 1->2: 79, 2->3: 63, 3->4: 57
epsilon (next episode)       : 0.05839
replay buffer                : 300000 samples [1: 45.3%, 2: 37.3%, 3: 17.3%, 4: 0.0%]
DFA state visits in window   : 1: 18436, 2: 25569, 3: 6680, 4: 57
DFA state visits cumulative  : 1: 1234068, 2: 533500, 3: 272261, 4: 1652
DFA state entries in window  : 1: 100, 2: 79, 3: 63, 4: 57
DFA state entries cumulative : 1: 7100, 2: 3239, 3: 2388, 4: 1652
transitions cumulative       : 1->2: 3239, 2->3: 2388, 3->4: 1652
accepted directly from s0    : 0
Gym endings cumulative       : terminated=5324, truncated=125

[Episode 7200/8000 | last 100]
success rate                : 65.0% (cumulative 23.8%)
failure rate                : 0.0% (cumulative 0.0%)
completed cycles / episode  : 0.000
synthetic task reward       : 6500.000
shaping reward              : 892.438
learning reward             : 7392.438
episode length              : 341.0
abstract changes / episode  : 28.3
DFA transitions / episode   : 2.07
DFA transitions in window   : 1->2: 75, 2->3: 67, 3->4: 65
epsilon (next episode)       : 0.05610
replay buffer                : 300000 samples [1: 43.9%, 2: 38.1%, 3: 18.0%, 4: 0.0%]
DFA state visits in window   : 1: 15571, 2: 12233, 3: 6327, 4: 65
DFA state visits cumulative  : 1: 1249639, 2: 545733, 3: 278588, 4: 1717
DFA state entries in window  : 1: 100, 2: 75, 3: 67, 4: 65
DFA state entries cumulative : 1: 7200, 2: 3314, 3: 2455, 4: 1717
transitions cumulative       : 1->2: 3314, 2->3: 2455, 3->4: 1717
accepted directly from s0    : 0
Gym endings cumulative       : terminated=5359, truncated=125

[Episode 7300/8000 | last 100]
success rate                : 39.0% (cumulative 24.1%)
failure rate                : 0.0% (cumulative 0.0%)
completed cycles / episode  : 0.000
synthetic task reward       : 3900.000
shaping reward              : 552.947
learning reward             : 4452.947
episode length              : 275.7
abstract changes / episode  : 25.7
DFA transitions / episode   : 1.44
DFA transitions in window   : 1->2: 57, 2->3: 48, 3->4: 39
epsilon (next episode)       : 0.05390
replay buffer                : 300000 samples [1: 45.6%, 2: 36.9%, 3: 17.5%, 4: 0.0%]
DFA state visits in window   : 1: 16137, 2: 6245, 3: 5251, 4: 39
DFA state visits cumulative  : 1: 1265776, 2: 551978, 3: 283839, 4: 1756
DFA state entries in window  : 1: 100, 2: 57, 3: 48, 4: 39
DFA state entries cumulative : 1: 7300, 2: 3371, 3: 2503, 4: 1756
transitions cumulative       : 1->2: 3371, 2->3: 2503, 3->4: 1756
accepted directly from s0    : 0
Gym endings cumulative       : terminated=5420, truncated=125

[Episode 7400/8000 | last 100]
success rate                : 59.0% (cumulative 24.5%)
failure rate                : 0.0% (cumulative 0.0%)
completed cycles / episode  : 0.000
synthetic task reward       : 5900.000
shaping reward              : 791.986
learning reward             : 6691.986
episode length              : 271.9
abstract changes / episode  : 26.3
DFA transitions / episode   : 1.88
DFA transitions in window   : 1->2: 66, 2->3: 63, 3->4: 59
epsilon (next episode)       : 0.05179
replay buffer                : 300000 samples [1: 45.7%, 2: 36.2%, 3: 18.1%, 4: 0.0%]
DFA state visits in window   : 1: 12750, 2: 7921, 3: 6563, 4: 59
DFA state visits cumulative  : 1: 1278526, 2: 559899, 3: 290402, 4: 1815
DFA state entries in window  : 1: 100, 2: 66, 3: 63, 4: 59
DFA state entries cumulative : 1: 7400, 2: 3437, 3: 2566, 4: 1815
transitions cumulative       : 1->2: 3437, 2->3: 2566, 3->4: 1815
accepted directly from s0    : 0
Gym endings cumulative       : terminated=5461, truncated=125

[Episode 7500/8000 | last 100]
success rate                : 59.0% (cumulative 25.0%)
failure rate                : 0.0% (cumulative 0.0%)
completed cycles / episode  : 0.000
synthetic task reward       : 5900.000
shaping reward              : 841.437
learning reward             : 6741.437
episode length              : 288.7
abstract changes / episode  : 26.3
DFA transitions / episode   : 1.89
DFA transitions in window   : 1->2: 69, 2->3: 61, 3->4: 59
epsilon (next episode)       : 0.04976
replay buffer                : 300000 samples [1: 45.8%, 2: 36.3%, 3: 18.0%, 4: 0.0%]
DFA state visits in window   : 1: 14834, 2: 8119, 3: 5960, 4: 59
DFA state visits cumulative  : 1: 1293360, 2: 568018, 3: 296362, 4: 1874
DFA state entries in window  : 1: 100, 2: 69, 3: 61, 4: 59
DFA state entries cumulative : 1: 7500, 2: 3506, 3: 2627, 4: 1874
transitions cumulative       : 1->2: 3506, 2->3: 2627, 3->4: 1874
accepted directly from s0    : 0
Gym endings cumulative       : terminated=5502, truncated=125

[Episode 7600/8000 | last 100]
success rate                : 56.0% (cumulative 25.4%)
failure rate                : 0.0% (cumulative 0.0%)
completed cycles / episode  : 0.000
synthetic task reward       : 5600.000
shaping reward              : 741.528
learning reward             : 6341.528
episode length              : 282.0
abstract changes / episode  : 26.0
DFA transitions / episode   : 1.77
DFA transitions in window   : 1->2: 63, 2->3: 58, 3->4: 56
epsilon (next episode)       : 0.04781
replay buffer                : 300000 samples [1: 47.0%, 2: 35.4%, 3: 17.6%, 4: 0.0%]
DFA state visits in window   : 1: 14947, 2: 7958, 3: 5337, 4: 56
DFA state visits cumulative  : 1: 1308307, 2: 575976, 3: 301699, 4: 1930
DFA state entries in window  : 1: 100, 2: 63, 3: 58, 4: 56
DFA state entries cumulative : 1: 7600, 2: 3569, 3: 2685, 4: 1930
transitions cumulative       : 1->2: 3569, 2->3: 2685, 3->4: 1930
accepted directly from s0    : 0
Gym endings cumulative       : terminated=5546, truncated=125

[Episode 7700/8000 | last 100]
success rate                : 32.0% (cumulative 25.5%)
failure rate                : 0.0% (cumulative 0.0%)
completed cycles / episode  : 0.000
synthetic task reward       : 3200.000
shaping reward              : 384.842
learning reward             : 3584.842
episode length              : 274.1
abstract changes / episode  : 23.9
DFA transitions / episode   : 1.09
DFA transitions in window   : 1->2: 42, 2->3: 35, 3->4: 32
epsilon (next episode)       : 0.04593
replay buffer                : 300000 samples [1: 49.3%, 2: 33.5%, 3: 17.2%, 4: 0.0%]
DFA state visits in window   : 1: 19191, 2: 4532, 3: 3759, 4: 32
DFA state visits cumulative  : 1: 1327498, 2: 580508, 3: 305458, 4: 1962
DFA state entries in window  : 1: 100, 2: 42, 3: 35, 4: 32
DFA state entries cumulative : 1: 7700, 2: 3611, 3: 2720, 4: 1962
transitions cumulative       : 1->2: 3611, 2->3: 2720, 3->4: 1962
accepted directly from s0    : 0
Gym endings cumulative       : terminated=5614, truncated=125

[Episode 7800/8000 | last 100]
success rate                : 53.0% (cumulative 25.8%)
failure rate                : 0.0% (cumulative 0.0%)
completed cycles / episode  : 0.000
synthetic task reward       : 5300.000
shaping reward              : 778.146
learning reward             : 6078.146
episode length              : 321.0
abstract changes / episode  : 27.6
DFA transitions / episode   : 1.83
DFA transitions in window   : 1->2: 68, 2->3: 62, 3->4: 53
epsilon (next episode)       : 0.04413
replay buffer                : 300000 samples [1: 49.3%, 2: 32.7%, 3: 18.0%, 4: 0.0%]
DFA state visits in window   : 1: 17676, 2: 7829, 3: 6644, 4: 53
DFA state visits cumulative  : 1: 1345174, 2: 588337, 3: 312102, 4: 2015
DFA state entries in window  : 1: 100, 2: 68, 3: 62, 4: 53
DFA state entries cumulative : 1: 7800, 2: 3679, 3: 2782, 4: 2015
transitions cumulative       : 1->2: 3679, 2->3: 2782, 3->4: 2015
accepted directly from s0    : 0
Gym endings cumulative       : terminated=5661, truncated=125

[Episode 7900/8000 | last 100]
success rate                : 64.0% (cumulative 26.3%)
failure rate                : 0.0% (cumulative 0.0%)
completed cycles / episode  : 0.000
synthetic task reward       : 6400.000
shaping reward              : 906.641
learning reward             : 7306.641
episode length              : 319.7
abstract changes / episode  : 27.9
DFA transitions / episode   : 2.06
DFA transitions in window   : 1->2: 73, 2->3: 69, 3->4: 64
epsilon (next episode)       : 0.04240
replay buffer                : 300000 samples [1: 50.3%, 2: 31.5%, 3: 18.2%, 4: 0.0%]
DFA state visits in window   : 1: 16950, 2: 8646, 3: 6413, 4: 64
DFA state visits cumulative  : 1: 1362124, 2: 596983, 3: 318515, 4: 2079
DFA state entries in window  : 1: 100, 2: 73, 3: 69, 4: 64
DFA state entries cumulative : 1: 7900, 2: 3752, 3: 2851, 4: 2079
transitions cumulative       : 1->2: 3752, 2->3: 2851, 3->4: 2079
accepted directly from s0    : 0
Gym endings cumulative       : terminated=5697, truncated=125

[Episode 8000/8000 | last 100]
success rate                : 71.0% (cumulative 26.9%)
failure rate                : 0.0% (cumulative 0.0%)
completed cycles / episode  : 0.000
synthetic task reward       : 7100.000
shaping reward              : 921.741
learning reward             : 8021.741
episode length              : 317.7
abstract changes / episode  : 28.7
DFA transitions / episode   : 2.16
DFA transitions in window   : 1->2: 74, 2->3: 71, 3->4: 71
epsilon (next episode)       : 0.04074
replay buffer                : 300000 samples [1: 52.0%, 2: 29.2%, 3: 18.8%, 4: 0.0%]
DFA state visits in window   : 1: 16645, 2: 9017, 3: 6140, 4: 71
DFA state visits cumulative  : 1: 1378769, 2: 606000, 3: 324655, 4: 2150
DFA state entries in window  : 1: 100, 2: 74, 3: 71, 4: 71
DFA state entries cumulative : 1: 8000, 2: 3826, 3: 2922, 4: 2150
transitions cumulative       : 1->2: 3826, 2->3: 2922, 3->4: 2150
accepted directly from s0    : 0
Gym endings cumulative       : terminated=5726, truncated=125

Starting autonomous greedy evaluation at episode 8000 (1000 fixed-seed episodes)...
[Greedy evaluation at episode 8000 | 1000 fixed-seed episodes]
success=54.8%, failure=0.0%, task reward=5480.000, length=283.3
DFA transitions: 1->2: 583, 2->3: 549, 3->4: 548
Last policy saved after episode 8000. Best greedy evaluation: episode 7000, mean task reward=8440.000
