
=== NEW RUN ===
episodes=8000, shaping=True, goal_reward=10000.0, gamma=0.99
gamma_shaping=1.0, shaping_formula=gamma_shaping*Phi(next)-Phi(state)
eval_interval=1000, eval_episodes=1000, eval_seed=100000
inter_level_shaping=False, inter_level_formula=gamma*Phi(next)-Phi(state)
task_type=ltlf, task=F(wp1 & X(F(wp2 & X(F(g1)))))
regions={wp1: {'center': [-0.75, 1.0625], 'radius': 0.1}, wp2: {'center': [0, 0.1525], 'radius': 0.1}, g1: {'center': [0.75, 1.0625], 'radius': 0.1}}
dfa_states=[1, 2, 3, 4], pre_trace=1, accepting=[4], failure=[]

[Episode 1/8000 | last 1]
success rate                : 0.0% (cumulative 0.0%)
failure rate                : 0.0% (cumulative 0.0%)
completed cycles / episode  : 0.000
synthetic task reward       : 0.000
shaping reward              : -187.355
learning reward             : -187.355
episode length              : 89.0
abstract changes / episode  : 5.0
DFA transitions / episode   : 0.00
DFA transitions in window   : none
epsilon (next episode)       : 0.99960
replay buffer                : 89 samples [1: 100.0%, 2: 0.0%, 3: 0.0%, 4: 0.0%]
DFA state visits in window   : 1: 90, 2: 0, 3: 0, 4: 0
DFA state visits cumulative  : 1: 90, 2: 0, 3: 0, 4: 0
DFA state entries in window  : 1: 1, 2: 0, 3: 0, 4: 0
DFA state entries cumulative : 1: 1, 2: 0, 3: 0, 4: 0
transitions cumulative       : none
accepted directly from s0    : 0
Gym endings cumulative       : terminated=1, truncated=0

[Episode 100/8000 | last 100]
success rate                : 0.0% (cumulative 0.0%)
failure rate                : 0.0% (cumulative 0.0%)
completed cycles / episode  : 0.000
synthetic task reward       : 0.000
shaping reward              : -165.092
learning reward             : -165.092
episode length              : 101.1
abstract changes / episode  : 5.8
DFA transitions / episode   : 0.01
DFA transitions in window   : 1->2: 1
epsilon (next episode)       : 0.96078
replay buffer                : 10109 samples [1: 99.8%, 2: 0.2%, 3: 0.0%, 4: 0.0%]
DFA state visits in window   : 1: 10186, 2: 23, 3: 0, 4: 0
DFA state visits cumulative  : 1: 10186, 2: 23, 3: 0, 4: 0
DFA state entries in window  : 1: 100, 2: 1, 3: 0, 4: 0
DFA state entries cumulative : 1: 100, 2: 1, 3: 0, 4: 0
transitions cumulative       : 1->2: 1
accepted directly from s0    : 0
Gym endings cumulative       : terminated=99, truncated=1

[Episode 200/8000 | last 100]
success rate                : 0.0% (cumulative 0.0%)
failure rate                : 0.0% (cumulative 0.0%)
completed cycles / episode  : 0.000
synthetic task reward       : 0.000
shaping reward              : -168.867
learning reward             : -168.867
episode length              : 88.7
abstract changes / episode  : 5.8
DFA transitions / episode   : 0.01
DFA transitions in window   : 1->2: 1
epsilon (next episode)       : 0.92310
replay buffer                : 18983 samples [1: 99.8%, 2: 0.2%, 3: 0.0%, 4: 0.0%]
DFA state visits in window   : 1: 8953, 2: 21, 3: 0, 4: 0
DFA state visits cumulative  : 1: 19139, 2: 44, 3: 0, 4: 0
DFA state entries in window  : 1: 100, 2: 1, 3: 0, 4: 0
DFA state entries cumulative : 1: 200, 2: 2, 3: 0, 4: 0
transitions cumulative       : 1->2: 2
accepted directly from s0    : 0
Gym endings cumulative       : terminated=199, truncated=1

[Episode 300/8000 | last 100]
success rate                : 0.0% (cumulative 0.0%)
failure rate                : 0.0% (cumulative 0.0%)
completed cycles / episode  : 0.000
synthetic task reward       : 0.000
shaping reward              : -160.393
learning reward             : -160.393
episode length              : 95.5
abstract changes / episode  : 5.8
DFA transitions / episode   : 0.02
DFA transitions in window   : 1->2: 2
epsilon (next episode)       : 0.88690
replay buffer                : 28533 samples [1: 99.7%, 2: 0.3%, 3: 0.0%, 4: 0.0%]
DFA state visits in window   : 1: 9599, 2: 51, 3: 0, 4: 0
DFA state visits cumulative  : 1: 28738, 2: 95, 3: 0, 4: 0
DFA state entries in window  : 1: 100, 2: 2, 3: 0, 4: 0
DFA state entries cumulative : 1: 300, 2: 4, 3: 0, 4: 0
transitions cumulative       : 1->2: 4
accepted directly from s0    : 0
Gym endings cumulative       : terminated=299, truncated=1

[Episode 400/8000 | last 100]
success rate                : 0.0% (cumulative 0.0%)
failure rate                : 0.0% (cumulative 0.0%)
completed cycles / episode  : 0.000
synthetic task reward       : 0.000
shaping reward              : -138.041
learning reward             : -138.041
episode length              : 96.6
abstract changes / episode  : 5.8
DFA transitions / episode   : 0.06
DFA transitions in window   : 1->2: 6
epsilon (next episode)       : 0.85212
replay buffer                : 38192 samples [1: 99.4%, 2: 0.6%, 3: 0.0%, 4: 0.0%]
DFA state visits in window   : 1: 9624, 2: 135, 3: 0, 4: 0
DFA state visits cumulative  : 1: 38362, 2: 230, 3: 0, 4: 0
DFA state entries in window  : 1: 100, 2: 6, 3: 0, 4: 0
DFA state entries cumulative : 1: 400, 2: 10, 3: 0, 4: 0
transitions cumulative       : 1->2: 10
accepted directly from s0    : 0
Gym endings cumulative       : terminated=399, truncated=1

[Episode 500/8000 | last 100]
success rate                : 0.0% (cumulative 0.0%)
failure rate                : 0.0% (cumulative 0.0%)
completed cycles / episode  : 0.000
synthetic task reward       : 0.000
shaping reward              : -142.721
learning reward             : -142.721
episode length              : 100.3
abstract changes / episode  : 5.9
DFA transitions / episode   : 0.04
DFA transitions in window   : 1->2: 4
epsilon (next episode)       : 0.81870
replay buffer                : 48226 samples [1: 99.4%, 2: 0.6%, 3: 0.0%, 4: 0.0%]
DFA state visits in window   : 1: 10051, 2: 83, 3: 0, 4: 0
DFA state visits cumulative  : 1: 48413, 2: 313, 3: 0, 4: 0
DFA state entries in window  : 1: 100, 2: 4, 3: 0, 4: 0
DFA state entries cumulative : 1: 500, 2: 14, 3: 0, 4: 0
transitions cumulative       : 1->2: 14
accepted directly from s0    : 0
Gym endings cumulative       : terminated=499, truncated=1

[Episode 600/8000 | last 100]
success rate                : 0.0% (cumulative 0.0%)
failure rate                : 0.0% (cumulative 0.0%)
completed cycles / episode  : 0.000
synthetic task reward       : 0.000
shaping reward              : -141.817
learning reward             : -141.817
episode length              : 103.1
abstract changes / episode  : 6.0
DFA transitions / episode   : 0.03
DFA transitions in window   : 1->2: 3
epsilon (next episode)       : 0.78659
replay buffer                : 58533 samples [1: 99.4%, 2: 0.6%, 3: 0.0%, 4: 0.0%]
DFA state visits in window   : 1: 10329, 2: 78, 3: 0, 4: 0
DFA state visits cumulative  : 1: 58742, 2: 391, 3: 0, 4: 0
DFA state entries in window  : 1: 100, 2: 3, 3: 0, 4: 0
DFA state entries cumulative : 1: 600, 2: 17, 3: 0, 4: 0
transitions cumulative       : 1->2: 17
accepted directly from s0    : 0
Gym endings cumulative       : terminated=599, truncated=1

[Episode 700/8000 | last 100]
success rate                : 0.0% (cumulative 0.0%)
failure rate                : 0.0% (cumulative 0.0%)
completed cycles / episode  : 0.000
synthetic task reward       : 0.000
shaping reward              : -136.224
learning reward             : -136.224
episode length              : 112.6
abstract changes / episode  : 6.0
DFA transitions / episode   : 0.06
DFA transitions in window   : 1->2: 6
epsilon (next episode)       : 0.75574
replay buffer                : 69796 samples [1: 99.2%, 2: 0.8%, 3: 0.0%, 4: 0.0%]
DFA state visits in window   : 1: 11205, 2: 158, 3: 0, 4: 0
DFA state visits cumulative  : 1: 69947, 2: 549, 3: 0, 4: 0
DFA state entries in window  : 1: 100, 2: 6, 3: 0, 4: 0
DFA state entries cumulative : 1: 700, 2: 23, 3: 0, 4: 0
transitions cumulative       : 1->2: 23
accepted directly from s0    : 0
Gym endings cumulative       : terminated=698, truncated=2

[Episode 800/8000 | last 100]
success rate                : 0.0% (cumulative 0.0%)
failure rate                : 0.0% (cumulative 0.0%)
completed cycles / episode  : 0.000
synthetic task reward       : 0.000
shaping reward              : -125.952
learning reward             : -125.952
episode length              : 104.9
abstract changes / episode  : 6.0
DFA transitions / episode   : 0.07
DFA transitions in window   : 1->2: 7
epsilon (next episode)       : 0.72610
replay buffer                : 80286 samples [1: 99.2%, 2: 0.8%, 3: 0.0%, 4: 0.0%]
DFA state visits in window   : 1: 10436, 2: 154, 3: 0, 4: 0
DFA state visits cumulative  : 1: 80383, 2: 703, 3: 0, 4: 0
DFA state entries in window  : 1: 100, 2: 7, 3: 0, 4: 0
DFA state entries cumulative : 1: 800, 2: 30, 3: 0, 4: 0
transitions cumulative       : 1->2: 30
accepted directly from s0    : 0
Gym endings cumulative       : terminated=798, truncated=2

[Episode 900/8000 | last 100]
success rate                : 0.0% (cumulative 0.0%)
failure rate                : 0.0% (cumulative 0.0%)
completed cycles / episode  : 0.000
synthetic task reward       : 0.000
shaping reward              : -141.864
learning reward             : -141.864
episode length              : 112.4
abstract changes / episode  : 6.0
DFA transitions / episode   : 0.01
DFA transitions in window   : 1->2: 1
epsilon (next episode)       : 0.69763
replay buffer                : 91524 samples [1: 99.2%, 2: 0.8%, 3: 0.0%, 4: 0.0%]
DFA state visits in window   : 1: 11316, 2: 22, 3: 0, 4: 0
DFA state visits cumulative  : 1: 91699, 2: 725, 3: 0, 4: 0
DFA state entries in window  : 1: 100, 2: 1, 3: 0, 4: 0
DFA state entries cumulative : 1: 900, 2: 31, 3: 0, 4: 0
transitions cumulative       : 1->2: 31
accepted directly from s0    : 0
Gym endings cumulative       : terminated=898, truncated=2

[Episode 1000/8000 | last 100]
success rate                : 0.0% (cumulative 0.0%)
failure rate                : 0.0% (cumulative 0.0%)
completed cycles / episode  : 0.000
synthetic task reward       : 0.000
shaping reward              : -116.631
learning reward             : -116.631
episode length              : 123.7
abstract changes / episode  : 6.1
DFA transitions / episode   : 0.08
DFA transitions in window   : 1->2: 8
epsilon (next episode)       : 0.67027
replay buffer                : 103890 samples [1: 99.2%, 2: 0.8%, 3: 0.0%, 4: 0.0%]
DFA state visits in window   : 1: 12269, 2: 197, 3: 0, 4: 0
DFA state visits cumulative  : 1: 103968, 2: 922, 3: 0, 4: 0
DFA state entries in window  : 1: 100, 2: 8, 3: 0, 4: 0
DFA state entries cumulative : 1: 1000, 2: 39, 3: 0, 4: 0
transitions cumulative       : 1->2: 39
accepted directly from s0    : 0
Gym endings cumulative       : terminated=998, truncated=2

Starting autonomous greedy evaluation at episode 1000 (1000 fixed-seed episodes)...
[Greedy evaluation at episode 1000 | 1000 fixed-seed episodes]
success=0.0%, failure=0.0%, task reward=0.000, length=122.7
DFA transitions: none
Best policy updated from autonomous greedy evaluation at episode 1000.

[Episode 1100/8000 | last 100]
success rate                : 0.0% (cumulative 0.0%)
failure rate                : 0.0% (cumulative 0.0%)
completed cycles / episode  : 0.000
synthetic task reward       : 0.000
shaping reward              : -132.552
learning reward             : -132.552
episode length              : 130.3
abstract changes / episode  : 6.1
DFA transitions / episode   : 0.03
DFA transitions in window   : 1->2: 3
epsilon (next episode)       : 0.64398
replay buffer                : 116925 samples [1: 99.2%, 2: 0.8%, 3: 0.0%, 4: 0.0%]
DFA state visits in window   : 1: 13048, 2: 87, 3: 0, 4: 0
DFA state visits cumulative  : 1: 117016, 2: 1009, 3: 0, 4: 0
DFA state entries in window  : 1: 100, 2: 3, 3: 0, 4: 0
DFA state entries cumulative : 1: 1100, 2: 42, 3: 0, 4: 0
transitions cumulative       : 1->2: 42
accepted directly from s0    : 0
Gym endings cumulative       : terminated=1097, truncated=3

[Episode 1200/8000 | last 100]
success rate                : 0.0% (cumulative 0.0%)
failure rate                : 0.0% (cumulative 0.0%)
completed cycles / episode  : 0.000
synthetic task reward       : 0.000
shaping reward              : -145.705
learning reward             : -145.705
episode length              : 123.8
abstract changes / episode  : 6.1
DFA transitions / episode   : 0.01
DFA transitions in window   : 1->2: 1
epsilon (next episode)       : 0.61872
replay buffer                : 129307 samples [1: 99.2%, 2: 0.8%, 3: 0.0%, 4: 0.0%]
DFA state visits in window   : 1: 12447, 2: 35, 3: 0, 4: 0
DFA state visits cumulative  : 1: 129463, 2: 1044, 3: 0, 4: 0
DFA state entries in window  : 1: 100, 2: 1, 3: 0, 4: 0
DFA state entries cumulative : 1: 1200, 2: 43, 3: 0, 4: 0
transitions cumulative       : 1->2: 43
accepted directly from s0    : 0
Gym endings cumulative       : terminated=1197, truncated=3

[Episode 1300/8000 | last 100]
success rate                : 0.0% (cumulative 0.0%)
failure rate                : 0.0% (cumulative 0.0%)
completed cycles / episode  : 0.000
synthetic task reward       : 0.000
shaping reward              : -147.541
learning reward             : -147.541
episode length              : 134.5
abstract changes / episode  : 6.0
DFA transitions / episode   : 0.01
DFA transitions in window   : 1->2: 1
epsilon (next episode)       : 0.59446
replay buffer                : 142754 samples [1: 99.3%, 2: 0.7%, 3: 0.0%, 4: 0.0%]
DFA state visits in window   : 1: 13528, 2: 19, 3: 0, 4: 0
DFA state visits cumulative  : 1: 142991, 2: 1063, 3: 0, 4: 0
DFA state entries in window  : 1: 100, 2: 1, 3: 0, 4: 0
DFA state entries cumulative : 1: 1300, 2: 44, 3: 0, 4: 0
transitions cumulative       : 1->2: 44
accepted directly from s0    : 0
Gym endings cumulative       : terminated=1296, truncated=4

[Episode 1400/8000 | last 100]
success rate                : 0.0% (cumulative 0.0%)
failure rate                : 0.0% (cumulative 0.0%)
completed cycles / episode  : 0.000
synthetic task reward       : 0.000
shaping reward              : -144.857
learning reward             : -144.857
episode length              : 128.9
abstract changes / episode  : 6.0
DFA transitions / episode   : 0.00
DFA transitions in window   : none
epsilon (next episode)       : 0.57115
replay buffer                : 155648 samples [1: 99.3%, 2: 0.7%, 3: 0.0%, 4: 0.0%]
DFA state visits in window   : 1: 12994, 2: 0, 3: 0, 4: 0
DFA state visits cumulative  : 1: 155985, 2: 1063, 3: 0, 4: 0
DFA state entries in window  : 1: 100, 2: 0, 3: 0, 4: 0
DFA state entries cumulative : 1: 1400, 2: 44, 3: 0, 4: 0
transitions cumulative       : 1->2: 44
accepted directly from s0    : 0
Gym endings cumulative       : terminated=1396, truncated=4

[Episode 1500/8000 | last 100]
success rate                : 0.0% (cumulative 0.0%)
failure rate                : 0.0% (cumulative 0.0%)
completed cycles / episode  : 0.000
synthetic task reward       : 0.000
shaping reward              : -147.728
learning reward             : -147.728
episode length              : 143.8
abstract changes / episode  : 6.4
DFA transitions / episode   : 0.01
DFA transitions in window   : 1->2: 1
epsilon (next episode)       : 0.54875
replay buffer                : 170032 samples [1: 99.4%, 2: 0.6%, 3: 0.0%, 4: 0.0%]
DFA state visits in window   : 1: 14443, 2: 41, 3: 0, 4: 0
DFA state visits cumulative  : 1: 170428, 2: 1104, 3: 0, 4: 0
DFA state entries in window  : 1: 100, 2: 1, 3: 0, 4: 0
DFA state entries cumulative : 1: 1500, 2: 45, 3: 0, 4: 0
transitions cumulative       : 1->2: 45
accepted directly from s0    : 0
Gym endings cumulative       : terminated=1495, truncated=5

[Episode 1600/8000 | last 100]
success rate                : 0.0% (cumulative 0.0%)
failure rate                : 0.0% (cumulative 0.0%)
completed cycles / episode  : 0.000
synthetic task reward       : 0.000
shaping reward              : -140.149
learning reward             : -140.149
episode length              : 159.4
abstract changes / episode  : 6.2
DFA transitions / episode   : 0.00
DFA transitions in window   : none
epsilon (next episode)       : 0.52722
replay buffer                : 185975 samples [1: 99.4%, 2: 0.6%, 3: 0.0%, 4: 0.0%]
DFA state visits in window   : 1: 16043, 2: 0, 3: 0, 4: 0
DFA state visits cumulative  : 1: 186471, 2: 1104, 3: 0, 4: 0
DFA state entries in window  : 1: 100, 2: 0, 3: 0, 4: 0
DFA state entries cumulative : 1: 1600, 2: 45, 3: 0, 4: 0
transitions cumulative       : 1->2: 45
accepted directly from s0    : 0
Gym endings cumulative       : terminated=1592, truncated=8

[Episode 1700/8000 | last 100]
success rate                : 0.0% (cumulative 0.0%)
failure rate                : 0.0% (cumulative 0.0%)
completed cycles / episode  : 0.000
synthetic task reward       : 0.000
shaping reward              : -139.292
learning reward             : -139.292
episode length              : 131.0
abstract changes / episode  : 6.2
DFA transitions / episode   : 0.00
DFA transitions in window   : none
epsilon (next episode)       : 0.50655
replay buffer                : 199078 samples [1: 99.5%, 2: 0.5%, 3: 0.0%, 4: 0.0%]
DFA state visits in window   : 1: 13203, 2: 0, 3: 0, 4: 0
DFA state visits cumulative  : 1: 199674, 2: 1104, 3: 0, 4: 0
DFA state entries in window  : 1: 100, 2: 0, 3: 0, 4: 0
DFA state entries cumulative : 1: 1700, 2: 45, 3: 0, 4: 0
transitions cumulative       : 1->2: 45
accepted directly from s0    : 0
Gym endings cumulative       : terminated=1692, truncated=8

[Episode 1800/8000 | last 100]
success rate                : 0.0% (cumulative 0.0%)
failure rate                : 0.0% (cumulative 0.0%)
completed cycles / episode  : 0.000
synthetic task reward       : 0.000
shaping reward              : -140.271
learning reward             : -140.271
episode length              : 156.1
abstract changes / episode  : 6.3
DFA transitions / episode   : 0.00
DFA transitions in window   : none
epsilon (next episode)       : 0.48668
replay buffer                : 214691 samples [1: 99.5%, 2: 0.5%, 3: 0.0%, 4: 0.0%]
DFA state visits in window   : 1: 15713, 2: 0, 3: 0, 4: 0
DFA state visits cumulative  : 1: 215387, 2: 1104, 3: 0, 4: 0
DFA state entries in window  : 1: 100, 2: 0, 3: 0, 4: 0
DFA state entries cumulative : 1: 1800, 2: 45, 3: 0, 4: 0
transitions cumulative       : 1->2: 45
accepted directly from s0    : 0
Gym endings cumulative       : terminated=1789, truncated=11

[Episode 1900/8000 | last 100]
success rate                : 0.0% (cumulative 0.0%)
failure rate                : 0.0% (cumulative 0.0%)
completed cycles / episode  : 0.000
synthetic task reward       : 0.000
shaping reward              : -147.719
learning reward             : -147.719
episode length              : 224.7
abstract changes / episode  : 6.9
DFA transitions / episode   : 0.00
DFA transitions in window   : none
epsilon (next episode)       : 0.46760
replay buffer                : 237159 samples [1: 99.6%, 2: 0.4%, 3: 0.0%, 4: 0.0%]
DFA state visits in window   : 1: 22568, 2: 0, 3: 0, 4: 0
DFA state visits cumulative  : 1: 237955, 2: 1104, 3: 0, 4: 0
DFA state entries in window  : 1: 100, 2: 0, 3: 0, 4: 0
DFA state entries cumulative : 1: 1900, 2: 45, 3: 0, 4: 0
transitions cumulative       : 1->2: 45
accepted directly from s0    : 0
Gym endings cumulative       : terminated=1883, truncated=17

[Episode 2000/8000 | last 100]
success rate                : 0.0% (cumulative 0.0%)
failure rate                : 0.0% (cumulative 0.0%)
completed cycles / episode  : 0.000
synthetic task reward       : 0.000
shaping reward              : -127.466
learning reward             : -127.466
episode length              : 259.1
abstract changes / episode  : 8.1
DFA transitions / episode   : 0.08
DFA transitions in window   : 1->2: 7, 2->3: 1
epsilon (next episode)       : 0.44926
replay buffer                : 263072 samples [1: 99.4%, 2: 0.6%, 3: 0.0%, 4: 0.0%]
DFA state visits in window   : 1: 25465, 2: 529, 3: 19, 4: 0
DFA state visits cumulative  : 1: 263420, 2: 1633, 3: 19, 4: 0
DFA state entries in window  : 1: 100, 2: 7, 3: 1, 4: 0
DFA state entries cumulative : 1: 2000, 2: 52, 3: 1, 4: 0
transitions cumulative       : 1->2: 52, 2->3: 1
accepted directly from s0    : 0
Gym endings cumulative       : terminated=1980, truncated=20

Starting autonomous greedy evaluation at episode 2000 (1000 fixed-seed episodes)...
[Greedy evaluation at episode 2000 | 1000 fixed-seed episodes]
success=0.0%, failure=0.0%, task reward=0.000, length=913.5
DFA transitions: 1->2: 8, 2->3: 3

[Episode 2100/8000 | last 100]
success rate                : 0.0% (cumulative 0.0%)
failure rate                : 0.0% (cumulative 0.0%)
completed cycles / episode  : 0.000
synthetic task reward       : 0.000
shaping reward              : -119.359
learning reward             : -119.359
episode length              : 264.1
abstract changes / episode  : 8.6
DFA transitions / episode   : 0.06
DFA transitions in window   : 1->2: 5, 2->3: 1
epsilon (next episode)       : 0.43164
replay buffer                : 289481 samples [1: 99.2%, 2: 0.8%, 3: 0.0%, 4: 0.0%]
DFA state visits in window   : 1: 25691, 2: 800, 3: 18, 4: 0
DFA state visits cumulative  : 1: 289111, 2: 2433, 3: 37, 4: 0
DFA state entries in window  : 1: 100, 2: 5, 3: 1, 4: 0
DFA state entries cumulative : 1: 2100, 2: 57, 3: 2, 4: 0
transitions cumulative       : 1->2: 57, 2->3: 2
accepted directly from s0    : 0
Gym endings cumulative       : terminated=2076, truncated=24

[Episode 2200/8000 | last 100]
success rate                : 0.0% (cumulative 0.0%)
failure rate                : 0.0% (cumulative 0.0%)
completed cycles / episode  : 0.000
synthetic task reward       : 0.000
shaping reward              : -61.459
learning reward             : -61.459
episode length              : 338.6
abstract changes / episode  : 10.3
DFA transitions / episode   : 0.19
DFA transitions in window   : 1->2: 15, 2->3: 4
epsilon (next episode)       : 0.41471
replay buffer                : 300000 samples [1: 98.5%, 2: 1.4%, 3: 0.1%, 4: 0.0%]
DFA state visits in window   : 1: 31721, 2: 2043, 3: 197, 4: 0
DFA state visits cumulative  : 1: 320832, 2: 4476, 3: 234, 4: 0
DFA state entries in window  : 1: 100, 2: 15, 3: 4, 4: 0
DFA state entries cumulative : 1: 2200, 2: 72, 3: 6, 4: 0
transitions cumulative       : 1->2: 72, 2->3: 6
accepted directly from s0    : 0
Gym endings cumulative       : terminated=2171, truncated=29

[Episode 2300/8000 | last 100]
success rate                : 0.0% (cumulative 0.0%)
failure rate                : 0.0% (cumulative 0.0%)
completed cycles / episode  : 0.000
synthetic task reward       : 0.000
shaping reward              : -58.793
learning reward             : -58.793
episode length              : 335.2
abstract changes / episode  : 10.6
DFA transitions / episode   : 0.21
DFA transitions in window   : 1->2: 17, 2->3: 4
epsilon (next episode)       : 0.39845
replay buffer                : 300000 samples [1: 97.6%, 2: 2.0%, 3: 0.3%, 4: 0.0%]
DFA state visits in window   : 1: 30814, 2: 2082, 3: 722, 4: 0
DFA state visits cumulative  : 1: 351646, 2: 6558, 3: 956, 4: 0
DFA state entries in window  : 1: 100, 2: 17, 3: 4, 4: 0
DFA state entries cumulative : 1: 2300, 2: 89, 3: 10, 4: 0
transitions cumulative       : 1->2: 89, 2->3: 10
accepted directly from s0    : 0
Gym endings cumulative       : terminated=2263, truncated=37

[Episode 2400/8000 | last 100]
success rate                : 0.0% (cumulative 0.0%)
failure rate                : 0.0% (cumulative 0.0%)
completed cycles / episode  : 0.000
synthetic task reward       : 0.000
shaping reward              : -52.680
learning reward             : -52.680
episode length              : 242.4
abstract changes / episode  : 8.6
DFA transitions / episode   : 0.17
DFA transitions in window   : 1->2: 13, 2->3: 4
epsilon (next episode)       : 0.38282
replay buffer                : 300000 samples [1: 97.3%, 2: 2.4%, 3: 0.3%, 4: 0.0%]
DFA state visits in window   : 1: 22917, 2: 1327, 3: 97, 4: 0
DFA state visits cumulative  : 1: 374563, 2: 7885, 3: 1053, 4: 0
DFA state entries in window  : 1: 100, 2: 13, 3: 4, 4: 0
DFA state entries cumulative : 1: 2400, 2: 102, 3: 14, 4: 0
transitions cumulative       : 1->2: 102, 2->3: 14
accepted directly from s0    : 0
Gym endings cumulative       : terminated=2361, truncated=39

[Episode 2500/8000 | last 100]
success rate                : 0.0% (cumulative 0.0%)
failure rate                : 0.0% (cumulative 0.0%)
completed cycles / episode  : 0.000
synthetic task reward       : 0.000
shaping reward              : -19.736
learning reward             : -19.736
episode length              : 200.7
abstract changes / episode  : 7.9
DFA transitions / episode   : 0.24
DFA transitions in window   : 1->2: 20, 2->3: 4
epsilon (next episode)       : 0.36781
replay buffer                : 300000 samples [1: 96.4%, 2: 3.1%, 3: 0.5%, 4: 0.0%]
DFA state visits in window   : 1: 17324, 2: 2386, 3: 458, 4: 0
DFA state visits cumulative  : 1: 391887, 2: 10271, 3: 1511, 4: 0
DFA state entries in window  : 1: 100, 2: 20, 3: 4, 4: 0
DFA state entries cumulative : 1: 2500, 2: 122, 3: 18, 4: 0
transitions cumulative       : 1->2: 122, 2->3: 18
accepted directly from s0    : 0
Gym endings cumulative       : terminated=2461, truncated=39

[Episode 2600/8000 | last 100]
success rate                : 0.0% (cumulative 0.0%)
failure rate                : 0.0% (cumulative 0.0%)
completed cycles / episode  : 0.000
synthetic task reward       : 0.000
shaping reward              : 10.539
learning reward             : 10.539
episode length              : 249.2
abstract changes / episode  : 9.2
DFA transitions / episode   : 0.24
DFA transitions in window   : 1->2: 22, 2->3: 2
epsilon (next episode)       : 0.35338
replay buffer                : 300000 samples [1: 95.5%, 2: 3.8%, 3: 0.6%, 4: 0.0%]
DFA state visits in window   : 1: 22250, 2: 2337, 3: 428, 4: 0
DFA state visits cumulative  : 1: 414137, 2: 12608, 3: 1939, 4: 0
DFA state entries in window  : 1: 100, 2: 22, 3: 2, 4: 0
DFA state entries cumulative : 1: 2600, 2: 144, 3: 20, 4: 0
transitions cumulative       : 1->2: 144, 2->3: 20
accepted directly from s0    : 0
Gym endings cumulative       : terminated=2561, truncated=39

[Episode 2700/8000 | last 100]
success rate                : 0.0% (cumulative 0.0%)
failure rate                : 0.0% (cumulative 0.0%)
completed cycles / episode  : 0.000
synthetic task reward       : 0.000
shaping reward              : 17.090
learning reward             : 17.090
episode length              : 264.5
abstract changes / episode  : 8.8
DFA transitions / episode   : 0.22
DFA transitions in window   : 1->2: 19, 2->3: 3
epsilon (next episode)       : 0.33952
replay buffer                : 300000 samples [1: 94.6%, 2: 4.7%, 3: 0.7%, 4: 0.0%]
DFA state visits in window   : 1: 23713, 2: 2780, 3: 55, 4: 0
DFA state visits cumulative  : 1: 437850, 2: 15388, 3: 1994, 4: 0
DFA state entries in window  : 1: 100, 2: 19, 3: 3, 4: 0
DFA state entries cumulative : 1: 2700, 2: 163, 3: 23, 4: 0
transitions cumulative       : 1->2: 163, 2->3: 23
accepted directly from s0    : 0
Gym endings cumulative       : terminated=2659, truncated=41

[Episode 2800/8000 | last 100]
success rate                : 0.0% (cumulative 0.0%)
failure rate                : 0.0% (cumulative 0.0%)
completed cycles / episode  : 0.000
synthetic task reward       : 0.000
shaping reward              : 26.905
learning reward             : 26.905
episode length              : 345.4
abstract changes / episode  : 11.9
DFA transitions / episode   : 0.32
DFA transitions in window   : 1->2: 26, 2->3: 6
epsilon (next episode)       : 0.32621
replay buffer                : 300000 samples [1: 92.0%, 2: 7.3%, 3: 0.7%, 4: 0.0%]
DFA state visits in window   : 1: 26772, 2: 7749, 3: 117, 4: 0
DFA state visits cumulative  : 1: 464622, 2: 23137, 3: 2111, 4: 0
DFA state entries in window  : 1: 100, 2: 26, 3: 6, 4: 0
DFA state entries cumulative : 1: 2800, 2: 189, 3: 29, 4: 0
transitions cumulative       : 1->2: 189, 2->3: 29
accepted directly from s0    : 0
Gym endings cumulative       : terminated=2751, truncated=49

[Episode 2900/8000 | last 100]
success rate                : 0.0% (cumulative 0.0%)
failure rate                : 0.0% (cumulative 0.0%)
completed cycles / episode  : 0.000
synthetic task reward       : 0.000
shaping reward              : -4.204
learning reward             : -4.204
episode length              : 319.8
abstract changes / episode  : 11.9
DFA transitions / episode   : 0.29
DFA transitions in window   : 1->2: 28, 2->3: 1
epsilon (next episode)       : 0.31341
replay buffer                : 300000 samples [1: 90.5%, 2: 8.8%, 3: 0.7%, 4: 0.0%]
DFA state visits in window   : 1: 27701, 2: 4374, 3: 9, 4: 0
DFA state visits cumulative  : 1: 492323, 2: 27511, 3: 2120, 4: 0
DFA state entries in window  : 1: 100, 2: 28, 3: 1, 4: 0
DFA state entries cumulative : 1: 2900, 2: 217, 3: 30, 4: 0
transitions cumulative       : 1->2: 217, 2->3: 30
accepted directly from s0    : 0
Gym endings cumulative       : terminated=2848, truncated=52

[Episode 3000/8000 | last 100]
success rate                : 0.0% (cumulative 0.0%)
failure rate                : 0.0% (cumulative 0.0%)
completed cycles / episode  : 0.000
synthetic task reward       : 0.000
shaping reward              : 45.222
learning reward             : 45.222
episode length              : 369.1
abstract changes / episode  : 13.2
DFA transitions / episode   : 0.46
DFA transitions in window   : 1->2: 38, 2->3: 8
epsilon (next episode)       : 0.30112
replay buffer                : 300000 samples [1: 88.5%, 2: 10.4%, 3: 1.1%, 4: 0.0%]
DFA state visits in window   : 1: 30458, 2: 5401, 3: 1149, 4: 0
DFA state visits cumulative  : 1: 522781, 2: 32912, 3: 3269, 4: 0
DFA state entries in window  : 1: 100, 2: 38, 3: 8, 4: 0
DFA state entries cumulative : 1: 3000, 2: 255, 3: 38, 4: 0
transitions cumulative       : 1->2: 255, 2->3: 38
accepted directly from s0    : 0
Gym endings cumulative       : terminated=2945, truncated=55

Starting autonomous greedy evaluation at episode 3000 (1000 fixed-seed episodes)...
[Greedy evaluation at episode 3000 | 1000 fixed-seed episodes]
success=0.1%, failure=0.0%, task reward=10.000, length=520.0
DFA transitions: 1->2: 930, 2->3: 256, 3->4: 1
Best policy updated from autonomous greedy evaluation at episode 3000.

[Episode 3100/8000 | last 100]
success rate                : 0.0% (cumulative 0.0%)
failure rate                : 0.0% (cumulative 0.0%)
completed cycles / episode  : 0.000
synthetic task reward       : 0.000
shaping reward              : 108.033
learning reward             : 108.033
episode length              : 413.4
abstract changes / episode  : 15.3
DFA transitions / episode   : 0.61
DFA transitions in window   : 1->2: 49, 2->3: 12
epsilon (next episode)       : 0.28931
replay buffer                : 300000 samples [1: 86.1%, 2: 12.6%, 3: 1.3%, 4: 0.0%]
DFA state visits in window   : 1: 33058, 2: 7571, 3: 808, 4: 0
DFA state visits cumulative  : 1: 555839, 2: 40483, 3: 4077, 4: 0
DFA state entries in window  : 1: 100, 2: 49, 3: 12, 4: 0
DFA state entries cumulative : 1: 3100, 2: 304, 3: 50, 4: 0
transitions cumulative       : 1->2: 304, 2->3: 50
accepted directly from s0    : 0
Gym endings cumulative       : terminated=3039, truncated=61

[Episode 3200/8000 | last 100]
success rate                : 0.0% (cumulative 0.0%)
failure rate                : 0.0% (cumulative 0.0%)
completed cycles / episode  : 0.000
synthetic task reward       : 0.000
shaping reward              : 111.906
learning reward             : 111.906
episode length              : 333.4
abstract changes / episode  : 12.8
DFA transitions / episode   : 0.62
DFA transitions in window   : 1->2: 52, 2->3: 10
epsilon (next episode)       : 0.27797
replay buffer                : 300000 samples [1: 84.5%, 2: 14.0%, 3: 1.6%, 4: 0.0%]
DFA state visits in window   : 1: 25841, 2: 6627, 3: 974, 4: 0
DFA state visits cumulative  : 1: 581680, 2: 47110, 3: 5051, 4: 0
DFA state entries in window  : 1: 100, 2: 52, 3: 10, 4: 0
DFA state entries cumulative : 1: 3200, 2: 356, 3: 60, 4: 0
transitions cumulative       : 1->2: 356, 2->3: 60
accepted directly from s0    : 0
Gym endings cumulative       : terminated=3137, truncated=63

[Episode 3300/8000 | last 100]
success rate                : 0.0% (cumulative 0.0%)
failure rate                : 0.0% (cumulative 0.0%)
completed cycles / episode  : 0.000
synthetic task reward       : 0.000
shaping reward              : 179.709
learning reward             : 179.709
episode length              : 366.9
abstract changes / episode  : 14.3
DFA transitions / episode   : 0.82
DFA transitions in window   : 1->2: 66, 2->3: 16
epsilon (next episode)       : 0.26706
replay buffer                : 300000 samples [1: 82.8%, 2: 15.7%, 3: 1.5%, 4: 0.0%]
DFA state visits in window   : 1: 29094, 2: 7280, 3: 420, 4: 0
DFA state visits cumulative  : 1: 610774, 2: 54390, 3: 5471, 4: 0
DFA state entries in window  : 1: 100, 2: 66, 3: 16, 4: 0
DFA state entries cumulative : 1: 3300, 2: 422, 3: 76, 4: 0
transitions cumulative       : 1->2: 422, 2->3: 76
accepted directly from s0    : 0
Gym endings cumulative       : terminated=3235, truncated=65

[Episode 3400/8000 | last 100]
success rate                : 0.0% (cumulative 0.0%)
failure rate                : 0.0% (cumulative 0.0%)
completed cycles / episode  : 0.000
synthetic task reward       : 0.000
shaping reward              : 206.350
learning reward             : 206.350
episode length              : 353.5
abstract changes / episode  : 14.2
DFA transitions / episode   : 0.99
DFA transitions in window   : 1->2: 76, 2->3: 23
epsilon (next episode)       : 0.25659
replay buffer                : 300000 samples [1: 80.8%, 2: 17.7%, 3: 1.5%, 4: 0.0%]
DFA state visits in window   : 1: 25194, 2: 9509, 3: 749, 4: 0
DFA state visits cumulative  : 1: 635968, 2: 63899, 3: 6220, 4: 0
DFA state entries in window  : 1: 100, 2: 76, 3: 23, 4: 0
DFA state entries cumulative : 1: 3400, 2: 498, 3: 99, 4: 0
transitions cumulative       : 1->2: 498, 2->3: 99
accepted directly from s0    : 0
Gym endings cumulative       : terminated=3333, truncated=67

[Episode 3500/8000 | last 100]
success rate                : 0.0% (cumulative 0.0%)
failure rate                : 0.0% (cumulative 0.0%)
completed cycles / episode  : 0.000
synthetic task reward       : 0.000
shaping reward              : 252.203
learning reward             : 252.203
episode length              : 351.7
abstract changes / episode  : 14.3
DFA transitions / episode   : 1.11
DFA transitions in window   : 1->2: 84, 2->3: 27
epsilon (next episode)       : 0.24653
replay buffer                : 300000 samples [1: 77.4%, 2: 20.9%, 3: 1.6%, 4: 0.0%]
DFA state visits in window   : 1: 21837, 2: 12672, 3: 761, 4: 0
DFA state visits cumulative  : 1: 657805, 2: 76571, 3: 6981, 4: 0
DFA state entries in window  : 1: 100, 2: 84, 3: 27, 4: 0
DFA state entries cumulative : 1: 3500, 2: 582, 3: 126, 4: 0
transitions cumulative       : 1->2: 582, 2->3: 126
accepted directly from s0    : 0
Gym endings cumulative       : terminated=3430, truncated=70

[Episode 3600/8000 | last 100]
success rate                : 0.0% (cumulative 0.0%)
failure rate                : 0.0% (cumulative 0.0%)
completed cycles / episode  : 0.000
synthetic task reward       : 0.000
shaping reward              : 270.457
learning reward             : 270.457
episode length              : 346.5
abstract changes / episode  : 15.1
DFA transitions / episode   : 1.11
DFA transitions in window   : 1->2: 85, 2->3: 26
epsilon (next episode)       : 0.23686
replay buffer                : 300000 samples [1: 75.2%, 2: 22.7%, 3: 2.1%, 4: 0.0%]
DFA state visits in window   : 1: 22993, 2: 10374, 3: 1381, 4: 0
DFA state visits cumulative  : 1: 680798, 2: 86945, 3: 8362, 4: 0
DFA state entries in window  : 1: 100, 2: 85, 3: 26, 4: 0
DFA state entries cumulative : 1: 3600, 2: 667, 3: 152, 4: 0
transitions cumulative       : 1->2: 667, 2->3: 152
accepted directly from s0    : 0
Gym endings cumulative       : terminated=3530, truncated=70

[Episode 3700/8000 | last 100]
success rate                : 1.0% (cumulative 0.0%)
failure rate                : 0.0% (cumulative 0.0%)
completed cycles / episode  : 0.000
synthetic task reward       : 100.000
shaping reward              : 258.823
learning reward             : 358.823
episode length              : 351.5
abstract changes / episode  : 15.7
DFA transitions / episode   : 1.10
DFA transitions in window   : 1->2: 84, 2->3: 25, 3->4: 1
epsilon (next episode)       : 0.22757
replay buffer                : 300000 samples [1: 74.2%, 2: 23.5%, 3: 2.3%, 4: 0.0%]
DFA state visits in window   : 1: 24177, 2: 10200, 3: 871, 4: 1
DFA state visits cumulative  : 1: 704975, 2: 97145, 3: 9233, 4: 1
DFA state entries in window  : 1: 100, 2: 84, 3: 25, 4: 1
DFA state entries cumulative : 1: 3700, 2: 751, 3: 177, 4: 1
transitions cumulative       : 1->2: 751, 2->3: 177, 3->4: 1
accepted directly from s0    : 0
Gym endings cumulative       : terminated=3629, truncated=70

[Episode 3800/8000 | last 100]
success rate                : 0.0% (cumulative 0.0%)
failure rate                : 0.0% (cumulative 0.0%)
completed cycles / episode  : 0.000
synthetic task reward       : 0.000
shaping reward              : 230.020
learning reward             : 230.020
episode length              : 291.0
abstract changes / episode  : 13.1
DFA transitions / episode   : 1.00
DFA transitions in window   : 1->2: 78, 2->3: 22
epsilon (next episode)       : 0.21865
replay buffer                : 300000 samples [1: 73.3%, 2: 24.4%, 3: 2.3%, 4: 0.0%]
DFA state visits in window   : 1: 22077, 2: 6944, 3: 182, 4: 0
DFA state visits cumulative  : 1: 727052, 2: 104089, 3: 9415, 4: 1
DFA state entries in window  : 1: 100, 2: 78, 3: 22, 4: 0
DFA state entries cumulative : 1: 3800, 2: 829, 3: 199, 4: 1
transitions cumulative       : 1->2: 829, 2->3: 199, 3->4: 1
accepted directly from s0    : 0
Gym endings cumulative       : terminated=3728, truncated=72

[Episode 3900/8000 | last 100]
success rate                : 0.0% (cumulative 0.0%)
failure rate                : 0.0% (cumulative 0.0%)
completed cycles / episode  : 0.000
synthetic task reward       : 0.000
shaping reward              : 227.338
learning reward             : 227.338
episode length              : 282.9
abstract changes / episode  : 13.9
DFA transitions / episode   : 1.01
DFA transitions in window   : 1->2: 81, 2->3: 20
epsilon (next episode)       : 0.21007
replay buffer                : 300000 samples [1: 72.2%, 2: 25.7%, 3: 2.0%, 4: 0.0%]
DFA state visits in window   : 1: 20728, 2: 7510, 3: 152, 4: 0
DFA state visits cumulative  : 1: 747780, 2: 111599, 3: 9567, 4: 1
DFA state entries in window  : 1: 100, 2: 81, 3: 20, 4: 0
DFA state entries cumulative : 1: 3900, 2: 910, 3: 219, 4: 1
transitions cumulative       : 1->2: 910, 2->3: 219, 3->4: 1
accepted directly from s0    : 0
Gym endings cumulative       : terminated=3828, truncated=72

[Episode 4000/8000 | last 100]
success rate                : 0.0% (cumulative 0.0%)
failure rate                : 0.0% (cumulative 0.0%)
completed cycles / episode  : 0.000
synthetic task reward       : 0.000
shaping reward              : 262.702
learning reward             : 262.702
episode length              : 324.3
abstract changes / episode  : 14.6
DFA transitions / episode   : 1.08
DFA transitions in window   : 1->2: 88, 2->3: 20
epsilon (next episode)       : 0.20183
replay buffer                : 300000 samples [1: 71.2%, 2: 26.8%, 3: 2.0%, 4: 0.0%]
DFA state visits in window   : 1: 22014, 2: 9929, 3: 583, 4: 0
DFA state visits cumulative  : 1: 769794, 2: 121528, 3: 10150, 4: 1
DFA state entries in window  : 1: 100, 2: 88, 3: 20, 4: 0
DFA state entries cumulative : 1: 4000, 2: 998, 3: 239, 4: 1
transitions cumulative       : 1->2: 998, 2->3: 239, 3->4: 1
accepted directly from s0    : 0
Gym endings cumulative       : terminated=3928, truncated=72

Starting autonomous greedy evaluation at episode 4000 (1000 fixed-seed episodes)...
[Greedy evaluation at episode 4000 | 1000 fixed-seed episodes]
success=0.0%, failure=0.0%, task reward=0.000, length=298.1
DFA transitions: 1->2: 861, 2->3: 60

[Episode 4100/8000 | last 100]
success rate                : 0.0% (cumulative 0.0%)
failure rate                : 0.0% (cumulative 0.0%)
completed cycles / episode  : 0.000
synthetic task reward       : 0.000
shaping reward              : 105.785
learning reward             : 105.785
episode length              : 257.9
abstract changes / episode  : 11.8
DFA transitions / episode   : 0.67
DFA transitions in window   : 1->2: 59, 2->3: 8
epsilon (next episode)       : 0.19392
replay buffer                : 300000 samples [1: 70.5%, 2: 27.7%, 3: 1.8%, 4: 0.0%]
DFA state visits in window   : 1: 17395, 2: 7895, 3: 598, 4: 0
DFA state visits cumulative  : 1: 787189, 2: 129423, 3: 10748, 4: 1
DFA state entries in window  : 1: 100, 2: 59, 3: 8, 4: 0
DFA state entries cumulative : 1: 4100, 2: 1057, 3: 247, 4: 1
transitions cumulative       : 1->2: 1057, 2->3: 247, 3->4: 1
accepted directly from s0    : 0
Gym endings cumulative       : terminated=4027, truncated=73

[Episode 4200/8000 | last 100]
success rate                : 0.0% (cumulative 0.0%)
failure rate                : 0.0% (cumulative 0.0%)
completed cycles / episode  : 0.000
synthetic task reward       : 0.000
shaping reward              : 139.610
learning reward             : 139.610
episode length              : 309.9
abstract changes / episode  : 12.8
DFA transitions / episode   : 0.78
DFA transitions in window   : 1->2: 66, 2->3: 12
epsilon (next episode)       : 0.18631
replay buffer                : 300000 samples [1: 68.0%, 2: 29.9%, 3: 2.1%, 4: 0.0%]
DFA state visits in window   : 1: 17581, 2: 12369, 3: 1137, 4: 0
DFA state visits cumulative  : 1: 804770, 2: 141792, 3: 11885, 4: 1
DFA state entries in window  : 1: 100, 2: 66, 3: 12, 4: 0
DFA state entries cumulative : 1: 4200, 2: 1123, 3: 259, 4: 1
transitions cumulative       : 1->2: 1123, 2->3: 259, 3->4: 1
accepted directly from s0    : 0
Gym endings cumulative       : terminated=4127, truncated=73

[Episode 4300/8000 | last 100]
success rate                : 2.0% (cumulative 0.1%)
failure rate                : 0.0% (cumulative 0.0%)
completed cycles / episode  : 0.000
synthetic task reward       : 200.000
shaping reward              : 155.404
learning reward             : 355.404
episode length              : 318.1
abstract changes / episode  : 12.2
DFA transitions / episode   : 0.91
DFA transitions in window   : 1->2: 68, 2->3: 21, 3->4: 2
epsilon (next episode)       : 0.17900
replay buffer                : 300000 samples [1: 66.4%, 2: 31.0%, 3: 2.6%, 4: 0.0%]
DFA state visits in window   : 1: 19183, 2: 11032, 3: 1693, 4: 2
DFA state visits cumulative  : 1: 823953, 2: 152824, 3: 13578, 4: 3
DFA state entries in window  : 1: 100, 2: 68, 3: 21, 4: 2
DFA state entries cumulative : 1: 4300, 2: 1191, 3: 280, 4: 3
transitions cumulative       : 1->2: 1191, 2->3: 280, 3->4: 3
accepted directly from s0    : 0
Gym endings cumulative       : terminated=4221, truncated=77

[Episode 4400/8000 | last 100]
success rate                : 0.0% (cumulative 0.1%)
failure rate                : 0.0% (cumulative 0.0%)
completed cycles / episode  : 0.000
synthetic task reward       : 0.000
shaping reward              : 27.340
learning reward             : 27.340
episode length              : 198.1
abstract changes / episode  : 9.2
DFA transitions / episode   : 0.50
DFA transitions in window   : 1->2: 42, 2->3: 8
epsilon (next episode)       : 0.17198
replay buffer                : 300000 samples [1: 66.6%, 2: 30.9%, 3: 2.4%, 4: 0.0%]
DFA state visits in window   : 1: 14336, 2: 5196, 3: 379, 4: 0
DFA state visits cumulative  : 1: 838289, 2: 158020, 3: 13957, 4: 3
DFA state entries in window  : 1: 100, 2: 42, 3: 8, 4: 0
DFA state entries cumulative : 1: 4400, 2: 1233, 3: 288, 4: 3
transitions cumulative       : 1->2: 1233, 2->3: 288, 3->4: 3
accepted directly from s0    : 0
Gym endings cumulative       : terminated=4321, truncated=77

[Episode 4500/8000 | last 100]
success rate                : 0.0% (cumulative 0.1%)
failure rate                : 0.0% (cumulative 0.0%)
completed cycles / episode  : 0.000
synthetic task reward       : 0.000
shaping reward              : 7.853
learning reward             : 7.853
episode length              : 277.1
abstract changes / episode  : 10.2
DFA transitions / episode   : 0.43
DFA transitions in window   : 1->2: 37, 2->3: 6
epsilon (next episode)       : 0.16524
replay buffer                : 300000 samples [1: 68.4%, 2: 29.0%, 3: 2.6%, 4: 0.0%]
DFA state visits in window   : 1: 22200, 2: 4680, 3: 928, 4: 0
DFA state visits cumulative  : 1: 860489, 2: 162700, 3: 14885, 4: 3
DFA state entries in window  : 1: 100, 2: 37, 3: 6, 4: 0
DFA state entries cumulative : 1: 4500, 2: 1270, 3: 294, 4: 3
transitions cumulative       : 1->2: 1270, 2->3: 294, 3->4: 3
accepted directly from s0    : 0
Gym endings cumulative       : terminated=4420, truncated=78

[Episode 4600/8000 | last 100]
success rate                : 0.0% (cumulative 0.1%)
failure rate                : 0.0% (cumulative 0.0%)
completed cycles / episode  : 0.000
synthetic task reward       : 0.000
shaping reward              : -11.256
learning reward             : -11.256
episode length              : 313.7
abstract changes / episode  : 9.7
DFA transitions / episode   : 0.33
DFA transitions in window   : 1->2: 28, 2->3: 5
epsilon (next episode)       : 0.15876
replay buffer                : 300000 samples [1: 70.9%, 2: 26.8%, 3: 2.3%, 4: 0.0%]
DFA state visits in window   : 1: 28126, 2: 3064, 3: 281, 4: 0
DFA state visits cumulative  : 1: 888615, 2: 165764, 3: 15166, 4: 3
DFA state entries in window  : 1: 100, 2: 28, 3: 5, 4: 0
DFA state entries cumulative : 1: 4600, 2: 1298, 3: 299, 4: 3
transitions cumulative       : 1->2: 1298, 2->3: 299, 3->4: 3
accepted directly from s0    : 0
Gym endings cumulative       : terminated=4520, truncated=78

[Episode 4700/8000 | last 100]
success rate                : 0.0% (cumulative 0.1%)
failure rate                : 0.0% (cumulative 0.0%)
completed cycles / episode  : 0.000
synthetic task reward       : 0.000
shaping reward              : 3.353
learning reward             : 3.353
episode length              : 371.8
abstract changes / episode  : 11.8
DFA transitions / episode   : 0.37
DFA transitions in window   : 1->2: 30, 2->3: 7
epsilon (next episode)       : 0.15253
replay buffer                : 300000 samples [1: 72.6%, 2: 25.2%, 3: 2.2%, 4: 0.0%]
DFA state visits in window   : 1: 30756, 2: 5779, 3: 741, 4: 0
DFA state visits cumulative  : 1: 919371, 2: 171543, 3: 15907, 4: 3
DFA state entries in window  : 1: 100, 2: 30, 3: 7, 4: 0
DFA state entries cumulative : 1: 4700, 2: 1328, 3: 306, 4: 3
transitions cumulative       : 1->2: 1328, 2->3: 306, 3->4: 3
accepted directly from s0    : 0
Gym endings cumulative       : terminated=4618, truncated=80

[Episode 4800/8000 | last 100]
success rate                : 0.0% (cumulative 0.1%)
failure rate                : 0.0% (cumulative 0.0%)
completed cycles / episode  : 0.000
synthetic task reward       : 0.000
shaping reward              : 197.813
learning reward             : 197.813
episode length              : 407.3
abstract changes / episode  : 13.8
DFA transitions / episode   : 0.92
DFA transitions in window   : 1->2: 82, 2->3: 10
epsilon (next episode)       : 0.14655
replay buffer                : 300000 samples [1: 70.9%, 2: 26.7%, 3: 2.4%, 4: 0.0%]
DFA state visits in window   : 1: 25098, 2: 14784, 3: 949, 4: 0
DFA state visits cumulative  : 1: 944469, 2: 186327, 3: 16856, 4: 3
DFA state entries in window  : 1: 100, 2: 82, 3: 10, 4: 0
DFA state entries cumulative : 1: 4800, 2: 1410, 3: 316, 4: 3
transitions cumulative       : 1->2: 1410, 2->3: 316, 3->4: 3
accepted directly from s0    : 0
Gym endings cumulative       : terminated=4714, truncated=84

[Episode 4900/8000 | last 100]
success rate                : 0.0% (cumulative 0.1%)
failure rate                : 0.0% (cumulative 0.0%)
completed cycles / episode  : 0.000
synthetic task reward       : 0.000
shaping reward              : 111.580
learning reward             : 111.580
episode length              : 341.0
abstract changes / episode  : 11.6
DFA transitions / episode   : 0.66
DFA transitions in window   : 1->2: 55, 2->3: 11
epsilon (next episode)       : 0.14080
replay buffer                : 300000 samples [1: 71.2%, 2: 26.2%, 3: 2.7%, 4: 0.0%]
DFA state visits in window   : 1: 25360, 2: 7895, 3: 942, 4: 0
DFA state visits cumulative  : 1: 969829, 2: 194222, 3: 17798, 4: 3
DFA state entries in window  : 1: 100, 2: 55, 3: 11, 4: 0
DFA state entries cumulative : 1: 4900, 2: 1465, 3: 327, 4: 3
transitions cumulative       : 1->2: 1465, 2->3: 327, 3->4: 3
accepted directly from s0    : 0
Gym endings cumulative       : terminated=4809, truncated=89

[Episode 5000/8000 | last 100]
success rate                : 0.0% (cumulative 0.1%)
failure rate                : 0.0% (cumulative 0.0%)
completed cycles / episode  : 0.000
synthetic task reward       : 0.000
shaping reward              : 151.013
learning reward             : 151.013
episode length              : 274.6
abstract changes / episode  : 11.6
DFA transitions / episode   : 0.75
DFA transitions in window   : 1->2: 61, 2->3: 14
epsilon (next episode)       : 0.13528
replay buffer                : 300000 samples [1: 71.6%, 2: 25.8%, 3: 2.6%, 4: 0.0%]
DFA state visits in window   : 1: 19842, 2: 7138, 3: 585, 4: 0
DFA state visits cumulative  : 1: 989671, 2: 201360, 3: 18383, 4: 3
DFA state entries in window  : 1: 100, 2: 61, 3: 14, 4: 0
DFA state entries cumulative : 1: 5000, 2: 1526, 3: 341, 4: 3
transitions cumulative       : 1->2: 1526, 2->3: 341, 3->4: 3
accepted directly from s0    : 0
Gym endings cumulative       : terminated=4909, truncated=89

Starting autonomous greedy evaluation at episode 5000 (1000 fixed-seed episodes)...
[Greedy evaluation at episode 5000 | 1000 fixed-seed episodes]
success=0.1%, failure=0.0%, task reward=10.000, length=176.8
DFA transitions: 1->2: 386, 2->3: 22, 3->4: 1
Best policy updated from autonomous greedy evaluation at episode 5000.

[Episode 5100/8000 | last 100]
success rate                : 1.0% (cumulative 0.1%)
failure rate                : 0.0% (cumulative 0.0%)
completed cycles / episode  : 0.000
synthetic task reward       : 100.000
shaping reward              : 97.099
learning reward             : 197.099
episode length              : 265.0
abstract changes / episode  : 10.5
DFA transitions / episode   : 0.63
DFA transitions in window   : 1->2: 50, 2->3: 12, 3->4: 1
epsilon (next episode)       : 0.12998
replay buffer                : 300000 samples [1: 72.1%, 2: 25.3%, 3: 2.7%, 4: 0.0%]
DFA state visits in window   : 1: 18403, 2: 7342, 3: 858, 4: 1
DFA state visits cumulative  : 1: 1008074, 2: 208702, 3: 19241, 4: 4
DFA state entries in window  : 1: 100, 2: 50, 3: 12, 4: 1
DFA state entries cumulative : 1: 5100, 2: 1576, 3: 353, 4: 4
transitions cumulative       : 1->2: 1576, 2->3: 353, 3->4: 4
accepted directly from s0    : 0
Gym endings cumulative       : terminated=5008, truncated=89

[Episode 5200/8000 | last 100]
success rate                : 0.0% (cumulative 0.1%)
failure rate                : 0.0% (cumulative 0.0%)
completed cycles / episode  : 0.000
synthetic task reward       : 0.000
shaping reward              : 122.105
learning reward             : 122.105
episode length              : 350.2
abstract changes / episode  : 12.2
DFA transitions / episode   : 0.67
DFA transitions in window   : 1->2: 60, 2->3: 7
epsilon (next episode)       : 0.12488
replay buffer                : 300000 samples [1: 74.6%, 2: 23.1%, 3: 2.3%, 4: 0.0%]
DFA state visits in window   : 1: 26880, 2: 7899, 3: 345, 4: 0
DFA state visits cumulative  : 1: 1034954, 2: 216601, 3: 19586, 4: 4
DFA state entries in window  : 1: 100, 2: 60, 3: 7, 4: 0
DFA state entries cumulative : 1: 5200, 2: 1636, 3: 360, 4: 4
transitions cumulative       : 1->2: 1636, 2->3: 360, 3->4: 4
accepted directly from s0    : 0
Gym endings cumulative       : terminated=5108, truncated=89

[Episode 5300/8000 | last 100]
success rate                : 0.0% (cumulative 0.1%)
failure rate                : 0.0% (cumulative 0.0%)
completed cycles / episode  : 0.000
synthetic task reward       : 0.000
shaping reward              : 145.356
learning reward             : 145.356
episode length              : 303.9
abstract changes / episode  : 12.0
DFA transitions / episode   : 0.72
DFA transitions in window   : 1->2: 62, 2->3: 10
epsilon (next episode)       : 0.11998
replay buffer                : 300000 samples [1: 74.4%, 2: 23.3%, 3: 2.3%, 4: 0.0%]
DFA state visits in window   : 1: 20525, 2: 8750, 3: 1220, 4: 0
DFA state visits cumulative  : 1: 1055479, 2: 225351, 3: 20806, 4: 4
DFA state entries in window  : 1: 100, 2: 62, 3: 10, 4: 0
DFA state entries cumulative : 1: 5300, 2: 1698, 3: 370, 4: 4
transitions cumulative       : 1->2: 1698, 2->3: 370, 3->4: 4
accepted directly from s0    : 0
Gym endings cumulative       : terminated=5207, truncated=90

[Episode 5400/8000 | last 100]
success rate                : 0.0% (cumulative 0.1%)
failure rate                : 0.0% (cumulative 0.0%)
completed cycles / episode  : 0.000
synthetic task reward       : 0.000
shaping reward              : -18.207
learning reward             : -18.207
episode length              : 300.4
abstract changes / episode  : 10.6
DFA transitions / episode   : 0.26
DFA transitions in window   : 1->2: 21, 2->3: 5
epsilon (next episode)       : 0.11528
replay buffer                : 300000 samples [1: 76.3%, 2: 21.6%, 3: 2.0%, 4: 0.0%]
DFA state visits in window   : 1: 27895, 2: 1975, 3: 275, 4: 0
DFA state visits cumulative  : 1: 1083374, 2: 227326, 3: 21081, 4: 4
DFA state entries in window  : 1: 100, 2: 21, 3: 5, 4: 0
DFA state entries cumulative : 1: 5400, 2: 1719, 3: 375, 4: 4
transitions cumulative       : 1->2: 1719, 2->3: 375, 3->4: 4
accepted directly from s0    : 0
Gym endings cumulative       : terminated=5306, truncated=91

[Episode 5500/8000 | last 100]
success rate                : 0.0% (cumulative 0.1%)
failure rate                : 0.0% (cumulative 0.0%)
completed cycles / episode  : 0.000
synthetic task reward       : 0.000
shaping reward              : 194.122
learning reward             : 194.122
episode length              : 328.3
abstract changes / episode  : 12.2
DFA transitions / episode   : 0.92
DFA transitions in window   : 1->2: 75, 2->3: 17
epsilon (next episode)       : 0.11075
replay buffer                : 300000 samples [1: 74.7%, 2: 23.2%, 3: 2.1%, 4: 0.0%]
DFA state visits in window   : 1: 24901, 2: 7544, 3: 486, 4: 0
DFA state visits cumulative  : 1: 1108275, 2: 234870, 3: 21567, 4: 4
DFA state entries in window  : 1: 100, 2: 75, 3: 17, 4: 0
DFA state entries cumulative : 1: 5500, 2: 1794, 3: 392, 4: 4
transitions cumulative       : 1->2: 1794, 2->3: 392, 3->4: 4
accepted directly from s0    : 0
Gym endings cumulative       : terminated=5404, truncated=93

[Episode 5600/8000 | last 100]
success rate                : 0.0% (cumulative 0.1%)
failure rate                : 0.0% (cumulative 0.0%)
completed cycles / episode  : 0.000
synthetic task reward       : 0.000
shaping reward              : 147.154
learning reward             : 147.154
episode length              : 223.9
abstract changes / episode  : 9.7
DFA transitions / episode   : 0.72
DFA transitions in window   : 1->2: 65, 2->3: 7
epsilon (next episode)       : 0.10641
replay buffer                : 300000 samples [1: 74.0%, 2: 23.9%, 3: 2.1%, 4: 0.0%]
DFA state visits in window   : 1: 15915, 2: 6499, 3: 72, 4: 0
DFA state visits cumulative  : 1: 1124190, 2: 241369, 3: 21639, 4: 4
DFA state entries in window  : 1: 100, 2: 65, 3: 7, 4: 0
DFA state entries cumulative : 1: 5600, 2: 1859, 3: 399, 4: 4
transitions cumulative       : 1->2: 1859, 2->3: 399, 3->4: 4
accepted directly from s0    : 0
Gym endings cumulative       : terminated=5504, truncated=93

[Episode 5700/8000 | last 100]
success rate                : 0.0% (cumulative 0.1%)
failure rate                : 0.0% (cumulative 0.0%)
completed cycles / episode  : 0.000
synthetic task reward       : 0.000
shaping reward              : 218.858
learning reward             : 218.858
episode length              : 231.5
abstract changes / episode  : 10.7
DFA transitions / episode   : 0.96
DFA transitions in window   : 1->2: 84, 2->3: 12
epsilon (next episode)       : 0.10224
replay buffer                : 300000 samples [1: 72.7%, 2: 25.4%, 3: 1.9%, 4: 0.0%]
DFA state visits in window   : 1: 15684, 2: 7486, 3: 79, 4: 0
DFA state visits cumulative  : 1: 1139874, 2: 248855, 3: 21718, 4: 4
DFA state entries in window  : 1: 100, 2: 84, 3: 12, 4: 0
DFA state entries cumulative : 1: 5700, 2: 1943, 3: 411, 4: 4
transitions cumulative       : 1->2: 1943, 2->3: 411, 3->4: 4
accepted directly from s0    : 0
Gym endings cumulative       : terminated=5604, truncated=93

[Episode 5800/8000 | last 100]
success rate                : 0.0% (cumulative 0.1%)
failure rate                : 0.0% (cumulative 0.0%)
completed cycles / episode  : 0.000
synthetic task reward       : 0.000
shaping reward              : 233.490
learning reward             : 233.490
episode length              : 234.1
abstract changes / episode  : 10.1
DFA transitions / episode   : 1.06
DFA transitions in window   : 1->2: 85, 2->3: 21
epsilon (next episode)       : 0.09823
replay buffer                : 300000 samples [1: 73.2%, 2: 25.1%, 3: 1.7%, 4: 0.0%]
DFA state visits in window   : 1: 15284, 2: 8041, 3: 189, 4: 0
DFA state visits cumulative  : 1: 1155158, 2: 256896, 3: 21907, 4: 4
DFA state entries in window  : 1: 100, 2: 85, 3: 21, 4: 0
DFA state entries cumulative : 1: 5800, 2: 2028, 3: 432, 4: 4
transitions cumulative       : 1->2: 2028, 2->3: 432, 3->4: 4
accepted directly from s0    : 0
Gym endings cumulative       : terminated=5704, truncated=93

[Episode 5900/8000 | last 100]
success rate                : 0.0% (cumulative 0.1%)
failure rate                : 0.0% (cumulative 0.0%)
completed cycles / episode  : 0.000
synthetic task reward       : 0.000
shaping reward              : 211.492
learning reward             : 211.492
episode length              : 249.9
abstract changes / episode  : 10.3
DFA transitions / episode   : 0.82
DFA transitions in window   : 1->2: 69, 2->3: 13
epsilon (next episode)       : 0.09438
replay buffer                : 300000 samples [1: 73.7%, 2: 24.8%, 3: 1.5%, 4: 0.0%]
DFA state visits in window   : 1: 17893, 2: 7099, 3: 100, 4: 0
DFA state visits cumulative  : 1: 1173051, 2: 263995, 3: 22007, 4: 4
DFA state entries in window  : 1: 100, 2: 69, 3: 13, 4: 0
DFA state entries cumulative : 1: 5900, 2: 2097, 3: 445, 4: 4
transitions cumulative       : 1->2: 2097, 2->3: 445, 3->4: 4
accepted directly from s0    : 0
Gym endings cumulative       : terminated=5804, truncated=93

[Episode 6000/8000 | last 100]
success rate                : 0.0% (cumulative 0.1%)
failure rate                : 0.0% (cumulative 0.0%)
completed cycles / episode  : 0.000
synthetic task reward       : 0.000
shaping reward              : 207.088
learning reward             : 207.088
episode length              : 274.6
abstract changes / episode  : 11.0
DFA transitions / episode   : 0.86
DFA transitions in window   : 1->2: 72, 2->3: 14
epsilon (next episode)       : 0.09067
replay buffer                : 300000 samples [1: 72.6%, 2: 26.0%, 3: 1.4%, 4: 0.0%]
DFA state visits in window   : 1: 18074, 2: 9267, 3: 215, 4: 0
DFA state visits cumulative  : 1: 1191125, 2: 273262, 3: 22222, 4: 4
DFA state entries in window  : 1: 100, 2: 72, 3: 14, 4: 0
DFA state entries cumulative : 1: 6000, 2: 2169, 3: 459, 4: 4
transitions cumulative       : 1->2: 2169, 2->3: 459, 3->4: 4
accepted directly from s0    : 0
Gym endings cumulative       : terminated=5904, truncated=93

Starting autonomous greedy evaluation at episode 6000 (1000 fixed-seed episodes)...
[Greedy evaluation at episode 6000 | 1000 fixed-seed episodes]
success=0.0%, failure=0.0%, task reward=0.000, length=280.3
DFA transitions: 1->2: 363, 2->3: 17

[Episode 6100/8000 | last 100]
success rate                : 0.0% (cumulative 0.1%)
failure rate                : 0.0% (cumulative 0.0%)
completed cycles / episode  : 0.000
synthetic task reward       : 0.000
shaping reward              : 196.436
learning reward             : 196.436
episode length              : 302.7
abstract changes / episode  : 11.9
DFA transitions / episode   : 0.89
DFA transitions in window   : 1->2: 73, 2->3: 16
epsilon (next episode)       : 0.08712
replay buffer                : 300000 samples [1: 72.3%, 2: 26.6%, 3: 1.1%, 4: 0.0%]
DFA state visits in window   : 1: 19902, 2: 10290, 3: 176, 4: 0
DFA state visits cumulative  : 1: 1211027, 2: 283552, 3: 22398, 4: 4
DFA state entries in window  : 1: 100, 2: 73, 3: 16, 4: 0
DFA state entries cumulative : 1: 6100, 2: 2242, 3: 475, 4: 4
transitions cumulative       : 1->2: 2242, 2->3: 475, 3->4: 4
accepted directly from s0    : 0
Gym endings cumulative       : terminated=6004, truncated=93

[Episode 6200/8000 | last 100]
success rate                : 0.0% (cumulative 0.1%)
failure rate                : 0.0% (cumulative 0.0%)
completed cycles / episode  : 0.000
synthetic task reward       : 0.000
shaping reward              : 260.359
learning reward             : 260.359
episode length              : 294.4
abstract changes / episode  : 11.6
DFA transitions / episode   : 1.06
DFA transitions in window   : 1->2: 86, 2->3: 20
epsilon (next episode)       : 0.08370
replay buffer                : 300000 samples [1: 70.6%, 2: 28.1%, 3: 1.3%, 4: 0.0%]
DFA state visits in window   : 1: 16051, 2: 12458, 3: 1035, 4: 0
DFA state visits cumulative  : 1: 1227078, 2: 296010, 3: 23433, 4: 4
DFA state entries in window  : 1: 100, 2: 86, 3: 20, 4: 0
DFA state entries cumulative : 1: 6200, 2: 2328, 3: 495, 4: 4
transitions cumulative       : 1->2: 2328, 2->3: 495, 3->4: 4
accepted directly from s0    : 0
Gym endings cumulative       : terminated=6104, truncated=93

[Episode 6300/8000 | last 100]
success rate                : 1.0% (cumulative 0.1%)
failure rate                : 0.0% (cumulative 0.0%)
completed cycles / episode  : 0.000
synthetic task reward       : 100.000
shaping reward              : 274.069
learning reward             : 374.069
episode length              : 303.9
abstract changes / episode  : 11.8
DFA transitions / episode   : 1.16
DFA transitions in window   : 1->2: 87, 2->3: 28, 3->4: 1
epsilon (next episode)       : 0.08042
replay buffer                : 300000 samples [1: 68.7%, 2: 29.9%, 3: 1.4%, 4: 0.0%]
DFA state visits in window   : 1: 18016, 2: 11812, 3: 657, 4: 1
DFA state visits cumulative  : 1: 1245094, 2: 307822, 3: 24090, 4: 5
DFA state entries in window  : 1: 100, 2: 87, 3: 28, 4: 1
DFA state entries cumulative : 1: 6300, 2: 2415, 3: 523, 4: 5
transitions cumulative       : 1->2: 2415, 2->3: 523, 3->4: 5
accepted directly from s0    : 0
Gym endings cumulative       : terminated=6203, truncated=93

[Episode 6400/8000 | last 100]
success rate                : 0.0% (cumulative 0.1%)
failure rate                : 0.0% (cumulative 0.0%)
completed cycles / episode  : 0.000
synthetic task reward       : 0.000
shaping reward              : 291.062
learning reward             : 291.062
episode length              : 283.4
abstract changes / episode  : 11.6
DFA transitions / episode   : 1.17
DFA transitions in window   : 1->2: 93, 2->3: 24
epsilon (next episode)       : 0.07727
replay buffer                : 300000 samples [1: 68.0%, 2: 30.8%, 3: 1.2%, 4: 0.0%]
DFA state visits in window   : 1: 16930, 2: 11136, 3: 377, 4: 0
DFA state visits cumulative  : 1: 1262024, 2: 318958, 3: 24467, 4: 5
DFA state entries in window  : 1: 100, 2: 93, 3: 24, 4: 0
DFA state entries cumulative : 1: 6400, 2: 2508, 3: 547, 4: 5
transitions cumulative       : 1->2: 2508, 2->3: 547, 3->4: 5
accepted directly from s0    : 0
Gym endings cumulative       : terminated=6302, truncated=94

[Episode 6500/8000 | last 100]
success rate                : 0.0% (cumulative 0.1%)
failure rate                : 0.0% (cumulative 0.0%)
completed cycles / episode  : 0.000
synthetic task reward       : 0.000
shaping reward              : 288.256
learning reward             : 288.256
episode length              : 234.7
abstract changes / episode  : 11.2
DFA transitions / episode   : 1.22
DFA transitions in window   : 1->2: 95, 2->3: 27
epsilon (next episode)       : 0.07423
replay buffer                : 300000 samples [1: 65.4%, 2: 33.4%, 3: 1.2%, 4: 0.0%]
DFA state visits in window   : 1: 14315, 2: 9005, 3: 248, 4: 0
DFA state visits cumulative  : 1: 1276339, 2: 327963, 3: 24715, 4: 5
DFA state entries in window  : 1: 100, 2: 95, 3: 27, 4: 0
DFA state entries cumulative : 1: 6500, 2: 2603, 3: 574, 4: 5
transitions cumulative       : 1->2: 2603, 2->3: 574, 3->4: 5
accepted directly from s0    : 0
Gym endings cumulative       : terminated=6402, truncated=94

[Episode 6600/8000 | last 100]
success rate                : 0.0% (cumulative 0.1%)
failure rate                : 0.0% (cumulative 0.0%)
completed cycles / episode  : 0.000
synthetic task reward       : 0.000
shaping reward              : 252.481
learning reward             : 252.481
episode length              : 230.9
abstract changes / episode  : 10.4
DFA transitions / episode   : 1.09
DFA transitions in window   : 1->2: 90, 2->3: 19
epsilon (next episode)       : 0.07132
replay buffer                : 300000 samples [1: 64.1%, 2: 34.7%, 3: 1.1%, 4: 0.0%]
DFA state visits in window   : 1: 14601, 2: 8424, 3: 164, 4: 0
DFA state visits cumulative  : 1: 1290940, 2: 336387, 3: 24879, 4: 5
DFA state entries in window  : 1: 100, 2: 90, 3: 19, 4: 0
DFA state entries cumulative : 1: 6600, 2: 2693, 3: 593, 4: 5
transitions cumulative       : 1->2: 2693, 2->3: 593, 3->4: 5
accepted directly from s0    : 0
Gym endings cumulative       : terminated=6502, truncated=94

[Episode 6700/8000 | last 100]
success rate                : 0.0% (cumulative 0.1%)
failure rate                : 0.0% (cumulative 0.0%)
completed cycles / episode  : 0.000
synthetic task reward       : 0.000
shaping reward              : 249.811
learning reward             : 249.811
episode length              : 233.9
abstract changes / episode  : 10.1
DFA transitions / episode   : 1.05
DFA transitions in window   : 1->2: 88, 2->3: 17
epsilon (next episode)       : 0.06853
replay buffer                : 300000 samples [1: 63.3%, 2: 35.6%, 3: 1.1%, 4: 0.0%]
DFA state visits in window   : 1: 14267, 2: 9082, 3: 144, 4: 0
DFA state visits cumulative  : 1: 1305207, 2: 345469, 3: 25023, 4: 5
DFA state entries in window  : 1: 100, 2: 88, 3: 17, 4: 0
DFA state entries cumulative : 1: 6700, 2: 2781, 3: 610, 4: 5
transitions cumulative       : 1->2: 2781, 2->3: 610, 3->4: 5
accepted directly from s0    : 0
Gym endings cumulative       : terminated=6602, truncated=94

[Episode 6800/8000 | last 100]
success rate                : 0.0% (cumulative 0.1%)
failure rate                : 0.0% (cumulative 0.0%)
completed cycles / episode  : 0.000
synthetic task reward       : 0.000
shaping reward              : 232.949
learning reward             : 232.949
episode length              : 279.1
abstract changes / episode  : 11.2
DFA transitions / episode   : 1.04
DFA transitions in window   : 1->2: 79, 2->3: 25
epsilon (next episode)       : 0.06584
replay buffer                : 300000 samples [1: 63.6%, 2: 35.3%, 3: 1.1%, 4: 0.0%]
DFA state visits in window   : 1: 20187, 2: 7541, 3: 285, 4: 0
DFA state visits cumulative  : 1: 1325394, 2: 353010, 3: 25308, 4: 5
DFA state entries in window  : 1: 100, 2: 79, 3: 25, 4: 0
DFA state entries cumulative : 1: 6800, 2: 2860, 3: 635, 4: 5
transitions cumulative       : 1->2: 2860, 2->3: 635, 3->4: 5
accepted directly from s0    : 0
Gym endings cumulative       : terminated=6702, truncated=94

[Episode 6900/8000 | last 100]
success rate                : 1.0% (cumulative 0.1%)
failure rate                : 0.0% (cumulative 0.0%)
completed cycles / episode  : 0.000
synthetic task reward       : 100.000
shaping reward              : 242.417
learning reward             : 342.417
episode length              : 264.1
abstract changes / episode  : 10.6
DFA transitions / episode   : 1.08
DFA transitions in window   : 1->2: 83, 2->3: 24, 3->4: 1
epsilon (next episode)       : 0.06326
replay buffer                : 300000 samples [1: 63.4%, 2: 35.4%, 3: 1.3%, 4: 0.0%]
DFA state visits in window   : 1: 16673, 2: 9290, 3: 546, 4: 1
DFA state visits cumulative  : 1: 1342067, 2: 362300, 3: 25854, 4: 6
DFA state entries in window  : 1: 100, 2: 83, 3: 24, 4: 1
DFA state entries cumulative : 1: 6900, 2: 2943, 3: 659, 4: 6
transitions cumulative       : 1->2: 2943, 2->3: 659, 3->4: 6
accepted directly from s0    : 0
Gym endings cumulative       : terminated=6801, truncated=94

[Episode 7000/8000 | last 100]
success rate                : 0.0% (cumulative 0.1%)
failure rate                : 0.0% (cumulative 0.0%)
completed cycles / episode  : 0.000
synthetic task reward       : 0.000
shaping reward              : 199.424
learning reward             : 199.424
episode length              : 250.2
abstract changes / episode  : 10.4
DFA transitions / episode   : 0.91
DFA transitions in window   : 1->2: 71, 2->3: 20
epsilon (next episode)       : 0.06078
replay buffer                : 300000 samples [1: 63.1%, 2: 35.6%, 3: 1.3%, 4: 0.0%]
DFA state visits in window   : 1: 17417, 2: 7461, 3: 242, 4: 0
DFA state visits cumulative  : 1: 1359484, 2: 369761, 3: 26096, 4: 6
DFA state entries in window  : 1: 100, 2: 71, 3: 20, 4: 0
DFA state entries cumulative : 1: 7000, 2: 3014, 3: 679, 4: 6
transitions cumulative       : 1->2: 3014, 2->3: 679, 3->4: 6
accepted directly from s0    : 0
Gym endings cumulative       : terminated=6901, truncated=94

Starting autonomous greedy evaluation at episode 7000 (1000 fixed-seed episodes)...
[Greedy evaluation at episode 7000 | 1000 fixed-seed episodes]
success=0.2%, failure=0.0%, task reward=20.000, length=246.2
DFA transitions: 1->2: 737, 2->3: 354, 3->4: 2
Best policy updated from autonomous greedy evaluation at episode 7000.

[Episode 7100/8000 | last 100]
success rate                : 0.0% (cumulative 0.1%)
failure rate                : 0.0% (cumulative 0.0%)
completed cycles / episode  : 0.000
synthetic task reward       : 0.000
shaping reward              : 194.352
learning reward             : 194.352
episode length              : 234.8
abstract changes / episode  : 9.3
DFA transitions / episode   : 0.85
DFA transitions in window   : 1->2: 71, 2->3: 14
epsilon (next episode)       : 0.05839
replay buffer                : 300000 samples [1: 63.0%, 2: 35.7%, 3: 1.3%, 4: 0.0%]
DFA state visits in window   : 1: 15037, 2: 8335, 3: 206, 4: 0
DFA state visits cumulative  : 1: 1374521, 2: 378096, 3: 26302, 4: 6
DFA state entries in window  : 1: 100, 2: 71, 3: 14, 4: 0
DFA state entries cumulative : 1: 7100, 2: 3085, 3: 693, 4: 6
transitions cumulative       : 1->2: 3085, 2->3: 693, 3->4: 6
accepted directly from s0    : 0
Gym endings cumulative       : terminated=7001, truncated=94

[Episode 7200/8000 | last 100]
success rate                : 0.0% (cumulative 0.1%)
failure rate                : 0.0% (cumulative 0.0%)
completed cycles / episode  : 0.000
synthetic task reward       : 0.000
shaping reward              : 257.200
learning reward             : 257.200
episode length              : 255.0
abstract changes / episode  : 10.7
DFA transitions / episode   : 1.02
DFA transitions in window   : 1->2: 85, 2->3: 17
epsilon (next episode)       : 0.05610
replay buffer                : 300000 samples [1: 62.1%, 2: 36.6%, 3: 1.3%, 4: 0.0%]
DFA state visits in window   : 1: 14728, 2: 10668, 3: 200, 4: 0
DFA state visits cumulative  : 1: 1389249, 2: 388764, 3: 26502, 4: 6
DFA state entries in window  : 1: 100, 2: 85, 3: 17, 4: 0
DFA state entries cumulative : 1: 7200, 2: 3170, 3: 710, 4: 6
transitions cumulative       : 1->2: 3170, 2->3: 710, 3->4: 6
accepted directly from s0    : 0
Gym endings cumulative       : terminated=7101, truncated=94

[Episode 7300/8000 | last 100]
success rate                : 1.0% (cumulative 0.1%)
failure rate                : 0.0% (cumulative 0.0%)
completed cycles / episode  : 0.000
synthetic task reward       : 100.000
shaping reward              : 209.898
learning reward             : 309.898
episode length              : 287.2
abstract changes / episode  : 10.6
DFA transitions / episode   : 0.92
DFA transitions in window   : 1->2: 70, 2->3: 21, 3->4: 1
epsilon (next episode)       : 0.05390
replay buffer                : 300000 samples [1: 62.1%, 2: 36.4%, 3: 1.4%, 4: 0.0%]
DFA state visits in window   : 1: 16756, 2: 11295, 3: 766, 4: 1
DFA state visits cumulative  : 1: 1406005, 2: 400059, 3: 27268, 4: 7
DFA state entries in window  : 1: 100, 2: 70, 3: 21, 4: 1
DFA state entries cumulative : 1: 7300, 2: 3240, 3: 731, 4: 7
transitions cumulative       : 1->2: 3240, 2->3: 731, 3->4: 7
accepted directly from s0    : 0
Gym endings cumulative       : terminated=7200, truncated=94

[Episode 7400/8000 | last 100]
success rate                : 1.0% (cumulative 0.1%)
failure rate                : 0.0% (cumulative 0.0%)
completed cycles / episode  : 0.000
synthetic task reward       : 100.000
shaping reward              : 169.733
learning reward             : 269.733
episode length              : 328.6
abstract changes / episode  : 10.9
DFA transitions / episode   : 0.82
DFA transitions in window   : 1->2: 64, 2->3: 17, 3->4: 1
epsilon (next episode)       : 0.05179
replay buffer                : 300000 samples [1: 62.2%, 2: 36.4%, 3: 1.5%, 4: 0.0%]
DFA state visits in window   : 1: 18514, 2: 13240, 3: 1207, 4: 1
DFA state visits cumulative  : 1: 1424519, 2: 413299, 3: 28475, 4: 8
DFA state entries in window  : 1: 100, 2: 64, 3: 17, 4: 1
DFA state entries cumulative : 1: 7400, 2: 3304, 3: 748, 4: 8
transitions cumulative       : 1->2: 3304, 2->3: 748, 3->4: 8
accepted directly from s0    : 0
Gym endings cumulative       : terminated=7295, truncated=98

[Episode 7500/8000 | last 100]
success rate                : 0.0% (cumulative 0.1%)
failure rate                : 0.0% (cumulative 0.0%)
completed cycles / episode  : 0.000
synthetic task reward       : 0.000
shaping reward              : 117.009
learning reward             : 117.009
episode length              : 260.6
abstract changes / episode  : 8.3
DFA transitions / episode   : 0.58
DFA transitions in window   : 1->2: 45, 2->3: 13
epsilon (next episode)       : 0.04976
replay buffer                : 300000 samples [1: 63.3%, 2: 35.2%, 3: 1.5%, 4: 0.0%]
DFA state visits in window   : 1: 19289, 2: 6317, 3: 551, 4: 0
DFA state visits cumulative  : 1: 1443808, 2: 419616, 3: 29026, 4: 8
DFA state entries in window  : 1: 100, 2: 45, 3: 13, 4: 0
DFA state entries cumulative : 1: 7500, 2: 3349, 3: 761, 4: 8
transitions cumulative       : 1->2: 3349, 2->3: 761, 3->4: 8
accepted directly from s0    : 0
Gym endings cumulative       : terminated=7393, truncated=100

[Episode 7600/8000 | last 100]
success rate                : 0.0% (cumulative 0.1%)
failure rate                : 0.0% (cumulative 0.0%)
completed cycles / episode  : 0.000
synthetic task reward       : 0.000
shaping reward              : 186.317
learning reward             : 186.317
episode length              : 296.6
abstract changes / episode  : 11.1
DFA transitions / episode   : 0.90
DFA transitions in window   : 1->2: 70, 2->3: 20
epsilon (next episode)       : 0.04781
replay buffer                : 300000 samples [1: 64.2%, 2: 34.3%, 3: 1.5%, 4: 0.0%]
DFA state visits in window   : 1: 20561, 2: 8752, 3: 442, 4: 0
DFA state visits cumulative  : 1: 1464369, 2: 428368, 3: 29468, 4: 8
DFA state entries in window  : 1: 100, 2: 70, 3: 20, 4: 0
DFA state entries cumulative : 1: 7600, 2: 3419, 3: 781, 4: 8
transitions cumulative       : 1->2: 3419, 2->3: 781, 3->4: 8
accepted directly from s0    : 0
Gym endings cumulative       : terminated=7492, truncated=101

[Episode 7700/8000 | last 100]
success rate                : 0.0% (cumulative 0.1%)
failure rate                : 0.0% (cumulative 0.0%)
completed cycles / episode  : 0.000
synthetic task reward       : 0.000
shaping reward              : 208.361
learning reward             : 208.361
episode length              : 352.0
abstract changes / episode  : 11.8
DFA transitions / episode   : 1.04
DFA transitions in window   : 1->2: 79, 2->3: 25
epsilon (next episode)       : 0.04593
replay buffer                : 300000 samples [1: 61.9%, 2: 35.9%, 3: 2.2%, 4: 0.0%]
DFA state visits in window   : 1: 15325, 2: 17771, 3: 2204, 4: 0
DFA state visits cumulative  : 1: 1479694, 2: 446139, 3: 31672, 4: 8
DFA state entries in window  : 1: 100, 2: 79, 3: 25, 4: 0
DFA state entries cumulative : 1: 7700, 2: 3498, 3: 806, 4: 8
transitions cumulative       : 1->2: 3498, 2->3: 806, 3->4: 8
accepted directly from s0    : 0
Gym endings cumulative       : terminated=7590, truncated=103

[Episode 7800/8000 | last 100]
success rate                : 1.0% (cumulative 0.1%)
failure rate                : 0.0% (cumulative 0.0%)
completed cycles / episode  : 0.000
synthetic task reward       : 100.000
shaping reward              : 223.417
learning reward             : 323.417
episode length              : 345.0
abstract changes / episode  : 11.8
DFA transitions / episode   : 1.08
DFA transitions in window   : 1->2: 72, 2->3: 35, 3->4: 1
epsilon (next episode)       : 0.04413
replay buffer                : 300000 samples [1: 60.1%, 2: 37.0%, 3: 3.0%, 4: 0.0%]
DFA state visits in window   : 1: 17077, 2: 14884, 3: 2639, 4: 1
DFA state visits cumulative  : 1: 1496771, 2: 461023, 3: 34311, 4: 9
DFA state entries in window  : 1: 100, 2: 72, 3: 35, 4: 1
DFA state entries cumulative : 1: 7800, 2: 3570, 3: 841, 4: 9
transitions cumulative       : 1->2: 3570, 2->3: 841, 3->4: 9
accepted directly from s0    : 0
Gym endings cumulative       : terminated=7688, truncated=104

[Episode 7900/8000 | last 100]
success rate                : 1.0% (cumulative 0.1%)
failure rate                : 0.0% (cumulative 0.0%)
completed cycles / episode  : 0.000
synthetic task reward       : 100.000
shaping reward              : 168.907
learning reward             : 268.907
episode length              : 347.6
abstract changes / episode  : 11.3
DFA transitions / episode   : 0.84
DFA transitions in window   : 1->2: 59, 2->3: 24, 3->4: 1
epsilon (next episode)       : 0.04240
replay buffer                : 300000 samples [1: 59.3%, 2: 36.7%, 3: 3.9%, 4: 0.0%]
DFA state visits in window   : 1: 20909, 2: 10703, 3: 3243, 4: 1
DFA state visits cumulative  : 1: 1517680, 2: 471726, 3: 37554, 4: 10
DFA state entries in window  : 1: 100, 2: 59, 3: 24, 4: 1
DFA state entries cumulative : 1: 7900, 2: 3629, 3: 865, 4: 10
transitions cumulative       : 1->2: 3629, 2->3: 865, 3->4: 10
accepted directly from s0    : 0
Gym endings cumulative       : terminated=7785, truncated=106

[Episode 8000/8000 | last 100]
success rate                : 3.0% (cumulative 0.2%)
failure rate                : 0.0% (cumulative 0.0%)
completed cycles / episode  : 0.000
synthetic task reward       : 300.000
shaping reward              : 125.703
learning reward             : 425.703
episode length              : 312.4
abstract changes / episode  : 10.9
DFA transitions / episode   : 0.78
DFA transitions in window   : 1->2: 59, 2->3: 16, 3->4: 3
epsilon (next episode)       : 0.04074
replay buffer                : 300000 samples [1: 58.7%, 2: 37.0%, 3: 4.3%, 4: 0.0%]
DFA state visits in window   : 1: 19524, 2: 10022, 3: 1786, 4: 3
DFA state visits cumulative  : 1: 1537204, 2: 481748, 3: 39340, 4: 13
DFA state entries in window  : 1: 100, 2: 59, 3: 16, 4: 3
DFA state entries cumulative : 1: 8000, 2: 3688, 3: 881, 4: 13
transitions cumulative       : 1->2: 3688, 2->3: 881, 3->4: 13
accepted directly from s0    : 0
Gym endings cumulative       : terminated=7881, truncated=107

Starting autonomous greedy evaluation at episode 8000 (1000 fixed-seed episodes)...
[Greedy evaluation at episode 8000 | 1000 fixed-seed episodes]
success=0.5%, failure=0.0%, task reward=50.000, length=351.6
DFA transitions: 1->2: 684, 2->3: 51, 3->4: 5
Best policy updated from autonomous greedy evaluation at episode 8000.
Last policy saved after episode 8000. Best greedy evaluation: episode 8000, mean task reward=50.000
