
=== NEW RUN ===
episodes=8000, shaping=True, goal_reward=10000.0, gamma=0.99
gamma_shaping=1.0, shaping_formula=gamma_shaping*Phi(next)-Phi(state)
ground_unbiased_learner=False
eval_interval=500, eval_episodes=1000, eval_seed=100000
inter_level_shaping=False, inter_level_formula=gamma*Phi(next)-Phi(state)
task_type=ltlf, task=F(wp1 & X(F(wp2 & X(F(g1)))))
regions={wp1: {'center': [-0.75, 1.0625], 'radius': 0.1}, wp2: {'center': [0, 0.5], 'radius': 0.1}, g1: {'center': [0.75, 1.0625], 'radius': 0.1}}
dfa_states=[1, 2, 3, 4], pre_trace=1, accepting=[4], failure=[]

[Episode 1/8000 | last 1]
success rate                : 0.0% (cumulative 0.0%)
failure rate                : 0.0% (cumulative 0.0%)
completed cycles / episode  : 0.000
synthetic task reward       : 0.000
shaping reward              : -798.778
learning reward             : -798.778
episode length              : 91.0
abstract changes / episode  : 86.0
same abstract-state steps   : 5.5%
same-state shaping / episode: 0.000
changed-state shaping / ep. : -798.778
terminal shaping / episode  : -28.275
DFA transitions / episode   : 0.00
DFA transitions in window   : none
epsilon (next episode)       : 0.99960
replay buffer                : 91 samples [1: 100.0%, 2: 0.0%, 3: 0.0%, 4: 0.0%]
DFA state visits in window   : 1: 92, 2: 0, 3: 0, 4: 0
DFA state visits cumulative  : 1: 92, 2: 0, 3: 0, 4: 0
DFA state entries in window  : 1: 1, 2: 0, 3: 0, 4: 0
DFA state entries cumulative : 1: 1, 2: 0, 3: 0, 4: 0
transitions cumulative       : none
accepted directly from s0    : 0
Gym endings cumulative       : terminated=1, truncated=0

[Episode 100/8000 | last 100]
success rate                : 0.0% (cumulative 0.0%)
failure rate                : 0.0% (cumulative 0.0%)
completed cycles / episode  : 0.000
synthetic task reward       : 0.000
shaping reward              : -763.426
learning reward             : -763.426
episode length              : 102.6
abstract changes / episode  : 84.1
same abstract-state steps   : 18.0%
same-state shaping / episode: 0.000
changed-state shaping / ep. : -763.426
terminal shaping / episode  : -7.377
DFA transitions / episode   : 0.01
DFA transitions in window   : 1->2: 1
epsilon (next episode)       : 0.96078
replay buffer                : 10257 samples [1: 99.8%, 2: 0.2%, 3: 0.0%, 4: 0.0%]
DFA state visits in window   : 1: 10339, 2: 18, 3: 0, 4: 0
DFA state visits cumulative  : 1: 10339, 2: 18, 3: 0, 4: 0
DFA state entries in window  : 1: 100, 2: 1, 3: 0, 4: 0
DFA state entries cumulative : 1: 100, 2: 1, 3: 0, 4: 0
transitions cumulative       : 1->2: 1
accepted directly from s0    : 0
Gym endings cumulative       : terminated=99, truncated=1

[Episode 200/8000 | last 100]
success rate                : 0.0% (cumulative 0.0%)
failure rate                : 0.0% (cumulative 0.0%)
completed cycles / episode  : 0.000
synthetic task reward       : 0.000
shaping reward              : -739.884
learning reward             : -739.884
episode length              : 89.5
abstract changes / episode  : 81.3
same abstract-state steps   : 9.2%
same-state shaping / episode: 0.000
changed-state shaping / ep. : -739.884
terminal shaping / episode  : -7.674
DFA transitions / episode   : 0.03
DFA transitions in window   : 1->2: 3
epsilon (next episode)       : 0.92310
replay buffer                : 19209 samples [1: 99.5%, 2: 0.5%, 3: 0.0%, 4: 0.0%]
DFA state visits in window   : 1: 8978, 2: 74, 3: 0, 4: 0
DFA state visits cumulative  : 1: 19317, 2: 92, 3: 0, 4: 0
DFA state entries in window  : 1: 100, 2: 3, 3: 0, 4: 0
DFA state entries cumulative : 1: 200, 2: 4, 3: 0, 4: 0
transitions cumulative       : 1->2: 4
accepted directly from s0    : 0
Gym endings cumulative       : terminated=199, truncated=1

[Episode 300/8000 | last 100]
success rate                : 0.0% (cumulative 0.0%)
failure rate                : 0.0% (cumulative 0.0%)
completed cycles / episode  : 0.000
synthetic task reward       : 0.000
shaping reward              : -757.972
learning reward             : -757.972
episode length              : 95.9
abstract changes / episode  : 85.7
same abstract-state steps   : 10.6%
same-state shaping / episode: 0.000
changed-state shaping / ep. : -757.972
terminal shaping / episode  : -7.503
DFA transitions / episode   : 0.01
DFA transitions in window   : 1->2: 1
epsilon (next episode)       : 0.88690
replay buffer                : 28795 samples [1: 99.6%, 2: 0.4%, 3: 0.0%, 4: 0.0%]
DFA state visits in window   : 1: 9670, 2: 16, 3: 0, 4: 0
DFA state visits cumulative  : 1: 28987, 2: 108, 3: 0, 4: 0
DFA state entries in window  : 1: 100, 2: 1, 3: 0, 4: 0
DFA state entries cumulative : 1: 300, 2: 5, 3: 0, 4: 0
transitions cumulative       : 1->2: 5
accepted directly from s0    : 0
Gym endings cumulative       : terminated=299, truncated=1

[Episode 400/8000 | last 100]
success rate                : 0.0% (cumulative 0.0%)
failure rate                : 0.0% (cumulative 0.0%)
completed cycles / episode  : 0.000
synthetic task reward       : 0.000
shaping reward              : -652.223
learning reward             : -652.223
episode length              : 98.1
abstract changes / episode  : 86.4
same abstract-state steps   : 12.0%
same-state shaping / episode: 0.000
changed-state shaping / ep. : -652.223
terminal shaping / episode  : -6.474
DFA transitions / episode   : 0.06
DFA transitions in window   : 1->2: 6
epsilon (next episode)       : 0.85212
replay buffer                : 38605 samples [1: 99.4%, 2: 0.6%, 3: 0.0%, 4: 0.0%]
DFA state visits in window   : 1: 9773, 2: 137, 3: 0, 4: 0
DFA state visits cumulative  : 1: 38760, 2: 245, 3: 0, 4: 0
DFA state entries in window  : 1: 100, 2: 6, 3: 0, 4: 0
DFA state entries cumulative : 1: 400, 2: 11, 3: 0, 4: 0
transitions cumulative       : 1->2: 11
accepted directly from s0    : 0
Gym endings cumulative       : terminated=399, truncated=1

[Episode 500/8000 | last 100]
success rate                : 0.0% (cumulative 0.0%)
failure rate                : 0.0% (cumulative 0.0%)
completed cycles / episode  : 0.000
synthetic task reward       : 0.000
shaping reward              : -728.724
learning reward             : -728.724
episode length              : 103.1
abstract changes / episode  : 90.3
same abstract-state steps   : 12.4%
same-state shaping / episode: 0.000
changed-state shaping / ep. : -728.724
terminal shaping / episode  : -10.492
DFA transitions / episode   : 0.01
DFA transitions in window   : 1->2: 1
epsilon (next episode)       : 0.81870
replay buffer                : 48914 samples [1: 99.5%, 2: 0.5%, 3: 0.0%, 4: 0.0%]
DFA state visits in window   : 1: 10375, 2: 34, 3: 0, 4: 0
DFA state visits cumulative  : 1: 49135, 2: 279, 3: 0, 4: 0
DFA state entries in window  : 1: 100, 2: 1, 3: 0, 4: 0
DFA state entries cumulative : 1: 500, 2: 12, 3: 0, 4: 0
transitions cumulative       : 1->2: 12
accepted directly from s0    : 0
Gym endings cumulative       : terminated=499, truncated=1

Starting autonomous greedy evaluation at episode 500 (1000 fixed-seed episodes)...
[Greedy evaluation at episode 500 | 1000 fixed-seed episodes]
success=0.0%, failure=0.0%, task reward=0.000, length=178.7
DFA transitions: 1->2: 18
Best policy updated from autonomous greedy evaluation at episode 500.

[Episode 600/8000 | last 100]
success rate                : 0.0% (cumulative 0.0%)
failure rate                : 0.0% (cumulative 0.0%)
completed cycles / episode  : 0.000
synthetic task reward       : 0.000
shaping reward              : -722.196
learning reward             : -722.196
episode length              : 109.3
abstract changes / episode  : 93.1
same abstract-state steps   : 14.9%
same-state shaping / episode: 0.000
changed-state shaping / ep. : -722.196
terminal shaping / episode  : -8.857
DFA transitions / episode   : 0.02
DFA transitions in window   : 1->2: 2
epsilon (next episode)       : 0.78659
replay buffer                : 59849 samples [1: 99.5%, 2: 0.5%, 3: 0.0%, 4: 0.0%]
DFA state visits in window   : 1: 10991, 2: 44, 3: 0, 4: 0
DFA state visits cumulative  : 1: 60126, 2: 323, 3: 0, 4: 0
DFA state entries in window  : 1: 100, 2: 2, 3: 0, 4: 0
DFA state entries cumulative : 1: 600, 2: 14, 3: 0, 4: 0
transitions cumulative       : 1->2: 14
accepted directly from s0    : 0
Gym endings cumulative       : terminated=599, truncated=1

[Episode 700/8000 | last 100]
success rate                : 0.0% (cumulative 0.0%)
failure rate                : 0.0% (cumulative 0.0%)
completed cycles / episode  : 0.000
synthetic task reward       : 0.000
shaping reward              : -798.040
learning reward             : -798.040
episode length              : 118.5
abstract changes / episode  : 98.5
same abstract-state steps   : 16.8%
same-state shaping / episode: 0.000
changed-state shaping / ep. : -798.040
terminal shaping / episode  : -6.507
DFA transitions / episode   : 0.00
DFA transitions in window   : none
epsilon (next episode)       : 0.75574
replay buffer                : 71694 samples [1: 99.6%, 2: 0.4%, 3: 0.0%, 4: 0.0%]
DFA state visits in window   : 1: 11945, 2: 0, 3: 0, 4: 0
DFA state visits cumulative  : 1: 72071, 2: 323, 3: 0, 4: 0
DFA state entries in window  : 1: 100, 2: 0, 3: 0, 4: 0
DFA state entries cumulative : 1: 700, 2: 14, 3: 0, 4: 0
transitions cumulative       : 1->2: 14
accepted directly from s0    : 0
Gym endings cumulative       : terminated=699, truncated=1

[Episode 800/8000 | last 100]
success rate                : 0.0% (cumulative 0.0%)
failure rate                : 0.0% (cumulative 0.0%)
completed cycles / episode  : 0.000
synthetic task reward       : 0.000
shaping reward              : -723.897
learning reward             : -723.897
episode length              : 127.1
abstract changes / episode  : 103.3
same abstract-state steps   : 18.7%
same-state shaping / episode: 0.000
changed-state shaping / ep. : -723.897
terminal shaping / episode  : -8.555
DFA transitions / episode   : 0.03
DFA transitions in window   : 1->2: 3
epsilon (next episode)       : 0.72610
replay buffer                : 84404 samples [1: 99.5%, 2: 0.5%, 3: 0.0%, 4: 0.0%]
DFA state visits in window   : 1: 12694, 2: 116, 3: 0, 4: 0
DFA state visits cumulative  : 1: 84765, 2: 439, 3: 0, 4: 0
DFA state entries in window  : 1: 100, 2: 3, 3: 0, 4: 0
DFA state entries cumulative : 1: 800, 2: 17, 3: 0, 4: 0
transitions cumulative       : 1->2: 17
accepted directly from s0    : 0
Gym endings cumulative       : terminated=799, truncated=1

[Episode 900/8000 | last 100]
success rate                : 0.0% (cumulative 0.0%)
failure rate                : 0.0% (cumulative 0.0%)
completed cycles / episode  : 0.000
synthetic task reward       : 0.000
shaping reward              : -836.035
learning reward             : -836.035
episode length              : 131.8
abstract changes / episode  : 108.9
same abstract-state steps   : 17.3%
same-state shaping / episode: 0.000
changed-state shaping / ep. : -836.035
terminal shaping / episode  : -5.056
DFA transitions / episode   : 0.00
DFA transitions in window   : none
epsilon (next episode)       : 0.69763
replay buffer                : 97580 samples [1: 99.6%, 2: 0.4%, 3: 0.0%, 4: 0.0%]
DFA state visits in window   : 1: 13276, 2: 0, 3: 0, 4: 0
DFA state visits cumulative  : 1: 98041, 2: 439, 3: 0, 4: 0
DFA state entries in window  : 1: 100, 2: 0, 3: 0, 4: 0
DFA state entries cumulative : 1: 900, 2: 17, 3: 0, 4: 0
transitions cumulative       : 1->2: 17
accepted directly from s0    : 0
Gym endings cumulative       : terminated=899, truncated=1

[Episode 1000/8000 | last 100]
success rate                : 0.0% (cumulative 0.0%)
failure rate                : 0.0% (cumulative 0.0%)
completed cycles / episode  : 0.000
synthetic task reward       : 0.000
shaping reward              : -843.885
learning reward             : -843.885
episode length              : 121.5
abstract changes / episode  : 104.4
same abstract-state steps   : 14.0%
same-state shaping / episode: 0.000
changed-state shaping / ep. : -843.885
terminal shaping / episode  : -3.690
DFA transitions / episode   : 0.00
DFA transitions in window   : none
epsilon (next episode)       : 0.67027
replay buffer                : 109731 samples [1: 99.6%, 2: 0.4%, 3: 0.0%, 4: 0.0%]
DFA state visits in window   : 1: 12251, 2: 0, 3: 0, 4: 0
DFA state visits cumulative  : 1: 110292, 2: 439, 3: 0, 4: 0
DFA state entries in window  : 1: 100, 2: 0, 3: 0, 4: 0
DFA state entries cumulative : 1: 1000, 2: 17, 3: 0, 4: 0
transitions cumulative       : 1->2: 17
accepted directly from s0    : 0
Gym endings cumulative       : terminated=999, truncated=1

Starting autonomous greedy evaluation at episode 1000 (1000 fixed-seed episodes)...
[Greedy evaluation at episode 1000 | 1000 fixed-seed episodes]
success=0.0%, failure=0.0%, task reward=0.000, length=154.6
DFA transitions: none
Best policy updated from autonomous greedy evaluation at episode 1000.

[Episode 1100/8000 | last 100]
success rate                : 0.0% (cumulative 0.0%)
failure rate                : 0.0% (cumulative 0.0%)
completed cycles / episode  : 0.000
synthetic task reward       : 0.000
shaping reward              : -848.777
learning reward             : -848.777
episode length              : 129.3
abstract changes / episode  : 106.9
same abstract-state steps   : 17.3%
same-state shaping / episode: 0.000
changed-state shaping / ep. : -848.777
terminal shaping / episode  : -3.544
DFA transitions / episode   : 0.00
DFA transitions in window   : none
epsilon (next episode)       : 0.64398
replay buffer                : 122661 samples [1: 99.7%, 2: 0.3%, 3: 0.0%, 4: 0.0%]
DFA state visits in window   : 1: 13030, 2: 0, 3: 0, 4: 0
DFA state visits cumulative  : 1: 123322, 2: 439, 3: 0, 4: 0
DFA state entries in window  : 1: 100, 2: 0, 3: 0, 4: 0
DFA state entries cumulative : 1: 1100, 2: 17, 3: 0, 4: 0
transitions cumulative       : 1->2: 17
accepted directly from s0    : 0
Gym endings cumulative       : terminated=1099, truncated=1

[Episode 1200/8000 | last 100]
success rate                : 0.0% (cumulative 0.0%)
failure rate                : 0.0% (cumulative 0.0%)
completed cycles / episode  : 0.000
synthetic task reward       : 0.000
shaping reward              : -802.233
learning reward             : -802.233
episode length              : 158.6
abstract changes / episode  : 126.4
same abstract-state steps   : 20.3%
same-state shaping / episode: 0.000
changed-state shaping / ep. : -802.233
terminal shaping / episode  : -3.766
DFA transitions / episode   : 0.00
DFA transitions in window   : none
epsilon (next episode)       : 0.61872
replay buffer                : 138525 samples [1: 99.7%, 2: 0.3%, 3: 0.0%, 4: 0.0%]
DFA state visits in window   : 1: 15964, 2: 0, 3: 0, 4: 0
DFA state visits cumulative  : 1: 139286, 2: 439, 3: 0, 4: 0
DFA state entries in window  : 1: 100, 2: 0, 3: 0, 4: 0
DFA state entries cumulative : 1: 1200, 2: 17, 3: 0, 4: 0
transitions cumulative       : 1->2: 17
accepted directly from s0    : 0
Gym endings cumulative       : terminated=1199, truncated=1

[Episode 1300/8000 | last 100]
success rate                : 0.0% (cumulative 0.0%)
failure rate                : 0.0% (cumulative 0.0%)
completed cycles / episode  : 0.000
synthetic task reward       : 0.000
shaping reward              : -545.533
learning reward             : -545.533
episode length              : 161.7
abstract changes / episode  : 121.9
same abstract-state steps   : 24.6%
same-state shaping / episode: 0.000
changed-state shaping / ep. : -545.533
terminal shaping / episode  : -3.037
DFA transitions / episode   : 0.05
DFA transitions in window   : 1->2: 5
epsilon (next episode)       : 0.59446
replay buffer                : 154696 samples [1: 99.6%, 2: 0.4%, 3: 0.0%, 4: 0.0%]
DFA state visits in window   : 1: 16105, 2: 166, 3: 0, 4: 0
DFA state visits cumulative  : 1: 155391, 2: 605, 3: 0, 4: 0
DFA state entries in window  : 1: 100, 2: 5, 3: 0, 4: 0
DFA state entries cumulative : 1: 1300, 2: 22, 3: 0, 4: 0
transitions cumulative       : 1->2: 22
accepted directly from s0    : 0
Gym endings cumulative       : terminated=1299, truncated=1

[Episode 1400/8000 | last 100]
success rate                : 0.0% (cumulative 0.0%)
failure rate                : 0.0% (cumulative 0.0%)
completed cycles / episode  : 0.000
synthetic task reward       : 0.000
shaping reward              : -446.104
learning reward             : -446.104
episode length              : 159.4
abstract changes / episode  : 120.4
same abstract-state steps   : 24.5%
same-state shaping / episode: 0.000
changed-state shaping / ep. : -446.104
terminal shaping / episode  : -2.926
DFA transitions / episode   : 0.05
DFA transitions in window   : 1->2: 5
epsilon (next episode)       : 0.57115
replay buffer                : 170639 samples [1: 99.6%, 2: 0.4%, 3: 0.0%, 4: 0.0%]
DFA state visits in window   : 1: 15906, 2: 137, 3: 0, 4: 0
DFA state visits cumulative  : 1: 171297, 2: 742, 3: 0, 4: 0
DFA state entries in window  : 1: 100, 2: 5, 3: 0, 4: 0
DFA state entries cumulative : 1: 1400, 2: 27, 3: 0, 4: 0
transitions cumulative       : 1->2: 27
accepted directly from s0    : 0
Gym endings cumulative       : terminated=1399, truncated=1

[Episode 1500/8000 | last 100]
success rate                : 0.0% (cumulative 0.0%)
failure rate                : 0.0% (cumulative 0.0%)
completed cycles / episode  : 0.000
synthetic task reward       : 0.000
shaping reward              : -588.325
learning reward             : -588.325
episode length              : 156.7
abstract changes / episode  : 116.8
same abstract-state steps   : 25.4%
same-state shaping / episode: 0.000
changed-state shaping / ep. : -588.325
terminal shaping / episode  : -2.307
DFA transitions / episode   : 0.02
DFA transitions in window   : 1->2: 2
epsilon (next episode)       : 0.54875
replay buffer                : 186313 samples [1: 99.6%, 2: 0.4%, 3: 0.0%, 4: 0.0%]
DFA state visits in window   : 1: 15695, 2: 79, 3: 0, 4: 0
DFA state visits cumulative  : 1: 186992, 2: 821, 3: 0, 4: 0
DFA state entries in window  : 1: 100, 2: 2, 3: 0, 4: 0
DFA state entries cumulative : 1: 1500, 2: 29, 3: 0, 4: 0
transitions cumulative       : 1->2: 29
accepted directly from s0    : 0
Gym endings cumulative       : terminated=1499, truncated=1

Starting autonomous greedy evaluation at episode 1500 (1000 fixed-seed episodes)...
[Greedy evaluation at episode 1500 | 1000 fixed-seed episodes]
success=0.0%, failure=0.0%, task reward=0.000, length=205.9
DFA transitions: none

[Episode 1600/8000 | last 100]
success rate                : 0.0% (cumulative 0.0%)
failure rate                : 0.0% (cumulative 0.0%)
completed cycles / episode  : 0.000
synthetic task reward       : 0.000
shaping reward              : -521.226
learning reward             : -521.226
episode length              : 150.3
abstract changes / episode  : 119.3
same abstract-state steps   : 20.6%
same-state shaping / episode: 0.000
changed-state shaping / ep. : -521.226
terminal shaping / episode  : -0.771
DFA transitions / episode   : 0.00
DFA transitions in window   : none
epsilon (next episode)       : 0.52722
replay buffer                : 201344 samples [1: 99.6%, 2: 0.4%, 3: 0.0%, 4: 0.0%]
DFA state visits in window   : 1: 15131, 2: 0, 3: 0, 4: 0
DFA state visits cumulative  : 1: 202123, 2: 821, 3: 0, 4: 0
DFA state entries in window  : 1: 100, 2: 0, 3: 0, 4: 0
DFA state entries cumulative : 1: 1600, 2: 29, 3: 0, 4: 0
transitions cumulative       : 1->2: 29
accepted directly from s0    : 0
Gym endings cumulative       : terminated=1599, truncated=1

[Episode 1700/8000 | last 100]
success rate                : 0.0% (cumulative 0.0%)
failure rate                : 0.0% (cumulative 0.0%)
completed cycles / episode  : 0.000
synthetic task reward       : 0.000
shaping reward              : -501.101
learning reward             : -501.101
episode length              : 193.6
abstract changes / episode  : 136.2
same abstract-state steps   : 29.7%
same-state shaping / episode: 0.000
changed-state shaping / ep. : -501.101
terminal shaping / episode  : -1.800
DFA transitions / episode   : 0.03
DFA transitions in window   : 1->2: 3
epsilon (next episode)       : 0.50655
replay buffer                : 220702 samples [1: 99.6%, 2: 0.4%, 3: 0.0%, 4: 0.0%]
DFA state visits in window   : 1: 19362, 2: 96, 3: 0, 4: 0
DFA state visits cumulative  : 1: 221485, 2: 917, 3: 0, 4: 0
DFA state entries in window  : 1: 100, 2: 3, 3: 0, 4: 0
DFA state entries cumulative : 1: 1700, 2: 32, 3: 0, 4: 0
transitions cumulative       : 1->2: 32
accepted directly from s0    : 0
Gym endings cumulative       : terminated=1699, truncated=1

[Episode 1800/8000 | last 100]
success rate                : 0.0% (cumulative 0.0%)
failure rate                : 0.0% (cumulative 0.0%)
completed cycles / episode  : 0.000
synthetic task reward       : 0.000
shaping reward              : -540.135
learning reward             : -540.135
episode length              : 336.4
abstract changes / episode  : 193.0
same abstract-state steps   : 42.6%
same-state shaping / episode: 0.000
changed-state shaping / ep. : -540.135
terminal shaping / episode  : -2.147
DFA transitions / episode   : 0.04
DFA transitions in window   : 1->2: 4
epsilon (next episode)       : 0.48668
replay buffer                : 254343 samples [1: 99.6%, 2: 0.4%, 3: 0.0%, 4: 0.0%]
DFA state visits in window   : 1: 33489, 2: 252, 3: 0, 4: 0
DFA state visits cumulative  : 1: 254974, 2: 1169, 3: 0, 4: 0
DFA state entries in window  : 1: 100, 2: 4, 3: 0, 4: 0
DFA state entries cumulative : 1: 1800, 2: 36, 3: 0, 4: 0
transitions cumulative       : 1->2: 36
accepted directly from s0    : 0
Gym endings cumulative       : terminated=1792, truncated=8

[Episode 1900/8000 | last 100]
success rate                : 0.0% (cumulative 0.0%)
failure rate                : 0.0% (cumulative 0.0%)
completed cycles / episode  : 0.000
synthetic task reward       : 0.000
shaping reward              : -818.815
learning reward             : -818.815
episode length              : 275.2
abstract changes / episode  : 150.5
same abstract-state steps   : 45.3%
same-state shaping / episode: 0.000
changed-state shaping / ep. : -818.815
terminal shaping / episode  : -1.154
DFA transitions / episode   : 0.00
DFA transitions in window   : none
epsilon (next episode)       : 0.46760
replay buffer                : 281868 samples [1: 99.6%, 2: 0.4%, 3: 0.0%, 4: 0.0%]
DFA state visits in window   : 1: 27625, 2: 0, 3: 0, 4: 0
DFA state visits cumulative  : 1: 282599, 2: 1169, 3: 0, 4: 0
DFA state entries in window  : 1: 100, 2: 0, 3: 0, 4: 0
DFA state entries cumulative : 1: 1900, 2: 36, 3: 0, 4: 0
transitions cumulative       : 1->2: 36
accepted directly from s0    : 0
Gym endings cumulative       : terminated=1882, truncated=18

[Episode 2000/8000 | last 100]
success rate                : 0.0% (cumulative 0.0%)
failure rate                : 0.0% (cumulative 0.0%)
completed cycles / episode  : 0.000
synthetic task reward       : 0.000
shaping reward              : -790.724
learning reward             : -790.724
episode length              : 251.4
abstract changes / episode  : 155.7
same abstract-state steps   : 38.1%
same-state shaping / episode: 0.000
changed-state shaping / ep. : -790.724
terminal shaping / episode  : -1.545
DFA transitions / episode   : 0.00
DFA transitions in window   : none
epsilon (next episode)       : 0.44926
replay buffer                : 300000 samples [1: 99.6%, 2: 0.4%, 3: 0.0%, 4: 0.0%]
DFA state visits in window   : 1: 25242, 2: 0, 3: 0, 4: 0
DFA state visits cumulative  : 1: 307841, 2: 1169, 3: 0, 4: 0
DFA state entries in window  : 1: 100, 2: 0, 3: 0, 4: 0
DFA state entries cumulative : 1: 2000, 2: 36, 3: 0, 4: 0
transitions cumulative       : 1->2: 36
accepted directly from s0    : 0
Gym endings cumulative       : terminated=1973, truncated=27

Starting autonomous greedy evaluation at episode 2000 (1000 fixed-seed episodes)...
[Greedy evaluation at episode 2000 | 1000 fixed-seed episodes]
success=0.0%, failure=0.0%, task reward=0.000, length=1000.0
DFA transitions: none

[Episode 2100/8000 | last 100]
success rate                : 0.0% (cumulative 0.0%)
failure rate                : 0.0% (cumulative 0.0%)
completed cycles / episode  : 0.000
synthetic task reward       : 0.000
shaping reward              : -737.616
learning reward             : -737.616
episode length              : 249.8
abstract changes / episode  : 177.6
same abstract-state steps   : 28.9%
same-state shaping / episode: 0.000
changed-state shaping / ep. : -737.616
terminal shaping / episode  : -1.546
DFA transitions / episode   : 0.01
DFA transitions in window   : 1->2: 1
epsilon (next episode)       : 0.43164
replay buffer                : 300000 samples [1: 99.6%, 2: 0.4%, 3: 0.0%, 4: 0.0%]
DFA state visits in window   : 1: 25003, 2: 76, 3: 0, 4: 0
DFA state visits cumulative  : 1: 332844, 2: 1245, 3: 0, 4: 0
DFA state entries in window  : 1: 100, 2: 1, 3: 0, 4: 0
DFA state entries cumulative : 1: 2100, 2: 37, 3: 0, 4: 0
transitions cumulative       : 1->2: 37
accepted directly from s0    : 0
Gym endings cumulative       : terminated=2069, truncated=31

[Episode 2200/8000 | last 100]
success rate                : 0.0% (cumulative 0.0%)
failure rate                : 0.0% (cumulative 0.0%)
completed cycles / episode  : 0.000
synthetic task reward       : 0.000
shaping reward              : -739.890
learning reward             : -739.890
episode length              : 211.5
abstract changes / episode  : 150.6
same abstract-state steps   : 28.8%
same-state shaping / episode: 0.000
changed-state shaping / ep. : -739.890
terminal shaping / episode  : -1.625
DFA transitions / episode   : 0.05
DFA transitions in window   : 1->2: 4, 2->3: 1
epsilon (next episode)       : 0.41471
replay buffer                : 300000 samples [1: 99.6%, 2: 0.4%, 3: 0.0%, 4: 0.0%]
DFA state visits in window   : 1: 20931, 2: 286, 3: 34, 4: 0
DFA state visits cumulative  : 1: 353775, 2: 1531, 3: 34, 4: 0
DFA state entries in window  : 1: 100, 2: 4, 3: 1, 4: 0
DFA state entries cumulative : 1: 2200, 2: 41, 3: 1, 4: 0
transitions cumulative       : 1->2: 41, 2->3: 1
accepted directly from s0    : 0
Gym endings cumulative       : terminated=2166, truncated=34

[Episode 2300/8000 | last 100]
success rate                : 0.0% (cumulative 0.0%)
failure rate                : 0.0% (cumulative 0.0%)
completed cycles / episode  : 0.000
synthetic task reward       : 0.000
shaping reward              : -636.846
learning reward             : -636.846
episode length              : 290.2
abstract changes / episode  : 180.7
same abstract-state steps   : 37.7%
same-state shaping / episode: 0.000
changed-state shaping / ep. : -636.846
terminal shaping / episode  : -4.384
DFA transitions / episode   : 0.04
DFA transitions in window   : 1->2: 4
epsilon (next episode)       : 0.39845
replay buffer                : 300000 samples [1: 99.5%, 2: 0.5%, 3: 0.0%, 4: 0.0%]
DFA state visits in window   : 1: 28790, 2: 329, 3: 0, 4: 0
DFA state visits cumulative  : 1: 382565, 2: 1860, 3: 34, 4: 0
DFA state entries in window  : 1: 100, 2: 4, 3: 0, 4: 0
DFA state entries cumulative : 1: 2300, 2: 45, 3: 1, 4: 0
transitions cumulative       : 1->2: 45, 2->3: 1
accepted directly from s0    : 0
Gym endings cumulative       : terminated=2262, truncated=38

[Episode 2400/8000 | last 100]
success rate                : 0.0% (cumulative 0.0%)
failure rate                : 0.0% (cumulative 0.0%)
completed cycles / episode  : 0.000
synthetic task reward       : 0.000
shaping reward              : -389.045
learning reward             : -389.045
episode length              : 328.0
abstract changes / episode  : 203.7
same abstract-state steps   : 37.9%
same-state shaping / episode: 0.000
changed-state shaping / ep. : -389.045
terminal shaping / episode  : -6.002
DFA transitions / episode   : 0.08
DFA transitions in window   : 1->2: 8
epsilon (next episode)       : 0.38282
replay buffer                : 300000 samples [1: 99.4%, 2: 0.6%, 3: 0.0%, 4: 0.0%]
DFA state visits in window   : 1: 32383, 2: 513, 3: 0, 4: 0
DFA state visits cumulative  : 1: 414948, 2: 2373, 3: 34, 4: 0
DFA state entries in window  : 1: 100, 2: 8, 3: 0, 4: 0
DFA state entries cumulative : 1: 2400, 2: 53, 3: 1, 4: 0
transitions cumulative       : 1->2: 53, 2->3: 1
accepted directly from s0    : 0
Gym endings cumulative       : terminated=2360, truncated=40

[Episode 2500/8000 | last 100]
success rate                : 0.0% (cumulative 0.0%)
failure rate                : 0.0% (cumulative 0.0%)
completed cycles / episode  : 0.000
synthetic task reward       : 0.000
shaping reward              : -319.032
learning reward             : -319.032
episode length              : 362.8
abstract changes / episode  : 205.3
same abstract-state steps   : 43.4%
same-state shaping / episode: 0.000
changed-state shaping / ep. : -319.032
terminal shaping / episode  : -9.444
DFA transitions / episode   : 0.09
DFA transitions in window   : 1->2: 8, 2->3: 1
epsilon (next episode)       : 0.36781
replay buffer                : 300000 samples [1: 99.2%, 2: 0.7%, 3: 0.0%, 4: 0.0%]
DFA state visits in window   : 1: 35870, 2: 442, 3: 66, 4: 0
DFA state visits cumulative  : 1: 450818, 2: 2815, 3: 100, 4: 0
DFA state entries in window  : 1: 100, 2: 8, 3: 1, 4: 0
DFA state entries cumulative : 1: 2500, 2: 61, 3: 2, 4: 0
transitions cumulative       : 1->2: 61, 2->3: 2
accepted directly from s0    : 0
Gym endings cumulative       : terminated=2459, truncated=41

Starting autonomous greedy evaluation at episode 2500 (1000 fixed-seed episodes)...
[Greedy evaluation at episode 2500 | 1000 fixed-seed episodes]
success=0.0%, failure=0.0%, task reward=0.000, length=331.2
DFA transitions: 1->2: 12

[Episode 2600/8000 | last 100]
success rate                : 0.0% (cumulative 0.0%)
failure rate                : 0.0% (cumulative 0.0%)
completed cycles / episode  : 0.000
synthetic task reward       : 0.000
shaping reward              : -352.170
learning reward             : -352.170
episode length              : 403.9
abstract changes / episode  : 247.7
same abstract-state steps   : 38.7%
same-state shaping / episode: 0.000
changed-state shaping / ep. : -352.170
terminal shaping / episode  : -7.318
DFA transitions / episode   : 0.13
DFA transitions in window   : 1->2: 12, 2->3: 1
epsilon (next episode)       : 0.35338
replay buffer                : 300000 samples [1: 98.1%, 2: 1.9%, 3: 0.0%, 4: 0.0%]
DFA state visits in window   : 1: 36784, 2: 3678, 3: 28, 4: 0
DFA state visits cumulative  : 1: 487602, 2: 6493, 3: 128, 4: 0
DFA state entries in window  : 1: 100, 2: 12, 3: 1, 4: 0
DFA state entries cumulative : 1: 2600, 2: 73, 3: 3, 4: 0
transitions cumulative       : 1->2: 73, 2->3: 3
accepted directly from s0    : 0
Gym endings cumulative       : terminated=2555, truncated=45

[Episode 2700/8000 | last 100]
success rate                : 0.0% (cumulative 0.0%)
failure rate                : 0.0% (cumulative 0.0%)
completed cycles / episode  : 0.000
synthetic task reward       : 0.000
shaping reward              : -409.554
learning reward             : -409.554
episode length              : 399.9
abstract changes / episode  : 290.4
same abstract-state steps   : 27.4%
same-state shaping / episode: 0.000
changed-state shaping / ep. : -409.554
terminal shaping / episode  : -2.391
DFA transitions / episode   : 0.13
DFA transitions in window   : 1->2: 12, 2->3: 1
epsilon (next episode)       : 0.33952
replay buffer                : 300000 samples [1: 97.6%, 2: 2.4%, 3: 0.0%, 4: 0.0%]
DFA state visits in window   : 1: 38545, 2: 1531, 3: 14, 4: 0
DFA state visits cumulative  : 1: 526147, 2: 8024, 3: 142, 4: 0
DFA state entries in window  : 1: 100, 2: 12, 3: 1, 4: 0
DFA state entries cumulative : 1: 2700, 2: 85, 3: 4, 4: 0
transitions cumulative       : 1->2: 85, 2->3: 4
accepted directly from s0    : 0
Gym endings cumulative       : terminated=2653, truncated=47

[Episode 2800/8000 | last 100]
success rate                : 0.0% (cumulative 0.0%)
failure rate                : 0.0% (cumulative 0.0%)
completed cycles / episode  : 0.000
synthetic task reward       : 0.000
shaping reward              : -360.835
learning reward             : -360.835
episode length              : 312.7
abstract changes / episode  : 234.3
same abstract-state steps   : 25.1%
same-state shaping / episode: 0.000
changed-state shaping / ep. : -360.835
terminal shaping / episode  : -4.597
DFA transitions / episode   : 0.17
DFA transitions in window   : 1->2: 15, 2->3: 2
epsilon (next episode)       : 0.32621
replay buffer                : 300000 samples [1: 97.2%, 2: 2.7%, 3: 0.1%, 4: 0.0%]
DFA state visits in window   : 1: 29972, 2: 1333, 3: 68, 4: 0
DFA state visits cumulative  : 1: 556119, 2: 9357, 3: 210, 4: 0
DFA state entries in window  : 1: 100, 2: 15, 3: 2, 4: 0
DFA state entries cumulative : 1: 2800, 2: 100, 3: 6, 4: 0
transitions cumulative       : 1->2: 100, 2->3: 6
accepted directly from s0    : 0
Gym endings cumulative       : terminated=2753, truncated=47

[Episode 2900/8000 | last 100]
success rate                : 0.0% (cumulative 0.0%)
failure rate                : 0.0% (cumulative 0.0%)
completed cycles / episode  : 0.000
synthetic task reward       : 0.000
shaping reward              : -151.246
learning reward             : -151.246
episode length              : 355.9
abstract changes / episode  : 251.8
same abstract-state steps   : 29.2%
same-state shaping / episode: 0.000
changed-state shaping / ep. : -151.246
terminal shaping / episode  : -0.523
DFA transitions / episode   : 0.14
DFA transitions in window   : 1->2: 14
epsilon (next episode)       : 0.31341
replay buffer                : 300000 samples [1: 96.9%, 2: 3.0%, 3: 0.1%, 4: 0.0%]
DFA state visits in window   : 1: 34684, 2: 1007, 3: 0, 4: 0
DFA state visits cumulative  : 1: 590803, 2: 10364, 3: 210, 4: 0
DFA state entries in window  : 1: 100, 2: 14, 3: 0, 4: 0
DFA state entries cumulative : 1: 2900, 2: 114, 3: 6, 4: 0
transitions cumulative       : 1->2: 114, 2->3: 6
accepted directly from s0    : 0
Gym endings cumulative       : terminated=2848, truncated=52

[Episode 3000/8000 | last 100]
success rate                : 0.0% (cumulative 0.0%)
failure rate                : 0.0% (cumulative 0.0%)
completed cycles / episode  : 0.000
synthetic task reward       : 0.000
shaping reward              : 228.450
learning reward             : 228.450
episode length              : 432.9
abstract changes / episode  : 331.0
same abstract-state steps   : 23.5%
same-state shaping / episode: 0.000
changed-state shaping / ep. : 228.450
terminal shaping / episode  : -3.677
DFA transitions / episode   : 0.45
DFA transitions in window   : 1->2: 38, 2->3: 7
epsilon (next episode)       : 0.30112
replay buffer                : 300000 samples [1: 94.8%, 2: 5.1%, 3: 0.1%, 4: 0.0%]
DFA state visits in window   : 1: 36695, 2: 6500, 3: 199, 4: 0
DFA state visits cumulative  : 1: 627498, 2: 16864, 3: 409, 4: 0
DFA state entries in window  : 1: 100, 2: 38, 3: 7, 4: 0
DFA state entries cumulative : 1: 3000, 2: 152, 3: 13, 4: 0
transitions cumulative       : 1->2: 152, 2->3: 13
accepted directly from s0    : 0
Gym endings cumulative       : terminated=2940, truncated=60

Starting autonomous greedy evaluation at episode 3000 (1000 fixed-seed episodes)...
[Greedy evaluation at episode 3000 | 1000 fixed-seed episodes]
success=0.1%, failure=0.0%, task reward=10.000, length=660.7
DFA transitions: 1->2: 433, 2->3: 107, 3->4: 1
Best policy updated from autonomous greedy evaluation at episode 3000.

[Episode 3100/8000 | last 100]
success rate                : 0.0% (cumulative 0.0%)
failure rate                : 0.0% (cumulative 0.0%)
completed cycles / episode  : 0.000
synthetic task reward       : 0.000
shaping reward              : 632.167
learning reward             : 632.167
episode length              : 403.1
abstract changes / episode  : 296.0
same abstract-state steps   : 26.6%
same-state shaping / episode: 0.000
changed-state shaping / ep. : 632.167
terminal shaping / episode  : -4.993
DFA transitions / episode   : 0.66
DFA transitions in window   : 1->2: 50, 2->3: 16
epsilon (next episode)       : 0.28931
replay buffer                : 300000 samples [1: 91.0%, 2: 8.2%, 3: 0.8%, 4: 0.0%]
DFA state visits in window   : 1: 28709, 2: 9759, 3: 1943, 4: 0
DFA state visits cumulative  : 1: 656207, 2: 26623, 3: 2352, 4: 0
DFA state entries in window  : 1: 100, 2: 50, 3: 16, 4: 0
DFA state entries cumulative : 1: 3100, 2: 202, 3: 29, 4: 0
transitions cumulative       : 1->2: 202, 2->3: 29
accepted directly from s0    : 0
Gym endings cumulative       : terminated=3034, truncated=66

[Episode 3200/8000 | last 100]
success rate                : 0.0% (cumulative 0.0%)
failure rate                : 0.0% (cumulative 0.0%)
completed cycles / episode  : 0.000
synthetic task reward       : 0.000
shaping reward              : 714.556
learning reward             : 714.556
episode length              : 428.5
abstract changes / episode  : 284.9
same abstract-state steps   : 33.5%
same-state shaping / episode: 0.000
changed-state shaping / ep. : 714.556
terminal shaping / episode  : 1.761
DFA transitions / episode   : 0.62
DFA transitions in window   : 1->2: 47, 2->3: 15
epsilon (next episode)       : 0.27797
replay buffer                : 300000 samples [1: 85.0%, 2: 13.7%, 3: 1.3%, 4: 0.0%]
DFA state visits in window   : 1: 24222, 2: 17221, 3: 1503, 4: 0
DFA state visits cumulative  : 1: 680429, 2: 43844, 3: 3855, 4: 0
DFA state entries in window  : 1: 100, 2: 47, 3: 15, 4: 0
DFA state entries cumulative : 1: 3200, 2: 249, 3: 44, 4: 0
transitions cumulative       : 1->2: 249, 2->3: 44
accepted directly from s0    : 0
Gym endings cumulative       : terminated=3121, truncated=79

[Episode 3300/8000 | last 100]
success rate                : 1.0% (cumulative 0.0%)
failure rate                : 0.0% (cumulative 0.0%)
completed cycles / episode  : 0.000
synthetic task reward       : 100.000
shaping reward              : 875.332
learning reward             : 975.332
episode length              : 415.1
abstract changes / episode  : 249.6
same abstract-state steps   : 39.9%
same-state shaping / episode: 0.000
changed-state shaping / ep. : 875.332
terminal shaping / episode  : -3.633
DFA transitions / episode   : 0.62
DFA transitions in window   : 1->2: 40, 2->3: 21, 3->4: 1
epsilon (next episode)       : 0.26706
replay buffer                : 300000 samples [1: 79.0%, 2: 17.9%, 3: 3.1%, 4: 0.0%]
DFA state visits in window   : 1: 23120, 2: 12814, 3: 5678, 4: 1
DFA state visits cumulative  : 1: 703549, 2: 56658, 3: 9533, 4: 1
DFA state entries in window  : 1: 100, 2: 40, 3: 21, 4: 1
DFA state entries cumulative : 1: 3300, 2: 289, 3: 65, 4: 1
transitions cumulative       : 1->2: 289, 2->3: 65, 3->4: 1
accepted directly from s0    : 0
Gym endings cumulative       : terminated=3205, truncated=94

[Episode 3400/8000 | last 100]
success rate                : 3.0% (cumulative 0.1%)
failure rate                : 0.0% (cumulative 0.0%)
completed cycles / episode  : 0.000
synthetic task reward       : 300.000
shaping reward              : 2496.683
learning reward             : 2796.683
episode length              : 589.0
abstract changes / episode  : 372.6
same abstract-state steps   : 36.7%
same-state shaping / episode: 0.000
changed-state shaping / ep. : 2496.683
terminal shaping / episode  : 1.454
DFA transitions / episode   : 1.24
DFA transitions in window   : 1->2: 73, 2->3: 48, 3->4: 3
epsilon (next episode)       : 0.25659
replay buffer                : 300000 samples [1: 70.6%, 2: 22.1%, 3: 7.3%, 4: 0.0%]
DFA state visits in window   : 1: 28763, 2: 17535, 3: 12701, 4: 3
DFA state visits cumulative  : 1: 732312, 2: 74193, 3: 22234, 4: 4
DFA state entries in window  : 1: 100, 2: 73, 3: 48, 4: 3
DFA state entries cumulative : 1: 3400, 2: 362, 3: 113, 4: 4
transitions cumulative       : 1->2: 362, 2->3: 113, 3->4: 4
accepted directly from s0    : 0
Gym endings cumulative       : terminated=3291, truncated=105

[Episode 3500/8000 | last 100]
success rate                : 28.0% (cumulative 0.9%)
failure rate                : 0.0% (cumulative 0.0%)
completed cycles / episode  : 0.000
synthetic task reward       : 2800.000
shaping reward              : 4817.969
learning reward             : 7617.969
episode length              : 596.6
abstract changes / episode  : 383.8
same abstract-state steps   : 35.7%
same-state shaping / episode: 0.000
changed-state shaping / ep. : 4817.969
terminal shaping / episode  : 26.020
DFA transitions / episode   : 1.84
DFA transitions in window   : 1->2: 85, 2->3: 71, 3->4: 28
epsilon (next episode)       : 0.24653
replay buffer                : 300000 samples [1: 58.9%, 2: 28.7%, 3: 12.4%, 4: 0.0%]
DFA state visits in window   : 1: 22188, 2: 22288, 3: 15257, 4: 28
DFA state visits cumulative  : 1: 754500, 2: 96481, 3: 37491, 4: 32
DFA state entries in window  : 1: 100, 2: 85, 3: 71, 4: 28
DFA state entries cumulative : 1: 3500, 2: 447, 3: 184, 4: 32
transitions cumulative       : 1->2: 447, 2->3: 184, 3->4: 32
accepted directly from s0    : 0
Gym endings cumulative       : terminated=3355, truncated=114

Starting autonomous greedy evaluation at episode 3500 (1000 fixed-seed episodes)...
[Greedy evaluation at episode 3500 | 1000 fixed-seed episodes]
success=55.6%, failure=0.0%, task reward=5560.000, length=508.7
DFA transitions: 1->2: 987, 2->3: 986, 3->4: 556
Best policy updated from autonomous greedy evaluation at episode 3500.

[Episode 3600/8000 | last 100]
success rate                : 19.0% (cumulative 1.4%)
failure rate                : 0.0% (cumulative 0.0%)
completed cycles / episode  : 0.000
synthetic task reward       : 1900.000
shaping reward              : 4242.137
learning reward             : 6142.137
episode length              : 564.7
abstract changes / episode  : 372.7
same abstract-state steps   : 34.0%
same-state shaping / episode: 0.000
changed-state shaping / ep. : 4242.137
terminal shaping / episode  : 14.838
DFA transitions / episode   : 1.75
DFA transitions in window   : 1->2: 87, 2->3: 69, 3->4: 19
epsilon (next episode)       : 0.23686
replay buffer                : 300000 samples [1: 50.2%, 2: 33.4%, 3: 16.4%, 4: 0.0%]
DFA state visits in window   : 1: 23696, 2: 20427, 3: 12431, 4: 19
DFA state visits cumulative  : 1: 778196, 2: 116908, 3: 49922, 4: 51
DFA state entries in window  : 1: 100, 2: 87, 3: 69, 4: 19
DFA state entries cumulative : 1: 3600, 2: 534, 3: 253, 4: 51
transitions cumulative       : 1->2: 534, 2->3: 253, 3->4: 51
accepted directly from s0    : 0
Gym endings cumulative       : terminated=3432, truncated=118

[Episode 3700/8000 | last 100]
success rate                : 15.0% (cumulative 1.8%)
failure rate                : 0.0% (cumulative 0.0%)
completed cycles / episode  : 0.000
synthetic task reward       : 1500.000
shaping reward              : 3377.818
learning reward             : 4877.818
episode length              : 435.8
abstract changes / episode  : 310.9
same abstract-state steps   : 28.6%
same-state shaping / episode: 0.000
changed-state shaping / ep. : 3377.818
terminal shaping / episode  : 9.609
DFA transitions / episode   : 1.32
DFA transitions in window   : 1->2: 69, 2->3: 48, 3->4: 15
epsilon (next episode)       : 0.22757
replay buffer                : 300000 samples [1: 46.6%, 2: 35.1%, 3: 18.3%, 4: 0.0%]
DFA state visits in window   : 1: 20491, 2: 15525, 3: 7648, 4: 15
DFA state visits cumulative  : 1: 798687, 2: 132433, 3: 57570, 4: 66
DFA state entries in window  : 1: 100, 2: 69, 3: 48, 4: 15
DFA state entries cumulative : 1: 3700, 2: 603, 3: 301, 4: 66
transitions cumulative       : 1->2: 603, 2->3: 301, 3->4: 66
accepted directly from s0    : 0
Gym endings cumulative       : terminated=3513, truncated=122

[Episode 3800/8000 | last 100]
success rate                : 19.0% (cumulative 2.2%)
failure rate                : 0.0% (cumulative 0.0%)
completed cycles / episode  : 0.000
synthetic task reward       : 1900.000
shaping reward              : 3964.793
learning reward             : 5864.793
episode length              : 491.2
abstract changes / episode  : 351.8
same abstract-state steps   : 28.4%
same-state shaping / episode: 0.000
changed-state shaping / ep. : 3964.793
terminal shaping / episode  : 20.643
DFA transitions / episode   : 1.60
DFA transitions in window   : 1->2: 78, 2->3: 63, 3->4: 19
epsilon (next episode)       : 0.21865
replay buffer                : 300000 samples [1: 45.4%, 2: 34.0%, 3: 20.5%, 4: 0.0%]
DFA state visits in window   : 1: 22238, 2: 17390, 3: 9570, 4: 19
DFA state visits cumulative  : 1: 820925, 2: 149823, 3: 67140, 4: 85
DFA state entries in window  : 1: 100, 2: 78, 3: 63, 4: 19
DFA state entries cumulative : 1: 3800, 2: 681, 3: 364, 4: 85
transitions cumulative       : 1->2: 681, 2->3: 364, 3->4: 85
accepted directly from s0    : 0
Gym endings cumulative       : terminated=3591, truncated=125

[Episode 3900/8000 | last 100]
success rate                : 31.0% (cumulative 3.0%)
failure rate                : 0.0% (cumulative 0.0%)
completed cycles / episode  : 0.000
synthetic task reward       : 3100.000
shaping reward              : 4542.327
learning reward             : 7642.327
episode length              : 492.7
abstract changes / episode  : 361.5
same abstract-state steps   : 26.6%
same-state shaping / episode: 0.000
changed-state shaping / ep. : 4542.327
terminal shaping / episode  : 24.772
DFA transitions / episode   : 1.79
DFA transitions in window   : 1->2: 80, 2->3: 68, 3->4: 31
epsilon (next episode)       : 0.21007
replay buffer                : 300000 samples [1: 42.7%, 2: 34.8%, 3: 22.4%, 4: 0.0%]
DFA state visits in window   : 1: 21930, 2: 15402, 3: 12006, 4: 31
DFA state visits cumulative  : 1: 842855, 2: 165225, 3: 79146, 4: 116
DFA state entries in window  : 1: 100, 2: 80, 3: 68, 4: 31
DFA state entries cumulative : 1: 3900, 2: 761, 3: 432, 4: 116
transitions cumulative       : 1->2: 761, 2->3: 432, 3->4: 116
accepted directly from s0    : 0
Gym endings cumulative       : terminated=3660, truncated=125

[Episode 4000/8000 | last 100]
success rate                : 34.0% (cumulative 3.8%)
failure rate                : 0.0% (cumulative 0.0%)
completed cycles / episode  : 0.000
synthetic task reward       : 3400.000
shaping reward              : 4939.323
learning reward             : 8339.323
episode length              : 435.7
abstract changes / episode  : 319.5
same abstract-state steps   : 26.7%
same-state shaping / episode: 0.000
changed-state shaping / ep. : 4939.323
terminal shaping / episode  : 34.956
DFA transitions / episode   : 1.86
DFA transitions in window   : 1->2: 84, 2->3: 68, 3->4: 34
epsilon (next episode)       : 0.20183
replay buffer                : 300000 samples [1: 42.3%, 2: 35.4%, 3: 22.3%, 4: 0.0%]
DFA state visits in window   : 1: 16855, 2: 16039, 3: 10742, 4: 34
DFA state visits cumulative  : 1: 859710, 2: 181264, 3: 89888, 4: 150
DFA state entries in window  : 1: 100, 2: 84, 3: 68, 4: 34
DFA state entries cumulative : 1: 4000, 2: 845, 3: 500, 4: 150
transitions cumulative       : 1->2: 845, 2->3: 500, 3->4: 150
accepted directly from s0    : 0
Gym endings cumulative       : terminated=3725, truncated=126

Starting autonomous greedy evaluation at episode 4000 (1000 fixed-seed episodes)...
[Greedy evaluation at episode 4000 | 1000 fixed-seed episodes]
success=32.9%, failure=0.0%, task reward=3290.000, length=590.3
DFA transitions: 1->2: 364, 2->3: 329, 3->4: 329

[Episode 4100/8000 | last 100]
success rate                : 27.0% (cumulative 4.3%)
failure rate                : 0.0% (cumulative 0.0%)
completed cycles / episode  : 0.000
synthetic task reward       : 2700.000
shaping reward              : 4113.678
learning reward             : 6813.678
episode length              : 414.8
abstract changes / episode  : 299.9
same abstract-state steps   : 27.7%
same-state shaping / episode: 0.000
changed-state shaping / ep. : 4113.678
terminal shaping / episode  : 31.700
DFA transitions / episode   : 1.55
DFA transitions in window   : 1->2: 70, 2->3: 58, 3->4: 27
epsilon (next episode)       : 0.19392
replay buffer                : 300000 samples [1: 44.5%, 2: 34.2%, 3: 21.3%, 4: 0.0%]
DFA state visits in window   : 1: 21814, 2: 11543, 3: 8192, 4: 27
DFA state visits cumulative  : 1: 881524, 2: 192807, 3: 98080, 4: 177
DFA state entries in window  : 1: 100, 2: 70, 3: 58, 4: 27
DFA state entries cumulative : 1: 4100, 2: 915, 3: 558, 4: 177
transitions cumulative       : 1->2: 915, 2->3: 558, 3->4: 177
accepted directly from s0    : 0
Gym endings cumulative       : terminated=3794, truncated=130

[Episode 4200/8000 | last 100]
success rate                : 43.0% (cumulative 5.2%)
failure rate                : 0.0% (cumulative 0.0%)
completed cycles / episode  : 0.000
synthetic task reward       : 4300.000
shaping reward              : 5653.468
learning reward             : 9953.468
episode length              : 426.9
abstract changes / episode  : 321.7
same abstract-state steps   : 24.6%
same-state shaping / episode: 0.000
changed-state shaping / ep. : 5653.468
terminal shaping / episode  : 48.834
DFA transitions / episode   : 2.04
DFA transitions in window   : 1->2: 84, 2->3: 77, 3->4: 43
epsilon (next episode)       : 0.18631
replay buffer                : 300000 samples [1: 45.1%, 2: 33.2%, 3: 21.7%, 4: 0.0%]
DFA state visits in window   : 1: 18466, 2: 13073, 3: 11211, 4: 43
DFA state visits cumulative  : 1: 899990, 2: 205880, 3: 109291, 4: 220
DFA state entries in window  : 1: 100, 2: 84, 3: 77, 4: 43
DFA state entries cumulative : 1: 4200, 2: 999, 3: 635, 4: 220
transitions cumulative       : 1->2: 999, 2->3: 635, 3->4: 220
accepted directly from s0    : 0
Gym endings cumulative       : terminated=3850, truncated=131

[Episode 4300/8000 | last 100]
success rate                : 34.0% (cumulative 5.9%)
failure rate                : 0.0% (cumulative 0.0%)
completed cycles / episode  : 0.000
synthetic task reward       : 3400.000
shaping reward              : 5104.806
learning reward             : 8504.806
episode length              : 374.4
abstract changes / episode  : 287.9
same abstract-state steps   : 23.1%
same-state shaping / episode: 0.000
changed-state shaping / ep. : 5104.806
terminal shaping / episode  : 36.267
DFA transitions / episode   : 1.82
DFA transitions in window   : 1->2: 79, 2->3: 69, 3->4: 34
epsilon (next episode)       : 0.17900
replay buffer                : 300000 samples [1: 45.0%, 2: 32.7%, 3: 22.4%, 4: 0.0%]
DFA state visits in window   : 1: 17567, 2: 10995, 3: 8945, 4: 34
DFA state visits cumulative  : 1: 917557, 2: 216875, 3: 118236, 4: 254
DFA state entries in window  : 1: 100, 2: 79, 3: 69, 4: 34
DFA state entries cumulative : 1: 4300, 2: 1078, 3: 704, 4: 254
transitions cumulative       : 1->2: 1078, 2->3: 704, 3->4: 254
accepted directly from s0    : 0
Gym endings cumulative       : terminated=3915, truncated=132

[Episode 4400/8000 | last 100]
success rate                : 47.0% (cumulative 6.8%)
failure rate                : 0.0% (cumulative 0.0%)
completed cycles / episode  : 0.000
synthetic task reward       : 4700.000
shaping reward              : 5404.496
learning reward             : 10104.496
episode length              : 420.5
abstract changes / episode  : 315.0
same abstract-state steps   : 25.1%
same-state shaping / episode: 0.000
changed-state shaping / ep. : 5404.496
terminal shaping / episode  : 47.874
DFA transitions / episode   : 2.01
DFA transitions in window   : 1->2: 81, 2->3: 73, 3->4: 47
epsilon (next episode)       : 0.17198
replay buffer                : 300000 samples [1: 46.4%, 2: 31.1%, 3: 22.5%, 4: 0.0%]
DFA state visits in window   : 1: 22934, 2: 10863, 3: 8307, 4: 47
DFA state visits cumulative  : 1: 940491, 2: 227738, 3: 126543, 4: 301
DFA state entries in window  : 1: 100, 2: 81, 3: 73, 4: 47
DFA state entries cumulative : 1: 4400, 2: 1159, 3: 777, 4: 301
transitions cumulative       : 1->2: 1159, 2->3: 777, 3->4: 301
accepted directly from s0    : 0
Gym endings cumulative       : terminated=3966, truncated=134

[Episode 4500/8000 | last 100]
success rate                : 62.0% (cumulative 8.1%)
failure rate                : 0.0% (cumulative 0.0%)
completed cycles / episode  : 0.000
synthetic task reward       : 6200.000
shaping reward              : 5731.173
learning reward             : 11931.173
episode length              : 428.6
abstract changes / episode  : 323.5
same abstract-state steps   : 24.5%
same-state shaping / episode: 0.000
changed-state shaping / ep. : 5731.173
terminal shaping / episode  : 61.753
DFA transitions / episode   : 2.13
DFA transitions in window   : 1->2: 79, 2->3: 72, 3->4: 62
epsilon (next episode)       : 0.16524
replay buffer                : 300000 samples [1: 47.0%, 2: 30.1%, 3: 22.9%, 4: 0.0%]
DFA state visits in window   : 1: 21244, 2: 12280, 3: 9375, 4: 62
DFA state visits cumulative  : 1: 961735, 2: 240018, 3: 135918, 4: 363
DFA state entries in window  : 1: 100, 2: 79, 3: 72, 4: 62
DFA state entries cumulative : 1: 4500, 2: 1238, 3: 849, 4: 363
transitions cumulative       : 1->2: 1238, 2->3: 849, 3->4: 363
accepted directly from s0    : 0
Gym endings cumulative       : terminated=4004, truncated=134

Starting autonomous greedy evaluation at episode 4500 (1000 fixed-seed episodes)...
[Greedy evaluation at episode 4500 | 1000 fixed-seed episodes]
success=34.4%, failure=0.0%, task reward=3440.000, length=790.1
DFA transitions: 1->2: 430, 2->3: 380, 3->4: 344

[Episode 4600/8000 | last 100]
success rate                : 68.0% (cumulative 9.4%)
failure rate                : 0.0% (cumulative 0.0%)
completed cycles / episode  : 0.000
synthetic task reward       : 6800.000
shaping reward              : 6128.292
learning reward             : 12928.292
episode length              : 408.5
abstract changes / episode  : 314.2
same abstract-state steps   : 23.1%
same-state shaping / episode: 0.000
changed-state shaping / ep. : 6128.292
terminal shaping / episode  : 70.573
DFA transitions / episode   : 2.28
DFA transitions in window   : 1->2: 86, 2->3: 74, 3->4: 68
epsilon (next episode)       : 0.15876
replay buffer                : 300000 samples [1: 47.3%, 2: 30.4%, 3: 22.3%, 4: 0.0%]
DFA state visits in window   : 1: 19231, 2: 13654, 3: 8001, 4: 68
DFA state visits cumulative  : 1: 980966, 2: 253672, 3: 143919, 4: 431
DFA state entries in window  : 1: 100, 2: 86, 3: 74, 4: 68
DFA state entries cumulative : 1: 4600, 2: 1324, 3: 923, 4: 431
transitions cumulative       : 1->2: 1324, 2->3: 923, 3->4: 431
accepted directly from s0    : 0
Gym endings cumulative       : terminated=4033, truncated=137

[Episode 4700/8000 | last 100]
success rate                : 53.0% (cumulative 10.3%)
failure rate                : 0.0% (cumulative 0.0%)
completed cycles / episode  : 0.000
synthetic task reward       : 5300.000
shaping reward              : 5213.876
learning reward             : 10513.876
episode length              : 371.1
abstract changes / episode  : 286.1
same abstract-state steps   : 22.9%
same-state shaping / episode: 0.000
changed-state shaping / ep. : 5213.876
terminal shaping / episode  : 52.520
DFA transitions / episode   : 1.97
DFA transitions in window   : 1->2: 80, 2->3: 64, 3->4: 53
epsilon (next episode)       : 0.15253
replay buffer                : 300000 samples [1: 48.6%, 2: 29.8%, 3: 21.6%, 4: 0.0%]
DFA state visits in window   : 1: 18507, 2: 11906, 3: 6741, 4: 53
DFA state visits cumulative  : 1: 999473, 2: 265578, 3: 150660, 4: 484
DFA state entries in window  : 1: 100, 2: 80, 3: 64, 4: 53
DFA state entries cumulative : 1: 4700, 2: 1404, 3: 987, 4: 484
transitions cumulative       : 1->2: 1404, 2->3: 987, 3->4: 484
accepted directly from s0    : 0
Gym endings cumulative       : terminated=4079, truncated=138

[Episode 4800/8000 | last 100]
success rate                : 65.0% (cumulative 11.4%)
failure rate                : 0.0% (cumulative 0.0%)
completed cycles / episode  : 0.000
synthetic task reward       : 6500.000
shaping reward              : 5948.388
learning reward             : 12448.388
episode length              : 363.9
abstract changes / episode  : 286.2
same abstract-state steps   : 21.3%
same-state shaping / episode: 0.000
changed-state shaping / ep. : 5948.388
terminal shaping / episode  : 64.996
DFA transitions / episode   : 2.26
DFA transitions in window   : 1->2: 86, 2->3: 75, 3->4: 65
epsilon (next episode)       : 0.14655
replay buffer                : 300000 samples [1: 48.2%, 2: 30.3%, 3: 21.5%, 4: 0.0%]
DFA state visits in window   : 1: 16930, 2: 11844, 3: 7646, 4: 65
DFA state visits cumulative  : 1: 1016403, 2: 277422, 3: 158306, 4: 549
DFA state entries in window  : 1: 100, 2: 86, 3: 75, 4: 65
DFA state entries cumulative : 1: 4800, 2: 1490, 3: 1062, 4: 549
transitions cumulative       : 1->2: 1490, 2->3: 1062, 3->4: 549
accepted directly from s0    : 0
Gym endings cumulative       : terminated=4114, truncated=138

[Episode 4900/8000 | last 100]
success rate                : 67.0% (cumulative 12.6%)
failure rate                : 0.0% (cumulative 0.0%)
completed cycles / episode  : 0.000
synthetic task reward       : 6700.000
shaping reward              : 5819.257
learning reward             : 12519.257
episode length              : 309.2
abstract changes / episode  : 247.8
same abstract-state steps   : 19.9%
same-state shaping / episode: 0.000
changed-state shaping / ep. : 5819.257
terminal shaping / episode  : 63.160
DFA transitions / episode   : 2.20
DFA transitions in window   : 1->2: 80, 2->3: 73, 3->4: 67
epsilon (next episode)       : 0.14080
replay buffer                : 300000 samples [1: 48.7%, 2: 30.3%, 3: 21.0%, 4: 0.0%]
DFA state visits in window   : 1: 15894, 2: 8842, 3: 6219, 4: 67
DFA state visits cumulative  : 1: 1032297, 2: 286264, 3: 164525, 4: 616
DFA state entries in window  : 1: 100, 2: 80, 3: 73, 4: 67
DFA state entries cumulative : 1: 4900, 2: 1570, 3: 1135, 4: 616
transitions cumulative       : 1->2: 1570, 2->3: 1135, 3->4: 616
accepted directly from s0    : 0
Gym endings cumulative       : terminated=4147, truncated=138

[Episode 5000/8000 | last 100]
success rate                : 75.0% (cumulative 13.8%)
failure rate                : 0.0% (cumulative 0.0%)
completed cycles / episode  : 0.000
synthetic task reward       : 7500.000
shaping reward              : 6495.178
learning reward             : 13995.178
episode length              : 311.9
abstract changes / episode  : 252.2
same abstract-state steps   : 19.1%
same-state shaping / episode: 0.000
changed-state shaping / ep. : 6495.178
terminal shaping / episode  : 74.037
DFA transitions / episode   : 2.44
DFA transitions in window   : 1->2: 87, 2->3: 82, 3->4: 75
epsilon (next episode)       : 0.13528
replay buffer                : 300000 samples [1: 48.8%, 2: 30.4%, 3: 20.8%, 4: 0.0%]
DFA state visits in window   : 1: 13942, 2: 10227, 3: 7042, 4: 75
DFA state visits cumulative  : 1: 1046239, 2: 296491, 3: 171567, 4: 691
DFA state entries in window  : 1: 100, 2: 87, 3: 82, 4: 75
DFA state entries cumulative : 1: 5000, 2: 1657, 3: 1217, 4: 691
transitions cumulative       : 1->2: 1657, 2->3: 1217, 3->4: 691
accepted directly from s0    : 0
Gym endings cumulative       : terminated=4172, truncated=138

Starting autonomous greedy evaluation at episode 5000 (1000 fixed-seed episodes)...
[Greedy evaluation at episode 5000 | 1000 fixed-seed episodes]
success=98.1%, failure=0.0%, task reward=9810.000, length=320.1
DFA transitions: 1->2: 999, 2->3: 999, 3->4: 981
Best policy updated from autonomous greedy evaluation at episode 5000.

[Episode 5100/8000 | last 100]
success rate                : 86.0% (cumulative 15.2%)
failure rate                : 0.0% (cumulative 0.0%)
completed cycles / episode  : 0.000
synthetic task reward       : 8600.000
shaping reward              : 7587.275
learning reward             : 16187.275
episode length              : 343.7
abstract changes / episode  : 275.3
same abstract-state steps   : 19.9%
same-state shaping / episode: 0.000
changed-state shaping / ep. : 7587.275
terminal shaping / episode  : 83.830
DFA transitions / episode   : 2.77
DFA transitions in window   : 1->2: 96, 2->3: 95, 3->4: 86
epsilon (next episode)       : 0.12998
replay buffer                : 300000 samples [1: 48.3%, 2: 31.0%, 3: 20.7%, 4: 0.0%]
DFA state visits in window   : 1: 14689, 2: 11883, 3: 7815, 4: 86
DFA state visits cumulative  : 1: 1060928, 2: 308374, 3: 179382, 4: 777
DFA state entries in window  : 1: 100, 2: 96, 3: 95, 4: 86
DFA state entries cumulative : 1: 5100, 2: 1753, 3: 1312, 4: 777
transitions cumulative       : 1->2: 1753, 2->3: 1312, 3->4: 777
accepted directly from s0    : 0
Gym endings cumulative       : terminated=4186, truncated=138

[Episode 5200/8000 | last 100]
success rate                : 78.0% (cumulative 16.4%)
failure rate                : 0.0% (cumulative 0.0%)
completed cycles / episode  : 0.000
synthetic task reward       : 7800.000
shaping reward              : 7326.382
learning reward             : 15126.382
episode length              : 357.6
abstract changes / episode  : 287.5
same abstract-state steps   : 19.6%
same-state shaping / episode: 0.000
changed-state shaping / ep. : 7326.382
terminal shaping / episode  : 73.210
DFA transitions / episode   : 2.64
DFA transitions in window   : 1->2: 94, 2->3: 92, 3->4: 78
epsilon (next episode)       : 0.12488
replay buffer                : 300000 samples [1: 47.2%, 2: 31.9%, 3: 20.9%, 4: 0.0%]
DFA state visits in window   : 1: 15816, 2: 12387, 3: 7580, 4: 78
DFA state visits cumulative  : 1: 1076744, 2: 320761, 3: 186962, 4: 855
DFA state entries in window  : 1: 100, 2: 94, 3: 92, 4: 78
DFA state entries cumulative : 1: 5200, 2: 1847, 3: 1404, 4: 855
transitions cumulative       : 1->2: 1847, 2->3: 1404, 3->4: 855
accepted directly from s0    : 0
Gym endings cumulative       : terminated=4208, truncated=138

[Episode 5300/8000 | last 100]
success rate                : 73.0% (cumulative 17.5%)
failure rate                : 0.0% (cumulative 0.0%)
completed cycles / episode  : 0.000
synthetic task reward       : 7300.000
shaping reward              : 6370.786
learning reward             : 13670.786
episode length              : 311.2
abstract changes / episode  : 256.0
same abstract-state steps   : 17.7%
same-state shaping / episode: 0.000
changed-state shaping / ep. : 6370.786
terminal shaping / episode  : 72.421
DFA transitions / episode   : 2.29
DFA transitions in window   : 1->2: 79, 2->3: 77, 3->4: 73
epsilon (next episode)       : 0.11998
replay buffer                : 300000 samples [1: 47.7%, 2: 31.7%, 3: 20.6%, 4: 0.0%]
DFA state visits in window   : 1: 16685, 2: 8553, 3: 5905, 4: 73
DFA state visits cumulative  : 1: 1093429, 2: 329314, 3: 192867, 4: 928
DFA state entries in window  : 1: 100, 2: 79, 3: 77, 4: 73
DFA state entries cumulative : 1: 5300, 2: 1926, 3: 1481, 4: 928
transitions cumulative       : 1->2: 1926, 2->3: 1481, 3->4: 928
accepted directly from s0    : 0
Gym endings cumulative       : terminated=4234, truncated=139

[Episode 5400/8000 | last 100]
success rate                : 80.0% (cumulative 18.7%)
failure rate                : 0.0% (cumulative 0.0%)
completed cycles / episode  : 0.000
synthetic task reward       : 8000.000
shaping reward              : 6889.693
learning reward             : 14889.693
episode length              : 362.0
abstract changes / episode  : 285.5
same abstract-state steps   : 21.1%
same-state shaping / episode: 0.000
changed-state shaping / ep. : 6889.693
terminal shaping / episode  : 79.730
DFA transitions / episode   : 2.51
DFA transitions in window   : 1->2: 87, 2->3: 84, 3->4: 80
epsilon (next episode)       : 0.11528
replay buffer                : 300000 samples [1: 48.6%, 2: 31.6%, 3: 19.9%, 4: 0.0%]
DFA state visits in window   : 1: 20208, 2: 10064, 3: 5950, 4: 80
DFA state visits cumulative  : 1: 1113637, 2: 339378, 3: 198817, 4: 1008
DFA state entries in window  : 1: 100, 2: 87, 3: 84, 4: 80
DFA state entries cumulative : 1: 5400, 2: 2013, 3: 1565, 4: 1008
transitions cumulative       : 1->2: 2013, 2->3: 1565, 3->4: 1008
accepted directly from s0    : 0
Gym endings cumulative       : terminated=4253, truncated=140

[Episode 5500/8000 | last 100]
success rate                : 79.0% (cumulative 19.8%)
failure rate                : 0.0% (cumulative 0.0%)
completed cycles / episode  : 0.000
synthetic task reward       : 7900.000
shaping reward              : 6849.642
learning reward             : 14749.642
episode length              : 352.0
abstract changes / episode  : 278.3
same abstract-state steps   : 20.9%
same-state shaping / episode: 0.000
changed-state shaping / ep. : 6849.642
terminal shaping / episode  : 77.714
DFA transitions / episode   : 2.54
DFA transitions in window   : 1->2: 91, 2->3: 84, 3->4: 79
epsilon (next episode)       : 0.11075
replay buffer                : 300000 samples [1: 48.7%, 2: 31.2%, 3: 20.1%, 4: 0.0%]
DFA state visits in window   : 1: 17867, 2: 10228, 3: 7127, 4: 79
DFA state visits cumulative  : 1: 1131504, 2: 349606, 3: 205944, 4: 1087
DFA state entries in window  : 1: 100, 2: 91, 3: 84, 4: 79
DFA state entries cumulative : 1: 5500, 2: 2104, 3: 1649, 4: 1087
transitions cumulative       : 1->2: 2104, 2->3: 1649, 3->4: 1087
accepted directly from s0    : 0
Gym endings cumulative       : terminated=4271, truncated=143

Starting autonomous greedy evaluation at episode 5500 (1000 fixed-seed episodes)...
[Greedy evaluation at episode 5500 | 1000 fixed-seed episodes]
success=99.8%, failure=0.0%, task reward=9980.000, length=333.0
DFA transitions: 1->2: 1000, 2->3: 998, 3->4: 998
Best policy updated from autonomous greedy evaluation at episode 5500.

[Episode 5600/8000 | last 100]
success rate                : 78.0% (cumulative 20.8%)
failure rate                : 0.0% (cumulative 0.0%)
completed cycles / episode  : 0.000
synthetic task reward       : 7800.000
shaping reward              : 6721.099
learning reward             : 14521.099
episode length              : 320.6
abstract changes / episode  : 265.1
same abstract-state steps   : 17.3%
same-state shaping / episode: 0.000
changed-state shaping / ep. : 6721.099
terminal shaping / episode  : 80.993
DFA transitions / episode   : 2.48
DFA transitions in window   : 1->2: 87, 2->3: 83, 3->4: 78
epsilon (next episode)       : 0.10641
replay buffer                : 300000 samples [1: 49.2%, 2: 30.6%, 3: 20.2%, 4: 0.0%]
DFA state visits in window   : 1: 17259, 2: 8728, 3: 6090, 4: 78
DFA state visits cumulative  : 1: 1148763, 2: 358334, 3: 212034, 4: 1165
DFA state entries in window  : 1: 100, 2: 87, 3: 83, 4: 78
DFA state entries cumulative : 1: 5600, 2: 2191, 3: 1732, 4: 1165
transitions cumulative       : 1->2: 2191, 2->3: 1732, 3->4: 1165
accepted directly from s0    : 0
Gym endings cumulative       : terminated=4293, truncated=143

[Episode 5700/8000 | last 100]
success rate                : 54.0% (cumulative 21.4%)
failure rate                : 0.0% (cumulative 0.0%)
completed cycles / episode  : 0.000
synthetic task reward       : 5400.000
shaping reward              : 4990.187
learning reward             : 10390.187
episode length              : 370.3
abstract changes / episode  : 297.4
same abstract-state steps   : 19.7%
same-state shaping / episode: 0.000
changed-state shaping / ep. : 4990.187
terminal shaping / episode  : 51.255
DFA transitions / episode   : 1.91
DFA transitions in window   : 1->2: 79, 2->3: 58, 3->4: 54
epsilon (next episode)       : 0.10224
replay buffer                : 300000 samples [1: 50.5%, 2: 30.6%, 3: 18.9%, 4: 0.0%]
DFA state visits in window   : 1: 20907, 2: 12381, 3: 3787, 4: 54
DFA state visits cumulative  : 1: 1169670, 2: 370715, 3: 215821, 4: 1219
DFA state entries in window  : 1: 100, 2: 79, 3: 58, 4: 54
DFA state entries cumulative : 1: 5700, 2: 2270, 3: 1790, 4: 1219
transitions cumulative       : 1->2: 2270, 2->3: 1790, 3->4: 1219
accepted directly from s0    : 0
Gym endings cumulative       : terminated=4338, truncated=144

[Episode 5800/8000 | last 100]
success rate                : 82.0% (cumulative 22.4%)
failure rate                : 0.0% (cumulative 0.0%)
completed cycles / episode  : 0.000
synthetic task reward       : 8200.000
shaping reward              : 7419.544
learning reward             : 15619.544
episode length              : 381.0
abstract changes / episode  : 302.1
same abstract-state steps   : 20.7%
same-state shaping / episode: 0.000
changed-state shaping / ep. : 7419.544
terminal shaping / episode  : 80.777
DFA transitions / episode   : 2.71
DFA transitions in window   : 1->2: 100, 2->3: 89, 3->4: 82
epsilon (next episode)       : 0.09823
replay buffer                : 300000 samples [1: 50.1%, 2: 31.7%, 3: 18.2%, 4: 0.0%]
DFA state visits in window   : 1: 18540, 2: 13732, 3: 5849, 4: 82
DFA state visits cumulative  : 1: 1188210, 2: 384447, 3: 221670, 4: 1301
DFA state entries in window  : 1: 100, 2: 100, 3: 89, 4: 82
DFA state entries cumulative : 1: 5800, 2: 2370, 3: 1879, 4: 1301
transitions cumulative       : 1->2: 2370, 2->3: 1879, 3->4: 1301
accepted directly from s0    : 0
Gym endings cumulative       : terminated=4354, truncated=146

[Episode 5900/8000 | last 100]
success rate                : 76.0% (cumulative 23.3%)
failure rate                : 0.0% (cumulative 0.0%)
completed cycles / episode  : 0.000
synthetic task reward       : 7600.000
shaping reward              : 7196.266
learning reward             : 14796.266
episode length              : 311.7
abstract changes / episode  : 256.1
same abstract-state steps   : 17.9%
same-state shaping / episode: 0.000
changed-state shaping / ep. : 7196.266
terminal shaping / episode  : 78.977
DFA transitions / episode   : 2.61
DFA transitions in window   : 1->2: 97, 2->3: 88, 3->4: 76
epsilon (next episode)       : 0.09438
replay buffer                : 300000 samples [1: 50.7%, 2: 31.6%, 3: 17.7%, 4: 0.0%]
DFA state visits in window   : 1: 15012, 2: 10406, 3: 5779, 4: 76
DFA state visits cumulative  : 1: 1203222, 2: 394853, 3: 227449, 4: 1377
DFA state entries in window  : 1: 100, 2: 97, 3: 88, 4: 76
DFA state entries cumulative : 1: 5900, 2: 2467, 3: 1967, 4: 1377
transitions cumulative       : 1->2: 2467, 2->3: 1967, 3->4: 1377
accepted directly from s0    : 0
Gym endings cumulative       : terminated=4378, truncated=146

[Episode 6000/8000 | last 100]
success rate                : 60.0% (cumulative 23.9%)
failure rate                : 0.0% (cumulative 0.0%)
completed cycles / episode  : 0.000
synthetic task reward       : 6000.000
shaping reward              : 5452.464
learning reward             : 11452.464
episode length              : 334.5
abstract changes / episode  : 266.1
same abstract-state steps   : 20.5%
same-state shaping / episode: 0.000
changed-state shaping / ep. : 5452.464
terminal shaping / episode  : 59.957
DFA transitions / episode   : 2.10
DFA transitions in window   : 1->2: 86, 2->3: 64, 3->4: 60
epsilon (next episode)       : 0.09067
replay buffer                : 300000 samples [1: 52.3%, 2: 31.2%, 3: 16.6%, 4: 0.0%]
DFA state visits in window   : 1: 18528, 2: 11225, 3: 3735, 4: 60
DFA state visits cumulative  : 1: 1221750, 2: 406078, 3: 231184, 4: 1437
DFA state entries in window  : 1: 100, 2: 86, 3: 64, 4: 60
DFA state entries cumulative : 1: 6000, 2: 2553, 3: 2031, 4: 1437
transitions cumulative       : 1->2: 2553, 2->3: 2031, 3->4: 1437
accepted directly from s0    : 0
Gym endings cumulative       : terminated=4418, truncated=146

Starting autonomous greedy evaluation at episode 6000 (1000 fixed-seed episodes)...
[Greedy evaluation at episode 6000 | 1000 fixed-seed episodes]
success=6.2%, failure=0.0%, task reward=620.000, length=483.5
DFA transitions: 1->2: 968, 2->3: 87, 3->4: 62

[Episode 6100/8000 | last 100]
success rate                : 61.0% (cumulative 24.6%)
failure rate                : 0.0% (cumulative 0.0%)
completed cycles / episode  : 0.000
synthetic task reward       : 6100.000
shaping reward              : 5959.854
learning reward             : 12059.854
episode length              : 340.1
abstract changes / episode  : 268.3
same abstract-state steps   : 21.1%
same-state shaping / episode: 0.000
changed-state shaping / ep. : 5959.854
terminal shaping / episode  : 63.913
DFA transitions / episode   : 2.21
DFA transitions in window   : 1->2: 89, 2->3: 71, 3->4: 61
epsilon (next episode)       : 0.08712
replay buffer                : 300000 samples [1: 52.1%, 2: 32.3%, 3: 15.6%, 4: 0.0%]
DFA state visits in window   : 1: 16234, 2: 13754, 3: 4057, 4: 61
DFA state visits cumulative  : 1: 1237984, 2: 419832, 3: 235241, 4: 1498
DFA state entries in window  : 1: 100, 2: 89, 3: 71, 4: 61
DFA state entries cumulative : 1: 6100, 2: 2642, 3: 2102, 4: 1498
transitions cumulative       : 1->2: 2642, 2->3: 2102, 3->4: 1498
accepted directly from s0    : 0
Gym endings cumulative       : terminated=4455, truncated=148

[Episode 6200/8000 | last 100]
success rate                : 63.0% (cumulative 25.2%)
failure rate                : 0.0% (cumulative 0.0%)
completed cycles / episode  : 0.000
synthetic task reward       : 6300.000
shaping reward              : 6562.502
learning reward             : 12862.502
episode length              : 283.1
abstract changes / episode  : 233.7
same abstract-state steps   : 17.5%
same-state shaping / episode: 0.000
changed-state shaping / ep. : 6562.502
terminal shaping / episode  : 56.020
DFA transitions / episode   : 2.33
DFA transitions in window   : 1->2: 85, 2->3: 85, 3->4: 63
epsilon (next episode)       : 0.08370
replay buffer                : 300000 samples [1: 51.8%, 2: 32.6%, 3: 15.5%, 4: 0.0%]
DFA state visits in window   : 1: 14130, 2: 8834, 3: 5385, 4: 63
DFA state visits cumulative  : 1: 1252114, 2: 428666, 3: 240626, 4: 1561
DFA state entries in window  : 1: 100, 2: 85, 3: 85, 4: 63
DFA state entries cumulative : 1: 6200, 2: 2727, 3: 2187, 4: 1561
transitions cumulative       : 1->2: 2727, 2->3: 2187, 3->4: 1561
accepted directly from s0    : 0
Gym endings cumulative       : terminated=4492, truncated=148

[Episode 6300/8000 | last 100]
success rate                : 59.0% (cumulative 25.7%)
failure rate                : 0.0% (cumulative 0.0%)
completed cycles / episode  : 0.000
synthetic task reward       : 5900.000
shaping reward              : 5221.283
learning reward             : 11121.283
episode length              : 260.1
abstract changes / episode  : 212.8
same abstract-state steps   : 18.2%
same-state shaping / episode: 0.000
changed-state shaping / ep. : 5221.283
terminal shaping / episode  : 64.214
DFA transitions / episode   : 1.96
DFA transitions in window   : 1->2: 69, 2->3: 68, 3->4: 59
epsilon (next episode)       : 0.08042
replay buffer                : 300000 samples [1: 51.6%, 2: 32.7%, 3: 15.8%, 4: 0.0%]
DFA state visits in window   : 1: 13382, 2: 7774, 3: 4900, 4: 59
DFA state visits cumulative  : 1: 1265496, 2: 436440, 3: 245526, 4: 1620
DFA state entries in window  : 1: 100, 2: 69, 3: 68, 4: 59
DFA state entries cumulative : 1: 6300, 2: 2796, 3: 2255, 4: 1620
transitions cumulative       : 1->2: 2796, 2->3: 2255, 3->4: 1620
accepted directly from s0    : 0
Gym endings cumulative       : terminated=4533, truncated=148

[Episode 6400/8000 | last 100]
success rate                : 87.0% (cumulative 26.7%)
failure rate                : 0.0% (cumulative 0.0%)
completed cycles / episode  : 0.000
synthetic task reward       : 8700.000
shaping reward              : 7810.978
learning reward             : 16510.978
episode length              : 309.4
abstract changes / episode  : 250.9
same abstract-state steps   : 18.9%
same-state shaping / episode: 0.000
changed-state shaping / ep. : 7810.978
terminal shaping / episode  : 88.339
DFA transitions / episode   : 2.84
DFA transitions in window   : 1->2: 99, 2->3: 98, 3->4: 87
epsilon (next episode)       : 0.07727
replay buffer                : 300000 samples [1: 50.5%, 2: 33.4%, 3: 16.2%, 4: 0.0%]
DFA state visits in window   : 1: 12814, 2: 10844, 3: 7297, 4: 87
DFA state visits cumulative  : 1: 1278310, 2: 447284, 3: 252823, 4: 1707
DFA state entries in window  : 1: 100, 2: 99, 3: 98, 4: 87
DFA state entries cumulative : 1: 6400, 2: 2895, 3: 2353, 4: 1707
transitions cumulative       : 1->2: 2895, 2->3: 2353, 3->4: 1707
accepted directly from s0    : 0
Gym endings cumulative       : terminated=4546, truncated=148

[Episode 6500/8000 | last 100]
success rate                : 75.0% (cumulative 27.4%)
failure rate                : 0.0% (cumulative 0.0%)
completed cycles / episode  : 0.000
synthetic task reward       : 7500.000
shaping reward              : 6788.350
learning reward             : 14288.350
episode length              : 327.8
abstract changes / episode  : 263.6
same abstract-state steps   : 19.6%
same-state shaping / episode: 0.000
changed-state shaping / ep. : 6788.350
terminal shaping / episode  : 69.805
DFA transitions / episode   : 2.51
DFA transitions in window   : 1->2: 92, 2->3: 84, 3->4: 75
epsilon (next episode)       : 0.07423
replay buffer                : 300000 samples [1: 50.0%, 2: 33.8%, 3: 16.1%, 4: 0.0%]
DFA state visits in window   : 1: 16720, 2: 10186, 3: 5897, 4: 75
DFA state visits cumulative  : 1: 1295030, 2: 457470, 3: 258720, 4: 1782
DFA state entries in window  : 1: 100, 2: 92, 3: 84, 4: 75
DFA state entries cumulative : 1: 6500, 2: 2987, 3: 2437, 4: 1782
transitions cumulative       : 1->2: 2987, 2->3: 2437, 3->4: 1782
accepted directly from s0    : 0
Gym endings cumulative       : terminated=4571, truncated=148

Starting autonomous greedy evaluation at episode 6500 (1000 fixed-seed episodes)...
[Greedy evaluation at episode 6500 | 1000 fixed-seed episodes]
success=69.6%, failure=0.0%, task reward=6960.000, length=276.7
DFA transitions: 1->2: 961, 2->3: 699, 3->4: 696

[Episode 6600/8000 | last 100]
success rate                : 58.0% (cumulative 27.9%)
failure rate                : 0.0% (cumulative 0.0%)
completed cycles / episode  : 0.000
synthetic task reward       : 5800.000
shaping reward              : 5286.514
learning reward             : 11086.514
episode length              : 296.4
abstract changes / episode  : 242.7
same abstract-state steps   : 18.1%
same-state shaping / episode: 0.000
changed-state shaping / ep. : 5286.514
terminal shaping / episode  : 56.431
DFA transitions / episode   : 2.02
DFA transitions in window   : 1->2: 75, 2->3: 69, 3->4: 58
epsilon (next episode)       : 0.07132
replay buffer                : 300000 samples [1: 49.7%, 2: 33.9%, 3: 16.4%, 4: 0.0%]
DFA state visits in window   : 1: 15732, 2: 8608, 3: 5344, 4: 58
DFA state visits cumulative  : 1: 1310762, 2: 466078, 3: 264064, 4: 1840
DFA state entries in window  : 1: 100, 2: 75, 3: 69, 4: 58
DFA state entries cumulative : 1: 6600, 2: 3062, 3: 2506, 4: 1840
transitions cumulative       : 1->2: 3062, 2->3: 2506, 3->4: 1840
accepted directly from s0    : 0
Gym endings cumulative       : terminated=4613, truncated=148

[Episode 6700/8000 | last 100]
success rate                : 61.0% (cumulative 28.4%)
failure rate                : 0.0% (cumulative 0.0%)
completed cycles / episode  : 0.000
synthetic task reward       : 6100.000
shaping reward              : 6051.697
learning reward             : 12151.697
episode length              : 285.5
abstract changes / episode  : 234.5
same abstract-state steps   : 17.8%
same-state shaping / episode: 0.000
changed-state shaping / ep. : 6051.697
terminal shaping / episode  : 61.974
DFA transitions / episode   : 2.23
DFA transitions in window   : 1->2: 83, 2->3: 79, 3->4: 61
epsilon (next episode)       : 0.06853
replay buffer                : 300000 samples [1: 49.4%, 2: 33.1%, 3: 17.5%, 4: 0.0%]
DFA state visits in window   : 1: 13816, 2: 9355, 3: 5414, 4: 61
DFA state visits cumulative  : 1: 1324578, 2: 475433, 3: 269478, 4: 1901
DFA state entries in window  : 1: 100, 2: 83, 3: 79, 4: 61
DFA state entries cumulative : 1: 6700, 2: 3145, 3: 2585, 4: 1901
transitions cumulative       : 1->2: 3145, 2->3: 2585, 3->4: 1901
accepted directly from s0    : 0
Gym endings cumulative       : terminated=4652, truncated=148

[Episode 6800/8000 | last 100]
success rate                : 67.0% (cumulative 28.9%)
failure rate                : 0.0% (cumulative 0.0%)
completed cycles / episode  : 0.000
synthetic task reward       : 6700.000
shaping reward              : 6955.067
learning reward             : 13655.067
episode length              : 288.6
abstract changes / episode  : 231.0
same abstract-state steps   : 20.0%
same-state shaping / episode: 0.000
changed-state shaping / ep. : 6955.067
terminal shaping / episode  : 69.846
DFA transitions / episode   : 2.42
DFA transitions in window   : 1->2: 88, 2->3: 87, 3->4: 67
epsilon (next episode)       : 0.06584
replay buffer                : 300000 samples [1: 49.8%, 2: 32.7%, 3: 17.5%, 4: 0.0%]
DFA state visits in window   : 1: 15055, 2: 8469, 3: 5366, 4: 67
DFA state visits cumulative  : 1: 1339633, 2: 483902, 3: 274844, 4: 1968
DFA state entries in window  : 1: 100, 2: 88, 3: 87, 4: 67
DFA state entries cumulative : 1: 6800, 2: 3233, 3: 2672, 4: 1968
transitions cumulative       : 1->2: 3233, 2->3: 2672, 3->4: 1968
accepted directly from s0    : 0
Gym endings cumulative       : terminated=4685, truncated=148

[Episode 6900/8000 | last 100]
success rate                : 81.0% (cumulative 29.7%)
failure rate                : 0.0% (cumulative 0.0%)
completed cycles / episode  : 0.000
synthetic task reward       : 8100.000
shaping reward              : 6889.434
learning reward             : 14989.434
episode length              : 306.9
abstract changes / episode  : 240.0
same abstract-state steps   : 21.8%
same-state shaping / episode: 0.000
changed-state shaping / ep. : 6889.434
terminal shaping / episode  : 84.880
DFA transitions / episode   : 2.51
DFA transitions in window   : 1->2: 87, 2->3: 83, 3->4: 81
epsilon (next episode)       : 0.06326
replay buffer                : 300000 samples [1: 50.3%, 2: 32.2%, 3: 17.5%, 4: 0.0%]
DFA state visits in window   : 1: 16405, 2: 8705, 3: 5603, 4: 81
DFA state visits cumulative  : 1: 1356038, 2: 492607, 3: 280447, 4: 2049
DFA state entries in window  : 1: 100, 2: 87, 3: 83, 4: 81
DFA state entries cumulative : 1: 6900, 2: 3320, 3: 2755, 4: 2049
transitions cumulative       : 1->2: 3320, 2->3: 2755, 3->4: 2049
accepted directly from s0    : 0
Gym endings cumulative       : terminated=4702, truncated=150

[Episode 7000/8000 | last 100]
success rate                : 71.0% (cumulative 30.3%)
failure rate                : 0.0% (cumulative 0.0%)
completed cycles / episode  : 0.000
synthetic task reward       : 7100.000
shaping reward              : 6217.998
learning reward             : 13317.998
episode length              : 386.1
abstract changes / episode  : 292.7
same abstract-state steps   : 24.2%
same-state shaping / episode: 0.000
changed-state shaping / ep. : 6217.998
terminal shaping / episode  : 68.377
DFA transitions / episode   : 2.31
DFA transitions in window   : 1->2: 82, 2->3: 78, 3->4: 71
epsilon (next episode)       : 0.06078
replay buffer                : 300000 samples [1: 49.4%, 2: 31.9%, 3: 18.7%, 4: 0.0%]
DFA state visits in window   : 1: 18484, 2: 12441, 3: 7719, 4: 71
DFA state visits cumulative  : 1: 1374522, 2: 505048, 3: 288166, 4: 2120
DFA state entries in window  : 1: 100, 2: 82, 3: 78, 4: 71
DFA state entries cumulative : 1: 7000, 2: 3402, 3: 2833, 4: 2120
transitions cumulative       : 1->2: 3402, 2->3: 2833, 3->4: 2120
accepted directly from s0    : 0
Gym endings cumulative       : terminated=4727, truncated=154

Starting autonomous greedy evaluation at episode 7000 (1000 fixed-seed episodes)...
[Greedy evaluation at episode 7000 | 1000 fixed-seed episodes]
success=33.3%, failure=0.0%, task reward=3330.000, length=374.1
DFA transitions: 1->2: 434, 2->3: 381, 3->4: 333

[Episode 7100/8000 | last 100]
success rate                : 73.0% (cumulative 30.9%)
failure rate                : 0.0% (cumulative 0.0%)
completed cycles / episode  : 0.000
synthetic task reward       : 7300.000
shaping reward              : 6269.224
learning reward             : 13569.224
episode length              : 384.5
abstract changes / episode  : 298.6
same abstract-state steps   : 22.3%
same-state shaping / episode: 0.000
changed-state shaping / ep. : 6269.224
terminal shaping / episode  : 69.717
DFA transitions / episode   : 2.30
DFA transitions in window   : 1->2: 79, 2->3: 78, 3->4: 73
epsilon (next episode)       : 0.05839
replay buffer                : 300000 samples [1: 51.2%, 2: 30.1%, 3: 18.6%, 4: 0.0%]
DFA state visits in window   : 1: 23807, 2: 9323, 3: 5350, 4: 73
DFA state visits cumulative  : 1: 1398329, 2: 514371, 3: 293516, 4: 2193
DFA state entries in window  : 1: 100, 2: 79, 3: 78, 4: 73
DFA state entries cumulative : 1: 7100, 2: 3481, 3: 2911, 4: 2193
transitions cumulative       : 1->2: 3481, 2->3: 2911, 3->4: 2193
accepted directly from s0    : 0
Gym endings cumulative       : terminated=4752, truncated=156

[Episode 7200/8000 | last 100]
success rate                : 88.0% (cumulative 31.7%)
failure rate                : 0.0% (cumulative 0.0%)
completed cycles / episode  : 0.000
synthetic task reward       : 8800.000
shaping reward              : 7487.158
learning reward             : 16287.158
episode length              : 345.2
abstract changes / episode  : 282.3
same abstract-state steps   : 18.2%
same-state shaping / episode: 0.000
changed-state shaping / ep. : 7487.158
terminal shaping / episode  : 86.813
DFA transitions / episode   : 2.73
DFA transitions in window   : 1->2: 93, 2->3: 92, 3->4: 88
epsilon (next episode)       : 0.05610
replay buffer                : 300000 samples [1: 50.9%, 2: 30.4%, 3: 18.8%, 4: 0.0%]
DFA state visits in window   : 1: 15970, 2: 11246, 3: 7319, 4: 88
DFA state visits cumulative  : 1: 1414299, 2: 525617, 3: 300835, 4: 2281
DFA state entries in window  : 1: 100, 2: 93, 3: 92, 4: 88
DFA state entries cumulative : 1: 7200, 2: 3574, 3: 3003, 4: 2281
transitions cumulative       : 1->2: 3574, 2->3: 3003, 3->4: 2281
accepted directly from s0    : 0
Gym endings cumulative       : terminated=4764, truncated=156

[Episode 7300/8000 | last 100]
success rate                : 87.0% (cumulative 32.4%)
failure rate                : 0.0% (cumulative 0.0%)
completed cycles / episode  : 0.000
synthetic task reward       : 8700.000
shaping reward              : 7431.230
learning reward             : 16131.230
episode length              : 297.0
abstract changes / episode  : 242.5
same abstract-state steps   : 18.4%
same-state shaping / episode: 0.000
changed-state shaping / ep. : 7431.230
terminal shaping / episode  : 89.845
DFA transitions / episode   : 2.67
DFA transitions in window   : 1->2: 90, 2->3: 90, 3->4: 87
epsilon (next episode)       : 0.05390
replay buffer                : 300000 samples [1: 51.5%, 2: 30.0%, 3: 18.6%, 4: 0.0%]
DFA state visits in window   : 1: 14644, 2: 9092, 3: 5980, 4: 87
DFA state visits cumulative  : 1: 1428943, 2: 534709, 3: 306815, 4: 2368
DFA state entries in window  : 1: 100, 2: 90, 3: 90, 4: 87
DFA state entries cumulative : 1: 7300, 2: 3664, 3: 3093, 4: 2368
transitions cumulative       : 1->2: 3664, 2->3: 3093, 3->4: 2368
accepted directly from s0    : 0
Gym endings cumulative       : terminated=4777, truncated=156

[Episode 7400/8000 | last 100]
success rate                : 78.0% (cumulative 33.1%)
failure rate                : 0.0% (cumulative 0.0%)
completed cycles / episode  : 0.000
synthetic task reward       : 7800.000
shaping reward              : 6811.197
learning reward             : 14611.197
episode length              : 310.8
abstract changes / episode  : 247.4
same abstract-state steps   : 20.4%
same-state shaping / episode: 0.000
changed-state shaping / ep. : 6811.197
terminal shaping / episode  : 75.626
DFA transitions / episode   : 2.47
DFA transitions in window   : 1->2: 85, 2->3: 84, 3->4: 78
epsilon (next episode)       : 0.05179
replay buffer                : 300000 samples [1: 51.8%, 2: 29.4%, 3: 18.8%, 4: 0.0%]
DFA state visits in window   : 1: 16765, 2: 7801, 3: 6536, 4: 78
DFA state visits cumulative  : 1: 1445708, 2: 542510, 3: 313351, 4: 2446
DFA state entries in window  : 1: 100, 2: 85, 3: 84, 4: 78
DFA state entries cumulative : 1: 7400, 2: 3749, 3: 3177, 4: 2446
transitions cumulative       : 1->2: 3749, 2->3: 3177, 3->4: 2446
accepted directly from s0    : 0
Gym endings cumulative       : terminated=4799, truncated=156

[Episode 7500/8000 | last 100]
success rate                : 85.0% (cumulative 33.7%)
failure rate                : 0.0% (cumulative 0.0%)
completed cycles / episode  : 0.000
synthetic task reward       : 8500.000
shaping reward              : 7173.716
learning reward             : 15673.716
episode length              : 287.6
abstract changes / episode  : 234.9
same abstract-state steps   : 18.3%
same-state shaping / episode: 0.000
changed-state shaping / ep. : 7173.716
terminal shaping / episode  : 85.563
DFA transitions / episode   : 2.62
DFA transitions in window   : 1->2: 89, 2->3: 88, 3->4: 85
epsilon (next episode)       : 0.04976
replay buffer                : 300000 samples [1: 51.4%, 2: 29.2%, 3: 19.4%, 4: 0.0%]
DFA state visits in window   : 1: 13918, 2: 8409, 3: 6453, 4: 85
DFA state visits cumulative  : 1: 1459626, 2: 550919, 3: 319804, 4: 2531
DFA state entries in window  : 1: 100, 2: 89, 3: 88, 4: 85
DFA state entries cumulative : 1: 7500, 2: 3838, 3: 3265, 4: 2531
transitions cumulative       : 1->2: 3838, 2->3: 3265, 3->4: 2531
accepted directly from s0    : 0
Gym endings cumulative       : terminated=4814, truncated=156

Starting autonomous greedy evaluation at episode 7500 (1000 fixed-seed episodes)...
[Greedy evaluation at episode 7500 | 1000 fixed-seed episodes]
success=94.9%, failure=0.0%, task reward=9490.000, length=282.1
DFA transitions: 1->2: 954, 2->3: 952, 3->4: 949

[Episode 7600/8000 | last 100]
success rate                : 86.0% (cumulative 34.4%)
failure rate                : 0.0% (cumulative 0.0%)
completed cycles / episode  : 0.000
synthetic task reward       : 8600.000
shaping reward              : 7769.974
learning reward             : 16369.974
episode length              : 312.8
abstract changes / episode  : 246.5
same abstract-state steps   : 21.2%
same-state shaping / episode: 0.000
changed-state shaping / ep. : 7769.974
terminal shaping / episode  : 86.990
DFA transitions / episode   : 2.78
DFA transitions in window   : 1->2: 96, 2->3: 96, 3->4: 86
epsilon (next episode)       : 0.04781
replay buffer                : 300000 samples [1: 51.0%, 2: 29.0%, 3: 20.1%, 4: 0.0%]
DFA state visits in window   : 1: 14367, 2: 8823, 3: 8108, 4: 86
DFA state visits cumulative  : 1: 1473993, 2: 559742, 3: 327912, 4: 2617
DFA state entries in window  : 1: 100, 2: 96, 3: 96, 4: 86
DFA state entries cumulative : 1: 7600, 2: 3934, 3: 3361, 4: 2617
transitions cumulative       : 1->2: 3934, 2->3: 3361, 3->4: 2617
accepted directly from s0    : 0
Gym endings cumulative       : terminated=4827, truncated=157

[Episode 7700/8000 | last 100]
success rate                : 66.0% (cumulative 34.8%)
failure rate                : 0.0% (cumulative 0.0%)
completed cycles / episode  : 0.000
synthetic task reward       : 6600.000
shaping reward              : 5653.950
learning reward             : 12253.950
episode length              : 275.7
abstract changes / episode  : 220.3
same abstract-state steps   : 20.1%
same-state shaping / episode: 0.000
changed-state shaping / ep. : 5653.950
terminal shaping / episode  : 63.572
DFA transitions / episode   : 2.13
DFA transitions in window   : 1->2: 74, 2->3: 73, 3->4: 66
epsilon (next episode)       : 0.04593
replay buffer                : 300000 samples [1: 51.7%, 2: 28.4%, 3: 19.9%, 4: 0.0%]
DFA state visits in window   : 1: 15778, 2: 6718, 3: 5105, 4: 66
DFA state visits cumulative  : 1: 1489771, 2: 566460, 3: 333017, 4: 2683
DFA state entries in window  : 1: 100, 2: 74, 3: 73, 4: 66
DFA state entries cumulative : 1: 7700, 2: 4008, 3: 3434, 4: 2683
transitions cumulative       : 1->2: 4008, 2->3: 3434, 3->4: 2683
accepted directly from s0    : 0
Gym endings cumulative       : terminated=4861, truncated=157

[Episode 7800/8000 | last 100]
success rate                : 18.0% (cumulative 34.6%)
failure rate                : 0.0% (cumulative 0.0%)
completed cycles / episode  : 0.000
synthetic task reward       : 1800.000
shaping reward              : 1858.480
learning reward             : 3658.480
episode length              : 298.3
abstract changes / episode  : 223.5
same abstract-state steps   : 25.1%
same-state shaping / episode: 0.000
changed-state shaping / ep. : 1858.480
terminal shaping / episode  : 9.540
DFA transitions / episode   : 1.14
DFA transitions in window   : 1->2: 57, 2->3: 39, 3->4: 18
epsilon (next episode)       : 0.04413
replay buffer                : 300000 samples [1: 52.5%, 2: 27.2%, 3: 20.3%, 4: 0.0%]
DFA state visits in window   : 1: 18221, 2: 5126, 3: 6569, 4: 18
DFA state visits cumulative  : 1: 1507992, 2: 571586, 3: 339586, 4: 2701
DFA state entries in window  : 1: 100, 2: 57, 3: 39, 4: 18
DFA state entries cumulative : 1: 7800, 2: 4065, 3: 3473, 4: 2701
transitions cumulative       : 1->2: 4065, 2->3: 3473, 3->4: 2701
accepted directly from s0    : 0
Gym endings cumulative       : terminated=4939, truncated=161

[Episode 7900/8000 | last 100]
success rate                : 2.0% (cumulative 34.2%)
failure rate                : 0.0% (cumulative 0.0%)
completed cycles / episode  : 0.000
synthetic task reward       : 200.000
shaping reward              : 1716.923
learning reward             : 1916.923
episode length              : 604.0
abstract changes / episode  : 375.0
same abstract-state steps   : 37.9%
same-state shaping / episode: 0.000
changed-state shaping / ep. : 1716.923
terminal shaping / episode  : -1.309
DFA transitions / episode   : 1.09
DFA transitions in window   : 1->2: 73, 2->3: 34, 3->4: 2
epsilon (next episode)       : 0.04240
replay buffer                : 300000 samples [1: 49.6%, 2: 28.0%, 3: 22.3%, 4: 0.0%]
DFA state visits in window   : 1: 24215, 2: 19607, 3: 16679, 4: 2
DFA state visits cumulative  : 1: 1532207, 2: 591193, 3: 356265, 4: 2703
DFA state entries in window  : 1: 100, 2: 73, 3: 34, 4: 2
DFA state entries cumulative : 1: 7900, 2: 4138, 3: 3507, 4: 2703
transitions cumulative       : 1->2: 4138, 2->3: 3507, 3->4: 2703
accepted directly from s0    : 0
Gym endings cumulative       : terminated=5004, truncated=194

[Episode 8000/8000 | last 100]
success rate                : 20.0% (cumulative 34.0%)
failure rate                : 0.0% (cumulative 0.0%)
completed cycles / episode  : 0.000
synthetic task reward       : 2000.000
shaping reward              : 3463.453
learning reward             : 5463.453
episode length              : 494.5
abstract changes / episode  : 348.9
same abstract-state steps   : 29.5%
same-state shaping / episode: 0.000
changed-state shaping / ep. : 3463.453
terminal shaping / episode  : 13.915
DFA transitions / episode   : 1.37
DFA transitions in window   : 1->2: 67, 2->3: 50, 3->4: 20
epsilon (next episode)       : 0.04074
replay buffer                : 300000 samples [1: 49.2%, 2: 28.6%, 3: 22.2%, 4: 0.0%]
DFA state visits in window   : 1: 24787, 2: 16231, 3: 8515, 4: 20
DFA state visits cumulative  : 1: 1556994, 2: 607424, 3: 364780, 4: 2723
DFA state entries in window  : 1: 100, 2: 67, 3: 50, 4: 20
DFA state entries cumulative : 1: 8000, 2: 4205, 3: 3557, 4: 2723
transitions cumulative       : 1->2: 4205, 2->3: 3557, 3->4: 2723
accepted directly from s0    : 0
Gym endings cumulative       : terminated=5068, truncated=210

Starting autonomous greedy evaluation at episode 8000 (1000 fixed-seed episodes)...
[Greedy evaluation at episode 8000 | 1000 fixed-seed episodes]
success=48.2%, failure=0.0%, task reward=4820.000, length=329.5
DFA transitions: 1->2: 977, 2->3: 970, 3->4: 482
Last policy saved after episode 8000. Best greedy evaluation: episode 5500, mean task reward=9980.000
