
=== NEW RUN ===
episodes=8000, shaping=True, goal_reward=10000.0, gamma=0.99
gamma_shaping=1.0, shaping_formula=gamma_shaping*Phi(next)-Phi(state)
ground_unbiased_learner=False
eval_interval=500, eval_episodes=1000, eval_seed=100000
inter_level_shaping=False, inter_level_formula=gamma*Phi(next)-Phi(state)
task_type=ltlf, task=F(wp1 & X(F(wp2 & X(F(g1)))))
regions={wp1: {'center': [-0.75, 1.0625], 'radius': 0.1}, wp2: {'center': [0, 0.5], 'radius': 0.1}, g1: {'center': [0.75, 1.0625], 'radius': 0.1}}
dfa_states=[1, 2, 3, 4], pre_trace=1, accepting=[4], failure=[]

[Episode 1/8000 | last 1]
success rate                : 0.0% (cumulative 0.0%)
failure rate                : 0.0% (cumulative 0.0%)
completed cycles / episode  : 0.000
synthetic task reward       : 0.000
shaping reward              : -1008.124
learning reward             : -1008.124
episode length              : 101.0
abstract changes / episode  : 87.0
same abstract-state steps   : 13.9%
same-state shaping / episode: 0.000
changed-state shaping / ep. : -1008.124
terminal shaping / episode  : 0.000
DFA transitions / episode   : 0.00
DFA transitions in window   : none
epsilon (next episode)       : 0.99960
replay buffer                : 101 samples [1: 100.0%, 2: 0.0%, 3: 0.0%, 4: 0.0%]
DFA state visits in window   : 1: 102, 2: 0, 3: 0, 4: 0
DFA state visits cumulative  : 1: 102, 2: 0, 3: 0, 4: 0
DFA state entries in window  : 1: 1, 2: 0, 3: 0, 4: 0
DFA state entries cumulative : 1: 1, 2: 0, 3: 0, 4: 0
transitions cumulative       : none
accepted directly from s0    : 0
Gym endings cumulative       : terminated=1, truncated=0

[Episode 100/8000 | last 100]
success rate                : 0.0% (cumulative 0.0%)
failure rate                : 0.0% (cumulative 0.0%)
completed cycles / episode  : 0.000
synthetic task reward       : 0.000
shaping reward              : -757.435
learning reward             : -757.435
episode length              : 89.7
abstract changes / episode  : 80.2
same abstract-state steps   : 10.7%
same-state shaping / episode: 0.000
changed-state shaping / ep. : -757.435
terminal shaping / episode  : -5.227
DFA transitions / episode   : 0.02
DFA transitions in window   : 1->2: 2
epsilon (next episode)       : 0.96078
replay buffer                : 8971 samples [1: 99.5%, 2: 0.5%, 3: 0.0%, 4: 0.0%]
DFA state visits in window   : 1: 9028, 2: 43, 3: 0, 4: 0
DFA state visits cumulative  : 1: 9028, 2: 43, 3: 0, 4: 0
DFA state entries in window  : 1: 100, 2: 2, 3: 0, 4: 0
DFA state entries cumulative : 1: 100, 2: 2, 3: 0, 4: 0
transitions cumulative       : 1->2: 2
accepted directly from s0    : 0
Gym endings cumulative       : terminated=100, truncated=0

[Episode 200/8000 | last 100]
success rate                : 0.0% (cumulative 0.0%)
failure rate                : 0.0% (cumulative 0.0%)
completed cycles / episode  : 0.000
synthetic task reward       : 0.000
shaping reward              : -761.245
learning reward             : -761.245
episode length              : 92.9
abstract changes / episode  : 84.1
same abstract-state steps   : 9.5%
same-state shaping / episode: 0.000
changed-state shaping / ep. : -761.245
terminal shaping / episode  : -5.281
DFA transitions / episode   : 0.02
DFA transitions in window   : 1->2: 2
epsilon (next episode)       : 0.92310
replay buffer                : 18259 samples [1: 99.4%, 2: 0.6%, 3: 0.0%, 4: 0.0%]
DFA state visits in window   : 1: 9325, 2: 63, 3: 0, 4: 0
DFA state visits cumulative  : 1: 18353, 2: 106, 3: 0, 4: 0
DFA state entries in window  : 1: 100, 2: 2, 3: 0, 4: 0
DFA state entries cumulative : 1: 200, 2: 4, 3: 0, 4: 0
transitions cumulative       : 1->2: 4
accepted directly from s0    : 0
Gym endings cumulative       : terminated=200, truncated=0

[Episode 300/8000 | last 100]
success rate                : 0.0% (cumulative 0.0%)
failure rate                : 0.0% (cumulative 0.0%)
completed cycles / episode  : 0.000
synthetic task reward       : 0.000
shaping reward              : -740.331
learning reward             : -740.331
episode length              : 95.4
abstract changes / episode  : 85.9
same abstract-state steps   : 10.0%
same-state shaping / episode: 0.000
changed-state shaping / ep. : -740.331
terminal shaping / episode  : -7.813
DFA transitions / episode   : 0.00
DFA transitions in window   : none
epsilon (next episode)       : 0.88690
replay buffer                : 27798 samples [1: 99.6%, 2: 0.4%, 3: 0.0%, 4: 0.0%]
DFA state visits in window   : 1: 9639, 2: 0, 3: 0, 4: 0
DFA state visits cumulative  : 1: 27992, 2: 106, 3: 0, 4: 0
DFA state entries in window  : 1: 100, 2: 0, 3: 0, 4: 0
DFA state entries cumulative : 1: 300, 2: 4, 3: 0, 4: 0
transitions cumulative       : 1->2: 4
accepted directly from s0    : 0
Gym endings cumulative       : terminated=300, truncated=0

[Episode 400/8000 | last 100]
success rate                : 0.0% (cumulative 0.0%)
failure rate                : 0.0% (cumulative 0.0%)
completed cycles / episode  : 0.000
synthetic task reward       : 0.000
shaping reward              : -710.035
learning reward             : -710.035
episode length              : 97.1
abstract changes / episode  : 85.8
same abstract-state steps   : 11.7%
same-state shaping / episode: 0.000
changed-state shaping / ep. : -710.035
terminal shaping / episode  : -8.346
DFA transitions / episode   : 0.01
DFA transitions in window   : 1->2: 1
epsilon (next episode)       : 0.85212
replay buffer                : 37511 samples [1: 99.7%, 2: 0.3%, 3: 0.0%, 4: 0.0%]
DFA state visits in window   : 1: 9793, 2: 20, 3: 0, 4: 0
DFA state visits cumulative  : 1: 37785, 2: 126, 3: 0, 4: 0
DFA state entries in window  : 1: 100, 2: 1, 3: 0, 4: 0
DFA state entries cumulative : 1: 400, 2: 5, 3: 0, 4: 0
transitions cumulative       : 1->2: 5
accepted directly from s0    : 0
Gym endings cumulative       : terminated=400, truncated=0

[Episode 500/8000 | last 100]
success rate                : 0.0% (cumulative 0.0%)
failure rate                : 0.0% (cumulative 0.0%)
completed cycles / episode  : 0.000
synthetic task reward       : 0.000
shaping reward              : -687.630
learning reward             : -687.630
episode length              : 106.2
abstract changes / episode  : 89.5
same abstract-state steps   : 15.7%
same-state shaping / episode: 0.000
changed-state shaping / ep. : -687.630
terminal shaping / episode  : -7.100
DFA transitions / episode   : 0.04
DFA transitions in window   : 1->2: 4
epsilon (next episode)       : 0.81870
replay buffer                : 48126 samples [1: 99.5%, 2: 0.5%, 3: 0.0%, 4: 0.0%]
DFA state visits in window   : 1: 10613, 2: 102, 3: 0, 4: 0
DFA state visits cumulative  : 1: 48398, 2: 228, 3: 0, 4: 0
DFA state entries in window  : 1: 100, 2: 4, 3: 0, 4: 0
DFA state entries cumulative : 1: 500, 2: 9, 3: 0, 4: 0
transitions cumulative       : 1->2: 9
accepted directly from s0    : 0
Gym endings cumulative       : terminated=499, truncated=1

Starting autonomous greedy evaluation at episode 500 (1000 fixed-seed episodes)...
[Greedy evaluation at episode 500 | 1000 fixed-seed episodes]
success=0.0%, failure=0.0%, task reward=0.000, length=100.9
DFA transitions: none
Best policy updated from autonomous greedy evaluation at episode 500.

[Episode 600/8000 | last 100]
success rate                : 0.0% (cumulative 0.0%)
failure rate                : 0.0% (cumulative 0.0%)
completed cycles / episode  : 0.000
synthetic task reward       : 0.000
shaping reward              : -673.805
learning reward             : -673.805
episode length              : 101.4
abstract changes / episode  : 91.1
same abstract-state steps   : 10.1%
same-state shaping / episode: 0.000
changed-state shaping / ep. : -673.805
terminal shaping / episode  : -8.091
DFA transitions / episode   : 0.02
DFA transitions in window   : 1->2: 2
epsilon (next episode)       : 0.78659
replay buffer                : 58265 samples [1: 99.5%, 2: 0.5%, 3: 0.0%, 4: 0.0%]
DFA state visits in window   : 1: 10186, 2: 53, 3: 0, 4: 0
DFA state visits cumulative  : 1: 58584, 2: 281, 3: 0, 4: 0
DFA state entries in window  : 1: 100, 2: 2, 3: 0, 4: 0
DFA state entries cumulative : 1: 600, 2: 11, 3: 0, 4: 0
transitions cumulative       : 1->2: 11
accepted directly from s0    : 0
Gym endings cumulative       : terminated=599, truncated=1

[Episode 700/8000 | last 100]
success rate                : 0.0% (cumulative 0.0%)
failure rate                : 0.0% (cumulative 0.0%)
completed cycles / episode  : 0.000
synthetic task reward       : 0.000
shaping reward              : -535.027
learning reward             : -535.027
episode length              : 112.4
abstract changes / episode  : 97.3
same abstract-state steps   : 13.5%
same-state shaping / episode: 0.000
changed-state shaping / ep. : -535.027
terminal shaping / episode  : -7.117
DFA transitions / episode   : 0.07
DFA transitions in window   : 1->2: 7
epsilon (next episode)       : 0.75574
replay buffer                : 69506 samples [1: 99.4%, 2: 0.6%, 3: 0.0%, 4: 0.0%]
DFA state visits in window   : 1: 11177, 2: 164, 3: 0, 4: 0
DFA state visits cumulative  : 1: 69761, 2: 445, 3: 0, 4: 0
DFA state entries in window  : 1: 100, 2: 7, 3: 0, 4: 0
DFA state entries cumulative : 1: 700, 2: 18, 3: 0, 4: 0
transitions cumulative       : 1->2: 18
accepted directly from s0    : 0
Gym endings cumulative       : terminated=699, truncated=1

[Episode 800/8000 | last 100]
success rate                : 0.0% (cumulative 0.0%)
failure rate                : 0.0% (cumulative 0.0%)
completed cycles / episode  : 0.000
synthetic task reward       : 0.000
shaping reward              : -712.400
learning reward             : -712.400
episode length              : 111.1
abstract changes / episode  : 97.1
same abstract-state steps   : 12.6%
same-state shaping / episode: 0.000
changed-state shaping / ep. : -712.400
terminal shaping / episode  : -3.936
DFA transitions / episode   : 0.03
DFA transitions in window   : 1->2: 3
epsilon (next episode)       : 0.72610
replay buffer                : 80614 samples [1: 99.4%, 2: 0.6%, 3: 0.0%, 4: 0.0%]
DFA state visits in window   : 1: 11123, 2: 85, 3: 0, 4: 0
DFA state visits cumulative  : 1: 80884, 2: 530, 3: 0, 4: 0
DFA state entries in window  : 1: 100, 2: 3, 3: 0, 4: 0
DFA state entries cumulative : 1: 800, 2: 21, 3: 0, 4: 0
transitions cumulative       : 1->2: 21
accepted directly from s0    : 0
Gym endings cumulative       : terminated=799, truncated=1

[Episode 900/8000 | last 100]
success rate                : 0.0% (cumulative 0.0%)
failure rate                : 0.0% (cumulative 0.0%)
completed cycles / episode  : 0.000
synthetic task reward       : 0.000
shaping reward              : -773.954
learning reward             : -773.954
episode length              : 106.2
abstract changes / episode  : 96.4
same abstract-state steps   : 9.2%
same-state shaping / episode: 0.000
changed-state shaping / ep. : -773.954
terminal shaping / episode  : -3.352
DFA transitions / episode   : 0.01
DFA transitions in window   : 1->2: 1
epsilon (next episode)       : 0.69763
replay buffer                : 91230 samples [1: 99.4%, 2: 0.6%, 3: 0.0%, 4: 0.0%]
DFA state visits in window   : 1: 10679, 2: 37, 3: 0, 4: 0
DFA state visits cumulative  : 1: 91563, 2: 567, 3: 0, 4: 0
DFA state entries in window  : 1: 100, 2: 1, 3: 0, 4: 0
DFA state entries cumulative : 1: 900, 2: 22, 3: 0, 4: 0
transitions cumulative       : 1->2: 22
accepted directly from s0    : 0
Gym endings cumulative       : terminated=899, truncated=1

[Episode 1000/8000 | last 100]
success rate                : 0.0% (cumulative 0.0%)
failure rate                : 0.0% (cumulative 0.0%)
completed cycles / episode  : 0.000
synthetic task reward       : 0.000
shaping reward              : -785.438
learning reward             : -785.438
episode length              : 99.1
abstract changes / episode  : 91.3
same abstract-state steps   : 7.8%
same-state shaping / episode: 0.000
changed-state shaping / ep. : -785.438
terminal shaping / episode  : -3.363
DFA transitions / episode   : 0.00
DFA transitions in window   : none
epsilon (next episode)       : 0.67027
replay buffer                : 101137 samples [1: 99.5%, 2: 0.5%, 3: 0.0%, 4: 0.0%]
DFA state visits in window   : 1: 10007, 2: 0, 3: 0, 4: 0
DFA state visits cumulative  : 1: 101570, 2: 567, 3: 0, 4: 0
DFA state entries in window  : 1: 100, 2: 0, 3: 0, 4: 0
DFA state entries cumulative : 1: 1000, 2: 22, 3: 0, 4: 0
transitions cumulative       : 1->2: 22
accepted directly from s0    : 0
Gym endings cumulative       : terminated=999, truncated=1

Starting autonomous greedy evaluation at episode 1000 (1000 fixed-seed episodes)...
[Greedy evaluation at episode 1000 | 1000 fixed-seed episodes]
success=0.0%, failure=0.0%, task reward=0.000, length=173.3
DFA transitions: none

[Episode 1100/8000 | last 100]
success rate                : 0.0% (cumulative 0.0%)
failure rate                : 0.0% (cumulative 0.0%)
completed cycles / episode  : 0.000
synthetic task reward       : 0.000
shaping reward              : -781.280
learning reward             : -781.280
episode length              : 102.7
abstract changes / episode  : 94.0
same abstract-state steps   : 8.5%
same-state shaping / episode: 0.000
changed-state shaping / ep. : -781.280
terminal shaping / episode  : -4.238
DFA transitions / episode   : 0.00
DFA transitions in window   : none
epsilon (next episode)       : 0.64398
replay buffer                : 111408 samples [1: 99.5%, 2: 0.5%, 3: 0.0%, 4: 0.0%]
DFA state visits in window   : 1: 10371, 2: 0, 3: 0, 4: 0
DFA state visits cumulative  : 1: 111941, 2: 567, 3: 0, 4: 0
DFA state entries in window  : 1: 100, 2: 0, 3: 0, 4: 0
DFA state entries cumulative : 1: 1100, 2: 22, 3: 0, 4: 0
transitions cumulative       : 1->2: 22
accepted directly from s0    : 0
Gym endings cumulative       : terminated=1099, truncated=1

[Episode 1200/8000 | last 100]
success rate                : 0.0% (cumulative 0.0%)
failure rate                : 0.0% (cumulative 0.0%)
completed cycles / episode  : 0.000
synthetic task reward       : 0.000
shaping reward              : -771.754
learning reward             : -771.754
episode length              : 111.2
abstract changes / episode  : 94.3
same abstract-state steps   : 15.3%
same-state shaping / episode: 0.000
changed-state shaping / ep. : -771.754
terminal shaping / episode  : -3.225
DFA transitions / episode   : 0.01
DFA transitions in window   : 1->2: 1
epsilon (next episode)       : 0.61872
replay buffer                : 122533 samples [1: 99.5%, 2: 0.5%, 3: 0.0%, 4: 0.0%]
DFA state visits in window   : 1: 11202, 2: 23, 3: 0, 4: 0
DFA state visits cumulative  : 1: 123143, 2: 590, 3: 0, 4: 0
DFA state entries in window  : 1: 100, 2: 1, 3: 0, 4: 0
DFA state entries cumulative : 1: 1200, 2: 23, 3: 0, 4: 0
transitions cumulative       : 1->2: 23
accepted directly from s0    : 0
Gym endings cumulative       : terminated=1199, truncated=1

[Episode 1300/8000 | last 100]
success rate                : 0.0% (cumulative 0.0%)
failure rate                : 0.0% (cumulative 0.0%)
completed cycles / episode  : 0.000
synthetic task reward       : 0.000
shaping reward              : -789.680
learning reward             : -789.680
episode length              : 105.5
abstract changes / episode  : 93.6
same abstract-state steps   : 11.2%
same-state shaping / episode: 0.000
changed-state shaping / ep. : -789.680
terminal shaping / episode  : -3.361
DFA transitions / episode   : 0.00
DFA transitions in window   : none
epsilon (next episode)       : 0.59446
replay buffer                : 133080 samples [1: 99.6%, 2: 0.4%, 3: 0.0%, 4: 0.0%]
DFA state visits in window   : 1: 10647, 2: 0, 3: 0, 4: 0
DFA state visits cumulative  : 1: 133790, 2: 590, 3: 0, 4: 0
DFA state entries in window  : 1: 100, 2: 0, 3: 0, 4: 0
DFA state entries cumulative : 1: 1300, 2: 23, 3: 0, 4: 0
transitions cumulative       : 1->2: 23
accepted directly from s0    : 0
Gym endings cumulative       : terminated=1299, truncated=1

[Episode 1400/8000 | last 100]
success rate                : 0.0% (cumulative 0.0%)
failure rate                : 0.0% (cumulative 0.0%)
completed cycles / episode  : 0.000
synthetic task reward       : 0.000
shaping reward              : -788.281
learning reward             : -788.281
episode length              : 102.7
abstract changes / episode  : 92.6
same abstract-state steps   : 9.8%
same-state shaping / episode: 0.000
changed-state shaping / ep. : -788.281
terminal shaping / episode  : -2.778
DFA transitions / episode   : 0.00
DFA transitions in window   : none
epsilon (next episode)       : 0.57115
replay buffer                : 143349 samples [1: 99.6%, 2: 0.4%, 3: 0.0%, 4: 0.0%]
DFA state visits in window   : 1: 10369, 2: 0, 3: 0, 4: 0
DFA state visits cumulative  : 1: 144159, 2: 590, 3: 0, 4: 0
DFA state entries in window  : 1: 100, 2: 0, 3: 0, 4: 0
DFA state entries cumulative : 1: 1400, 2: 23, 3: 0, 4: 0
transitions cumulative       : 1->2: 23
accepted directly from s0    : 0
Gym endings cumulative       : terminated=1399, truncated=1

[Episode 1500/8000 | last 100]
success rate                : 0.0% (cumulative 0.0%)
failure rate                : 0.0% (cumulative 0.0%)
completed cycles / episode  : 0.000
synthetic task reward       : 0.000
shaping reward              : -787.564
learning reward             : -787.564
episode length              : 106.7
abstract changes / episode  : 95.7
same abstract-state steps   : 10.3%
same-state shaping / episode: 0.000
changed-state shaping / ep. : -787.564
terminal shaping / episode  : -3.195
DFA transitions / episode   : 0.00
DFA transitions in window   : none
epsilon (next episode)       : 0.54875
replay buffer                : 154019 samples [1: 99.6%, 2: 0.4%, 3: 0.0%, 4: 0.0%]
DFA state visits in window   : 1: 10770, 2: 0, 3: 0, 4: 0
DFA state visits cumulative  : 1: 154929, 2: 590, 3: 0, 4: 0
DFA state entries in window  : 1: 100, 2: 0, 3: 0, 4: 0
DFA state entries cumulative : 1: 1500, 2: 23, 3: 0, 4: 0
transitions cumulative       : 1->2: 23
accepted directly from s0    : 0
Gym endings cumulative       : terminated=1499, truncated=1

Starting autonomous greedy evaluation at episode 1500 (1000 fixed-seed episodes)...
[Greedy evaluation at episode 1500 | 1000 fixed-seed episodes]
success=0.0%, failure=0.0%, task reward=0.000, length=989.1
DFA transitions: none

[Episode 1600/8000 | last 100]
success rate                : 0.0% (cumulative 0.0%)
failure rate                : 0.0% (cumulative 0.0%)
completed cycles / episode  : 0.000
synthetic task reward       : 0.000
shaping reward              : -802.829
learning reward             : -802.829
episode length              : 128.5
abstract changes / episode  : 105.3
same abstract-state steps   : 18.0%
same-state shaping / episode: 0.000
changed-state shaping / ep. : -802.829
terminal shaping / episode  : -2.488
DFA transitions / episode   : 0.00
DFA transitions in window   : none
epsilon (next episode)       : 0.52722
replay buffer                : 166872 samples [1: 99.7%, 2: 0.3%, 3: 0.0%, 4: 0.0%]
DFA state visits in window   : 1: 12953, 2: 0, 3: 0, 4: 0
DFA state visits cumulative  : 1: 167882, 2: 590, 3: 0, 4: 0
DFA state entries in window  : 1: 100, 2: 0, 3: 0, 4: 0
DFA state entries cumulative : 1: 1600, 2: 23, 3: 0, 4: 0
transitions cumulative       : 1->2: 23
accepted directly from s0    : 0
Gym endings cumulative       : terminated=1599, truncated=1

[Episode 1700/8000 | last 100]
success rate                : 0.0% (cumulative 0.0%)
failure rate                : 0.0% (cumulative 0.0%)
completed cycles / episode  : 0.000
synthetic task reward       : 0.000
shaping reward              : -788.627
learning reward             : -788.627
episode length              : 133.9
abstract changes / episode  : 109.7
same abstract-state steps   : 18.1%
same-state shaping / episode: 0.000
changed-state shaping / ep. : -788.627
terminal shaping / episode  : -2.149
DFA transitions / episode   : 0.00
DFA transitions in window   : none
epsilon (next episode)       : 0.50655
replay buffer                : 180258 samples [1: 99.7%, 2: 0.3%, 3: 0.0%, 4: 0.0%]
DFA state visits in window   : 1: 13486, 2: 0, 3: 0, 4: 0
DFA state visits cumulative  : 1: 181368, 2: 590, 3: 0, 4: 0
DFA state entries in window  : 1: 100, 2: 0, 3: 0, 4: 0
DFA state entries cumulative : 1: 1700, 2: 23, 3: 0, 4: 0
transitions cumulative       : 1->2: 23
accepted directly from s0    : 0
Gym endings cumulative       : terminated=1698, truncated=2

[Episode 1800/8000 | last 100]
success rate                : 0.0% (cumulative 0.0%)
failure rate                : 0.0% (cumulative 0.0%)
completed cycles / episode  : 0.000
synthetic task reward       : 0.000
shaping reward              : -774.817
learning reward             : -774.817
episode length              : 209.4
abstract changes / episode  : 133.0
same abstract-state steps   : 36.5%
same-state shaping / episode: 0.000
changed-state shaping / ep. : -774.817
terminal shaping / episode  : -2.479
DFA transitions / episode   : 0.01
DFA transitions in window   : 1->2: 1
epsilon (next episode)       : 0.48668
replay buffer                : 201197 samples [1: 99.7%, 2: 0.3%, 3: 0.0%, 4: 0.0%]
DFA state visits in window   : 1: 21010, 2: 29, 3: 0, 4: 0
DFA state visits cumulative  : 1: 202378, 2: 619, 3: 0, 4: 0
DFA state entries in window  : 1: 100, 2: 1, 3: 0, 4: 0
DFA state entries cumulative : 1: 1800, 2: 24, 3: 0, 4: 0
transitions cumulative       : 1->2: 24
accepted directly from s0    : 0
Gym endings cumulative       : terminated=1790, truncated=10

[Episode 1900/8000 | last 100]
success rate                : 0.0% (cumulative 0.0%)
failure rate                : 0.0% (cumulative 0.0%)
completed cycles / episode  : 0.000
synthetic task reward       : 0.000
shaping reward              : -444.760
learning reward             : -444.760
episode length              : 201.8
abstract changes / episode  : 120.1
same abstract-state steps   : 40.5%
same-state shaping / episode: 0.000
changed-state shaping / ep. : -444.760
terminal shaping / episode  : -5.651
DFA transitions / episode   : 0.14
DFA transitions in window   : 1->2: 14
epsilon (next episode)       : 0.46760
replay buffer                : 221380 samples [1: 99.6%, 2: 0.4%, 3: 0.0%, 4: 0.0%]
DFA state visits in window   : 1: 19979, 2: 304, 3: 0, 4: 0
DFA state visits cumulative  : 1: 222357, 2: 923, 3: 0, 4: 0
DFA state entries in window  : 1: 100, 2: 14, 3: 0, 4: 0
DFA state entries cumulative : 1: 1900, 2: 38, 3: 0, 4: 0
transitions cumulative       : 1->2: 38
accepted directly from s0    : 0
Gym endings cumulative       : terminated=1882, truncated=18

[Episode 2000/8000 | last 100]
success rate                : 0.0% (cumulative 0.0%)
failure rate                : 0.0% (cumulative 0.0%)
completed cycles / episode  : 0.000
synthetic task reward       : 0.000
shaping reward              : -154.226
learning reward             : -154.226
episode length              : 152.8
abstract changes / episode  : 105.3
same abstract-state steps   : 31.0%
same-state shaping / episode: 0.000
changed-state shaping / ep. : -154.226
terminal shaping / episode  : -13.360
DFA transitions / episode   : 0.18
DFA transitions in window   : 1->2: 18
epsilon (next episode)       : 0.44926
replay buffer                : 236655 samples [1: 99.5%, 2: 0.5%, 3: 0.0%, 4: 0.0%]
DFA state visits in window   : 1: 14972, 2: 403, 3: 0, 4: 0
DFA state visits cumulative  : 1: 237329, 2: 1326, 3: 0, 4: 0
DFA state entries in window  : 1: 100, 2: 18, 3: 0, 4: 0
DFA state entries cumulative : 1: 2000, 2: 56, 3: 0, 4: 0
transitions cumulative       : 1->2: 56
accepted directly from s0    : 0
Gym endings cumulative       : terminated=1979, truncated=21

Starting autonomous greedy evaluation at episode 2000 (1000 fixed-seed episodes)...
[Greedy evaluation at episode 2000 | 1000 fixed-seed episodes]
success=0.0%, failure=0.0%, task reward=0.000, length=171.0
DFA transitions: 1->2: 268

[Episode 2100/8000 | last 100]
success rate                : 0.0% (cumulative 0.0%)
failure rate                : 0.0% (cumulative 0.0%)
completed cycles / episode  : 0.000
synthetic task reward       : 0.000
shaping reward              : -33.031
learning reward             : -33.031
episode length              : 176.6
abstract changes / episode  : 115.2
same abstract-state steps   : 34.7%
same-state shaping / episode: 0.000
changed-state shaping / ep. : -33.031
terminal shaping / episode  : -9.726
DFA transitions / episode   : 0.30
DFA transitions in window   : 1->2: 30
epsilon (next episode)       : 0.43164
replay buffer                : 254310 samples [1: 99.2%, 2: 0.8%, 3: 0.0%, 4: 0.0%]
DFA state visits in window   : 1: 17031, 2: 724, 3: 0, 4: 0
DFA state visits cumulative  : 1: 254360, 2: 2050, 3: 0, 4: 0
DFA state entries in window  : 1: 100, 2: 30, 3: 0, 4: 0
DFA state entries cumulative : 1: 2100, 2: 86, 3: 0, 4: 0
transitions cumulative       : 1->2: 86
accepted directly from s0    : 0
Gym endings cumulative       : terminated=2078, truncated=22

[Episode 2200/8000 | last 100]
success rate                : 0.0% (cumulative 0.0%)
failure rate                : 0.0% (cumulative 0.0%)
completed cycles / episode  : 0.000
synthetic task reward       : 0.000
shaping reward              : 151.722
learning reward             : 151.722
episode length              : 206.4
abstract changes / episode  : 133.9
same abstract-state steps   : 35.1%
same-state shaping / episode: 0.000
changed-state shaping / ep. : 151.722
terminal shaping / episode  : -8.590
DFA transitions / episode   : 0.25
DFA transitions in window   : 1->2: 25
epsilon (next episode)       : 0.41471
replay buffer                : 274954 samples [1: 99.1%, 2: 0.9%, 3: 0.0%, 4: 0.0%]
DFA state visits in window   : 1: 20164, 2: 580, 3: 0, 4: 0
DFA state visits cumulative  : 1: 274524, 2: 2630, 3: 0, 4: 0
DFA state entries in window  : 1: 100, 2: 25, 3: 0, 4: 0
DFA state entries cumulative : 1: 2200, 2: 111, 3: 0, 4: 0
transitions cumulative       : 1->2: 111
accepted directly from s0    : 0
Gym endings cumulative       : terminated=2178, truncated=22

[Episode 2300/8000 | last 100]
success rate                : 0.0% (cumulative 0.0%)
failure rate                : 0.0% (cumulative 0.0%)
completed cycles / episode  : 0.000
synthetic task reward       : 0.000
shaping reward              : 147.461
learning reward             : 147.461
episode length              : 188.9
abstract changes / episode  : 138.1
same abstract-state steps   : 26.9%
same-state shaping / episode: 0.000
changed-state shaping / ep. : 147.461
terminal shaping / episode  : -8.313
DFA transitions / episode   : 0.28
DFA transitions in window   : 1->2: 28
epsilon (next episode)       : 0.39845
replay buffer                : 293844 samples [1: 98.9%, 2: 1.1%, 3: 0.0%, 4: 0.0%]
DFA state visits in window   : 1: 18222, 2: 768, 3: 0, 4: 0
DFA state visits cumulative  : 1: 292746, 2: 3398, 3: 0, 4: 0
DFA state entries in window  : 1: 100, 2: 28, 3: 0, 4: 0
DFA state entries cumulative : 1: 2300, 2: 139, 3: 0, 4: 0
transitions cumulative       : 1->2: 139
accepted directly from s0    : 0
Gym endings cumulative       : terminated=2278, truncated=22

[Episode 2400/8000 | last 100]
success rate                : 0.0% (cumulative 0.0%)
failure rate                : 0.0% (cumulative 0.0%)
completed cycles / episode  : 0.000
synthetic task reward       : 0.000
shaping reward              : 285.877
learning reward             : 285.877
episode length              : 166.4
abstract changes / episode  : 128.1
same abstract-state steps   : 23.0%
same-state shaping / episode: 0.000
changed-state shaping / ep. : 285.877
terminal shaping / episode  : -9.790
DFA transitions / episode   : 0.38
DFA transitions in window   : 1->2: 38
epsilon (next episode)       : 0.38282
replay buffer                : 300000 samples [1: 98.5%, 2: 1.5%, 3: 0.0%, 4: 0.0%]
DFA state visits in window   : 1: 15542, 2: 1194, 3: 0, 4: 0
DFA state visits cumulative  : 1: 308288, 2: 4592, 3: 0, 4: 0
DFA state entries in window  : 1: 100, 2: 38, 3: 0, 4: 0
DFA state entries cumulative : 1: 2400, 2: 177, 3: 0, 4: 0
transitions cumulative       : 1->2: 177
accepted directly from s0    : 0
Gym endings cumulative       : terminated=2378, truncated=22

[Episode 2500/8000 | last 100]
success rate                : 0.0% (cumulative 0.0%)
failure rate                : 0.0% (cumulative 0.0%)
completed cycles / episode  : 0.000
synthetic task reward       : 0.000
shaping reward              : 9.369
learning reward             : 9.369
episode length              : 228.6
abstract changes / episode  : 165.8
same abstract-state steps   : 27.5%
same-state shaping / episode: 0.000
changed-state shaping / ep. : 9.369
terminal shaping / episode  : -4.791
DFA transitions / episode   : 0.24
DFA transitions in window   : 1->2: 24
epsilon (next episode)       : 0.36781
replay buffer                : 300000 samples [1: 98.2%, 2: 1.8%, 3: 0.0%, 4: 0.0%]
DFA state visits in window   : 1: 21770, 2: 1194, 3: 0, 4: 0
DFA state visits cumulative  : 1: 330058, 2: 5786, 3: 0, 4: 0
DFA state entries in window  : 1: 100, 2: 24, 3: 0, 4: 0
DFA state entries cumulative : 1: 2500, 2: 201, 3: 0, 4: 0
transitions cumulative       : 1->2: 201
accepted directly from s0    : 0
Gym endings cumulative       : terminated=2477, truncated=23

Starting autonomous greedy evaluation at episode 2500 (1000 fixed-seed episodes)...
[Greedy evaluation at episode 2500 | 1000 fixed-seed episodes]
success=0.0%, failure=0.0%, task reward=0.000, length=424.4
DFA transitions: 1->2: 84

[Episode 2600/8000 | last 100]
success rate                : 0.0% (cumulative 0.0%)
failure rate                : 0.0% (cumulative 0.0%)
completed cycles / episode  : 0.000
synthetic task reward       : 0.000
shaping reward              : 174.972
learning reward             : 174.972
episode length              : 213.7
abstract changes / episode  : 169.8
same abstract-state steps   : 20.6%
same-state shaping / episode: 0.000
changed-state shaping / ep. : 174.972
terminal shaping / episode  : -6.973
DFA transitions / episode   : 0.40
DFA transitions in window   : 1->2: 36, 2->3: 4
epsilon (next episode)       : 0.35338
replay buffer                : 300000 samples [1: 97.3%, 2: 2.7%, 3: 0.0%, 4: 0.0%]
DFA state visits in window   : 1: 18651, 2: 2718, 3: 99, 4: 0
DFA state visits cumulative  : 1: 348709, 2: 8504, 3: 99, 4: 0
DFA state entries in window  : 1: 100, 2: 36, 3: 4, 4: 0
DFA state entries cumulative : 1: 2600, 2: 237, 3: 4, 4: 0
transitions cumulative       : 1->2: 237, 2->3: 4
accepted directly from s0    : 0
Gym endings cumulative       : terminated=2577, truncated=23

[Episode 2700/8000 | last 100]
success rate                : 0.0% (cumulative 0.0%)
failure rate                : 0.0% (cumulative 0.0%)
completed cycles / episode  : 0.000
synthetic task reward       : 0.000
shaping reward              : 306.036
learning reward             : 306.036
episode length              : 226.9
abstract changes / episode  : 175.9
same abstract-state steps   : 22.5%
same-state shaping / episode: 0.000
changed-state shaping / ep. : 306.036
terminal shaping / episode  : -12.676
DFA transitions / episode   : 0.50
DFA transitions in window   : 1->2: 43, 2->3: 7
epsilon (next episode)       : 0.33952
replay buffer                : 300000 samples [1: 95.8%, 2: 4.1%, 3: 0.1%, 4: 0.0%]
DFA state visits in window   : 1: 18132, 2: 4455, 3: 207, 4: 0
DFA state visits cumulative  : 1: 366841, 2: 12959, 3: 306, 4: 0
DFA state entries in window  : 1: 100, 2: 43, 3: 7, 4: 0
DFA state entries cumulative : 1: 2700, 2: 280, 3: 11, 4: 0
transitions cumulative       : 1->2: 280, 2->3: 11
accepted directly from s0    : 0
Gym endings cumulative       : terminated=2677, truncated=23

[Episode 2800/8000 | last 100]
success rate                : 0.0% (cumulative 0.0%)
failure rate                : 0.0% (cumulative 0.0%)
completed cycles / episode  : 0.000
synthetic task reward       : 0.000
shaping reward              : 324.292
learning reward             : 324.292
episode length              : 318.3
abstract changes / episode  : 238.0
same abstract-state steps   : 25.2%
same-state shaping / episode: 0.000
changed-state shaping / ep. : 324.292
terminal shaping / episode  : -9.833
DFA transitions / episode   : 0.45
DFA transitions in window   : 1->2: 39, 2->3: 6
epsilon (next episode)       : 0.32621
replay buffer                : 300000 samples [1: 93.9%, 2: 5.9%, 3: 0.2%, 4: 0.0%]
DFA state visits in window   : 1: 26119, 2: 5615, 3: 196, 4: 0
DFA state visits cumulative  : 1: 392960, 2: 18574, 3: 502, 4: 0
DFA state entries in window  : 1: 100, 2: 39, 3: 6, 4: 0
DFA state entries cumulative : 1: 2800, 2: 319, 3: 17, 4: 0
transitions cumulative       : 1->2: 319, 2->3: 17
accepted directly from s0    : 0
Gym endings cumulative       : terminated=2774, truncated=26

[Episode 2900/8000 | last 100]
success rate                : 0.0% (cumulative 0.0%)
failure rate                : 0.0% (cumulative 0.0%)
completed cycles / episode  : 0.000
synthetic task reward       : 0.000
shaping reward              : 498.286
learning reward             : 498.286
episode length              : 316.6
abstract changes / episode  : 241.1
same abstract-state steps   : 23.8%
same-state shaping / episode: 0.000
changed-state shaping / ep. : 498.286
terminal shaping / episode  : -10.110
DFA transitions / episode   : 0.70
DFA transitions in window   : 1->2: 48, 2->3: 22
epsilon (next episode)       : 0.31341
replay buffer                : 300000 samples [1: 91.8%, 2: 7.9%, 3: 0.4%, 4: 0.0%]
DFA state visits in window   : 1: 25198, 2: 5923, 3: 637, 4: 0
DFA state visits cumulative  : 1: 418158, 2: 24497, 3: 1139, 4: 0
DFA state entries in window  : 1: 100, 2: 48, 3: 22, 4: 0
DFA state entries cumulative : 1: 2900, 2: 367, 3: 39, 4: 0
transitions cumulative       : 1->2: 367, 2->3: 39
accepted directly from s0    : 0
Gym endings cumulative       : terminated=2873, truncated=27

[Episode 3000/8000 | last 100]
success rate                : 0.0% (cumulative 0.0%)
failure rate                : 0.0% (cumulative 0.0%)
completed cycles / episode  : 0.000
synthetic task reward       : 0.000
shaping reward              : 746.156
learning reward             : 746.156
episode length              : 309.4
abstract changes / episode  : 242.6
same abstract-state steps   : 21.6%
same-state shaping / episode: 0.000
changed-state shaping / ep. : 746.156
terminal shaping / episode  : -15.059
DFA transitions / episode   : 0.82
DFA transitions in window   : 1->2: 60, 2->3: 22
epsilon (next episode)       : 0.30112
replay buffer                : 300000 samples [1: 88.8%, 2: 10.6%, 3: 0.6%, 4: 0.0%]
DFA state visits in window   : 1: 22143, 2: 8264, 3: 635, 4: 0
DFA state visits cumulative  : 1: 440301, 2: 32761, 3: 1774, 4: 0
DFA state entries in window  : 1: 100, 2: 60, 3: 22, 4: 0
DFA state entries cumulative : 1: 3000, 2: 427, 3: 61, 4: 0
transitions cumulative       : 1->2: 427, 2->3: 61
accepted directly from s0    : 0
Gym endings cumulative       : terminated=2972, truncated=28

Starting autonomous greedy evaluation at episode 3000 (1000 fixed-seed episodes)...
[Greedy evaluation at episode 3000 | 1000 fixed-seed episodes]
success=0.0%, failure=0.0%, task reward=0.000, length=409.2
DFA transitions: 1->2: 956, 2->3: 559

[Episode 3100/8000 | last 100]
success rate                : 0.0% (cumulative 0.0%)
failure rate                : 0.0% (cumulative 0.0%)
completed cycles / episode  : 0.000
synthetic task reward       : 0.000
shaping reward              : 893.484
learning reward             : 893.484
episode length              : 353.4
abstract changes / episode  : 259.0
same abstract-state steps   : 26.7%
same-state shaping / episode: 0.000
changed-state shaping / ep. : 893.484
terminal shaping / episode  : -16.858
DFA transitions / episode   : 0.99
DFA transitions in window   : 1->2: 65, 2->3: 34
epsilon (next episode)       : 0.28931
replay buffer                : 300000 samples [1: 85.5%, 2: 13.5%, 3: 1.0%, 4: 0.0%]
DFA state visits in window   : 1: 25240, 2: 8751, 3: 1448, 4: 0
DFA state visits cumulative  : 1: 465541, 2: 41512, 3: 3222, 4: 0
DFA state entries in window  : 1: 100, 2: 65, 3: 34, 4: 0
DFA state entries cumulative : 1: 3100, 2: 492, 3: 95, 4: 0
transitions cumulative       : 1->2: 492, 2->3: 95
accepted directly from s0    : 0
Gym endings cumulative       : terminated=3069, truncated=31

[Episode 3200/8000 | last 100]
success rate                : 0.0% (cumulative 0.0%)
failure rate                : 0.0% (cumulative 0.0%)
completed cycles / episode  : 0.000
synthetic task reward       : 0.000
shaping reward              : 1039.537
learning reward             : 1039.537
episode length              : 403.3
abstract changes / episode  : 302.9
same abstract-state steps   : 24.9%
same-state shaping / episode: 0.000
changed-state shaping / ep. : 1039.537
terminal shaping / episode  : -7.971
DFA transitions / episode   : 0.93
DFA transitions in window   : 1->2: 70, 2->3: 23
epsilon (next episode)       : 0.27797
replay buffer                : 300000 samples [1: 80.7%, 2: 17.2%, 3: 2.1%, 4: 0.0%]
DFA state visits in window   : 1: 25073, 2: 12296, 3: 3065, 4: 0
DFA state visits cumulative  : 1: 490614, 2: 53808, 3: 6287, 4: 0
DFA state entries in window  : 1: 100, 2: 70, 3: 23, 4: 0
DFA state entries cumulative : 1: 3200, 2: 562, 3: 118, 4: 0
transitions cumulative       : 1->2: 562, 2->3: 118
accepted directly from s0    : 0
Gym endings cumulative       : terminated=3165, truncated=35

[Episode 3300/8000 | last 100]
success rate                : 3.0% (cumulative 0.1%)
failure rate                : 0.0% (cumulative 0.0%)
completed cycles / episode  : 0.000
synthetic task reward       : 300.000
shaping reward              : 2095.088
learning reward             : 2395.088
episode length              : 435.3
abstract changes / episode  : 325.8
same abstract-state steps   : 25.2%
same-state shaping / episode: 0.000
changed-state shaping / ep. : 2095.088
terminal shaping / episode  : 5.871
DFA transitions / episode   : 1.21
DFA transitions in window   : 1->2: 77, 2->3: 41, 3->4: 3
epsilon (next episode)       : 0.26706
replay buffer                : 300000 samples [1: 74.8%, 2: 20.5%, 3: 4.7%, 4: 0.0%]
DFA state visits in window   : 1: 24262, 2: 11359, 3: 8006, 4: 3
DFA state visits cumulative  : 1: 514876, 2: 65167, 3: 14293, 4: 3
DFA state entries in window  : 1: 100, 2: 77, 3: 41, 4: 3
DFA state entries cumulative : 1: 3300, 2: 639, 3: 159, 4: 3
transitions cumulative       : 1->2: 639, 2->3: 159, 3->4: 3
accepted directly from s0    : 0
Gym endings cumulative       : terminated=3253, truncated=44

[Episode 3400/8000 | last 100]
success rate                : 5.0% (cumulative 0.2%)
failure rate                : 0.0% (cumulative 0.0%)
completed cycles / episode  : 0.000
synthetic task reward       : 500.000
shaping reward              : 2635.970
learning reward             : 3135.970
episode length              : 442.7
abstract changes / episode  : 332.2
same abstract-state steps   : 25.0%
same-state shaping / episode: 0.000
changed-state shaping / ep. : 2635.970
terminal shaping / episode  : -0.946
DFA transitions / episode   : 1.28
DFA transitions in window   : 1->2: 78, 2->3: 45, 3->4: 5
epsilon (next episode)       : 0.25659
replay buffer                : 300000 samples [1: 67.4%, 2: 24.3%, 3: 8.3%, 4: 0.0%]
DFA state visits in window   : 1: 19616, 2: 13831, 3: 10922, 4: 5
DFA state visits cumulative  : 1: 534492, 2: 78998, 3: 25215, 4: 8
DFA state entries in window  : 1: 100, 2: 78, 3: 45, 4: 5
DFA state entries cumulative : 1: 3400, 2: 717, 3: 204, 4: 8
transitions cumulative       : 1->2: 717, 2->3: 204, 3->4: 8
accepted directly from s0    : 0
Gym endings cumulative       : terminated=3343, truncated=49

[Episode 3500/8000 | last 100]
success rate                : 11.0% (cumulative 0.5%)
failure rate                : 0.0% (cumulative 0.0%)
completed cycles / episode  : 0.000
synthetic task reward       : 1100.000
shaping reward              : 2623.382
learning reward             : 3723.382
episode length              : 466.2
abstract changes / episode  : 356.9
same abstract-state steps   : 23.4%
same-state shaping / episode: 0.000
changed-state shaping / ep. : 2623.382
terminal shaping / episode  : 11.027
DFA transitions / episode   : 1.21
DFA transitions in window   : 1->2: 63, 2->3: 47, 3->4: 11
epsilon (next episode)       : 0.24653
replay buffer                : 300000 samples [1: 61.4%, 2: 25.8%, 3: 12.8%, 4: 0.0%]
DFA state visits in window   : 1: 20018, 2: 12963, 3: 13732, 4: 11
DFA state visits cumulative  : 1: 554510, 2: 91961, 3: 38947, 4: 19
DFA state entries in window  : 1: 100, 2: 63, 3: 47, 4: 11
DFA state entries cumulative : 1: 3500, 2: 780, 3: 251, 4: 19
transitions cumulative       : 1->2: 780, 2->3: 251, 3->4: 19
accepted directly from s0    : 0
Gym endings cumulative       : terminated=3426, truncated=55

Starting autonomous greedy evaluation at episode 3500 (1000 fixed-seed episodes)...
[Greedy evaluation at episode 3500 | 1000 fixed-seed episodes]
success=4.7%, failure=0.0%, task reward=470.000, length=858.4
DFA transitions: 1->2: 1000, 2->3: 1000, 3->4: 47
Best policy updated from autonomous greedy evaluation at episode 3500.

[Episode 3600/8000 | last 100]
success rate                : 25.0% (cumulative 1.2%)
failure rate                : 0.0% (cumulative 0.0%)
completed cycles / episode  : 0.000
synthetic task reward       : 2500.000
shaping reward              : 3552.964
learning reward             : 6052.964
episode length              : 462.6
abstract changes / episode  : 357.1
same abstract-state steps   : 22.8%
same-state shaping / episode: 0.000
changed-state shaping / ep. : 3552.964
terminal shaping / episode  : 25.854
DFA transitions / episode   : 1.48
DFA transitions in window   : 1->2: 70, 2->3: 53, 3->4: 25
epsilon (next episode)       : 0.23686
replay buffer                : 300000 samples [1: 56.1%, 2: 27.3%, 3: 16.6%, 4: 0.0%]
DFA state visits in window   : 1: 22639, 2: 11888, 3: 11804, 4: 25
DFA state visits cumulative  : 1: 577149, 2: 103849, 3: 50751, 4: 44
DFA state entries in window  : 1: 100, 2: 70, 3: 53, 4: 25
DFA state entries cumulative : 1: 3600, 2: 850, 3: 304, 4: 44
transitions cumulative       : 1->2: 850, 2->3: 304, 3->4: 44
accepted directly from s0    : 0
Gym endings cumulative       : terminated=3496, truncated=60

[Episode 3700/8000 | last 100]
success rate                : 39.0% (cumulative 2.2%)
failure rate                : 0.0% (cumulative 0.0%)
completed cycles / episode  : 0.000
synthetic task reward       : 3900.000
shaping reward              : 5312.470
learning reward             : 9212.470
episode length              : 485.8
abstract changes / episode  : 373.5
same abstract-state steps   : 23.1%
same-state shaping / episode: 0.000
changed-state shaping / ep. : 5312.470
terminal shaping / episode  : 33.808
DFA transitions / episode   : 1.98
DFA transitions in window   : 1->2: 83, 2->3: 76, 3->4: 39
epsilon (next episode)       : 0.22757
replay buffer                : 300000 samples [1: 51.2%, 2: 27.8%, 3: 21.0%, 4: 0.0%]
DFA state visits in window   : 1: 20206, 2: 14114, 3: 14324, 4: 39
DFA state visits cumulative  : 1: 597355, 2: 117963, 3: 65075, 4: 83
DFA state entries in window  : 1: 100, 2: 83, 3: 76, 4: 39
DFA state entries cumulative : 1: 3700, 2: 933, 3: 380, 4: 83
transitions cumulative       : 1->2: 933, 2->3: 380, 3->4: 83
accepted directly from s0    : 0
Gym endings cumulative       : terminated=3555, truncated=62

[Episode 3800/8000 | last 100]
success rate                : 59.0% (cumulative 3.7%)
failure rate                : 0.0% (cumulative 0.0%)
completed cycles / episode  : 0.000
synthetic task reward       : 5900.000
shaping reward              : 5446.660
learning reward             : 11346.660
episode length              : 381.1
abstract changes / episode  : 292.6
same abstract-state steps   : 23.2%
same-state shaping / episode: 0.000
changed-state shaping / ep. : 5446.660
terminal shaping / episode  : 56.592
DFA transitions / episode   : 2.05
DFA transitions in window   : 1->2: 76, 2->3: 70, 3->4: 59
epsilon (next episode)       : 0.21865
replay buffer                : 300000 samples [1: 47.6%, 2: 28.3%, 3: 24.2%, 4: 0.0%]
DFA state visits in window   : 1: 16271, 2: 11020, 3: 10857, 4: 59
DFA state visits cumulative  : 1: 613626, 2: 128983, 3: 75932, 4: 142
DFA state entries in window  : 1: 100, 2: 76, 3: 70, 4: 59
DFA state entries cumulative : 1: 3800, 2: 1009, 3: 450, 4: 142
transitions cumulative       : 1->2: 1009, 2->3: 450, 3->4: 142
accepted directly from s0    : 0
Gym endings cumulative       : terminated=3595, truncated=63

[Episode 3900/8000 | last 100]
success rate                : 57.0% (cumulative 5.1%)
failure rate                : 0.0% (cumulative 0.0%)
completed cycles / episode  : 0.000
synthetic task reward       : 5700.000
shaping reward              : 5056.825
learning reward             : 10756.825
episode length              : 341.9
abstract changes / episode  : 260.5
same abstract-state steps   : 23.8%
same-state shaping / episode: 0.000
changed-state shaping / ep. : 5056.825
terminal shaping / episode  : 57.382
DFA transitions / episode   : 1.93
DFA transitions in window   : 1->2: 72, 2->3: 64, 3->4: 57
epsilon (next episode)       : 0.21007
replay buffer                : 300000 samples [1: 45.6%, 2: 27.9%, 3: 26.5%, 4: 0.0%]
DFA state visits in window   : 1: 15148, 2: 8946, 3: 10138, 4: 57
DFA state visits cumulative  : 1: 628774, 2: 137929, 3: 86070, 4: 199
DFA state entries in window  : 1: 100, 2: 72, 3: 64, 4: 57
DFA state entries cumulative : 1: 3900, 2: 1081, 3: 514, 4: 199
transitions cumulative       : 1->2: 1081, 2->3: 514, 3->4: 199
accepted directly from s0    : 0
Gym endings cumulative       : terminated=3638, truncated=63

[Episode 4000/8000 | last 100]
success rate                : 59.0% (cumulative 6.5%)
failure rate                : 0.0% (cumulative 0.0%)
completed cycles / episode  : 0.000
synthetic task reward       : 5900.000
shaping reward              : 5987.710
learning reward             : 11887.710
episode length              : 389.7
abstract changes / episode  : 305.1
same abstract-state steps   : 21.7%
same-state shaping / episode: 0.000
changed-state shaping / ep. : 5987.710
terminal shaping / episode  : 58.697
DFA transitions / episode   : 2.24
DFA transitions in window   : 1->2: 89, 2->3: 76, 3->4: 59
epsilon (next episode)       : 0.20183
replay buffer                : 300000 samples [1: 44.5%, 2: 28.1%, 3: 27.4%, 4: 0.0%]
DFA state visits in window   : 1: 18185, 2: 11225, 3: 9598, 4: 59
DFA state visits cumulative  : 1: 646959, 2: 149154, 3: 95668, 4: 258
DFA state entries in window  : 1: 100, 2: 89, 3: 76, 4: 59
DFA state entries cumulative : 1: 4000, 2: 1170, 3: 590, 4: 258
transitions cumulative       : 1->2: 1170, 2->3: 590, 3->4: 258
accepted directly from s0    : 0
Gym endings cumulative       : terminated=3678, truncated=64

Starting autonomous greedy evaluation at episode 4000 (1000 fixed-seed episodes)...
[Greedy evaluation at episode 4000 | 1000 fixed-seed episodes]
success=1.4%, failure=0.0%, task reward=140.000, length=526.9
DFA transitions: 1->2: 986, 2->3: 17, 3->4: 14

[Episode 4100/8000 | last 100]
success rate                : 55.0% (cumulative 7.6%)
failure rate                : 0.0% (cumulative 0.0%)
completed cycles / episode  : 0.000
synthetic task reward       : 5500.000
shaping reward              : 5796.360
learning reward             : 11296.360
episode length              : 422.2
abstract changes / episode  : 326.0
same abstract-state steps   : 22.8%
same-state shaping / episode: 0.000
changed-state shaping / ep. : 5796.360
terminal shaping / episode  : 54.527
DFA transitions / episode   : 2.18
DFA transitions in window   : 1->2: 87, 2->3: 76, 3->4: 55
epsilon (next episode)       : 0.19392
replay buffer                : 300000 samples [1: 44.5%, 2: 29.0%, 3: 26.5%, 4: 0.0%]
DFA state visits in window   : 1: 18865, 2: 14519, 3: 8882, 4: 55
DFA state visits cumulative  : 1: 665824, 2: 163673, 3: 104550, 4: 313
DFA state entries in window  : 1: 100, 2: 87, 3: 76, 4: 55
DFA state entries cumulative : 1: 4100, 2: 1257, 3: 666, 4: 313
transitions cumulative       : 1->2: 1257, 2->3: 666, 3->4: 313
accepted directly from s0    : 0
Gym endings cumulative       : terminated=3722, truncated=65

[Episode 4200/8000 | last 100]
success rate                : 54.0% (cumulative 8.7%)
failure rate                : 0.0% (cumulative 0.0%)
completed cycles / episode  : 0.000
synthetic task reward       : 5400.000
shaping reward              : 5854.068
learning reward             : 11254.068
episode length              : 415.6
abstract changes / episode  : 316.8
same abstract-state steps   : 23.8%
same-state shaping / episode: 0.000
changed-state shaping / ep. : 5854.068
terminal shaping / episode  : 58.360
DFA transitions / episode   : 2.19
DFA transitions in window   : 1->2: 90, 2->3: 75, 3->4: 54
epsilon (next episode)       : 0.18631
replay buffer                : 300000 samples [1: 44.3%, 2: 29.2%, 3: 26.4%, 4: 0.0%]
DFA state visits in window   : 1: 18304, 2: 14072, 3: 9228, 4: 54
DFA state visits cumulative  : 1: 684128, 2: 177745, 3: 113778, 4: 367
DFA state entries in window  : 1: 100, 2: 90, 3: 75, 4: 54
DFA state entries cumulative : 1: 4200, 2: 1347, 3: 741, 4: 367
transitions cumulative       : 1->2: 1347, 2->3: 741, 3->4: 367
accepted directly from s0    : 0
Gym endings cumulative       : terminated=3765, truncated=68

[Episode 4300/8000 | last 100]
success rate                : 52.0% (cumulative 9.7%)
failure rate                : 0.0% (cumulative 0.0%)
completed cycles / episode  : 0.000
synthetic task reward       : 5200.000
shaping reward              : 4561.647
learning reward             : 9761.647
episode length              : 343.7
abstract changes / episode  : 266.9
same abstract-state steps   : 22.3%
same-state shaping / episode: 0.000
changed-state shaping / ep. : 4561.647
terminal shaping / episode  : 50.429
DFA transitions / episode   : 1.74
DFA transitions in window   : 1->2: 65, 2->3: 57, 3->4: 52
epsilon (next episode)       : 0.17900
replay buffer                : 300000 samples [1: 44.4%, 2: 30.5%, 3: 25.1%, 4: 0.0%]
DFA state visits in window   : 1: 16916, 2: 11019, 3: 6480, 4: 52
DFA state visits cumulative  : 1: 701044, 2: 188764, 3: 120258, 4: 419
DFA state entries in window  : 1: 100, 2: 65, 3: 57, 4: 52
DFA state entries cumulative : 1: 4300, 2: 1412, 3: 798, 4: 419
transitions cumulative       : 1->2: 1412, 2->3: 798, 3->4: 419
accepted directly from s0    : 0
Gym endings cumulative       : terminated=3811, truncated=70

[Episode 4400/8000 | last 100]
success rate                : 61.0% (cumulative 10.9%)
failure rate                : 0.0% (cumulative 0.0%)
completed cycles / episode  : 0.000
synthetic task reward       : 6100.000
shaping reward              : 5477.815
learning reward             : 11577.815
episode length              : 348.6
abstract changes / episode  : 275.8
same abstract-state steps   : 20.9%
same-state shaping / episode: 0.000
changed-state shaping / ep. : 5477.815
terminal shaping / episode  : 60.133
DFA transitions / episode   : 2.05
DFA transitions in window   : 1->2: 78, 2->3: 66, 3->4: 61
epsilon (next episode)       : 0.17198
replay buffer                : 300000 samples [1: 44.6%, 2: 30.9%, 3: 24.5%, 4: 0.0%]
DFA state visits in window   : 1: 15950, 2: 11079, 3: 7868, 4: 61
DFA state visits cumulative  : 1: 716994, 2: 199843, 3: 128126, 4: 480
DFA state entries in window  : 1: 100, 2: 78, 3: 66, 4: 61
DFA state entries cumulative : 1: 4400, 2: 1490, 3: 864, 4: 480
transitions cumulative       : 1->2: 1490, 2->3: 864, 3->4: 480
accepted directly from s0    : 0
Gym endings cumulative       : terminated=3850, truncated=70

[Episode 4500/8000 | last 100]
success rate                : 66.0% (cumulative 12.1%)
failure rate                : 0.0% (cumulative 0.0%)
completed cycles / episode  : 0.000
synthetic task reward       : 6600.000
shaping reward              : 5942.519
learning reward             : 12542.519
episode length              : 347.2
abstract changes / episode  : 274.1
same abstract-state steps   : 21.1%
same-state shaping / episode: 0.000
changed-state shaping / ep. : 5942.519
terminal shaping / episode  : 63.932
DFA transitions / episode   : 2.20
DFA transitions in window   : 1->2: 81, 2->3: 73, 3->4: 66
epsilon (next episode)       : 0.16524
replay buffer                : 300000 samples [1: 45.1%, 2: 31.2%, 3: 23.7%, 4: 0.0%]
DFA state visits in window   : 1: 15577, 2: 11404, 3: 7776, 4: 66
DFA state visits cumulative  : 1: 732571, 2: 211247, 3: 135902, 4: 546
DFA state entries in window  : 1: 100, 2: 81, 3: 73, 4: 66
DFA state entries cumulative : 1: 4500, 2: 1571, 3: 937, 4: 546
transitions cumulative       : 1->2: 1571, 2->3: 937, 3->4: 546
accepted directly from s0    : 0
Gym endings cumulative       : terminated=3884, truncated=70

Starting autonomous greedy evaluation at episode 4500 (1000 fixed-seed episodes)...
[Greedy evaluation at episode 4500 | 1000 fixed-seed episodes]
success=70.5%, failure=0.0%, task reward=7050.000, length=291.0
DFA transitions: 1->2: 709, 2->3: 706, 3->4: 705
Best policy updated from autonomous greedy evaluation at episode 4500.

[Episode 4600/8000 | last 100]
success rate                : 69.0% (cumulative 13.4%)
failure rate                : 0.0% (cumulative 0.0%)
completed cycles / episode  : 0.000
synthetic task reward       : 6900.000
shaping reward              : 6040.261
learning reward             : 12940.261
episode length              : 352.6
abstract changes / episode  : 281.5
same abstract-state steps   : 20.2%
same-state shaping / episode: 0.000
changed-state shaping / ep. : 6040.261
terminal shaping / episode  : 68.514
DFA transitions / episode   : 2.21
DFA transitions in window   : 1->2: 78, 2->3: 74, 3->4: 69
epsilon (next episode)       : 0.15876
replay buffer                : 300000 samples [1: 45.9%, 2: 31.2%, 3: 23.0%, 4: 0.0%]
DFA state visits in window   : 1: 17329, 2: 10306, 3: 7654, 4: 69
DFA state visits cumulative  : 1: 749900, 2: 221553, 3: 143556, 4: 615
DFA state entries in window  : 1: 100, 2: 78, 3: 74, 4: 69
DFA state entries cumulative : 1: 4600, 2: 1649, 3: 1011, 4: 615
transitions cumulative       : 1->2: 1649, 2->3: 1011, 3->4: 615
accepted directly from s0    : 0
Gym endings cumulative       : terminated=3914, truncated=71

[Episode 4700/8000 | last 100]
success rate                : 74.0% (cumulative 14.7%)
failure rate                : 0.0% (cumulative 0.0%)
completed cycles / episode  : 0.000
synthetic task reward       : 7400.000
shaping reward              : 6733.907
learning reward             : 14133.907
episode length              : 376.1
abstract changes / episode  : 295.4
same abstract-state steps   : 21.5%
same-state shaping / episode: 0.000
changed-state shaping / ep. : 6733.907
terminal shaping / episode  : 73.172
DFA transitions / episode   : 2.45
DFA transitions in window   : 1->2: 89, 2->3: 82, 3->4: 74
epsilon (next episode)       : 0.15253
replay buffer                : 300000 samples [1: 46.3%, 2: 31.9%, 3: 21.7%, 4: 0.0%]
DFA state visits in window   : 1: 17927, 2: 12103, 3: 7604, 4: 74
DFA state visits cumulative  : 1: 767827, 2: 233656, 3: 151160, 4: 689
DFA state entries in window  : 1: 100, 2: 89, 3: 82, 4: 74
DFA state entries cumulative : 1: 4700, 2: 1738, 3: 1093, 4: 689
transitions cumulative       : 1->2: 1738, 2->3: 1093, 3->4: 689
accepted directly from s0    : 0
Gym endings cumulative       : terminated=3937, truncated=74

[Episode 4800/8000 | last 100]
success rate                : 76.0% (cumulative 15.9%)
failure rate                : 0.0% (cumulative 0.0%)
completed cycles / episode  : 0.000
synthetic task reward       : 7600.000
shaping reward              : 6822.904
learning reward             : 14422.904
episode length              : 331.3
abstract changes / episode  : 269.7
same abstract-state steps   : 18.6%
same-state shaping / episode: 0.000
changed-state shaping / ep. : 6822.904
terminal shaping / episode  : 74.154
DFA transitions / episode   : 2.52
DFA transitions in window   : 1->2: 89, 2->3: 87, 3->4: 76
epsilon (next episode)       : 0.14655
replay buffer                : 300000 samples [1: 46.3%, 2: 32.0%, 3: 21.7%, 4: 0.0%]
DFA state visits in window   : 1: 14899, 2: 10068, 3: 8183, 4: 76
DFA state visits cumulative  : 1: 782726, 2: 243724, 3: 159343, 4: 765
DFA state entries in window  : 1: 100, 2: 89, 3: 87, 4: 76
DFA state entries cumulative : 1: 4800, 2: 1827, 3: 1180, 4: 765
transitions cumulative       : 1->2: 1827, 2->3: 1180, 3->4: 765
accepted directly from s0    : 0
Gym endings cumulative       : terminated=3960, truncated=75

[Episode 4900/8000 | last 100]
success rate                : 70.0% (cumulative 17.0%)
failure rate                : 0.0% (cumulative 0.0%)
completed cycles / episode  : 0.000
synthetic task reward       : 7000.000
shaping reward              : 6317.134
learning reward             : 13317.134
episode length              : 323.7
abstract changes / episode  : 253.5
same abstract-state steps   : 21.7%
same-state shaping / episode: 0.000
changed-state shaping / ep. : 6317.134
terminal shaping / episode  : 67.930
DFA transitions / episode   : 2.33
DFA transitions in window   : 1->2: 84, 2->3: 79, 3->4: 70
epsilon (next episode)       : 0.14080
replay buffer                : 300000 samples [1: 46.4%, 2: 31.9%, 3: 21.7%, 4: 0.0%]
DFA state visits in window   : 1: 15675, 2: 10279, 3: 6444, 4: 70
DFA state visits cumulative  : 1: 798401, 2: 254003, 3: 165787, 4: 835
DFA state entries in window  : 1: 100, 2: 84, 3: 79, 4: 70
DFA state entries cumulative : 1: 4900, 2: 1911, 3: 1259, 4: 835
transitions cumulative       : 1->2: 1911, 2->3: 1259, 3->4: 835
accepted directly from s0    : 0
Gym endings cumulative       : terminated=3990, truncated=75

[Episode 5000/8000 | last 100]
success rate                : 75.0% (cumulative 18.2%)
failure rate                : 0.0% (cumulative 0.0%)
completed cycles / episode  : 0.000
synthetic task reward       : 7500.000
shaping reward              : 6542.179
learning reward             : 14042.179
episode length              : 326.8
abstract changes / episode  : 261.8
same abstract-state steps   : 19.9%
same-state shaping / episode: 0.000
changed-state shaping / ep. : 6542.179
terminal shaping / episode  : 76.213
DFA transitions / episode   : 2.39
DFA transitions in window   : 1->2: 84, 2->3: 80, 3->4: 75
epsilon (next episode)       : 0.13528
replay buffer                : 300000 samples [1: 47.1%, 2: 31.5%, 3: 21.4%, 4: 0.0%]
DFA state visits in window   : 1: 17435, 2: 9228, 3: 6039, 4: 75
DFA state visits cumulative  : 1: 815836, 2: 263231, 3: 171826, 4: 910
DFA state entries in window  : 1: 100, 2: 84, 3: 80, 4: 75
DFA state entries cumulative : 1: 5000, 2: 1995, 3: 1339, 4: 910
transitions cumulative       : 1->2: 1995, 2->3: 1339, 3->4: 910
accepted directly from s0    : 0
Gym endings cumulative       : terminated=4015, truncated=75

Starting autonomous greedy evaluation at episode 5000 (1000 fixed-seed episodes)...
[Greedy evaluation at episode 5000 | 1000 fixed-seed episodes]
success=88.2%, failure=0.0%, task reward=8820.000, length=293.2
DFA transitions: 1->2: 883, 2->3: 882, 3->4: 882
Best policy updated from autonomous greedy evaluation at episode 5000.

[Episode 5100/8000 | last 100]
success rate                : 80.0% (cumulative 19.4%)
failure rate                : 0.0% (cumulative 0.0%)
completed cycles / episode  : 0.000
synthetic task reward       : 8000.000
shaping reward              : 6813.821
learning reward             : 14813.821
episode length              : 356.6
abstract changes / episode  : 268.8
same abstract-state steps   : 24.6%
same-state shaping / episode: 0.000
changed-state shaping / ep. : 6813.821
terminal shaping / episode  : 83.290
DFA transitions / episode   : 2.51
DFA transitions in window   : 1->2: 88, 2->3: 83, 3->4: 80
epsilon (next episode)       : 0.12998
replay buffer                : 300000 samples [1: 48.5%, 2: 30.5%, 3: 20.9%, 4: 0.0%]
DFA state visits in window   : 1: 19765, 2: 8995, 3: 6917, 4: 80
DFA state visits cumulative  : 1: 835601, 2: 272226, 3: 178743, 4: 990
DFA state entries in window  : 1: 100, 2: 88, 3: 83, 4: 80
DFA state entries cumulative : 1: 5100, 2: 2083, 3: 1422, 4: 990
transitions cumulative       : 1->2: 2083, 2->3: 1422, 3->4: 990
accepted directly from s0    : 0
Gym endings cumulative       : terminated=4032, truncated=78

[Episode 5200/8000 | last 100]
success rate                : 75.0% (cumulative 20.5%)
failure rate                : 0.0% (cumulative 0.0%)
completed cycles / episode  : 0.000
synthetic task reward       : 7500.000
shaping reward              : 6731.456
learning reward             : 14231.456
episode length              : 381.6
abstract changes / episode  : 285.9
same abstract-state steps   : 25.1%
same-state shaping / episode: 0.000
changed-state shaping / ep. : 6731.456
terminal shaping / episode  : 73.567
DFA transitions / episode   : 2.47
DFA transitions in window   : 1->2: 89, 2->3: 83, 3->4: 75
epsilon (next episode)       : 0.12488
replay buffer                : 300000 samples [1: 48.4%, 2: 30.9%, 3: 20.7%, 4: 0.0%]
DFA state visits in window   : 1: 18042, 2: 13369, 3: 6770, 4: 75
DFA state visits cumulative  : 1: 853643, 2: 285595, 3: 185513, 4: 1065
DFA state entries in window  : 1: 100, 2: 89, 3: 83, 4: 75
DFA state entries cumulative : 1: 5200, 2: 2172, 3: 1505, 4: 1065
transitions cumulative       : 1->2: 2172, 2->3: 1505, 3->4: 1065
accepted directly from s0    : 0
Gym endings cumulative       : terminated=4052, truncated=83

[Episode 5300/8000 | last 100]
success rate                : 85.0% (cumulative 21.7%)
failure rate                : 0.0% (cumulative 0.0%)
completed cycles / episode  : 0.000
synthetic task reward       : 8500.000
shaping reward              : 7328.495
learning reward             : 15828.495
episode length              : 322.4
abstract changes / episode  : 268.8
same abstract-state steps   : 16.6%
same-state shaping / episode: 0.000
changed-state shaping / ep. : 7328.495
terminal shaping / episode  : 84.379
DFA transitions / episode   : 2.69
DFA transitions in window   : 1->2: 93, 2->3: 91, 3->4: 85
epsilon (next episode)       : 0.11998
replay buffer                : 300000 samples [1: 48.5%, 2: 31.2%, 3: 20.3%, 4: 0.0%]
DFA state visits in window   : 1: 14150, 2: 11750, 3: 6356, 4: 85
DFA state visits cumulative  : 1: 867793, 2: 297345, 3: 191869, 4: 1150
DFA state entries in window  : 1: 100, 2: 93, 3: 91, 4: 85
DFA state entries cumulative : 1: 5300, 2: 2265, 3: 1596, 4: 1150
transitions cumulative       : 1->2: 2265, 2->3: 1596, 3->4: 1150
accepted directly from s0    : 0
Gym endings cumulative       : terminated=4067, truncated=83

[Episode 5400/8000 | last 100]
success rate                : 85.0% (cumulative 22.9%)
failure rate                : 0.0% (cumulative 0.0%)
completed cycles / episode  : 0.000
synthetic task reward       : 8500.000
shaping reward              : 7165.692
learning reward             : 15665.692
episode length              : 337.5
abstract changes / episode  : 278.1
same abstract-state steps   : 17.6%
same-state shaping / episode: 0.000
changed-state shaping / ep. : 7165.692
terminal shaping / episode  : 89.935
DFA transitions / episode   : 2.70
DFA transitions in window   : 1->2: 96, 2->3: 89, 3->4: 85
epsilon (next episode)       : 0.11528
replay buffer                : 300000 samples [1: 48.4%, 2: 31.3%, 3: 20.3%, 4: 0.0%]
DFA state visits in window   : 1: 15397, 2: 11227, 3: 7142, 4: 85
DFA state visits cumulative  : 1: 883190, 2: 308572, 3: 199011, 4: 1235
DFA state entries in window  : 1: 100, 2: 96, 3: 89, 4: 85
DFA state entries cumulative : 1: 5400, 2: 2361, 3: 1685, 4: 1235
transitions cumulative       : 1->2: 2361, 2->3: 1685, 3->4: 1235
accepted directly from s0    : 0
Gym endings cumulative       : terminated=4082, truncated=83

[Episode 5500/8000 | last 100]
success rate                : 85.0% (cumulative 24.0%)
failure rate                : 0.0% (cumulative 0.0%)
completed cycles / episode  : 0.000
synthetic task reward       : 8500.000
shaping reward              : 7449.888
learning reward             : 15949.888
episode length              : 353.1
abstract changes / episode  : 286.2
same abstract-state steps   : 18.9%
same-state shaping / episode: 0.000
changed-state shaping / ep. : 7449.888
terminal shaping / episode  : 86.278
DFA transitions / episode   : 2.74
DFA transitions in window   : 1->2: 96, 2->3: 93, 3->4: 85
epsilon (next episode)       : 0.11075
replay buffer                : 300000 samples [1: 48.1%, 2: 31.9%, 3: 19.9%, 4: 0.0%]
DFA state visits in window   : 1: 16094, 2: 12437, 3: 6796, 4: 85
DFA state visits cumulative  : 1: 899284, 2: 321009, 3: 205807, 4: 1320
DFA state entries in window  : 1: 100, 2: 96, 3: 93, 4: 85
DFA state entries cumulative : 1: 5500, 2: 2457, 3: 1778, 4: 1320
transitions cumulative       : 1->2: 2457, 2->3: 1778, 3->4: 1320
accepted directly from s0    : 0
Gym endings cumulative       : terminated=4096, truncated=84

Starting autonomous greedy evaluation at episode 5500 (1000 fixed-seed episodes)...
[Greedy evaluation at episode 5500 | 1000 fixed-seed episodes]
success=90.1%, failure=0.0%, task reward=9010.000, length=326.1
DFA transitions: 1->2: 931, 2->3: 920, 3->4: 901
Best policy updated from autonomous greedy evaluation at episode 5500.

[Episode 5600/8000 | last 100]
success rate                : 77.0% (cumulative 24.9%)
failure rate                : 0.0% (cumulative 0.0%)
completed cycles / episode  : 0.000
synthetic task reward       : 7700.000
shaping reward              : 6743.696
learning reward             : 14443.696
episode length              : 336.4
abstract changes / episode  : 271.7
same abstract-state steps   : 19.2%
same-state shaping / episode: 0.000
changed-state shaping / ep. : 6743.696
terminal shaping / episode  : 78.600
DFA transitions / episode   : 2.54
DFA transitions in window   : 1->2: 92, 2->3: 85, 3->4: 77
epsilon (next episode)       : 0.10641
replay buffer                : 300000 samples [1: 47.6%, 2: 32.8%, 3: 19.6%, 4: 0.0%]
DFA state visits in window   : 1: 14321, 2: 12957, 3: 6389, 4: 77
DFA state visits cumulative  : 1: 913605, 2: 333966, 3: 212196, 4: 1397
DFA state entries in window  : 1: 100, 2: 92, 3: 85, 4: 77
DFA state entries cumulative : 1: 5600, 2: 2549, 3: 1863, 4: 1397
transitions cumulative       : 1->2: 2549, 2->3: 1863, 3->4: 1397
accepted directly from s0    : 0
Gym endings cumulative       : terminated=4118, truncated=85

[Episode 5700/8000 | last 100]
success rate                : 86.0% (cumulative 26.0%)
failure rate                : 0.0% (cumulative 0.0%)
completed cycles / episode  : 0.000
synthetic task reward       : 8600.000
shaping reward              : 7560.916
learning reward             : 16160.916
episode length              : 311.1
abstract changes / episode  : 260.9
same abstract-state steps   : 16.1%
same-state shaping / episode: 0.000
changed-state shaping / ep. : 7560.916
terminal shaping / episode  : 85.833
DFA transitions / episode   : 2.72
DFA transitions in window   : 1->2: 94, 2->3: 92, 3->4: 86
epsilon (next episode)       : 0.10224
replay buffer                : 300000 samples [1: 47.7%, 2: 32.8%, 3: 19.5%, 4: 0.0%]
DFA state visits in window   : 1: 14386, 2: 9924, 3: 6812, 4: 86
DFA state visits cumulative  : 1: 927991, 2: 343890, 3: 219008, 4: 1483
DFA state entries in window  : 1: 100, 2: 94, 3: 92, 4: 86
DFA state entries cumulative : 1: 5700, 2: 2643, 3: 1955, 4: 1483
transitions cumulative       : 1->2: 2643, 2->3: 1955, 3->4: 1483
accepted directly from s0    : 0
Gym endings cumulative       : terminated=4132, truncated=85

[Episode 5800/8000 | last 100]
success rate                : 84.0% (cumulative 27.0%)
failure rate                : 0.0% (cumulative 0.0%)
completed cycles / episode  : 0.000
synthetic task reward       : 8400.000
shaping reward              : 7168.433
learning reward             : 15568.433
episode length              : 309.1
abstract changes / episode  : 259.1
same abstract-state steps   : 16.2%
same-state shaping / episode: 0.000
changed-state shaping / ep. : 7168.433
terminal shaping / episode  : 84.141
DFA transitions / episode   : 2.62
DFA transitions in window   : 1->2: 92, 2->3: 86, 3->4: 84
epsilon (next episode)       : 0.09823
replay buffer                : 300000 samples [1: 47.3%, 2: 33.0%, 3: 19.7%, 4: 0.0%]
DFA state visits in window   : 1: 14229, 2: 10057, 3: 6644, 4: 84
DFA state visits cumulative  : 1: 942220, 2: 353947, 3: 225652, 4: 1567
DFA state entries in window  : 1: 100, 2: 92, 3: 86, 4: 84
DFA state entries cumulative : 1: 5800, 2: 2735, 3: 2041, 4: 1567
transitions cumulative       : 1->2: 2735, 2->3: 2041, 3->4: 1567
accepted directly from s0    : 0
Gym endings cumulative       : terminated=4148, truncated=85

[Episode 5900/8000 | last 100]
success rate                : 86.0% (cumulative 28.0%)
failure rate                : 0.0% (cumulative 0.0%)
completed cycles / episode  : 0.000
synthetic task reward       : 8600.000
shaping reward              : 7500.556
learning reward             : 16100.556
episode length              : 321.6
abstract changes / episode  : 268.6
same abstract-state steps   : 16.5%
same-state shaping / episode: 0.000
changed-state shaping / ep. : 7500.556
terminal shaping / episode  : 85.207
DFA transitions / episode   : 2.76
DFA transitions in window   : 1->2: 97, 2->3: 93, 3->4: 86
epsilon (next episode)       : 0.09438
replay buffer                : 300000 samples [1: 46.0%, 2: 33.5%, 3: 20.4%, 4: 0.0%]
DFA state visits in window   : 1: 13373, 2: 10782, 3: 8014, 4: 86
DFA state visits cumulative  : 1: 955593, 2: 364729, 3: 233666, 4: 1653
DFA state entries in window  : 1: 100, 2: 97, 3: 93, 4: 86
DFA state entries cumulative : 1: 5900, 2: 2832, 3: 2134, 4: 1653
transitions cumulative       : 1->2: 2832, 2->3: 2134, 3->4: 1653
accepted directly from s0    : 0
Gym endings cumulative       : terminated=4162, truncated=85

[Episode 6000/8000 | last 100]
success rate                : 83.0% (cumulative 28.9%)
failure rate                : 0.0% (cumulative 0.0%)
completed cycles / episode  : 0.000
synthetic task reward       : 8300.000
shaping reward              : 7150.590
learning reward             : 15450.590
episode length              : 309.5
abstract changes / episode  : 256.6
same abstract-state steps   : 17.1%
same-state shaping / episode: 0.000
changed-state shaping / ep. : 7150.590
terminal shaping / episode  : 81.140
DFA transitions / episode   : 2.63
DFA transitions in window   : 1->2: 93, 2->3: 87, 3->4: 83
epsilon (next episode)       : 0.09067
replay buffer                : 300000 samples [1: 44.8%, 2: 34.6%, 3: 20.5%, 4: 0.0%]
DFA state visits in window   : 1: 13794, 2: 10735, 3: 6438, 4: 83
DFA state visits cumulative  : 1: 969387, 2: 375464, 3: 240104, 4: 1736
DFA state entries in window  : 1: 100, 2: 93, 3: 87, 4: 83
DFA state entries cumulative : 1: 6000, 2: 2925, 3: 2221, 4: 1736
transitions cumulative       : 1->2: 2925, 2->3: 2221, 3->4: 1736
accepted directly from s0    : 0
Gym endings cumulative       : terminated=4179, truncated=85

Starting autonomous greedy evaluation at episode 6000 (1000 fixed-seed episodes)...
[Greedy evaluation at episode 6000 | 1000 fixed-seed episodes]
success=95.8%, failure=0.0%, task reward=9580.000, length=295.6
DFA transitions: 1->2: 971, 2->3: 960, 3->4: 958
Best policy updated from autonomous greedy evaluation at episode 6000.

[Episode 6100/8000 | last 100]
success rate                : 83.0% (cumulative 29.8%)
failure rate                : 0.0% (cumulative 0.0%)
completed cycles / episode  : 0.000
synthetic task reward       : 8300.000
shaping reward              : 7481.922
learning reward             : 15781.922
episode length              : 351.8
abstract changes / episode  : 290.5
same abstract-state steps   : 17.4%
same-state shaping / episode: 0.000
changed-state shaping / ep. : 7481.922
terminal shaping / episode  : 81.807
DFA transitions / episode   : 2.71
DFA transitions in window   : 1->2: 96, 2->3: 92, 3->4: 83
epsilon (next episode)       : 0.08712
replay buffer                : 300000 samples [1: 44.6%, 2: 34.6%, 3: 20.8%, 4: 0.0%]
DFA state visits in window   : 1: 16130, 2: 12012, 3: 7055, 4: 83
DFA state visits cumulative  : 1: 985517, 2: 387476, 3: 247159, 4: 1819
DFA state entries in window  : 1: 100, 2: 96, 3: 92, 4: 83
DFA state entries cumulative : 1: 6100, 2: 3021, 3: 2313, 4: 1819
transitions cumulative       : 1->2: 3021, 2->3: 2313, 3->4: 1819
accepted directly from s0    : 0
Gym endings cumulative       : terminated=4196, truncated=85

[Episode 6200/8000 | last 100]
success rate                : 90.0% (cumulative 30.8%)
failure rate                : 0.0% (cumulative 0.0%)
completed cycles / episode  : 0.000
synthetic task reward       : 9000.000
shaping reward              : 7810.575
learning reward             : 16810.575
episode length              : 308.2
abstract changes / episode  : 255.7
same abstract-state steps   : 17.0%
same-state shaping / episode: 0.000
changed-state shaping / ep. : 7810.575
terminal shaping / episode  : 92.738
DFA transitions / episode   : 2.84
DFA transitions in window   : 1->2: 97, 2->3: 97, 3->4: 90
epsilon (next episode)       : 0.08370
replay buffer                : 300000 samples [1: 44.6%, 2: 34.2%, 3: 21.3%, 4: 0.0%]
DFA state visits in window   : 1: 13691, 2: 9968, 3: 7171, 4: 90
DFA state visits cumulative  : 1: 999208, 2: 397444, 3: 254330, 4: 1909
DFA state entries in window  : 1: 100, 2: 97, 3: 97, 4: 90
DFA state entries cumulative : 1: 6200, 2: 3118, 3: 2410, 4: 1909
transitions cumulative       : 1->2: 3118, 2->3: 2410, 3->4: 1909
accepted directly from s0    : 0
Gym endings cumulative       : terminated=4206, truncated=85

[Episode 6300/8000 | last 100]
success rate                : 86.0% (cumulative 31.7%)
failure rate                : 0.0% (cumulative 0.0%)
completed cycles / episode  : 0.000
synthetic task reward       : 8600.000
shaping reward              : 7635.525
learning reward             : 16235.525
episode length              : 353.7
abstract changes / episode  : 288.7
same abstract-state steps   : 18.4%
same-state shaping / episode: 0.000
changed-state shaping / ep. : 7635.525
terminal shaping / episode  : 86.833
DFA transitions / episode   : 2.80
DFA transitions in window   : 1->2: 99, 2->3: 95, 3->4: 86
epsilon (next episode)       : 0.08042
replay buffer                : 300000 samples [1: 44.3%, 2: 34.4%, 3: 21.3%, 4: 0.0%]
DFA state visits in window   : 1: 15140, 2: 12779, 3: 7463, 4: 86
DFA state visits cumulative  : 1: 1014348, 2: 410223, 3: 261793, 4: 1995
DFA state entries in window  : 1: 100, 2: 99, 3: 95, 4: 86
DFA state entries cumulative : 1: 6300, 2: 3217, 3: 2505, 4: 1995
transitions cumulative       : 1->2: 3217, 2->3: 2505, 3->4: 1995
accepted directly from s0    : 0
Gym endings cumulative       : terminated=4220, truncated=85

[Episode 6400/8000 | last 100]
success rate                : 82.0% (cumulative 32.5%)
failure rate                : 0.0% (cumulative 0.0%)
completed cycles / episode  : 0.000
synthetic task reward       : 8200.000
shaping reward              : 7361.141
learning reward             : 15561.141
episode length              : 299.8
abstract changes / episode  : 251.2
same abstract-state steps   : 16.2%
same-state shaping / episode: 0.000
changed-state shaping / ep. : 7361.141
terminal shaping / episode  : 84.933
DFA transitions / episode   : 2.64
DFA transitions in window   : 1->2: 91, 2->3: 91, 3->4: 82
epsilon (next episode)       : 0.07727
replay buffer                : 300000 samples [1: 44.3%, 2: 34.5%, 3: 21.1%, 4: 0.0%]
DFA state visits in window   : 1: 13421, 2: 10995, 3: 5577, 4: 82
DFA state visits cumulative  : 1: 1027769, 2: 421218, 3: 267370, 4: 2077
DFA state entries in window  : 1: 100, 2: 91, 3: 91, 4: 82
DFA state entries cumulative : 1: 6400, 2: 3308, 3: 2596, 4: 2077
transitions cumulative       : 1->2: 3308, 2->3: 2596, 3->4: 2077
accepted directly from s0    : 0
Gym endings cumulative       : terminated=4238, truncated=85

[Episode 6500/8000 | last 100]
success rate                : 85.0% (cumulative 33.3%)
failure rate                : 0.0% (cumulative 0.0%)
completed cycles / episode  : 0.000
synthetic task reward       : 8500.000
shaping reward              : 7703.304
learning reward             : 16203.304
episode length              : 338.2
abstract changes / episode  : 283.9
same abstract-state steps   : 16.1%
same-state shaping / episode: 0.000
changed-state shaping / ep. : 7703.304
terminal shaping / episode  : 87.303
DFA transitions / episode   : 2.76
DFA transitions in window   : 1->2: 96, 2->3: 95, 3->4: 85
epsilon (next episode)       : 0.07423
replay buffer                : 300000 samples [1: 44.1%, 2: 34.9%, 3: 21.0%, 4: 0.0%]
DFA state visits in window   : 1: 13773, 2: 14270, 3: 5796, 4: 85
DFA state visits cumulative  : 1: 1041542, 2: 435488, 3: 273166, 4: 2162
DFA state entries in window  : 1: 100, 2: 96, 3: 95, 4: 85
DFA state entries cumulative : 1: 6500, 2: 3404, 3: 2691, 4: 2162
transitions cumulative       : 1->2: 3404, 2->3: 2691, 3->4: 2162
accepted directly from s0    : 0
Gym endings cumulative       : terminated=4253, truncated=85

Starting autonomous greedy evaluation at episode 6500 (1000 fixed-seed episodes)...
[Greedy evaluation at episode 6500 | 1000 fixed-seed episodes]
success=93.1%, failure=0.0%, task reward=9310.000, length=292.0
DFA transitions: 1->2: 941, 2->3: 939, 3->4: 931

[Episode 6600/8000 | last 100]
success rate                : 75.0% (cumulative 33.9%)
failure rate                : 0.0% (cumulative 0.0%)
completed cycles / episode  : 0.000
synthetic task reward       : 7500.000
shaping reward              : 6628.633
learning reward             : 14128.633
episode length              : 348.3
abstract changes / episode  : 272.8
same abstract-state steps   : 21.7%
same-state shaping / episode: 0.000
changed-state shaping / ep. : 6628.633
terminal shaping / episode  : 76.298
DFA transitions / episode   : 2.41
DFA transitions in window   : 1->2: 85, 2->3: 81, 3->4: 75
epsilon (next episode)       : 0.07132
replay buffer                : 300000 samples [1: 44.7%, 2: 35.2%, 3: 20.1%, 4: 0.0%]
DFA state visits in window   : 1: 18085, 2: 11882, 3: 4888, 4: 75
DFA state visits cumulative  : 1: 1059627, 2: 447370, 3: 278054, 4: 2237
DFA state entries in window  : 1: 100, 2: 85, 3: 81, 4: 75
DFA state entries cumulative : 1: 6600, 2: 3489, 3: 2772, 4: 2237
transitions cumulative       : 1->2: 3489, 2->3: 2772, 3->4: 2237
accepted directly from s0    : 0
Gym endings cumulative       : terminated=4278, truncated=85

[Episode 6700/8000 | last 100]
success rate                : 72.0% (cumulative 34.5%)
failure rate                : 0.0% (cumulative 0.0%)
completed cycles / episode  : 0.000
synthetic task reward       : 7200.000
shaping reward              : 6615.436
learning reward             : 13815.436
episode length              : 328.3
abstract changes / episode  : 269.1
same abstract-state steps   : 18.0%
same-state shaping / episode: 0.000
changed-state shaping / ep. : 6615.436
terminal shaping / episode  : 77.374
DFA transitions / episode   : 2.44
DFA transitions in window   : 1->2: 89, 2->3: 83, 3->4: 72
epsilon (next episode)       : 0.06853
replay buffer                : 300000 samples [1: 44.8%, 2: 35.5%, 3: 19.8%, 4: 0.0%]
DFA state visits in window   : 1: 14957, 2: 11781, 3: 6121, 4: 72
DFA state visits cumulative  : 1: 1074584, 2: 459151, 3: 284175, 4: 2309
DFA state entries in window  : 1: 100, 2: 89, 3: 83, 4: 72
DFA state entries cumulative : 1: 6700, 2: 3578, 3: 2855, 4: 2309
transitions cumulative       : 1->2: 3578, 2->3: 2855, 3->4: 2309
accepted directly from s0    : 0
Gym endings cumulative       : terminated=4306, truncated=85

[Episode 6800/8000 | last 100]
success rate                : 74.0% (cumulative 35.0%)
failure rate                : 0.0% (cumulative 0.0%)
completed cycles / episode  : 0.000
synthetic task reward       : 7400.000
shaping reward              : 6423.413
learning reward             : 13823.413
episode length              : 326.2
abstract changes / episode  : 269.0
same abstract-state steps   : 17.5%
same-state shaping / episode: 0.000
changed-state shaping / ep. : 6423.413
terminal shaping / episode  : 85.437
DFA transitions / episode   : 2.37
DFA transitions in window   : 1->2: 83, 2->3: 80, 3->4: 74
epsilon (next episode)       : 0.06584
replay buffer                : 300000 samples [1: 46.0%, 2: 35.2%, 3: 18.8%, 4: 0.0%]
DFA state visits in window   : 1: 17237, 2: 10014, 3: 5400, 4: 74
DFA state visits cumulative  : 1: 1091821, 2: 469165, 3: 289575, 4: 2383
DFA state entries in window  : 1: 100, 2: 83, 3: 80, 4: 74
DFA state entries cumulative : 1: 6800, 2: 3661, 3: 2935, 4: 2383
transitions cumulative       : 1->2: 3661, 2->3: 2935, 3->4: 2383
accepted directly from s0    : 0
Gym endings cumulative       : terminated=4332, truncated=85

[Episode 6900/8000 | last 100]
success rate                : 74.0% (cumulative 35.6%)
failure rate                : 0.0% (cumulative 0.0%)
completed cycles / episode  : 0.000
synthetic task reward       : 7400.000
shaping reward              : 6873.524
learning reward             : 14273.524
episode length              : 296.8
abstract changes / episode  : 245.9
same abstract-state steps   : 17.1%
same-state shaping / episode: 0.000
changed-state shaping / ep. : 6873.524
terminal shaping / episode  : 75.034
DFA transitions / episode   : 2.50
DFA transitions in window   : 1->2: 89, 2->3: 87, 3->4: 74
epsilon (next episode)       : 0.06326
replay buffer                : 300000 samples [1: 46.3%, 2: 35.0%, 3: 18.8%, 4: 0.0%]
DFA state visits in window   : 1: 14548, 2: 9246, 3: 5911, 4: 74
DFA state visits cumulative  : 1: 1106369, 2: 478411, 3: 295486, 4: 2457
DFA state entries in window  : 1: 100, 2: 89, 3: 87, 4: 74
DFA state entries cumulative : 1: 6900, 2: 3750, 3: 3022, 4: 2457
transitions cumulative       : 1->2: 3750, 2->3: 3022, 3->4: 2457
accepted directly from s0    : 0
Gym endings cumulative       : terminated=4358, truncated=85

[Episode 7000/8000 | last 100]
success rate                : 80.0% (cumulative 36.2%)
failure rate                : 0.0% (cumulative 0.0%)
completed cycles / episode  : 0.000
synthetic task reward       : 8000.000
shaping reward              : 6667.415
learning reward             : 14667.415
episode length              : 339.9
abstract changes / episode  : 264.8
same abstract-state steps   : 22.1%
same-state shaping / episode: 0.000
changed-state shaping / ep. : 6667.415
terminal shaping / episode  : 82.480
DFA transitions / episode   : 2.46
DFA transitions in window   : 1->2: 85, 2->3: 81, 3->4: 80
epsilon (next episode)       : 0.06078
replay buffer                : 300000 samples [1: 47.2%, 2: 34.2%, 3: 18.5%, 4: 0.0%]
DFA state visits in window   : 1: 18092, 2: 9845, 3: 6070, 4: 80
DFA state visits cumulative  : 1: 1124461, 2: 488256, 3: 301556, 4: 2537
DFA state entries in window  : 1: 100, 2: 85, 3: 81, 4: 80
DFA state entries cumulative : 1: 7000, 2: 3835, 3: 3103, 4: 2537
transitions cumulative       : 1->2: 3835, 2->3: 3103, 3->4: 2537
accepted directly from s0    : 0
Gym endings cumulative       : terminated=4376, truncated=87

Starting autonomous greedy evaluation at episode 7000 (1000 fixed-seed episodes)...
[Greedy evaluation at episode 7000 | 1000 fixed-seed episodes]
success=92.4%, failure=0.0%, task reward=9240.000, length=282.0
DFA transitions: 1->2: 931, 2->3: 930, 3->4: 924

[Episode 7100/8000 | last 100]
success rate                : 84.0% (cumulative 36.9%)
failure rate                : 0.0% (cumulative 0.0%)
completed cycles / episode  : 0.000
synthetic task reward       : 8400.000
shaping reward              : 7170.752
learning reward             : 15570.752
episode length              : 301.8
abstract changes / episode  : 247.1
same abstract-state steps   : 18.1%
same-state shaping / episode: 0.000
changed-state shaping / ep. : 7170.752
terminal shaping / episode  : 88.769
DFA transitions / episode   : 2.65
DFA transitions in window   : 1->2: 92, 2->3: 89, 3->4: 84
epsilon (next episode)       : 0.05839
replay buffer                : 300000 samples [1: 47.2%, 2: 34.6%, 3: 18.1%, 4: 0.0%]
DFA state visits in window   : 1: 13840, 2: 10926, 3: 5429, 4: 84
DFA state visits cumulative  : 1: 1138301, 2: 499182, 3: 306985, 4: 2621
DFA state entries in window  : 1: 100, 2: 92, 3: 89, 4: 84
DFA state entries cumulative : 1: 7100, 2: 3927, 3: 3192, 4: 2621
transitions cumulative       : 1->2: 3927, 2->3: 3192, 3->4: 2621
accepted directly from s0    : 0
Gym endings cumulative       : terminated=4392, truncated=87

[Episode 7200/8000 | last 100]
success rate                : 80.0% (cumulative 37.5%)
failure rate                : 0.0% (cumulative 0.0%)
completed cycles / episode  : 0.000
synthetic task reward       : 8000.000
shaping reward              : 6696.271
learning reward             : 14696.271
episode length              : 265.5
abstract changes / episode  : 220.2
same abstract-state steps   : 17.1%
same-state shaping / episode: 0.000
changed-state shaping / ep. : 6696.271
terminal shaping / episode  : 82.303
DFA transitions / episode   : 2.45
DFA transitions in window   : 1->2: 83, 2->3: 82, 3->4: 80
epsilon (next episode)       : 0.05610
replay buffer                : 300000 samples [1: 47.7%, 2: 34.3%, 3: 18.0%, 4: 0.0%]
DFA state visits in window   : 1: 13113, 2: 8094, 3: 5367, 4: 80
DFA state visits cumulative  : 1: 1151414, 2: 507276, 3: 312352, 4: 2701
DFA state entries in window  : 1: 100, 2: 83, 3: 82, 4: 80
DFA state entries cumulative : 1: 7200, 2: 4010, 3: 3274, 4: 2701
transitions cumulative       : 1->2: 4010, 2->3: 3274, 3->4: 2701
accepted directly from s0    : 0
Gym endings cumulative       : terminated=4412, truncated=87

[Episode 7300/8000 | last 100]
success rate                : 81.0% (cumulative 38.1%)
failure rate                : 0.0% (cumulative 0.0%)
completed cycles / episode  : 0.000
synthetic task reward       : 8100.000
shaping reward              : 6904.151
learning reward             : 15004.151
episode length              : 267.7
abstract changes / episode  : 220.5
same abstract-state steps   : 17.6%
same-state shaping / episode: 0.000
changed-state shaping / ep. : 6904.151
terminal shaping / episode  : 85.060
DFA transitions / episode   : 2.51
DFA transitions in window   : 1->2: 85, 2->3: 85, 3->4: 81
epsilon (next episode)       : 0.05390
replay buffer                : 300000 samples [1: 48.4%, 2: 33.7%, 3: 17.9%, 4: 0.0%]
DFA state visits in window   : 1: 13499, 2: 7960, 3: 5331, 4: 81
DFA state visits cumulative  : 1: 1164913, 2: 515236, 3: 317683, 4: 2782
DFA state entries in window  : 1: 100, 2: 85, 3: 85, 4: 81
DFA state entries cumulative : 1: 7300, 2: 4095, 3: 3359, 4: 2782
transitions cumulative       : 1->2: 4095, 2->3: 3359, 3->4: 2782
accepted directly from s0    : 0
Gym endings cumulative       : terminated=4431, truncated=87

[Episode 7400/8000 | last 100]
success rate                : 84.0% (cumulative 38.7%)
failure rate                : 0.0% (cumulative 0.0%)
completed cycles / episode  : 0.000
synthetic task reward       : 8400.000
shaping reward              : 7204.155
learning reward             : 15604.155
episode length              : 288.5
abstract changes / episode  : 234.8
same abstract-state steps   : 18.6%
same-state shaping / episode: 0.000
changed-state shaping / ep. : 7204.155
terminal shaping / episode  : 83.167
DFA transitions / episode   : 2.61
DFA transitions in window   : 1->2: 89, 2->3: 88, 3->4: 84
epsilon (next episode)       : 0.05179
replay buffer                : 300000 samples [1: 49.6%, 2: 32.4%, 3: 17.9%, 4: 0.0%]
DFA state visits in window   : 1: 15670, 2: 8035, 3: 5162, 4: 84
DFA state visits cumulative  : 1: 1180583, 2: 523271, 3: 322845, 4: 2866
DFA state entries in window  : 1: 100, 2: 89, 3: 88, 4: 84
DFA state entries cumulative : 1: 7400, 2: 4184, 3: 3447, 4: 2866
transitions cumulative       : 1->2: 4184, 2->3: 3447, 3->4: 2866
accepted directly from s0    : 0
Gym endings cumulative       : terminated=4447, truncated=87

[Episode 7500/8000 | last 100]
success rate                : 78.0% (cumulative 39.3%)
failure rate                : 0.0% (cumulative 0.0%)
completed cycles / episode  : 0.000
synthetic task reward       : 7800.000
shaping reward              : 6760.707
learning reward             : 14560.707
episode length              : 297.4
abstract changes / episode  : 240.0
same abstract-state steps   : 19.3%
same-state shaping / episode: 0.000
changed-state shaping / ep. : 6760.707
terminal shaping / episode  : 76.103
DFA transitions / episode   : 2.47
DFA transitions in window   : 1->2: 85, 2->3: 84, 3->4: 78
epsilon (next episode)       : 0.04976
replay buffer                : 300000 samples [1: 50.6%, 2: 31.3%, 3: 18.0%, 4: 0.0%]
DFA state visits in window   : 1: 16051, 2: 8349, 3: 5367, 4: 78
DFA state visits cumulative  : 1: 1196634, 2: 531620, 3: 328212, 4: 2944
DFA state entries in window  : 1: 100, 2: 85, 3: 84, 4: 78
DFA state entries cumulative : 1: 7500, 2: 4269, 3: 3531, 4: 2944
transitions cumulative       : 1->2: 4269, 2->3: 3531, 3->4: 2944
accepted directly from s0    : 0
Gym endings cumulative       : terminated=4469, truncated=87

Starting autonomous greedy evaluation at episode 7500 (1000 fixed-seed episodes)...
[Greedy evaluation at episode 7500 | 1000 fixed-seed episodes]
success=84.4%, failure=0.0%, task reward=8440.000, length=284.3
DFA transitions: 1->2: 853, 2->3: 849, 3->4: 844

[Episode 7600/8000 | last 100]
success rate                : 74.0% (cumulative 39.7%)
failure rate                : 0.0% (cumulative 0.0%)
completed cycles / episode  : 0.000
synthetic task reward       : 7400.000
shaping reward              : 6130.448
learning reward             : 13530.448
episode length              : 296.7
abstract changes / episode  : 221.4
same abstract-state steps   : 25.4%
same-state shaping / episode: 0.000
changed-state shaping / ep. : 6130.448
terminal shaping / episode  : 74.690
DFA transitions / episode   : 2.29
DFA transitions in window   : 1->2: 79, 2->3: 76, 3->4: 74
epsilon (next episode)       : 0.04781
replay buffer                : 300000 samples [1: 51.3%, 2: 30.5%, 3: 18.2%, 4: 0.0%]
DFA state visits in window   : 1: 17788, 2: 7320, 3: 4592, 4: 74
DFA state visits cumulative  : 1: 1214422, 2: 538940, 3: 332804, 4: 3018
DFA state entries in window  : 1: 100, 2: 79, 3: 76, 4: 74
DFA state entries cumulative : 1: 7600, 2: 4348, 3: 3607, 4: 3018
transitions cumulative       : 1->2: 4348, 2->3: 3607, 3->4: 3018
accepted directly from s0    : 0
Gym endings cumulative       : terminated=4495, truncated=87

[Episode 7700/8000 | last 100]
success rate                : 90.0% (cumulative 40.4%)
failure rate                : 0.0% (cumulative 0.0%)
completed cycles / episode  : 0.000
synthetic task reward       : 9000.000
shaping reward              : 7477.463
learning reward             : 16477.463
episode length              : 318.4
abstract changes / episode  : 254.1
same abstract-state steps   : 20.2%
same-state shaping / episode: 0.000
changed-state shaping / ep. : 7477.463
terminal shaping / episode  : 88.901
DFA transitions / episode   : 2.74
DFA transitions in window   : 1->2: 92, 2->3: 92, 3->4: 90
epsilon (next episode)       : 0.04593
replay buffer                : 300000 samples [1: 52.1%, 2: 29.7%, 3: 18.2%, 4: 0.0%]
DFA state visits in window   : 1: 16484, 2: 9293, 3: 6070, 4: 90
DFA state visits cumulative  : 1: 1230906, 2: 548233, 3: 338874, 4: 3108
DFA state entries in window  : 1: 100, 2: 92, 3: 92, 4: 90
DFA state entries cumulative : 1: 7700, 2: 4440, 3: 3699, 4: 3108
transitions cumulative       : 1->2: 4440, 2->3: 3699, 3->4: 3108
accepted directly from s0    : 0
Gym endings cumulative       : terminated=4505, truncated=87

[Episode 7800/8000 | last 100]
success rate                : 88.0% (cumulative 41.0%)
failure rate                : 0.0% (cumulative 0.0%)
completed cycles / episode  : 0.000
synthetic task reward       : 8800.000
shaping reward              : 7675.235
learning reward             : 16475.235
episode length              : 309.0
abstract changes / episode  : 258.3
same abstract-state steps   : 16.4%
same-state shaping / episode: 0.000
changed-state shaping / ep. : 7675.235
terminal shaping / episode  : 91.279
DFA transitions / episode   : 2.74
DFA transitions in window   : 1->2: 93, 2->3: 93, 3->4: 88
epsilon (next episode)       : 0.04413
replay buffer                : 300000 samples [1: 51.3%, 2: 30.2%, 3: 18.5%, 4: 0.0%]
DFA state visits in window   : 1: 14132, 2: 10924, 3: 5858, 4: 88
DFA state visits cumulative  : 1: 1245038, 2: 559157, 3: 344732, 4: 3196
DFA state entries in window  : 1: 100, 2: 93, 3: 93, 4: 88
DFA state entries cumulative : 1: 7800, 2: 4533, 3: 3792, 4: 3196
transitions cumulative       : 1->2: 4533, 2->3: 3792, 3->4: 3196
accepted directly from s0    : 0
Gym endings cumulative       : terminated=4517, truncated=87

[Episode 7900/8000 | last 100]
success rate                : 76.0% (cumulative 41.4%)
failure rate                : 0.0% (cumulative 0.0%)
completed cycles / episode  : 0.000
synthetic task reward       : 7600.000
shaping reward              : 6762.005
learning reward             : 14362.005
episode length              : 316.3
abstract changes / episode  : 251.8
same abstract-state steps   : 20.4%
same-state shaping / episode: 0.000
changed-state shaping / ep. : 6762.005
terminal shaping / episode  : 74.427
DFA transitions / episode   : 2.49
DFA transitions in window   : 1->2: 87, 2->3: 86, 3->4: 76
epsilon (next episode)       : 0.04240
replay buffer                : 300000 samples [1: 51.3%, 2: 30.1%, 3: 18.6%, 4: 0.0%]
DFA state visits in window   : 1: 15550, 2: 9655, 3: 6451, 4: 76
DFA state visits cumulative  : 1: 1260588, 2: 568812, 3: 351183, 4: 3272
DFA state entries in window  : 1: 100, 2: 87, 3: 86, 4: 76
DFA state entries cumulative : 1: 7900, 2: 4620, 3: 3878, 4: 3272
transitions cumulative       : 1->2: 4620, 2->3: 3878, 3->4: 3272
accepted directly from s0    : 0
Gym endings cumulative       : terminated=4540, truncated=88

[Episode 8000/8000 | last 100]
success rate                : 68.0% (cumulative 41.8%)
failure rate                : 0.0% (cumulative 0.0%)
completed cycles / episode  : 0.000
synthetic task reward       : 6800.000
shaping reward              : 6018.213
learning reward             : 12818.213
episode length              : 364.3
abstract changes / episode  : 284.9
same abstract-state steps   : 21.8%
same-state shaping / episode: 0.000
changed-state shaping / ep. : 6018.213
terminal shaping / episode  : 64.678
DFA transitions / episode   : 2.28
DFA transitions in window   : 1->2: 83, 2->3: 77, 3->4: 68
epsilon (next episode)       : 0.04074
replay buffer                : 300000 samples [1: 50.8%, 2: 31.0%, 3: 18.2%, 4: 0.0%]
DFA state visits in window   : 1: 17821, 2: 13138, 3: 5503, 4: 68
DFA state visits cumulative  : 1: 1278409, 2: 581950, 3: 356686, 4: 3340
DFA state entries in window  : 1: 100, 2: 83, 3: 77, 4: 68
DFA state entries cumulative : 1: 8000, 2: 4703, 3: 3955, 4: 3340
transitions cumulative       : 1->2: 4703, 2->3: 3955, 3->4: 3340
accepted directly from s0    : 0
Gym endings cumulative       : terminated=4569, truncated=91

Starting autonomous greedy evaluation at episode 8000 (1000 fixed-seed episodes)...
[Greedy evaluation at episode 8000 | 1000 fixed-seed episodes]
success=51.6%, failure=0.0%, task reward=5160.000, length=288.7
DFA transitions: 1->2: 619, 2->3: 592, 3->4: 516
Last policy saved after episode 8000. Best greedy evaluation: episode 6000, mean task reward=9580.000
