
=== NEW RUN ===
episodes=8000, shaping=True, goal_reward=10000.0, gamma=0.99
gamma_shaping=1.0, shaping_formula=gamma_shaping*Phi(next)-Phi(state)
ground_unbiased_learner=False
eval_interval=500, eval_episodes=1000, eval_seed=100000
inter_level_shaping=False, inter_level_formula=gamma*Phi(next)-Phi(state)
task_type=ltlf, task=F(wp1 & X(F(wp2 & X(F(g1)))))
regions={wp1: {'center': [-0.75, 1.0625], 'radius': 0.1}, wp2: {'center': [0, 0.5], 'radius': 0.1}, g1: {'center': [0.75, 1.0625], 'radius': 0.1}}
dfa_states=[1, 2, 3, 4], pre_trace=1, accepting=[4], failure=[]

[Episode 1/8000 | last 1]
success rate                : 0.0% (cumulative 0.0%)
failure rate                : 0.0% (cumulative 0.0%)
completed cycles / episode  : 0.000
synthetic task reward       : 0.000
shaping reward              : -613.109
learning reward             : -613.109
episode length              : 119.0
abstract changes / episode  : 24.0
same abstract-state steps   : 79.8%
same-state shaping / episode: 0.000
changed-state shaping / ep. : -613.109
terminal shaping / episode  : 0.000
DFA transitions / episode   : 0.00
DFA transitions in window   : none
epsilon (next episode)       : 0.99960
replay buffer                : 119 samples [1: 100.0%, 2: 0.0%, 3: 0.0%, 4: 0.0%]
DFA state visits in window   : 1: 120, 2: 0, 3: 0, 4: 0
DFA state visits cumulative  : 1: 120, 2: 0, 3: 0, 4: 0
DFA state entries in window  : 1: 1, 2: 0, 3: 0, 4: 0
DFA state entries cumulative : 1: 1, 2: 0, 3: 0, 4: 0
transitions cumulative       : none
accepted directly from s0    : 0
Gym endings cumulative       : terminated=1, truncated=0

[Episode 100/8000 | last 100]
success rate                : 0.0% (cumulative 0.0%)
failure rate                : 0.0% (cumulative 0.0%)
completed cycles / episode  : 0.000
synthetic task reward       : 0.000
shaping reward              : -627.308
learning reward             : -627.308
episode length              : 94.4
abstract changes / episode  : 26.0
same abstract-state steps   : 72.5%
same-state shaping / episode: 0.000
changed-state shaping / ep. : -627.308
terminal shaping / episode  : -2.227
DFA transitions / episode   : 0.03
DFA transitions in window   : 1->2: 3
epsilon (next episode)       : 0.96078
replay buffer                : 9442 samples [1: 99.4%, 2: 0.6%, 3: 0.0%, 4: 0.0%]
DFA state visits in window   : 1: 9478, 2: 64, 3: 0, 4: 0
DFA state visits cumulative  : 1: 9478, 2: 64, 3: 0, 4: 0
DFA state entries in window  : 1: 100, 2: 3, 3: 0, 4: 0
DFA state entries cumulative : 1: 100, 2: 3, 3: 0, 4: 0
transitions cumulative       : 1->2: 3
accepted directly from s0    : 0
Gym endings cumulative       : terminated=100, truncated=0

[Episode 200/8000 | last 100]
success rate                : 0.0% (cumulative 0.0%)
failure rate                : 0.0% (cumulative 0.0%)
completed cycles / episode  : 0.000
synthetic task reward       : 0.000
shaping reward              : -633.186
learning reward             : -633.186
episode length              : 90.0
abstract changes / episode  : 25.1
same abstract-state steps   : 72.1%
same-state shaping / episode: 0.000
changed-state shaping / ep. : -633.186
terminal shaping / episode  : -3.805
DFA transitions / episode   : 0.02
DFA transitions in window   : 1->2: 2
epsilon (next episode)       : 0.92310
replay buffer                : 18444 samples [1: 99.4%, 2: 0.6%, 3: 0.0%, 4: 0.0%]
DFA state visits in window   : 1: 9058, 2: 44, 3: 0, 4: 0
DFA state visits cumulative  : 1: 18536, 2: 108, 3: 0, 4: 0
DFA state entries in window  : 1: 100, 2: 2, 3: 0, 4: 0
DFA state entries cumulative : 1: 200, 2: 5, 3: 0, 4: 0
transitions cumulative       : 1->2: 5
accepted directly from s0    : 0
Gym endings cumulative       : terminated=200, truncated=0

[Episode 300/8000 | last 100]
success rate                : 0.0% (cumulative 0.0%)
failure rate                : 0.0% (cumulative 0.0%)
completed cycles / episode  : 0.000
synthetic task reward       : 0.000
shaping reward              : -594.901
learning reward             : -594.901
episode length              : 95.1
abstract changes / episode  : 25.4
same abstract-state steps   : 73.3%
same-state shaping / episode: 0.000
changed-state shaping / ep. : -594.901
terminal shaping / episode  : -5.985
DFA transitions / episode   : 0.03
DFA transitions in window   : 1->2: 3
epsilon (next episode)       : 0.88690
replay buffer                : 27951 samples [1: 99.4%, 2: 0.6%, 3: 0.0%, 4: 0.0%]
DFA state visits in window   : 1: 9541, 2: 66, 3: 0, 4: 0
DFA state visits cumulative  : 1: 28077, 2: 174, 3: 0, 4: 0
DFA state entries in window  : 1: 100, 2: 3, 3: 0, 4: 0
DFA state entries cumulative : 1: 300, 2: 8, 3: 0, 4: 0
transitions cumulative       : 1->2: 8
accepted directly from s0    : 0
Gym endings cumulative       : terminated=300, truncated=0

[Episode 400/8000 | last 100]
success rate                : 0.0% (cumulative 0.0%)
failure rate                : 0.0% (cumulative 0.0%)
completed cycles / episode  : 0.000
synthetic task reward       : 0.000
shaping reward              : -560.739
learning reward             : -560.739
episode length              : 97.7
abstract changes / episode  : 25.7
same abstract-state steps   : 73.7%
same-state shaping / episode: 0.000
changed-state shaping / ep. : -560.739
terminal shaping / episode  : -6.741
DFA transitions / episode   : 0.04
DFA transitions in window   : 1->2: 4
epsilon (next episode)       : 0.85212
replay buffer                : 37718 samples [1: 99.3%, 2: 0.7%, 3: 0.0%, 4: 0.0%]
DFA state visits in window   : 1: 9773, 2: 94, 3: 0, 4: 0
DFA state visits cumulative  : 1: 37850, 2: 268, 3: 0, 4: 0
DFA state entries in window  : 1: 100, 2: 4, 3: 0, 4: 0
DFA state entries cumulative : 1: 400, 2: 12, 3: 0, 4: 0
transitions cumulative       : 1->2: 12
accepted directly from s0    : 0
Gym endings cumulative       : terminated=400, truncated=0

[Episode 500/8000 | last 100]
success rate                : 0.0% (cumulative 0.0%)
failure rate                : 0.0% (cumulative 0.0%)
completed cycles / episode  : 0.000
synthetic task reward       : 0.000
shaping reward              : -559.898
learning reward             : -559.898
episode length              : 99.5
abstract changes / episode  : 25.7
same abstract-state steps   : 74.2%
same-state shaping / episode: 0.000
changed-state shaping / ep. : -559.898
terminal shaping / episode  : -3.729
DFA transitions / episode   : 0.03
DFA transitions in window   : 1->2: 3
epsilon (next episode)       : 0.81870
replay buffer                : 47666 samples [1: 99.3%, 2: 0.7%, 3: 0.0%, 4: 0.0%]
DFA state visits in window   : 1: 9984, 2: 64, 3: 0, 4: 0
DFA state visits cumulative  : 1: 47834, 2: 332, 3: 0, 4: 0
DFA state entries in window  : 1: 100, 2: 3, 3: 0, 4: 0
DFA state entries cumulative : 1: 500, 2: 15, 3: 0, 4: 0
transitions cumulative       : 1->2: 15
accepted directly from s0    : 0
Gym endings cumulative       : terminated=500, truncated=0

Starting autonomous greedy evaluation at episode 500 (1000 fixed-seed episodes)...
[Greedy evaluation at episode 500 | 1000 fixed-seed episodes]
success=0.0%, failure=0.0%, task reward=0.000, length=145.5
DFA transitions: 1->2: 103
Best policy updated from autonomous greedy evaluation at episode 500.

[Episode 600/8000 | last 100]
success rate                : 0.0% (cumulative 0.0%)
failure rate                : 0.0% (cumulative 0.0%)
completed cycles / episode  : 0.000
synthetic task reward       : 0.000
shaping reward              : -532.234
learning reward             : -532.234
episode length              : 102.7
abstract changes / episode  : 25.4
same abstract-state steps   : 75.2%
same-state shaping / episode: 0.000
changed-state shaping / ep. : -532.234
terminal shaping / episode  : -4.584
DFA transitions / episode   : 0.09
DFA transitions in window   : 1->2: 9
epsilon (next episode)       : 0.78659
replay buffer                : 57938 samples [1: 99.1%, 2: 0.9%, 3: 0.0%, 4: 0.0%]
DFA state visits in window   : 1: 10136, 2: 236, 3: 0, 4: 0
DFA state visits cumulative  : 1: 57970, 2: 568, 3: 0, 4: 0
DFA state entries in window  : 1: 100, 2: 9, 3: 0, 4: 0
DFA state entries cumulative : 1: 600, 2: 24, 3: 0, 4: 0
transitions cumulative       : 1->2: 24
accepted directly from s0    : 0
Gym endings cumulative       : terminated=600, truncated=0

[Episode 700/8000 | last 100]
success rate                : 0.0% (cumulative 0.0%)
failure rate                : 0.0% (cumulative 0.0%)
completed cycles / episode  : 0.000
synthetic task reward       : 0.000
shaping reward              : -571.122
learning reward             : -571.122
episode length              : 107.2
abstract changes / episode  : 26.1
same abstract-state steps   : 75.7%
same-state shaping / episode: 0.000
changed-state shaping / ep. : -571.122
terminal shaping / episode  : -3.074
DFA transitions / episode   : 0.03
DFA transitions in window   : 1->2: 3
epsilon (next episode)       : 0.75574
replay buffer                : 68654 samples [1: 99.1%, 2: 0.9%, 3: 0.0%, 4: 0.0%]
DFA state visits in window   : 1: 10730, 2: 86, 3: 0, 4: 0
DFA state visits cumulative  : 1: 68700, 2: 654, 3: 0, 4: 0
DFA state entries in window  : 1: 100, 2: 3, 3: 0, 4: 0
DFA state entries cumulative : 1: 700, 2: 27, 3: 0, 4: 0
transitions cumulative       : 1->2: 27
accepted directly from s0    : 0
Gym endings cumulative       : terminated=700, truncated=0

[Episode 800/8000 | last 100]
success rate                : 0.0% (cumulative 0.0%)
failure rate                : 0.0% (cumulative 0.0%)
completed cycles / episode  : 0.000
synthetic task reward       : 0.000
shaping reward              : -533.135
learning reward             : -533.135
episode length              : 103.7
abstract changes / episode  : 26.6
same abstract-state steps   : 74.3%
same-state shaping / episode: 0.000
changed-state shaping / ep. : -533.135
terminal shaping / episode  : -3.845
DFA transitions / episode   : 0.04
DFA transitions in window   : 1->2: 4
epsilon (next episode)       : 0.72610
replay buffer                : 79019 samples [1: 99.1%, 2: 0.9%, 3: 0.0%, 4: 0.0%]
DFA state visits in window   : 1: 10380, 2: 85, 3: 0, 4: 0
DFA state visits cumulative  : 1: 79080, 2: 739, 3: 0, 4: 0
DFA state entries in window  : 1: 100, 2: 4, 3: 0, 4: 0
DFA state entries cumulative : 1: 800, 2: 31, 3: 0, 4: 0
transitions cumulative       : 1->2: 31
accepted directly from s0    : 0
Gym endings cumulative       : terminated=800, truncated=0

[Episode 900/8000 | last 100]
success rate                : 0.0% (cumulative 0.0%)
failure rate                : 0.0% (cumulative 0.0%)
completed cycles / episode  : 0.000
synthetic task reward       : 0.000
shaping reward              : -555.216
learning reward             : -555.216
episode length              : 107.5
abstract changes / episode  : 26.7
same abstract-state steps   : 75.1%
same-state shaping / episode: 0.000
changed-state shaping / ep. : -555.216
terminal shaping / episode  : -10.454
DFA transitions / episode   : 0.04
DFA transitions in window   : 1->2: 4
epsilon (next episode)       : 0.69763
replay buffer                : 89773 samples [1: 99.1%, 2: 0.9%, 3: 0.0%, 4: 0.0%]
DFA state visits in window   : 1: 10764, 2: 90, 3: 0, 4: 0
DFA state visits cumulative  : 1: 89844, 2: 829, 3: 0, 4: 0
DFA state entries in window  : 1: 100, 2: 4, 3: 0, 4: 0
DFA state entries cumulative : 1: 900, 2: 35, 3: 0, 4: 0
transitions cumulative       : 1->2: 35
accepted directly from s0    : 0
Gym endings cumulative       : terminated=900, truncated=0

[Episode 1000/8000 | last 100]
success rate                : 0.0% (cumulative 0.0%)
failure rate                : 0.0% (cumulative 0.0%)
completed cycles / episode  : 0.000
synthetic task reward       : 0.000
shaping reward              : -406.277
learning reward             : -406.277
episode length              : 107.7
abstract changes / episode  : 25.2
same abstract-state steps   : 76.6%
same-state shaping / episode: 0.000
changed-state shaping / ep. : -406.277
terminal shaping / episode  : -4.599
DFA transitions / episode   : 0.08
DFA transitions in window   : 1->2: 8
epsilon (next episode)       : 0.67027
replay buffer                : 100546 samples [1: 99.0%, 2: 1.0%, 3: 0.0%, 4: 0.0%]
DFA state visits in window   : 1: 10692, 2: 181, 3: 0, 4: 0
DFA state visits cumulative  : 1: 100536, 2: 1010, 3: 0, 4: 0
DFA state entries in window  : 1: 100, 2: 8, 3: 0, 4: 0
DFA state entries cumulative : 1: 1000, 2: 43, 3: 0, 4: 0
transitions cumulative       : 1->2: 43
accepted directly from s0    : 0
Gym endings cumulative       : terminated=1000, truncated=0

Starting autonomous greedy evaluation at episode 1000 (1000 fixed-seed episodes)...
[Greedy evaluation at episode 1000 | 1000 fixed-seed episodes]
success=0.0%, failure=0.0%, task reward=0.000, length=104.1
DFA transitions: none
Best policy updated from autonomous greedy evaluation at episode 1000.

[Episode 1100/8000 | last 100]
success rate                : 0.0% (cumulative 0.0%)
failure rate                : 0.0% (cumulative 0.0%)
completed cycles / episode  : 0.000
synthetic task reward       : 0.000
shaping reward              : -387.296
learning reward             : -387.296
episode length              : 117.9
abstract changes / episode  : 25.4
same abstract-state steps   : 78.5%
same-state shaping / episode: 0.000
changed-state shaping / ep. : -387.296
terminal shaping / episode  : -7.687
DFA transitions / episode   : 0.08
DFA transitions in window   : 1->2: 8
epsilon (next episode)       : 0.64398
replay buffer                : 112337 samples [1: 99.0%, 2: 1.0%, 3: 0.0%, 4: 0.0%]
DFA state visits in window   : 1: 11697, 2: 194, 3: 0, 4: 0
DFA state visits cumulative  : 1: 112233, 2: 1204, 3: 0, 4: 0
DFA state entries in window  : 1: 100, 2: 8, 3: 0, 4: 0
DFA state entries cumulative : 1: 1100, 2: 51, 3: 0, 4: 0
transitions cumulative       : 1->2: 51
accepted directly from s0    : 0
Gym endings cumulative       : terminated=1100, truncated=0

[Episode 1200/8000 | last 100]
success rate                : 0.0% (cumulative 0.0%)
failure rate                : 0.0% (cumulative 0.0%)
completed cycles / episode  : 0.000
synthetic task reward       : 0.000
shaping reward              : -397.634
learning reward             : -397.634
episode length              : 125.5
abstract changes / episode  : 26.4
same abstract-state steps   : 79.0%
same-state shaping / episode: 0.000
changed-state shaping / ep. : -397.634
terminal shaping / episode  : -4.529
DFA transitions / episode   : 0.11
DFA transitions in window   : 1->2: 11
epsilon (next episode)       : 0.61872
replay buffer                : 124890 samples [1: 98.8%, 2: 1.2%, 3: 0.0%, 4: 0.0%]
DFA state visits in window   : 1: 12356, 2: 297, 3: 0, 4: 0
DFA state visits cumulative  : 1: 124589, 2: 1501, 3: 0, 4: 0
DFA state entries in window  : 1: 100, 2: 11, 3: 0, 4: 0
DFA state entries cumulative : 1: 1200, 2: 62, 3: 0, 4: 0
transitions cumulative       : 1->2: 62
accepted directly from s0    : 0
Gym endings cumulative       : terminated=1200, truncated=0

[Episode 1300/8000 | last 100]
success rate                : 0.0% (cumulative 0.0%)
failure rate                : 0.0% (cumulative 0.0%)
completed cycles / episode  : 0.000
synthetic task reward       : 0.000
shaping reward              : -554.954
learning reward             : -554.954
episode length              : 133.9
abstract changes / episode  : 27.8
same abstract-state steps   : 79.3%
same-state shaping / episode: 0.000
changed-state shaping / ep. : -554.954
terminal shaping / episode  : -1.502
DFA transitions / episode   : 0.03
DFA transitions in window   : 1->2: 3
epsilon (next episode)       : 0.59446
replay buffer                : 138277 samples [1: 98.9%, 2: 1.1%, 3: 0.0%, 4: 0.0%]
DFA state visits in window   : 1: 13372, 2: 115, 3: 0, 4: 0
DFA state visits cumulative  : 1: 137961, 2: 1616, 3: 0, 4: 0
DFA state entries in window  : 1: 100, 2: 3, 3: 0, 4: 0
DFA state entries cumulative : 1: 1300, 2: 65, 3: 0, 4: 0
transitions cumulative       : 1->2: 65
accepted directly from s0    : 0
Gym endings cumulative       : terminated=1300, truncated=0

[Episode 1400/8000 | last 100]
success rate                : 0.0% (cumulative 0.0%)
failure rate                : 0.0% (cumulative 0.0%)
completed cycles / episode  : 0.000
synthetic task reward       : 0.000
shaping reward              : -503.328
learning reward             : -503.328
episode length              : 133.6
abstract changes / episode  : 27.4
same abstract-state steps   : 79.5%
same-state shaping / episode: 0.000
changed-state shaping / ep. : -503.328
terminal shaping / episode  : -3.836
DFA transitions / episode   : 0.04
DFA transitions in window   : 1->2: 4
epsilon (next episode)       : 0.57115
replay buffer                : 151632 samples [1: 98.9%, 2: 1.1%, 3: 0.0%, 4: 0.0%]
DFA state visits in window   : 1: 13371, 2: 84, 3: 0, 4: 0
DFA state visits cumulative  : 1: 151332, 2: 1700, 3: 0, 4: 0
DFA state entries in window  : 1: 100, 2: 4, 3: 0, 4: 0
DFA state entries cumulative : 1: 1400, 2: 69, 3: 0, 4: 0
transitions cumulative       : 1->2: 69
accepted directly from s0    : 0
Gym endings cumulative       : terminated=1400, truncated=0

[Episode 1500/8000 | last 100]
success rate                : 0.0% (cumulative 0.0%)
failure rate                : 0.0% (cumulative 0.0%)
completed cycles / episode  : 0.000
synthetic task reward       : 0.000
shaping reward              : -488.897
learning reward             : -488.897
episode length              : 113.7
abstract changes / episode  : 27.1
same abstract-state steps   : 76.2%
same-state shaping / episode: 0.000
changed-state shaping / ep. : -488.897
terminal shaping / episode  : -5.369
DFA transitions / episode   : 0.06
DFA transitions in window   : 1->2: 6
epsilon (next episode)       : 0.54875
replay buffer                : 163004 samples [1: 98.9%, 2: 1.1%, 3: 0.0%, 4: 0.0%]
DFA state visits in window   : 1: 11351, 2: 121, 3: 0, 4: 0
DFA state visits cumulative  : 1: 162683, 2: 1821, 3: 0, 4: 0
DFA state entries in window  : 1: 100, 2: 6, 3: 0, 4: 0
DFA state entries cumulative : 1: 1500, 2: 75, 3: 0, 4: 0
transitions cumulative       : 1->2: 75
accepted directly from s0    : 0
Gym endings cumulative       : terminated=1500, truncated=0

Starting autonomous greedy evaluation at episode 1500 (1000 fixed-seed episodes)...
[Greedy evaluation at episode 1500 | 1000 fixed-seed episodes]
success=0.0%, failure=0.0%, task reward=0.000, length=204.8
DFA transitions: 1->2: 551

[Episode 1600/8000 | last 100]
success rate                : 0.0% (cumulative 0.0%)
failure rate                : 0.0% (cumulative 0.0%)
completed cycles / episode  : 0.000
synthetic task reward       : 0.000
shaping reward              : -436.030
learning reward             : -436.030
episode length              : 127.4
abstract changes / episode  : 28.2
same abstract-state steps   : 77.9%
same-state shaping / episode: 0.000
changed-state shaping / ep. : -436.030
terminal shaping / episode  : -6.990
DFA transitions / episode   : 0.05
DFA transitions in window   : 1->2: 5
epsilon (next episode)       : 0.52722
replay buffer                : 175745 samples [1: 98.9%, 2: 1.1%, 3: 0.0%, 4: 0.0%]
DFA state visits in window   : 1: 12702, 2: 139, 3: 0, 4: 0
DFA state visits cumulative  : 1: 175385, 2: 1960, 3: 0, 4: 0
DFA state entries in window  : 1: 100, 2: 5, 3: 0, 4: 0
DFA state entries cumulative : 1: 1600, 2: 80, 3: 0, 4: 0
transitions cumulative       : 1->2: 80
accepted directly from s0    : 0
Gym endings cumulative       : terminated=1600, truncated=0

[Episode 1700/8000 | last 100]
success rate                : 0.0% (cumulative 0.0%)
failure rate                : 0.0% (cumulative 0.0%)
completed cycles / episode  : 0.000
synthetic task reward       : 0.000
shaping reward              : -478.122
learning reward             : -478.122
episode length              : 132.6
abstract changes / episode  : 28.3
same abstract-state steps   : 78.6%
same-state shaping / episode: 0.000
changed-state shaping / ep. : -478.122
terminal shaping / episode  : -3.074
DFA transitions / episode   : 0.05
DFA transitions in window   : 1->2: 4, 2->3: 1
epsilon (next episode)       : 0.50655
replay buffer                : 189009 samples [1: 98.9%, 2: 1.1%, 3: 0.0%, 4: 0.0%]
DFA state visits in window   : 1: 13171, 2: 166, 3: 27, 4: 0
DFA state visits cumulative  : 1: 188556, 2: 2126, 3: 27, 4: 0
DFA state entries in window  : 1: 100, 2: 4, 3: 1, 4: 0
DFA state entries cumulative : 1: 1700, 2: 84, 3: 1, 4: 0
transitions cumulative       : 1->2: 84, 2->3: 1
accepted directly from s0    : 0
Gym endings cumulative       : terminated=1700, truncated=0

[Episode 1800/8000 | last 100]
success rate                : 0.0% (cumulative 0.0%)
failure rate                : 0.0% (cumulative 0.0%)
completed cycles / episode  : 0.000
synthetic task reward       : 0.000
shaping reward              : -591.173
learning reward             : -591.173
episode length              : 137.1
abstract changes / episode  : 29.3
same abstract-state steps   : 78.6%
same-state shaping / episode: 0.000
changed-state shaping / ep. : -591.173
terminal shaping / episode  : -0.763
DFA transitions / episode   : 0.02
DFA transitions in window   : 1->2: 2
epsilon (next episode)       : 0.48668
replay buffer                : 202721 samples [1: 99.0%, 2: 1.0%, 3: 0.0%, 4: 0.0%]
DFA state visits in window   : 1: 13763, 2: 49, 3: 0, 4: 0
DFA state visits cumulative  : 1: 202319, 2: 2175, 3: 27, 4: 0
DFA state entries in window  : 1: 100, 2: 2, 3: 0, 4: 0
DFA state entries cumulative : 1: 1800, 2: 86, 3: 1, 4: 0
transitions cumulative       : 1->2: 86, 2->3: 1
accepted directly from s0    : 0
Gym endings cumulative       : terminated=1800, truncated=0

[Episode 1900/8000 | last 100]
success rate                : 0.0% (cumulative 0.0%)
failure rate                : 0.0% (cumulative 0.0%)
completed cycles / episode  : 0.000
synthetic task reward       : 0.000
shaping reward              : -641.939
learning reward             : -641.939
episode length              : 167.3
abstract changes / episode  : 32.2
same abstract-state steps   : 80.7%
same-state shaping / episode: 0.000
changed-state shaping / ep. : -641.939
terminal shaping / episode  : -2.078
DFA transitions / episode   : 0.00
DFA transitions in window   : none
epsilon (next episode)       : 0.46760
replay buffer                : 219453 samples [1: 99.0%, 2: 1.0%, 3: 0.0%, 4: 0.0%]
DFA state visits in window   : 1: 16832, 2: 0, 3: 0, 4: 0
DFA state visits cumulative  : 1: 219151, 2: 2175, 3: 27, 4: 0
DFA state entries in window  : 1: 100, 2: 0, 3: 0, 4: 0
DFA state entries cumulative : 1: 1900, 2: 86, 3: 1, 4: 0
transitions cumulative       : 1->2: 86, 2->3: 1
accepted directly from s0    : 0
Gym endings cumulative       : terminated=1900, truncated=0

[Episode 2000/8000 | last 100]
success rate                : 0.0% (cumulative 0.0%)
failure rate                : 0.0% (cumulative 0.0%)
completed cycles / episode  : 0.000
synthetic task reward       : 0.000
shaping reward              : -608.737
learning reward             : -608.737
episode length              : 175.5
abstract changes / episode  : 32.3
same abstract-state steps   : 81.6%
same-state shaping / episode: 0.000
changed-state shaping / ep. : -608.737
terminal shaping / episode  : -2.219
DFA transitions / episode   : 0.00
DFA transitions in window   : none
epsilon (next episode)       : 0.44926
replay buffer                : 237005 samples [1: 99.1%, 2: 0.9%, 3: 0.0%, 4: 0.0%]
DFA state visits in window   : 1: 17652, 2: 0, 3: 0, 4: 0
DFA state visits cumulative  : 1: 236803, 2: 2175, 3: 27, 4: 0
DFA state entries in window  : 1: 100, 2: 0, 3: 0, 4: 0
DFA state entries cumulative : 1: 2000, 2: 86, 3: 1, 4: 0
transitions cumulative       : 1->2: 86, 2->3: 1
accepted directly from s0    : 0
Gym endings cumulative       : terminated=1998, truncated=2

Starting autonomous greedy evaluation at episode 2000 (1000 fixed-seed episodes)...
[Greedy evaluation at episode 2000 | 1000 fixed-seed episodes]
success=0.0%, failure=0.0%, task reward=0.000, length=1000.0
DFA transitions: none

[Episode 2100/8000 | last 100]
success rate                : 0.0% (cumulative 0.0%)
failure rate                : 0.0% (cumulative 0.0%)
completed cycles / episode  : 0.000
synthetic task reward       : 0.000
shaping reward              : -589.729
learning reward             : -589.729
episode length              : 211.7
abstract changes / episode  : 34.0
same abstract-state steps   : 83.9%
same-state shaping / episode: 0.000
changed-state shaping / ep. : -589.729
terminal shaping / episode  : 0.030
DFA transitions / episode   : 0.00
DFA transitions in window   : none
epsilon (next episode)       : 0.43164
replay buffer                : 258175 samples [1: 99.2%, 2: 0.8%, 3: 0.0%, 4: 0.0%]
DFA state visits in window   : 1: 21270, 2: 0, 3: 0, 4: 0
DFA state visits cumulative  : 1: 258073, 2: 2175, 3: 27, 4: 0
DFA state entries in window  : 1: 100, 2: 0, 3: 0, 4: 0
DFA state entries cumulative : 1: 2100, 2: 86, 3: 1, 4: 0
transitions cumulative       : 1->2: 86, 2->3: 1
accepted directly from s0    : 0
Gym endings cumulative       : terminated=2096, truncated=4

[Episode 2200/8000 | last 100]
success rate                : 0.0% (cumulative 0.0%)
failure rate                : 0.0% (cumulative 0.0%)
completed cycles / episode  : 0.000
synthetic task reward       : 0.000
shaping reward              : -268.598
learning reward             : -268.598
episode length              : 171.2
abstract changes / episode  : 30.6
same abstract-state steps   : 82.1%
same-state shaping / episode: 0.000
changed-state shaping / ep. : -268.598
terminal shaping / episode  : -3.760
DFA transitions / episode   : 0.19
DFA transitions in window   : 1->2: 19
epsilon (next episode)       : 0.41471
replay buffer                : 275297 samples [1: 98.8%, 2: 1.2%, 3: 0.0%, 4: 0.0%]
DFA state visits in window   : 1: 16118, 2: 1104, 3: 0, 4: 0
DFA state visits cumulative  : 1: 274191, 2: 3279, 3: 27, 4: 0
DFA state entries in window  : 1: 100, 2: 19, 3: 0, 4: 0
DFA state entries cumulative : 1: 2200, 2: 105, 3: 1, 4: 0
transitions cumulative       : 1->2: 105, 2->3: 1
accepted directly from s0    : 0
Gym endings cumulative       : terminated=2196, truncated=4

[Episode 2300/8000 | last 100]
success rate                : 0.0% (cumulative 0.0%)
failure rate                : 0.0% (cumulative 0.0%)
completed cycles / episode  : 0.000
synthetic task reward       : 0.000
shaping reward              : -167.217
learning reward             : -167.217
episode length              : 206.2
abstract changes / episode  : 33.2
same abstract-state steps   : 83.9%
same-state shaping / episode: 0.000
changed-state shaping / ep. : -167.217
terminal shaping / episode  : -1.566
DFA transitions / episode   : 0.25
DFA transitions in window   : 1->2: 24, 2->3: 1
epsilon (next episode)       : 0.39845
replay buffer                : 295915 samples [1: 98.4%, 2: 1.6%, 3: 0.0%, 4: 0.0%]
DFA state visits in window   : 1: 19130, 2: 1550, 3: 38, 4: 0
DFA state visits cumulative  : 1: 293321, 2: 4829, 3: 65, 4: 0
DFA state entries in window  : 1: 100, 2: 24, 3: 1, 4: 0
DFA state entries cumulative : 1: 2300, 2: 129, 3: 2, 4: 0
transitions cumulative       : 1->2: 129, 2->3: 2
accepted directly from s0    : 0
Gym endings cumulative       : terminated=2296, truncated=4

[Episode 2400/8000 | last 100]
success rate                : 0.0% (cumulative 0.0%)
failure rate                : 0.0% (cumulative 0.0%)
completed cycles / episode  : 0.000
synthetic task reward       : 0.000
shaping reward              : -271.213
learning reward             : -271.213
episode length              : 260.9
abstract changes / episode  : 40.5
same abstract-state steps   : 84.5%
same-state shaping / episode: 0.000
changed-state shaping / ep. : -271.213
terminal shaping / episode  : -1.533
DFA transitions / episode   : 0.15
DFA transitions in window   : 1->2: 15
epsilon (next episode)       : 0.38282
replay buffer                : 300000 samples [1: 98.0%, 2: 2.0%, 3: 0.0%, 4: 0.0%]
DFA state visits in window   : 1: 24858, 2: 1337, 3: 0, 4: 0
DFA state visits cumulative  : 1: 318179, 2: 6166, 3: 65, 4: 0
DFA state entries in window  : 1: 100, 2: 15, 3: 0, 4: 0
DFA state entries cumulative : 1: 2400, 2: 144, 3: 2, 4: 0
transitions cumulative       : 1->2: 144, 2->3: 2
accepted directly from s0    : 0
Gym endings cumulative       : terminated=2396, truncated=4

[Episode 2500/8000 | last 100]
success rate                : 0.0% (cumulative 0.0%)
failure rate                : 0.0% (cumulative 0.0%)
completed cycles / episode  : 0.000
synthetic task reward       : 0.000
shaping reward              : -41.587
learning reward             : -41.587
episode length              : 220.4
abstract changes / episode  : 35.5
same abstract-state steps   : 83.9%
same-state shaping / episode: 0.000
changed-state shaping / ep. : -41.587
terminal shaping / episode  : -0.673
DFA transitions / episode   : 0.32
DFA transitions in window   : 1->2: 31, 2->3: 1
epsilon (next episode)       : 0.36781
replay buffer                : 300000 samples [1: 97.0%, 2: 2.9%, 3: 0.0%, 4: 0.0%]
DFA state visits in window   : 1: 19015, 2: 3096, 3: 30, 4: 0
DFA state visits cumulative  : 1: 337194, 2: 9262, 3: 95, 4: 0
DFA state entries in window  : 1: 100, 2: 31, 3: 1, 4: 0
DFA state entries cumulative : 1: 2500, 2: 175, 3: 3, 4: 0
transitions cumulative       : 1->2: 175, 2->3: 3
accepted directly from s0    : 0
Gym endings cumulative       : terminated=2495, truncated=5

Starting autonomous greedy evaluation at episode 2500 (1000 fixed-seed episodes)...
[Greedy evaluation at episode 2500 | 1000 fixed-seed episodes]
success=0.0%, failure=0.0%, task reward=0.000, length=304.1
DFA transitions: 1->2: 286, 2->3: 86

[Episode 2600/8000 | last 100]
success rate                : 0.0% (cumulative 0.0%)
failure rate                : 0.0% (cumulative 0.0%)
completed cycles / episode  : 0.000
synthetic task reward       : 0.000
shaping reward              : -23.665
learning reward             : -23.665
episode length              : 260.3
abstract changes / episode  : 40.5
same abstract-state steps   : 84.4%
same-state shaping / episode: 0.000
changed-state shaping / ep. : -23.665
terminal shaping / episode  : -2.381
DFA transitions / episode   : 0.29
DFA transitions in window   : 1->2: 28, 2->3: 1
epsilon (next episode)       : 0.35338
replay buffer                : 300000 samples [1: 96.1%, 2: 3.8%, 3: 0.1%, 4: 0.0%]
DFA state visits in window   : 1: 23020, 2: 3042, 3: 70, 4: 0
DFA state visits cumulative  : 1: 360214, 2: 12304, 3: 165, 4: 0
DFA state entries in window  : 1: 100, 2: 28, 3: 1, 4: 0
DFA state entries cumulative : 1: 2600, 2: 203, 3: 4, 4: 0
transitions cumulative       : 1->2: 203, 2->3: 4
accepted directly from s0    : 0
Gym endings cumulative       : terminated=2592, truncated=8

[Episode 2700/8000 | last 100]
success rate                : 0.0% (cumulative 0.0%)
failure rate                : 0.0% (cumulative 0.0%)
completed cycles / episode  : 0.000
synthetic task reward       : 0.000
shaping reward              : -27.301
learning reward             : -27.301
episode length              : 369.1
abstract changes / episode  : 54.5
same abstract-state steps   : 85.2%
same-state shaping / episode: 0.000
changed-state shaping / ep. : -27.301
terminal shaping / episode  : 0.747
DFA transitions / episode   : 0.40
DFA transitions in window   : 1->2: 34, 2->3: 6
epsilon (next episode)       : 0.33952
replay buffer                : 300000 samples [1: 94.8%, 2: 5.0%, 3: 0.2%, 4: 0.0%]
DFA state visits in window   : 1: 32617, 2: 4060, 3: 332, 4: 0
DFA state visits cumulative  : 1: 392831, 2: 16364, 3: 497, 4: 0
DFA state entries in window  : 1: 100, 2: 34, 3: 6, 4: 0
DFA state entries cumulative : 1: 2700, 2: 237, 3: 10, 4: 0
transitions cumulative       : 1->2: 237, 2->3: 10
accepted directly from s0    : 0
Gym endings cumulative       : terminated=2687, truncated=13

[Episode 2800/8000 | last 100]
success rate                : 2.0% (cumulative 0.1%)
failure rate                : 0.0% (cumulative 0.0%)
completed cycles / episode  : 0.000
synthetic task reward       : 200.000
shaping reward              : 94.493
learning reward             : 294.493
episode length              : 366.1
abstract changes / episode  : 55.3
same abstract-state steps   : 84.9%
same-state shaping / episode: 0.000
changed-state shaping / ep. : 94.493
terminal shaping / episode  : 1.965
DFA transitions / episode   : 0.58
DFA transitions in window   : 1->2: 42, 2->3: 14, 3->4: 2
epsilon (next episode)       : 0.32621
replay buffer                : 300000 samples [1: 92.4%, 2: 7.0%, 3: 0.5%, 4: 0.0%]
DFA state visits in window   : 1: 29027, 2: 6581, 3: 1102, 4: 2
DFA state visits cumulative  : 1: 421858, 2: 22945, 3: 1599, 4: 2
DFA state entries in window  : 1: 100, 2: 42, 3: 14, 4: 2
DFA state entries cumulative : 1: 2800, 2: 279, 3: 24, 4: 2
transitions cumulative       : 1->2: 279, 2->3: 24, 3->4: 2
accepted directly from s0    : 0
Gym endings cumulative       : terminated=2785, truncated=13

[Episode 2900/8000 | last 100]
success rate                : 2.0% (cumulative 0.1%)
failure rate                : 0.0% (cumulative 0.0%)
completed cycles / episode  : 0.000
synthetic task reward       : 200.000
shaping reward              : 13.257
learning reward             : 213.257
episode length              : 384.8
abstract changes / episode  : 54.7
same abstract-state steps   : 85.8%
same-state shaping / episode: 0.000
changed-state shaping / ep. : 13.257
terminal shaping / episode  : 0.451
DFA transitions / episode   : 0.49
DFA transitions in window   : 1->2: 37, 2->3: 10, 3->4: 2
epsilon (next episode)       : 0.31341
replay buffer                : 300000 samples [1: 90.1%, 2: 9.0%, 3: 0.9%, 4: 0.0%]
DFA state visits in window   : 1: 31246, 2: 6312, 3: 1015, 4: 2
DFA state visits cumulative  : 1: 453104, 2: 29257, 3: 2614, 4: 4
DFA state entries in window  : 1: 100, 2: 37, 3: 10, 4: 2
DFA state entries cumulative : 1: 2900, 2: 316, 3: 34, 4: 4
transitions cumulative       : 1->2: 316, 2->3: 34, 3->4: 4
accepted directly from s0    : 0
Gym endings cumulative       : terminated=2876, truncated=20

[Episode 3000/8000 | last 100]
success rate                : 1.0% (cumulative 0.2%)
failure rate                : 0.0% (cumulative 0.0%)
completed cycles / episode  : 0.000
synthetic task reward       : 100.000
shaping reward              : 199.824
learning reward             : 299.824
episode length              : 349.2
abstract changes / episode  : 55.6
same abstract-state steps   : 84.1%
same-state shaping / episode: 0.000
changed-state shaping / ep. : 199.824
terminal shaping / episode  : 0.236
DFA transitions / episode   : 0.72
DFA transitions in window   : 1->2: 52, 2->3: 19, 3->4: 1
epsilon (next episode)       : 0.30112
replay buffer                : 300000 samples [1: 86.3%, 2: 12.3%, 3: 1.4%, 4: 0.0%]
DFA state visits in window   : 1: 23434, 2: 10059, 3: 1527, 4: 1
DFA state visits cumulative  : 1: 476538, 2: 39316, 3: 4141, 4: 5
DFA state entries in window  : 1: 100, 2: 52, 3: 19, 4: 1
DFA state entries cumulative : 1: 3000, 2: 368, 3: 53, 4: 5
transitions cumulative       : 1->2: 368, 2->3: 53, 3->4: 5
accepted directly from s0    : 0
Gym endings cumulative       : terminated=2973, truncated=22

Starting autonomous greedy evaluation at episode 3000 (1000 fixed-seed episodes)...
[Greedy evaluation at episode 3000 | 1000 fixed-seed episodes]
success=0.1%, failure=0.0%, task reward=10.000, length=802.4
DFA transitions: 1->2: 768, 2->3: 9, 3->4: 1
Best policy updated from autonomous greedy evaluation at episode 3000.

[Episode 3100/8000 | last 100]
success rate                : 2.0% (cumulative 0.2%)
failure rate                : 0.0% (cumulative 0.0%)
completed cycles / episode  : 0.000
synthetic task reward       : 200.000
shaping reward              : 484.339
learning reward             : 684.339
episode length              : 412.6
abstract changes / episode  : 64.0
same abstract-state steps   : 84.5%
same-state shaping / episode: 0.000
changed-state shaping / ep. : 484.339
terminal shaping / episode  : 2.566
DFA transitions / episode   : 1.00
DFA transitions in window   : 1->2: 69, 2->3: 29, 3->4: 2
epsilon (next episode)       : 0.28931
replay buffer                : 300000 samples [1: 79.6%, 2: 16.8%, 3: 3.6%, 4: 0.0%]
DFA state visits in window   : 1: 20937, 2: 13545, 3: 6880, 4: 2
DFA state visits cumulative  : 1: 497475, 2: 52861, 3: 11021, 4: 7
DFA state entries in window  : 1: 100, 2: 69, 3: 29, 4: 2
DFA state entries cumulative : 1: 3100, 2: 437, 3: 82, 4: 7
transitions cumulative       : 1->2: 437, 2->3: 82, 3->4: 7
accepted directly from s0    : 0
Gym endings cumulative       : terminated=3065, truncated=28

[Episode 3200/8000 | last 100]
success rate                : 5.0% (cumulative 0.4%)
failure rate                : 0.0% (cumulative 0.0%)
completed cycles / episode  : 0.000
synthetic task reward       : 500.000
shaping reward              : 577.057
learning reward             : 1077.057
episode length              : 402.5
abstract changes / episode  : 61.0
same abstract-state steps   : 84.8%
same-state shaping / episode: 0.000
changed-state shaping / ep. : 577.057
terminal shaping / episode  : 4.131
DFA transitions / episode   : 1.04
DFA transitions in window   : 1->2: 65, 2->3: 34, 3->4: 5
epsilon (next episode)       : 0.27797
replay buffer                : 300000 samples [1: 73.7%, 2: 19.7%, 3: 6.5%, 4: 0.0%]
DFA state visits in window   : 1: 20150, 2: 11451, 3: 8741, 4: 5
DFA state visits cumulative  : 1: 517625, 2: 64312, 3: 19762, 4: 12
DFA state entries in window  : 1: 100, 2: 65, 3: 34, 4: 5
DFA state entries cumulative : 1: 3200, 2: 502, 3: 116, 4: 12
transitions cumulative       : 1->2: 502, 2->3: 116, 3->4: 12
accepted directly from s0    : 0
Gym endings cumulative       : terminated=3153, truncated=35

[Episode 3300/8000 | last 100]
success rate                : 5.0% (cumulative 0.5%)
failure rate                : 0.0% (cumulative 0.0%)
completed cycles / episode  : 0.000
synthetic task reward       : 500.000
shaping reward              : 436.299
learning reward             : 936.299
episode length              : 362.3
abstract changes / episode  : 57.4
same abstract-state steps   : 84.2%
same-state shaping / episode: 0.000
changed-state shaping / ep. : 436.299
terminal shaping / episode  : 1.993
DFA transitions / episode   : 0.87
DFA transitions in window   : 1->2: 55, 2->3: 27, 3->4: 5
epsilon (next episode)       : 0.26706
replay buffer                : 300000 samples [1: 69.8%, 2: 22.5%, 3: 7.8%, 4: 0.0%]
DFA state visits in window   : 1: 21442, 2: 11164, 3: 3721, 4: 5
DFA state visits cumulative  : 1: 539067, 2: 75476, 3: 23483, 4: 17
DFA state entries in window  : 1: 100, 2: 55, 3: 27, 4: 5
DFA state entries cumulative : 1: 3300, 2: 557, 3: 143, 4: 17
transitions cumulative       : 1->2: 557, 2->3: 143, 3->4: 17
accepted directly from s0    : 0
Gym endings cumulative       : terminated=3244, truncated=39

[Episode 3400/8000 | last 100]
success rate                : 10.0% (cumulative 0.8%)
failure rate                : 0.0% (cumulative 0.0%)
completed cycles / episode  : 0.000
synthetic task reward       : 1000.000
shaping reward              : 875.021
learning reward             : 1875.021
episode length              : 467.1
abstract changes / episode  : 66.8
same abstract-state steps   : 85.7%
same-state shaping / episode: 0.000
changed-state shaping / ep. : 875.021
terminal shaping / episode  : 11.703
DFA transitions / episode   : 1.33
DFA transitions in window   : 1->2: 76, 2->3: 47, 3->4: 10
epsilon (next episode)       : 0.25659
replay buffer                : 300000 samples [1: 63.3%, 2: 26.0%, 3: 10.7%, 4: 0.0%]
DFA state visits in window   : 1: 21485, 2: 16270, 3: 9042, 4: 10
DFA state visits cumulative  : 1: 560552, 2: 91746, 3: 32525, 4: 27
DFA state entries in window  : 1: 100, 2: 76, 3: 47, 4: 10
DFA state entries cumulative : 1: 3400, 2: 633, 3: 190, 4: 27
transitions cumulative       : 1->2: 633, 2->3: 190, 3->4: 27
accepted directly from s0    : 0
Gym endings cumulative       : terminated=3330, truncated=43

[Episode 3500/8000 | last 100]
success rate                : 11.0% (cumulative 1.1%)
failure rate                : 0.0% (cumulative 0.0%)
completed cycles / episode  : 0.000
synthetic task reward       : 1100.000
shaping reward              : 844.516
learning reward             : 1944.516
episode length              : 415.8
abstract changes / episode  : 64.8
same abstract-state steps   : 84.4%
same-state shaping / episode: 0.000
changed-state shaping / ep. : 844.516
terminal shaping / episode  : 13.042
DFA transitions / episode   : 1.41
DFA transitions in window   : 1->2: 84, 2->3: 46, 3->4: 11
epsilon (next episode)       : 0.24653
replay buffer                : 300000 samples [1: 58.0%, 2: 29.0%, 3: 13.0%, 4: 0.0%]
DFA state visits in window   : 1: 18712, 2: 15182, 3: 7772, 4: 11
DFA state visits cumulative  : 1: 579264, 2: 106928, 3: 40297, 4: 38
DFA state entries in window  : 1: 100, 2: 84, 3: 46, 4: 11
DFA state entries cumulative : 1: 3500, 2: 717, 3: 236, 4: 38
transitions cumulative       : 1->2: 717, 2->3: 236, 3->4: 38
accepted directly from s0    : 0
Gym endings cumulative       : terminated=3418, truncated=44

Starting autonomous greedy evaluation at episode 3500 (1000 fixed-seed episodes)...
[Greedy evaluation at episode 3500 | 1000 fixed-seed episodes]
success=17.2%, failure=0.0%, task reward=1720.000, length=904.2
DFA transitions: 1->2: 857, 2->3: 312, 3->4: 172
Best policy updated from autonomous greedy evaluation at episode 3500.

[Episode 3600/8000 | last 100]
success rate                : 13.0% (cumulative 1.4%)
failure rate                : 0.0% (cumulative 0.0%)
completed cycles / episode  : 0.000
synthetic task reward       : 1300.000
shaping reward              : 826.057
learning reward             : 2126.057
episode length              : 469.7
abstract changes / episode  : 70.7
same abstract-state steps   : 84.9%
same-state shaping / episode: 0.000
changed-state shaping / ep. : 826.057
terminal shaping / episode  : 15.612
DFA transitions / episode   : 1.43
DFA transitions in window   : 1->2: 82, 2->3: 48, 3->4: 13
epsilon (next episode)       : 0.23686
replay buffer                : 300000 samples [1: 52.8%, 2: 31.5%, 3: 15.7%, 4: 0.0%]
DFA state visits in window   : 1: 22420, 2: 15400, 3: 9241, 4: 13
DFA state visits cumulative  : 1: 601684, 2: 122328, 3: 49538, 4: 51
DFA state entries in window  : 1: 100, 2: 82, 3: 48, 4: 13
DFA state entries cumulative : 1: 3600, 2: 799, 3: 284, 4: 51
transitions cumulative       : 1->2: 799, 2->3: 284, 3->4: 51
accepted directly from s0    : 0
Gym endings cumulative       : terminated=3503, truncated=46

[Episode 3700/8000 | last 100]
success rate                : 17.0% (cumulative 1.8%)
failure rate                : 0.0% (cumulative 0.0%)
completed cycles / episode  : 0.000
synthetic task reward       : 1700.000
shaping reward              : 840.296
learning reward             : 2540.296
episode length              : 420.9
abstract changes / episode  : 69.7
same abstract-state steps   : 83.4%
same-state shaping / episode: 0.000
changed-state shaping / ep. : 840.296
terminal shaping / episode  : 18.153
DFA transitions / episode   : 1.39
DFA transitions in window   : 1->2: 74, 2->3: 48, 3->4: 17
epsilon (next episode)       : 0.22757
replay buffer                : 300000 samples [1: 49.3%, 2: 32.8%, 3: 17.9%, 4: 0.0%]
DFA state visits in window   : 1: 19329, 2: 14487, 3: 8362, 4: 17
DFA state visits cumulative  : 1: 621013, 2: 136815, 3: 57900, 4: 68
DFA state entries in window  : 1: 100, 2: 74, 3: 48, 4: 17
DFA state entries cumulative : 1: 3700, 2: 873, 3: 332, 4: 68
transitions cumulative       : 1->2: 873, 2->3: 332, 3->4: 68
accepted directly from s0    : 0
Gym endings cumulative       : terminated=3584, truncated=48

[Episode 3800/8000 | last 100]
success rate                : 17.0% (cumulative 2.2%)
failure rate                : 0.0% (cumulative 0.0%)
completed cycles / episode  : 0.000
synthetic task reward       : 1700.000
shaping reward              : 991.418
learning reward             : 2691.418
episode length              : 435.9
abstract changes / episode  : 73.8
same abstract-state steps   : 83.1%
same-state shaping / episode: 0.000
changed-state shaping / ep. : 991.418
terminal shaping / episode  : 16.260
DFA transitions / episode   : 1.58
DFA transitions in window   : 1->2: 84, 2->3: 57, 3->4: 17
epsilon (next episode)       : 0.21865
replay buffer                : 300000 samples [1: 48.1%, 2: 32.9%, 3: 19.0%, 4: 0.0%]
DFA state visits in window   : 1: 20012, 2: 14050, 3: 9615, 4: 17
DFA state visits cumulative  : 1: 641025, 2: 150865, 3: 67515, 4: 85
DFA state entries in window  : 1: 100, 2: 84, 3: 57, 4: 17
DFA state entries cumulative : 1: 3800, 2: 957, 3: 389, 4: 85
transitions cumulative       : 1->2: 957, 2->3: 389, 3->4: 85
accepted directly from s0    : 0
Gym endings cumulative       : terminated=3665, truncated=50

[Episode 3900/8000 | last 100]
success rate                : 24.0% (cumulative 2.8%)
failure rate                : 0.0% (cumulative 0.0%)
completed cycles / episode  : 0.000
synthetic task reward       : 2400.000
shaping reward              : 1001.923
learning reward             : 3401.923
episode length              : 427.4
abstract changes / episode  : 72.6
same abstract-state steps   : 83.0%
same-state shaping / episode: 0.000
changed-state shaping / ep. : 1001.923
terminal shaping / episode  : 22.564
DFA transitions / episode   : 1.60
DFA transitions in window   : 1->2: 83, 2->3: 53, 3->4: 24
epsilon (next episode)       : 0.21007
replay buffer                : 300000 samples [1: 47.7%, 2: 34.0%, 3: 18.3%, 4: 0.0%]
DFA state visits in window   : 1: 19814, 2: 15627, 3: 7370, 4: 24
DFA state visits cumulative  : 1: 660839, 2: 166492, 3: 74885, 4: 109
DFA state entries in window  : 1: 100, 2: 83, 3: 53, 4: 24
DFA state entries cumulative : 1: 3900, 2: 1040, 3: 442, 4: 109
transitions cumulative       : 1->2: 1040, 2->3: 442, 3->4: 109
accepted directly from s0    : 0
Gym endings cumulative       : terminated=3738, truncated=53

[Episode 4000/8000 | last 100]
success rate                : 36.0% (cumulative 3.6%)
failure rate                : 0.0% (cumulative 0.0%)
completed cycles / episode  : 0.000
synthetic task reward       : 3600.000
shaping reward              : 1159.238
learning reward             : 4759.238
episode length              : 434.6
abstract changes / episode  : 74.0
same abstract-state steps   : 83.0%
same-state shaping / episode: 0.000
changed-state shaping / ep. : 1159.238
terminal shaping / episode  : 37.101
DFA transitions / episode   : 1.84
DFA transitions in window   : 1->2: 87, 2->3: 61, 3->4: 36
epsilon (next episode)       : 0.20183
replay buffer                : 300000 samples [1: 46.1%, 2: 33.9%, 3: 20.1%, 4: 0.0%]
DFA state visits in window   : 1: 20347, 2: 13317, 3: 9863, 4: 36
DFA state visits cumulative  : 1: 681186, 2: 179809, 3: 84748, 4: 145
DFA state entries in window  : 1: 100, 2: 87, 3: 61, 4: 36
DFA state entries cumulative : 1: 4000, 2: 1127, 3: 503, 4: 145
transitions cumulative       : 1->2: 1127, 2->3: 503, 3->4: 145
accepted directly from s0    : 0
Gym endings cumulative       : terminated=3800, truncated=55

Starting autonomous greedy evaluation at episode 4000 (1000 fixed-seed episodes)...
[Greedy evaluation at episode 4000 | 1000 fixed-seed episodes]
success=60.0%, failure=0.0%, task reward=6000.000, length=621.2
DFA transitions: 1->2: 706, 2->3: 614, 3->4: 600
Best policy updated from autonomous greedy evaluation at episode 4000.

[Episode 4100/8000 | last 100]
success rate                : 44.0% (cumulative 4.6%)
failure rate                : 0.0% (cumulative 0.0%)
completed cycles / episode  : 0.000
synthetic task reward       : 4400.000
shaping reward              : 1184.866
learning reward             : 5584.866
episode length              : 443.1
abstract changes / episode  : 70.8
same abstract-state steps   : 84.0%
same-state shaping / episode: 0.000
changed-state shaping / ep. : 1184.866
terminal shaping / episode  : 43.010
DFA transitions / episode   : 1.83
DFA transitions in window   : 1->2: 76, 2->3: 63, 3->4: 44
epsilon (next episode)       : 0.19392
replay buffer                : 300000 samples [1: 47.5%, 2: 32.0%, 3: 20.5%, 4: 0.0%]
DFA state visits in window   : 1: 24334, 2: 9622, 3: 10411, 4: 44
DFA state visits cumulative  : 1: 705520, 2: 189431, 3: 95159, 4: 189
DFA state entries in window  : 1: 100, 2: 76, 3: 63, 4: 44
DFA state entries cumulative : 1: 4100, 2: 1203, 3: 566, 4: 189
transitions cumulative       : 1->2: 1203, 2->3: 566, 3->4: 189
accepted directly from s0    : 0
Gym endings cumulative       : terminated=3851, truncated=60

[Episode 4200/8000 | last 100]
success rate                : 51.0% (cumulative 5.7%)
failure rate                : 0.0% (cumulative 0.0%)
completed cycles / episode  : 0.000
synthetic task reward       : 5100.000
shaping reward              : 1305.592
learning reward             : 6405.592
episode length              : 486.2
abstract changes / episode  : 68.5
same abstract-state steps   : 85.9%
same-state shaping / episode: 0.000
changed-state shaping / ep. : 1305.592
terminal shaping / episode  : 50.268
DFA transitions / episode   : 2.02
DFA transitions in window   : 1->2: 81, 2->3: 70, 3->4: 51
epsilon (next episode)       : 0.18631
replay buffer                : 300000 samples [1: 49.1%, 2: 30.0%, 3: 20.9%, 4: 0.0%]
DFA state visits in window   : 1: 26824, 2: 11353, 3: 10495, 4: 51
DFA state visits cumulative  : 1: 732344, 2: 200784, 3: 105654, 4: 240
DFA state entries in window  : 1: 100, 2: 81, 3: 70, 4: 51
DFA state entries cumulative : 1: 4200, 2: 1284, 3: 636, 4: 240
transitions cumulative       : 1->2: 1284, 2->3: 636, 3->4: 240
accepted directly from s0    : 0
Gym endings cumulative       : terminated=3894, truncated=66

[Episode 4300/8000 | last 100]
success rate                : 65.0% (cumulative 7.1%)
failure rate                : 0.0% (cumulative 0.0%)
completed cycles / episode  : 0.000
synthetic task reward       : 6500.000
shaping reward              : 1453.027
learning reward             : 7953.027
episode length              : 389.4
abstract changes / episode  : 59.6
same abstract-state steps   : 84.7%
same-state shaping / episode: 0.000
changed-state shaping / ep. : 1453.027
terminal shaping / episode  : 65.000
DFA transitions / episode   : 2.20
DFA transitions in window   : 1->2: 85, 2->3: 70, 3->4: 65
epsilon (next episode)       : 0.17900
replay buffer                : 300000 samples [1: 48.2%, 2: 30.1%, 3: 21.7%, 4: 0.0%]
DFA state visits in window   : 1: 16384, 2: 12530, 3: 10059, 4: 65
DFA state visits cumulative  : 1: 748728, 2: 213314, 3: 115713, 4: 305
DFA state entries in window  : 1: 100, 2: 85, 3: 70, 4: 65
DFA state entries cumulative : 1: 4300, 2: 1369, 3: 706, 4: 305
transitions cumulative       : 1->2: 1369, 2->3: 706, 3->4: 305
accepted directly from s0    : 0
Gym endings cumulative       : terminated=3928, truncated=67

[Episode 4400/8000 | last 100]
success rate                : 61.0% (cumulative 8.3%)
failure rate                : 0.0% (cumulative 0.0%)
completed cycles / episode  : 0.000
synthetic task reward       : 6100.000
shaping reward              : 1350.192
learning reward             : 7450.192
episode length              : 354.9
abstract changes / episode  : 54.2
same abstract-state steps   : 84.7%
same-state shaping / episode: 0.000
changed-state shaping / ep. : 1350.192
terminal shaping / episode  : 61.000
DFA transitions / episode   : 2.08
DFA transitions in window   : 1->2: 82, 2->3: 65, 3->4: 61
epsilon (next episode)       : 0.17198
replay buffer                : 300000 samples [1: 48.5%, 2: 30.0%, 3: 21.5%, 4: 0.0%]
DFA state visits in window   : 1: 17088, 2: 12319, 3: 6126, 4: 61
DFA state visits cumulative  : 1: 765816, 2: 225633, 3: 121839, 4: 366
DFA state entries in window  : 1: 100, 2: 82, 3: 65, 4: 61
DFA state entries cumulative : 1: 4400, 2: 1451, 3: 771, 4: 366
transitions cumulative       : 1->2: 1451, 2->3: 771, 3->4: 366
accepted directly from s0    : 0
Gym endings cumulative       : terminated=3963, truncated=71

[Episode 4500/8000 | last 100]
success rate                : 63.0% (cumulative 9.5%)
failure rate                : 0.0% (cumulative 0.0%)
completed cycles / episode  : 0.000
synthetic task reward       : 6300.000
shaping reward              : 1371.833
learning reward             : 7671.833
episode length              : 355.1
abstract changes / episode  : 54.6
same abstract-state steps   : 84.6%
same-state shaping / episode: 0.000
changed-state shaping / ep. : 1371.833
terminal shaping / episode  : 63.000
DFA transitions / episode   : 2.15
DFA transitions in window   : 1->2: 81, 2->3: 71, 3->4: 63
epsilon (next episode)       : 0.16524
replay buffer                : 300000 samples [1: 48.8%, 2: 29.5%, 3: 21.6%, 4: 0.0%]
DFA state visits in window   : 1: 16416, 2: 10769, 3: 8359, 4: 63
DFA state visits cumulative  : 1: 782232, 2: 236402, 3: 130198, 4: 429
DFA state entries in window  : 1: 100, 2: 81, 3: 71, 4: 63
DFA state entries cumulative : 1: 4500, 2: 1532, 3: 842, 4: 429
transitions cumulative       : 1->2: 1532, 2->3: 842, 3->4: 429
accepted directly from s0    : 0
Gym endings cumulative       : terminated=3997, truncated=74

Starting autonomous greedy evaluation at episode 4500 (1000 fixed-seed episodes)...
[Greedy evaluation at episode 4500 | 1000 fixed-seed episodes]
success=94.2%, failure=0.0%, task reward=9420.000, length=333.1
DFA transitions: 1->2: 974, 2->3: 942, 3->4: 942
Best policy updated from autonomous greedy evaluation at episode 4500.

[Episode 4600/8000 | last 100]
success rate                : 80.0% (cumulative 11.1%)
failure rate                : 0.0% (cumulative 0.0%)
completed cycles / episode  : 0.000
synthetic task reward       : 8000.000
shaping reward              : 1631.002
learning reward             : 9631.002
episode length              : 381.2
abstract changes / episode  : 61.5
same abstract-state steps   : 83.9%
same-state shaping / episode: 0.000
changed-state shaping / ep. : 1631.002
terminal shaping / episode  : 79.122
DFA transitions / episode   : 2.47
DFA transitions in window   : 1->2: 87, 2->3: 80, 3->4: 80
epsilon (next episode)       : 0.15876
replay buffer                : 300000 samples [1: 48.2%, 2: 29.6%, 3: 22.2%, 4: 0.0%]
DFA state visits in window   : 1: 16838, 2: 12980, 3: 8324, 4: 80
DFA state visits cumulative  : 1: 799070, 2: 249382, 3: 138522, 4: 509
DFA state entries in window  : 1: 100, 2: 87, 3: 80, 4: 80
DFA state entries cumulative : 1: 4600, 2: 1619, 3: 922, 4: 509
transitions cumulative       : 1->2: 1619, 2->3: 922, 3->4: 509
accepted directly from s0    : 0
Gym endings cumulative       : terminated=4016, truncated=75

[Episode 4700/8000 | last 100]
success rate                : 73.0% (cumulative 12.4%)
failure rate                : 0.0% (cumulative 0.0%)
completed cycles / episode  : 0.000
synthetic task reward       : 7300.000
shaping reward              : 1579.373
learning reward             : 8879.373
episode length              : 403.6
abstract changes / episode  : 67.1
same abstract-state steps   : 83.4%
same-state shaping / episode: 0.000
changed-state shaping / ep. : 1579.373
terminal shaping / episode  : 72.131
DFA transitions / episode   : 2.43
DFA transitions in window   : 1->2: 90, 2->3: 80, 3->4: 73
epsilon (next episode)       : 0.15253
replay buffer                : 300000 samples [1: 47.9%, 2: 29.5%, 3: 22.6%, 4: 0.0%]
DFA state visits in window   : 1: 16436, 2: 14147, 3: 9799, 4: 73
DFA state visits cumulative  : 1: 815506, 2: 263529, 3: 148321, 4: 582
DFA state entries in window  : 1: 100, 2: 90, 3: 80, 4: 73
DFA state entries cumulative : 1: 4700, 2: 1709, 3: 1002, 4: 582
transitions cumulative       : 1->2: 1709, 2->3: 1002, 3->4: 582
accepted directly from s0    : 0
Gym endings cumulative       : terminated=4042, truncated=76

[Episode 4800/8000 | last 100]
success rate                : 82.0% (cumulative 13.8%)
failure rate                : 0.0% (cumulative 0.0%)
completed cycles / episode  : 0.000
synthetic task reward       : 8200.000
shaping reward              : 1705.610
learning reward             : 9905.610
episode length              : 377.2
abstract changes / episode  : 60.8
same abstract-state steps   : 83.9%
same-state shaping / episode: 0.000
changed-state shaping / ep. : 1705.610
terminal shaping / episode  : 80.295
DFA transitions / episode   : 2.58
DFA transitions in window   : 1->2: 92, 2->3: 84, 3->4: 82
epsilon (next episode)       : 0.14655
replay buffer                : 300000 samples [1: 47.2%, 2: 30.5%, 3: 22.3%, 4: 0.0%]
DFA state visits in window   : 1: 17486, 2: 12493, 3: 7758, 4: 82
DFA state visits cumulative  : 1: 832992, 2: 276022, 3: 156079, 4: 664
DFA state entries in window  : 1: 100, 2: 92, 3: 84, 4: 82
DFA state entries cumulative : 1: 4800, 2: 1801, 3: 1086, 4: 664
transitions cumulative       : 1->2: 1801, 2->3: 1086, 3->4: 664
accepted directly from s0    : 0
Gym endings cumulative       : terminated=4060, truncated=76

[Episode 4900/8000 | last 100]
success rate                : 68.0% (cumulative 14.9%)
failure rate                : 0.0% (cumulative 0.0%)
completed cycles / episode  : 0.000
synthetic task reward       : 6800.000
shaping reward              : 1507.019
learning reward             : 8307.019
episode length              : 419.4
abstract changes / episode  : 63.7
same abstract-state steps   : 84.8%
same-state shaping / episode: 0.000
changed-state shaping / ep. : 1507.019
terminal shaping / episode  : 67.275
DFA transitions / episode   : 2.28
DFA transitions in window   : 1->2: 88, 2->3: 72, 3->4: 68
epsilon (next episode)       : 0.14080
replay buffer                : 300000 samples [1: 45.5%, 2: 32.7%, 3: 21.8%, 4: 0.0%]
DFA state visits in window   : 1: 19932, 2: 14913, 3: 7126, 4: 68
DFA state visits cumulative  : 1: 852924, 2: 290935, 3: 163205, 4: 732
DFA state entries in window  : 1: 100, 2: 88, 3: 72, 4: 68
DFA state entries cumulative : 1: 4900, 2: 1889, 3: 1158, 4: 732
transitions cumulative       : 1->2: 1889, 2->3: 1158, 3->4: 732
accepted directly from s0    : 0
Gym endings cumulative       : terminated=4086, truncated=82

[Episode 5000/8000 | last 100]
success rate                : 74.0% (cumulative 16.1%)
failure rate                : 0.0% (cumulative 0.0%)
completed cycles / episode  : 0.000
synthetic task reward       : 7400.000
shaping reward              : 1575.018
learning reward             : 8975.018
episode length              : 335.8
abstract changes / episode  : 55.5
same abstract-state steps   : 83.5%
same-state shaping / episode: 0.000
changed-state shaping / ep. : 1575.018
terminal shaping / episode  : 73.130
DFA transitions / episode   : 2.42
DFA transitions in window   : 1->2: 89, 2->3: 79, 3->4: 74
epsilon (next episode)       : 0.13528
replay buffer                : 300000 samples [1: 45.4%, 2: 33.4%, 3: 21.2%, 4: 0.0%]
DFA state visits in window   : 1: 16591, 2: 10510, 3: 6508, 4: 74
DFA state visits cumulative  : 1: 869515, 2: 301445, 3: 169713, 4: 806
DFA state entries in window  : 1: 100, 2: 89, 3: 79, 4: 74
DFA state entries cumulative : 1: 5000, 2: 1978, 3: 1237, 4: 806
transitions cumulative       : 1->2: 1978, 2->3: 1237, 3->4: 806
accepted directly from s0    : 0
Gym endings cumulative       : terminated=4111, truncated=83

Starting autonomous greedy evaluation at episode 5000 (1000 fixed-seed episodes)...
[Greedy evaluation at episode 5000 | 1000 fixed-seed episodes]
success=77.8%, failure=0.0%, task reward=7780.000, length=464.9
DFA transitions: 1->2: 950, 2->3: 789, 3->4: 778

[Episode 5100/8000 | last 100]
success rate                : 84.0% (cumulative 17.5%)
failure rate                : 0.0% (cumulative 0.0%)
completed cycles / episode  : 0.000
synthetic task reward       : 8400.000
shaping reward              : 1710.939
learning reward             : 10110.939
episode length              : 331.1
abstract changes / episode  : 54.2
same abstract-state steps   : 83.6%
same-state shaping / episode: 0.000
changed-state shaping / ep. : 1710.939
terminal shaping / episode  : 82.434
DFA transitions / episode   : 2.58
DFA transitions in window   : 1->2: 90, 2->3: 84, 3->4: 84
epsilon (next episode)       : 0.12998
replay buffer                : 300000 samples [1: 46.0%, 2: 33.1%, 3: 20.9%, 4: 0.0%]
DFA state visits in window   : 1: 15767, 2: 10244, 3: 7118, 4: 84
DFA state visits cumulative  : 1: 885282, 2: 311689, 3: 176831, 4: 890
DFA state entries in window  : 1: 100, 2: 90, 3: 84, 4: 84
DFA state entries cumulative : 1: 5100, 2: 2068, 3: 1321, 4: 890
transitions cumulative       : 1->2: 2068, 2->3: 1321, 3->4: 890
accepted directly from s0    : 0
Gym endings cumulative       : terminated=4127, truncated=83

[Episode 5200/8000 | last 100]
success rate                : 83.0% (cumulative 18.7%)
failure rate                : 0.0% (cumulative 0.0%)
completed cycles / episode  : 0.000
synthetic task reward       : 8300.000
shaping reward              : 1728.506
learning reward             : 10028.506
episode length              : 322.4
abstract changes / episode  : 54.5
same abstract-state steps   : 83.1%
same-state shaping / episode: 0.000
changed-state shaping / ep. : 1728.506
terminal shaping / episode  : 83.000
DFA transitions / episode   : 2.60
DFA transitions in window   : 1->2: 92, 2->3: 85, 3->4: 83
epsilon (next episode)       : 0.12488
replay buffer                : 300000 samples [1: 45.8%, 2: 33.2%, 3: 21.1%, 4: 0.0%]
DFA state visits in window   : 1: 15095, 2: 10261, 3: 6896, 4: 83
DFA state visits cumulative  : 1: 900377, 2: 321950, 3: 183727, 4: 973
DFA state entries in window  : 1: 100, 2: 92, 3: 85, 4: 83
DFA state entries cumulative : 1: 5200, 2: 2160, 3: 1406, 4: 973
transitions cumulative       : 1->2: 2160, 2->3: 1406, 3->4: 973
accepted directly from s0    : 0
Gym endings cumulative       : terminated=4144, truncated=83

[Episode 5300/8000 | last 100]
success rate                : 75.0% (cumulative 19.8%)
failure rate                : 0.0% (cumulative 0.0%)
completed cycles / episode  : 0.000
synthetic task reward       : 7500.000
shaping reward              : 1621.109
learning reward             : 9121.109
episode length              : 371.5
abstract changes / episode  : 58.9
same abstract-state steps   : 84.1%
same-state shaping / episode: 0.000
changed-state shaping / ep. : 1621.109
terminal shaping / episode  : 75.000
DFA transitions / episode   : 2.45
DFA transitions in window   : 1->2: 89, 2->3: 81, 3->4: 75
epsilon (next episode)       : 0.11998
replay buffer                : 300000 samples [1: 45.9%, 2: 32.8%, 3: 21.3%, 4: 0.0%]
DFA state visits in window   : 1: 17909, 2: 10665, 3: 8599, 4: 75
DFA state visits cumulative  : 1: 918286, 2: 332615, 3: 192326, 4: 1048
DFA state entries in window  : 1: 100, 2: 89, 3: 81, 4: 75
DFA state entries cumulative : 1: 5300, 2: 2249, 3: 1487, 4: 1048
transitions cumulative       : 1->2: 2249, 2->3: 1487, 3->4: 1048
accepted directly from s0    : 0
Gym endings cumulative       : terminated=4168, truncated=84

[Episode 5400/8000 | last 100]
success rate                : 74.0% (cumulative 20.8%)
failure rate                : 0.0% (cumulative 0.0%)
completed cycles / episode  : 0.000
synthetic task reward       : 7400.000
shaping reward              : 1498.820
learning reward             : 8898.820
episode length              : 419.3
abstract changes / episode  : 62.1
same abstract-state steps   : 85.2%
same-state shaping / episode: 0.000
changed-state shaping / ep. : 1498.820
terminal shaping / episode  : 72.521
DFA transitions / episode   : 2.31
DFA transitions in window   : 1->2: 80, 2->3: 77, 3->4: 74
epsilon (next episode)       : 0.11528
replay buffer                : 300000 samples [1: 48.0%, 2: 31.3%, 3: 20.8%, 4: 0.0%]
DFA state visits in window   : 1: 23829, 2: 10150, 3: 7979, 4: 74
DFA state visits cumulative  : 1: 942115, 2: 342765, 3: 200305, 4: 1122
DFA state entries in window  : 1: 100, 2: 80, 3: 77, 4: 74
DFA state entries cumulative : 1: 5400, 2: 2329, 3: 1564, 4: 1122
transitions cumulative       : 1->2: 2329, 2->3: 1564, 3->4: 1122
accepted directly from s0    : 0
Gym endings cumulative       : terminated=4188, truncated=90

[Episode 5500/8000 | last 100]
success rate                : 68.0% (cumulative 21.6%)
failure rate                : 0.0% (cumulative 0.0%)
completed cycles / episode  : 0.000
synthetic task reward       : 6800.000
shaping reward              : 1440.852
learning reward             : 8240.852
episode length              : 349.0
abstract changes / episode  : 55.3
same abstract-state steps   : 84.1%
same-state shaping / episode: 0.000
changed-state shaping / ep. : 1440.852
terminal shaping / episode  : 64.940
DFA transitions / episode   : 2.21
DFA transitions in window   : 1->2: 81, 2->3: 72, 3->4: 68
epsilon (next episode)       : 0.11075
replay buffer                : 300000 samples [1: 49.0%, 2: 30.7%, 3: 20.4%, 4: 0.0%]
DFA state visits in window   : 1: 17301, 2: 10202, 3: 7430, 4: 68
DFA state visits cumulative  : 1: 959416, 2: 352967, 3: 207735, 4: 1190
DFA state entries in window  : 1: 100, 2: 81, 3: 72, 4: 68
DFA state entries cumulative : 1: 5500, 2: 2410, 3: 1636, 4: 1190
transitions cumulative       : 1->2: 2410, 2->3: 1636, 3->4: 1190
accepted directly from s0    : 0
Gym endings cumulative       : terminated=4219, truncated=91

Starting autonomous greedy evaluation at episode 5500 (1000 fixed-seed episodes)...
[Greedy evaluation at episode 5500 | 1000 fixed-seed episodes]
success=80.2%, failure=0.0%, task reward=8020.000, length=275.3
DFA transitions: 1->2: 847, 2->3: 802, 3->4: 802

[Episode 5600/8000 | last 100]
success rate                : 74.0% (cumulative 22.6%)
failure rate                : 0.0% (cumulative 0.0%)
completed cycles / episode  : 0.000
synthetic task reward       : 7400.000
shaping reward              : 1513.641
learning reward             : 8913.641
episode length              : 344.6
abstract changes / episode  : 54.8
same abstract-state steps   : 84.1%
same-state shaping / episode: 0.000
changed-state shaping / ep. : 1513.641
terminal shaping / episode  : 73.253
DFA transitions / episode   : 2.26
DFA transitions in window   : 1->2: 77, 2->3: 75, 3->4: 74
epsilon (next episode)       : 0.10641
replay buffer                : 300000 samples [1: 49.7%, 2: 29.6%, 3: 20.7%, 4: 0.0%]
DFA state visits in window   : 1: 17776, 2: 8536, 3: 8175, 4: 74
DFA state visits cumulative  : 1: 977192, 2: 361503, 3: 215910, 4: 1264
DFA state entries in window  : 1: 100, 2: 77, 3: 75, 4: 74
DFA state entries cumulative : 1: 5600, 2: 2487, 3: 1711, 4: 1264
transitions cumulative       : 1->2: 2487, 2->3: 1711, 3->4: 1264
accepted directly from s0    : 0
Gym endings cumulative       : terminated=4245, truncated=91

[Episode 5700/8000 | last 100]
success rate                : 72.0% (cumulative 23.4%)
failure rate                : 0.0% (cumulative 0.0%)
completed cycles / episode  : 0.000
synthetic task reward       : 7200.000
shaping reward              : 1567.845
learning reward             : 8767.845
episode length              : 394.5
abstract changes / episode  : 60.2
same abstract-state steps   : 84.7%
same-state shaping / episode: 0.000
changed-state shaping / ep. : 1567.845
terminal shaping / episode  : 72.000
DFA transitions / episode   : 2.38
DFA transitions in window   : 1->2: 88, 2->3: 78, 3->4: 72
epsilon (next episode)       : 0.10224
replay buffer                : 300000 samples [1: 50.0%, 2: 29.1%, 3: 20.9%, 4: 0.0%]
DFA state visits in window   : 1: 19526, 2: 12285, 3: 7667, 4: 72
DFA state visits cumulative  : 1: 996718, 2: 373788, 3: 223577, 4: 1336
DFA state entries in window  : 1: 100, 2: 88, 3: 78, 4: 72
DFA state entries cumulative : 1: 5700, 2: 2575, 3: 1789, 4: 1336
transitions cumulative       : 1->2: 2575, 2->3: 1789, 3->4: 1336
accepted directly from s0    : 0
Gym endings cumulative       : terminated=4267, truncated=97

[Episode 5800/8000 | last 100]
success rate                : 70.0% (cumulative 24.2%)
failure rate                : 0.0% (cumulative 0.0%)
completed cycles / episode  : 0.000
synthetic task reward       : 7000.000
shaping reward              : 1636.797
learning reward             : 8636.797
episode length              : 371.5
abstract changes / episode  : 63.3
same abstract-state steps   : 83.0%
same-state shaping / episode: 0.000
changed-state shaping / ep. : 1636.797
terminal shaping / episode  : 69.260
DFA transitions / episode   : 2.38
DFA transitions in window   : 1->2: 88, 2->3: 80, 3->4: 70
epsilon (next episode)       : 0.09823
replay buffer                : 300000 samples [1: 49.5%, 2: 29.4%, 3: 21.1%, 4: 0.0%]
DFA state visits in window   : 1: 16453, 2: 13152, 3: 7573, 4: 70
DFA state visits cumulative  : 1: 1013171, 2: 386940, 3: 231150, 4: 1406
DFA state entries in window  : 1: 100, 2: 88, 3: 80, 4: 70
DFA state entries cumulative : 1: 5800, 2: 2663, 3: 1869, 4: 1406
transitions cumulative       : 1->2: 2663, 2->3: 1869, 3->4: 1406
accepted directly from s0    : 0
Gym endings cumulative       : terminated=4295, truncated=99

[Episode 5900/8000 | last 100]
success rate                : 74.0% (cumulative 25.1%)
failure rate                : 0.0% (cumulative 0.0%)
completed cycles / episode  : 0.000
synthetic task reward       : 7400.000
shaping reward              : 1561.766
learning reward             : 8961.766
episode length              : 345.7
abstract changes / episode  : 59.4
same abstract-state steps   : 82.8%
same-state shaping / episode: 0.000
changed-state shaping / ep. : 1561.766
terminal shaping / episode  : 73.030
DFA transitions / episode   : 2.41
DFA transitions in window   : 1->2: 90, 2->3: 77, 3->4: 74
epsilon (next episode)       : 0.09438
replay buffer                : 300000 samples [1: 49.3%, 2: 29.6%, 3: 21.1%, 4: 0.0%]
DFA state visits in window   : 1: 16756, 2: 11057, 3: 6782, 4: 74
DFA state visits cumulative  : 1: 1029927, 2: 397997, 3: 237932, 4: 1480
DFA state entries in window  : 1: 100, 2: 90, 3: 77, 4: 74
DFA state entries cumulative : 1: 5900, 2: 2753, 3: 1946, 4: 1480
transitions cumulative       : 1->2: 2753, 2->3: 1946, 3->4: 1480
accepted directly from s0    : 0
Gym endings cumulative       : terminated=4321, truncated=99

[Episode 6000/8000 | last 100]
success rate                : 67.0% (cumulative 25.8%)
failure rate                : 0.0% (cumulative 0.0%)
completed cycles / episode  : 0.000
synthetic task reward       : 6700.000
shaping reward              : 1469.483
learning reward             : 8169.483
episode length              : 322.3
abstract changes / episode  : 55.6
same abstract-state steps   : 82.7%
same-state shaping / episode: 0.000
changed-state shaping / ep. : 1469.483
terminal shaping / episode  : 67.000
DFA transitions / episode   : 2.25
DFA transitions in window   : 1->2: 85, 2->3: 73, 3->4: 67
epsilon (next episode)       : 0.09067
replay buffer                : 300000 samples [1: 49.3%, 2: 30.2%, 3: 20.5%, 4: 0.0%]
DFA state visits in window   : 1: 14982, 2: 11686, 3: 5595, 4: 67
DFA state visits cumulative  : 1: 1044909, 2: 409683, 3: 243527, 4: 1547
DFA state entries in window  : 1: 100, 2: 85, 3: 73, 4: 67
DFA state entries cumulative : 1: 6000, 2: 2838, 3: 2019, 4: 1547
transitions cumulative       : 1->2: 2838, 2->3: 2019, 3->4: 1547
accepted directly from s0    : 0
Gym endings cumulative       : terminated=4354, truncated=99

Starting autonomous greedy evaluation at episode 6000 (1000 fixed-seed episodes)...
[Greedy evaluation at episode 6000 | 1000 fixed-seed episodes]
success=82.1%, failure=0.0%, task reward=8210.000, length=458.0
DFA transitions: 1->2: 848, 2->3: 825, 3->4: 821

[Episode 6100/8000 | last 100]
success rate                : 69.0% (cumulative 26.5%)
failure rate                : 0.0% (cumulative 0.0%)
completed cycles / episode  : 0.000
synthetic task reward       : 6900.000
shaping reward              : 1544.220
learning reward             : 8444.220
episode length              : 311.7
abstract changes / episode  : 54.8
same abstract-state steps   : 82.4%
same-state shaping / episode: 0.000
changed-state shaping / ep. : 1544.220
terminal shaping / episode  : 69.000
DFA transitions / episode   : 2.31
DFA transitions in window   : 1->2: 83, 2->3: 79, 3->4: 69
epsilon (next episode)       : 0.08712
replay buffer                : 300000 samples [1: 49.4%, 2: 30.4%, 3: 20.2%, 4: 0.0%]
DFA state visits in window   : 1: 14144, 2: 10786, 3: 6274, 4: 69
DFA state visits cumulative  : 1: 1059053, 2: 420469, 3: 249801, 4: 1616
DFA state entries in window  : 1: 100, 2: 83, 3: 79, 4: 69
DFA state entries cumulative : 1: 6100, 2: 2921, 3: 2098, 4: 1616
transitions cumulative       : 1->2: 2921, 2->3: 2098, 3->4: 1616
accepted directly from s0    : 0
Gym endings cumulative       : terminated=4385, truncated=99

[Episode 6200/8000 | last 100]
success rate                : 85.0% (cumulative 27.4%)
failure rate                : 0.0% (cumulative 0.0%)
completed cycles / episode  : 0.000
synthetic task reward       : 8500.000
shaping reward              : 1804.579
learning reward             : 10304.579
episode length              : 383.4
abstract changes / episode  : 63.9
same abstract-state steps   : 83.3%
same-state shaping / episode: 0.000
changed-state shaping / ep. : 1804.579
terminal shaping / episode  : 84.140
DFA transitions / episode   : 2.70
DFA transitions in window   : 1->2: 95, 2->3: 90, 3->4: 85
epsilon (next episode)       : 0.08370
replay buffer                : 300000 samples [1: 47.0%, 2: 32.2%, 3: 20.7%, 4: 0.0%]
DFA state visits in window   : 1: 16303, 2: 13401, 3: 8648, 4: 85
DFA state visits cumulative  : 1: 1075356, 2: 433870, 3: 258449, 4: 1701
DFA state entries in window  : 1: 100, 2: 95, 3: 90, 4: 85
DFA state entries cumulative : 1: 6200, 2: 3016, 3: 2188, 4: 1701
transitions cumulative       : 1->2: 3016, 2->3: 2188, 3->4: 1701
accepted directly from s0    : 0
Gym endings cumulative       : terminated=4400, truncated=99

[Episode 6300/8000 | last 100]
success rate                : 73.0% (cumulative 28.2%)
failure rate                : 0.0% (cumulative 0.0%)
completed cycles / episode  : 0.000
synthetic task reward       : 7300.000
shaping reward              : 1572.009
learning reward             : 8872.009
episode length              : 308.6
abstract changes / episode  : 53.4
same abstract-state steps   : 82.7%
same-state shaping / episode: 0.000
changed-state shaping / ep. : 1572.009
terminal shaping / episode  : 72.230
DFA transitions / episode   : 2.37
DFA transitions in window   : 1->2: 86, 2->3: 78, 3->4: 73
epsilon (next episode)       : 0.08042
replay buffer                : 300000 samples [1: 46.8%, 2: 32.3%, 3: 20.9%, 4: 0.0%]
DFA state visits in window   : 1: 14487, 2: 9420, 3: 6983, 4: 73
DFA state visits cumulative  : 1: 1089843, 2: 443290, 3: 265432, 4: 1774
DFA state entries in window  : 1: 100, 2: 86, 3: 78, 4: 73
DFA state entries cumulative : 1: 6300, 2: 3102, 3: 2266, 4: 1774
transitions cumulative       : 1->2: 3102, 2->3: 2266, 3->4: 1774
accepted directly from s0    : 0
Gym endings cumulative       : terminated=4427, truncated=99

[Episode 6400/8000 | last 100]
success rate                : 77.0% (cumulative 28.9%)
failure rate                : 0.0% (cumulative 0.0%)
completed cycles / episode  : 0.000
synthetic task reward       : 7700.000
shaping reward              : 1712.072
learning reward             : 9412.072
episode length              : 363.6
abstract changes / episode  : 60.3
same abstract-state steps   : 83.4%
same-state shaping / episode: 0.000
changed-state shaping / ep. : 1712.072
terminal shaping / episode  : 76.010
DFA transitions / episode   : 2.54
DFA transitions in window   : 1->2: 93, 2->3: 84, 3->4: 77
epsilon (next episode)       : 0.07727
replay buffer                : 300000 samples [1: 46.7%, 2: 32.5%, 3: 20.8%, 4: 0.0%]
DFA state visits in window   : 1: 16324, 2: 11151, 3: 8904, 4: 77
DFA state visits cumulative  : 1: 1106167, 2: 454441, 3: 274336, 4: 1851
DFA state entries in window  : 1: 100, 2: 93, 3: 84, 4: 77
DFA state entries cumulative : 1: 6400, 2: 3195, 3: 2350, 4: 1851
transitions cumulative       : 1->2: 3195, 2->3: 2350, 3->4: 1851
accepted directly from s0    : 0
Gym endings cumulative       : terminated=4449, truncated=100

[Episode 6500/8000 | last 100]
success rate                : 77.0% (cumulative 29.7%)
failure rate                : 0.0% (cumulative 0.0%)
completed cycles / episode  : 0.000
synthetic task reward       : 7700.000
shaping reward              : 1691.266
learning reward             : 9391.266
episode length              : 358.7
abstract changes / episode  : 60.3
same abstract-state steps   : 83.2%
same-state shaping / episode: 0.000
changed-state shaping / ep. : 1691.266
terminal shaping / episode  : 77.000
DFA transitions / episode   : 2.53
DFA transitions in window   : 1->2: 94, 2->3: 82, 3->4: 77
epsilon (next episode)       : 0.07423
replay buffer                : 300000 samples [1: 45.9%, 2: 33.6%, 3: 20.5%, 4: 0.0%]
DFA state visits in window   : 1: 17336, 2: 12492, 3: 6066, 4: 77
DFA state visits cumulative  : 1: 1123503, 2: 466933, 3: 280402, 4: 1928
DFA state entries in window  : 1: 100, 2: 94, 3: 82, 4: 77
DFA state entries cumulative : 1: 6500, 2: 3289, 3: 2432, 4: 1928
transitions cumulative       : 1->2: 3289, 2->3: 2432, 3->4: 1928
accepted directly from s0    : 0
Gym endings cumulative       : terminated=4472, truncated=100

Starting autonomous greedy evaluation at episode 6500 (1000 fixed-seed episodes)...
[Greedy evaluation at episode 6500 | 1000 fixed-seed episodes]
success=99.3%, failure=0.0%, task reward=9930.000, length=400.3
DFA transitions: 1->2: 997, 2->3: 994, 3->4: 993
Best policy updated from autonomous greedy evaluation at episode 6500.

[Episode 6600/8000 | last 100]
success rate                : 87.0% (cumulative 30.5%)
failure rate                : 0.0% (cumulative 0.0%)
completed cycles / episode  : 0.000
synthetic task reward       : 8700.000
shaping reward              : 1788.583
learning reward             : 10488.583
episode length              : 320.4
abstract changes / episode  : 56.9
same abstract-state steps   : 82.2%
same-state shaping / episode: 0.000
changed-state shaping / ep. : 1788.583
terminal shaping / episode  : 87.740
DFA transitions / episode   : 2.68
DFA transitions in window   : 1->2: 91, 2->3: 90, 3->4: 87
epsilon (next episode)       : 0.07132
replay buffer                : 300000 samples [1: 46.1%, 2: 33.6%, 3: 20.3%, 4: 0.0%]
DFA state visits in window   : 1: 15457, 2: 10539, 3: 6052, 4: 87
DFA state visits cumulative  : 1: 1138960, 2: 477472, 3: 286454, 4: 2015
DFA state entries in window  : 1: 100, 2: 91, 3: 90, 4: 87
DFA state entries cumulative : 1: 6600, 2: 3380, 3: 2522, 4: 2015
transitions cumulative       : 1->2: 3380, 2->3: 2522, 3->4: 2015
accepted directly from s0    : 0
Gym endings cumulative       : terminated=4485, truncated=100

[Episode 6700/8000 | last 100]
success rate                : 88.0% (cumulative 31.4%)
failure rate                : 0.0% (cumulative 0.0%)
completed cycles / episode  : 0.000
synthetic task reward       : 8800.000
shaping reward              : 1787.856
learning reward             : 10587.856
episode length              : 354.6
abstract changes / episode  : 59.3
same abstract-state steps   : 83.3%
same-state shaping / episode: 0.000
changed-state shaping / ep. : 1787.856
terminal shaping / episode  : 88.000
DFA transitions / episode   : 2.72
DFA transitions in window   : 1->2: 94, 2->3: 90, 3->4: 88
epsilon (next episode)       : 0.06853
replay buffer                : 300000 samples [1: 47.2%, 2: 32.9%, 3: 19.9%, 4: 0.0%]
DFA state visits in window   : 1: 18805, 2: 10592, 3: 6077, 4: 88
DFA state visits cumulative  : 1: 1157765, 2: 488064, 3: 292531, 4: 2103
DFA state entries in window  : 1: 100, 2: 94, 3: 90, 4: 88
DFA state entries cumulative : 1: 6700, 2: 3474, 3: 2612, 4: 2103
transitions cumulative       : 1->2: 3474, 2->3: 2612, 3->4: 2103
accepted directly from s0    : 0
Gym endings cumulative       : terminated=4496, truncated=101

[Episode 6800/8000 | last 100]
success rate                : 83.0% (cumulative 32.1%)
failure rate                : 0.0% (cumulative 0.0%)
completed cycles / episode  : 0.000
synthetic task reward       : 8300.000
shaping reward              : 1721.969
learning reward             : 10021.969
episode length              : 323.3
abstract changes / episode  : 53.3
same abstract-state steps   : 83.5%
same-state shaping / episode: 0.000
changed-state shaping / ep. : 1721.969
terminal shaping / episode  : 83.000
DFA transitions / episode   : 2.61
DFA transitions in window   : 1->2: 89, 2->3: 89, 3->4: 83
epsilon (next episode)       : 0.06584
replay buffer                : 300000 samples [1: 47.2%, 2: 32.7%, 3: 20.1%, 4: 0.0%]
DFA state visits in window   : 1: 15951, 2: 9429, 3: 6968, 4: 83
DFA state visits cumulative  : 1: 1173716, 2: 497493, 3: 299499, 4: 2186
DFA state entries in window  : 1: 100, 2: 89, 3: 89, 4: 83
DFA state entries cumulative : 1: 6800, 2: 3563, 3: 2701, 4: 2186
transitions cumulative       : 1->2: 3563, 2->3: 2701, 3->4: 2186
accepted directly from s0    : 0
Gym endings cumulative       : terminated=4513, truncated=101

[Episode 6900/8000 | last 100]
success rate                : 89.0% (cumulative 33.0%)
failure rate                : 0.0% (cumulative 0.0%)
completed cycles / episode  : 0.000
synthetic task reward       : 8900.000
shaping reward              : 1885.540
learning reward             : 10785.540
episode length              : 308.1
abstract changes / episode  : 52.6
same abstract-state steps   : 82.9%
same-state shaping / episode: 0.000
changed-state shaping / ep. : 1885.540
terminal shaping / episode  : 88.131
DFA transitions / episode   : 2.79
DFA transitions in window   : 1->2: 96, 2->3: 94, 3->4: 89
epsilon (next episode)       : 0.06326
replay buffer                : 300000 samples [1: 47.3%, 2: 32.1%, 3: 20.6%, 4: 0.0%]
DFA state visits in window   : 1: 14678, 2: 9776, 3: 6363, 4: 89
DFA state visits cumulative  : 1: 1188394, 2: 507269, 3: 305862, 4: 2275
DFA state entries in window  : 1: 100, 2: 96, 3: 94, 4: 89
DFA state entries cumulative : 1: 6900, 2: 3659, 3: 2795, 4: 2275
transitions cumulative       : 1->2: 3659, 2->3: 2795, 3->4: 2275
accepted directly from s0    : 0
Gym endings cumulative       : terminated=4524, truncated=101

[Episode 7000/8000 | last 100]
success rate                : 71.0% (cumulative 33.5%)
failure rate                : 0.0% (cumulative 0.0%)
completed cycles / episode  : 0.000
synthetic task reward       : 7100.000
shaping reward              : 1575.188
learning reward             : 8675.188
episode length              : 320.7
abstract changes / episode  : 54.7
same abstract-state steps   : 82.9%
same-state shaping / episode: 0.000
changed-state shaping / ep. : 1575.188
terminal shaping / episode  : 71.826
DFA transitions / episode   : 2.39
DFA transitions in window   : 1->2: 90, 2->3: 78, 3->4: 71
epsilon (next episode)       : 0.06078
replay buffer                : 300000 samples [1: 47.3%, 2: 32.5%, 3: 20.2%, 4: 0.0%]
DFA state visits in window   : 1: 14760, 2: 11765, 3: 5575, 4: 71
DFA state visits cumulative  : 1: 1203154, 2: 519034, 3: 311437, 4: 2346
DFA state entries in window  : 1: 100, 2: 90, 3: 78, 4: 71
DFA state entries cumulative : 1: 7000, 2: 3749, 3: 2873, 4: 2346
transitions cumulative       : 1->2: 3749, 2->3: 2873, 3->4: 2346
accepted directly from s0    : 0
Gym endings cumulative       : terminated=4548, truncated=106

Starting autonomous greedy evaluation at episode 7000 (1000 fixed-seed episodes)...
[Greedy evaluation at episode 7000 | 1000 fixed-seed episodes]
success=10.5%, failure=0.0%, task reward=1050.000, length=855.4
DFA transitions: 1->2: 912, 2->3: 125, 3->4: 105

[Episode 7100/8000 | last 100]
success rate                : 63.0% (cumulative 33.9%)
failure rate                : 0.0% (cumulative 0.0%)
completed cycles / episode  : 0.000
synthetic task reward       : 6300.000
shaping reward              : 1546.869
learning reward             : 7846.869
episode length              : 309.5
abstract changes / episode  : 52.3
same abstract-state steps   : 83.1%
same-state shaping / episode: 0.000
changed-state shaping / ep. : 1546.869
terminal shaping / episode  : 61.263
DFA transitions / episode   : 2.28
DFA transitions in window   : 1->2: 88, 2->3: 77, 3->4: 63
epsilon (next episode)       : 0.05839
replay buffer                : 300000 samples [1: 47.8%, 2: 32.6%, 3: 19.6%, 4: 0.0%]
DFA state visits in window   : 1: 14208, 2: 11284, 3: 5499, 4: 63
DFA state visits cumulative  : 1: 1217362, 2: 530318, 3: 316936, 4: 2409
DFA state entries in window  : 1: 100, 2: 88, 3: 77, 4: 63
DFA state entries cumulative : 1: 7100, 2: 3837, 3: 2950, 4: 2409
transitions cumulative       : 1->2: 3837, 2->3: 2950, 3->4: 2409
accepted directly from s0    : 0
Gym endings cumulative       : terminated=4583, truncated=108

[Episode 7200/8000 | last 100]
success rate                : 82.0% (cumulative 34.6%)
failure rate                : 0.0% (cumulative 0.0%)
completed cycles / episode  : 0.000
synthetic task reward       : 8200.000
shaping reward              : 1753.496
learning reward             : 9953.496
episode length              : 371.4
abstract changes / episode  : 63.5
same abstract-state steps   : 82.9%
same-state shaping / episode: 0.000
changed-state shaping / ep. : 1753.496
terminal shaping / episode  : 82.818
DFA transitions / episode   : 2.63
DFA transitions in window   : 1->2: 93, 2->3: 88, 3->4: 82
epsilon (next episode)       : 0.05610
replay buffer                : 300000 samples [1: 48.3%, 2: 32.7%, 3: 19.0%, 4: 0.0%]
DFA state visits in window   : 1: 18791, 2: 12260, 3: 6102, 4: 82
DFA state visits cumulative  : 1: 1236153, 2: 542578, 3: 323038, 4: 2491
DFA state entries in window  : 1: 100, 2: 93, 3: 88, 4: 82
DFA state entries cumulative : 1: 7200, 2: 3930, 3: 3038, 4: 2491
transitions cumulative       : 1->2: 3930, 2->3: 3038, 3->4: 2491
accepted directly from s0    : 0
Gym endings cumulative       : terminated=4600, truncated=109

[Episode 7300/8000 | last 100]
success rate                : 70.0% (cumulative 35.1%)
failure rate                : 0.0% (cumulative 0.0%)
completed cycles / episode  : 0.000
synthetic task reward       : 7000.000
shaping reward              : 1589.521
learning reward             : 8589.521
episode length              : 345.1
abstract changes / episode  : 58.1
same abstract-state steps   : 83.2%
same-state shaping / episode: 0.000
changed-state shaping / ep. : 1589.521
terminal shaping / episode  : 69.010
DFA transitions / episode   : 2.41
DFA transitions in window   : 1->2: 88, 2->3: 83, 3->4: 70
epsilon (next episode)       : 0.05390
replay buffer                : 300000 samples [1: 49.9%, 2: 32.1%, 3: 18.0%, 4: 0.0%]
DFA state visits in window   : 1: 20408, 2: 8590, 3: 5545, 4: 70
DFA state visits cumulative  : 1: 1256561, 2: 551168, 3: 328583, 4: 2561
DFA state entries in window  : 1: 100, 2: 88, 3: 83, 4: 70
DFA state entries cumulative : 1: 7300, 2: 4018, 3: 3121, 4: 2561
transitions cumulative       : 1->2: 4018, 2->3: 3121, 3->4: 2561
accepted directly from s0    : 0
Gym endings cumulative       : terminated=4629, truncated=110

[Episode 7400/8000 | last 100]
success rate                : 55.0% (cumulative 35.4%)
failure rate                : 0.0% (cumulative 0.0%)
completed cycles / episode  : 0.000
synthetic task reward       : 5500.000
shaping reward              : 1303.171
learning reward             : 6803.171
episode length              : 411.4
abstract changes / episode  : 67.7
same abstract-state steps   : 83.6%
same-state shaping / episode: 0.000
changed-state shaping / ep. : 1303.171
terminal shaping / episode  : 54.010
DFA transitions / episode   : 2.09
DFA transitions in window   : 1->2: 86, 2->3: 68, 3->4: 55
epsilon (next episode)       : 0.05179
replay buffer                : 300000 samples [1: 49.4%, 2: 33.4%, 3: 17.2%, 4: 0.0%]
DFA state visits in window   : 1: 18785, 2: 17928, 3: 4474, 4: 55
DFA state visits cumulative  : 1: 1275346, 2: 569096, 3: 333057, 4: 2616
DFA state entries in window  : 1: 100, 2: 86, 3: 68, 4: 55
DFA state entries cumulative : 1: 7400, 2: 4104, 3: 3189, 4: 2616
transitions cumulative       : 1->2: 4104, 2->3: 3189, 3->4: 2616
accepted directly from s0    : 0
Gym endings cumulative       : terminated=4672, truncated=112

[Episode 7500/8000 | last 100]
success rate                : 85.0% (cumulative 36.0%)
failure rate                : 0.0% (cumulative 0.0%)
completed cycles / episode  : 0.000
synthetic task reward       : 8500.000
shaping reward              : 1899.234
learning reward             : 10399.234
episode length              : 362.8
abstract changes / episode  : 62.9
same abstract-state steps   : 82.7%
same-state shaping / episode: 0.000
changed-state shaping / ep. : 1899.234
terminal shaping / episode  : 85.000
DFA transitions / episode   : 2.79
DFA transitions in window   : 1->2: 98, 2->3: 96, 3->4: 85
epsilon (next episode)       : 0.04976
replay buffer                : 300000 samples [1: 49.5%, 2: 33.1%, 3: 17.4%, 4: 0.0%]
DFA state visits in window   : 1: 17247, 2: 11388, 3: 7656, 4: 85
DFA state visits cumulative  : 1: 1292593, 2: 580484, 3: 340713, 4: 2701
DFA state entries in window  : 1: 100, 2: 98, 3: 96, 4: 85
DFA state entries cumulative : 1: 7500, 2: 4202, 3: 3285, 4: 2701
transitions cumulative       : 1->2: 4202, 2->3: 3285, 3->4: 2701
accepted directly from s0    : 0
Gym endings cumulative       : terminated=4686, truncated=113

Starting autonomous greedy evaluation at episode 7500 (1000 fixed-seed episodes)...
[Greedy evaluation at episode 7500 | 1000 fixed-seed episodes]
success=97.4%, failure=0.0%, task reward=9740.000, length=346.0
DFA transitions: 1->2: 997, 2->3: 980, 3->4: 974

[Episode 7600/8000 | last 100]
success rate                : 79.0% (cumulative 36.6%)
failure rate                : 0.0% (cumulative 0.0%)
completed cycles / episode  : 0.000
synthetic task reward       : 7900.000
shaping reward              : 1767.342
learning reward             : 9667.342
episode length              : 327.7
abstract changes / episode  : 56.8
same abstract-state steps   : 82.7%
same-state shaping / episode: 0.000
changed-state shaping / ep. : 1767.342
terminal shaping / episode  : 79.000
DFA transitions / episode   : 2.63
DFA transitions in window   : 1->2: 96, 2->3: 88, 3->4: 79
epsilon (next episode)       : 0.04781
replay buffer                : 300000 samples [1: 48.4%, 2: 34.0%, 3: 17.6%, 4: 0.0%]
DFA state visits in window   : 1: 14265, 2: 11726, 3: 6799, 4: 79
DFA state visits cumulative  : 1: 1306858, 2: 592210, 3: 347512, 4: 2780
DFA state entries in window  : 1: 100, 2: 96, 3: 88, 4: 79
DFA state entries cumulative : 1: 7600, 2: 4298, 3: 3373, 4: 2780
transitions cumulative       : 1->2: 4298, 2->3: 3373, 3->4: 2780
accepted directly from s0    : 0
Gym endings cumulative       : terminated=4707, truncated=113

[Episode 7700/8000 | last 100]
success rate                : 70.0% (cumulative 37.0%)
failure rate                : 0.0% (cumulative 0.0%)
completed cycles / episode  : 0.000
synthetic task reward       : 7000.000
shaping reward              : 1416.917
learning reward             : 8416.917
episode length              : 331.2
abstract changes / episode  : 55.9
same abstract-state steps   : 83.1%
same-state shaping / episode: 0.000
changed-state shaping / ep. : 1416.917
terminal shaping / episode  : 69.508
DFA transitions / episode   : 2.25
DFA transitions in window   : 1->2: 81, 2->3: 74, 3->4: 70
epsilon (next episode)       : 0.04593
replay buffer                : 300000 samples [1: 48.6%, 2: 34.0%, 3: 17.4%, 4: 0.0%]
DFA state visits in window   : 1: 17291, 2: 9801, 3: 6060, 4: 70
DFA state visits cumulative  : 1: 1324149, 2: 602011, 3: 353572, 4: 2850
DFA state entries in window  : 1: 100, 2: 81, 3: 74, 4: 70
DFA state entries cumulative : 1: 7700, 2: 4379, 3: 3447, 4: 2850
transitions cumulative       : 1->2: 4379, 2->3: 3447, 3->4: 2850
accepted directly from s0    : 0
Gym endings cumulative       : terminated=4737, truncated=113

[Episode 7800/8000 | last 100]
success rate                : 81.0% (cumulative 37.6%)
failure rate                : 0.0% (cumulative 0.0%)
completed cycles / episode  : 0.000
synthetic task reward       : 8100.000
shaping reward              : 1566.189
learning reward             : 9666.189
episode length              : 318.8
abstract changes / episode  : 55.4
same abstract-state steps   : 82.6%
same-state shaping / episode: 0.000
changed-state shaping / ep. : 1566.189
terminal shaping / episode  : 81.000
DFA transitions / episode   : 2.48
DFA transitions in window   : 1->2: 84, 2->3: 83, 3->4: 81
epsilon (next episode)       : 0.04413
replay buffer                : 300000 samples [1: 49.5%, 2: 33.3%, 3: 17.2%, 4: 0.0%]
DFA state visits in window   : 1: 17963, 2: 7859, 3: 6076, 4: 81
DFA state visits cumulative  : 1: 1342112, 2: 609870, 3: 359648, 4: 2931
DFA state entries in window  : 1: 100, 2: 84, 3: 83, 4: 81
DFA state entries cumulative : 1: 7800, 2: 4463, 3: 3530, 4: 2931
transitions cumulative       : 1->2: 4463, 2->3: 3530, 3->4: 2931
accepted directly from s0    : 0
Gym endings cumulative       : terminated=4756, truncated=113

[Episode 7900/8000 | last 100]
success rate                : 85.0% (cumulative 38.2%)
failure rate                : 0.0% (cumulative 0.0%)
completed cycles / episode  : 0.000
synthetic task reward       : 8500.000
shaping reward              : 1691.927
learning reward             : 10191.927
episode length              : 299.4
abstract changes / episode  : 51.2
same abstract-state steps   : 82.9%
same-state shaping / episode: 0.000
changed-state shaping / ep. : 1691.927
terminal shaping / episode  : 85.000
DFA transitions / episode   : 2.60
DFA transitions in window   : 1->2: 88, 2->3: 87, 3->4: 85
epsilon (next episode)       : 0.04240
replay buffer                : 300000 samples [1: 51.1%, 2: 31.5%, 3: 17.4%, 4: 0.0%]
DFA state visits in window   : 1: 17052, 2: 7731, 3: 5167, 4: 85
DFA state visits cumulative  : 1: 1359164, 2: 617601, 3: 364815, 4: 3016
DFA state entries in window  : 1: 100, 2: 88, 3: 87, 4: 85
DFA state entries cumulative : 1: 7900, 2: 4551, 3: 3617, 4: 3016
transitions cumulative       : 1->2: 4551, 2->3: 3617, 3->4: 3016
accepted directly from s0    : 0
Gym endings cumulative       : terminated=4771, truncated=113

[Episode 8000/8000 | last 100]
success rate                : 80.0% (cumulative 38.7%)
failure rate                : 0.0% (cumulative 0.0%)
completed cycles / episode  : 0.000
synthetic task reward       : 8000.000
shaping reward              : 1585.299
learning reward             : 9585.299
episode length              : 293.8
abstract changes / episode  : 49.4
same abstract-state steps   : 83.2%
same-state shaping / episode: 0.000
changed-state shaping / ep. : 1585.299
terminal shaping / episode  : 79.260
DFA transitions / episode   : 2.46
DFA transitions in window   : 1->2: 84, 2->3: 82, 3->4: 80
epsilon (next episode)       : 0.04074
replay buffer                : 300000 samples [1: 51.4%, 2: 31.0%, 3: 17.6%, 4: 0.0%]
DFA state visits in window   : 1: 15787, 2: 7581, 3: 6027, 4: 80
DFA state visits cumulative  : 1: 1374951, 2: 625182, 3: 370842, 4: 3096
DFA state entries in window  : 1: 100, 2: 84, 3: 82, 4: 80
DFA state entries cumulative : 1: 8000, 2: 4635, 3: 3699, 4: 3096
transitions cumulative       : 1->2: 4635, 2->3: 3699, 3->4: 3096
accepted directly from s0    : 0
Gym endings cumulative       : terminated=4791, truncated=113

Starting autonomous greedy evaluation at episode 8000 (1000 fixed-seed episodes)...
[Greedy evaluation at episode 8000 | 1000 fixed-seed episodes]
success=81.3%, failure=0.0%, task reward=8130.000, length=266.2
DFA transitions: 1->2: 846, 2->3: 834, 3->4: 813
Last policy saved after episode 8000. Best greedy evaluation: episode 6500, mean task reward=9930.000
